atoll_s64_A	atoll	64	A	OPP	_v488beltbreak2	Core destroyed	149	0	280	710
atoll_s64_B	atoll	64	B	OPP	_v488beltbreak2	Core destroyed	252	0	430	1230
atoll_s65_A	atoll	65	A	OPP	_v488beltbreak2	Core destroyed	449	0	1270	1310
atoll_s65_B	atoll	65	B	OPP	_v488beltbreak2	Core destroyed	177	0	270	1690
atoll_s66_A	atoll	66	A	OPP	_v488beltbreak2	Core destroyed	789	0	3180	6160
atoll_s66_B	atoll	66	B	OPP	_v488beltbreak2	Titanium collected (tiebreak)	1000	0	6330	9720
drakkarfjord_s64_A	drakkarfjord	64	A	US	pinceronly	Core destroyed	88	0	330	0
drakkarfjord_s64_B	drakkarfjord	64	B	US	pinceronly	Core destroyed	153	0	330	0
drakkarfjord_s65_A	drakkarfjord	65	A	US	pinceronly	Core destroyed	106	0	410	0
drakkarfjord_s65_B	drakkarfjord	65	B	US	pinceronly	Core destroyed	98	0	320	0
drakkarfjord_s66_A	drakkarfjord	66	A	US	pinceronly	Core destroyed	121	0	500	0
drakkarfjord_s66_B	drakkarfjord	66	B	US	pinceronly	Core destroyed	101	0	280	0
glacierkeep_s64_A	glacierkeep	64	A	US	pinceronly	Core destroyed	183	0	400	0
glacierkeep_s64_B	glacierkeep	64	B	OPP	_v488beltbreak2	Titanium collected (tiebreak)	1000	0	290	1290
glacierkeep_s65_A	glacierkeep	65	A	US	pinceronly	Core destroyed	249	0	160	300
glacierkeep_s65_B	glacierkeep	65	B	OPP	_v488beltbreak2	Core destroyed	617	0	70	1510
glacierkeep_s66_A	glacierkeep	66	A	US	pinceronly	Core destroyed	165	0	170	0
glacierkeep_s66_B	glacierkeep	66	B	US	pinceronly	Harvesters (tiebreak)	1000	0	0	0
midgard_s64_A	midgard	64	A	US	pinceronly	Core destroyed	433	0	2610	770
midgard_s64_B	midgard	64	B	US	pinceronly	Core destroyed	417	0	620	730
midgard_s65_A	midgard	65	A	OPP	_v488beltbreak2	Core destroyed	245	0	650	2540
midgard_s65_B	midgard	65	B	US	pinceronly	Core destroyed	425	0	460	1030
midgard_s66_A	midgard	66	A	US	pinceronly	Core destroyed	168	0	1180	730
midgard_s66_B	midgard	66	B	OPP	_v488beltbreak2	Core destroyed	337	0	540	1560
nordkap_s64_A	nordkap	64	A	OPP	_v488beltbreak2	Core destroyed	360	0	200	1910
nordkap_s64_B	nordkap	64	B	US	pinceronly	Core destroyed	205	0	80	0
nordkap_s65_A	nordkap	65	A	US	pinceronly	Core destroyed	453	0	1120	110
nordkap_s65_B	nordkap	65	B	US	pinceronly	Core destroyed	157	0	370	130
nordkap_s66_A	nordkap	66	A	US	pinceronly	Core destroyed	908	0	1050	70
nordkap_s66_B	nordkap	66	B	US	pinceronly	Core destroyed	121	0	270	10
yulerune_s64_A	yulerune	64	A	OPP	_v488beltbreak2	Core destroyed	469	0	380	380
yulerune_s64_B	yulerune	64	B	OPP	_v488beltbreak2	Core destroyed	285	0	370	2590
yulerune_s65_A	yulerune	65	A	OPP	_v488beltbreak2	Core destroyed	175	0	290	1100
yulerune_s65_B	yulerune	65	B	OPP	_v488beltbreak2	Core destroyed	545	0	730	400
yulerune_s66_A	yulerune	66	A	US	pinceronly	Core destroyed	384	0	290	570
yulerune_s66_B	yulerune	66	B	US	pinceronly	Core destroyed	277	0	440	490
