Running match: parent vs _x3r0v161gungnir
  Map: glacierkeep.map26  Seed: 425  Replay: 
scratchpad/s51_v523_build/gung/b9/repparent/glacierkeep_s425_A.replay26  TLE: 
10ms
Completed turn 0
Completed turn 100
Completed turn 200
Completed turn 300
Completed turn 400
Completed turn 500
Completed turn 600
Completed turn 700
Completed turn 800
Completed turn 900
Replay written to 
scratchpad/s51_v523_build/gung/b9/repparent/glacierkeep_s425_A.replay26

  Winner: parent  (Harvesters (tiebreak), turn 1000)

                      parent    _x3r0v161gungnir  
  Titanium     108 (0 mined)       122 (0 mined)  
  Units                    7                   7  
  Buildings               94                  35  

