Running match: _v488beltbreak2 vs msoff
  Map: atoll.map26  Seed: 23  Replay: 
scratchpad/s51_v519_build/grid/b8/repmsoff/atoll_s23_B.replay26  TLE: 10ms
Completed turn 0
Completed turn 100
Completed turn 200
Completed turn 300
Completed turn 400
Completed turn 500
Completed turn 600
Completed turn 700
Completed turn 800
Completed turn 900
Replay written to 
scratchpad/s51_v519_build/grid/b8/repmsoff/atoll_s23_B.replay26

  Winner: msoff  (Titanium collected (tiebreak), turn 1000)

                _v488beltbreak2               msoff  
  Titanium     222 (4580 mined)    270 (4960 mined)  
  Units                      18                  16  
  Buildings                  20                  11  

