atoll_s810_A	atoll	810	A	OPP	_v488beltbreak2	Core destroyed	360	0	2310	4130
atoll_s810_B	atoll	810	B	US	iNOPHASE	Core destroyed	220	0	1580	230
atoll_s811_A	atoll	811	A	US	iNOPHASE	Core destroyed	364	0	1790	60
atoll_s811_B	atoll	811	B	US	iNOPHASE	Titanium collected (tiebreak)	1000	0	4960	2550
atoll_s812_A	atoll	812	A	OPP	_v488beltbreak2	Core destroyed	320	0	1280	2020
atoll_s812_B	atoll	812	B	OPP	_v488beltbreak2	Core destroyed	471	0	2320	4510
drakkarfjord_s810_A	drakkarfjord	810	A	US	iNOPHASE	Core destroyed	106	0	410	0
drakkarfjord_s810_B	drakkarfjord	810	B	US	iNOPHASE	Core destroyed	122	0	350	0
drakkarfjord_s811_A	drakkarfjord	811	A	US	iNOPHASE	Core destroyed	100	0	420	0
drakkarfjord_s811_B	drakkarfjord	811	B	US	iNOPHASE	Titanium collected (tiebreak)	1000	0	420	0
drakkarfjord_s812_A	drakkarfjord	812	A	US	iNOPHASE	Core destroyed	88	0	280	0
drakkarfjord_s812_B	drakkarfjord	812	B	US	iNOPHASE	Core destroyed	114	0	340	0
glacierkeep_s810_A	glacierkeep	810	A	US	iNOPHASE	Core destroyed	182	0	440	0
glacierkeep_s810_B	glacierkeep	810	B	US	iNOPHASE	Core destroyed	340	0	2380	0
glacierkeep_s811_A	glacierkeep	811	A	US	iNOPHASE	Core destroyed	129	0	130	0
glacierkeep_s811_B	glacierkeep	811	B	OPP	_v488beltbreak2	Core destroyed	893	0	0	0
glacierkeep_s812_A	glacierkeep	812	A	OPP	_v488beltbreak2	Core destroyed	206	0	450	1010
glacierkeep_s812_B	glacierkeep	812	B	OPP	_v488beltbreak2	Core destroyed	537	0	0	0
midgard_s810_A	midgard	810	A	OPP	_v488beltbreak2	Core destroyed	253	0	570	620
midgard_s810_B	midgard	810	B	US	iNOPHASE	Core destroyed	196	0	1790	660
midgard_s811_A	midgard	811	A	OPP	_v488beltbreak2	Core destroyed	143	0	720	1150
midgard_s811_B	midgard	811	B	US	iNOPHASE	Core destroyed	369	0	710	670
midgard_s812_A	midgard	812	A	OPP	_v488beltbreak2	Core destroyed	141	0	790	1050
midgard_s812_B	midgard	812	B	US	iNOPHASE	Core destroyed	265	0	590	550
nordkap_s810_A	nordkap	810	A	US	iNOPHASE	Core destroyed	493	0	140	100
nordkap_s810_B	nordkap	810	B	US	iNOPHASE	Core destroyed	141	0	110	0
nordkap_s811_A	nordkap	811	A	US	iNOPHASE	Core destroyed	157	0	370	80
nordkap_s811_B	nordkap	811	B	US	iNOPHASE	Core destroyed	168	0	400	630
nordkap_s812_A	nordkap	812	A	US	iNOPHASE	Core destroyed	164	0	560	110
nordkap_s812_B	nordkap	812	B	US	iNOPHASE	Core destroyed	221	0	120	20
yulerune_s810_A	yulerune	810	A	US	iNOPHASE	Core destroyed	228	0	2580	300
yulerune_s810_B	yulerune	810	B	US	iNOPHASE	Core destroyed	505	0	470	190
yulerune_s811_A	yulerune	811	A	US	iNOPHASE	Core destroyed	220	0	2070	280
yulerune_s811_B	yulerune	811	B	OPP	_v488beltbreak2	Core destroyed	309	0	420	630
yulerune_s812_A	yulerune	812	A	OPP	_v488beltbreak2	Core destroyed	305	0	370	450
yulerune_s812_B	yulerune	812	B	OPP	_v488beltbreak2	Core destroyed	212	0	470	760
