Running match: mGFPOOR vs _v488beltbreak2
  Map: midgard.map26  Seed: 1  Replay: 
scratchpad/s51_v519_build/mech/mGFPOOR/rep/midgard_s1_A.replay26  TLE: 10ms
Completed turn 0
Completed turn 100
Completed turn 200
Completed turn 300
Completed turn 400
Completed turn 500
Completed turn 600
Completed turn 700
Completed turn 800
Completed turn 900
Replay written to 
scratchpad/s51_v519_build/mech/mGFPOOR/rep/midgard_s1_A.replay26

  Winner: _v488beltbreak2  (Titanium collected (tiebreak), turn 1000)

                      mGFPOOR    _v488beltbreak2  
  Titanium     69 (660 mined)    87 (3110 mined)  
  Units                     4                 11  
  Buildings                45                 76  

