Running match: iLADDER vs _v488beltbreak2
  Map: atoll.map26  Seed: 526  Replay: 
scratchpad/s51_v521_build/iso/b9/repiLADDER/atoll_s526_A.replay26  TLE: 10ms
Completed turn 0
Completed turn 100
Completed turn 200
Completed turn 300
Completed turn 400
Completed turn 500
Completed turn 600
Completed turn 700
Completed turn 800
Completed turn 900
Replay written to 
scratchpad/s51_v521_build/iso/b9/repiLADDER/atoll_s526_A.replay26

  Winner: iLADDER  (Core destroyed, turn 976)

                        iLADDER    _v488beltbreak2  
  Titanium     248 (5510 mined)    62 (4650 mined)  
  Units                       6                 17  
  Buildings                  15                 23  

