Update available: 2.3.6 -> 2.3.8. Run: pip install --upgrade fcode
TIWATCH518 0 ti 500 ammo 0 scale 100 units 1 sen 30 bar 3 beat 0 hold 0
TIWATCH518 1 ti 470 ammo 0 scale 120 units 2 sen 36 bar 3 beat 0 hold 0
TIWATCH518 2 ti 406 ammo 0 scale 150 units 4 sen 45 bar 4 beat 0 hold 0
TIWATCH518 3 ti 327 ammo 0 scale 165 units 4 sen 49 bar 4 beat 0 hold 0
TIWATCH518 4 ti 294 ammo 0 scale 177 units 5 sen 53 bar 5 beat 0 hold 0
TIWATCH518 5 ti 294 ammo 0 scale 167 units 4 sen 50 bar 5 beat 0 hold 0
GATE515 5 salt 0 eco 0 orth 8 floor 30
GAP518 5 id 4 code GATE live 0 salt 0 eco 0 ti 294 sen 50 bar 5 need 9 orth 8 floor 30
GATE515 5 salt 0 eco 0 orth 8 floor 30
GATE515 5 salt 0 eco 0 orth 8 floor 30
TIWATCH518 6 ti 304 ammo 0 scale 167 units 4 sen 50 bar 5 beat 0 hold 0
GATE515 6 salt 0 eco 0 orth 8 floor 30
GAP518 6 id 4 code GATE live 0 salt 0 eco 0 ti 254 sen 56 bar 5 need 9 orth 8 floor 30
GATE515 6 salt 0 eco 0 orth 8 floor 30
TIWATCH518 7 ti 217 ammo 0 scale 197 units 6 sen 59 bar 5 beat 0 hold 0
GATE515 7 salt 0 eco 0 orth 8 floor 30
GAP518 7 id 4 code GATE live 0 salt 0 eco 0 ti 158 sen 65 bar 6 need 9 orth 8 floor 30
GATE515 7 salt 0 eco 0 orth 8 floor 30
GATE515 7 salt 0 eco 0 orth 8 floor 30
TIWATCH518 8 ti 168 ammo 0 scale 217 units 7 sen 65 bar 6 beat 0 hold 0
GATE515 8 salt 0 eco 0 orth 8 floor 30
GAP518 8 id 4 code GATE live 0 salt 0 eco 0 ti 168 sen 65 bar 6 need 9 orth 8 floor 30
GATE515 8 salt 0 eco 0 orth 8 floor 30
TIWATCH518 9 ti 119 ammo 0 scale 223 units 7 sen 66 bar 6 beat 0 hold 0
TICONV518 9 amt 16 floor 52
GATE515 9 salt 0 eco 0 orth 7 floor 30
GAP518 9 id 4 code GATE live 0 salt 0 eco 0 ti 103 sen 66 bar 6 need 8 orth 7 floor 30
GATE515 9 salt 0 eco 0 orth 7 floor 30
GATE515 9 salt 0 eco 0 orth 7 floor 30
TIWATCH518 10 ti 107 ammo 16 scale 224 units 7 sen 67 bar 6 beat 0 hold 0
GAP518 10 id 4 code DODGE live -1 salt -1 eco -1 ti -1 sen -1 bar -1 need -1 orth -1 floor 30
TIWATCH518 11 ti 107 ammo 16 scale 224 units 7 sen 67 bar 6 beat 0 hold 0
GATE515 11 salt 0 eco 0 orth 7 floor 30
GAP518 11 id 4 code GATE live 0 salt 0 eco 0 ti 107 sen 67 bar 6 need 8 orth 7 floor 30
GATE515 11 salt 0 eco 0 orth 7 floor 30
GATE515 11 salt 0 eco 0 orth 7 floor 30
TIWATCH518 12 ti 111 ammo 16 scale 225 units 7 sen 67 bar 6 beat 0 hold 0
GATE515 12 salt 0 eco 0 orth 7 floor 30
GAP518 12 id 4 code GATE live 0 salt 0 eco 0 ti 111 sen 67 bar 6 need 8 orth 7 floor 30
GATE515 12 salt 0 eco 0 orth 7 floor 30
GATE515 12 salt 0 eco 0 orth 7 floor 30
TIWATCH518 13 ti 111 ammo 16 scale 224 units 7 sen 67 bar 6 beat 0 hold 0
GATE515 13 salt 0 eco 0 orth 8 floor 30
GAP518 13 id 4 code GATE live 0 salt 0 eco 0 ti 111 sen 67 bar 6 need 9 orth 8 floor 30
GATE515 13 salt 0 eco 0 orth 8 floor 30
TIWATCH518 14 ti 125 ammo 16 scale 225 units 7 sen 67 bar 6 beat 0 hold 0
GATE515 14 salt 0 eco 0 orth 8 floor 30
GAP518 14 id 4 code GATE live 0 salt 0 eco 0 ti 125 sen 67 bar 6 need 8 orth 8 floor 30
GATE515 14 salt 0 eco 0 orth 8 floor 30
GATE515 14 salt 0 eco 0 orth 8 floor 30
TIWATCH518 15 ti 125 ammo 16 scale 225 units 7 sen 67 bar 6 beat 0 hold 0
GATE515 15 salt 0 eco 0 orth 8 floor 30
GAP518 15 id 4 code GATE live 0 salt 0 eco 0 ti 125 sen 67 bar 6 need 8 orth 8 floor 30
GATE515 15 salt 0 eco 0 orth 8 floor 30
TIWATCH518 16 ti 129 ammo 16 scale 226 units 7 sen 67 bar 6 beat 0 hold 0
GATE515 16 salt 0 eco 0 orth 7 floor 30
GAP518 16 id 4 code GATE live 0 salt 0 eco 0 ti 129 sen 67 bar 6 need 7 orth 7 floor 30
GATE515 16 salt 0 eco 0 orth 7 floor 30
GATE515 16 salt 0 eco 0 orth 7 floor 30
TIWATCH518 17 ti 129 ammo 16 scale 226 units 7 sen 67 bar 6 beat 0 hold 0
GATE515 17 salt 0 eco 0 orth 7 floor 30
GAP518 17 id 4 code GATE live 0 salt 0 eco 0 ti 129 sen 67 bar 6 need 7 orth 7 floor 30
GATE515 17 salt 0 eco 0 orth 7 floor 30
GATE515 17 salt 0 eco 0 orth 7 floor 30
TIWATCH518 18 ti 149 ammo 16 scale 226 units 7 sen 67 bar 6 beat 0 hold 0
GATE515 18 salt 0 eco 0 orth 7 floor 30
GAP518 18 id 4 code GATE live 0 salt 0 eco 0 ti 149 sen 67 bar 6 need 7 orth 7 floor 30
GATE515 18 salt 0 eco 0 orth 7 floor 30
GATE515 18 salt 0 eco 0 orth 7 floor 30
TIWATCH518 19 ti 149 ammo 16 scale 226 units 7 sen 67 bar 6 beat 0 hold 0
GATE515 19 salt 0 eco 0 orth 7 floor 30
GAP518 19 id 4 code GATE live 0 salt 0 eco 0 ti 149 sen 67 bar 6 need 7 orth 7 floor 30
GATE515 19 salt 0 eco 0 orth 7 floor 30
GATE515 19 salt 0 eco 0 orth 7 floor 30
TIWATCH518 20 ti 159 ammo 16 scale 226 units 7 sen 67 bar 6 beat 0 hold 0
TICONV518 20 amt 8 floor 12
GATE515 20 salt 0 eco 0 orth 7 floor 30
GAP518 20 id 4 code GATE live 0 salt 0 eco 0 ti 151 sen 67 bar 6 need 7 orth 7 floor 30
GATE515 20 salt 0 eco 0 orth 7 floor 30
TIWATCH518 21 ti 145 ammo 24 scale 227 units 7 sen 68 bar 6 beat 0 hold 0
GATE515 21 salt 0 eco 0 orth 6 floor 30
GAP518 21 id 4 code GATE live 0 salt 0 eco 0 ti 145 sen 68 bar 6 need 6 orth 6 floor 30
GATE515 21 salt 0 eco 0 orth 6 floor 30
GATE515 21 salt 0 eco 0 orth 6 floor 30
TIWATCH518 22 ti 97 ammo 24 scale 247 units 8 sen 74 bar 7 beat 0 hold 0
GATE515 22 salt 0 eco 0 orth 6 floor 30
GAP518 22 id 4 code GATE live 0 salt 0 eco 0 ti 97 sen 74 bar 7 need 6 orth 6 floor 30
GATE515 22 salt 0 eco 0 orth 6 floor 30
TIWATCH518 23 ti 95 ammo 24 scale 247 units 8 sen 74 bar 7 beat 0 hold 0
GATE515 23 salt 0 eco 0 orth 6 floor 30
GAP518 23 id 4 code GATE live 0 salt 0 eco 0 ti 95 sen 74 bar 7 need 6 orth 6 floor 30
GATE515 23 salt 0 eco 0 orth 6 floor 30
TIWATCH518 24 ti 103 ammo 24 scale 247 units 8 sen 74 bar 7 beat 0 hold 0
GATE515 24 salt 0 eco 0 orth 6 floor 30
GAP518 24 id 4 code GATE live 0 salt 0 eco 0 ti 103 sen 74 bar 7 need 6 orth 6 floor 30
GATE515 24 salt 0 eco 0 orth 6 floor 30
TIWATCH518 25 ti 101 ammo 24 scale 247 units 8 sen 74 bar 7 beat 0 hold 0
GATE515 25 salt 0 eco 0 orth 6 floor 30
GAP518 25 id 4 code GATE live 0 salt 0 eco 0 ti 101 sen 74 bar 7 need 6 orth 6 floor 30
GATE515 25 salt 0 eco 0 orth 6 floor 30
TIWATCH518 26 ti 119 ammo 24 scale 247 units 8 sen 74 bar 7 beat 0 hold 0
GATE515 26 salt 0 eco 0 orth 6 floor 30
GAP518 26 id 4 code GATE live 0 salt 0 eco 0 ti 119 sen 74 bar 7 need 6 orth 6 floor 30
GATE515 26 salt 0 eco 0 orth 6 floor 30
TIWATCH518 27 ti 68 ammo 24 scale 252 units 8 sen 75 bar 7 beat 0 hold 0
GATE515 27 salt 0 eco 0 orth 6 floor 30
GAP518 27 id 4 code GATE live 0 salt 0 eco 0 ti 68 sen 75 bar 7 need 6 orth 6 floor 30
GATE515 27 salt 0 eco 0 orth 6 floor 30
TIWATCH518 28 ti 69 ammo 24 scale 253 units 8 sen 75 bar 7 beat 0 hold 0
GATE515 28 salt 0 eco 0 orth 6 floor 30
GAP518 28 id 4 code GATE live 0 salt 0 eco 0 ti 69 sen 75 bar 7 need 6 orth 6 floor 30
GATE515 28 salt 0 eco 0 orth 6 floor 30
TIWATCH518 29 ti 67 ammo 24 scale 253 units 8 sen 75 bar 7 beat 0 hold 0
GAP518 29 id 4 code DODGE live -1 salt -1 eco -1 ti -1 sen -1 bar -1 need -1 orth -1 floor 30
TIWATCH518 30 ti 80 ammo 24 scale 254 units 8 sen 76 bar 7 beat 0 hold 0
GATE515 30 salt 0 eco 1 orth 6 floor 30
GAP518 30 id 4 code FUND live 0 salt 0 eco 1 ti 80 sen 76 bar 7 need 6 orth 6 floor 30
GATE515 30 salt 0 eco 1 orth 6 floor 30
GATE515 30 salt 0 eco 1 orth 6 floor 30
TIWATCH518 31 ti 73 ammo 14 scale 255 units 8 sen 76 bar 7 beat 0 hold 0
TICONV518 31 amt 10 floor 12
GATE515 31 salt 0 eco 1 orth 6 floor 30
GAP518 31 id 4 code FUND live 0 salt 0 eco 1 ti 63 sen 76 bar 7 need 6 orth 6 floor 30
GATE515 31 salt 0 eco 1 orth 6 floor 30
TIWATCH518 32 ti 66 ammo 24 scale 256 units 8 sen 76 bar 7 beat 0 hold 0
GATE515 32 salt 0 eco 1 orth 5 floor 30
GAP518 32 id 4 code FUND live 0 salt 0 eco 1 ti 66 sen 76 bar 7 need 5 orth 5 floor 30
GATE515 32 salt 0 eco 1 orth 5 floor 30
TIWATCH518 33 ti 57 ammo 24 scale 257 units 8 sen 77 bar 7 beat 0 hold 0
GATE515 33 salt 0 eco 1 orth 5 floor 30
GAP518 33 id 4 code FUND live 0 salt 0 eco 1 ti 57 sen 77 bar 7 need 5 orth 5 floor 30
GATE515 33 salt 0 eco 1 orth 5 floor 30
TIWATCH518 34 ti 75 ammo 24 scale 257 units 8 sen 77 bar 7 beat 0 hold 0
GATE515 34 salt 0 eco 1 orth 5 floor 30
GAP518 34 id 4 code FUND live 0 salt 0 eco 1 ti 75 sen 77 bar 7 need 5 orth 5 floor 30
GATE515 34 salt 0 eco 1 orth 5 floor 30
TIWATCH518 35 ti 66 ammo 24 scale 258 units 8 sen 77 bar 7 beat 0 hold 0
GATE515 35 salt 0 eco 1 orth 5 floor 30
GAP518 35 id 4 code FUND live 0 salt 0 eco 1 ti 66 sen 77 bar 7 need 5 orth 5 floor 30
GATE515 35 salt 0 eco 1 orth 5 floor 30
TIWATCH518 36 ti 69 ammo 24 scale 259 units 8 sen 77 bar 7 beat 0 hold 0
GATE515 36 salt 0 eco 1 orth 4 floor 30
GAP518 36 id 4 code FUND live 0 salt 0 eco 1 ti 69 sen 77 bar 7 need 4 orth 4 floor 30
GATE515 36 salt 0 eco 1 orth 4 floor 30
GATE515 36 salt 0 eco 1 orth 4 floor 30
TIWATCH518 37 ti 62 ammo 24 scale 259 units 8 sen 77 bar 7 beat 0 hold 0
GATE515 37 salt 0 eco 1 orth 5 floor 30
GAP518 37 id 4 code FUND live 0 salt 0 eco 1 ti 62 sen 77 bar 7 need 5 orth 5 floor 30
GATE515 37 salt 0 eco 1 orth 5 floor 30
GATE515 37 salt 0 eco 1 orth 5 floor 30
TIWATCH518 38 ti 82 ammo 24 scale 259 units 8 sen 77 bar 7 beat 0 hold 0
GATE515 38 salt 0 eco 1 orth 5 floor 30
GAP518 38 id 4 code FUND live 0 salt 0 eco 1 ti 82 sen 77 bar 7 need 5 orth 5 floor 30
GATE515 38 salt 0 eco 1 orth 5 floor 30
GATE515 38 salt 0 eco 1 orth 5 floor 30
TIWATCH518 39 ti 75 ammo 24 scale 260 units 8 sen 78 bar 7 beat 0 hold 0
GATE515 39 salt 0 eco 1 orth 5 floor 30
GAP518 39 id 4 code FUND live 0 salt 0 eco 1 ti 75 sen 78 bar 7 need 5 orth 5 floor 30
GATE515 39 salt 0 eco 1 orth 5 floor 30
GATE515 39 salt 0 eco 1 orth 5 floor 30
TIWATCH518 40 ti 85 ammo 24 scale 260 units 8 sen 78 bar 7 beat 0 hold 0
GATE515 40 salt 0 eco 1 orth 5 floor 30
GAP518 40 id 4 code FUND live 0 salt 0 eco 1 ti 85 sen 78 bar 7 need 5 orth 5 floor 30
GATE515 40 salt 0 eco 1 orth 5 floor 30
GATE515 40 salt 0 eco 1 orth 5 floor 30
TIWATCH518 41 ti 0 ammo 24 scale 281 units 9 sen 84 bar 8 beat 0 hold 0
GATE515 41 salt 0 eco 1 orth 5 floor 30
GAP518 41 id 4 code FUND live 0 salt 0 eco 1 ti 0 sen 84 bar 8 need 5 orth 5 floor 30
GATE515 41 salt 0 eco 1 orth 5 floor 30
GATE515 41 salt 0 eco 1 orth 5 floor 30
TIWATCH518 42 ti 20 ammo 24 scale 281 units 9 sen 84 bar 8 beat 0 hold 0
GATE515 42 salt 0 eco 1 orth 5 floor 30
GAP518 42 id 4 code FUND live 0 salt 0 eco 1 ti 20 sen 84 bar 8 need 5 orth 5 floor 30
GATE515 42 salt 0 eco 1 orth 5 floor 30
GATE515 42 salt 0 eco 1 orth 5 floor 30
TIWATCH518 43 ti 12 ammo 24 scale 282 units 9 sen 84 bar 8 beat 0 hold 0
GATE515 43 salt 0 eco 1 orth 5 floor 30
GAP518 43 id 4 code FUND live 0 salt 0 eco 1 ti 12 sen 84 bar 8 need 5 orth 5 floor 30
GATE515 43 salt 0 eco 1 orth 5 floor 30
GATE515 43 salt 0 eco 1 orth 5 floor 30
TIWATCH518 44 ti 22 ammo 24 scale 282 units 9 sen 84 bar 8 beat 0 hold 0
GATE515 44 salt 0 eco 1 orth 5 floor 30
GAP518 44 id 4 code FUND live 0 salt 0 eco 1 ti 22 sen 84 bar 8 need 5 orth 5 floor 30
GATE515 44 salt 0 eco 1 orth 5 floor 30
GATE515 44 salt 0 eco 1 orth 5 floor 30
TIWATCH518 45 ti 22 ammo 24 scale 281 units 9 sen 84 bar 8 beat 0 hold 0
GATE515 45 salt 0 eco 1 orth 5 floor 30
GAP518 45 id 4 code FUND live 0 salt 0 eco 1 ti 22 sen 84 bar 8 need 6 orth 5 floor 30
GATE515 45 salt 0 eco 1 orth 5 floor 30
GATE515 45 salt 0 eco 1 orth 5 floor 30
TIWATCH518 46 ti 42 ammo 24 scale 281 units 9 sen 84 bar 8 beat 0 hold 0
GATE515 46 salt 0 eco 1 orth 5 floor 30
GAP518 46 id 4 code FUND live 0 salt 0 eco 1 ti 42 sen 84 bar 8 need 6 orth 5 floor 30
GATE515 46 salt 0 eco 1 orth 5 floor 30
GATE515 46 salt 0 eco 1 orth 5 floor 30
TIWATCH518 47 ti 42 ammo 24 scale 281 units 9 sen 84 bar 8 beat 0 hold 0
GATE515 47 salt 0 eco 1 orth 5 floor 30
GAP518 47 id 4 code FUND live 0 salt 0 eco 1 ti 42 sen 84 bar 8 need 6 orth 5 floor 30
GATE515 47 salt 0 eco 1 orth 5 floor 30
GATE515 47 salt 0 eco 1 orth 5 floor 30
TIWATCH518 48 ti 52 ammo 24 scale 281 units 9 sen 84 bar 8 beat 0 hold 0
GATE515 48 salt 0 eco 1 orth 5 floor 30
GAP518 48 id 4 code FUND live 0 salt 0 eco 1 ti 52 sen 84 bar 8 need 6 orth 5 floor 30
GATE515 48 salt 0 eco 1 orth 5 floor 30
GATE515 48 salt 0 eco 1 orth 5 floor 30
TIWATCH518 49 ti 52 ammo 24 scale 281 units 9 sen 84 bar 8 beat 0 hold 0
GATE515 49 salt 0 eco 1 orth 5 floor 30
GAP518 49 id 4 code FUND live 0 salt 0 eco 1 ti 52 sen 84 bar 8 need 6 orth 5 floor 30
GATE515 49 salt 0 eco 1 orth 5 floor 30
GATE515 49 salt 0 eco 1 orth 5 floor 30
TIWATCH518 50 ti 72 ammo 24 scale 281 units 9 sen 84 bar 8 beat 0 hold 0
GATE515 50 salt 0 eco 1 orth 5 floor 30
GAP518 50 id 4 code FUND live 0 salt 0 eco 1 ti 72 sen 84 bar 8 need 6 orth 5 floor 30
GATE515 50 salt 0 eco 1 orth 5 floor 30
GATE515 50 salt 0 eco 1 orth 5 floor 30
TIWATCH518 51 ti 72 ammo 24 scale 281 units 9 sen 84 bar 8 beat 0 hold 0
GATE515 51 salt 0 eco 1 orth 5 floor 30
GAP518 51 id 4 code FUND live 0 salt 0 eco 1 ti 72 sen 84 bar 8 need 6 orth 5 floor 30
GATE515 51 salt 0 eco 1 orth 5 floor 30
GATE515 51 salt 0 eco 1 orth 5 floor 30
TIWATCH518 52 ti 82 ammo 24 scale 281 units 9 sen 84 bar 8 beat 0 hold 0
GATE515 52 salt 0 eco 1 orth 5 floor 30
GAP518 52 id 4 code FUND live 0 salt 0 eco 1 ti 82 sen 84 bar 8 need 6 orth 5 floor 30
GATE515 52 salt 0 eco 1 orth 5 floor 30
GATE515 52 salt 0 eco 1 orth 5 floor 30
TIWATCH518 53 ti 82 ammo 24 scale 281 units 9 sen 84 bar 8 beat 0 hold 0
GATE515 53 salt 0 eco 1 orth 5 floor 30
GAP518 53 id 4 code FUND live 0 salt 0 eco 1 ti 82 sen 84 bar 8 need 6 orth 5 floor 30
GATE515 53 salt 0 eco 1 orth 5 floor 30
GATE515 53 salt 0 eco 1 orth 5 floor 30
TIWATCH518 54 ti 102 ammo 24 scale 280 units 9 sen 84 bar 8 beat 0 hold 0
GATE515 54 salt 0 eco 1 orth 6 floor 30
GAP518 54 id 4 code FUND live 0 salt 0 eco 1 ti 102 sen 84 bar 8 need 7 orth 6 floor 30
GATE515 54 salt 0 eco 1 orth 6 floor 30
GATE515 54 salt 0 eco 1 orth 6 floor 30
TIWATCH518 55 ti 46 ammo 24 scale 300 units 10 sen 90 bar 9 beat 0 hold 0
GATE515 55 salt 0 eco 1 orth 6 floor 30
GAP518 55 id 4 code FUND live 0 salt 0 eco 1 ti 46 sen 90 bar 9 need 7 orth 6 floor 30
GATE515 55 salt 0 eco 1 orth 6 floor 30
GATE515 55 salt 0 eco 1 orth 6 floor 30
TIWATCH518 56 ti 56 ammo 20 scale 300 units 10 sen 90 bar 9 beat 0 hold 0
TICONV518 56 amt 4 floor 12
GATE515 56 salt 0 eco 1 orth 6 floor 30
GAP518 56 id 4 code FUND live 0 salt 0 eco 1 ti 52 sen 89 bar 8 need 7 orth 6 floor 30
GATE515 56 salt 0 eco 1 orth 6 floor 30
GATE515 56 salt 0 eco 1 orth 6 floor 30
TIWATCH518 57 ti 52 ammo 20 scale 298 units 10 sen 89 bar 8 beat 0 hold 0
TICONV518 57 amt 4 floor 12
GATE515 57 salt 0 eco 1 orth 6 floor 30
GAP518 57 id 4 code FUND live 0 salt 0 eco 1 ti 48 sen 89 bar 8 need 7 orth 6 floor 30
GATE515 57 salt 0 eco 1 orth 6 floor 30
GATE515 57 salt 0 eco 1 orth 6 floor 30
TIWATCH518 58 ti 48 ammo 20 scale 298 units 10 sen 89 bar 8 beat 0 hold 0
TICONV518 58 amt 4 floor 12
GATE515 58 salt 0 eco 1 orth 6 floor 30
GAP518 58 id 4 code FUND live 0 salt 0 eco 1 ti 44 sen 89 bar 8 need 7 orth 6 floor 30
GATE515 58 salt 0 eco 1 orth 6 floor 30
GATE515 58 salt 0 eco 1 orth 6 floor 30
TIWATCH518 59 ti 34 ammo 24 scale 298 units 10 sen 89 bar 8 beat 0 hold 0
GATE515 59 salt 0 eco 1 orth 6 floor 30
GAP518 59 id 4 code FUND live 0 salt 0 eco 1 ti 34 sen 89 bar 8 need 7 orth 6 floor 30
GATE515 59 salt 0 eco 1 orth 6 floor 30
GATE515 59 salt 0 eco 1 orth 6 floor 30
TIWATCH518 60 ti 44 ammo 20 scale 298 units 10 sen 89 bar 8 beat 0 hold 0
TICONV518 60 amt 4 floor 12
GATE515 60 salt 0 eco 1 orth 6 floor 30
GAP518 60 id 4 code FUND live 0 salt 0 eco 1 ti 40 sen 89 bar 8 need 7 orth 6 floor 30
GATE515 60 salt 0 eco 1 orth 6 floor 30
GATE515 60 salt 0 eco 1 orth 6 floor 30
TIWATCH518 61 ti 40 ammo 20 scale 298 units 10 sen 89 bar 8 beat 0 hold 0
TICONV518 61 amt 4 floor 12
GATE515 61 salt 0 eco 1 orth 6 floor 30
GAP518 61 id 4 code FUND live 0 salt 0 eco 1 ti 36 sen 89 bar 8 need 7 orth 6 floor 30
GATE515 61 salt 0 eco 1 orth 6 floor 30
GATE515 61 salt 0 eco 1 orth 6 floor 30
TIWATCH518 62 ti 36 ammo 20 scale 298 units 10 sen 89 bar 8 beat 0 hold 0
TICONV518 62 amt 4 floor 12
GATE515 62 salt 0 eco 1 orth 6 floor 30
GAP518 62 id 4 code FUND live 0 salt 0 eco 1 ti 32 sen 89 bar 8 need 7 orth 6 floor 30
GATE515 62 salt 0 eco 1 orth 6 floor 30
GATE515 62 salt 0 eco 1 orth 6 floor 30
TIWATCH518 63 ti 32 ammo 20 scale 298 units 10 sen 89 bar 8 beat 0 hold 0
TICONV518 63 amt 4 floor 12
GATE515 63 salt 0 eco 1 orth 6 floor 30
GAP518 63 id 4 code FUND live 0 salt 0 eco 1 ti 28 sen 89 bar 8 need 7 orth 6 floor 30
GATE515 63 salt 0 eco 1 orth 6 floor 30
GATE515 63 salt 0 eco 1 orth 6 floor 30
TIWATCH518 64 ti 38 ammo 10 scale 298 units 10 sen 89 bar 8 beat 0 hold 0
TICONV518 64 amt 14 floor 12
GATE515 64 salt 0 eco 1 orth 6 floor 30
GAP518 64 id 4 code FUND live 0 salt 0 eco 1 ti 24 sen 89 bar 8 need 7 orth 6 floor 30
GATE515 64 salt 0 eco 1 orth 6 floor 30
GATE515 64 salt 0 eco 1 orth 6 floor 30
TIWATCH518 65 ti 24 ammo 20 scale 298 units 10 sen 89 bar 8 beat 0 hold 0
TICONV518 65 amt 4 floor 12
GATE515 65 salt 0 eco 1 orth 6 floor 30
GAP518 65 id 4 code FUND live 0 salt 0 eco 1 ti 20 sen 89 bar 8 need 7 orth 6 floor 30
GATE515 65 salt 0 eco 1 orth 6 floor 30
GATE515 65 salt 0 eco 1 orth 6 floor 30
TIWATCH518 66 ti 12 ammo 24 scale 299 units 10 sen 89 bar 8 beat 0 hold 0
GATE515 66 salt 0 eco 1 orth 5 floor 30
GAP518 66 id 4 code FUND live 0 salt 0 eco 1 ti 12 sen 89 bar 8 need 6 orth 5 floor 30
GATE515 66 salt 0 eco 1 orth 5 floor 30
GATE515 66 salt 0 eco 1 orth 5 floor 30
TIWATCH518 67 ti 12 ammo 10 scale 299 units 10 sen 89 bar 8 beat 0 hold 0
GATE515 67 salt 0 eco 1 orth 5 floor 30
GAP518 67 id 4 code FUND live 0 salt 0 eco 1 ti 12 sen 89 bar 8 need 6 orth 5 floor 30
GATE515 67 salt 0 eco 1 orth 5 floor 30
GATE515 67 salt 0 eco 1 orth 5 floor 30
TIWATCH518 68 ti 22 ammo 10 scale 299 units 10 sen 89 bar 8 beat 0 hold 0
TICONV518 68 amt 10 floor 12
GATE515 68 salt 0 eco 1 orth 5 floor 30
GAP518 68 id 4 code FUND live 0 salt 0 eco 1 ti 12 sen 89 bar 8 need 6 orth 5 floor 30
GATE515 68 salt 0 eco 1 orth 5 floor 30
GATE515 68 salt 0 eco 1 orth 5 floor 30
TIWATCH518 69 ti 12 ammo 10 scale 299 units 10 sen 89 bar 8 beat 0 hold 0
GATE515 69 salt 0 eco 1 orth 5 floor 30
GAP518 69 id 4 code FUND live 0 salt 0 eco 1 ti 12 sen 89 bar 8 need 5 orth 5 floor 30
GATE515 69 salt 0 eco 1 orth 5 floor 30
GATE515 69 salt 0 eco 1 orth 5 floor 30
TIWATCH518 70 ti 4 ammo 10 scale 300 units 10 sen 90 bar 9 beat 0 hold 0
GATE515 70 salt 0 eco 1 orth 4 floor 30
GAP518 70 id 4 code FUND live 0 salt 0 eco 1 ti 4 sen 90 bar 9 need 4 orth 4 floor 30
GATE515 70 salt 0 eco 1 orth 4 floor 30
GATE515 70 salt 0 eco 1 orth 4 floor 30
TIWATCH518 71 ti 4 ammo 10 scale 300 units 10 sen 90 bar 9 beat 0 hold 0
GATE515 71 salt 0 eco 1 orth 4 floor 30
GAP518 71 id 4 code FUND live 0 salt 0 eco 1 ti 4 sen 90 bar 9 need 5 orth 4 floor 30
GATE515 71 salt 0 eco 1 orth 4 floor 30
GATE515 71 salt 0 eco 1 orth 4 floor 30
TIWATCH518 72 ti 14 ammo 10 scale 300 units 10 sen 90 bar 9 beat 0 hold 0
GATE515 72 salt 0 eco 1 orth 4 floor 30
GAP518 72 id 4 code FUND live 0 salt 0 eco 1 ti 14 sen 90 bar 9 need 4 orth 4 floor 30
GATE515 72 salt 0 eco 1 orth 4 floor 30
GATE515 72 salt 0 eco 1 orth 4 floor 30
TIWATCH518 73 ti 13 ammo 10 scale 300 units 10 sen 90 bar 9 beat 0 hold 0
GATE515 73 salt 0 eco 1 orth 4 floor 30
GAP518 73 id 4 code FUND live 0 salt 0 eco 1 ti 13 sen 90 bar 9 need 4 orth 4 floor 30
GATE515 73 salt 0 eco 1 orth 4 floor 30
GATE515 73 salt 0 eco 1 orth 4 floor 30
TIWATCH518 74 ti 12 ammo 10 scale 300 units 10 sen 90 bar 9 beat 0 hold 0
GATE515 74 salt 0 eco 1 orth 4 floor 30
GAP518 74 id 4 code FUND live 0 salt 0 eco 1 ti 12 sen 90 bar 9 need 4 orth 4 floor 30
GATE515 74 salt 0 eco 1 orth 4 floor 30
GATE515 74 salt 0 eco 1 orth 4 floor 30
TIWATCH518 75 ti 11 ammo 10 scale 300 units 10 sen 90 bar 9 beat 0 hold 0
GATE515 75 salt 0 eco 1 orth 4 floor 30
GAP518 75 id 4 code FUND live 0 salt 0 eco 1 ti 11 sen 90 bar 9 need 4 orth 4 floor 30
GATE515 75 salt 0 eco 1 orth 4 floor 30
GATE515 75 salt 0 eco 1 orth 4 floor 30
TIWATCH518 76 ti 20 ammo 10 scale 300 units 10 sen 90 bar 9 beat 0 hold 0
TICONV518 76 amt 8 floor 12
GATE515 76 salt 0 eco 1 orth 4 floor 30
GAP518 76 id 4 code FUND live 0 salt 0 eco 1 ti 12 sen 90 bar 9 need 4 orth 4 floor 30
GATE515 76 salt 0 eco 1 orth 4 floor 30
GATE515 76 salt 0 eco 1 orth 4 floor 30
TIWATCH518 77 ti 11 ammo 18 scale 300 units 10 sen 90 bar 9 beat 0 hold 0
GATE515 77 salt 0 eco 1 orth 4 floor 30
GAP518 77 id 4 code FUND live 0 salt 0 eco 1 ti 11 sen 90 bar 9 need 4 orth 4 floor 30
GATE515 77 salt 0 eco 1 orth 4 floor 30
GATE515 77 salt 0 eco 1 orth 4 floor 30
TIWATCH518 78 ti 10 ammo 18 scale 299 units 10 sen 89 bar 8 beat 0 hold 0
GATE515 78 salt 0 eco 1 orth 5 floor 30
GAP518 78 id 4 code FUND live 0 salt 0 eco 1 ti 10 sen 89 bar 8 need 5 orth 5 floor 30
GATE515 78 salt 0 eco 1 orth 5 floor 30
GATE515 78 salt 0 eco 1 orth 5 floor 30
TIWATCH518 79 ti 2 ammo 18 scale 300 units 10 sen 90 bar 9 beat 0 hold 0
GATE515 79 salt 0 eco 1 orth 4 floor 30
GAP518 79 id 4 code FUND live 0 salt 0 eco 1 ti 2 sen 90 bar 9 need 4 orth 4 floor 30
GATE515 79 salt 0 eco 1 orth 4 floor 30
GATE515 79 salt 0 eco 1 orth 4 floor 30
TIWATCH518 80 ti 11 ammo 18 scale 300 units 10 sen 90 bar 9 beat 0 hold 0
GATE515 80 salt 0 eco 1 orth 4 floor 30
GAP518 80 id 4 code FUND live 0 salt 0 eco 1 ti 11 sen 90 bar 9 need 4 orth 4 floor 30
GATE515 80 salt 0 eco 1 orth 4 floor 30
GATE515 80 salt 0 eco 1 orth 4 floor 30
TIWATCH518 81 ti 10 ammo 18 scale 300 units 10 sen 90 bar 9 beat 0 hold 0
GATE515 81 salt 0 eco 1 orth 4 floor 30
GAP518 81 id 4 code FUND live 0 salt 0 eco 1 ti 10 sen 90 bar 9 need 4 orth 4 floor 30
GATE515 81 salt 0 eco 1 orth 4 floor 30
GATE515 81 salt 0 eco 1 orth 4 floor 30
TIWATCH518 82 ti 9 ammo 18 scale 300 units 10 sen 90 bar 9 beat 0 hold 0
GATE515 82 salt 0 eco 1 orth 4 floor 30
GAP518 82 id 4 code FUND live 0 salt 0 eco 1 ti 9 sen 90 bar 9 need 4 orth 4 floor 30
GATE515 82 salt 0 eco 1 orth 4 floor 30
GATE515 82 salt 0 eco 1 orth 4 floor 30
TIWATCH518 83 ti 8 ammo 18 scale 300 units 10 sen 90 bar 9 beat 0 hold 0
GATE515 83 salt 0 eco 1 orth 4 floor 30
GAP518 83 id 4 code FUND live 0 salt 0 eco 1 ti 8 sen 90 bar 9 need 4 orth 4 floor 30
GATE515 83 salt 0 eco 1 orth 4 floor 30
GATE515 83 salt 0 eco 1 orth 4 floor 30
TIWATCH518 84 ti 17 ammo 18 scale 300 units 10 sen 90 bar 9 beat 0 hold 0
TICONV518 84 amt 5 floor 12
GATE515 84 salt 0 eco 1 orth 4 floor 30
GAP518 84 id 4 code FUND live 0 salt 0 eco 1 ti 12 sen 90 bar 9 need 4 orth 4 floor 30
GATE515 84 salt 0 eco 1 orth 4 floor 30
GATE515 84 salt 0 eco 1 orth 4 floor 30
TIWATCH518 85 ti 11 ammo 23 scale 300 units 10 sen 90 bar 9 beat 0 hold 0
GATE515 85 salt 0 eco 1 orth 4 floor 30
GAP518 85 id 4 code FUND live 0 salt 0 eco 1 ti 11 sen 90 bar 9 need 4 orth 4 floor 30
GATE515 85 salt 0 eco 1 orth 4 floor 30
GATE515 85 salt 0 eco 1 orth 4 floor 30
TIWATCH518 86 ti 10 ammo 23 scale 300 units 10 sen 90 bar 9 beat 0 hold 0
GATE515 86 salt 0 eco 1 orth 4 floor 30
GAP518 86 id 4 code FUND live 0 salt 0 eco 1 ti 10 sen 90 bar 9 need 4 orth 4 floor 30
GATE515 86 salt 0 eco 1 orth 4 floor 30
GATE515 86 salt 0 eco 1 orth 4 floor 30
TIWATCH518 87 ti 9 ammo 23 scale 299 units 10 sen 89 bar 8 beat 0 hold 0
GATE515 87 salt 0 eco 1 orth 5 floor 30
GAP518 87 id 4 code FUND live 0 salt 0 eco 1 ti 9 sen 89 bar 8 need 5 orth 5 floor 30
GATE515 87 salt 0 eco 1 orth 5 floor 30
GATE515 87 salt 0 eco 1 orth 5 floor 30
TIWATCH518 88 ti 11 ammo 23 scale 300 units 10 sen 90 bar 9 beat 0 hold 0
GATE515 88 salt 0 eco 1 orth 4 floor 30
GAP518 88 id 4 code FUND live 0 salt 0 eco 1 ti 11 sen 90 bar 9 need 4 orth 4 floor 30
GATE515 88 salt 0 eco 1 orth 4 floor 30
GATE515 88 salt 0 eco 1 orth 4 floor 30
TIWATCH518 89 ti 10 ammo 23 scale 300 units 10 sen 90 bar 9 beat 0 hold 0
GATE515 89 salt 0 eco 1 orth 4 floor 30
GAP518 89 id 4 code FUND live 0 salt 0 eco 1 ti 10 sen 90 bar 9 need 4 orth 4 floor 30
GATE515 89 salt 0 eco 1 orth 4 floor 30
GATE515 89 salt 0 eco 1 orth 4 floor 30
TIWATCH518 90 ti 9 ammo 23 scale 300 units 10 sen 90 bar 9 beat 0 hold 0
GATE515 90 salt 0 eco 1 orth 4 floor 30
GAP518 90 id 4 code FUND live 0 salt 0 eco 1 ti 9 sen 90 bar 9 need 4 orth 4 floor 30
GATE515 90 salt 0 eco 1 orth 4 floor 30
GATE515 90 salt 0 eco 1 orth 4 floor 30
TIWATCH518 91 ti 8 ammo 23 scale 300 units 10 sen 90 bar 9 beat 0 hold 0
GATE515 91 salt 0 eco 1 orth 4 floor 30
GAP518 91 id 4 code FUND live 0 salt 0 eco 1 ti 8 sen 90 bar 9 need 4 orth 4 floor 30
GATE515 91 salt 0 eco 1 orth 4 floor 30
GATE515 91 salt 0 eco 1 orth 4 floor 30
TIWATCH518 92 ti 17 ammo 23 scale 300 units 10 sen 90 bar 9 beat 0 hold 0
GATE515 92 salt 0 eco 1 orth 4 floor 30
GAP518 92 id 4 code FUND live 0 salt 0 eco 1 ti 17 sen 90 bar 9 need 4 orth 4 floor 30
GATE515 92 salt 0 eco 1 orth 4 floor 30
GATE515 92 salt 0 eco 1 orth 4 floor 30
TIWATCH518 93 ti 16 ammo 23 scale 300 units 10 sen 90 bar 9 beat 0 hold 0
GATE515 93 salt 0 eco 1 orth 4 floor 30
GAP518 93 id 4 code FUND live 0 salt 0 eco 1 ti 16 sen 90 bar 9 need 4 orth 4 floor 30
GATE515 93 salt 0 eco 1 orth 4 floor 30
GATE515 93 salt 0 eco 1 orth 4 floor 30
TIWATCH518 94 ti 15 ammo 23 scale 300 units 10 sen 90 bar 9 beat 0 hold 0
GATE515 94 salt 0 eco 1 orth 4 floor 30
GAP518 94 id 4 code FUND live 0 salt 0 eco 1 ti 15 sen 90 bar 9 need 4 orth 4 floor 30
GATE515 94 salt 0 eco 1 orth 4 floor 30
GATE515 94 salt 0 eco 1 orth 4 floor 30
TIWATCH518 95 ti 14 ammo 23 scale 300 units 10 sen 90 bar 9 beat 0 hold 0
GATE515 95 salt 0 eco 1 orth 4 floor 30
GAP518 95 id 4 code FUND live 0 salt 0 eco 1 ti 14 sen 90 bar 9 need 4 orth 4 floor 30
GATE515 95 salt 0 eco 1 orth 4 floor 30
GATE515 95 salt 0 eco 1 orth 4 floor 30
TIWATCH518 96 ti 23 ammo 23 scale 299 units 10 sen 89 bar 8 beat 0 hold 0
GATE515 96 salt 0 eco 1 orth 5 floor 30
GAP518 96 id 4 code FUND live 0 salt 0 eco 1 ti 23 sen 89 bar 8 need 5 orth 5 floor 30
GATE515 96 salt 0 eco 1 orth 5 floor 30
GATE515 96 salt 0 eco 1 orth 5 floor 30
TIWATCH518 97 ti 15 ammo 23 scale 300 units 10 sen 90 bar 9 beat 0 hold 0
GATE515 97 salt 0 eco 1 orth 4 floor 30
GAP518 97 id 4 code FUND live 0 salt 0 eco 1 ti 15 sen 90 bar 9 need 4 orth 4 floor 30
GATE515 97 salt 0 eco 1 orth 4 floor 30
GATE515 97 salt 0 eco 1 orth 4 floor 30
TIWATCH518 98 ti 14 ammo 23 scale 300 units 10 sen 90 bar 9 beat 0 hold 0
GATE515 98 salt 0 eco 1 orth 4 floor 30
GAP518 98 id 4 code FUND live 0 salt 0 eco 1 ti 14 sen 90 bar 9 need 4 orth 4 floor 30
GATE515 98 salt 0 eco 1 orth 4 floor 30
GATE515 98 salt 0 eco 1 orth 4 floor 30
TIWATCH518 99 ti 13 ammo 23 scale 300 units 10 sen 90 bar 9 beat 0 hold 0
GATE515 99 salt 0 eco 1 orth 4 floor 30
GAP518 99 id 4 code FUND live 0 salt 0 eco 1 ti 13 sen 90 bar 9 need 4 orth 4 floor 30
GATE515 99 salt 0 eco 1 orth 4 floor 30
GATE515 99 salt 0 eco 1 orth 4 floor 30
TIWATCH518 100 ti 22 ammo 23 scale 300 units 10 sen 90 bar 9 beat 0 hold 0
GATE515 100 salt 0 eco 1 orth 4 floor 30
GAP518 100 id 4 code FUND live 0 salt 0 eco 1 ti 22 sen 90 bar 9 need 4 orth 4 floor 30
GATE515 100 salt 0 eco 1 orth 4 floor 30
GATE515 100 salt 0 eco 1 orth 4 floor 30
TIWATCH518 101 ti 21 ammo 23 scale 300 units 10 sen 90 bar 9 beat 0 hold 0
GAP518 101 id 4 code DODGE live -1 salt -1 eco -1 ti -1 sen -1 bar -1 need -1 orth -1 floor 30
TIWATCH518 102 ti 20 ammo 23 scale 300 units 10 sen 90 bar 9 beat 0 hold 0
GATE515 102 salt 0 eco 1 orth 4 floor 30
GAP518 102 id 4 code FUND live 0 salt 0 eco 1 ti 20 sen 90 bar 9 need 4 orth 4 floor 30
GATE515 102 salt 0 eco 1 orth 4 floor 30
GATE515 102 salt 0 eco 1 orth 4 floor 30
TIWATCH518 103 ti 19 ammo 23 scale 300 units 10 sen 90 bar 9 beat 0 hold 0
GATE515 103 salt 0 eco 1 orth 4 floor 30
GAP518 103 id 4 code FUND live 0 salt 0 eco 1 ti 19 sen 90 bar 9 need 4 orth 4 floor 30
GATE515 103 salt 0 eco 1 orth 4 floor 30
GATE515 103 salt 0 eco 1 orth 4 floor 30
TIWATCH518 104 ti 28 ammo 23 scale 300 units 10 sen 90 bar 9 beat 0 hold 0
GATE515 104 salt 0 eco 1 orth 4 floor 30
GAP518 104 id 4 code FUND live 0 salt 0 eco 1 ti 28 sen 90 bar 9 need 4 orth 4 floor 30
GATE515 104 salt 0 eco 1 orth 4 floor 30
GATE515 104 salt 0 eco 1 orth 4 floor 30
TIWATCH518 105 ti 27 ammo 23 scale 299 units 10 sen 89 bar 8 beat 0 hold 0
GAP518 105 id 4 code DODGE live -1 salt -1 eco -1 ti -1 sen -1 bar -1 need -1 orth -1 floor 30
TIWATCH518 106 ti 19 ammo 23 scale 300 units 10 sen 90 bar 9 beat 0 hold 0
GATE515 106 salt 0 eco 1 orth 4 floor 30
GAP518 106 id 4 code FUND live 0 salt 0 eco 1 ti 19 sen 90 bar 9 need 4 orth 4 floor 30
GATE515 106 salt 0 eco 1 orth 4 floor 30
GATE515 106 salt 0 eco 1 orth 4 floor 30
TIWATCH518 107 ti 18 ammo 23 scale 300 units 10 sen 90 bar 9 beat 0 hold 0
GATE515 107 salt 0 eco 1 orth 4 floor 30
GAP518 107 id 4 code FUND live 0 salt 0 eco 1 ti 18 sen 90 bar 9 need 4 orth 4 floor 30
GATE515 107 salt 0 eco 1 orth 4 floor 30
GATE515 107 salt 0 eco 1 orth 4 floor 30
TIWATCH518 108 ti 27 ammo 23 scale 300 units 10 sen 90 bar 9 beat 0 hold 0
GATE515 108 salt 0 eco 1 orth 4 floor 30
GAP518 108 id 4 code FUND live 0 salt 0 eco 1 ti 27 sen 90 bar 9 need 4 orth 4 floor 30
GATE515 108 salt 0 eco 1 orth 4 floor 30
GATE515 108 salt 0 eco 1 orth 4 floor 30
TIWATCH518 109 ti 26 ammo 23 scale 280 units 9 sen 84 bar 8 beat 0 hold 0
TIWATCH518 110 ti 25 ammo 23 scale 280 units 9 sen 84 bar 8 beat 0 hold 0
TIWATCH518 111 ti 24 ammo 23 scale 280 units 9 sen 84 bar 8 beat 0 hold 0
TIWATCH518 112 ti 33 ammo 23 scale 280 units 9 sen 84 bar 8 beat 0 hold 0
TIWATCH518 113 ti 32 ammo 23 scale 280 units 9 sen 84 bar 8 beat 0 hold 0
TIWATCH518 114 ti 31 ammo 23 scale 279 units 9 sen 83 bar 8 beat 0 hold 0
TIWATCH518 115 ti 31 ammo 23 scale 279 units 9 sen 83 bar 8 beat 0 hold 0
TIWATCH518 116 ti 41 ammo 23 scale 259 units 8 sen 77 bar 7 beat 0 hold 0
TIWATCH518 117 ti 41 ammo 23 scale 259 units 8 sen 77 bar 7 beat 0 hold 0
TIWATCH518 118 ti 41 ammo 23 scale 259 units 8 sen 77 bar 7 beat 0 hold 0
TIWATCH518 119 ti 41 ammo 23 scale 259 units 8 sen 77 bar 7 beat 0 hold 0
TIWATCH518 120 ti 51 ammo 23 scale 259 units 8 sen 77 bar 7 beat 0 hold 0
TIWATCH518 121 ti 51 ammo 23 scale 259 units 8 sen 77 bar 7 beat 0 hold 0
TIWATCH518 122 ti 51 ammo 23 scale 259 units 8 sen 77 bar 7 beat 0 hold 0
TIWATCH518 123 ti 51 ammo 23 scale 259 units 8 sen 77 bar 7 beat 0 hold 0
TIWATCH518 124 ti 61 ammo 23 scale 259 units 8 sen 77 bar 7 beat 0 hold 0
TIWATCH518 125 ti 61 ammo 23 scale 259 units 8 sen 77 bar 7 beat 0 hold 0
TIWATCH518 126 ti 61 ammo 23 scale 259 units 8 sen 77 bar 7 beat 0 hold 0
TIWATCH518 127 ti 61 ammo 23 scale 259 units 8 sen 77 bar 7 beat 0 hold 0
TIWATCH518 128 ti 71 ammo 23 scale 259 units 8 sen 77 bar 7 beat 0 hold 0
TIWATCH518 129 ti 71 ammo 23 scale 259 units 8 sen 77 bar 7 beat 0 hold 0
TIWATCH518 130 ti 71 ammo 23 scale 259 units 8 sen 77 bar 7 beat 0 hold 0
TIWATCH518 131 ti 71 ammo 23 scale 259 units 8 sen 77 bar 7 beat 0 hold 0
TIWATCH518 132 ti 81 ammo 23 scale 259 units 8 sen 77 bar 7 beat 0 hold 0
TIWATCH518 133 ti 81 ammo 23 scale 259 units 8 sen 77 bar 7 beat 0 hold 0
TIWATCH518 134 ti 81 ammo 23 scale 259 units 8 sen 77 bar 7 beat 0 hold 0
TIWATCH518 135 ti 81 ammo 23 scale 259 units 8 sen 77 bar 7 beat 0 hold 0
TIWATCH518 136 ti 91 ammo 23 scale 259 units 8 sen 77 bar 7 beat 0 hold 0
TIWATCH518 137 ti 91 ammo 23 scale 259 units 8 sen 77 bar 7 beat 0 hold 0
TIWATCH518 138 ti 91 ammo 23 scale 259 units 8 sen 77 bar 7 beat 0 hold 0
TIWATCH518 139 ti 91 ammo 23 scale 259 units 8 sen 77 bar 7 beat 0 hold 0
TIWATCH518 140 ti 101 ammo 23 scale 259 units 8 sen 77 bar 7 beat 0 hold 0
TIWATCH518 141 ti 101 ammo 23 scale 259 units 8 sen 77 bar 7 beat 0 hold 0
TIWATCH518 142 ti 101 ammo 23 scale 259 units 8 sen 77 bar 7 beat 0 hold 0
TIWATCH518 143 ti 101 ammo 23 scale 249 units 7 sen 74 bar 7 beat 0 hold 0
TIWATCH518 144 ti 111 ammo 23 scale 249 units 7 sen 74 bar 7 beat 0 hold 0
TIWATCH518 145 ti 111 ammo 23 scale 249 units 7 sen 74 bar 7 beat 0 hold 0
TIWATCH518 146 ti 111 ammo 23 scale 249 units 7 sen 74 bar 7 beat 0 hold 0
TIWATCH518 147 ti 111 ammo 23 scale 248 units 7 sen 74 bar 7 beat 0 hold 0
TIWATCH518 148 ti 121 ammo 23 scale 248 units 7 sen 74 bar 7 beat 0 hold 0
TIWATCH518 149 ti 121 ammo 23 scale 248 units 7 sen 74 bar 7 beat 0 hold 0
TIWATCH518 150 ti 121 ammo 23 scale 248 units 7 sen 74 bar 7 beat 0 hold 0
TIWATCH518 151 ti 121 ammo 23 scale 247 units 7 sen 74 bar 7 beat 0 hold 0
TIWATCH518 152 ti 131 ammo 23 scale 247 units 7 sen 74 bar 7 beat 0 hold 0
TIWATCH518 153 ti 131 ammo 23 scale 247 units 7 sen 74 bar 7 beat 0 hold 0
TIWATCH518 154 ti 131 ammo 23 scale 247 units 7 sen 74 bar 7 beat 0 hold 0
TIWATCH518 155 ti 131 ammo 23 scale 247 units 7 sen 74 bar 7 beat 0 hold 0
TIWATCH518 156 ti 141 ammo 23 scale 247 units 7 sen 74 bar 7 beat 0 hold 0
TIWATCH518 157 ti 67 ammo 23 scale 267 units 8 sen 80 bar 8 beat 0 hold 0
TIWATCH518 158 ti 14 ammo 23 scale 277 units 9 sen 83 bar 8 beat 0 hold 0
TIWATCH518 159 ti 14 ammo 23 scale 267 units 8 sen 80 bar 8 beat 0 hold 0
TIWATCH518 160 ti 24 ammo 23 scale 267 units 8 sen 80 bar 8 beat 0 hold 0
TIWATCH518 161 ti 24 ammo 23 scale 267 units 8 sen 80 bar 8 beat 0 hold 0
TIWATCH518 162 ti 24 ammo 23 scale 267 units 8 sen 80 bar 8 beat 0 hold 0
TIWATCH518 163 ti 24 ammo 23 scale 267 units 8 sen 80 bar 8 beat 0 hold 0
TIWATCH518 164 ti 34 ammo 23 scale 267 units 8 sen 80 bar 8 beat 0 hold 0
TIWATCH518 165 ti 34 ammo 23 scale 267 units 8 sen 80 bar 8 beat 0 hold 0
TIWATCH518 166 ti 34 ammo 23 scale 267 units 8 sen 80 bar 8 beat 0 hold 0
TIWATCH518 167 ti 34 ammo 23 scale 267 units 8 sen 80 bar 8 beat 0 hold 0
TIWATCH518 168 ti 44 ammo 23 scale 267 units 8 sen 80 bar 8 beat 0 hold 0
TIWATCH518 169 ti 44 ammo 23 scale 267 units 8 sen 80 bar 8 beat 0 hold 0
TIWATCH518 170 ti 44 ammo 23 scale 267 units 8 sen 80 bar 8 beat 0 hold 0
TIWATCH518 171 ti 44 ammo 23 scale 267 units 8 sen 80 bar 8 beat 0 hold 0
TIWATCH518 172 ti 54 ammo 23 scale 267 units 8 sen 80 bar 8 beat 0 hold 0
GATE515 172 salt 0 eco 1 orth 7 floor 30
GAP518 172 id 203 code FUND live 0 salt 0 eco 1 ti 54 sen 80 bar 8 need 8 orth 7 floor 30
GATE515 172 salt 0 eco 1 orth 7 floor 30
TIWATCH518 173 ti 54 ammo 23 scale 267 units 8 sen 80 bar 8 beat 0 hold 0
GATE515 173 salt 0 eco 1 orth 6 floor 30
GAP518 173 id 203 code FUND live 0 salt 0 eco 1 ti 1 sen 86 bar 8 need 7 orth 6 floor 30
GATE515 173 salt 0 eco 1 orth 6 floor 30
TIWATCH518 174 ti 1 ammo 23 scale 287 units 9 sen 86 bar 8 beat 0 hold 0
GATE515 174 salt 0 eco 1 orth 7 floor 30
GAP518 174 id 203 code FUND live 0 salt 0 eco 1 ti 1 sen 86 bar 8 need 8 orth 7 floor 30
GATE515 174 salt 0 eco 1 orth 7 floor 30
TIWATCH518 175 ti 1 ammo 19 scale 287 units 9 sen 86 bar 8 beat 0 hold 0
GATE515 175 salt 0 eco 1 orth 6 floor 30
GAP518 175 id 203 code FUND live 0 salt 0 eco 1 ti 1 sen 86 bar 8 need 7 orth 6 floor 30
GATE515 175 salt 0 eco 1 orth 6 floor 30
TIWATCH518 176 ti 11 ammo 15 scale 287 units 9 sen 86 bar 8 beat 0 hold 0
GAP518 176 id 203 code DODGE live -1 salt -1 eco -1 ti -1 sen -1 bar -1 need -1 orth -1 floor 30
TIWATCH518 177 ti 11 ammo 11 scale 287 units 9 sen 86 bar 8 beat 0 hold 0
GATE515 177 salt 0 eco 1 orth 7 floor 30
GAP518 177 id 203 code FUND live 0 salt 0 eco 1 ti 11 sen 86 bar 8 need 8 orth 7 floor 30
GATE515 177 salt 0 eco 1 orth 7 floor 30
TIWATCH518 178 ti 11 ammo 7 scale 287 units 9 sen 86 bar 8 beat 0 hold 0
GATE515 178 salt 0 eco 1 orth 6 floor 30
GAP518 178 id 203 code FUND live 0 salt 0 eco 1 ti 11 sen 86 bar 8 need 7 orth 6 floor 30
GATE515 178 salt 0 eco 1 orth 6 floor 30
TIWATCH518 179 ti 11 ammo 3 scale 287 units 9 sen 86 bar 8 beat 0 hold 0
GATE515 179 salt 0 eco 1 orth 7 floor 30
GAP518 179 id 203 code FUND live 0 salt 0 eco 1 ti 11 sen 86 bar 8 need 8 orth 7 floor 30
GATE515 179 salt 0 eco 1 orth 7 floor 30
TIWATCH518 180 ti 11 ammo 3 scale 287 units 9 sen 86 bar 8 beat 0 hold 0
GATE515 180 salt 0 eco 1 orth 6 floor 30
GAP518 180 id 203 code FUND live 0 salt 0 eco 1 ti 11 sen 86 bar 8 need 7 orth 6 floor 30
GATE515 180 salt 0 eco 1 orth 6 floor 30
TIWATCH518 181 ti 11 ammo 3 scale 287 units 9 sen 86 bar 8 beat 0 hold 0
GATE515 181 salt 0 eco 1 orth 7 floor 30
GAP518 181 id 203 code FUND live 0 salt 0 eco 1 ti 11 sen 86 bar 8 need 8 orth 7 floor 30
GATE515 181 salt 0 eco 1 orth 7 floor 30
TIWATCH518 182 ti 11 ammo 3 scale 287 units 9 sen 86 bar 8 beat 0 hold 0
GATE515 182 salt 0 eco 1 orth 7 floor 30
GAP518 182 id 203 code FUND live 0 salt 0 eco 1 ti 11 sen 86 bar 8 need 8 orth 7 floor 30
GATE515 182 salt 0 eco 1 orth 7 floor 30
TIWATCH518 183 ti 11 ammo 3 scale 287 units 9 sen 86 bar 8 beat 0 hold 0
GATE515 183 salt 0 eco 1 orth 7 floor 30
GAP518 183 id 203 code FUND live 0 salt 0 eco 1 ti 11 sen 86 bar 8 need 8 orth 7 floor 30
GATE515 183 salt 0 eco 1 orth 7 floor 30
TIWATCH518 184 ti 21 ammo 3 scale 287 units 9 sen 86 bar 8 beat 0 hold 0
TICONV518 184 amt 9 floor 12
GATE515 184 salt 0 eco 1 orth 7 floor 30
GAP518 184 id 203 code FUND live 0 salt 0 eco 1 ti 12 sen 86 bar 8 need 8 orth 7 floor 30
GATE515 184 salt 0 eco 1 orth 7 floor 30
TIWATCH518 185 ti 12 ammo 8 scale 287 units 9 sen 86 bar 8 beat 0 hold 0
GATE515 185 salt 0 eco 1 orth 7 floor 30
GAP518 185 id 203 code FUND live 0 salt 0 eco 1 ti 12 sen 86 bar 8 need 8 orth 7 floor 30
GATE515 185 salt 0 eco 1 orth 7 floor 30
TIWATCH518 186 ti 12 ammo 4 scale 287 units 9 sen 86 bar 8 beat 0 hold 0
GATE515 186 salt 0 eco 1 orth 7 floor 30
GAP518 186 id 203 code FUND live 0 salt 0 eco 1 ti 12 sen 86 bar 8 need 8 orth 7 floor 30
GATE515 186 salt 0 eco 1 orth 7 floor 30
TIWATCH518 187 ti 12 ammo 0 scale 287 units 9 sen 86 bar 8 beat 0 hold 0
GATE515 187 salt 0 eco 1 orth 7 floor 30
GAP518 187 id 203 code FUND live 0 salt 0 eco 1 ti 12 sen 86 bar 8 need 8 orth 7 floor 30
GATE515 187 salt 0 eco 1 orth 7 floor 30
TIWATCH518 188 ti 22 ammo 0 scale 287 units 9 sen 86 bar 8 beat 0 hold 0
TICONV518 188 amt 10 floor 12
GATE515 188 salt 0 eco 1 orth 7 floor 30
GAP518 188 id 203 code FUND live 0 salt 0 eco 1 ti 12 sen 86 bar 8 need 8 orth 7 floor 30
GATE515 188 salt 0 eco 1 orth 7 floor 30
TIWATCH518 189 ti 12 ammo 6 scale 287 units 9 sen 86 bar 8 beat 0 hold 0
GATE515 189 salt 0 eco 1 orth 7 floor 30
GAP518 189 id 203 code FUND live 0 salt 0 eco 1 ti 12 sen 86 bar 8 need 8 orth 7 floor 30
GATE515 189 salt 0 eco 1 orth 7 floor 30
TIWATCH518 190 ti 12 ammo 2 scale 287 units 9 sen 86 bar 8 beat 0 hold 0
GATE515 190 salt 0 eco 1 orth 6 floor 30
GAP518 190 id 203 code FUND live 0 salt 0 eco 1 ti 12 sen 86 bar 8 need 7 orth 6 floor 30
GATE515 190 salt 0 eco 1 orth 6 floor 30
TIWATCH518 191 ti 12 ammo 2 scale 287 units 9 sen 86 bar 8 beat 0 hold 0
GAP518 191 id 203 code DODGE live -1 salt -1 eco -1 ti -1 sen -1 bar -1 need -1 orth -1 floor 30
TIWATCH518 192 ti 22 ammo 2 scale 287 units 9 sen 86 bar 8 beat 0 hold 0
TICONV518 192 amt 10 floor 12
GATE515 192 salt 0 eco 1 orth 6 floor 30
GAP518 192 id 203 code FUND live 0 salt 0 eco 1 ti 12 sen 86 bar 8 need 7 orth 6 floor 30
GATE515 192 salt 0 eco 1 orth 6 floor 30
TIWATCH518 193 ti 12 ammo 12 scale 287 units 9 sen 86 bar 8 beat 0 hold 0
GAP518 193 id 203 code DODGE live -1 salt -1 eco -1 ti -1 sen -1 bar -1 need -1 orth -1 floor 30
TIWATCH518 194 ti 12 ammo 12 scale 287 units 9 sen 86 bar 8 beat 0 hold 0
GATE515 194 salt 0 eco 1 orth 6 floor 30
GAP518 194 id 203 code FUND live 0 salt 0 eco 1 ti 12 sen 86 bar 8 need 7 orth 6 floor 30
GATE515 194 salt 0 eco 1 orth 6 floor 30
TIWATCH518 195 ti 12 ammo 12 scale 287 units 9 sen 86 bar 8 beat 0 hold 0
GAP518 195 id 203 code DODGE live -1 salt -1 eco -1 ti -1 sen -1 bar -1 need -1 orth -1 floor 30
TIWATCH518 196 ti 22 ammo 12 scale 287 units 9 sen 86 bar 8 beat 0 hold 0
TICONV518 196 amt 10 floor 12
GATE515 196 salt 0 eco 1 orth 6 floor 30
GAP518 196 id 203 code FUND live 0 salt 0 eco 1 ti 12 sen 86 bar 8 need 7 orth 6 floor 30
GATE515 196 salt 0 eco 1 orth 6 floor 30
TIWATCH518 197 ti 12 ammo 22 scale 267 units 8 sen 80 bar 8 beat 0 hold 0
TIWATCH518 198 ti 12 ammo 22 scale 267 units 8 sen 80 bar 8 beat 0 hold 0
TIWATCH518 199 ti 12 ammo 22 scale 267 units 8 sen 80 bar 8 beat 0 hold 0
TIWATCH518 200 ti 22 ammo 22 scale 267 units 8 sen 80 bar 8 beat 0 hold 0
TIWATCH518 201 ti 22 ammo 22 scale 267 units 8 sen 80 bar 8 beat 0 hold 0
TIWATCH518 202 ti 22 ammo 22 scale 267 units 8 sen 80 bar 8 beat 0 hold 0
TIWATCH518 203 ti 22 ammo 22 scale 267 units 8 sen 80 bar 8 beat 0 hold 0
TIWATCH518 204 ti 32 ammo 22 scale 267 units 8 sen 80 bar 8 beat 0 hold 0
TIWATCH518 205 ti 32 ammo 22 scale 267 units 8 sen 80 bar 8 beat 0 hold 0
TIWATCH518 206 ti 32 ammo 22 scale 267 units 8 sen 80 bar 8 beat 0 hold 0
TIWATCH518 207 ti 32 ammo 22 scale 267 units 8 sen 80 bar 8 beat 0 hold 0
TIWATCH518 208 ti 42 ammo 22 scale 267 units 8 sen 80 bar 8 beat 0 hold 0
TIWATCH518 209 ti 42 ammo 22 scale 267 units 8 sen 80 bar 8 beat 0 hold 0
TIWATCH518 210 ti 42 ammo 22 scale 267 units 8 sen 80 bar 8 beat 0 hold 0
TIWATCH518 211 ti 42 ammo 22 scale 267 units 8 sen 80 bar 8 beat 0 hold 0
TIWATCH518 212 ti 52 ammo 22 scale 267 units 8 sen 80 bar 8 beat 0 hold 0
TIWATCH518 213 ti 52 ammo 22 scale 267 units 8 sen 80 bar 8 beat 0 hold 0
TIWATCH518 214 ti 52 ammo 22 scale 267 units 8 sen 80 bar 8 beat 0 hold 0
TIWATCH518 215 ti 52 ammo 22 scale 267 units 8 sen 80 bar 8 beat 0 hold 0
TIWATCH518 216 ti 62 ammo 22 scale 267 units 8 sen 80 bar 8 beat 0 hold 0
TIWATCH518 217 ti 62 ammo 22 scale 267 units 8 sen 80 bar 8 beat 0 hold 0
TIWATCH518 218 ti 62 ammo 22 scale 267 units 8 sen 80 bar 8 beat 0 hold 0
