Update available: 2.3.6 -> 2.3.8. Run: pip install --upgrade fcode
RC SEAT 1 id 4 seat 0
RC POS 1 id 4 seat 0 role raid fs 1 body 1 pos 25,6 stuck 0
RC TEMPO 1 id 4 body 1 born 1 lp 0 must 0 why norid ride None ti 434 lcost 28 acd 0 mcd 0 pos 25,6 dsq 808
RC POS 2 id 4 seat 0 role raid fs 1 body 1 pos 25,6 stuck 1
RC TEMPO 2 id 4 body 1 born 1 lp 0 must 0 why norid ride None ti 392 lcost 32 acd 0 mcd 0 pos 25,6 dsq 808
RC SEAT 2 id 6 seat 1
RC POS 2 id 6 seat 1 role expand fs 0 body 1 pos 26,6 stuck 0
RC WALK 2 id 6 role expand fs 0 body 1 pos 26,7 tgt 26,14 want SOUTH verdict moved mcd 1 acd 0
RC POS 3 id 4 seat 0 role raid fs 1 body 1 pos 25,6 stuck 2
RC TEMPO 3 id 4 body 1 born 1 lp 0 must 0 why norid ride None ti 344 lcost 36 acd 0 mcd 0 pos 25,6 dsq 808
RC POS 3 id 6 seat 1 role expand fs 0 body 1 pos 26,7 stuck 0
RC WALK 3 id 6 role expand fs 0 body 1 pos 26,8 tgt 26,14 want SOUTH verdict moved mcd 1 acd 0
RC SEAT 3 id 8 seat 2
RC POS 3 id 8 seat 2 role expand fs 0 body 1 pos 27,6 stuck 0
RC WALK 3 id 8 role expand fs 0 body 1 pos 27,7 tgt 23,13 want SOUTH verdict moved mcd 1 acd 0
RC POS 4 id 4 seat 0 role raid fs 1 body 1 pos 25,6 stuck 3
RC TEMPO 4 id 4 body 1 born 1 lp 0 must 0 why norid ride None ti 354 lcost 36 acd 0 mcd 0 pos 25,6 dsq 808
RC POS 4 id 6 seat 1 role expand fs 0 body 1 pos 26,8 stuck 0
RC WALK 4 id 6 role expand fs 0 body 1 pos 26,9 tgt 26,14 want SOUTH verdict moved mcd 1 acd 0
RC POS 4 id 8 seat 2 role expand fs 0 body 1 pos 27,7 stuck 0
RC WALK 4 id 8 role expand fs 0 body 1 pos 27,8 tgt 23,13 want SOUTH verdict moved mcd 1 acd 0
RC SEAT 4 id 10 seat 3
RC POS 4 id 10 seat 3 role raid fs 1 body 2 pos 25,5 stuck 0
RC TEMPO 4 id 10 body 2 born 4 lp 0 must 0 why norid ride None ti 354 lcost 36 acd 0 mcd 0 pos 25,5 dsq 845
RC WALK 4 id 10 role raid fs 1 body 2 pos 24,5 tgt 1,26 want WEST verdict moved mcd 1 acd 0
RC POS 5 id 4 seat 0 role raid fs 1 body 1 pos 25,6 stuck 4
RC TEMPO 5 id 4 body 1 born 1 lp 0 must 1 why near2 ride None ti 354 lcost 36 acd 0 mcd 0 pos 25,6 dsq 808
RC HOP 5 id 4 body 1 at 24,6 from 25,6 dsq 765
RC POS 5 id 6 seat 1 role expand fs 0 body 1 pos 26,9 stuck 0
RC WALK 5 id 6 role expand fs 0 body 1 pos 26,10 tgt 26,14 want SOUTH verdict moved mcd 1 acd 0
RC POS 5 id 8 seat 2 role expand fs 0 body 1 pos 27,8 stuck 0
RC WALK 5 id 8 role expand fs 0 body 1 pos 27,9 tgt 23,13 want SOUTH verdict moved mcd 1 acd 0
RC POS 5 id 10 seat 3 role raid fs 1 body 2 pos 24,5 stuck 0
RC TEMPO 5 id 10 body 2 born 4 lp 1 must 1 why near0 ride None ti 318 lcost 38 acd 0 mcd 0 pos 24,5 dsq 802
RC POS 6 id 4 seat 0 role raid fs 1 body 1 pos 25,6 stuck 5
RC TEMPO 6 id 4 body 1 born 1 lp 1 must 0 why near5 ride None ti 318 lcost 38 acd 0 mcd 0 pos 25,6 dsq 808
RC POS 6 id 6 seat 1 role expand fs 0 body 1 pos 26,10 stuck 0
RC WALK 6 id 6 role expand fs 0 body 1 pos 26,11 tgt 26,13 want SOUTH verdict moved mcd 1 acd 0
RC POS 6 id 8 seat 2 role expand fs 0 body 1 pos 27,9 stuck 0
RC WALK 6 id 8 role expand fs 0 body 1 pos 26,9 tgt 23,13 want WEST verdict moved mcd 1 acd 0
RC POS 6 id 10 seat 3 role raid fs 1 body 2 pos 23,5 stuck 0
RC TEMPO 6 id 10 body 2 born 4 lp 1 must 1 why near0 ride 5 ti 318 lcost 38 acd 0 mcd 0 pos 23,5 dsq 761
RC POS 7 id 4 seat 0 role raid fs 1 body 1 pos 20,9 stuck 0
RC TEMPO 7 id 4 body 1 born 1 lp 0 must 0 why near18 ride 6 ti 318 lcost 38 acd 0 mcd 0 pos 20,9 dsq 514
RC HOP 7 id 4 body 1 at 19,9 from 20,9 dsq 481
RC POS 7 id 6 seat 1 role expand fs 0 body 1 pos 26,11 stuck 0
RC WALK 7 id 6 role expand fs 0 body 1 pos 26,12 tgt 26,13 want SOUTH verdict moved mcd 1 acd 0
RC POS 7 id 8 seat 2 role expand fs 0 body 1 pos 26,9 stuck 0
RC WALK 7 id 8 role expand fs 0 body 1 pos 26,10 tgt 23,13 want SOUTH verdict moved mcd 1 acd 0
RC POS 7 id 10 seat 3 role raid fs 1 body 2 pos 23,6 stuck 0
RC TEMPO 7 id 10 body 2 born 4 lp 1 must 1 why near0 ride 6 ti 280 lcost 40 acd 0 mcd 0 pos 23,6 dsq 724
RC POS 8 id 4 seat 0 role raid fs 1 body 1 pos 20,9 stuck 1
RC TEMPO 8 id 4 body 1 born 1 lp 1 must 1 why near2 ride 6 ti 290 lcost 38 acd 0 mcd 0 pos 20,9 dsq 514
RC POS 8 id 6 seat 1 role expand fs 0 body 1 pos 26,12 stuck 0
RC WALK 8 id 6 role expand fs 0 body 1 pos 26,13 tgt 26,13 want SOUTH verdict moved mcd 1 acd 0
RC POS 8 id 8 seat 2 role expand fs 0 body 1 pos 26,10 stuck 0
RC WALK 8 id 8 role expand fs 0 body 1 pos 26,11 tgt 24,13 want SOUTH verdict moved mcd 1 acd 0
RC POS 8 id 10 seat 3 role raid fs 1 body 2 pos 21,10 stuck 0
RC TEMPO 8 id 10 body 2 born 4 lp 0 must 1 why near0 ride 7 ti 290 lcost 38 acd 0 mcd 0 pos 21,10 dsq 520
RC WALK 8 id 10 role raid fs 1 body 2 pos 21,9 tgt 20,9 want NORTH verdict moved mcd 1 acd 0
RC POS 9 id 4 seat 0 role raid fs 1 body 1 pos 15,12 stuck 0
RC TEMPO 9 id 4 body 1 born 1 lp 0 must 1 why waitexp ride 8 ti 290 lcost 38 acd 0 mcd 0 pos 15,12 dsq 288
RC HOP 9 id 4 body 1 at 15,13 from 15,12 dsq 265
RC POS 9 id 6 seat 1 role expand fs 0 body 1 pos 26,13 stuck 0
RC POS 9 id 8 seat 2 role expand fs 0 body 1 pos 26,11 stuck 0
RC WALK 9 id 8 role expand fs 0 body 1 pos 25,11 tgt 24,13 want WEST verdict moved mcd 1 acd 0
RC POS 9 id 10 seat 3 role raid fs 1 body 2 pos 21,9 stuck 0
RC TEMPO 9 id 10 body 2 born 4 lp 0 must 1 why near0 ride 7 ti 212 lcost 41 acd 0 mcd 0 pos 21,9 dsq 549
RC WALK 9 id 10 role raid fs 1 body 2 pos 20,9 tgt 20,9 want WEST verdict moved mcd 1 acd 0
RC POS 10 id 4 seat 0 role raid fs 1 body 1 pos 15,12 stuck 1
RC TEMPO 10 id 4 body 1 born 1 lp 1 must 1 why waitexp ride 8 ti 212 lcost 39 acd 0 mcd 0 pos 15,12 dsq 288
RC POS 10 id 6 seat 1 role expand fs 0 body 1 pos 26,13 stuck 1
RC POS 10 id 8 seat 2 role expand fs 0 body 1 pos 25,11 stuck 0
RC WALK 10 id 8 role expand fs 0 body 1 pos 25,12 tgt 24,13 want SOUTH verdict moved mcd 1 acd 0
RC POS 10 id 10 seat 3 role raid fs 1 body 2 pos 16,13 stuck 0
RC TEMPO 10 id 10 body 2 born 4 lp 1 must 1 why near0 ride 7 ti 207 lcost 39 acd 0 mcd 0 pos 16,13 dsq 290
RC POS 11 id 4 seat 0 role raid fs 1 body 1 pos 11,16 stuck 0
RC TEMPO 11 id 4 body 1 born 1 lp 0 must 1 why waitexp ride 10 ti 207 lcost 39 acd 0 mcd 0 pos 11,16 dsq 128
RC HOP 11 id 4 body 1 at 11,17 from 11,16 dsq 113
RC POS 11 id 6 seat 1 role expand fs 0 body 1 pos 26,13 stuck 2
RC POS 11 id 8 seat 2 role expand fs 0 body 1 pos 25,12 stuck 0
RC WALK 11 id 8 role expand fs 0 body 1 pos 24,12 tgt 24,13 want WEST verdict moved mcd 1 acd 0
RC POS 11 id 10 seat 3 role raid fs 1 body 2 pos 16,14 stuck 0
RC TEMPO 11 id 10 body 2 born 4 lp 1 must 1 why near0 ride 10 ti 168 lcost 41 acd 0 mcd 0 pos 16,14 dsq 269
RC POS 12 id 4 seat 0 role raid fs 1 body 1 pos 11,16 stuck 1
RC TEMPO 12 id 4 body 1 born 1 lp 1 must 1 why waitexp ride 10 ti 178 lcost 39 acd 0 mcd 0 pos 11,16 dsq 128
RC POS 12 id 6 seat 1 role expand fs 0 body 1 pos 26,12 stuck 0
RC POS 12 id 8 seat 2 role expand fs 0 body 1 pos 24,12 stuck 0
RC WALK 12 id 8 role expand fs 0 body 1 pos 24,13 tgt 24,13 want SOUTH verdict moved mcd 1 acd 0
RC POS 12 id 10 seat 3 role raid fs 1 body 2 pos 11,15 stuck 0
RC TEMPO 12 id 10 body 2 born 4 lp 0 must 1 why waitexp ride 11 ti 173 lcost 39 acd 0 mcd 0 pos 11,15 dsq 145
RC WALK 12 id 10 role raid fs 1 body 2 pos 11,16 tgt 11,16 want SOUTH verdict moved mcd 1 acd 0
RC POS 13 id 4 seat 0 role raid fs 1 body 1 pos 7,20 stuck 0
RC TEMPO 13 id 4 body 1 born 1 lp 0 must 1 why waitexp ride 12 ti 173 lcost 39 acd 0 mcd 0 pos 7,20 dsq 32
RC HOP 13 id 4 body 1 at 6,20 from 7,20 dsq 25
RC POS 13 id 6 seat 1 role expand fs 0 body 1 pos 26,12 stuck 1
RC POS 13 id 8 seat 2 role expand fs 0 body 1 pos 24,13 stuck 0
RC POS 13 id 10 seat 3 role raid fs 1 body 2 pos 11,16 stuck 0
RC TEMPO 13 id 10 body 2 born 4 lp 1 must 1 why waitexp ride 11 ti 87 lcost 42 acd 0 mcd 0 pos 11,16 dsq 128
RC POS 14 id 4 seat 0 role raid fs 1 body 1 pos 7,20 stuck 1
RC TEMPO 14 id 4 body 1 born 1 lp 1 must 1 why waitexp ride 12 ti 71 lcost 40 acd 0 mcd 0 pos 7,20 dsq 32
RC POS 14 id 6 seat 1 role expand fs 0 body 1 pos 26,12 stuck 2
RC WALK 14 id 6 role expand fs 0 body 1 pos 26,11 tgt 26,10 want NORTH verdict moved mcd 1 acd 0
RC POS 14 id 8 seat 2 role expand fs 0 body 1 pos 24,13 stuck 1
RC POS 14 id 10 seat 3 role raid fs 1 body 2 pos 8,21 stuck 0
RC TEMPO 14 id 10 body 2 born 4 lp 0 must 1 why waitexp ride 13 ti 65 lcost 40 acd 0 mcd 0 pos 8,21 dsq 34
RC WALK 14 id 10 role raid fs 1 body 2 pos 8,20 tgt 7,20 want NORTH verdict moved mcd 1 acd 0
RC POS 15 id 4 seat 0 role raid fs 1 body 1 pos 2,23 stuck 0
RC POS 15 id 6 seat 1 role expand fs 0 body 1 pos 26,11 stuck 0
RC POS 15 id 8 seat 2 role expand fs 0 body 1 pos 24,13 stuck 2
RC POS 15 id 10 seat 3 role raid fs 1 body 2 pos 8,20 stuck 0
RC TEMPO 15 id 10 body 2 born 4 lp 0 must 1 why waitexp ride 13 ti 53 lcost 41 acd 0 mcd 0 pos 8,20 dsq 41
RC WALK 15 id 10 role raid fs 1 body 2 pos 7,20 tgt 7,20 want WEST verdict moved mcd 1 acd 0
RC POS 16 id 4 seat 0 role raid fs 1 body 1 pos 2,23 stuck 1
RC POS 16 id 6 seat 1 role expand fs 0 body 1 pos 26,11 stuck 1
RC WALK 16 id 6 role expand fs 0 body 1 pos 26,10 tgt 26,9 want NORTH verdict moved mcd 1 acd 0
RC POS 16 id 8 seat 2 role expand fs 0 body 1 pos 25,13 stuck 0
RC POS 16 id 10 seat 3 role raid fs 1 body 2 pos 2,22 stuck 0
RC WALK 16 id 10 role raid fs 1 body 2 pos 1,22 tgt 1,24 want WEST verdict moved mcd 1 acd 0
RC POS 17 id 4 seat 0 role raid fs 1 body 1 pos 2,23 stuck 2
RC POS 17 id 6 seat 1 role expand fs 0 body 1 pos 26,10 stuck 0
RC POS 17 id 8 seat 2 role expand fs 0 body 1 pos 25,13 stuck 1
RC POS 17 id 10 seat 3 role raid fs 1 body 2 pos 1,22 stuck 0
RC WALK 17 id 10 role raid fs 1 body 2 pos 0,22 tgt 1,25 want WEST verdict moved mcd 1 acd 0
RC POS 18 id 4 seat 0 role raid fs 1 body 1 pos 2,22 stuck 0
RC POS 18 id 6 seat 1 role expand fs 0 body 1 pos 26,10 stuck 1
RC WALK 18 id 6 role expand fs 0 body 1 pos 26,9 tgt 26,8 want NORTH verdict moved mcd 1 acd 0
RC POS 18 id 8 seat 2 role expand fs 0 body 1 pos 25,13 stuck 2
RC WALK 18 id 8 role expand fs 0 body 1 pos 25,12 tgt 25,11 want NORTH verdict moved mcd 1 acd 0
RC POS 18 id 10 seat 3 role raid fs 1 body 2 pos 0,22 stuck 0
RC WALK 18 id 10 role raid fs 1 body 2 pos 0,23 tgt 0,24 want SOUTH verdict moved mcd 1 acd 0
RC POS 19 id 4 seat 0 role raid fs 1 body 1 pos 2,22 stuck 1
RC WALK 19 id 4 role raid fs 1 body 1 pos 3,22 tgt 4,23 want EAST verdict moved mcd 1 acd 0
RC POS 19 id 6 seat 1 role expand fs 0 body 1 pos 26,9 stuck 0
RC POS 19 id 8 seat 2 role expand fs 0 body 1 pos 25,12 stuck 0
RC POS 19 id 10 seat 3 role raid fs 1 body 2 pos 0,23 stuck 0
RC WALK 19 id 10 role raid fs 1 body 2 pos 0,24 tgt 0,24 want SOUTH verdict moved mcd 1 acd 0
RC POS 20 id 4 seat 0 role raid fs 1 body 1 pos 3,22 stuck 0
RC POS 20 id 6 seat 1 role expand fs 0 body 1 pos 26,9 stuck 1
RC WALK 20 id 6 role expand fs 0 body 1 pos 26,8 tgt 26,7 want NORTH verdict moved mcd 1 acd 0
RC POS 20 id 8 seat 2 role expand fs 0 body 1 pos 25,12 stuck 1
RC WALK 20 id 8 role expand fs 0 body 1 pos 25,11 tgt 25,10 want NORTH verdict moved mcd 1 acd 0
RC POS 20 id 10 seat 3 role raid fs 1 body 2 pos 0,24 stuck 0
RC POS 21 id 4 seat 0 role raid fs 1 body 1 pos 2,22 stuck 0
RC POS 21 id 6 seat 1 role expand fs 0 body 1 pos 26,8 stuck 0
RC POS 21 id 8 seat 2 role expand fs 0 body 1 pos 25,11 stuck 0
RC POS 21 id 10 seat 3 role raid fs 1 body 2 pos 0,24 stuck 1
RC WALK 21 id 10 role raid fs 1 body 2 pos 0,25 tgt 0,25 want SOUTH verdict moved mcd 1 acd 0
RC POS 22 id 4 seat 0 role raid fs 1 body 1 pos 2,22 stuck 1
RC WALK 22 id 4 role raid fs 1 body 1 pos 3,22 tgt 4,23 want EAST verdict moved mcd 1 acd 0
RC POS 22 id 6 seat 1 role expand fs 0 body 1 pos 26,8 stuck 1
RC WALK 22 id 6 role expand fs 0 body 1 pos 26,7 tgt 26,6 want NORTH verdict moved mcd 1 acd 0
RC POS 22 id 8 seat 2 role expand fs 0 body 1 pos 25,11 stuck 1
RC WALK 22 id 8 role expand fs 0 body 1 pos 25,10 tgt 25,9 want NORTH verdict moved mcd 1 acd 0
RC POS 22 id 10 seat 3 role raid fs 1 body 2 pos 0,25 stuck 0
RC POS 23 id 4 seat 0 role raid fs 1 body 1 pos 3,22 stuck 0
RC POS 23 id 6 seat 1 role expand fs 0 body 1 pos 26,7 stuck 0
RC POS 23 id 8 seat 2 role expand fs 0 body 1 pos 25,10 stuck 0
RC POS 23 id 10 seat 3 role raid fs 1 body 2 pos 0,25 stuck 1
RC WALK 23 id 10 role raid fs 1 body 2 pos 0,26 tgt 1,26 want SOUTH verdict moved mcd 1 acd 0
RC POS 24 id 4 seat 0 role raid fs 1 body 1 pos 2,22 stuck 0
RC WALK 24 id 4 role raid fs 1 body 1 pos 3,22 tgt 4,23 want EAST verdict moved mcd 1 acd 0
RC POS 24 id 6 seat 1 role expand fs 0 body 1 pos 26,7 stuck 1
RC POS 24 id 8 seat 2 role expand fs 0 body 1 pos 25,10 stuck 1
RC POS 24 id 10 seat 3 role raid fs 1 body 2 pos 0,26 stuck 0
RC WALK 24 id 10 role raid fs 1 body 2 pos 1,26 tgt 1,26 want EAST verdict moved mcd 1 acd 0
RC POS 25 id 4 seat 0 role raid fs 1 body 1 pos 3,22 stuck 0
RC POS 25 id 6 seat 1 role expand fs 0 body 1 pos 26,7 stuck 2
RC WALK 25 id 6 role expand fs 0 body 1 pos 26,6 tgt 26,6 want NORTH verdict moved mcd 1 acd 0
RC POS 25 id 8 seat 2 role expand fs 0 body 1 pos 25,10 stuck 2
RC WALK 25 id 8 role expand fs 0 body 1 pos 25,9 tgt 25,8 want NORTH verdict moved mcd 1 acd 0
RC POS 25 id 10 seat 3 role raid fs 1 body 2 pos 1,26 stuck 0
RC POS 26 id 4 seat 0 role raid fs 1 body 1 pos 4,22 stuck 0
RC WALK 26 id 4 role raid fs 1 body 1 pos 4,23 tgt 4,23 want SOUTH verdict moved mcd 1 acd 0
RC POS 26 id 6 seat 1 role expand fs 0 body 1 pos 26,6 stuck 0
RC WALK 26 id 6 role expand fs 0 body 1 pos 26,7 tgt 27,19 want SOUTH verdict moved mcd 1 acd 0
RC POS 26 id 8 seat 2 role expand fs 0 body 1 pos 25,9 stuck 0
RC POS 26 id 10 seat 3 role raid fs 1 body 2 pos 1,26 stuck 1
RC POS 27 id 4 seat 0 role raid fs 1 body 1 pos 4,23 stuck 0
RC POS 27 id 6 seat 1 role expand fs 0 body 1 pos 26,7 stuck 0
RC WALK 27 id 6 role expand fs 0 body 1 pos 26,8 tgt 27,19 want SOUTH verdict moved mcd 1 acd 0
RC POS 27 id 8 seat 2 role expand fs 0 body 1 pos 25,9 stuck 1
RC WALK 27 id 8 role expand fs 0 body 1 pos 25,8 tgt 25,7 want NORTH verdict moved mcd 1 acd 0
RC POS 27 id 10 seat 3 role raid fs 1 body 2 pos 1,26 stuck 2
RC WALK 27 id 10 role raid fs 1 body 2 pos 1,27 tgt 4,26 want SOUTH verdict moved mcd 1 acd 0
RC POS 28 id 4 seat 0 role raid fs 1 body 1 pos 4,23 stuck 1
RC WALK 28 id 4 role raid fs 1 body 1 pos 5,23 tgt 5,25 want EAST verdict moved mcd 1 acd 0
RC POS 28 id 6 seat 1 role expand fs 0 body 1 pos 26,8 stuck 0
RC WALK 28 id 6 role expand fs 0 body 1 pos 26,9 tgt 27,19 want SOUTH verdict moved mcd 1 acd 0
RC POS 28 id 8 seat 2 role expand fs 0 body 1 pos 25,8 stuck 0
RC POS 28 id 10 seat 3 role raid fs 1 body 2 pos 1,27 stuck 0
RC WALK 28 id 10 role raid fs 1 body 2 pos 2,27 tgt 3,27 want EAST verdict moved mcd 1 acd 0
RC POS 29 id 4 seat 0 role raid fs 1 body 1 pos 5,23 stuck 0
RC WALK 29 id 4 role raid fs 1 body 1 pos 5,24 tgt 5,25 want SOUTH verdict moved mcd 1 acd 0
RC POS 29 id 6 seat 1 role expand fs 0 body 1 pos 26,9 stuck 0
RC WALK 29 id 6 role expand fs 0 body 1 pos 26,10 tgt 27,19 want SOUTH verdict moved mcd 1 acd 0
RC POS 29 id 8 seat 2 role expand fs 0 body 1 pos 25,8 stuck 1
RC WALK 29 id 8 role expand fs 0 body 1 pos 25,7 tgt 25,6 want NORTH verdict moved mcd 1 acd 0
RC POS 29 id 10 seat 3 role raid fs 1 body 2 pos 2,27 stuck 0
RC WALK 29 id 10 role raid fs 1 body 2 pos 3,27 tgt 3,27 want EAST verdict moved mcd 1 acd 0
RC POS 30 id 4 seat 0 role raid fs 1 body 1 pos 5,24 stuck 0
RC WALK 30 id 4 role raid fs 1 body 1 pos 5,25 tgt 5,25 want SOUTH verdict moved mcd 1 acd 0
RC POS 30 id 6 seat 1 role expand fs 0 body 1 pos 26,10 stuck 0
RC WALK 30 id 6 role expand fs 0 body 1 pos 26,11 tgt 27,19 want SOUTH verdict moved mcd 1 acd 0
RC POS 30 id 8 seat 2 role expand fs 0 body 1 pos 25,7 stuck 0
RC POS 30 id 10 seat 3 role raid fs 1 body 2 pos 3,27 stuck 0
RC POS 31 id 4 seat 0 role raid fs 1 body 1 pos 5,25 stuck 0
RC POS 31 id 6 seat 1 role expand fs 0 body 1 pos 26,11 stuck 0
RC WALK 31 id 6 role expand fs 0 body 1 pos 26,12 tgt 27,19 want SOUTH verdict moved mcd 1 acd 0
RC POS 31 id 8 seat 2 role expand fs 0 body 1 pos 25,7 stuck 1
RC WALK 31 id 8 role expand fs 0 body 1 pos 25,6 tgt 25,5 want NORTH verdict moved mcd 1 acd 0
RC POS 31 id 10 seat 3 role raid fs 1 body 2 pos 3,27 stuck 1
RC WALK 31 id 10 role raid fs 1 body 2 pos 4,27 tgt 4,27 want EAST verdict moved mcd 1 acd 0
RC POS 32 id 4 seat 0 role raid fs 1 body 1 pos 5,25 stuck 1
RC WALK 32 id 4 role raid fs 1 body 1 pos 5,26 tgt 5,26 want SOUTH verdict moved mcd 1 acd 0
RC POS 32 id 6 seat 1 role expand fs 0 body 1 pos 26,12 stuck 0
RC WALK 32 id 6 role expand fs 0 body 1 pos 26,13 tgt 27,19 want SOUTH verdict moved mcd 1 acd 0
RC POS 32 id 8 seat 2 role expand fs 0 body 1 pos 25,6 stuck 0
RC POS 32 id 10 seat 3 role raid fs 1 body 2 pos 4,27 stuck 0
RC POS 33 id 4 seat 0 role raid fs 1 body 1 pos 5,26 stuck 0
RC POS 33 id 6 seat 1 role expand fs 0 body 1 pos 26,13 stuck 0
RC WALK 33 id 6 role expand fs 0 body 1 pos 27,13 tgt 27,19 want EAST verdict moved mcd 1 acd 0
RC POS 33 id 8 seat 2 role expand fs 0 body 1 pos 25,6 stuck 1
RC WALK 33 id 8 role expand fs 0 body 1 pos 25,5 tgt 25,5 want NORTH verdict moved mcd 1 acd 0
RC POS 33 id 10 seat 3 role raid fs 1 body 2 pos 4,27 stuck 1
RC WALK 33 id 10 role raid fs 1 body 2 pos 5,27 tgt 4,22 want EAST verdict moved mcd 1 acd 0
RC POS 34 id 4 seat 0 role raid fs 1 body 1 pos 5,26 stuck 1
RC WALK 34 id 4 role raid fs 1 body 1 pos 5,25 tgt 5,23 want NORTH verdict moved mcd 1 acd 0
RC POS 34 id 6 seat 1 role expand fs 0 body 1 pos 27,13 stuck 0
RC WALK 34 id 6 role expand fs 0 body 1 pos 27,14 tgt 27,19 want SOUTH verdict moved mcd 1 acd 0
RC POS 34 id 8 seat 2 role expand fs 0 body 1 pos 25,5 stuck 0
RC WALK 34 id 8 role expand fs 0 body 1 pos 24,5 tgt 11,3 want WEST verdict moved mcd 1 acd 0
RC POS 34 id 10 seat 3 role raid fs 1 body 2 pos 5,27 stuck 0
RC WALK 34 id 10 role raid fs 1 body 2 pos 4,27 tgt 1,23 want WEST verdict moved mcd 1 acd 0
RC POS 35 id 4 seat 0 role raid fs 1 body 1 pos 5,25 stuck 0
RC WALK 35 id 4 role raid fs 1 body 1 pos 5,24 tgt 5,23 want NORTH verdict moved mcd 1 acd 0
RC POS 35 id 6 seat 1 role expand fs 0 body 1 pos 27,14 stuck 0
RC WALK 35 id 6 role expand fs 0 body 1 pos 27,15 tgt 27,19 want SOUTH verdict moved mcd 1 acd 0
RC POS 35 id 8 seat 2 role expand fs 0 body 1 pos 24,5 stuck 0
RC WALK 35 id 8 role expand fs 0 body 1 pos 23,5 tgt 11,3 want WEST verdict moved mcd 1 acd 0
RC POS 35 id 10 seat 3 role raid fs 1 body 2 pos 4,27 stuck 0
RC WALK 35 id 10 role raid fs 1 body 2 pos 5,27 tgt 4,22 want EAST verdict moved mcd 1 acd 0
RC POS 36 id 4 seat 0 role raid fs 1 body 1 pos 5,24 stuck 0
RC WALK 36 id 4 role raid fs 1 body 1 pos 5,23 tgt 5,23 want NORTH verdict moved mcd 1 acd 0
RC POS 36 id 6 seat 1 role expand fs 0 body 1 pos 27,15 stuck 0
RC WALK 36 id 6 role expand fs 0 body 1 pos 27,16 tgt 27,18 want SOUTH verdict moved mcd 1 acd 0
RC POS 36 id 8 seat 2 role expand fs 0 body 1 pos 23,5 stuck 0
RC WALK 36 id 8 role expand fs 0 body 1 pos 22,5 tgt 11,3 want WEST verdict moved mcd 1 acd 0
RC POS 36 id 10 seat 3 role raid fs 1 body 2 pos 5,27 stuck 0
RC WALK 36 id 10 role raid fs 1 body 2 pos 4,27 tgt 1,23 want WEST verdict moved mcd 1 acd 0
RC POS 37 id 4 seat 0 role raid fs 1 body 1 pos 5,23 stuck 0
RC POS 37 id 6 seat 1 role expand fs 0 body 1 pos 27,16 stuck 0
RC WALK 37 id 6 role expand fs 0 body 1 pos 27,17 tgt 27,18 want SOUTH verdict moved mcd 1 acd 0
RC POS 37 id 8 seat 2 role expand fs 0 body 1 pos 22,5 stuck 0
RC WALK 37 id 8 role expand fs 0 body 1 pos 21,5 tgt 11,3 want WEST verdict moved mcd 1 acd 0
RC POS 37 id 10 seat 3 role raid fs 1 body 2 pos 4,27 stuck 0
RC WALK 37 id 10 role raid fs 1 body 2 pos 3,27 tgt 1,22 want WEST verdict moved mcd 1 acd 0
RC POS 38 id 4 seat 0 role raid fs 1 body 1 pos 5,23 stuck 1
RC WALK 38 id 4 role raid fs 1 body 1 pos 5,24 tgt 1,26 want SOUTH verdict moved mcd 1 acd 0
RC POS 38 id 6 seat 1 role expand fs 0 body 1 pos 27,17 stuck 0
RC WALK 38 id 6 role expand fs 0 body 1 pos 27,18 tgt 27,18 want SOUTH verdict moved mcd 1 acd 0
RC POS 38 id 8 seat 2 role expand fs 0 body 1 pos 21,5 stuck 0
RC WALK 38 id 8 role expand fs 0 body 1 pos 20,5 tgt 11,3 want WEST verdict moved mcd 1 acd 0
RC POS 38 id 10 seat 3 role raid fs 1 body 2 pos 3,27 stuck 0
RC WALK 38 id 10 role raid fs 1 body 2 pos 2,27 tgt 1,26 want WEST verdict moved mcd 1 acd 0
RC POS 39 id 4 seat 0 role raid fs 1 body 1 pos 5,24 stuck 0
RC WALK 39 id 4 role raid fs 1 body 1 pos 5,25 tgt 1,26 want SOUTH verdict moved mcd 1 acd 0
RC POS 39 id 6 seat 1 role expand fs 0 body 1 pos 27,18 stuck 0
RC WALK 39 id 6 role expand fs 0 body 1 pos 27,19 tgt 27,19 want SOUTH verdict moved mcd 1 acd 0
RC POS 39 id 8 seat 2 role expand fs 0 body 1 pos 20,5 stuck 0
RC WALK 39 id 8 role expand fs 0 body 1 pos 19,5 tgt 11,3 want WEST verdict moved mcd 1 acd 0
RC POS 39 id 10 seat 3 role raid fs 1 body 2 pos 2,27 stuck 0
RC WALK 39 id 10 role raid fs 1 body 2 pos 1,27 tgt 1,26 want WEST verdict moved mcd 1 acd 0
RC POS 40 id 4 seat 0 role raid fs 1 body 1 pos 5,25 stuck 0
RC POS 40 id 6 seat 1 role expand fs 0 body 1 pos 27,19 stuck 0
RC WALK 40 id 6 role expand fs 0 body 1 pos 26,19 tgt 2,10 want WEST verdict moved mcd 1 acd 0
RC POS 40 id 8 seat 2 role expand fs 0 body 1 pos 19,5 stuck 0
RC WALK 40 id 8 role expand fs 0 body 1 pos 18,5 tgt 11,3 want WEST verdict moved mcd 1 acd 0
RC POS 40 id 10 seat 3 role raid fs 1 body 2 pos 1,27 stuck 0
RC WALK 40 id 10 role raid fs 1 body 2 pos 1,26 tgt 4,22 want NORTH verdict moved mcd 1 acd 0
RC POS 41 id 4 seat 0 role raid fs 1 body 1 pos 5,25 stuck 1
RC WALK 41 id 4 role raid fs 1 body 1 pos 5,26 tgt 1,26 want SOUTH verdict moved mcd 1 acd 0
RC POS 41 id 6 seat 1 role expand fs 0 body 1 pos 26,19 stuck 0
RC WALK 41 id 6 role expand fs 0 body 1 pos 27,19 tgt 27,18 want EAST verdict moved mcd 1 acd 0
RC POS 41 id 8 seat 2 role expand fs 0 body 1 pos 18,5 stuck 0
RC WALK 41 id 8 role expand fs 0 body 1 pos 17,5 tgt 11,3 want WEST verdict moved mcd 1 acd 0
RC POS 41 id 10 seat 3 role raid fs 1 body 2 pos 1,26 stuck 0
RC POS 42 id 4 seat 0 role raid fs 1 body 1 pos 5,26 stuck 0
RC WALK 42 id 4 role raid fs 1 body 1 pos 5,25 tgt 1,22 want NORTH verdict moved mcd 1 acd 0
RC POS 42 id 6 seat 1 role expand fs 0 body 1 pos 27,19 stuck 0
RC WALK 42 id 6 role expand fs 0 body 1 pos 27,18 tgt 27,18 want NORTH verdict moved mcd 1 acd 0
RC POS 42 id 8 seat 2 role expand fs 0 body 1 pos 17,5 stuck 0
RC WALK 42 id 8 role expand fs 0 body 1 pos 16,5 tgt 11,3 want WEST verdict moved mcd 1 acd 0
RC POS 42 id 10 seat 3 role raid fs 1 body 2 pos 1,26 stuck 1
RC POS 43 id 4 seat 0 role raid fs 1 body 1 pos 5,25 stuck 0
RC WALK 43 id 4 role raid fs 1 body 1 pos 5,26 tgt 1,26 want SOUTH verdict moved mcd 1 acd 0
RC POS 43 id 6 seat 1 role expand fs 0 body 1 pos 27,18 stuck 0
RC WALK 43 id 6 role expand fs 0 body 1 pos 27,19 tgt 27,19 want SOUTH verdict moved mcd 1 acd 0
RC POS 43 id 8 seat 2 role expand fs 0 body 1 pos 16,5 stuck 0
RC WALK 43 id 8 role expand fs 0 body 1 pos 16,6 tgt 16,6 want SOUTH verdict moved mcd 1 acd 0
RC POS 43 id 10 seat 3 role raid fs 1 body 2 pos 1,26 stuck 2
RC POS 44 id 4 seat 0 role raid fs 1 body 1 pos 5,26 stuck 0
RC WALK 44 id 4 role raid fs 1 body 1 pos 5,25 tgt 1,22 want NORTH verdict moved mcd 1 acd 0
RC POS 44 id 6 seat 1 role expand fs 0 body 1 pos 27,19 stuck 0
RC WALK 44 id 6 role expand fs 0 body 1 pos 26,19 tgt 4,7 want WEST verdict moved mcd 1 acd 0
RC POS 44 id 8 seat 2 role expand fs 0 body 1 pos 16,6 stuck 0
RC WALK 44 id 8 role expand fs 0 body 1 pos 15,6 tgt 15,6 want WEST verdict moved mcd 1 acd 0
RC POS 44 id 10 seat 3 role raid fs 1 body 2 pos 1,26 stuck 3
RC POS 45 id 4 seat 0 role raid fs 1 body 1 pos 5,25 stuck 0
RC WALK 45 id 4 role raid fs 1 body 1 pos 5,26 tgt 1,26 want SOUTH verdict moved mcd 1 acd 0
RC POS 45 id 6 seat 1 role expand fs 0 body 1 pos 26,19 stuck 0
RC WALK 45 id 6 role expand fs 0 body 1 pos 27,19 tgt 27,18 want EAST verdict moved mcd 1 acd 0
RC POS 45 id 8 seat 2 role expand fs 0 body 1 pos 15,6 stuck 0
RC WALK 45 id 8 role expand fs 0 body 1 pos 15,7 tgt 14,23 want SOUTH verdict moved mcd 1 acd 0
RC POS 45 id 10 seat 3 role raid fs 1 body 2 pos 1,26 stuck 4
RC POS 46 id 4 seat 0 role raid fs 1 body 1 pos 5,26 stuck 0
RC WALK 46 id 4 role raid fs 1 body 1 pos 5,25 tgt 1,22 want NORTH verdict moved mcd 1 acd 0
RC POS 46 id 6 seat 1 role expand fs 0 body 1 pos 27,19 stuck 0
RC WALK 46 id 6 role expand fs 0 body 1 pos 27,18 tgt 27,18 want NORTH verdict moved mcd 1 acd 0
RC POS 46 id 8 seat 2 role expand fs 0 body 1 pos 15,7 stuck 0
RC WALK 46 id 8 role expand fs 0 body 1 pos 16,7 tgt 16,6 want EAST verdict moved mcd 1 acd 0
RC POS 46 id 10 seat 3 role raid fs 1 body 2 pos 1,26 stuck 5
RC POS 47 id 4 seat 0 role raid fs 1 body 1 pos 5,25 stuck 0
RC WALK 47 id 4 role raid fs 1 body 1 pos 5,26 tgt 1,26 want SOUTH verdict moved mcd 1 acd 0
RC POS 47 id 6 seat 1 role expand fs 0 body 1 pos 27,18 stuck 0
RC WALK 47 id 6 role expand fs 0 body 1 pos 27,19 tgt 27,19 want SOUTH verdict moved mcd 1 acd 0
RC POS 47 id 8 seat 2 role expand fs 0 body 1 pos 16,7 stuck 0
RC WALK 47 id 8 role expand fs 0 body 1 pos 16,6 tgt 16,6 want NORTH verdict moved mcd 1 acd 0
RC POS 47 id 10 seat 3 role raid fs 1 body 2 pos 1,26 stuck 6
RC POS 48 id 4 seat 0 role raid fs 1 body 1 pos 5,26 stuck 0
RC WALK 48 id 4 role raid fs 1 body 1 pos 5,25 tgt 1,22 want NORTH verdict moved mcd 1 acd 0
RC POS 48 id 6 seat 1 role expand fs 0 body 1 pos 27,19 stuck 0
RC WALK 48 id 6 role expand fs 0 body 1 pos 27,18 tgt 26,14 want NORTH verdict moved mcd 1 acd 0
RC POS 48 id 8 seat 2 role expand fs 0 body 1 pos 16,6 stuck 0
RC WALK 48 id 8 role expand fs 0 body 1 pos 15,6 tgt 15,6 want WEST verdict moved mcd 1 acd 0
RC POS 48 id 10 seat 3 role raid fs 1 body 2 pos 1,26 stuck 7
RC POS 49 id 4 seat 0 role raid fs 1 body 1 pos 5,25 stuck 0
RC WALK 49 id 4 role raid fs 1 body 1 pos 5,26 tgt 1,26 want SOUTH verdict moved mcd 1 acd 0
RC POS 49 id 6 seat 1 role expand fs 0 body 1 pos 27,18 stuck 0
RC WALK 49 id 6 role expand fs 0 body 1 pos 27,19 tgt 27,19 want SOUTH verdict moved mcd 1 acd 0
RC POS 49 id 8 seat 2 role expand fs 0 body 1 pos 15,6 stuck 0
RC WALK 49 id 8 role expand fs 0 body 1 pos 14,6 tgt 11,3 want WEST verdict moved mcd 1 acd 0
RC POS 49 id 10 seat 3 role raid fs 1 body 2 pos 1,26 stuck 8
RC POS 50 id 4 seat 0 role raid fs 1 body 1 pos 5,26 stuck 0
RC WALK 50 id 4 role raid fs 1 body 1 pos 5,25 tgt 1,22 want NORTH verdict moved mcd 1 acd 0
RC POS 50 id 6 seat 1 role expand fs 0 body 1 pos 27,19 stuck 0
RC WALK 50 id 6 role expand fs 0 body 1 pos 27,18 tgt 27,18 want NORTH verdict moved mcd 1 acd 0
RC POS 50 id 8 seat 2 role expand fs 0 body 1 pos 14,6 stuck 0
RC WALK 50 id 8 role expand fs 0 body 1 pos 15,6 tgt 16,6 want EAST verdict moved mcd 1 acd 0
RC POS 50 id 10 seat 3 role raid fs 1 body 2 pos 1,26 stuck 9
RC POS 51 id 4 seat 0 role raid fs 1 body 1 pos 5,25 stuck 0
RC WALK 51 id 4 role raid fs 1 body 1 pos 5,26 tgt 1,26 want SOUTH verdict moved mcd 1 acd 0
RC POS 51 id 6 seat 1 role expand fs 0 body 1 pos 27,18 stuck 0
RC WALK 51 id 6 role expand fs 0 body 1 pos 27,19 tgt 27,19 want SOUTH verdict moved mcd 1 acd 0
RC POS 51 id 8 seat 2 role expand fs 0 body 1 pos 15,6 stuck 0
RC WALK 51 id 8 role expand fs 0 body 1 pos 16,6 tgt 16,6 want EAST verdict moved mcd 1 acd 0
RC POS 51 id 10 seat 3 role raid fs 1 body 2 pos 1,26 stuck 10
RC POS 52 id 4 seat 0 role raid fs 1 body 1 pos 5,26 stuck 0
RC WALK 52 id 4 role raid fs 1 body 1 pos 5,25 tgt 1,22 want NORTH verdict moved mcd 1 acd 0
RC POS 52 id 6 seat 1 role expand fs 0 body 1 pos 27,19 stuck 0
RC WALK 52 id 6 role expand fs 0 body 1 pos 26,19 tgt 2,10 want WEST verdict moved mcd 1 acd 0
RC POS 52 id 8 seat 2 role expand fs 0 body 1 pos 16,6 stuck 0
RC WALK 52 id 8 role expand fs 0 body 1 pos 15,6 tgt 15,6 want WEST verdict moved mcd 1 acd 0
RC POS 52 id 10 seat 3 role raid fs 1 body 2 pos 1,26 stuck 11
RC POS 53 id 4 seat 0 role raid fs 1 body 1 pos 5,25 stuck 0
RC WALK 53 id 4 role raid fs 1 body 1 pos 5,26 tgt 1,26 want SOUTH verdict moved mcd 1 acd 0
RC POS 53 id 6 seat 1 role expand fs 0 body 1 pos 26,19 stuck 0
RC WALK 53 id 6 role expand fs 0 body 1 pos 27,19 tgt 27,18 want EAST verdict moved mcd 1 acd 0
RC POS 53 id 8 seat 2 role expand fs 0 body 1 pos 15,6 stuck 0
RC WALK 53 id 8 role expand fs 0 body 1 pos 15,7 tgt 14,23 want SOUTH verdict moved mcd 1 acd 0
RC POS 53 id 10 seat 3 role raid fs 1 body 2 pos 1,26 stuck 12
RC POS 54 id 4 seat 0 role raid fs 1 body 1 pos 5,26 stuck 0
RC WALK 54 id 4 role raid fs 1 body 1 pos 5,25 tgt 1,22 want NORTH verdict moved mcd 1 acd 0
RC POS 54 id 6 seat 1 role expand fs 0 body 1 pos 27,19 stuck 0
RC WALK 54 id 6 role expand fs 0 body 1 pos 27,18 tgt 27,18 want NORTH verdict moved mcd 1 acd 0
RC POS 54 id 8 seat 2 role expand fs 0 body 1 pos 15,7 stuck 0
RC WALK 54 id 8 role expand fs 0 body 1 pos 16,7 tgt 16,6 want EAST verdict moved mcd 1 acd 0
RC POS 54 id 10 seat 3 role raid fs 1 body 2 pos 1,26 stuck 13
RC POS 55 id 4 seat 0 role raid fs 1 body 1 pos 5,25 stuck 0
RC WALK 55 id 4 role raid fs 1 body 1 pos 5,26 tgt 1,26 want SOUTH verdict moved mcd 1 acd 0
RC POS 55 id 6 seat 1 role expand fs 0 body 1 pos 27,18 stuck 0
RC WALK 55 id 6 role expand fs 0 body 1 pos 27,19 tgt 27,19 want SOUTH verdict moved mcd 1 acd 0
RC POS 55 id 8 seat 2 role expand fs 0 body 1 pos 16,7 stuck 0
RC WALK 55 id 8 role expand fs 0 body 1 pos 16,6 tgt 16,6 want NORTH verdict moved mcd 1 acd 0
RC POS 55 id 10 seat 3 role raid fs 1 body 2 pos 1,26 stuck 14
RC POS 56 id 4 seat 0 role raid fs 1 body 1 pos 5,26 stuck 0
RC WALK 56 id 4 role raid fs 1 body 1 pos 5,25 tgt 1,22 want NORTH verdict moved mcd 1 acd 0
RC POS 56 id 6 seat 1 role expand fs 0 body 1 pos 27,19 stuck 0
RC WALK 56 id 6 role expand fs 0 body 1 pos 26,19 tgt 4,7 want WEST verdict moved mcd 1 acd 0
RC POS 56 id 8 seat 2 role expand fs 0 body 1 pos 16,6 stuck 0
RC WALK 56 id 8 role expand fs 0 body 1 pos 15,6 tgt 15,6 want WEST verdict moved mcd 1 acd 0
RC POS 56 id 10 seat 3 role raid fs 1 body 2 pos 1,26 stuck 15
RC POS 57 id 4 seat 0 role raid fs 1 body 1 pos 5,25 stuck 0
RC WALK 57 id 4 role raid fs 1 body 1 pos 5,26 tgt 1,26 want SOUTH verdict moved mcd 1 acd 0
RC POS 57 id 6 seat 1 role expand fs 0 body 1 pos 26,19 stuck 0
RC WALK 57 id 6 role expand fs 0 body 1 pos 27,19 tgt 27,18 want EAST verdict moved mcd 1 acd 0
RC POS 57 id 8 seat 2 role expand fs 0 body 1 pos 15,6 stuck 0
RC WALK 57 id 8 role expand fs 0 body 1 pos 14,6 tgt 11,3 want WEST verdict moved mcd 1 acd 0
RC POS 57 id 10 seat 3 role raid fs 1 body 2 pos 1,26 stuck 16
RC POS 58 id 4 seat 0 role raid fs 1 body 1 pos 5,26 stuck 0
RC WALK 58 id 4 role raid fs 1 body 1 pos 5,25 tgt 1,22 want NORTH verdict moved mcd 1 acd 0
RC POS 58 id 6 seat 1 role expand fs 0 body 1 pos 27,19 stuck 0
RC WALK 58 id 6 role expand fs 0 body 1 pos 27,18 tgt 27,18 want NORTH verdict moved mcd 1 acd 0
RC POS 58 id 8 seat 2 role expand fs 0 body 1 pos 14,6 stuck 0
RC WALK 58 id 8 role expand fs 0 body 1 pos 15,6 tgt 16,6 want EAST verdict moved mcd 1 acd 0
RC POS 58 id 10 seat 3 role raid fs 1 body 2 pos 1,26 stuck 17
RC POS 59 id 4 seat 0 role raid fs 1 body 1 pos 5,25 stuck 0
RC WALK 59 id 4 role raid fs 1 body 1 pos 5,26 tgt 1,26 want SOUTH verdict moved mcd 1 acd 0
RC POS 59 id 6 seat 1 role expand fs 0 body 1 pos 27,18 stuck 0
RC WALK 59 id 6 role expand fs 0 body 1 pos 27,19 tgt 27,19 want SOUTH verdict moved mcd 1 acd 0
RC POS 59 id 8 seat 2 role expand fs 0 body 1 pos 15,6 stuck 0
RC WALK 59 id 8 role expand fs 0 body 1 pos 16,6 tgt 16,6 want EAST verdict moved mcd 1 acd 0
RC POS 59 id 10 seat 3 role raid fs 1 body 2 pos 1,26 stuck 18
RC POS 60 id 4 seat 0 role raid fs 1 body 1 pos 5,26 stuck 0
RC WALK 60 id 4 role raid fs 1 body 1 pos 5,25 tgt 1,22 want NORTH verdict moved mcd 1 acd 0
RC POS 60 id 6 seat 1 role expand fs 0 body 1 pos 27,19 stuck 0
RC WALK 60 id 6 role expand fs 0 body 1 pos 27,18 tgt 26,14 want NORTH verdict moved mcd 1 acd 0
RC POS 60 id 8 seat 2 role expand fs 0 body 1 pos 16,6 stuck 0
RC WALK 60 id 8 role expand fs 0 body 1 pos 15,6 tgt 15,6 want WEST verdict moved mcd 1 acd 0
RC POS 60 id 10 seat 3 role raid fs 1 body 2 pos 1,26 stuck 19
RC POS 61 id 4 seat 0 role raid fs 1 body 1 pos 5,25 stuck 0
RC WALK 61 id 4 role raid fs 1 body 1 pos 5,24 tgt 2,22 want NORTH verdict moved mcd 1 acd 0
RC POS 61 id 6 seat 1 role expand fs 0 body 1 pos 27,18 stuck 0
RC WALK 61 id 6 role expand fs 0 body 1 pos 27,19 tgt 27,19 want SOUTH verdict moved mcd 1 acd 0
RC POS 61 id 8 seat 2 role expand fs 0 body 1 pos 15,6 stuck 0
RC WALK 61 id 8 role expand fs 0 body 1 pos 15,7 tgt 14,23 want SOUTH verdict moved mcd 1 acd 0
RC POS 61 id 10 seat 3 role raid fs 1 body 2 pos 1,26 stuck 20
RC POS 62 id 4 seat 0 role raid fs 1 body 1 pos 5,24 stuck 0
RC POS 62 id 6 seat 1 role expand fs 0 body 1 pos 27,19 stuck 0
RC WALK 62 id 6 role expand fs 0 body 1 pos 27,18 tgt 27,18 want NORTH verdict moved mcd 1 acd 0
RC POS 62 id 8 seat 2 role expand fs 0 body 1 pos 15,7 stuck 0
RC WALK 62 id 8 role expand fs 0 body 1 pos 16,7 tgt 16,6 want EAST verdict moved mcd 1 acd 0
RC POS 62 id 10 seat 3 role raid fs 1 body 2 pos 1,26 stuck 21
RC WALK 62 id 10 role raid fs 1 body 2 pos 1,27 tgt 2,22 want SOUTH verdict moved mcd 1 acd 0
RC POS 63 id 4 seat 0 role raid fs 1 body 1 pos 5,24 stuck 1
RC WALK 63 id 4 role raid fs 1 body 1 pos 5,23 tgt 2,22 want NORTH verdict moved mcd 1 acd 0
RC POS 63 id 6 seat 1 role expand fs 0 body 1 pos 27,18 stuck 0
RC WALK 63 id 6 role expand fs 0 body 1 pos 27,19 tgt 27,19 want SOUTH verdict moved mcd 1 acd 0
RC POS 63 id 8 seat 2 role expand fs 0 body 1 pos 16,7 stuck 0
RC WALK 63 id 8 role expand fs 0 body 1 pos 16,6 tgt 16,6 want NORTH verdict moved mcd 1 acd 0
RC POS 63 id 10 seat 3 role raid fs 1 body 2 pos 1,27 stuck 0
RC WALK 63 id 10 role raid fs 1 body 2 pos 2,27 tgt 4,22 want EAST verdict moved mcd 1 acd 0
RC POS 64 id 4 seat 0 role raid fs 1 body 1 pos 5,23 stuck 0
RC WALK 64 id 4 role raid fs 1 body 1 pos 5,22 tgt 2,22 want NORTH verdict moved mcd 1 acd 0
RC POS 64 id 6 seat 1 role expand fs 0 body 1 pos 27,19 stuck 0
RC WALK 64 id 6 role expand fs 0 body 1 pos 26,19 tgt 2,10 want WEST verdict moved mcd 1 acd 0
RC POS 64 id 8 seat 2 role expand fs 0 body 1 pos 16,6 stuck 0
RC WALK 64 id 8 role expand fs 0 body 1 pos 15,6 tgt 15,6 want WEST verdict moved mcd 1 acd 0
RC POS 64 id 10 seat 3 role raid fs 1 body 2 pos 2,27 stuck 0
RC WALK 64 id 10 role raid fs 1 body 2 pos 3,27 tgt 2,22 want EAST verdict moved mcd 1 acd 0
RC POS 65 id 4 seat 0 role raid fs 1 body 1 pos 5,22 stuck 0
RC WALK 65 id 4 role raid fs 1 body 1 pos 5,23 tgt 1,26 want SOUTH verdict moved mcd 1 acd 0
RC POS 65 id 6 seat 1 role expand fs 0 body 1 pos 26,19 stuck 0
RC WALK 65 id 6 role expand fs 0 body 1 pos 27,19 tgt 27,18 want EAST verdict moved mcd 1 acd 0
RC POS 65 id 8 seat 2 role expand fs 0 body 1 pos 15,6 stuck 0
RC WALK 65 id 8 role expand fs 0 body 1 pos 14,6 tgt 11,3 want WEST verdict moved mcd 1 acd 0
RC POS 65 id 10 seat 3 role raid fs 1 body 2 pos 3,27 stuck 0
RC WALK 65 id 10 role raid fs 1 body 2 pos 2,27 tgt 2,22 want WEST verdict moved mcd 1 acd 0
RC POS 66 id 4 seat 0 role raid fs 1 body 1 pos 5,23 stuck 0
RC WALK 66 id 4 role raid fs 1 body 1 pos 5,22 tgt 2,22 want NORTH verdict moved mcd 1 acd 0
RC POS 66 id 6 seat 1 role expand fs 0 body 1 pos 27,19 stuck 0
RC WALK 66 id 6 role expand fs 0 body 1 pos 27,18 tgt 27,18 want NORTH verdict moved mcd 1 acd 0
RC POS 66 id 8 seat 2 role expand fs 0 body 1 pos 14,6 stuck 0
RC WALK 66 id 8 role expand fs 0 body 1 pos 15,6 tgt 16,6 want EAST verdict moved mcd 1 acd 0
RC POS 66 id 10 seat 3 role raid fs 1 body 2 pos 2,27 stuck 0
RC WALK 66 id 10 role raid fs 1 body 2 pos 3,27 tgt 2,22 want EAST verdict moved mcd 1 acd 0
RC POS 67 id 4 seat 0 role raid fs 1 body 1 pos 5,22 stuck 0
RC WALK 67 id 4 role raid fs 1 body 1 pos 5,23 tgt 1,26 want SOUTH verdict moved mcd 1 acd 0
RC POS 67 id 6 seat 1 role expand fs 0 body 1 pos 27,18 stuck 0
RC WALK 67 id 6 role expand fs 0 body 1 pos 27,19 tgt 27,19 want SOUTH verdict moved mcd 1 acd 0
RC POS 67 id 8 seat 2 role expand fs 0 body 1 pos 15,6 stuck 0
RC WALK 67 id 8 role expand fs 0 body 1 pos 16,6 tgt 16,6 want EAST verdict moved mcd 1 acd 0
RC POS 67 id 10 seat 3 role raid fs 1 body 2 pos 3,27 stuck 0
RC WALK 67 id 10 role raid fs 1 body 2 pos 2,27 tgt 2,22 want WEST verdict moved mcd 1 acd 0
RC POS 68 id 4 seat 0 role raid fs 1 body 1 pos 5,23 stuck 0
RC WALK 68 id 4 role raid fs 1 body 1 pos 5,22 tgt 2,22 want NORTH verdict moved mcd 1 acd 0
RC POS 68 id 6 seat 1 role expand fs 0 body 1 pos 27,19 stuck 0
RC WALK 68 id 6 role expand fs 0 body 1 pos 26,19 tgt 4,7 want WEST verdict moved mcd 1 acd 0
RC POS 68 id 8 seat 2 role expand fs 0 body 1 pos 16,6 stuck 0
RC WALK 68 id 8 role expand fs 0 body 1 pos 15,6 tgt 15,6 want WEST verdict moved mcd 1 acd 0
RC POS 68 id 10 seat 3 role raid fs 1 body 2 pos 2,27 stuck 0
RC WALK 68 id 10 role raid fs 1 body 2 pos 3,27 tgt 2,22 want EAST verdict moved mcd 1 acd 0
RC POS 69 id 4 seat 0 role raid fs 1 body 1 pos 5,22 stuck 0
RC WALK 69 id 4 role raid fs 1 body 1 pos 5,23 tgt 1,26 want SOUTH verdict moved mcd 1 acd 0
RC POS 69 id 6 seat 1 role expand fs 0 body 1 pos 26,19 stuck 0
RC WALK 69 id 6 role expand fs 0 body 1 pos 27,19 tgt 27,18 want EAST verdict moved mcd 1 acd 0
RC POS 69 id 8 seat 2 role expand fs 0 body 1 pos 15,6 stuck 0
RC WALK 69 id 8 role expand fs 0 body 1 pos 15,7 tgt 14,23 want SOUTH verdict moved mcd 1 acd 0
RC POS 69 id 10 seat 3 role raid fs 1 body 2 pos 3,27 stuck 0
RC WALK 69 id 10 role raid fs 1 body 2 pos 2,27 tgt 2,22 want WEST verdict moved mcd 1 acd 0
RC POS 70 id 4 seat 0 role raid fs 1 body 1 pos 5,23 stuck 0
RC WALK 70 id 4 role raid fs 1 body 1 pos 5,22 tgt 2,22 want NORTH verdict moved mcd 1 acd 0
RC POS 70 id 6 seat 1 role expand fs 0 body 1 pos 27,19 stuck 0
RC WALK 70 id 6 role expand fs 0 body 1 pos 27,18 tgt 27,18 want NORTH verdict moved mcd 1 acd 0
RC POS 70 id 8 seat 2 role expand fs 0 body 1 pos 15,7 stuck 0
RC WALK 70 id 8 role expand fs 0 body 1 pos 16,7 tgt 16,6 want EAST verdict moved mcd 1 acd 0
RC POS 70 id 10 seat 3 role raid fs 1 body 2 pos 2,27 stuck 0
RC WALK 70 id 10 role raid fs 1 body 2 pos 3,27 tgt 2,22 want EAST verdict moved mcd 1 acd 0
RC POS 71 id 4 seat 0 role raid fs 1 body 1 pos 5,22 stuck 0
RC WALK 71 id 4 role raid fs 1 body 1 pos 5,23 tgt 1,26 want SOUTH verdict moved mcd 1 acd 0
RC POS 71 id 6 seat 1 role expand fs 0 body 1 pos 27,18 stuck 0
RC WALK 71 id 6 role expand fs 0 body 1 pos 27,19 tgt 27,19 want SOUTH verdict moved mcd 1 acd 0
RC POS 71 id 8 seat 2 role expand fs 0 body 1 pos 16,7 stuck 0
RC WALK 71 id 8 role expand fs 0 body 1 pos 16,6 tgt 16,6 want NORTH verdict moved mcd 1 acd 0
RC POS 71 id 10 seat 3 role raid fs 1 body 2 pos 3,27 stuck 0
RC WALK 71 id 10 role raid fs 1 body 2 pos 2,27 tgt 2,22 want WEST verdict moved mcd 1 acd 0
RC POS 72 id 4 seat 0 role raid fs 1 body 1 pos 5,23 stuck 0
RC WALK 72 id 4 role raid fs 1 body 1 pos 5,22 tgt 2,22 want NORTH verdict moved mcd 1 acd 0
RC POS 72 id 6 seat 1 role expand fs 0 body 1 pos 27,19 stuck 0
RC WALK 72 id 6 role expand fs 0 body 1 pos 27,18 tgt 26,14 want NORTH verdict moved mcd 1 acd 0
RC POS 72 id 8 seat 2 role expand fs 0 body 1 pos 16,6 stuck 0
RC WALK 72 id 8 role expand fs 0 body 1 pos 15,6 tgt 15,6 want WEST verdict moved mcd 1 acd 0
RC POS 72 id 10 seat 3 role raid fs 1 body 2 pos 2,27 stuck 0
RC WALK 72 id 10 role raid fs 1 body 2 pos 2,28 tgt 2,22 want SOUTH verdict moved mcd 1 acd 0
RC POS 73 id 4 seat 0 role raid fs 1 body 1 pos 5,22 stuck 0
RC WALK 73 id 4 role raid fs 1 body 1 pos 5,23 tgt 1,26 want SOUTH verdict moved mcd 1 acd 0
RC POS 73 id 6 seat 1 role expand fs 0 body 1 pos 27,18 stuck 0
RC WALK 73 id 6 role expand fs 0 body 1 pos 27,19 tgt 27,19 want SOUTH verdict moved mcd 1 acd 0
RC POS 73 id 8 seat 2 role expand fs 0 body 1 pos 15,6 stuck 0
RC WALK 73 id 8 role expand fs 0 body 1 pos 14,6 tgt 11,3 want WEST verdict moved mcd 1 acd 0
RC POS 73 id 10 seat 3 role raid fs 1 body 2 pos 2,28 stuck 0
RC WALK 73 id 10 role raid fs 1 body 2 pos 1,28 tgt 2,22 want WEST verdict moved mcd 1 acd 0
RC POS 74 id 4 seat 0 role raid fs 1 body 1 pos 5,23 stuck 0
RC WALK 74 id 4 role raid fs 1 body 1 pos 5,22 tgt 2,22 want NORTH verdict moved mcd 1 acd 0
RC POS 74 id 6 seat 1 role expand fs 0 body 1 pos 27,19 stuck 0
RC WALK 74 id 6 role expand fs 0 body 1 pos 27,18 tgt 27,18 want NORTH verdict moved mcd 1 acd 0
RC POS 74 id 8 seat 2 role expand fs 0 body 1 pos 14,6 stuck 0
RC WALK 74 id 8 role expand fs 0 body 1 pos 15,6 tgt 16,6 want EAST verdict moved mcd 1 acd 0
RC POS 74 id 10 seat 3 role raid fs 1 body 2 pos 1,28 stuck 0
RC WALK 74 id 10 role raid fs 1 body 2 pos 0,28 tgt 1,23 want WEST verdict moved mcd 1 acd 0
RC POS 75 id 4 seat 0 role raid fs 1 body 1 pos 5,22 stuck 0
RC WALK 75 id 4 role raid fs 1 body 1 pos 5,23 tgt 1,26 want SOUTH verdict moved mcd 1 acd 0
RC POS 75 id 6 seat 1 role expand fs 0 body 1 pos 27,18 stuck 0
RC WALK 75 id 6 role expand fs 0 body 1 pos 27,19 tgt 27,19 want SOUTH verdict moved mcd 1 acd 0
RC POS 75 id 8 seat 2 role expand fs 0 body 1 pos 15,6 stuck 0
RC WALK 75 id 8 role expand fs 0 body 1 pos 16,6 tgt 16,6 want EAST verdict moved mcd 1 acd 0
RC POS 75 id 10 seat 3 role raid fs 1 body 2 pos 0,28 stuck 0
RC WALK 75 id 10 role raid fs 1 body 2 pos 1,28 tgt 0,23 want EAST verdict moved mcd 1 acd 0
RC POS 76 id 4 seat 0 role raid fs 1 body 1 pos 5,23 stuck 0
RC WALK 76 id 4 role raid fs 1 body 1 pos 5,22 tgt 2,22 want NORTH verdict moved mcd 1 acd 0
RC POS 76 id 6 seat 1 role expand fs 0 body 1 pos 27,19 stuck 0
RC WALK 76 id 6 role expand fs 0 body 1 pos 26,19 tgt 2,10 want WEST verdict moved mcd 1 acd 0
RC POS 76 id 8 seat 2 role expand fs 0 body 1 pos 16,6 stuck 0
RC WALK 76 id 8 role expand fs 0 body 1 pos 15,6 tgt 15,6 want WEST verdict moved mcd 1 acd 0
RC POS 76 id 10 seat 3 role raid fs 1 body 2 pos 1,28 stuck 0
RC WALK 76 id 10 role raid fs 1 body 2 pos 0,28 tgt 1,23 want WEST verdict moved mcd 1 acd 0
RC POS 77 id 4 seat 0 role raid fs 1 body 1 pos 5,22 stuck 0
RC WALK 77 id 4 role raid fs 1 body 1 pos 5,23 tgt 1,26 want SOUTH verdict moved mcd 1 acd 0
RC POS 77 id 6 seat 1 role expand fs 0 body 1 pos 26,19 stuck 0
RC WALK 77 id 6 role expand fs 0 body 1 pos 27,19 tgt 27,18 want EAST verdict moved mcd 1 acd 0
RC POS 77 id 8 seat 2 role expand fs 0 body 1 pos 15,6 stuck 0
RC WALK 77 id 8 role expand fs 0 body 1 pos 15,7 tgt 14,23 want SOUTH verdict moved mcd 1 acd 0
RC POS 77 id 10 seat 3 role raid fs 1 body 2 pos 0,28 stuck 0
RC WALK 77 id 10 role raid fs 1 body 2 pos 1,28 tgt 0,23 want EAST verdict moved mcd 1 acd 0
RC POS 78 id 4 seat 0 role raid fs 1 body 1 pos 5,23 stuck 0
RC WALK 78 id 4 role raid fs 1 body 1 pos 5,22 tgt 2,22 want NORTH verdict moved mcd 1 acd 0
RC POS 78 id 6 seat 1 role expand fs 0 body 1 pos 27,19 stuck 0
RC WALK 78 id 6 role expand fs 0 body 1 pos 27,18 tgt 27,18 want NORTH verdict moved mcd 1 acd 0
RC POS 78 id 8 seat 2 role expand fs 0 body 1 pos 15,7 stuck 0
RC WALK 78 id 8 role expand fs 0 body 1 pos 16,7 tgt 16,6 want EAST verdict moved mcd 1 acd 0
RC POS 78 id 10 seat 3 role raid fs 1 body 2 pos 1,28 stuck 0
RC WALK 78 id 10 role raid fs 1 body 2 pos 0,28 tgt 1,23 want WEST verdict moved mcd 1 acd 0
RC POS 79 id 4 seat 0 role raid fs 1 body 1 pos 5,22 stuck 0
RC WALK 79 id 4 role raid fs 1 body 1 pos 5,23 tgt 1,26 want SOUTH verdict moved mcd 1 acd 0
RC POS 79 id 6 seat 1 role expand fs 0 body 1 pos 27,18 stuck 0
RC WALK 79 id 6 role expand fs 0 body 1 pos 27,19 tgt 27,19 want SOUTH verdict moved mcd 1 acd 0
RC POS 79 id 8 seat 2 role expand fs 0 body 1 pos 16,7 stuck 0
RC WALK 79 id 8 role expand fs 0 body 1 pos 16,6 tgt 16,6 want NORTH verdict moved mcd 1 acd 0
RC POS 79 id 10 seat 3 role raid fs 1 body 2 pos 0,28 stuck 0
RC WALK 79 id 10 role raid fs 1 body 2 pos 1,28 tgt 0,23 want EAST verdict moved mcd 1 acd 0
RC POS 80 id 4 seat 0 role raid fs 1 body 1 pos 5,23 stuck 0
RC WALK 80 id 4 role raid fs 1 body 1 pos 5,22 tgt 2,22 want NORTH verdict moved mcd 1 acd 0
RC POS 80 id 6 seat 1 role expand fs 0 body 1 pos 27,19 stuck 0
RC WALK 80 id 6 role expand fs 0 body 1 pos 26,19 tgt 4,7 want WEST verdict moved mcd 1 acd 0
RC POS 80 id 8 seat 2 role expand fs 0 body 1 pos 16,6 stuck 0
RC WALK 80 id 8 role expand fs 0 body 1 pos 15,6 tgt 15,6 want WEST verdict moved mcd 1 acd 0
RC POS 80 id 10 seat 3 role raid fs 1 body 2 pos 1,28 stuck 0
RC WALK 80 id 10 role raid fs 1 body 2 pos 1,27 tgt 1,23 want NORTH verdict moved mcd 1 acd 0
RC POS 81 id 4 seat 0 role raid fs 1 body 1 pos 5,22 stuck 0
RC WALK 81 id 4 role raid fs 1 body 1 pos 5,23 tgt 1,26 want SOUTH verdict moved mcd 1 acd 0
RC POS 81 id 6 seat 1 role expand fs 0 body 1 pos 26,19 stuck 0
RC WALK 81 id 6 role expand fs 0 body 1 pos 27,19 tgt 27,18 want EAST verdict moved mcd 1 acd 0
RC POS 81 id 8 seat 2 role expand fs 0 body 1 pos 15,6 stuck 0
RC WALK 81 id 8 role expand fs 0 body 1 pos 14,6 tgt 11,3 want WEST verdict moved mcd 1 acd 0
RC POS 81 id 10 seat 3 role raid fs 1 body 2 pos 1,27 stuck 0
RC WALK 81 id 10 role raid fs 1 body 2 pos 2,27 tgt 4,22 want EAST verdict moved mcd 1 acd 0
RC POS 82 id 4 seat 0 role raid fs 1 body 1 pos 5,23 stuck 0
RC WALK 82 id 4 role raid fs 1 body 1 pos 5,22 tgt 2,22 want NORTH verdict moved mcd 1 acd 0
RC POS 82 id 6 seat 1 role expand fs 0 body 1 pos 27,19 stuck 0
RC WALK 82 id 6 role expand fs 0 body 1 pos 27,18 tgt 27,18 want NORTH verdict moved mcd 1 acd 0
RC POS 82 id 8 seat 2 role expand fs 0 body 1 pos 14,6 stuck 0
RC WALK 82 id 8 role expand fs 0 body 1 pos 15,6 tgt 16,6 want EAST verdict moved mcd 1 acd 0
RC POS 82 id 10 seat 3 role raid fs 1 body 2 pos 2,27 stuck 0
RC WALK 82 id 10 role raid fs 1 body 2 pos 3,27 tgt 2,22 want EAST verdict moved mcd 1 acd 0
RC POS 83 id 4 seat 0 role raid fs 1 body 1 pos 5,22 stuck 0
RC WALK 83 id 4 role raid fs 1 body 1 pos 5,23 tgt 1,26 want SOUTH verdict moved mcd 1 acd 0
RC POS 83 id 6 seat 1 role expand fs 0 body 1 pos 27,18 stuck 0
RC WALK 83 id 6 role expand fs 0 body 1 pos 27,19 tgt 27,19 want SOUTH verdict moved mcd 1 acd 0
RC POS 83 id 8 seat 2 role expand fs 0 body 1 pos 15,6 stuck 0
RC WALK 83 id 8 role expand fs 0 body 1 pos 16,6 tgt 16,6 want EAST verdict moved mcd 1 acd 0
RC POS 83 id 10 seat 3 role raid fs 1 body 2 pos 3,27 stuck 0
RC WALK 83 id 10 role raid fs 1 body 2 pos 2,27 tgt 2,22 want WEST verdict moved mcd 1 acd 0
RC POS 84 id 4 seat 0 role raid fs 1 body 1 pos 5,23 stuck 0
RC WALK 84 id 4 role raid fs 1 body 1 pos 5,22 tgt 2,22 want NORTH verdict moved mcd 1 acd 0
RC POS 84 id 6 seat 1 role expand fs 0 body 1 pos 27,19 stuck 0
RC WALK 84 id 6 role expand fs 0 body 1 pos 27,18 tgt 26,14 want NORTH verdict moved mcd 1 acd 0
RC POS 84 id 8 seat 2 role expand fs 0 body 1 pos 16,6 stuck 0
RC WALK 84 id 8 role expand fs 0 body 1 pos 15,6 tgt 15,6 want WEST verdict moved mcd 1 acd 0
RC POS 84 id 10 seat 3 role raid fs 1 body 2 pos 2,27 stuck 0
RC WALK 84 id 10 role raid fs 1 body 2 pos 1,27 tgt 2,22 want WEST verdict moved mcd 1 acd 0
RC POS 85 id 4 seat 0 role raid fs 1 body 1 pos 5,22 stuck 0
RC WALK 85 id 4 role raid fs 1 body 1 pos 5,23 tgt 1,26 want SOUTH verdict moved mcd 1 acd 0
RC POS 85 id 6 seat 1 role expand fs 0 body 1 pos 27,18 stuck 0
RC WALK 85 id 6 role expand fs 0 body 1 pos 27,19 tgt 27,19 want SOUTH verdict moved mcd 1 acd 0
RC POS 85 id 8 seat 2 role expand fs 0 body 1 pos 15,6 stuck 0
RC WALK 85 id 8 role expand fs 0 body 1 pos 15,7 tgt 14,23 want SOUTH verdict moved mcd 1 acd 0
RC POS 85 id 10 seat 3 role raid fs 1 body 2 pos 1,27 stuck 0
RC WALK 85 id 10 role raid fs 1 body 2 pos 2,27 tgt 4,22 want EAST verdict moved mcd 1 acd 0
RC POS 86 id 4 seat 0 role raid fs 1 body 1 pos 5,23 stuck 0
RC WALK 86 id 4 role raid fs 1 body 1 pos 5,22 tgt 2,22 want NORTH verdict moved mcd 1 acd 0
RC POS 86 id 6 seat 1 role expand fs 0 body 1 pos 27,19 stuck 0
RC WALK 86 id 6 role expand fs 0 body 1 pos 27,18 tgt 27,18 want NORTH verdict moved mcd 1 acd 0
RC POS 86 id 8 seat 2 role expand fs 0 body 1 pos 15,7 stuck 0
RC WALK 86 id 8 role expand fs 0 body 1 pos 16,7 tgt 16,6 want EAST verdict moved mcd 1 acd 0
RC POS 86 id 10 seat 3 role raid fs 1 body 2 pos 2,27 stuck 0
RC WALK 86 id 10 role raid fs 1 body 2 pos 1,27 tgt 2,22 want WEST verdict moved mcd 1 acd 0
RC POS 87 id 4 seat 0 role raid fs 1 body 1 pos 5,22 stuck 0
RC WALK 87 id 4 role raid fs 1 body 1 pos 5,23 tgt 1,26 want SOUTH verdict moved mcd 1 acd 0
RC POS 87 id 6 seat 1 role expand fs 0 body 1 pos 27,18 stuck 0
RC WALK 87 id 6 role expand fs 0 body 1 pos 27,19 tgt 27,19 want SOUTH verdict moved mcd 1 acd 0
RC POS 87 id 8 seat 2 role expand fs 0 body 1 pos 16,7 stuck 0
RC WALK 87 id 8 role expand fs 0 body 1 pos 16,6 tgt 16,6 want NORTH verdict moved mcd 1 acd 0
RC POS 87 id 10 seat 3 role raid fs 1 body 2 pos 1,27 stuck 0
RC WALK 87 id 10 role raid fs 1 body 2 pos 2,27 tgt 4,22 want EAST verdict moved mcd 1 acd 0
RC POS 88 id 4 seat 0 role raid fs 1 body 1 pos 5,23 stuck 0
RC WALK 88 id 4 role raid fs 1 body 1 pos 5,22 tgt 2,22 want NORTH verdict moved mcd 1 acd 0
RC POS 88 id 6 seat 1 role expand fs 0 body 1 pos 27,19 stuck 0
RC WALK 88 id 6 role expand fs 0 body 1 pos 26,19 tgt 2,10 want WEST verdict moved mcd 1 acd 0
RC POS 88 id 8 seat 2 role expand fs 0 body 1 pos 16,6 stuck 0
RC WALK 88 id 8 role expand fs 0 body 1 pos 15,6 tgt 15,6 want WEST verdict moved mcd 1 acd 0
RC POS 88 id 10 seat 3 role raid fs 1 body 2 pos 2,27 stuck 0
RC WALK 88 id 10 role raid fs 1 body 2 pos 1,27 tgt 2,22 want WEST verdict moved mcd 1 acd 0
RC POS 89 id 4 seat 0 role raid fs 1 body 1 pos 5,22 stuck 0
RC WALK 89 id 4 role raid fs 1 body 1 pos 5,23 tgt 1,26 want SOUTH verdict moved mcd 1 acd 0
RC POS 89 id 6 seat 1 role expand fs 0 body 1 pos 26,19 stuck 0
RC WALK 89 id 6 role expand fs 0 body 1 pos 27,19 tgt 27,18 want EAST verdict moved mcd 1 acd 0
RC POS 89 id 8 seat 2 role expand fs 0 body 1 pos 15,6 stuck 0
RC WALK 89 id 8 role expand fs 0 body 1 pos 14,6 tgt 11,3 want WEST verdict moved mcd 1 acd 0
RC POS 89 id 10 seat 3 role raid fs 1 body 2 pos 1,27 stuck 0
RC WALK 89 id 10 role raid fs 1 body 2 pos 2,27 tgt 4,22 want EAST verdict moved mcd 1 acd 0
RC POS 90 id 4 seat 0 role raid fs 1 body 1 pos 5,23 stuck 0
RC WALK 90 id 4 role raid fs 1 body 1 pos 5,22 tgt 2,22 want NORTH verdict moved mcd 1 acd 0
RC POS 90 id 6 seat 1 role expand fs 0 body 1 pos 27,19 stuck 0
RC WALK 90 id 6 role expand fs 0 body 1 pos 27,18 tgt 27,18 want NORTH verdict moved mcd 1 acd 0
RC POS 90 id 8 seat 2 role expand fs 0 body 1 pos 14,6 stuck 0
RC WALK 90 id 8 role expand fs 0 body 1 pos 15,6 tgt 16,6 want EAST verdict moved mcd 1 acd 0
RC POS 90 id 10 seat 3 role raid fs 1 body 2 pos 2,27 stuck 0
RC WALK 90 id 10 role raid fs 1 body 2 pos 1,27 tgt 2,22 want WEST verdict moved mcd 1 acd 0
RC POS 91 id 4 seat 0 role raid fs 1 body 1 pos 5,22 stuck 0
RC WALK 91 id 4 role raid fs 1 body 1 pos 5,23 tgt 1,26 want SOUTH verdict moved mcd 1 acd 0
RC POS 91 id 6 seat 1 role expand fs 0 body 1 pos 27,18 stuck 0
RC WALK 91 id 6 role expand fs 0 body 1 pos 27,19 tgt 27,19 want SOUTH verdict moved mcd 1 acd 0
RC POS 91 id 8 seat 2 role expand fs 0 body 1 pos 15,6 stuck 0
RC WALK 91 id 8 role expand fs 0 body 1 pos 16,6 tgt 16,6 want EAST verdict moved mcd 1 acd 0
RC POS 91 id 10 seat 3 role raid fs 1 body 2 pos 1,27 stuck 0
RC WALK 91 id 10 role raid fs 1 body 2 pos 2,27 tgt 4,22 want EAST verdict moved mcd 1 acd 0
RC POS 92 id 4 seat 0 role raid fs 1 body 1 pos 5,23 stuck 0
RC WALK 92 id 4 role raid fs 1 body 1 pos 5,22 tgt 2,22 want NORTH verdict moved mcd 1 acd 0
RC POS 92 id 6 seat 1 role expand fs 0 body 1 pos 27,19 stuck 0
RC WALK 92 id 6 role expand fs 0 body 1 pos 26,19 tgt 4,7 want WEST verdict moved mcd 1 acd 0
RC POS 92 id 8 seat 2 role expand fs 0 body 1 pos 16,6 stuck 0
RC WALK 92 id 8 role expand fs 0 body 1 pos 15,6 tgt 15,6 want WEST verdict moved mcd 1 acd 0
RC POS 92 id 10 seat 3 role raid fs 1 body 2 pos 2,27 stuck 0
RC WALK 92 id 10 role raid fs 1 body 2 pos 1,27 tgt 2,22 want WEST verdict moved mcd 1 acd 0
RC POS 93 id 4 seat 0 role raid fs 1 body 1 pos 5,22 stuck 0
RC WALK 93 id 4 role raid fs 1 body 1 pos 5,23 tgt 1,26 want SOUTH verdict moved mcd 1 acd 0
RC POS 93 id 6 seat 1 role expand fs 0 body 1 pos 26,19 stuck 0
RC WALK 93 id 6 role expand fs 0 body 1 pos 27,19 tgt 27,18 want EAST verdict moved mcd 1 acd 0
RC POS 93 id 8 seat 2 role expand fs 0 body 1 pos 15,6 stuck 0
RC WALK 93 id 8 role expand fs 0 body 1 pos 15,7 tgt 14,23 want SOUTH verdict moved mcd 1 acd 0
RC POS 93 id 10 seat 3 role raid fs 1 body 2 pos 1,27 stuck 0
RC WALK 93 id 10 role raid fs 1 body 2 pos 2,27 tgt 4,22 want EAST verdict moved mcd 1 acd 0
RC POS 94 id 4 seat 0 role raid fs 1 body 1 pos 5,23 stuck 0
RC WALK 94 id 4 role raid fs 1 body 1 pos 5,22 tgt 2,22 want NORTH verdict moved mcd 1 acd 0
RC POS 94 id 6 seat 1 role expand fs 0 body 1 pos 27,19 stuck 0
RC WALK 94 id 6 role expand fs 0 body 1 pos 27,18 tgt 27,18 want NORTH verdict moved mcd 1 acd 0
RC POS 94 id 8 seat 2 role expand fs 0 body 1 pos 15,7 stuck 0
RC WALK 94 id 8 role expand fs 0 body 1 pos 16,7 tgt 16,6 want EAST verdict moved mcd 1 acd 0
RC POS 94 id 10 seat 3 role raid fs 1 body 2 pos 2,27 stuck 0
RC WALK 94 id 10 role raid fs 1 body 2 pos 1,27 tgt 2,22 want WEST verdict moved mcd 1 acd 0
RC POS 95 id 4 seat 0 role raid fs 1 body 1 pos 5,22 stuck 0
RC WALK 95 id 4 role raid fs 1 body 1 pos 5,23 tgt 1,26 want SOUTH verdict moved mcd 1 acd 0
RC POS 95 id 6 seat 1 role expand fs 0 body 1 pos 27,18 stuck 0
RC WALK 95 id 6 role expand fs 0 body 1 pos 27,19 tgt 27,19 want SOUTH verdict moved mcd 1 acd 0
RC POS 95 id 8 seat 2 role expand fs 0 body 1 pos 16,7 stuck 0
RC WALK 95 id 8 role expand fs 0 body 1 pos 16,6 tgt 16,6 want NORTH verdict moved mcd 1 acd 0
RC POS 95 id 10 seat 3 role raid fs 1 body 2 pos 1,27 stuck 0
RC WALK 95 id 10 role raid fs 1 body 2 pos 2,27 tgt 4,22 want EAST verdict moved mcd 1 acd 0
RC POS 96 id 4 seat 0 role raid fs 1 body 1 pos 5,23 stuck 0
RC WALK 96 id 4 role raid fs 1 body 1 pos 5,22 tgt 2,22 want NORTH verdict moved mcd 1 acd 0
RC POS 96 id 6 seat 1 role expand fs 0 body 1 pos 27,19 stuck 0
RC WALK 96 id 6 role expand fs 0 body 1 pos 27,18 tgt 26,14 want NORTH verdict moved mcd 1 acd 0
RC POS 96 id 8 seat 2 role expand fs 0 body 1 pos 16,6 stuck 0
RC WALK 96 id 8 role expand fs 0 body 1 pos 15,6 tgt 15,6 want WEST verdict moved mcd 1 acd 0
RC POS 96 id 10 seat 3 role raid fs 1 body 2 pos 2,27 stuck 0
RC WALK 96 id 10 role raid fs 1 body 2 pos 1,27 tgt 2,22 want WEST verdict moved mcd 1 acd 0
RC POS 97 id 4 seat 0 role raid fs 1 body 1 pos 5,22 stuck 0
RC WALK 97 id 4 role raid fs 1 body 1 pos 5,23 tgt 1,26 want SOUTH verdict moved mcd 1 acd 0
RC POS 97 id 6 seat 1 role expand fs 0 body 1 pos 27,18 stuck 0
RC WALK 97 id 6 role expand fs 0 body 1 pos 27,19 tgt 27,19 want SOUTH verdict moved mcd 1 acd 0
RC POS 97 id 8 seat 2 role expand fs 0 body 1 pos 15,6 stuck 0
RC WALK 97 id 8 role expand fs 0 body 1 pos 14,6 tgt 11,3 want WEST verdict moved mcd 1 acd 0
RC POS 97 id 10 seat 3 role raid fs 1 body 2 pos 1,27 stuck 0
RC WALK 97 id 10 role raid fs 1 body 2 pos 2,27 tgt 4,22 want EAST verdict moved mcd 1 acd 0
RC POS 98 id 4 seat 0 role raid fs 1 body 1 pos 5,23 stuck 0
RC WALK 98 id 4 role raid fs 1 body 1 pos 5,22 tgt 2,22 want NORTH verdict moved mcd 1 acd 0
RC POS 98 id 6 seat 1 role expand fs 0 body 1 pos 27,19 stuck 0
RC WALK 98 id 6 role expand fs 0 body 1 pos 27,18 tgt 27,18 want NORTH verdict moved mcd 1 acd 0
RC POS 98 id 8 seat 2 role expand fs 0 body 1 pos 14,6 stuck 0
RC WALK 98 id 8 role expand fs 0 body 1 pos 15,6 tgt 16,6 want EAST verdict moved mcd 1 acd 0
RC POS 98 id 10 seat 3 role raid fs 1 body 2 pos 2,27 stuck 0
RC WALK 98 id 10 role raid fs 1 body 2 pos 1,27 tgt 2,22 want WEST verdict moved mcd 1 acd 0
RC POS 99 id 4 seat 0 role raid fs 1 body 1 pos 5,22 stuck 0
RC WALK 99 id 4 role raid fs 1 body 1 pos 5,23 tgt 1,26 want SOUTH verdict moved mcd 1 acd 0
RC POS 99 id 6 seat 1 role expand fs 0 body 1 pos 27,18 stuck 0
RC WALK 99 id 6 role expand fs 0 body 1 pos 27,19 tgt 27,19 want SOUTH verdict moved mcd 1 acd 0
RC POS 99 id 8 seat 2 role expand fs 0 body 1 pos 15,6 stuck 0
RC WALK 99 id 8 role expand fs 0 body 1 pos 16,6 tgt 16,6 want EAST verdict moved mcd 1 acd 0
RC POS 99 id 10 seat 3 role raid fs 1 body 2 pos 1,27 stuck 0
RC WALK 99 id 10 role raid fs 1 body 2 pos 2,27 tgt 4,22 want EAST verdict moved mcd 1 acd 0
RC POS 100 id 4 seat 0 role raid fs 1 body 1 pos 5,23 stuck 0
RC WALK 100 id 4 role raid fs 1 body 1 pos 5,22 tgt 2,22 want NORTH verdict moved mcd 1 acd 0
RC POS 100 id 6 seat 1 role expand fs 0 body 1 pos 27,19 stuck 0
RC WALK 100 id 6 role expand fs 0 body 1 pos 26,19 tgt 2,10 want WEST verdict moved mcd 1 acd 0
RC POS 100 id 8 seat 2 role expand fs 0 body 1 pos 16,6 stuck 0
RC WALK 100 id 8 role expand fs 0 body 1 pos 15,6 tgt 15,6 want WEST verdict moved mcd 1 acd 0
RC POS 100 id 10 seat 3 role raid fs 1 body 2 pos 2,27 stuck 0
RC WALK 100 id 10 role raid fs 1 body 2 pos 3,27 tgt 2,22 want EAST verdict moved mcd 1 acd 0
RC POS 101 id 4 seat 0 role raid fs 1 body 1 pos 5,22 stuck 0
RC WALK 101 id 4 role raid fs 1 body 1 pos 5,23 tgt 1,26 want SOUTH verdict moved mcd 1 acd 0
RC POS 101 id 6 seat 1 role expand fs 0 body 1 pos 26,19 stuck 0
RC WALK 101 id 6 role expand fs 0 body 1 pos 27,19 tgt 27,18 want EAST verdict moved mcd 1 acd 0
RC POS 101 id 8 seat 2 role expand fs 0 body 1 pos 15,6 stuck 0
RC WALK 101 id 8 role expand fs 0 body 1 pos 15,7 tgt 14,23 want SOUTH verdict moved mcd 1 acd 0
RC POS 101 id 10 seat 3 role raid fs 1 body 2 pos 3,27 stuck 0
RC WALK 101 id 10 role raid fs 1 body 2 pos 4,27 tgt 2,22 want EAST verdict moved mcd 1 acd 0
RC POS 102 id 4 seat 0 role raid fs 1 body 1 pos 5,23 stuck 0
RC WALK 102 id 4 role raid fs 1 body 1 pos 5,22 tgt 2,22 want NORTH verdict moved mcd 1 acd 0
RC POS 102 id 6 seat 1 role expand fs 0 body 1 pos 27,19 stuck 0
RC WALK 102 id 6 role expand fs 0 body 1 pos 27,18 tgt 27,18 want NORTH verdict moved mcd 1 acd 0
RC POS 102 id 8 seat 2 role expand fs 0 body 1 pos 15,7 stuck 0
RC WALK 102 id 8 role expand fs 0 body 1 pos 16,7 tgt 16,6 want EAST verdict moved mcd 1 acd 0
RC POS 102 id 10 seat 3 role raid fs 1 body 2 pos 4,27 stuck 0
RC WALK 102 id 10 role raid fs 1 body 2 pos 5,27 tgt 1,22 want EAST verdict moved mcd 1 acd 0
RC POS 103 id 4 seat 0 role raid fs 1 body 1 pos 5,22 stuck 0
RC WALK 103 id 4 role raid fs 1 body 1 pos 5,23 tgt 1,26 want SOUTH verdict moved mcd 1 acd 0
RC POS 103 id 6 seat 1 role expand fs 0 body 1 pos 27,18 stuck 0
RC WALK 103 id 6 role expand fs 0 body 1 pos 27,19 tgt 27,19 want SOUTH verdict moved mcd 1 acd 0
RC POS 103 id 8 seat 2 role expand fs 0 body 1 pos 16,7 stuck 0
RC WALK 103 id 8 role expand fs 0 body 1 pos 16,6 tgt 16,6 want NORTH verdict moved mcd 1 acd 0
RC POS 103 id 10 seat 3 role raid fs 1 body 2 pos 5,27 stuck 0
RC WALK 103 id 10 role raid fs 1 body 2 pos 4,27 tgt 1,23 want WEST verdict moved mcd 1 acd 0
RC POS 104 id 4 seat 0 role raid fs 1 body 1 pos 5,23 stuck 0
RC WALK 104 id 4 role raid fs 1 body 1 pos 5,22 tgt 2,22 want NORTH verdict moved mcd 1 acd 0
RC POS 104 id 6 seat 1 role expand fs 0 body 1 pos 27,19 stuck 0
RC WALK 104 id 6 role expand fs 0 body 1 pos 26,19 tgt 4,7 want WEST verdict moved mcd 1 acd 0
RC POS 104 id 8 seat 2 role expand fs 0 body 1 pos 16,6 stuck 0
RC WALK 104 id 8 role expand fs 0 body 1 pos 15,6 tgt 15,6 want WEST verdict moved mcd 1 acd 0
RC POS 104 id 10 seat 3 role raid fs 1 body 2 pos 4,27 stuck 0
RC WALK 104 id 10 role raid fs 1 body 2 pos 5,27 tgt 1,22 want EAST verdict moved mcd 1 acd 0
RC POS 105 id 4 seat 0 role raid fs 1 body 1 pos 5,22 stuck 0
RC WALK 105 id 4 role raid fs 1 body 1 pos 5,23 tgt 1,26 want SOUTH verdict moved mcd 1 acd 0
RC POS 105 id 6 seat 1 role expand fs 0 body 1 pos 26,19 stuck 0
RC WALK 105 id 6 role expand fs 0 body 1 pos 27,19 tgt 27,18 want EAST verdict moved mcd 1 acd 0
RC POS 105 id 8 seat 2 role expand fs 0 body 1 pos 15,6 stuck 0
RC WALK 105 id 8 role expand fs 0 body 1 pos 14,6 tgt 11,3 want WEST verdict moved mcd 1 acd 0
RC POS 105 id 10 seat 3 role raid fs 1 body 2 pos 5,27 stuck 0
RC WALK 105 id 10 role raid fs 1 body 2 pos 4,27 tgt 1,23 want WEST verdict moved mcd 1 acd 0
RC POS 106 id 4 seat 0 role raid fs 1 body 1 pos 5,23 stuck 0
RC WALK 106 id 4 role raid fs 1 body 1 pos 5,22 tgt 2,22 want NORTH verdict moved mcd 1 acd 0
RC POS 106 id 6 seat 1 role expand fs 0 body 1 pos 27,19 stuck 0
RC WALK 106 id 6 role expand fs 0 body 1 pos 27,18 tgt 27,18 want NORTH verdict moved mcd 1 acd 0
RC POS 106 id 8 seat 2 role expand fs 0 body 1 pos 14,6 stuck 0
RC WALK 106 id 8 role expand fs 0 body 1 pos 15,6 tgt 16,6 want EAST verdict moved mcd 1 acd 0
RC POS 106 id 10 seat 3 role raid fs 1 body 2 pos 4,27 stuck 0
RC WALK 106 id 10 role raid fs 1 body 2 pos 5,27 tgt 1,22 want EAST verdict moved mcd 1 acd 0
RC POS 107 id 4 seat 0 role raid fs 1 body 1 pos 5,22 stuck 0
RC WALK 107 id 4 role raid fs 1 body 1 pos 5,23 tgt 1,26 want SOUTH verdict moved mcd 1 acd 0
RC POS 107 id 6 seat 1 role expand fs 0 body 1 pos 27,18 stuck 0
RC WALK 107 id 6 role expand fs 0 body 1 pos 27,19 tgt 27,19 want SOUTH verdict moved mcd 1 acd 0
RC POS 107 id 8 seat 2 role expand fs 0 body 1 pos 15,6 stuck 0
RC WALK 107 id 8 role expand fs 0 body 1 pos 16,6 tgt 16,6 want EAST verdict moved mcd 1 acd 0
RC POS 107 id 10 seat 3 role raid fs 1 body 2 pos 5,27 stuck 0
RC WALK 107 id 10 role raid fs 1 body 2 pos 4,27 tgt 1,23 want WEST verdict moved mcd 1 acd 0
RC POS 108 id 4 seat 0 role raid fs 1 body 1 pos 5,23 stuck 0
RC WALK 108 id 4 role raid fs 1 body 1 pos 5,22 tgt 2,22 want NORTH verdict moved mcd 1 acd 0
RC POS 108 id 6 seat 1 role expand fs 0 body 1 pos 27,19 stuck 0
RC WALK 108 id 6 role expand fs 0 body 1 pos 27,18 tgt 26,14 want NORTH verdict moved mcd 1 acd 0
RC POS 108 id 8 seat 2 role expand fs 0 body 1 pos 16,6 stuck 0
RC WALK 108 id 8 role expand fs 0 body 1 pos 15,6 tgt 15,6 want WEST verdict moved mcd 1 acd 0
RC POS 108 id 10 seat 3 role raid fs 1 body 2 pos 4,27 stuck 0
RC WALK 108 id 10 role raid fs 1 body 2 pos 5,27 tgt 1,22 want EAST verdict moved mcd 1 acd 0
RC POS 109 id 4 seat 0 role raid fs 1 body 1 pos 5,22 stuck 0
RC WALK 109 id 4 role raid fs 1 body 1 pos 5,23 tgt 1,26 want SOUTH verdict moved mcd 1 acd 0
RC POS 109 id 6 seat 1 role expand fs 0 body 1 pos 27,18 stuck 0
RC WALK 109 id 6 role expand fs 0 body 1 pos 27,19 tgt 27,19 want SOUTH verdict moved mcd 1 acd 0
RC POS 109 id 8 seat 2 role expand fs 0 body 1 pos 15,6 stuck 0
RC WALK 109 id 8 role expand fs 0 body 1 pos 15,7 tgt 14,23 want SOUTH verdict moved mcd 1 acd 0
RC POS 109 id 10 seat 3 role raid fs 1 body 2 pos 5,27 stuck 0
RC WALK 109 id 10 role raid fs 1 body 2 pos 4,27 tgt 1,23 want WEST verdict moved mcd 1 acd 0
RC POS 110 id 4 seat 0 role raid fs 1 body 1 pos 5,23 stuck 0
RC WALK 110 id 4 role raid fs 1 body 1 pos 5,22 tgt 2,22 want NORTH verdict moved mcd 1 acd 0
RC POS 110 id 6 seat 1 role expand fs 0 body 1 pos 27,19 stuck 0
RC WALK 110 id 6 role expand fs 0 body 1 pos 27,18 tgt 27,18 want NORTH verdict moved mcd 1 acd 0
RC POS 110 id 8 seat 2 role expand fs 0 body 1 pos 15,7 stuck 0
RC WALK 110 id 8 role expand fs 0 body 1 pos 16,7 tgt 16,6 want EAST verdict moved mcd 1 acd 0
RC POS 110 id 10 seat 3 role raid fs 1 body 2 pos 4,27 stuck 0
RC WALK 110 id 10 role raid fs 1 body 2 pos 5,27 tgt 1,22 want EAST verdict moved mcd 1 acd 0
RC POS 111 id 4 seat 0 role raid fs 1 body 1 pos 5,22 stuck 0
RC WALK 111 id 4 role raid fs 1 body 1 pos 5,23 tgt 1,26 want SOUTH verdict moved mcd 1 acd 0
RC POS 111 id 6 seat 1 role expand fs 0 body 1 pos 27,18 stuck 0
RC WALK 111 id 6 role expand fs 0 body 1 pos 27,19 tgt 27,19 want SOUTH verdict moved mcd 1 acd 0
RC POS 111 id 8 seat 2 role expand fs 0 body 1 pos 16,7 stuck 0
RC WALK 111 id 8 role expand fs 0 body 1 pos 16,6 tgt 16,6 want NORTH verdict moved mcd 1 acd 0
RC POS 111 id 10 seat 3 role raid fs 1 body 2 pos 5,27 stuck 0
RC WALK 111 id 10 role raid fs 1 body 2 pos 4,27 tgt 1,23 want WEST verdict moved mcd 1 acd 0
RC POS 112 id 4 seat 0 role raid fs 1 body 1 pos 5,23 stuck 0
RC WALK 112 id 4 role raid fs 1 body 1 pos 5,22 tgt 2,22 want NORTH verdict moved mcd 1 acd 0
RC POS 112 id 6 seat 1 role expand fs 0 body 1 pos 27,19 stuck 0
RC WALK 112 id 6 role expand fs 0 body 1 pos 26,19 tgt 2,10 want WEST verdict moved mcd 1 acd 0
RC POS 112 id 8 seat 2 role expand fs 0 body 1 pos 16,6 stuck 0
RC WALK 112 id 8 role expand fs 0 body 1 pos 15,6 tgt 15,6 want WEST verdict moved mcd 1 acd 0
RC POS 112 id 10 seat 3 role raid fs 1 body 2 pos 4,27 stuck 0
RC WALK 112 id 10 role raid fs 1 body 2 pos 5,27 tgt 1,22 want EAST verdict moved mcd 1 acd 0
RC POS 113 id 4 seat 0 role raid fs 1 body 1 pos 5,22 stuck 0
RC WALK 113 id 4 role raid fs 1 body 1 pos 5,23 tgt 1,26 want SOUTH verdict moved mcd 1 acd 0
RC POS 113 id 6 seat 1 role expand fs 0 body 1 pos 26,19 stuck 0
RC WALK 113 id 6 role expand fs 0 body 1 pos 27,19 tgt 27,18 want EAST verdict moved mcd 1 acd 0
RC POS 113 id 8 seat 2 role expand fs 0 body 1 pos 15,6 stuck 0
RC WALK 113 id 8 role expand fs 0 body 1 pos 14,6 tgt 11,3 want WEST verdict moved mcd 1 acd 0
RC POS 113 id 10 seat 3 role raid fs 1 body 2 pos 5,27 stuck 0
RC WALK 113 id 10 role raid fs 1 body 2 pos 4,27 tgt 1,23 want WEST verdict moved mcd 1 acd 0
RC POS 114 id 4 seat 0 role raid fs 1 body 1 pos 5,23 stuck 0
RC WALK 114 id 4 role raid fs 1 body 1 pos 5,22 tgt 2,22 want NORTH verdict moved mcd 1 acd 0
RC POS 114 id 6 seat 1 role expand fs 0 body 1 pos 27,19 stuck 0
RC WALK 114 id 6 role expand fs 0 body 1 pos 27,18 tgt 27,18 want NORTH verdict moved mcd 1 acd 0
RC POS 114 id 8 seat 2 role expand fs 0 body 1 pos 14,6 stuck 0
RC WALK 114 id 8 role expand fs 0 body 1 pos 15,6 tgt 16,6 want EAST verdict moved mcd 1 acd 0
RC POS 114 id 10 seat 3 role raid fs 1 body 2 pos 4,27 stuck 0
RC WALK 114 id 10 role raid fs 1 body 2 pos 5,27 tgt 1,22 want EAST verdict moved mcd 1 acd 0
RC POS 115 id 4 seat 0 role raid fs 1 body 1 pos 5,22 stuck 0
RC WALK 115 id 4 role raid fs 1 body 1 pos 5,23 tgt 1,26 want SOUTH verdict moved mcd 1 acd 0
RC POS 115 id 6 seat 1 role expand fs 0 body 1 pos 27,18 stuck 0
RC WALK 115 id 6 role expand fs 0 body 1 pos 27,19 tgt 27,19 want SOUTH verdict moved mcd 1 acd 0
RC POS 115 id 8 seat 2 role expand fs 0 body 1 pos 15,6 stuck 0
RC WALK 115 id 8 role expand fs 0 body 1 pos 16,6 tgt 16,6 want EAST verdict moved mcd 1 acd 0
RC POS 115 id 10 seat 3 role raid fs 1 body 2 pos 5,27 stuck 0
RC WALK 115 id 10 role raid fs 1 body 2 pos 4,27 tgt 1,23 want WEST verdict moved mcd 1 acd 0
RC POS 116 id 4 seat 0 role raid fs 1 body 1 pos 5,23 stuck 0
RC WALK 116 id 4 role raid fs 1 body 1 pos 5,22 tgt 2,22 want NORTH verdict moved mcd 1 acd 0
RC POS 116 id 6 seat 1 role expand fs 0 body 1 pos 27,19 stuck 0
RC WALK 116 id 6 role expand fs 0 body 1 pos 26,19 tgt 4,7 want WEST verdict moved mcd 1 acd 0
RC POS 116 id 8 seat 2 role expand fs 0 body 1 pos 16,6 stuck 0
RC WALK 116 id 8 role expand fs 0 body 1 pos 15,6 tgt 15,6 want WEST verdict moved mcd 1 acd 0
RC POS 116 id 10 seat 3 role raid fs 1 body 2 pos 4,27 stuck 0
RC WALK 116 id 10 role raid fs 1 body 2 pos 5,27 tgt 1,22 want EAST verdict moved mcd 1 acd 0
RC POS 117 id 4 seat 0 role raid fs 1 body 1 pos 5,22 stuck 0
RC WALK 117 id 4 role raid fs 1 body 1 pos 5,23 tgt 1,25 want SOUTH verdict moved mcd 1 acd 0
RC POS 117 id 6 seat 1 role expand fs 0 body 1 pos 26,19 stuck 0
RC WALK 117 id 6 role expand fs 0 body 1 pos 27,19 tgt 27,18 want EAST verdict moved mcd 1 acd 0
RC POS 117 id 8 seat 2 role expand fs 0 body 1 pos 15,6 stuck 0
RC WALK 117 id 8 role expand fs 0 body 1 pos 15,7 tgt 14,23 want SOUTH verdict moved mcd 1 acd 0
RC POS 117 id 10 seat 3 role raid fs 1 body 2 pos 5,27 stuck 0
RC WALK 117 id 10 role raid fs 1 body 2 pos 4,27 tgt 1,23 want WEST verdict moved mcd 1 acd 0
RC POS 118 id 4 seat 0 role raid fs 1 body 1 pos 5,23 stuck 0
RC WALK 118 id 4 role raid fs 1 body 1 pos 5,22 tgt 0,24 want NORTH verdict moved mcd 1 acd 0
RC POS 118 id 6 seat 1 role expand fs 0 body 1 pos 27,19 stuck 0
RC WALK 118 id 6 role expand fs 0 body 1 pos 27,18 tgt 27,18 want NORTH verdict moved mcd 1 acd 0
RC POS 118 id 8 seat 2 role expand fs 0 body 1 pos 15,7 stuck 0
RC WALK 118 id 8 role expand fs 0 body 1 pos 16,7 tgt 16,6 want EAST verdict moved mcd 1 acd 0
RC POS 118 id 10 seat 3 role raid fs 1 body 2 pos 4,27 stuck 0
RC WALK 118 id 10 role raid fs 1 body 2 pos 5,27 tgt 1,23 want EAST verdict moved mcd 1 acd 0
RC POS 119 id 4 seat 0 role raid fs 1 body 1 pos 5,22 stuck 0
RC WALK 119 id 4 role raid fs 1 body 1 pos 4,22 tgt 1,25 want WEST verdict moved mcd 1 acd 0
RC POS 119 id 6 seat 1 role expand fs 0 body 1 pos 27,18 stuck 0
RC WALK 119 id 6 role expand fs 0 body 1 pos 27,19 tgt 27,19 want SOUTH verdict moved mcd 1 acd 0
RC POS 119 id 8 seat 2 role expand fs 0 body 1 pos 16,7 stuck 0
RC WALK 119 id 8 role expand fs 0 body 1 pos 16,6 tgt 16,6 want NORTH verdict moved mcd 1 acd 0
RC POS 119 id 10 seat 3 role raid fs 1 body 2 pos 5,27 stuck 0
RC WALK 119 id 10 role raid fs 1 body 2 pos 4,27 tgt 1,23 want WEST verdict moved mcd 1 acd 0
RC POS 120 id 4 seat 0 role raid fs 1 body 1 pos 4,22 stuck 0
RC WALK 120 id 4 role raid fs 1 body 1 pos 5,22 tgt 0,24 want EAST verdict moved mcd 1 acd 0
RC POS 120 id 6 seat 1 role expand fs 0 body 1 pos 27,19 stuck 0
RC WALK 120 id 6 role expand fs 0 body 1 pos 27,18 tgt 26,14 want NORTH verdict moved mcd 1 acd 0
RC POS 120 id 8 seat 2 role expand fs 0 body 1 pos 16,6 stuck 0
RC WALK 120 id 8 role expand fs 0 body 1 pos 15,6 tgt 15,6 want WEST verdict moved mcd 1 acd 0
RC POS 120 id 10 seat 3 role raid fs 1 body 2 pos 4,27 stuck 0
RC WALK 120 id 10 role raid fs 1 body 2 pos 5,27 tgt 1,23 want EAST verdict moved mcd 1 acd 0
RC POS 121 id 4 seat 0 role raid fs 1 body 1 pos 5,22 stuck 0
RC WALK 121 id 4 role raid fs 1 body 1 pos 4,22 tgt 1,25 want WEST verdict moved mcd 1 acd 0
RC POS 121 id 6 seat 1 role expand fs 0 body 1 pos 27,18 stuck 0
RC WALK 121 id 6 role expand fs 0 body 1 pos 27,19 tgt 27,19 want SOUTH verdict moved mcd 1 acd 0
RC POS 121 id 8 seat 2 role expand fs 0 body 1 pos 15,6 stuck 0
RC WALK 121 id 8 role expand fs 0 body 1 pos 14,6 tgt 11,3 want WEST verdict moved mcd 1 acd 0
RC POS 121 id 10 seat 3 role raid fs 1 body 2 pos 5,27 stuck 0
RC WALK 121 id 10 role raid fs 1 body 2 pos 4,27 tgt 1,23 want WEST verdict moved mcd 1 acd 0
