Running match: _v488beltbreak2 vs iGATE
  Map: midgard.map26  Seed: 533  Replay: 
scratchpad/s51_v521_build/iso/b11/repiGATE/midgard_s533_B.replay26  TLE: 10ms
Completed turn 0
Completed turn 100
Completed turn 200
Completed turn 300
Completed turn 400
Completed turn 500
Completed turn 600
Completed turn 700
Completed turn 800
Completed turn 900
Replay written to 
scratchpad/s51_v521_build/iso/b11/repiGATE/midgard_s533_B.replay26

  Winner: iGATE  (Core destroyed, turn 917)

               _v488beltbreak2              iGATE  
  Titanium      12 (840 mined)    21 (1120 mined)  
  Units                      7                  9  
  Buildings                 75                 36  

