Running match: _v488beltbreak2 vs parent516
  Map: glacierkeep.map26  Seed: 10  Replay: 
scratchpad/s51_v517_build/grid/b4/rep516/glacierkeep_s10_B.replay26  TLE: 10ms
Completed turn 0
Completed turn 100
Completed turn 200
Completed turn 300
Completed turn 400
Completed turn 500
Completed turn 600
Completed turn 700
Completed turn 800
Completed turn 900
Replay written to 
scratchpad/s51_v517_build/grid/b4/rep516/glacierkeep_s10_B.replay26

  Winner: parent516  (Titanium collected (tiebreak), turn 1000)

               _v488beltbreak2        parent516  
  Titanium        34 (0 mined)    27 (30 mined)  
  Units                      7                6  
  Buildings                 29               22  

