Running match: _v488beltbreak2 vs iNOPHASE
  Map: atoll.map26  Seed: 828  Replay: 
scratchpad/s51_v522_build/iso2/b10/repiNOPHASE/atoll_s828_B.replay26  TLE: 10ms
Completed turn 0
Completed turn 100
Completed turn 200
Completed turn 300
Completed turn 400
Completed turn 500
Completed turn 600
Completed turn 700
Completed turn 800
Completed turn 900
Replay written to 
scratchpad/s51_v522_build/iso2/b10/repiNOPHASE/atoll_s828_B.replay26

  Winner: iNOPHASE  (Titanium collected (tiebreak), turn 1000)

               _v488beltbreak2             iNOPHASE  
  Titanium     178 (250 mined)    1073 (5760 mined)  
  Units                     14                   25  
  Buildings                 20                   23  

