Update available: 2.3.6 -> 2.3.8. Run: pip install --upgrade fcode
FS GATE 0 sig (30, 30, (2, 2), (26, 26)) ok 1
FS GATE 1 sig (30, 30, (2, 2), (26, 26)) ok 1
FS PHASE 1 id 4 ph 1 d 1013 at (26, 25)
FS HOPBUILD 1 at (26, 25) lch (26, 24) T (1, 1)
FS GATE 2 sig (30, 30, (2, 2), (26, 26)) ok 1
FS GATE 2 sig (30, 30, (2, 2), (26, 26)) ok 1
FS THROW 2 from (26, 25) to (22, 21) T (1, 1)
FS HOPBUILD 3 at (22, 21) lch (21, 21) T (1, 1)
FS GATE 3 sig (30, 30, (2, 2), (26, 26)) ok 1
FS GATE 4 sig (30, 30, (2, 2), (26, 26)) ok 1
FS THROW 4 from (22, 20) to (17, 18) T (1, 1)
FS HOPBUILD 5 at (17, 18) lch (17, 17) T (1, 1)
FS GATE 6 sig (30, 30, (2, 2), (26, 26)) ok 1
FS THROW 6 from (16, 18) to (13, 14) T (1, 1)
FS HOPBUILD 7 at (13, 14) lch (13, 13) T (1, 1)
FS GATE 8 sig (30, 30, (2, 2), (26, 26)) ok 1
FS THROW 8 from (12, 14) to (9, 10) T (1, 1)
FS HOPBUILD 9 at (9, 10) lch (9, 9) T (1, 1)
FS GATE 10 sig (30, 30, (2, 2), (26, 26)) ok 1
FS THROW 10 from (8, 10) to (5, 6) T (1, 1)
FS HOPBUILD 11 at (5, 6) lch (5, 5) T (1, 1)
FS GATE 12 sig (30, 30, (2, 2), (26, 26)) ok 1
FS EVICT 12 from (6, 4) to (2, 9)
FS EVICT 38 from (5, 4) to (8, 9)
FS DEGRADE 42 id 4
FS DOORSEEN 47 id 9 at (27, 20) rank 2
FS DOORSEEN 65 id 9 at (27, 20) rank 2
FS GATE 159 sig (30, 30, (2, 2), (26, 26)) ok 1
FS PHASE 159 id 403 ph 1 d 1250 at (28, 28)
FS HOPBUILD 160 at (28, 29) lch (28, 28) T (1, 1)
FS GATE 161 sig (30, 30, (2, 2), (26, 26)) ok 1
FS THROW 161 from (27, 29) to (24, 25) T (1, 1)
FS HOPBUILD 162 at (24, 25) lch (24, 24) T (1, 1)
FS GATE 163 sig (30, 30, (2, 2), (26, 26)) ok 1
FS THROW 163 from (23, 25) to (20, 21) T (1, 1)
FS HOPBUILD 172 at (15, 20) lch (14, 20) T (1, 1)
FS GATE 173 sig (30, 30, (2, 2), (26, 26)) ok 1
FS THROW 173 from (15, 19) to (11, 16) T (1, 1)
FS HOPBUILD 180 at (9, 12) lch (9, 11) T (1, 1)
FS GATE 181 sig (30, 30, (2, 2), (26, 26)) ok 1
FS THROW 181 from (9, 12) to (5, 8) T (1, 1)
FS PHASE 187 id 403 ph 2 d 4 at (3, 5)
FS DL 187 id 403 role seal orth 6 need 6 ebody 0 lau 1 ti 21 lcost 33 bar 4 obs 0 hist 0 pend 1
FS DL 188 id 403 role seal orth 6 need 6 ebody 0 lau 1 ti 31 lcost 33 bar 4 obs 0 hist 0 pend 0
FS DL 189 id 403 role seal orth 6 need 6 ebody 0 lau 1 ti 31 lcost 33 bar 4 obs 0 hist 0 pend 0
FS DL 190 id 403 role seal orth 6 need 6 ebody 0 lau 1 ti 31 lcost 33 bar 4 obs 0 hist 0 pend 0
FS DL 191 id 403 role seal orth 6 need 6 ebody 0 lau 1 ti 31 lcost 33 bar 4 obs 0 hist 0 pend 0
FS CLEAR 192 tile (3, 4) peck 1
FS RUNG 192 id 403 r 3 hi -
FS DL 192 id 403 role seal orth 6 need 6 ebody 0 lau 1 ti 39 lcost 33 bar 4 obs 0 hist 0 pend 0
FS CLEAR 193 tile (3, 4) peck 2
FS RUNG 193 id 403 r 3 hi -
FS DL 193 id 403 role seal orth 6 need 6 ebody 0 lau 1 ti 37 lcost 33 bar 4 obs 0 hist 0 pend 0
FS CLEAR 194 tile (3, 4) peck 3
FS RUNG 194 id 403 r 3 hi -
FS DL 194 id 403 role seal orth 6 need 6 ebody 0 lau 1 ti 35 lcost 33 bar 4 obs 0 hist 0 pend 0
FS CLEAR 195 tile (3, 4) peck 4
FS RUNG 195 id 403 r 3 hi -
FS DL 195 id 403 role seal orth 6 need 6 ebody 0 lau 1 ti 33 lcost 33 bar 4 obs 0 hist 0 pend 0
FS CLEAR 196 tile (3, 4) peck 5
FS RUNG 196 id 403 r 3 hi -
FS DL 196 id 403 role seal orth 6 need 6 ebody 0 lau 1 ti 41 lcost 33 bar 4 obs 0 hist 0 pend 0
FS CLEAR 197 tile (3, 4) peck 6
FS RUNG 197 id 403 r 3 hi -
FS DL 197 id 403 role seal orth 6 need 6 ebody 0 lau 1 ti 39 lcost 33 bar 4 obs 0 hist 0 pend 0
FS CLEAR 198 tile (3, 4) peck 7
FS RUNG 198 id 403 r 3 hi -
FS DL 198 id 403 role seal orth 6 need 6 ebody 0 lau 1 ti 37 lcost 33 bar 4 obs 0 hist 0 pend 0
FS CLEAR 199 tile (3, 4) peck 8
FS RUNG 199 id 403 r 3 hi -
FS DL 199 id 403 role seal orth 6 need 6 ebody 0 lau 1 ti 35 lcost 33 bar 4 obs 0 hist 0 pend 0
FS STAT 200 id 403 at (3, 5) need 6 orth 6 ti 45 ammo 40 sen 0 hp 33
FS DL 200 id 403 role seal orth 6 need 6 ebody 0 lau 1 ti 45 lcost 33 bar 4 obs 0 hist 0 pend 0
FS CLEAR 201 tile (2, 4) peck 1
FS RUNG 201 id 403 r 3 hi -
FS DL 201 id 403 role seal orth 6 need 6 ebody 0 lau 1 ti 43 lcost 33 bar 4 obs 0 hist 0 pend 0
FS CLEAR 202 tile (2, 4) peck 2
FS RUNG 202 id 403 r 3 hi -
FS DL 202 id 403 role seal orth 6 need 6 ebody 0 lau 1 ti 41 lcost 33 bar 4 obs 0 hist 0 pend 0
FS CLEAR 203 tile (2, 4) peck 3
FS RUNG 203 id 403 r 3 hi -
FS DL 203 id 403 role seal orth 6 need 6 ebody 0 lau 1 ti 39 lcost 33 bar 4 obs 0 hist 0 pend 0
FS CLEAR 204 tile (2, 4) peck 4
FS RUNG 204 id 403 r 3 hi -
FS DL 204 id 403 role seal orth 6 need 6 ebody 0 lau 1 ti 47 lcost 33 bar 4 obs 0 hist 0 pend 0
FS CLEAR 205 tile (2, 4) peck 5
FS RUNG 205 id 403 r 3 hi -
FS DL 205 id 403 role seal orth 6 need 6 ebody 0 lau 1 ti 45 lcost 33 bar 4 obs 0 hist 0 pend 0
FS CLEAR 206 tile (2, 4) peck 6
FS RUNG 206 id 403 r 3 hi -
FS DL 206 id 403 role seal orth 6 need 6 ebody 0 lau 1 ti 43 lcost 33 bar 4 obs 0 hist 0 pend 0
FS CLEAR 207 tile (2, 4) peck 7
FS RUNG 207 id 403 r 3 hi -
FS DL 207 id 403 role seal orth 6 need 6 ebody 0 lau 1 ti 41 lcost 33 bar 4 obs 0 hist 0 pend 0
FS CLEAR 208 tile (2, 4) peck 8
FS RUNG 208 id 403 r 3 hi -
FS DL 208 id 403 role seal orth 6 need 6 ebody 0 lau 1 ti 49 lcost 33 bar 4 obs 0 hist 0 pend 0
FS DL 209 id 403 role seal orth 6 need 6 ebody 0 lau 1 ti 49 lcost 33 bar 4 obs 0 hist 0 pend 0
