Update available: 2.3.6 -> 2.3.8. Run: pip install --upgrade fcode
FS GATE 0 sig (20, 26, (9, 6), (9, 18)) ok 1
FS GATE 1 sig (20, 26, (9, 6), (9, 18)) ok 1
FS PHASE 1 id 4 ph 1 d 100 at (9, 17)
FS HOPBUILD 1 at (9, 17) lch (9, 16) T (11, 5)
FS GATE 2 sig (20, 26, (9, 6), (9, 18)) ok 1
FS GATE 2 sig (20, 26, (9, 6), (9, 18)) ok 1
FS THROW 2 from (9, 17) to (10, 11) T (11, 5)
FS HOPBUILD 3 at (10, 11) lch (10, 10) T (11, 5)
FS GATE 3 sig (20, 26, (9, 6), (9, 18)) ok 1
FS GATE 4 sig (20, 26, (9, 6), (9, 18)) ok 1
FS THROW 4 from (11, 11) to (11, 5) T (11, 5)
FS PHASE 5 id 4 ph 2 d 2 at (11, 5)
FS SEAL 5 tile (10, 5) n 1
FS DL 5 id 4 role seal orth 8 need 9 ebody 0 lau 0 ti 335 lcost 32 bar 4 obs 0 hist 0 pend 0
FS SEAL 6 tile (11, 6) n 2
FS DL 6 id 4 role seal orth 7 need 8 ebody 0 lau 0 ti 282 lcost 36 bar 5 obs 0 hist 0 pend 0
FS DODGE 7 id 4 from (11, 5) to (11, 4) cov 1 -> 0 hit 0 hp 40
FS DL 7 id 4 role seal orth 6 need 7 ebody 0 lau 0 ti 190 lcost 41 bar 6 obs 0 hist 0 pend 0
FS GATE 7 sig (20, 26, (9, 6), (9, 18)) ok 1
FS DL 8 id 4 role seal orth 6 need 7 ebody 0 lau 0 ti 132 lcost 45 bar 6 obs 0 hist 0 pend 0
FS GATE 8 sig (20, 26, (9, 6), (9, 18)) ok 1
FS DL 9 id 4 role seal orth 6 need 7 ebody 0 lau 0 ti 126 lcost 45 bar 6 obs 0 hist 0 pend 0
FS DOORSEEN 9 id 14 at (10, 13) rank 1
FS DOORSEEN 9 id 18 at (10, 13) rank 1
FS GATE 9 sig (20, 26, (9, 6), (9, 18)) ok 1
FS DL 10 id 4 role seal orth 7 need 8 ebody 0 lau 0 ti 104 lcost 45 bar 6 obs 0 hist 0 pend 0
FS DOOR 10 id 14 at (10, 13) n 1
FS DL 11 id 4 role seal orth 7 need 8 ebody 0 lau 0 ti 94 lcost 45 bar 6 obs 0 hist 0 pend 0
FS DOOR 11 id 14 at (10, 13) n 2
FS DL 12 id 4 role seal orth 7 need 8 ebody 0 lau 0 ti 111 lcost 45 bar 6 obs 0 hist 0 pend 0
FS DOORSEEN 12 id 6 at (10, 13) rank 0
FS DOOR 12 id 14 at (10, 13) n 3
FS DL 13 id 4 role seal orth 7 need 8 ebody 0 lau 0 ti 108 lcost 45 bar 6 obs 0 hist 0 pend 0
FS DOOR 13 id 14 at (10, 13) n 4
FS DOOR 13 id 18 at (10, 13) n 1
FS DL 14 id 4 role seal orth 7 need 8 ebody 0 lau 0 ti 103 lcost 45 bar 6 obs 0 hist 0 pend 0
FS DOOR 14 id 14 at (10, 13) n 5
FS DOOR 14 id 18 at (10, 13) n 2
FS SEAL 15 tile (10, 5) n 3
FS DL 15 id 4 role seal orth 7 need 8 ebody 0 lau 0 ti 92 lcost 46 bar 6 obs 0 hist 0 pend 0
FS DOOR 15 id 14 at (10, 13) n 6
FS DOOR 15 id 18 at (10, 13) n 3
FS DL 16 id 4 role seal orth 6 need 7 ebody 0 lau 0 ti 107 lcost 46 bar 6 obs 0 hist 0 pend 0
FS DOOR 16 id 14 at (10, 13) n 7
FS DOOR 16 id 18 at (10, 13) n 4
FS SEAL 17 tile (9, 5) n 4
FS DL 17 id 4 role seal orth 6 need 7 ebody 0 lau 0 ti 96 lcost 46 bar 6 obs 0 hist 0 pend 0
FS DOOR 17 id 6 at (10, 13) n 1
FS DOOR 17 id 14 at (10, 13) n 8
FS DOOR 17 id 18 at (10, 13) n 5
FS DL 18 id 4 role seal orth 5 need 6 ebody 1 lau 0 ti 43 lcost 50 bar 7 obs 1 hist 1 pend 0
FS DOOR 18 id 6 at (10, 13) n 2
FS DOOR 18 id 14 at (10, 13) n 9
FS DOOR 18 id 18 at (10, 13) n 6
FS DL 19 id 4 role seal orth 5 need 6 ebody 1 lau 0 ti 32 lcost 50 bar 7 obs 2 hist 1 pend 0
FS DOOR 19 id 6 at (10, 13) n 3
FS DOOR 19 id 14 at (10, 13) n 10
FS DOOR 19 id 18 at (10, 13) n 7
FS STAT 20 id 4 at (8, 4) need 6 orth 5 ti 41 ammo 24 sen 0 hp 40
FS DL 20 id 4 role seal orth 5 need 6 ebody 1 lau 0 ti 41 lcost 50 bar 7 obs 3 hist 1 pend 0
FS DL 21 id 4 role seal orth 5 need 6 ebody 0 lau 0 ti 36 lcost 50 bar 7 obs 3 hist 1 pend 0
FS DL 22 id 4 role seal orth 5 need 6 ebody 0 lau 0 ti 31 lcost 50 bar 7 obs 3 hist 1 pend 0
FS DL 23 id 4 role seal orth 5 need 6 ebody 0 lau 0 ti 26 lcost 50 bar 7 obs 3 hist 1 pend 0
FS DL 24 id 4 role seal orth 5 need 6 ebody 0 lau 0 ti 41 lcost 50 bar 7 obs 3 hist 1 pend 0
FS DL 25 id 4 role seal orth 5 need 6 ebody 0 lau 0 ti 36 lcost 50 bar 7 obs 3 hist 1 pend 0
FS DL 26 id 4 role seal orth 5 need 6 ebody 0 lau 0 ti 31 lcost 50 bar 7 obs 3 hist 1 pend 0
FS DL 27 id 4 role seal orth 4 need 5 ebody 0 lau 0 ti 19 lcost 50 bar 7 obs 3 hist 1 pend 0
FS DL 28 id 4 role seal orth 4 need 5 ebody 1 lau 0 ti 34 lcost 50 bar 7 obs 4 hist 2 pend 0
FS DL 29 id 4 role seal orth 4 need 5 ebody 1 lau 0 ti 22 lcost 50 bar 7 obs 5 hist 2 pend 0
FS DL 30 id 4 role seal orth 3 need 4 ebody 1 lau 0 ti 14 lcost 50 bar 7 obs 6 hist 2 pend 0
FS DL 31 id 4 role seal orth 3 need 4 ebody 1 lau 0 ti 13 lcost 50 bar 7 obs 7 hist 2 pend 0
FS DL 32 id 4 role seal orth 3 need 4 ebody 1 lau 0 ti 32 lcost 50 bar 7 obs 8 hist 2 pend 0
FS DL 33 id 4 role seal orth 3 need 4 ebody 1 lau 0 ti 31 lcost 50 bar 7 obs 9 hist 2 pend 0
FS DL 34 id 4 role seal orth 3 need 4 ebody 0 lau 0 ti 30 lcost 50 bar 7 obs 9 hist 2 pend 0
FS DL 35 id 4 role seal orth 3 need 4 ebody 0 lau 0 ti 30 lcost 50 bar 7 obs 9 hist 2 pend 0
FS CLEAR 36 tile (8, 5) peck 1
FS RUNG 36 id 4 r 3 hi -
FS DL 36 id 4 role seal orth 3 need 4 ebody 0 lau 0 ti 48 lcost 50 bar 7 obs 9 hist 2 pend 0
FS CLEAR 37 tile (8, 5) peck 2
FS RUNG 37 id 4 r 3 hi -
FS DL 37 id 4 role seal orth 3 need 4 ebody 0 lau 0 ti 46 lcost 50 bar 7 obs 9 hist 2 pend 0
FS CLEAR 38 tile (8, 5) peck 3
FS RUNG 38 id 4 r 3 hi -
FS DL 38 id 4 role seal orth 3 need 4 ebody 0 lau 0 ti 40 lcost 50 bar 7 obs 9 hist 2 pend 0
FS DL 39 id 4 role seal orth 3 need 4 ebody 0 lau 0 ti 36 lcost 50 bar 7 obs 9 hist 2 pend 0
FS STAT 40 id 4 at (8, 4) need 4 orth 3 ti 52 ammo 24 sen 0 hp 40
FS CLEAR 40 tile (8, 5) peck 4
FS RUNG 40 id 4 r 3 hi -
FS DL 40 id 4 role seal orth 3 need 4 ebody 0 lau 0 ti 50 lcost 50 bar 7 obs 9 hist 2 pend 0
FS CLEAR 41 tile (8, 5) peck 5
FS RUNG 41 id 4 r 3 hi -
FS DL 41 id 4 role seal orth 3 need 4 ebody 0 lau 0 ti 44 lcost 50 bar 7 obs 9 hist 2 pend 0
FS CLEAR 42 tile (8, 5) peck 6
FS RUNG 42 id 4 r 3 hi -
FS DL 42 id 4 role seal orth 3 need 4 ebody 0 lau 0 ti 38 lcost 50 bar 7 obs 9 hist 2 pend 0
FS DL 43 id 4 role seal orth 3 need 4 ebody 0 lau 0 ti 34 lcost 50 bar 7 obs 9 hist 2 pend 0
FS CLEAR 44 tile (8, 5) peck 7
FS RUNG 44 id 4 r 3 hi -
FS DL 44 id 4 role seal orth 3 need 4 ebody 0 lau 0 ti 52 lcost 50 bar 7 obs 9 hist 2 pend 0
FS DL 45 id 4 role seal orth 4 need 5 ebody 0 lau 0 ti 2 lcost 54 bar 8 obs 9 hist 2 pend 0
FS DL 46 id 4 role seal orth 4 need 5 ebody 0 lau 0 ti 2 lcost 54 bar 8 obs 9 hist 2 pend 0
FS DL 47 id 4 role seal orth 4 need 5 ebody 0 lau 0 ti 2 lcost 54 bar 8 obs 9 hist 2 pend 0
FS DL 48 id 4 role seal orth 4 need 5 ebody 0 lau 0 ti 22 lcost 54 bar 8 obs 9 hist 2 pend 0
FS DL 49 id 4 role seal orth 5 need 6 ebody 0 lau 0 ti 12 lcost 54 bar 8 obs 9 hist 2 pend 0
FS DL 50 id 4 role seal orth 5 need 6 ebody 0 lau 0 ti 12 lcost 54 bar 8 obs 9 hist 2 pend 0
FS DL 51 id 4 role seal orth 5 need 6 ebody 0 lau 0 ti 12 lcost 54 bar 8 obs 9 hist 2 pend 0
FS DL 52 id 4 role seal orth 5 need 6 ebody 0 lau 0 ti 20 lcost 54 bar 8 obs 9 hist 2 pend 0
FS DL 53 id 4 role seal orth 4 need 5 ebody 0 lau 0 ti 12 lcost 54 bar 8 obs 9 hist 2 pend 0
FS DL 54 id 4 role seal orth 4 need 5 ebody 0 lau 0 ti 12 lcost 54 bar 8 obs 9 hist 2 pend 0
FS DL 55 id 4 role seal orth 4 need 5 ebody 0 lau 0 ti 12 lcost 54 bar 8 obs 9 hist 2 pend 0
FS DL 56 id 4 role seal orth 3 need 4 ebody 0 lau 0 ti 16 lcost 54 bar 8 obs 9 hist 2 pend 0
FS DL 57 id 4 role seal orth 3 need 4 ebody 0 lau 0 ti 6 lcost 54 bar 8 obs 9 hist 2 pend 0
FS DL 58 id 4 role seal orth 3 need 4 ebody 0 lau 0 ti 6 lcost 54 bar 8 obs 9 hist 2 pend 0
FS DL 59 id 4 role seal orth 3 need 4 ebody 0 lau 0 ti 6 lcost 54 bar 8 obs 9 hist 2 pend 0
FS STAT 60 id 4 at (8, 4) need 4 orth 3 ti 14 ammo 24 sen 0 hp 40
FS DL 60 id 4 role seal orth 3 need 4 ebody 0 lau 0 ti 14 lcost 54 bar 8 obs 9 hist 2 pend 0
FS DL 61 id 4 role seal orth 3 need 4 ebody 0 lau 0 ti 14 lcost 54 bar 8 obs 9 hist 2 pend 0
FS DL 62 id 4 role seal orth 2 need 3 ebody 0 lau 0 ti 6 lcost 55 bar 8 obs 9 hist 2 pend 0
FS DL 63 id 4 role seal orth 2 need 3 ebody 0 lau 0 ti 6 lcost 55 bar 8 obs 9 hist 2 pend 0
FS DL 64 id 4 role seal orth 2 need 3 ebody 0 lau 0 ti 12 lcost 55 bar 8 obs 9 hist 2 pend 0
FS DL 65 id 4 role seal orth 2 need 3 ebody 0 lau 0 ti 11 lcost 55 bar 8 obs 9 hist 2 pend 0
FS DL 66 id 4 role seal orth 2 need 3 ebody 0 lau 0 ti 10 lcost 55 bar 8 obs 9 hist 2 pend 0
FS DL 67 id 4 role seal orth 2 need 3 ebody 0 lau 0 ti 9 lcost 55 bar 8 obs 9 hist 2 pend 0
FS DL 68 id 4 role seal orth 2 need 3 ebody 0 lau 0 ti 14 lcost 55 bar 8 obs 9 hist 2 pend 0
FS DL 69 id 4 role seal orth 2 need 3 ebody 0 lau 0 ti 13 lcost 55 bar 8 obs 9 hist 2 pend 0
FS DL 70 id 4 role seal orth 2 need 3 ebody 0 lau 0 ti 12 lcost 55 bar 8 obs 9 hist 2 pend 0
FS DL 71 id 4 role seal orth 2 need 3 ebody 0 lau 0 ti 11 lcost 55 bar 8 obs 9 hist 2 pend 0
FS DL 72 id 4 role seal orth 2 need 3 ebody 0 lau 0 ti 30 lcost 55 bar 8 obs 9 hist 2 pend 0
FS DL 73 id 4 role seal orth 2 need 3 ebody 0 lau 0 ti 29 lcost 55 bar 8 obs 9 hist 2 pend 0
FS DL 74 id 4 role seal orth 2 need 3 ebody 0 lau 0 ti 28 lcost 55 bar 8 obs 9 hist 2 pend 0
FS DL 75 id 4 role seal orth 2 need 3 ebody 0 lau 0 ti 27 lcost 55 bar 8 obs 9 hist 2 pend 0
FS CLEAR 76 tile (8, 5) peck 1
FS RUNG 76 id 4 r 3 hi -
FS DL 76 id 4 role seal orth 2 need 3 ebody 0 lau 0 ti 34 lcost 55 bar 8 obs 9 hist 2 pend 0
FS DL 77 id 4 role seal orth 2 need 3 ebody 0 lau 0 ti 29 lcost 55 bar 8 obs 9 hist 2 pend 0
FS DL 78 id 4 role seal orth 2 need 3 ebody 0 lau 0 ti 24 lcost 55 bar 8 obs 9 hist 2 pend 0
FS DL 79 id 4 role seal orth 2 need 3 ebody 0 lau 0 ti 19 lcost 55 bar 8 obs 9 hist 2 pend 0
FS STAT 80 id 4 at (8, 4) need 3 orth 2 ti 38 ammo 24 sen 0 hp 40
FS CLEAR 80 tile (8, 5) peck 1
FS RUNG 80 id 4 r 3 hi -
FS DL 80 id 4 role seal orth 2 need 3 ebody 0 lau 0 ti 36 lcost 55 bar 8 obs 9 hist 2 pend 0
FS CLEAR 81 tile (8, 5) peck 2
FS RUNG 81 id 4 r 3 hi -
FS DL 81 id 4 role seal orth 2 need 3 ebody 0 lau 0 ti 33 lcost 55 bar 8 obs 9 hist 2 pend 0
FS DL 82 id 4 role seal orth 2 need 3 ebody 0 lau 0 ti 32 lcost 55 bar 8 obs 9 hist 2 pend 0
FS DL 83 id 4 role seal orth 2 need 3 ebody 0 lau 0 ti 32 lcost 55 bar 8 obs 9 hist 2 pend 0
FS CLEAR 84 tile (8, 5) peck 3
FS RUNG 84 id 4 r 3 hi -
FS DL 84 id 4 role seal orth 1 need 2 ebody 0 lau 0 ti 32 lcost 55 bar 8 obs 9 hist 2 pend 0
FS CLEAR 85 tile (8, 5) peck 4
FS RUNG 85 id 4 r 3 hi -
FS DL 85 id 4 role seal orth 1 need 2 ebody 0 lau 0 ti 25 lcost 55 bar 8 obs 9 hist 2 pend 0
FS DL 86 id 4 role seal orth 1 need 2 ebody 0 lau 0 ti 20 lcost 55 bar 8 obs 9 hist 2 pend 0
FS DL 87 id 4 role seal orth 1 need 2 ebody 0 lau 0 ti 15 lcost 55 bar 8 obs 9 hist 2 pend 0
FS CLEAR 88 tile (8, 5) peck 5
FS RUNG 88 id 4 r 3 hi -
FS DL 88 id 4 role seal orth 1 need 2 ebody 0 lau 0 ti 28 lcost 55 bar 8 obs 9 hist 2 pend 0
FS DL 89 id 4 role seal orth 1 need 2 ebody 0 lau 0 ti 23 lcost 55 bar 8 obs 9 hist 2 pend 0
FS DL 90 id 4 role seal orth 1 need 2 ebody 0 lau 0 ti 19 lcost 55 bar 8 obs 9 hist 2 pend 0
FS DL 91 id 4 role seal orth 1 need 2 ebody 0 lau 0 ti 15 lcost 55 bar 8 obs 9 hist 2 pend 0
FS CLEAR 92 tile (8, 5) peck 1
FS RUNG 92 id 4 r 3 hi -
FS DL 92 id 4 role seal orth 1 need 2 ebody 0 lau 0 ti 29 lcost 55 bar 8 obs 9 hist 2 pend 0
FS DL 93 id 4 role seal orth 1 need 2 ebody 0 lau 0 ti 25 lcost 55 bar 8 obs 9 hist 2 pend 0
FS DL 94 id 4 role seal orth 1 need 2 ebody 0 lau 0 ti 20 lcost 55 bar 8 obs 9 hist 2 pend 0
FS DL 95 id 4 role seal orth 1 need 2 ebody 0 lau 0 ti 15 lcost 55 bar 8 obs 9 hist 2 pend 0
FS DL 96 id 4 role seal orth 1 need 2 ebody 0 lau 0 ti 30 lcost 55 bar 8 obs 9 hist 2 pend 0
FS DL 97 id 4 role seal orth 3 need 4 ebody 0 lau 0 ti 25 lcost 55 bar 8 obs 9 hist 2 pend 0
FS DL 98 id 4 role seal orth 1 need 2 ebody 0 lau 0 ti 20 lcost 55 bar 8 obs 9 hist 2 pend 0
FS SEAL 99 tile (8, 6) n 5
FS DL 99 id 4 role seal orth 1 need 2 ebody 0 lau 0 ti 8 lcost 55 bar 8 obs 9 hist 2 pend 0
FS PHASE 100 id 4 ph 3 d 4 at (7, 6)
FS STAT 100 id 4 at (7, 6) need 3 orth 0 ti 24 ammo 24 sen 0 hp 40
FS DL 100 id 4 role seal orth 0 need 3 ebody 0 lau 0 ti 24 lcost 55 bar 8 obs 9 hist 2 pend 0
FS DL 101 id 4 role seal orth 0 need 3 ebody 0 lau 0 ti 20 lcost 55 bar 8 obs 9 hist 2 pend 0
FS SEAL 102 tile (8, 8) n 6
FS DL 102 id 4 role seal orth 0 need 3 ebody 0 lau 0 ti 8 lcost 55 bar 8 obs 9 hist 2 pend 0
FS DL 103 id 4 role seal orth 0 need 2 ebody 0 lau 0 ti 8 lcost 55 bar 8 obs 9 hist 2 pend 0
FS PHASE 104 id 4 ph 2 d 8 at (7, 9)
FS DL 104 id 4 role seal orth 2 need 3 ebody 0 lau 0 ti 20 lcost 55 bar 8 obs 9 hist 2 pend 0
FS PHASE 105 id 4 ph 3 d 5 at (7, 8)
FS DL 105 id 4 role seal orth 0 need 2 ebody 0 lau 0 ti 16 lcost 55 bar 8 obs 9 hist 2 pend 0
FS PHASE 106 id 4 ph 2 d 8 at (7, 9)
FS DL 106 id 4 role seal orth 2 need 3 ebody 0 lau 0 ti 12 lcost 55 bar 8 obs 9 hist 2 pend 0
FS PHASE 107 id 4 ph 3 d 5 at (7, 8)
FS DL 107 id 4 role seal orth 0 need 2 ebody 0 lau 0 ti 12 lcost 55 bar 8 obs 9 hist 2 pend 0
FS PHASE 108 id 4 ph 2 d 8 at (7, 9)
FS DL 108 id 4 role seal orth 2 need 3 ebody 0 lau 0 ti 24 lcost 55 bar 8 obs 9 hist 2 pend 0
FS PHASE 109 id 4 ph 3 d 5 at (7, 8)
FS DL 109 id 4 role seal orth 0 need 2 ebody 0 lau 0 ti 12 lcost 55 bar 8 obs 9 hist 2 pend 0
FS PHASE 110 id 4 ph 2 d 8 at (7, 9)
FS DL 110 id 4 role seal orth 2 need 3 ebody 0 lau 0 ti 12 lcost 55 bar 8 obs 9 hist 2 pend 0
FS PHASE 111 id 4 ph 3 d 5 at (7, 8)
FS DL 111 id 4 role seal orth 0 need 2 ebody 0 lau 0 ti 12 lcost 55 bar 8 obs 9 hist 2 pend 0
FS PHASE 112 id 4 ph 2 d 8 at (7, 9)
FS DL 112 id 4 role seal orth 2 need 3 ebody 0 lau 0 ti 20 lcost 55 bar 8 obs 9 hist 2 pend 0
FS PHASE 113 id 4 ph 3 d 5 at (7, 8)
FS DL 113 id 4 role seal orth 0 need 2 ebody 0 lau 0 ti 16 lcost 55 bar 8 obs 9 hist 2 pend 0
FS PHASE 114 id 4 ph 2 d 8 at (7, 9)
FS DL 114 id 4 role seal orth 2 need 3 ebody 0 lau 0 ti 12 lcost 55 bar 8 obs 9 hist 2 pend 0
FS PHASE 115 id 4 ph 3 d 5 at (7, 8)
FS DL 115 id 4 role seal orth 0 need 2 ebody 0 lau 0 ti 12 lcost 55 bar 8 obs 9 hist 2 pend 0
FS PHASE 116 id 4 ph 2 d 8 at (7, 9)
FS DL 116 id 4 role seal orth 2 need 3 ebody 0 lau 0 ti 24 lcost 55 bar 8 obs 9 hist 2 pend 0
FS PHASE 117 id 4 ph 3 d 5 at (7, 8)
FS DL 117 id 4 role seal orth 0 need 2 ebody 0 lau 0 ti 20 lcost 51 bar 7 obs 9 hist 2 pend 0
FS PHASE 118 id 4 ph 2 d 8 at (7, 9)
FS DL 118 id 4 role seal orth 2 need 3 ebody 0 lau 0 ti 20 lcost 51 bar 7 obs 9 hist 2 pend 0
FS PHASE 119 id 4 ph 3 d 5 at (7, 8)
FS DL 119 id 4 role seal orth 0 need 2 ebody 0 lau 0 ti 12 lcost 51 bar 7 obs 9 hist 2 pend 0
FS PHASE 120 id 4 ph 2 d 8 at (7, 9)
FS STAT 120 id 4 at (7, 9) need 3 orth 2 ti 32 ammo 20 sen 0 hp 40
FS DL 120 id 4 role seal orth 2 need 3 ebody 0 lau 0 ti 32 lcost 51 bar 7 obs 9 hist 2 pend 0
FS PHASE 121 id 4 ph 3 d 5 at (7, 8)
FS DL 121 id 4 role seal orth 0 need 2 ebody 0 lau 0 ti 24 lcost 51 bar 7 obs 9 hist 2 pend 0
FS PHASE 122 id 4 ph 2 d 8 at (7, 9)
FS DL 122 id 4 role seal orth 2 need 3 ebody 0 lau 0 ti 24 lcost 51 bar 7 obs 9 hist 2 pend 0
FS PHASE 123 id 4 ph 3 d 5 at (7, 8)
FS DL 123 id 4 role seal orth 0 need 2 ebody 0 lau 0 ti 16 lcost 51 bar 7 obs 9 hist 2 pend 0
FS PHASE 124 id 4 ph 2 d 8 at (7, 9)
FS DL 124 id 4 role seal orth 2 need 3 ebody 0 lau 0 ti 36 lcost 51 bar 7 obs 9 hist 2 pend 0
FS PHASE 125 id 4 ph 3 d 5 at (7, 8)
FS DL 125 id 4 role seal orth 0 need 2 ebody 0 lau 0 ti 28 lcost 51 bar 7 obs 9 hist 2 pend 0
FS PHASE 126 id 4 ph 2 d 8 at (7, 9)
FS DL 126 id 4 role seal orth 2 need 3 ebody 0 lau 0 ti 28 lcost 51 bar 7 obs 9 hist 2 pend 0
FS PHASE 127 id 4 ph 3 d 5 at (7, 8)
FS DL 127 id 4 role seal orth 0 need 2 ebody 0 lau 0 ti 20 lcost 51 bar 7 obs 9 hist 2 pend 0
FS PHASE 128 id 4 ph 2 d 8 at (7, 9)
FS DL 128 id 4 role seal orth 2 need 3 ebody 0 lau 0 ti 40 lcost 51 bar 7 obs 9 hist 2 pend 0
FS PHASE 129 id 4 ph 3 d 5 at (7, 8)
FS DL 129 id 4 role seal orth 0 need 2 ebody 0 lau 0 ti 32 lcost 51 bar 7 obs 9 hist 2 pend 0
FS PHASE 130 id 4 ph 2 d 8 at (7, 9)
FS DL 130 id 4 role seal orth 2 need 3 ebody 0 lau 0 ti 32 lcost 51 bar 7 obs 9 hist 2 pend 0
FS PHASE 131 id 4 ph 3 d 5 at (7, 8)
FS DL 131 id 4 role seal orth 0 need 2 ebody 0 lau 0 ti 24 lcost 51 bar 7 obs 9 hist 2 pend 0
FS PHASE 132 id 4 ph 2 d 8 at (7, 9)
FS DL 132 id 4 role seal orth 2 need 3 ebody 0 lau 0 ti 44 lcost 51 bar 7 obs 9 hist 2 pend 0
FS PHASE 133 id 4 ph 3 d 5 at (7, 8)
FS DL 133 id 4 role seal orth 0 need 2 ebody 0 lau 0 ti 36 lcost 51 bar 7 obs 9 hist 2 pend 0
FS PHASE 134 id 4 ph 2 d 8 at (7, 9)
FS DL 134 id 4 role seal orth 2 need 3 ebody 0 lau 0 ti 36 lcost 51 bar 7 obs 9 hist 2 pend 0
FS PHASE 135 id 4 ph 3 d 5 at (7, 8)
FS DL 135 id 4 role seal orth 0 need 2 ebody 0 lau 0 ti 28 lcost 51 bar 7 obs 9 hist 2 pend 0
FS PHASE 136 id 4 ph 2 d 8 at (7, 9)
FS DL 136 id 4 role seal orth 2 need 3 ebody 0 lau 0 ti 48 lcost 51 bar 7 obs 9 hist 2 pend 0
FS DL 137 id 4 role seal orth 1 need 2 ebody 0 lau 0 ti 40 lcost 51 bar 7 obs 9 hist 2 pend 0
FS DL 138 id 4 role seal orth 1 need 2 ebody 0 lau 0 ti 36 lcost 51 bar 7 obs 9 hist 2 pend 0
FS DL 139 id 4 role seal orth 1 need 2 ebody 0 lau 0 ti 32 lcost 51 bar 7 obs 9 hist 2 pend 0
FS STAT 140 id 4 at (7, 6) need 2 orth 1 ti 48 ammo 24 sen 0 hp 40
FS DL 140 id 4 role seal orth 1 need 2 ebody 0 lau 0 ti 48 lcost 51 bar 7 obs 9 hist 2 pend 0
FS DL 141 id 4 role seal orth 1 need 2 ebody 0 lau 0 ti 44 lcost 51 bar 7 obs 9 hist 2 pend 0
FS DL 142 id 4 role seal orth 4 need 5 ebody 0 lau 0 ti 40 lcost 51 bar 7 obs 9 hist 2 pend 0
FS DL 143 id 4 role seal orth 1 need 2 ebody 0 lau 0 ti 36 lcost 51 bar 7 obs 9 hist 2 pend 0
FS DL 144 id 4 role seal orth 4 need 5 ebody 0 lau 0 ti 52 lcost 51 bar 7 obs 9 hist 2 pend 0
FS DL 145 id 4 role seal orth 1 need 2 ebody 0 lau 0 ti 48 lcost 51 bar 7 obs 9 hist 2 pend 0
FS DL 146 id 4 role seal orth 4 need 5 ebody 0 lau 0 ti 44 lcost 51 bar 7 obs 9 hist 2 pend 0
FS DL 147 id 4 role seal orth 1 need 2 ebody 0 lau 0 ti 40 lcost 51 bar 7 obs 9 hist 2 pend 0
FS DL 148 id 4 role seal orth 3 need 4 ebody 0 lau 0 ti 56 lcost 51 bar 7 obs 9 hist 2 pend 0
FS DL 149 id 4 role seal orth 1 need 2 ebody 0 lau 0 ti 52 lcost 51 bar 7 obs 9 hist 2 pend 0
FS SEAL 150 tile (9, 5) n 7
FS DL 150 id 4 role seal orth 1 need 2 ebody 0 lau 0 ti 41 lcost 51 bar 7 obs 9 hist 2 pend 0
FS PHASE 151 id 4 ph 3 d 4 at (9, 4)
FS DL 151 id 4 role seal orth 0 need 2 ebody 0 lau 0 ti 37 lcost 51 bar 7 obs 9 hist 2 pend 0
FS DL 152 id 4 role seal orth 0 need 2 ebody 0 lau 0 ti 57 lcost 51 bar 7 obs 9 hist 2 pend 0
FS DL 153 id 4 role seal orth 0 need 3 ebody 0 lau 0 ti 57 lcost 51 bar 7 obs 9 hist 2 pend 0
FS DODGE 154 id 4 from (11, 5) to (11, 4) cov 1 -> 0 hit 0 hp 40
FS DL 154 id 4 role seal orth 0 need 2 ebody 0 lau 0 ti 57 lcost 51 bar 7 obs 9 hist 2 pend 0
FS DL 155 id 4 role seal orth 0 need 3 ebody 0 lau 0 ti 57 lcost 51 bar 7 obs 9 hist 2 pend 0
FS DODGE 156 id 4 from (11, 5) to (11, 4) cov 1 -> 0 hit 0 hp 40
FS DL 156 id 4 role seal orth 0 need 2 ebody 0 lau 0 ti 77 lcost 51 bar 7 obs 9 hist 2 pend 0
FS DL 157 id 4 role seal orth 0 need 3 ebody 0 lau 0 ti 77 lcost 51 bar 7 obs 9 hist 2 pend 0
FS DODGE 158 id 4 from (11, 5) to (11, 4) cov 1 -> 0 hit 0 hp 40
FS DL 158 id 4 role seal orth 0 need 2 ebody 0 lau 0 ti 77 lcost 51 bar 7 obs 9 hist 2 pend 0
FS DL 159 id 4 role seal orth 0 need 3 ebody 0 lau 0 ti 77 lcost 51 bar 7 obs 9 hist 2 pend 0
FS STAT 160 id 4 at (11, 5) need 2 orth 0 ti 81 ammo 16 sen 0 hp 40
FS DODGE 160 id 4 from (11, 5) to (11, 4) cov 1 -> 0 hit 0 hp 40
FS DL 160 id 4 role seal orth 0 need 2 ebody 0 lau 0 ti 81 lcost 51 bar 7 obs 9 hist 2 pend 0
FS DL 161 id 4 role seal orth 0 need 3 ebody 0 lau 0 ti 81 lcost 51 bar 7 obs 9 hist 2 pend 0
FS DODGE 162 id 4 from (11, 5) to (11, 4) cov 1 -> 0 hit 0 hp 40
FS DL 162 id 4 role seal orth 0 need 2 ebody 0 lau 0 ti 81 lcost 51 bar 7 obs 9 hist 2 pend 0
FS DL 163 id 4 role seal orth 0 need 3 ebody 0 lau 0 ti 81 lcost 51 bar 7 obs 9 hist 2 pend 0
FS DODGE 164 id 4 from (11, 5) to (11, 4) cov 1 -> 0 hit 0 hp 40
FS DL 164 id 4 role seal orth 0 need 2 ebody 0 lau 0 ti 81 lcost 51 bar 7 obs 9 hist 2 pend 0
FS PHASE 165 id 4 ph 2 d 5 at (11, 4)
FS DL 165 id 4 role seal orth 1 need 2 ebody 0 lau 0 ti 81 lcost 51 bar 7 obs 9 hist 2 pend 0
FS DL 166 id 4 role seal orth 1 need 2 ebody 0 lau 0 ti 63 lcost 51 bar 7 obs 9 hist 2 pend 0
FS SEAL 167 tile (9, 5) n 8
FS DL 167 id 4 role seal orth 1 need 2 ebody 0 lau 0 ti 52 lcost 51 bar 7 obs 9 hist 2 pend 0
FS PHASE 168 id 4 ph 3 d 4 at (9, 4)
FS DL 168 id 4 role seal orth 0 need 2 ebody 0 lau 0 ti 68 lcost 51 bar 7 obs 9 hist 2 pend 0
FS DL 169 id 4 role seal orth 0 need 2 ebody 0 lau 0 ti 68 lcost 51 bar 7 obs 9 hist 2 pend 0
FS DL 170 id 4 role seal orth 0 need 3 ebody 0 lau 0 ti 68 lcost 51 bar 7 obs 9 hist 2 pend 0
FS DL 171 id 4 role seal orth 0 need 2 ebody 0 lau 0 ti 68 lcost 51 bar 7 obs 9 hist 2 pend 0
FS DODGE 172 id 4 from (12, 5) to (12, 6) cov 1 -> 0 hit 0 hp 40
FS DL 172 id 4 role seal orth 0 need 3 ebody 0 lau 0 ti 81 lcost 51 bar 7 obs 9 hist 2 pend 0
FS DL 173 id 4 role seal orth 0 need 2 ebody 0 lau 0 ti 81 lcost 51 bar 7 obs 9 hist 2 pend 0
FS DL 174 id 4 role seal orth 0 need 2 ebody 0 lau 0 ti 81 lcost 51 bar 7 obs 9 hist 2 pend 0
FS SEAL 175 tile (11, 8) n 9
FS DL 175 id 4 role seal orth 0 need 2 ebody 0 lau 0 ti 74 lcost 51 bar 7 obs 9 hist 2 pend 0
FS DL 176 id 4 role seal orth 0 need 1 ebody 0 lau 0 ti 81 lcost 51 bar 7 obs 9 hist 2 pend 0
FS PHASE 177 id 4 ph 2 d 10 at (13, 8)
FS DL 177 id 4 role seal orth 3 need 4 ebody 0 lau 0 ti 81 lcost 51 bar 7 obs 9 hist 2 pend 0
FS PHASE 178 id 4 ph 3 d 5 at (12, 8)
FS DL 178 id 4 role seal orth 0 need 1 ebody 0 lau 0 ti 69 lcost 51 bar 7 obs 9 hist 2 pend 0
FS PHASE 179 id 4 ph 2 d 10 at (13, 8)
FS DL 179 id 4 role seal orth 3 need 4 ebody 0 lau 0 ti 69 lcost 51 bar 7 obs 9 hist 2 pend 0
FS PHASE 180 id 4 ph 3 d 5 at (12, 8)
FS STAT 180 id 4 at (12, 8) need 1 orth 0 ti 89 ammo 24 sen 0 hp 40
FS SENTINEL 180 at (12, 9) face NORTHWEST tgt (9, 6) score 18 n 1 onring 0
FS RUNG 180 id 4 r 4 hi -
FS DL 180 id 4 role seal orth 0 need 1 ebody 0 lau 0 ti 12 lcost 55 bar 8 obs 9 hist 2 pend 0
FS PHASE 181 id 4 ph 4 d 5 at (12, 8)
FS DL 181 id 4 role seal orth 1 need 2 ebody 0 lau 0 ti 12 lcost 55 bar 8 obs 9 hist 2 pend 0
FS DL 182 id 4 role seal orth 3 need 4 ebody 0 lau 0 ti 12 lcost 55 bar 8 obs 9 hist 2 pend 0
FS DL 183 id 4 role seal orth 4 need 5 ebody 0 lau 0 ti 12 lcost 55 bar 8 obs 9 hist 2 pend 0
FS DL 184 id 4 role seal orth 4 need 5 ebody 0 lau 0 ti 16 lcost 55 bar 8 obs 9 hist 2 pend 0
FS DL 185 id 4 role seal orth 4 need 5 ebody 0 lau 0 ti 16 lcost 55 bar 8 obs 9 hist 2 pend 0
FS DL 186 id 4 role seal orth 3 need 4 ebody 0 lau 0 ti 16 lcost 55 bar 8 obs 9 hist 2 pend 0
FS DL 187 id 4 role seal orth 4 need 5 ebody 0 lau 0 ti 16 lcost 55 bar 8 obs 9 hist 2 pend 0
FS DL 188 id 4 role seal orth 3 need 4 ebody 0 lau 0 ti 16 lcost 55 bar 8 obs 9 hist 2 pend 0
FS DL 189 id 4 role seal orth 4 need 5 ebody 0 lau 0 ti 16 lcost 55 bar 8 obs 9 hist 2 pend 0
FS DL 190 id 4 role seal orth 3 need 4 ebody 0 lau 0 ti 16 lcost 55 bar 8 obs 9 hist 2 pend 0
FS DL 191 id 4 role seal orth 4 need 5 ebody 0 lau 0 ti 16 lcost 55 bar 8 obs 9 hist 2 pend 0
FS DL 192 id 4 role seal orth 3 need 4 ebody 0 lau 0 ti 16 lcost 55 bar 8 obs 9 hist 2 pend 0
FS DL 193 id 4 role seal orth 4 need 5 ebody 0 lau 0 ti 16 lcost 55 bar 8 obs 9 hist 2 pend 0
FS DL 194 id 4 role seal orth 3 need 4 ebody 0 lau 0 ti 16 lcost 55 bar 8 obs 9 hist 2 pend 0
FS DL 195 id 4 role seal orth 4 need 5 ebody 0 lau 0 ti 16 lcost 55 bar 8 obs 9 hist 2 pend 0
FS DL 196 id 4 role seal orth 3 need 4 ebody 0 lau 0 ti 16 lcost 55 bar 8 obs 9 hist 2 pend 0
FS DL 197 id 4 role seal orth 4 need 5 ebody 0 lau 0 ti 16 lcost 55 bar 8 obs 9 hist 2 pend 0
FS DL 198 id 4 role seal orth 3 need 4 ebody 0 lau 0 ti 16 lcost 55 bar 8 obs 9 hist 2 pend 0
FS DL 199 id 4 role seal orth 4 need 5 ebody 0 lau 0 ti 16 lcost 55 bar 8 obs 9 hist 2 pend 0
FS STAT 200 id 4 at (11, 10) need 4 orth 3 ti 16 ammo 10 sen 1 hp 40
FS DL 200 id 4 role seal orth 3 need 4 ebody 0 lau 0 ti 16 lcost 55 bar 8 obs 9 hist 2 pend 0
FS DL 201 id 4 role seal orth 4 need 5 ebody 0 lau 0 ti 16 lcost 55 bar 8 obs 9 hist 2 pend 0
FS DL 202 id 4 role seal orth 3 need 4 ebody 0 lau 0 ti 16 lcost 55 bar 8 obs 9 hist 2 pend 0
FS DL 203 id 4 role seal orth 4 need 5 ebody 0 lau 0 ti 16 lcost 55 bar 8 obs 9 hist 2 pend 0
FS DL 204 id 4 role seal orth 3 need 4 ebody 0 lau 0 ti 16 lcost 55 bar 8 obs 9 hist 2 pend 0
FS DL 205 id 4 role seal orth 4 need 5 ebody 0 lau 0 ti 16 lcost 55 bar 8 obs 9 hist 2 pend 0
FS DL 206 id 4 role seal orth 3 need 4 ebody 0 lau 0 ti 16 lcost 55 bar 8 obs 9 hist 2 pend 0
FS DL 207 id 4 role seal orth 4 need 5 ebody 0 lau 0 ti 16 lcost 55 bar 8 obs 9 hist 2 pend 0
FS DL 208 id 4 role seal orth 3 need 4 ebody 0 lau 0 ti 16 lcost 55 bar 8 obs 9 hist 2 pend 0
FS DL 209 id 4 role seal orth 4 need 5 ebody 0 lau 0 ti 16 lcost 55 bar 8 obs 9 hist 2 pend 0
FS DL 210 id 4 role seal orth 3 need 4 ebody 0 lau 0 ti 16 lcost 55 bar 8 obs 9 hist 2 pend 0
FS DL 211 id 4 role seal orth 4 need 5 ebody 0 lau 0 ti 16 lcost 55 bar 8 obs 9 hist 2 pend 0
FS DL 212 id 4 role seal orth 3 need 4 ebody 0 lau 0 ti 16 lcost 55 bar 8 obs 9 hist 2 pend 0
FS DL 213 id 4 role seal orth 4 need 5 ebody 0 lau 0 ti 16 lcost 55 bar 8 obs 9 hist 2 pend 0
FS DL 214 id 4 role seal orth 3 need 4 ebody 0 lau 0 ti 16 lcost 55 bar 8 obs 9 hist 2 pend 0
FS DL 215 id 4 role seal orth 4 need 5 ebody 0 lau 0 ti 16 lcost 55 bar 8 obs 9 hist 2 pend 0
FS DL 216 id 4 role seal orth 3 need 4 ebody 0 lau 0 ti 16 lcost 55 bar 8 obs 9 hist 2 pend 0
FS DL 217 id 4 role seal orth 4 need 5 ebody 0 lau 0 ti 16 lcost 55 bar 8 obs 9 hist 2 pend 0
FS DL 218 id 4 role seal orth 3 need 4 ebody 0 lau 0 ti 16 lcost 55 bar 8 obs 9 hist 2 pend 0
FS DL 219 id 4 role seal orth 4 need 5 ebody 0 lau 0 ti 16 lcost 55 bar 8 obs 9 hist 2 pend 0
FS STAT 220 id 4 at (11, 10) need 4 orth 3 ti 16 ammo 10 sen 1 hp 40
FS DL 220 id 4 role seal orth 3 need 4 ebody 0 lau 0 ti 16 lcost 55 bar 8 obs 9 hist 2 pend 0
FS DL 221 id 4 role seal orth 4 need 5 ebody 0 lau 0 ti 16 lcost 55 bar 8 obs 9 hist 2 pend 0
FS DL 222 id 4 role seal orth 3 need 4 ebody 0 lau 0 ti 16 lcost 55 bar 8 obs 9 hist 2 pend 0
FS DL 223 id 4 role seal orth 4 need 5 ebody 0 lau 0 ti 16 lcost 55 bar 8 obs 9 hist 2 pend 0
FS DL 224 id 4 role seal orth 3 need 4 ebody 0 lau 0 ti 16 lcost 55 bar 8 obs 9 hist 2 pend 0
FS DL 225 id 4 role seal orth 4 need 5 ebody 0 lau 0 ti 16 lcost 55 bar 8 obs 9 hist 2 pend 0
FS DL 226 id 4 role seal orth 3 need 4 ebody 0 lau 0 ti 16 lcost 55 bar 8 obs 9 hist 2 pend 0
FS DL 227 id 4 role seal orth 4 need 5 ebody 0 lau 0 ti 16 lcost 55 bar 8 obs 9 hist 2 pend 0
FS DL 228 id 4 role seal orth 3 need 4 ebody 0 lau 0 ti 16 lcost 55 bar 8 obs 9 hist 2 pend 0
FS DL 229 id 4 role seal orth 4 need 5 ebody 0 lau 0 ti 16 lcost 55 bar 8 obs 9 hist 2 pend 0
FS DL 230 id 4 role seal orth 3 need 4 ebody 0 lau 0 ti 16 lcost 55 bar 8 obs 9 hist 2 pend 0
FS DL 231 id 4 role seal orth 4 need 5 ebody 0 lau 0 ti 16 lcost 55 bar 8 obs 9 hist 2 pend 0
FS DL 232 id 4 role seal orth 3 need 4 ebody 0 lau 0 ti 16 lcost 55 bar 8 obs 9 hist 2 pend 0
FS DL 233 id 4 role seal orth 4 need 5 ebody 0 lau 0 ti 16 lcost 55 bar 8 obs 9 hist 2 pend 0
FS DL 234 id 4 role seal orth 3 need 4 ebody 0 lau 0 ti 16 lcost 55 bar 8 obs 9 hist 2 pend 0
FS DL 235 id 4 role seal orth 4 need 5 ebody 0 lau 0 ti 16 lcost 55 bar 8 obs 9 hist 2 pend 0
FS DL 236 id 4 role seal orth 3 need 4 ebody 0 lau 0 ti 16 lcost 55 bar 8 obs 9 hist 2 pend 0
FS DL 237 id 4 role seal orth 4 need 5 ebody 0 lau 0 ti 16 lcost 55 bar 8 obs 9 hist 2 pend 0
FS DL 238 id 4 role seal orth 3 need 4 ebody 0 lau 0 ti 16 lcost 55 bar 8 obs 9 hist 2 pend 0
FS DL 239 id 4 role seal orth 4 need 5 ebody 0 lau 0 ti 16 lcost 55 bar 8 obs 9 hist 2 pend 0
FS STAT 240 id 4 at (11, 10) need 4 orth 3 ti 16 ammo 10 sen 1 hp 40
FS DL 240 id 4 role seal orth 3 need 4 ebody 0 lau 0 ti 16 lcost 55 bar 8 obs 9 hist 2 pend 0
FS DL 241 id 4 role seal orth 4 need 5 ebody 0 lau 0 ti 16 lcost 55 bar 8 obs 9 hist 2 pend 0
FS DL 242 id 4 role seal orth 3 need 4 ebody 0 lau 0 ti 16 lcost 55 bar 8 obs 9 hist 2 pend 0
FS DL 243 id 4 role seal orth 4 need 5 ebody 0 lau 0 ti 16 lcost 55 bar 8 obs 9 hist 2 pend 0
FS DL 244 id 4 role seal orth 3 need 4 ebody 0 lau 0 ti 16 lcost 55 bar 8 obs 9 hist 2 pend 0
FS DL 245 id 4 role seal orth 4 need 5 ebody 0 lau 0 ti 16 lcost 55 bar 8 obs 9 hist 2 pend 0
FS DL 246 id 4 role seal orth 3 need 4 ebody 0 lau 0 ti 16 lcost 55 bar 8 obs 9 hist 2 pend 0
FS DL 247 id 4 role seal orth 4 need 5 ebody 0 lau 0 ti 16 lcost 55 bar 8 obs 9 hist 2 pend 0
FS DL 248 id 4 role seal orth 3 need 4 ebody 0 lau 0 ti 16 lcost 55 bar 8 obs 9 hist 2 pend 0
FS DL 249 id 4 role seal orth 4 need 5 ebody 0 lau 0 ti 16 lcost 55 bar 8 obs 9 hist 2 pend 0
FS DL 250 id 4 role seal orth 3 need 4 ebody 0 lau 0 ti 16 lcost 55 bar 8 obs 9 hist 2 pend 0
FS DL 251 id 4 role seal orth 4 need 5 ebody 0 lau 0 ti 16 lcost 55 bar 8 obs 9 hist 2 pend 0
FS DL 252 id 4 role seal orth 3 need 4 ebody 0 lau 0 ti 16 lcost 55 bar 8 obs 9 hist 2 pend 0
FS DL 253 id 4 role seal orth 4 need 5 ebody 0 lau 0 ti 16 lcost 55 bar 8 obs 9 hist 2 pend 0
FS DL 254 id 4 role seal orth 3 need 4 ebody 0 lau 0 ti 16 lcost 55 bar 8 obs 9 hist 2 pend 0
FS DL 255 id 4 role seal orth 4 need 5 ebody 0 lau 0 ti 16 lcost 55 bar 8 obs 9 hist 2 pend 0
FS DL 256 id 4 role seal orth 3 need 4 ebody 0 lau 0 ti 16 lcost 55 bar 8 obs 9 hist 2 pend 0
FS DL 257 id 4 role seal orth 4 need 5 ebody 0 lau 0 ti 16 lcost 55 bar 8 obs 9 hist 2 pend 0
FS DL 258 id 4 role seal orth 3 need 4 ebody 0 lau 0 ti 16 lcost 55 bar 8 obs 9 hist 2 pend 0
FS DL 259 id 4 role seal orth 4 need 5 ebody 0 lau 0 ti 16 lcost 55 bar 8 obs 9 hist 2 pend 0
FS STAT 260 id 4 at (11, 10) need 4 orth 3 ti 16 ammo 10 sen 1 hp 40
FS DL 260 id 4 role seal orth 3 need 4 ebody 0 lau 0 ti 16 lcost 55 bar 8 obs 9 hist 2 pend 0
FS DL 261 id 4 role seal orth 4 need 5 ebody 0 lau 0 ti 16 lcost 55 bar 8 obs 9 hist 2 pend 0
FS DL 262 id 4 role seal orth 3 need 4 ebody 0 lau 0 ti 16 lcost 55 bar 8 obs 9 hist 2 pend 0
FS DL 263 id 4 role seal orth 4 need 5 ebody 0 lau 0 ti 16 lcost 55 bar 8 obs 9 hist 2 pend 0
FS DL 264 id 4 role seal orth 3 need 4 ebody 0 lau 0 ti 16 lcost 55 bar 8 obs 9 hist 2 pend 0
FS DL 265 id 4 role seal orth 4 need 5 ebody 0 lau 0 ti 16 lcost 55 bar 8 obs 9 hist 2 pend 0
FS DL 266 id 4 role seal orth 3 need 4 ebody 0 lau 0 ti 16 lcost 55 bar 8 obs 9 hist 2 pend 0
FS DL 267 id 4 role seal orth 4 need 5 ebody 0 lau 0 ti 16 lcost 55 bar 8 obs 9 hist 2 pend 0
FS DL 268 id 4 role seal orth 3 need 4 ebody 0 lau 0 ti 16 lcost 55 bar 8 obs 9 hist 2 pend 0
FS DL 269 id 4 role seal orth 4 need 5 ebody 0 lau 0 ti 16 lcost 55 bar 8 obs 9 hist 2 pend 0
FS DL 270 id 4 role seal orth 3 need 4 ebody 0 lau 0 ti 16 lcost 55 bar 8 obs 9 hist 2 pend 0
FS DL 271 id 4 role seal orth 4 need 5 ebody 0 lau 0 ti 16 lcost 55 bar 8 obs 9 hist 2 pend 0
FS DL 272 id 4 role seal orth 3 need 4 ebody 0 lau 0 ti 16 lcost 55 bar 8 obs 9 hist 2 pend 0
FS DL 273 id 4 role seal orth 4 need 5 ebody 0 lau 0 ti 16 lcost 55 bar 8 obs 9 hist 2 pend 0
FS DL 274 id 4 role seal orth 3 need 4 ebody 0 lau 0 ti 16 lcost 55 bar 8 obs 9 hist 2 pend 0
FS DL 275 id 4 role seal orth 4 need 5 ebody 0 lau 0 ti 16 lcost 55 bar 8 obs 9 hist 2 pend 0
FS DL 276 id 4 role seal orth 3 need 4 ebody 0 lau 0 ti 16 lcost 55 bar 8 obs 9 hist 2 pend 0
FS DL 277 id 4 role seal orth 4 need 5 ebody 0 lau 0 ti 16 lcost 55 bar 8 obs 9 hist 2 pend 0
FS DL 278 id 4 role seal orth 3 need 4 ebody 0 lau 0 ti 16 lcost 55 bar 8 obs 9 hist 2 pend 0
FS DL 279 id 4 role seal orth 4 need 5 ebody 0 lau 0 ti 16 lcost 55 bar 8 obs 9 hist 2 pend 0
FS STAT 280 id 4 at (11, 10) need 4 orth 3 ti 16 ammo 10 sen 1 hp 40
FS DL 280 id 4 role seal orth 3 need 4 ebody 0 lau 0 ti 16 lcost 55 bar 8 obs 9 hist 2 pend 0
FS DL 281 id 4 role seal orth 4 need 5 ebody 0 lau 0 ti 16 lcost 55 bar 8 obs 9 hist 2 pend 0
FS DL 282 id 4 role seal orth 3 need 4 ebody 0 lau 0 ti 16 lcost 55 bar 8 obs 9 hist 2 pend 0
FS DL 283 id 4 role seal orth 4 need 5 ebody 0 lau 0 ti 16 lcost 55 bar 8 obs 9 hist 2 pend 0
FS DL 284 id 4 role seal orth 3 need 4 ebody 0 lau 0 ti 16 lcost 55 bar 8 obs 9 hist 2 pend 0
FS DL 285 id 4 role seal orth 4 need 5 ebody 0 lau 0 ti 16 lcost 55 bar 8 obs 9 hist 2 pend 0
FS DL 286 id 4 role seal orth 3 need 4 ebody 0 lau 0 ti 16 lcost 55 bar 8 obs 9 hist 2 pend 0
FS DL 287 id 4 role seal orth 4 need 5 ebody 0 lau 0 ti 16 lcost 55 bar 8 obs 9 hist 2 pend 0
FS DL 288 id 4 role seal orth 3 need 4 ebody 0 lau 0 ti 16 lcost 55 bar 8 obs 9 hist 2 pend 0
FS DL 289 id 4 role seal orth 4 need 5 ebody 0 lau 0 ti 16 lcost 55 bar 8 obs 9 hist 2 pend 0
FS DL 290 id 4 role seal orth 3 need 4 ebody 0 lau 0 ti 16 lcost 55 bar 8 obs 9 hist 2 pend 0
FS DL 291 id 4 role seal orth 4 need 5 ebody 0 lau 0 ti 16 lcost 55 bar 8 obs 9 hist 2 pend 0
FS DL 292 id 4 role seal orth 3 need 4 ebody 0 lau 0 ti 16 lcost 55 bar 8 obs 9 hist 2 pend 0
FS DL 293 id 4 role seal orth 4 need 5 ebody 0 lau 0 ti 16 lcost 55 bar 8 obs 9 hist 2 pend 0
FS DL 294 id 4 role seal orth 3 need 4 ebody 0 lau 0 ti 16 lcost 55 bar 8 obs 9 hist 2 pend 0
FS DL 295 id 4 role seal orth 4 need 5 ebody 0 lau 0 ti 16 lcost 55 bar 8 obs 9 hist 2 pend 0
FS DL 296 id 4 role seal orth 3 need 4 ebody 0 lau 0 ti 16 lcost 55 bar 8 obs 9 hist 2 pend 0
FS DL 297 id 4 role seal orth 4 need 5 ebody 0 lau 0 ti 16 lcost 55 bar 8 obs 9 hist 2 pend 0
FS DL 298 id 4 role seal orth 3 need 4 ebody 0 lau 0 ti 16 lcost 55 bar 8 obs 9 hist 2 pend 0
FS DL 299 id 4 role seal orth 4 need 5 ebody 0 lau 0 ti 16 lcost 55 bar 8 obs 9 hist 2 pend 0
FS STAT 300 id 4 at (11, 10) need 4 orth 3 ti 16 ammo 10 sen 1 hp 40
FS DL 300 id 4 role seal orth 3 need 4 ebody 0 lau 0 ti 16 lcost 55 bar 8 obs 9 hist 2 pend 0
FS DL 301 id 4 role seal orth 4 need 5 ebody 0 lau 0 ti 16 lcost 55 bar 8 obs 9 hist 2 pend 0
FS DL 302 id 4 role seal orth 3 need 4 ebody 0 lau 0 ti 16 lcost 55 bar 8 obs 9 hist 2 pend 0
FS DL 303 id 4 role seal orth 4 need 5 ebody 0 lau 0 ti 16 lcost 55 bar 8 obs 9 hist 2 pend 0
FS DL 304 id 4 role seal orth 3 need 4 ebody 0 lau 0 ti 16 lcost 55 bar 8 obs 9 hist 2 pend 0
FS DL 305 id 4 role seal orth 4 need 5 ebody 0 lau 0 ti 16 lcost 55 bar 8 obs 9 hist 2 pend 0
FS DL 306 id 4 role seal orth 3 need 4 ebody 0 lau 0 ti 16 lcost 55 bar 8 obs 9 hist 2 pend 0
FS DL 307 id 4 role seal orth 4 need 5 ebody 0 lau 0 ti 16 lcost 55 bar 8 obs 9 hist 2 pend 0
FS DL 308 id 4 role seal orth 3 need 4 ebody 0 lau 0 ti 16 lcost 55 bar 8 obs 9 hist 2 pend 0
FS DL 309 id 4 role seal orth 4 need 5 ebody 0 lau 0 ti 16 lcost 55 bar 8 obs 9 hist 2 pend 0
FS DL 310 id 4 role seal orth 3 need 4 ebody 0 lau 0 ti 16 lcost 55 bar 8 obs 9 hist 2 pend 0
FS DL 311 id 4 role seal orth 2 need 3 ebody 0 lau 0 ti 16 lcost 55 bar 8 obs 9 hist 2 pend 0
FS DL 312 id 4 role seal orth 2 need 3 ebody 0 lau 0 ti 16 lcost 55 bar 8 obs 9 hist 2 pend 0
FS DL 313 id 4 role seal orth 4 need 5 ebody 0 lau 0 ti 16 lcost 55 bar 8 obs 9 hist 2 pend 0
FS DL 314 id 4 role seal orth 5 need 6 ebody 0 lau 0 ti 16 lcost 55 bar 8 obs 9 hist 2 pend 0
FS PHASE 315 id 4 ph 2 d 20 at (7, 11)
FS DL 315 id 4 role seal orth 5 need 6 ebody 0 lau 0 ti 16 lcost 55 bar 8 obs 9 hist 2 pend 0
FS DL 316 id 4 role seal orth 4 need 5 ebody 0 lau 0 ti 12 lcost 55 bar 8 obs 9 hist 2 pend 0
FS DL 317 id 4 role seal orth 3 need 4 ebody 1 lau 0 ti 12 lcost 55 bar 8 obs 9 hist 2 pend 0
FS DL 318 id 4 role seal orth 2 need 3 ebody 0 lau 0 ti 12 lcost 55 bar 8 obs 10 hist 3 pend 0
FS DL 319 id 4 role seal orth 4 need 5 ebody 0 lau 0 ti 12 lcost 55 bar 8 obs 10 hist 3 pend 0
FS STAT 320 id 4 at (6, 9) need 5 orth 4 ti 12 ammo 14 sen 0 hp 40
FS DL 320 id 4 role seal orth 4 need 5 ebody 0 lau 0 ti 12 lcost 55 bar 8 obs 10 hist 3 pend 0
FS DL 321 id 4 role seal orth 4 need 5 ebody 0 lau 0 ti 12 lcost 55 bar 8 obs 10 hist 3 pend 0
FS DL 322 id 4 role seal orth 4 need 5 ebody 0 lau 0 ti 12 lcost 55 bar 8 obs 10 hist 3 pend 0
FS DL 323 id 4 role seal orth 3 need 4 ebody 1 lau 0 ti 2 lcost 54 bar 8 obs 10 hist 3 pend 0
FS DL 324 id 4 role seal orth 2 need 3 ebody 1 lau 0 ti 12 lcost 54 bar 8 obs 11 hist 3 pend 0
FS DL 325 id 4 role seal orth 2 need 3 ebody 2 lau 0 ti 12 lcost 54 bar 8 obs 13 hist 4 pend 0
FS DL 326 id 4 role seal orth 2 need 3 ebody 2 lau 0 ti 12 lcost 54 bar 8 obs 15 hist 4 pend 0
FS DL 327 id 4 role seal orth 2 need 3 ebody 2 lau 0 ti 12 lcost 54 bar 8 obs 17 hist 4 pend 0
FS DL 328 id 4 role seal orth 2 need 4 ebody 2 lau 0 ti 12 lcost 54 bar 8 obs 19 hist 4 pend 0
FS DL 329 id 4 role seal orth 4 need 5 ebody 2 lau 0 ti 12 lcost 54 bar 8 obs 21 hist 4 pend 0
FS DL 330 id 4 role seal orth 2 need 3 ebody 0 lau 0 ti 12 lcost 54 bar 8 obs 21 hist 4 pend 0
FS DL 331 id 4 role seal orth 5 need 6 ebody 1 lau 0 ti 12 lcost 54 bar 8 obs 22 hist 4 pend 0
FS DL 332 id 4 role seal orth 4 need 5 ebody 1 lau 0 ti 12 lcost 54 bar 8 obs 23 hist 4 pend 0
FS DL 333 id 4 role seal orth 5 need 6 ebody 0 lau 0 ti 12 lcost 54 bar 8 obs 23 hist 4 pend 0
FS DL 334 id 4 role seal orth 4 need 5 ebody 0 lau 0 ti 12 lcost 54 bar 8 obs 23 hist 4 pend 0
FS DL 335 id 4 role seal orth 4 need 5 ebody 0 lau 0 ti 12 lcost 54 bar 8 obs 23 hist 4 pend 0
FS DL 336 id 4 role seal orth 5 need 6 ebody 0 lau 0 ti 12 lcost 54 bar 8 obs 23 hist 4 pend 0
FS DL 337 id 4 role seal orth 2 need 3 ebody 0 lau 0 ti 12 lcost 54 bar 8 obs 23 hist 4 pend 0
FS PHASE 338 id 4 ph 4 d 2 at (11, 5)
FS DODGE 338 id 4 from (11, 5) to (11, 4) cov 1 -> 0 hit 0 hp 22
FS DL 338 id 4 role seal orth 2 need 3 ebody 0 lau 0 ti 12 lcost 54 bar 8 obs 23 hist 4 pend 0
FS PHASE 339 id 4 ph 2 d 5 at (11, 4)
FS DL 339 id 4 role seal orth 2 need 3 ebody 0 lau 0 ti 2 lcost 54 bar 8 obs 23 hist 4 pend 0
FS PHASE 340 id 4 ph 4 d 2 at (11, 5)
FS STAT 340 id 4 at (11, 5) need 3 orth 2 ti 12 ammo 2 sen 1 hp 4
FS DL 340 id 4 role seal orth 2 need 3 ebody 0 lau 0 ti 12 lcost 54 bar 8 obs 23 hist 4 pend 0
FS DL 341 id 4 role seal orth 2 need 3 ebody 0 lau 0 ti 12 lcost 54 bar 8 obs 23 hist 4 pend 0
FS DOORSEEN 429 id 18 at (12, 20) rank 1
FS DOOR 433 id 18 at (12, 20) n 8
FS DOOR 434 id 18 at (12, 20) n 9
FS DOORSEEN 435 id 9 at (12, 20) rank 0
FS DOOR 435 id 18 at (12, 20) n 10
FS DOOR 436 id 18 at (12, 20) n 11
FS DOORSEEN 437 id 14 at (12, 20) rank 0
FS DOOR 437 id 18 at (12, 20) n 12
FS DOOR 438 id 18 at (12, 20) n 13
FS DOOR 439 id 18 at (12, 20) n 14
FS DOOR 440 id 18 at (12, 20) n 15
FS DOORSEEN 441 id 6 at (12, 20) rank 0
FS DOOR 441 id 18 at (12, 20) n 16
FS DOOR 442 id 9 at (12, 20) n 1
FS DOOR 442 id 18 at (12, 20) n 17
FS DOOR 443 id 9 at (12, 20) n 2
FS DOOR 444 id 9 at (12, 20) n 3
FS DOOR 445 id 9 at (12, 20) n 4
FS DOOR 445 id 18 at (12, 20) n 18
FS DOOR 446 id 9 at (12, 20) n 5
FS DOOR 446 id 14 at (12, 20) n 11
FS DOOR 449 id 9 at (12, 20) n 6
FS DOOR 449 id 14 at (12, 20) n 12
FS DOOR 450 id 9 at (12, 20) n 7
FS DOOR 450 id 14 at (12, 20) n 13
FS DOOR 451 id 9 at (12, 20) n 8
FS DOOR 452 id 6 at (12, 20) n 4
FS DOOR 452 id 9 at (12, 20) n 9
FS DOOR 453 id 6 at (12, 20) n 5
FS DOOR 453 id 9 at (12, 20) n 10
FS DOOR 453 id 14 at (12, 20) n 14
FS DOOR 457 id 9 at (12, 20) n 11
FS DOOR 457 id 18 at (12, 20) n 19
FS DOOR 458 id 9 at (12, 20) n 12
FS DOOR 458 id 18 at (12, 20) n 20
FS DOOR 459 id 9 at (12, 20) n 13
FS DOOR 460 id 6 at (12, 20) n 6
FS DOOR 460 id 9 at (12, 20) n 14
FS DOOR 461 id 6 at (12, 20) n 7
FS DOOR 461 id 9 at (12, 20) n 15
FS DOOR 461 id 18 at (12, 20) n 21
FS DOOR 465 id 9 at (12, 20) n 16
FS DOOR 465 id 18 at (12, 20) n 22
FS DOOR 466 id 9 at (12, 20) n 17
FS DOOR 466 id 18 at (12, 20) n 23
FS DOOR 467 id 9 at (12, 20) n 18
FS DOOR 468 id 6 at (12, 20) n 8
FS DOOR 468 id 9 at (12, 20) n 19
FS DOOR 469 id 6 at (12, 20) n 9
FS DOOR 469 id 9 at (12, 20) n 20
FS DOOR 469 id 18 at (12, 20) n 24
FS DOOR 473 id 9 at (12, 20) n 21
FS DOOR 474 id 9 at (12, 20) n 22
FS DOOR 474 id 14 at (12, 20) n 15
FS DOOR 475 id 9 at (12, 20) n 23
FS DOOR 475 id 14 at (12, 20) n 16
FS DOOR 476 id 6 at (12, 20) n 10
FS DOOR 476 id 14 at (12, 20) n 17
FS DOOR 477 id 6 at (12, 20) n 11
FS DOOR 477 id 14 at (12, 20) n 18
FS DOOR 478 id 6 at (12, 20) n 12
FS DOOR 481 id 6 at (12, 20) n 13
