Running match: _v517twin vs _v488beltbreak2
  Map: drakkarfjord.map26  Seed: 45  Replay: 
scratchpad/s51_v517_build/grid/b15/rep517/drakkarfjord_s45_A.replay26  TLE: 10ms
Completed turn 0
Completed turn 100
Completed turn 200
Completed turn 300
Completed turn 400
Completed turn 500
Completed turn 600
Completed turn 700
Completed turn 800
Completed turn 900
Replay written to 
scratchpad/s51_v517_build/grid/b15/rep517/drakkarfjord_s45_A.replay26

  Winner: _v517twin  (Titanium collected (tiebreak), turn 1000)

                      _v517twin     _v488beltbreak2  
  Titanium     130 (6900 mined)    222 (6250 mined)  
  Units                      15                  23  
  Buildings                  87                 111  

