atoll_s76_A	atoll	76	A	OPP	_v488beltbreak2	Core destroyed	253	0	1340	1230
atoll_s76_B	atoll	76	B	US	_v522floor	Core destroyed	129	0	600	200
atoll_s77_A	atoll	77	A	US	_v522floor	Core destroyed	306	0	1680	40
atoll_s77_B	atoll	77	B	OPP	_v488beltbreak2	Titanium collected (tiebreak)	1000	0	330	2620
atoll_s78_A	atoll	78	A	OPP	_v488beltbreak2	Core destroyed	355	0	1250	3580
atoll_s78_B	atoll	78	B	OPP	_v488beltbreak2	Core destroyed	243	0	270	2290
drakkarfjord_s76_A	drakkarfjord	76	A	US	_v522floor	Core destroyed	116	0	360	90
drakkarfjord_s76_B	drakkarfjord	76	B	US	_v522floor	Core destroyed	98	0	320	0
drakkarfjord_s77_A	drakkarfjord	77	A	US	_v522floor	Core destroyed	90	0	280	0
drakkarfjord_s77_B	drakkarfjord	77	B	US	_v522floor	Core destroyed	140	0	640	0
drakkarfjord_s78_A	drakkarfjord	78	A	US	_v522floor	Core destroyed	186	0	810	110
drakkarfjord_s78_B	drakkarfjord	78	B	US	_v522floor	Core destroyed	127	0	330	0
glacierkeep_s76_A	glacierkeep	76	A	US	_v522floor	Core destroyed	143	0	590	0
glacierkeep_s76_B	glacierkeep	76	B	US	_v522floor	Core destroyed	265	0	0	0
glacierkeep_s77_A	glacierkeep	77	A	US	_v522floor	Core destroyed	162	0	350	130
glacierkeep_s77_B	glacierkeep	77	B	US	_v522floor	Core destroyed	617	0	0	0
glacierkeep_s78_A	glacierkeep	78	A	OPP	_v488beltbreak2	Core destroyed	436	0	360	2050
glacierkeep_s78_B	glacierkeep	78	B	OPP	_v488beltbreak2	Titanium stored (tiebreak)	1000	0	0	0
midgard_s76_A	midgard	76	A	OPP	_v488beltbreak2	Core destroyed	265	0	610	690
midgard_s76_B	midgard	76	B	US	_v522floor	Core destroyed	236	0	1800	530
midgard_s77_A	midgard	77	A	US	_v522floor	Core destroyed	289	0	620	730
midgard_s77_B	midgard	77	B	OPP	_v488beltbreak2	Core destroyed	229	0	930	1000
midgard_s78_A	midgard	78	A	US	_v522floor	Core destroyed	565	0	620	810
midgard_s78_B	midgard	78	B	US	_v522floor	Core destroyed	222	0	1740	680
nordkap_s76_A	nordkap	76	A	US	_v522floor	Core destroyed	132	0	310	0
nordkap_s76_B	nordkap	76	B	US	_v522floor	Core destroyed	217	0	820	130
nordkap_s77_A	nordkap	77	A	OPP	_v488beltbreak2	Core destroyed	206	0	360	1750
nordkap_s77_B	nordkap	77	B	US	_v522floor	Core destroyed	141	0	110	0
nordkap_s78_A	nordkap	78	A	US	_v522floor	Core destroyed	238	0	1940	60
nordkap_s78_B	nordkap	78	B	OPP	_v488beltbreak2	Core destroyed	146	0	90	830
yulerune_s76_A	yulerune	76	A	US	_v522floor	Core destroyed	566	0	1230	530
yulerune_s76_B	yulerune	76	B	OPP	_v488beltbreak2	Core destroyed	258	0	400	2810
yulerune_s77_A	yulerune	77	A	OPP	_v488beltbreak2	Core destroyed	264	0	340	1510
yulerune_s77_B	yulerune	77	B	US	_v522floor	Core destroyed	426	0	3200	1760
yulerune_s78_A	yulerune	78	A	OPP	_v488beltbreak2	Core destroyed	191	0	380	920
yulerune_s78_B	yulerune	78	B	US	_v522floor	Core destroyed	593	0	410	530
