Running match: _x3r0v161gungnir vs _v523eyes
  Map: atoll.map26  Seed: 418  Replay: 
scratchpad/s51_v523_build/gung/b6/repv523/atoll_s418_B.replay26  TLE: 10ms
Completed turn 0
Completed turn 100
Completed turn 200
Completed turn 300
Completed turn 400
Completed turn 500
Completed turn 600
Completed turn 700
Completed turn 800
Completed turn 900
Replay written to 
scratchpad/s51_v523_build/gung/b6/repv523/atoll_s418_B.replay26

  Winner: _v523eyes  (Titanium collected (tiebreak), turn 1000)

               _x3r0v161gungnir           _v523eyes  
  Titanium      25 (1110 mined)    107 (1480 mined)  
  Units                       9                  12  
  Buildings                  20                  29  

