Running match: flagoff vs _v488beltbreak2
  Map: drakkarfjord.map26  Seed: 108  Replay: 
scratchpad/s51_v517_build/fo/b2/repf/drakkarfjord_s108_A.replay26  TLE: 10ms
Completed turn 0
Completed turn 100
Completed turn 200
Completed turn 300
Completed turn 400
Completed turn 500
Completed turn 600
Completed turn 700
Completed turn 800
Completed turn 900
Replay written to 
scratchpad/s51_v517_build/fo/b2/repf/drakkarfjord_s108_A.replay26

  Winner: flagoff  (Titanium collected (tiebreak), turn 1000)

                      flagoff    _v488beltbreak2  
  Titanium     28 (420 mined)     50 (120 mined)  
  Units                     7                  6  
  Buildings                35                 37  

