atoll_s7_A	atoll	7	A	US	_v521sync	Core destroyed	455	0	2240	290
atoll_s7_B	atoll	7	B	US	_v521sync	Core destroyed	251	0	1130	2010
atoll_s8_A	atoll	8	A	US	_v521sync	Core destroyed	377	0	1100	690
atoll_s8_B	atoll	8	B	OPP	_v488beltbreak2	Core destroyed	423	0	710	2080
atoll_s9_A	atoll	9	A	OPP	_v488beltbreak2	Titanium collected (tiebreak)	1000	0	4970	14080
atoll_s9_B	atoll	9	B	OPP	_v488beltbreak2	Titanium collected (tiebreak)	1000	0	4960	9810
drakkarfjord_s7_A	drakkarfjord	7	A	US	_v521sync	Core destroyed	300	0	280	0
drakkarfjord_s7_B	drakkarfjord	7	B	US	_v521sync	Core destroyed	321	0	2090	0
drakkarfjord_s8_A	drakkarfjord	8	A	US	_v521sync	Titanium collected (tiebreak)	1000	0	5000	3320
drakkarfjord_s8_B	drakkarfjord	8	B	US	_v521sync	Core destroyed	319	0	1840	0
drakkarfjord_s9_A	drakkarfjord	9	A	US	_v521sync	Core destroyed	117	0	520	0
drakkarfjord_s9_B	drakkarfjord	9	B	US	_v521sync	Core destroyed	261	0	1360	0
glacierkeep_s7_A	glacierkeep	7	A	US	_v521sync	Core destroyed	112	0	230	0
glacierkeep_s7_B	glacierkeep	7	B	US	_v521sync	Core destroyed	948	0	1180	0
glacierkeep_s8_A	glacierkeep	8	A	US	_v521sync	Core destroyed	127	0	310	0
glacierkeep_s8_B	glacierkeep	8	B	US	_v521sync	Core destroyed	214	0	580	0
glacierkeep_s9_A	glacierkeep	9	A	US	_v521sync	Core destroyed	111	0	420	0
glacierkeep_s9_B	glacierkeep	9	B	US	_v521sync	Core destroyed	123	0	320	0
midgard_s7_A	midgard	7	A	US	_v521sync	Core destroyed	233	0	780	800
midgard_s7_B	midgard	7	B	OPP	_v488beltbreak2	Titanium collected (tiebreak)	1000	0	680	2920
midgard_s8_A	midgard	8	A	US	_v521sync	Core destroyed	322	0	2770	830
midgard_s8_B	midgard	8	B	US	_v521sync	Core destroyed	224	0	1670	650
midgard_s9_A	midgard	9	A	US	_v521sync	Core destroyed	212	0	940	810
midgard_s9_B	midgard	9	B	US	_v521sync	Titanium collected (tiebreak)	1000	0	1130	500
nordkap_s7_A	nordkap	7	A	US	_v521sync	Core destroyed	304	0	2110	170
nordkap_s7_B	nordkap	7	B	OPP	_v488beltbreak2	Core destroyed	437	0	1140	5740
nordkap_s8_A	nordkap	8	A	US	_v521sync	Core destroyed	134	0	310	90
nordkap_s8_B	nordkap	8	B	US	_v521sync	Core destroyed	422	0	120	10
nordkap_s9_A	nordkap	9	A	US	_v521sync	Core destroyed	269	0	520	70
nordkap_s9_B	nordkap	9	B	US	_v521sync	Core destroyed	265	0	90	60
yulerune_s7_A	yulerune	7	A	US	_v521sync	Core destroyed	264	0	1140	530
yulerune_s7_B	yulerune	7	B	US	_v521sync	Core destroyed	251	0	950	190
yulerune_s8_A	yulerune	8	A	US	_v521sync	Core destroyed	152	0	740	280
yulerune_s8_B	yulerune	8	B	OPP	_v488beltbreak2	Core destroyed	229	0	430	480
yulerune_s9_A	yulerune	9	A	OPP	_v488beltbreak2	Core destroyed	193	0	540	710
yulerune_s9_B	yulerune	9	B	OPP	_v488beltbreak2	Core destroyed	203	0	220	1140
