Running match: _v488beltbreak2 vs parent515
  Map: drakkarfjord.map26  Seed: 13  Replay: 
scratchpad/s51_v516_build/grid/b5/rep515/drakkarfjord_s13_B.replay26  TLE: 10ms
Completed turn 0
Completed turn 100
Completed turn 200
Completed turn 300
Completed turn 400
Completed turn 500
Completed turn 600
Completed turn 700
Completed turn 800
Completed turn 900
Replay written to 
scratchpad/s51_v516_build/grid/b5/rep515/drakkarfjord_s13_B.replay26

  Winner: parent515  (Titanium collected (tiebreak), turn 1000)

                 _v488beltbreak2             parent515  
  Titanium     4034 (9530 mined)    7186 (11060 mined)  
  Units                       33                    23  
  Buildings                   94                   117  

