Running match: _v488beltbreak2 vs _v521sync
  Map: glacierkeep.map26  Seed: 35  Replay: 
scratchpad/s51_v521_build/grid/b12/repv521/glacierkeep_s35_B.replay26  TLE: 10ms
Completed turn 0
Completed turn 100
Completed turn 200
Completed turn 300
Completed turn 400
Completed turn 500
Completed turn 600
Completed turn 700
Completed turn 800
Completed turn 900
Replay written to 
scratchpad/s51_v521_build/grid/b12/repv521/glacierkeep_s35_B.replay26

  Winner: _v488beltbreak2  (Core destroyed, turn 954)

               _v488beltbreak2       _v521sync  
  Titanium        12 (0 mined)    30 (0 mined)  
  Units                      8               4  
  Buildings                110              83  

