Running match: parent vs _x3r0v161gungnir
  Map: glacierkeep.map26  Seed: 421  Replay: 
scratchpad/s51_v523_build/gung/b7/repparent/glacierkeep_s421_A.replay26  TLE: 
10ms
Completed turn 0
Completed turn 100
Completed turn 200
Completed turn 300
Completed turn 400
Completed turn 500
Completed turn 600
Completed turn 700
Completed turn 800
Completed turn 900
Replay written to 
scratchpad/s51_v523_build/gung/b7/repparent/glacierkeep_s421_A.replay26

  Winner: parent  (Titanium collected (tiebreak), turn 1000)

                         parent    _x3r0v161gungnir  
  Titanium     236 (2130 mined)    215 (1300 mined)  
  Units                       8                  15  
  Buildings                  41                 101  

