Running match: parent vs _x3r0v161gungnir
  Map: nordkap.map26  Seed: 420  Replay: 
scratchpad/s51_v523_build/gung/b7/repparent/nordkap_s420_A.replay26  TLE: 10ms
Completed turn 0
Completed turn 100
Completed turn 200
Completed turn 300
Completed turn 400
Completed turn 500
Completed turn 600
Completed turn 700
Completed turn 800
Completed turn 900
Replay written to 
scratchpad/s51_v523_build/gung/b7/repparent/nordkap_s420_A.replay26

  Winner: _x3r0v161gungnir  (Core destroyed, turn 917)

                         parent    _x3r0v161gungnir  
  Titanium     151 (5490 mined)     24 (2920 mined)  
  Units                      19                  10  
  Buildings                  64                  45  

