Update available: 2.3.6 -> 2.3.9. Run: pip install --upgrade fcode
Running match: _probe_bvb_a vs _probe_bvb_b
  Map: holmgang.map26  Seed: 7  Replay: scratchpad/s57_heim0/bvb_probe4.replay26
TLE: 10ms
BVBDBG r0 kind=EntityType.CORE pos=Position(x=1, y=1)
Completed turn 0
BVBDBG r1 kind=EntityType.CORE pos=Position(x=1, y=1)
BVBDBG r1 kind=EntityType.BUILDER_BOT pos=Position(x=1, y=0)
BVBDBG r2 kind=EntityType.CORE pos=Position(x=1, y=1)
BVBDBG r2 kind=EntityType.BUILDER_BOT pos=Position(x=2, y=0)
BVBPROBE r10 adjacent can_fire=False
BVBPROBE r10 fire_result=FIRE-RAISED:GameError
BVBPROBE r11 adjacent can_fire=False
BVBPROBE r11 fire_result=FIRE-RAISED:GameError
BVBPROBE r12 adjacent can_fire=False
BVBPROBE r12 fire_result=FIRE-RAISED:GameError
BVBPROBE r13 adjacent can_fire=False
BVBPROBE r13 fire_result=FIRE-RAISED:GameError
BVBPROBE r14 adjacent can_fire=False
BVBPROBE r14 fire_result=FIRE-RAISED:GameError
BVBPROBE r15 adjacent can_fire=False
BVBPROBE r15 fire_result=FIRE-RAISED:GameError
BVBPROBE r16 adjacent can_fire=False
BVBPROBE r16 fire_result=FIRE-RAISED:GameError
BVBPROBE r17 adjacent can_fire=False
BVBPROBE r17 fire_result=FIRE-RAISED:GameError
BVBPROBE r18 adjacent can_fire=False
BVBPROBE r18 fire_result=FIRE-RAISED:GameError
BVBPROBE r19 adjacent can_fire=False
BVBPROBE r19 fire_result=FIRE-RAISED:GameError
BVBPROBE r20 adjacent can_fire=False
BVBPROBE r20 fire_result=FIRE-RAISED:GameError
BVBPROBE r21 adjacent can_fire=False
BVBPROBE r21 fire_result=FIRE-RAISED:GameError
BVBPROBE r22 adjacent can_fire=False
BVBPROBE r22 fire_result=FIRE-RAISED:GameError
BVBPROBE r23 adjacent can_fire=False
BVBPROBE r23 fire_result=FIRE-RAISED:GameError
BVBPROBE r24 adjacent can_fire=False
BVBPROBE r24 fire_result=FIRE-RAISED:GameError
BVBPROBE r25 adjacent can_fire=False
BVBPROBE r25 fire_result=FIRE-RAISED:GameError
BVBPROBE r26 adjacent can_fire=False
BVBPROBE r26 fire_result=FIRE-RAISED:GameError
BVBPROBE r27 adjacent can_fire=False
BVBPROBE r27 fire_result=FIRE-RAISED:GameError
BVBPROBE r28 adjacent can_fire=False
BVBPROBE r28 fire_result=FIRE-RAISED:GameError
BVBPROBE r29 adjacent can_fire=False
BVBPROBE r29 fire_result=FIRE-RAISED:GameError
BVBPROBE r30 adjacent can_fire=False
BVBPROBE r30 fire_result=FIRE-RAISED:GameError
BVBPROBE r31 adjacent can_fire=False
BVBPROBE r31 fire_result=FIRE-RAISED:GameError
BVBPROBE r32 adjacent can_fire=False
BVBPROBE r32 fire_result=FIRE-RAISED:GameError
BVBPROBE r33 adjacent can_fire=False
BVBPROBE r33 fire_result=FIRE-RAISED:GameError
BVBPROBE r34 adjacent can_fire=False
BVBPROBE r34 fire_result=FIRE-RAISED:GameError
BVBPROBE r35 adjacent can_fire=False
BVBPROBE r35 fire_result=FIRE-RAISED:GameError
BVBPROBE r36 adjacent can_fire=False
BVBPROBE r36 fire_result=FIRE-RAISED:GameError
BVBPROBE r37 adjacent can_fire=False
BVBPROBE r37 fire_result=FIRE-RAISED:GameError
BVBPROBE r38 adjacent can_fire=False
BVBPROBE r38 fire_result=FIRE-RAISED:GameError
BVBPROBE r39 adjacent can_fire=False
BVBPROBE r39 fire_result=FIRE-RAISED:GameError
BVBPROBE r40 adjacent can_fire=False
BVBPROBE r40 fire_result=FIRE-RAISED:GameError
BVBPROBE r41 adjacent can_fire=False
BVBPROBE r41 fire_result=FIRE-RAISED:GameError
BVBPROBE r42 adjacent can_fire=False
BVBPROBE r42 fire_result=FIRE-RAISED:GameError
BVBPROBE r43 adjacent can_fire=False
BVBPROBE r43 fire_result=FIRE-RAISED:GameError
BVBPROBE r44 adjacent can_fire=False
BVBPROBE r44 fire_result=FIRE-RAISED:GameError
BVBPROBE r45 adjacent can_fire=False
BVBPROBE r45 fire_result=FIRE-RAISED:GameError
BVBPROBE r46 adjacent can_fire=False
BVBPROBE r46 fire_result=FIRE-RAISED:GameError
BVBPROBE r47 adjacent can_fire=False
BVBPROBE r47 fire_result=FIRE-RAISED:GameError
BVBPROBE r48 adjacent can_fire=False
BVBPROBE r48 fire_result=FIRE-RAISED:GameError
BVBPROBE r49 adjacent can_fire=False
BVBPROBE r49 fire_result=FIRE-RAISED:GameError
BVBPROBE r50 adjacent can_fire=False
BVBPROBE r50 fire_result=FIRE-RAISED:GameError
BVBPROBE r51 adjacent can_fire=False
BVBPROBE r51 fire_result=FIRE-RAISED:GameError
BVBPROBE r52 adjacent can_fire=False
BVBPROBE r52 fire_result=FIRE-RAISED:GameError
BVBPROBE r53 adjacent can_fire=False
BVBPROBE r53 fire_result=FIRE-RAISED:GameError
BVBPROBE r54 adjacent can_fire=False
BVBPROBE r54 fire_result=FIRE-RAISED:GameError
BVBPROBE r55 adjacent can_fire=False
BVBPROBE r55 fire_result=FIRE-RAISED:GameError
BVBPROBE r56 adjacent can_fire=False
BVBPROBE r56 fire_result=FIRE-RAISED:GameError
BVBPROBE r57 adjacent can_fire=False
BVBPROBE r57 fire_result=FIRE-RAISED:GameError
BVBPROBE r58 adjacent can_fire=False
BVBPROBE r58 fire_result=FIRE-RAISED:GameError
BVBPROBE r59 adjacent can_fire=False
BVBPROBE r59 fire_result=FIRE-RAISED:GameError
BVBPROBE r60 adjacent can_fire=False
BVBPROBE r60 fire_result=FIRE-RAISED:GameError
BVBPROBE r61 adjacent can_fire=False
BVBPROBE r61 fire_result=FIRE-RAISED:GameError
BVBPROBE r62 adjacent can_fire=False
BVBPROBE r62 fire_result=FIRE-RAISED:GameError
BVBPROBE r63 adjacent can_fire=False
BVBPROBE r63 fire_result=FIRE-RAISED:GameError
BVBPROBE r64 adjacent can_fire=False
BVBPROBE r64 fire_result=FIRE-RAISED:GameError
BVBPROBE r65 adjacent can_fire=False
BVBPROBE r65 fire_result=FIRE-RAISED:GameError
BVBPROBE r66 adjacent can_fire=False
BVBPROBE r66 fire_result=FIRE-RAISED:GameError
BVBPROBE r67 adjacent can_fire=False
BVBPROBE r67 fire_result=FIRE-RAISED:GameError
BVBPROBE r68 adjacent can_fire=False
BVBPROBE r68 fire_result=FIRE-RAISED:GameError
BVBPROBE r69 adjacent can_fire=False
BVBPROBE r69 fire_result=FIRE-RAISED:GameError
BVBPROBE r70 adjacent can_fire=False
BVBPROBE r70 fire_result=FIRE-RAISED:GameError
BVBPROBE r71 adjacent can_fire=False
BVBPROBE r71 fire_result=FIRE-RAISED:GameError
BVBPROBE r72 adjacent can_fire=False
BVBPROBE r72 fire_result=FIRE-RAISED:GameError
BVBPROBE r73 adjacent can_fire=False
BVBPROBE r73 fire_result=FIRE-RAISED:GameError
BVBPROBE r74 adjacent can_fire=False
BVBPROBE r74 fire_result=FIRE-RAISED:GameError
BVBPROBE r75 adjacent can_fire=False
BVBPROBE r75 fire_result=FIRE-RAISED:GameError
BVBPROBE r76 adjacent can_fire=False
BVBPROBE r76 fire_result=FIRE-RAISED:GameError
BVBPROBE r77 adjacent can_fire=False
BVBPROBE r77 fire_result=FIRE-RAISED:GameError
BVBPROBE r78 adjacent can_fire=False
BVBPROBE r78 fire_result=FIRE-RAISED:GameError
BVBPROBE r79 adjacent can_fire=False
BVBPROBE r79 fire_result=FIRE-RAISED:GameError
BVBPROBE r80 adjacent can_fire=False
BVBPROBE r80 fire_result=FIRE-RAISED:GameError
BVBPROBE r81 adjacent can_fire=False
BVBPROBE r81 fire_result=FIRE-RAISED:GameError
BVBPROBE r82 adjacent can_fire=False
BVBPROBE r82 fire_result=FIRE-RAISED:GameError
BVBPROBE r83 adjacent can_fire=False
BVBPROBE r83 fire_result=FIRE-RAISED:GameError
BVBPROBE r84 adjacent can_fire=False
BVBPROBE r84 fire_result=FIRE-RAISED:GameError
BVBPROBE r85 adjacent can_fire=False
BVBPROBE r85 fire_result=FIRE-RAISED:GameError
BVBPROBE r86 adjacent can_fire=False
BVBPROBE r86 fire_result=FIRE-RAISED:GameError
BVBPROBE r87 adjacent can_fire=False
BVBPROBE r87 fire_result=FIRE-RAISED:GameError
BVBPROBE r88 adjacent can_fire=False
BVBPROBE r88 fire_result=FIRE-RAISED:GameError
BVBPROBE r89 adjacent can_fire=False
BVBPROBE r89 fire_result=FIRE-RAISED:GameError
BVBPROBE r90 adjacent can_fire=False
BVBPROBE r90 fire_result=FIRE-RAISED:GameError
BVBPROBE r91 adjacent can_fire=False
BVBPROBE r91 fire_result=FIRE-RAISED:GameError
BVBPROBE r92 adjacent can_fire=False
BVBPROBE r92 fire_result=FIRE-RAISED:GameError
BVBPROBE r93 adjacent can_fire=False
BVBPROBE r93 fire_result=FIRE-RAISED:GameError
BVBPROBE r94 adjacent can_fire=False
BVBPROBE r94 fire_result=FIRE-RAISED:GameError
BVBPROBE r95 adjacent can_fire=False
BVBPROBE r95 fire_result=FIRE-RAISED:GameError
BVBPROBE r96 adjacent can_fire=False
BVBPROBE r96 fire_result=FIRE-RAISED:GameError
BVBPROBE r97 adjacent can_fire=False
BVBPROBE r97 fire_result=FIRE-RAISED:GameError
BVBPROBE r98 adjacent can_fire=False
BVBPROBE r98 fire_result=FIRE-RAISED:GameError
BVBPROBE r99 adjacent can_fire=False
BVBPROBE r99 fire_result=FIRE-RAISED:GameError
BVBPROBE r100 adjacent can_fire=False
BVBPROBE r100 fire_result=FIRE-RAISED:GameError
Completed turn 100
BVBPROBE r101 adjacent can_fire=False
BVBPROBE r101 fire_result=FIRE-RAISED:GameError
BVBPROBE r102 adjacent can_fire=False
BVBPROBE r102 fire_result=FIRE-RAISED:GameError
BVBPROBE r103 adjacent can_fire=False
BVBPROBE r103 fire_result=FIRE-RAISED:GameError
BVBPROBE r104 adjacent can_fire=False
BVBPROBE r104 fire_result=FIRE-RAISED:GameError
BVBPROBE r105 adjacent can_fire=False
BVBPROBE r105 fire_result=FIRE-RAISED:GameError
BVBPROBE r106 adjacent can_fire=False
BVBPROBE r106 fire_result=FIRE-RAISED:GameError
BVBPROBE r107 adjacent can_fire=False
BVBPROBE r107 fire_result=FIRE-RAISED:GameError
BVBPROBE r108 adjacent can_fire=False
BVBPROBE r108 fire_result=FIRE-RAISED:GameError
BVBPROBE r109 adjacent can_fire=False
BVBPROBE r109 fire_result=FIRE-RAISED:GameError
BVBPROBE r110 adjacent can_fire=False
BVBPROBE r110 fire_result=FIRE-RAISED:GameError
BVBPROBE r111 adjacent can_fire=False
BVBPROBE r111 fire_result=FIRE-RAISED:GameError
BVBPROBE r112 adjacent can_fire=False
BVBPROBE r112 fire_result=FIRE-RAISED:GameError
BVBPROBE r113 adjacent can_fire=False
BVBPROBE r113 fire_result=FIRE-RAISED:GameError
BVBPROBE r114 adjacent can_fire=False
BVBPROBE r114 fire_result=FIRE-RAISED:GameError
BVBPROBE r115 adjacent can_fire=False
BVBPROBE r115 fire_result=FIRE-RAISED:GameError
BVBPROBE r116 adjacent can_fire=False
BVBPROBE r116 fire_result=FIRE-RAISED:GameError
BVBPROBE r117 adjacent can_fire=False
BVBPROBE r117 fire_result=FIRE-RAISED:GameError
BVBPROBE r118 adjacent can_fire=False
BVBPROBE r118 fire_result=FIRE-RAISED:GameError
BVBPROBE r119 adjacent can_fire=False
BVBPROBE r119 fire_result=FIRE-RAISED:GameError
BVBPROBE r120 adjacent can_fire=False
BVBPROBE r120 fire_result=FIRE-RAISED:GameError
BVBPROBE r121 adjacent can_fire=False
BVBPROBE r121 fire_result=FIRE-RAISED:GameError
BVBPROBE r122 adjacent can_fire=False
BVBPROBE r122 fire_result=FIRE-RAISED:GameError
BVBPROBE r123 adjacent can_fire=False
BVBPROBE r123 fire_result=FIRE-RAISED:GameError
BVBPROBE r124 adjacent can_fire=False
BVBPROBE r124 fire_result=FIRE-RAISED:GameError
BVBPROBE r125 adjacent can_fire=False
BVBPROBE r125 fire_result=FIRE-RAISED:GameError
BVBPROBE r126 adjacent can_fire=False
BVBPROBE r126 fire_result=FIRE-RAISED:GameError
BVBPROBE r127 adjacent can_fire=False
BVBPROBE r127 fire_result=FIRE-RAISED:GameError
BVBPROBE r128 adjacent can_fire=False
BVBPROBE r128 fire_result=FIRE-RAISED:GameError
BVBPROBE r129 adjacent can_fire=False
BVBPROBE r129 fire_result=FIRE-RAISED:GameError
BVBPROBE r130 adjacent can_fire=False
BVBPROBE r130 fire_result=FIRE-RAISED:GameError
BVBPROBE r131 adjacent can_fire=False
BVBPROBE r131 fire_result=FIRE-RAISED:GameError
BVBPROBE r132 adjacent can_fire=False
BVBPROBE r132 fire_result=FIRE-RAISED:GameError
BVBPROBE r133 adjacent can_fire=False
BVBPROBE r133 fire_result=FIRE-RAISED:GameError
BVBPROBE r134 adjacent can_fire=False
BVBPROBE r134 fire_result=FIRE-RAISED:GameError
BVBPROBE r135 adjacent can_fire=False
BVBPROBE r135 fire_result=FIRE-RAISED:GameError
BVBPROBE r136 adjacent can_fire=False
BVBPROBE r136 fire_result=FIRE-RAISED:GameError
BVBPROBE r137 adjacent can_fire=False
BVBPROBE r137 fire_result=FIRE-RAISED:GameError
BVBPROBE r138 adjacent can_fire=False
BVBPROBE r138 fire_result=FIRE-RAISED:GameError
BVBPROBE r139 adjacent can_fire=False
BVBPROBE r139 fire_result=FIRE-RAISED:GameError
BVBPROBE r140 adjacent can_fire=False
BVBPROBE r140 fire_result=FIRE-RAISED:GameError
BVBPROBE r141 adjacent can_fire=False
BVBPROBE r141 fire_result=FIRE-RAISED:GameError
BVBPROBE r142 adjacent can_fire=False
BVBPROBE r142 fire_result=FIRE-RAISED:GameError
BVBPROBE r143 adjacent can_fire=False
BVBPROBE r143 fire_result=FIRE-RAISED:GameError
BVBPROBE r144 adjacent can_fire=False
BVBPROBE r144 fire_result=FIRE-RAISED:GameError
BVBPROBE r145 adjacent can_fire=False
BVBPROBE r145 fire_result=FIRE-RAISED:GameError
BVBPROBE r146 adjacent can_fire=False
BVBPROBE r146 fire_result=FIRE-RAISED:GameError
BVBPROBE r147 adjacent can_fire=False
BVBPROBE r147 fire_result=FIRE-RAISED:GameError
BVBPROBE r148 adjacent can_fire=False
BVBPROBE r148 fire_result=FIRE-RAISED:GameError
BVBPROBE r149 adjacent can_fire=False
BVBPROBE r149 fire_result=FIRE-RAISED:GameError
BVBPROBE r150 adjacent can_fire=False
BVBPROBE r150 fire_result=FIRE-RAISED:GameError
BVBPROBE r151 adjacent can_fire=False
BVBPROBE r151 fire_result=FIRE-RAISED:GameError
BVBPROBE r152 adjacent can_fire=False
BVBPROBE r152 fire_result=FIRE-RAISED:GameError
BVBPROBE r153 adjacent can_fire=False
BVBPROBE r153 fire_result=FIRE-RAISED:GameError
BVBPROBE r154 adjacent can_fire=False
BVBPROBE r154 fire_result=FIRE-RAISED:GameError
BVBPROBE r155 adjacent can_fire=False
BVBPROBE r155 fire_result=FIRE-RAISED:GameError
BVBPROBE r156 adjacent can_fire=False
BVBPROBE r156 fire_result=FIRE-RAISED:GameError
BVBPROBE r157 adjacent can_fire=False
BVBPROBE r157 fire_result=FIRE-RAISED:GameError
BVBPROBE r158 adjacent can_fire=False
BVBPROBE r158 fire_result=FIRE-RAISED:GameError
BVBPROBE r159 adjacent can_fire=False
BVBPROBE r159 fire_result=FIRE-RAISED:GameError
BVBPROBE r160 adjacent can_fire=False
BVBPROBE r160 fire_result=FIRE-RAISED:GameError
BVBPROBE r161 adjacent can_fire=False
BVBPROBE r161 fire_result=FIRE-RAISED:GameError
BVBPROBE r162 adjacent can_fire=False
BVBPROBE r162 fire_result=FIRE-RAISED:GameError
BVBPROBE r163 adjacent can_fire=False
BVBPROBE r163 fire_result=FIRE-RAISED:GameError
BVBPROBE r164 adjacent can_fire=False
BVBPROBE r164 fire_result=FIRE-RAISED:GameError
BVBPROBE r165 adjacent can_fire=False
BVBPROBE r165 fire_result=FIRE-RAISED:GameError
BVBPROBE r166 adjacent can_fire=False
BVBPROBE r166 fire_result=FIRE-RAISED:GameError
BVBPROBE r167 adjacent can_fire=False
BVBPROBE r167 fire_result=FIRE-RAISED:GameError
BVBPROBE r168 adjacent can_fire=False
BVBPROBE r168 fire_result=FIRE-RAISED:GameError
BVBPROBE r169 adjacent can_fire=False
BVBPROBE r169 fire_result=FIRE-RAISED:GameError
BVBPROBE r170 adjacent can_fire=False
BVBPROBE r170 fire_result=FIRE-RAISED:GameError
BVBPROBE r171 adjacent can_fire=False
BVBPROBE r171 fire_result=FIRE-RAISED:GameError
BVBPROBE r172 adjacent can_fire=False
BVBPROBE r172 fire_result=FIRE-RAISED:GameError
BVBPROBE r173 adjacent can_fire=False
BVBPROBE r173 fire_result=FIRE-RAISED:GameError
BVBPROBE r174 adjacent can_fire=False
BVBPROBE r174 fire_result=FIRE-RAISED:GameError
BVBPROBE r175 adjacent can_fire=False
BVBPROBE r175 fire_result=FIRE-RAISED:GameError
BVBPROBE r176 adjacent can_fire=False
BVBPROBE r176 fire_result=FIRE-RAISED:GameError
BVBPROBE r177 adjacent can_fire=False
BVBPROBE r177 fire_result=FIRE-RAISED:GameError
BVBPROBE r178 adjacent can_fire=False
BVBPROBE r178 fire_result=FIRE-RAISED:GameError
BVBPROBE r179 adjacent can_fire=False
BVBPROBE r179 fire_result=FIRE-RAISED:GameError
BVBPROBE r180 adjacent can_fire=False
BVBPROBE r180 fire_result=FIRE-RAISED:GameError
BVBPROBE r181 adjacent can_fire=False
BVBPROBE r181 fire_result=FIRE-RAISED:GameError
BVBPROBE r182 adjacent can_fire=False
BVBPROBE r182 fire_result=FIRE-RAISED:GameError
BVBPROBE r183 adjacent can_fire=False
BVBPROBE r183 fire_result=FIRE-RAISED:GameError
BVBPROBE r184 adjacent can_fire=False
BVBPROBE r184 fire_result=FIRE-RAISED:GameError
BVBPROBE r185 adjacent can_fire=False
BVBPROBE r185 fire_result=FIRE-RAISED:GameError
BVBPROBE r186 adjacent can_fire=False
BVBPROBE r186 fire_result=FIRE-RAISED:GameError
BVBPROBE r187 adjacent can_fire=False
BVBPROBE r187 fire_result=FIRE-RAISED:GameError
BVBPROBE r188 adjacent can_fire=False
BVBPROBE r188 fire_result=FIRE-RAISED:GameError
BVBPROBE r189 adjacent can_fire=False
BVBPROBE r189 fire_result=FIRE-RAISED:GameError
BVBPROBE r190 adjacent can_fire=False
BVBPROBE r190 fire_result=FIRE-RAISED:GameError
BVBPROBE r191 adjacent can_fire=False
BVBPROBE r191 fire_result=FIRE-RAISED:GameError
BVBPROBE r192 adjacent can_fire=False
BVBPROBE r192 fire_result=FIRE-RAISED:GameError
BVBPROBE r193 adjacent can_fire=False
BVBPROBE r193 fire_result=FIRE-RAISED:GameError
BVBPROBE r194 adjacent can_fire=False
BVBPROBE r194 fire_result=FIRE-RAISED:GameError
BVBPROBE r195 adjacent can_fire=False
BVBPROBE r195 fire_result=FIRE-RAISED:GameError
BVBPROBE r196 adjacent can_fire=False
BVBPROBE r196 fire_result=FIRE-RAISED:GameError
BVBPROBE r197 adjacent can_fire=False
BVBPROBE r197 fire_result=FIRE-RAISED:GameError
BVBPROBE r198 adjacent can_fire=False
BVBPROBE r198 fire_result=FIRE-RAISED:GameError
BVBPROBE r199 adjacent can_fire=False
BVBPROBE r199 fire_result=FIRE-RAISED:GameError
BVBPROBE r200 adjacent can_fire=False
BVBPROBE r200 fire_result=FIRE-RAISED:GameError
Completed turn 200
BVBPROBE r201 adjacent can_fire=False
BVBPROBE r201 fire_result=FIRE-RAISED:GameError
BVBPROBE r202 adjacent can_fire=False
BVBPROBE r202 fire_result=FIRE-RAISED:GameError
BVBPROBE r203 adjacent can_fire=False
BVBPROBE r203 fire_result=FIRE-RAISED:GameError
BVBPROBE r204 adjacent can_fire=False
BVBPROBE r204 fire_result=FIRE-RAISED:GameError
BVBPROBE r205 adjacent can_fire=False
BVBPROBE r205 fire_result=FIRE-RAISED:GameError
BVBPROBE r206 adjacent can_fire=False
BVBPROBE r206 fire_result=FIRE-RAISED:GameError
BVBPROBE r207 adjacent can_fire=False
BVBPROBE r207 fire_result=FIRE-RAISED:GameError
BVBPROBE r208 adjacent can_fire=False
BVBPROBE r208 fire_result=FIRE-RAISED:GameError
BVBPROBE r209 adjacent can_fire=False
BVBPROBE r209 fire_result=FIRE-RAISED:GameError
BVBPROBE r210 adjacent can_fire=False
BVBPROBE r210 fire_result=FIRE-RAISED:GameError
BVBPROBE r211 adjacent can_fire=False
BVBPROBE r211 fire_result=FIRE-RAISED:GameError
BVBPROBE r212 adjacent can_fire=False
BVBPROBE r212 fire_result=FIRE-RAISED:GameError
BVBPROBE r213 adjacent can_fire=False
BVBPROBE r213 fire_result=FIRE-RAISED:GameError
BVBPROBE r214 adjacent can_fire=False
BVBPROBE r214 fire_result=FIRE-RAISED:GameError
BVBPROBE r215 adjacent can_fire=False
BVBPROBE r215 fire_result=FIRE-RAISED:GameError
BVBPROBE r216 adjacent can_fire=False
BVBPROBE r216 fire_result=FIRE-RAISED:GameError
BVBPROBE r217 adjacent can_fire=False
BVBPROBE r217 fire_result=FIRE-RAISED:GameError
BVBPROBE r218 adjacent can_fire=False
BVBPROBE r218 fire_result=FIRE-RAISED:GameError
BVBPROBE r219 adjacent can_fire=False
BVBPROBE r219 fire_result=FIRE-RAISED:GameError
BVBPROBE r220 adjacent can_fire=False
BVBPROBE r220 fire_result=FIRE-RAISED:GameError
BVBPROBE r221 adjacent can_fire=False
BVBPROBE r221 fire_result=FIRE-RAISED:GameError
BVBPROBE r222 adjacent can_fire=False
BVBPROBE r222 fire_result=FIRE-RAISED:GameError
BVBPROBE r223 adjacent can_fire=False
BVBPROBE r223 fire_result=FIRE-RAISED:GameError
BVBPROBE r224 adjacent can_fire=False
BVBPROBE r224 fire_result=FIRE-RAISED:GameError
BVBPROBE r225 adjacent can_fire=False
BVBPROBE r225 fire_result=FIRE-RAISED:GameError
BVBPROBE r226 adjacent can_fire=False
BVBPROBE r226 fire_result=FIRE-RAISED:GameError
BVBPROBE r227 adjacent can_fire=False
BVBPROBE r227 fire_result=FIRE-RAISED:GameError
BVBPROBE r228 adjacent can_fire=False
BVBPROBE r228 fire_result=FIRE-RAISED:GameError
BVBPROBE r229 adjacent can_fire=False
BVBPROBE r229 fire_result=FIRE-RAISED:GameError
BVBPROBE r230 adjacent can_fire=False
BVBPROBE r230 fire_result=FIRE-RAISED:GameError
BVBPROBE r231 adjacent can_fire=False
BVBPROBE r231 fire_result=FIRE-RAISED:GameError
BVBPROBE r232 adjacent can_fire=False
BVBPROBE r232 fire_result=FIRE-RAISED:GameError
BVBPROBE r233 adjacent can_fire=False
BVBPROBE r233 fire_result=FIRE-RAISED:GameError
BVBPROBE r234 adjacent can_fire=False
BVBPROBE r234 fire_result=FIRE-RAISED:GameError
BVBPROBE r235 adjacent can_fire=False
BVBPROBE r235 fire_result=FIRE-RAISED:GameError
BVBPROBE r236 adjacent can_fire=False
BVBPROBE r236 fire_result=FIRE-RAISED:GameError
BVBPROBE r237 adjacent can_fire=False
BVBPROBE r237 fire_result=FIRE-RAISED:GameError
BVBPROBE r238 adjacent can_fire=False
BVBPROBE r238 fire_result=FIRE-RAISED:GameError
BVBPROBE r239 adjacent can_fire=False
BVBPROBE r239 fire_result=FIRE-RAISED:GameError
BVBPROBE r240 adjacent can_fire=False
BVBPROBE r240 fire_result=FIRE-RAISED:GameError
BVBPROBE r241 adjacent can_fire=False
BVBPROBE r241 fire_result=FIRE-RAISED:GameError
BVBPROBE r242 adjacent can_fire=False
BVBPROBE r242 fire_result=FIRE-RAISED:GameError
BVBPROBE r243 adjacent can_fire=False
BVBPROBE r243 fire_result=FIRE-RAISED:GameError
BVBPROBE r244 adjacent can_fire=False
BVBPROBE r244 fire_result=FIRE-RAISED:GameError
BVBPROBE r245 adjacent can_fire=False
BVBPROBE r245 fire_result=FIRE-RAISED:GameError
BVBPROBE r246 adjacent can_fire=False
BVBPROBE r246 fire_result=FIRE-RAISED:GameError
BVBPROBE r247 adjacent can_fire=False
BVBPROBE r247 fire_result=FIRE-RAISED:GameError
BVBPROBE r248 adjacent can_fire=False
BVBPROBE r248 fire_result=FIRE-RAISED:GameError
BVBPROBE r249 adjacent can_fire=False
BVBPROBE r249 fire_result=FIRE-RAISED:GameError
BVBPROBE r250 adjacent can_fire=False
BVBPROBE r250 fire_result=FIRE-RAISED:GameError
BVBPROBE r251 adjacent can_fire=False
BVBPROBE r251 fire_result=FIRE-RAISED:GameError
BVBPROBE r252 adjacent can_fire=False
BVBPROBE r252 fire_result=FIRE-RAISED:GameError
BVBPROBE r253 adjacent can_fire=False
BVBPROBE r253 fire_result=FIRE-RAISED:GameError
BVBPROBE r254 adjacent can_fire=False
BVBPROBE r254 fire_result=FIRE-RAISED:GameError
BVBPROBE r255 adjacent can_fire=False
BVBPROBE r255 fire_result=FIRE-RAISED:GameError
BVBPROBE r256 adjacent can_fire=False
BVBPROBE r256 fire_result=FIRE-RAISED:GameError
BVBPROBE r257 adjacent can_fire=False
BVBPROBE r257 fire_result=FIRE-RAISED:GameError
BVBPROBE r258 adjacent can_fire=False
BVBPROBE r258 fire_result=FIRE-RAISED:GameError
BVBPROBE r259 adjacent can_fire=False
BVBPROBE r259 fire_result=FIRE-RAISED:GameError
BVBPROBE r260 adjacent can_fire=False
BVBPROBE r260 fire_result=FIRE-RAISED:GameError
BVBPROBE r261 adjacent can_fire=False
BVBPROBE r261 fire_result=FIRE-RAISED:GameError
BVBPROBE r262 adjacent can_fire=False
BVBPROBE r262 fire_result=FIRE-RAISED:GameError
BVBPROBE r263 adjacent can_fire=False
BVBPROBE r263 fire_result=FIRE-RAISED:GameError
BVBPROBE r264 adjacent can_fire=False
BVBPROBE r264 fire_result=FIRE-RAISED:GameError
BVBPROBE r265 adjacent can_fire=False
BVBPROBE r265 fire_result=FIRE-RAISED:GameError
BVBPROBE r266 adjacent can_fire=False
BVBPROBE r266 fire_result=FIRE-RAISED:GameError
BVBPROBE r267 adjacent can_fire=False
BVBPROBE r267 fire_result=FIRE-RAISED:GameError
BVBPROBE r268 adjacent can_fire=False
BVBPROBE r268 fire_result=FIRE-RAISED:GameError
BVBPROBE r269 adjacent can_fire=False
BVBPROBE r269 fire_result=FIRE-RAISED:GameError
BVBPROBE r270 adjacent can_fire=False
BVBPROBE r270 fire_result=FIRE-RAISED:GameError
BVBPROBE r271 adjacent can_fire=False
BVBPROBE r271 fire_result=FIRE-RAISED:GameError
BVBPROBE r272 adjacent can_fire=False
BVBPROBE r272 fire_result=FIRE-RAISED:GameError
BVBPROBE r273 adjacent can_fire=False
BVBPROBE r273 fire_result=FIRE-RAISED:GameError
BVBPROBE r274 adjacent can_fire=False
BVBPROBE r274 fire_result=FIRE-RAISED:GameError
BVBPROBE r275 adjacent can_fire=False
BVBPROBE r275 fire_result=FIRE-RAISED:GameError
BVBPROBE r276 adjacent can_fire=False
BVBPROBE r276 fire_result=FIRE-RAISED:GameError
BVBPROBE r277 adjacent can_fire=False
BVBPROBE r277 fire_result=FIRE-RAISED:GameError
BVBPROBE r278 adjacent can_fire=False
BVBPROBE r278 fire_result=FIRE-RAISED:GameError
BVBPROBE r279 adjacent can_fire=False
BVBPROBE r279 fire_result=FIRE-RAISED:GameError
BVBPROBE r280 adjacent can_fire=False
BVBPROBE r280 fire_result=FIRE-RAISED:GameError
BVBPROBE r281 adjacent can_fire=False
BVBPROBE r281 fire_result=FIRE-RAISED:GameError
BVBPROBE r282 adjacent can_fire=False
BVBPROBE r282 fire_result=FIRE-RAISED:GameError
BVBPROBE r283 adjacent can_fire=False
BVBPROBE r283 fire_result=FIRE-RAISED:GameError
BVBPROBE r284 adjacent can_fire=False
BVBPROBE r284 fire_result=FIRE-RAISED:GameError
BVBPROBE r285 adjacent can_fire=False
BVBPROBE r285 fire_result=FIRE-RAISED:GameError
BVBPROBE r286 adjacent can_fire=False
BVBPROBE r286 fire_result=FIRE-RAISED:GameError
BVBPROBE r287 adjacent can_fire=False
BVBPROBE r287 fire_result=FIRE-RAISED:GameError
BVBPROBE r288 adjacent can_fire=False
BVBPROBE r288 fire_result=FIRE-RAISED:GameError
BVBPROBE r289 adjacent can_fire=False
BVBPROBE r289 fire_result=FIRE-RAISED:GameError
BVBPROBE r290 adjacent can_fire=False
BVBPROBE r290 fire_result=FIRE-RAISED:GameError
BVBPROBE r291 adjacent can_fire=False
BVBPROBE r291 fire_result=FIRE-RAISED:GameError
BVBPROBE r292 adjacent can_fire=False
BVBPROBE r292 fire_result=FIRE-RAISED:GameError
BVBPROBE r293 adjacent can_fire=False
BVBPROBE r293 fire_result=FIRE-RAISED:GameError
BVBPROBE r294 adjacent can_fire=False
BVBPROBE r294 fire_result=FIRE-RAISED:GameError
BVBPROBE r295 adjacent can_fire=False
BVBPROBE r295 fire_result=FIRE-RAISED:GameError
BVBPROBE r296 adjacent can_fire=False
BVBPROBE r296 fire_result=FIRE-RAISED:GameError
BVBPROBE r297 adjacent can_fire=False
BVBPROBE r297 fire_result=FIRE-RAISED:GameError
BVBPROBE r298 adjacent can_fire=False
BVBPROBE r298 fire_result=FIRE-RAISED:GameError
BVBPROBE r299 adjacent can_fire=False
BVBPROBE r299 fire_result=FIRE-RAISED:GameError
BVBPROBE r300 adjacent can_fire=False
BVBPROBE r300 fire_result=FIRE-RAISED:GameError
Completed turn 300
BVBPROBE r301 adjacent can_fire=False
BVBPROBE r301 fire_result=FIRE-RAISED:GameError
BVBPROBE r302 adjacent can_fire=False
BVBPROBE r302 fire_result=FIRE-RAISED:GameError
BVBPROBE r303 adjacent can_fire=False
BVBPROBE r303 fire_result=FIRE-RAISED:GameError
BVBPROBE r304 adjacent can_fire=False
BVBPROBE r304 fire_result=FIRE-RAISED:GameError
BVBPROBE r305 adjacent can_fire=False
BVBPROBE r305 fire_result=FIRE-RAISED:GameError
BVBPROBE r306 adjacent can_fire=False
BVBPROBE r306 fire_result=FIRE-RAISED:GameError
BVBPROBE r307 adjacent can_fire=False
BVBPROBE r307 fire_result=FIRE-RAISED:GameError
BVBPROBE r308 adjacent can_fire=False
BVBPROBE r308 fire_result=FIRE-RAISED:GameError
BVBPROBE r309 adjacent can_fire=False
BVBPROBE r309 fire_result=FIRE-RAISED:GameError
BVBPROBE r310 adjacent can_fire=False
BVBPROBE r310 fire_result=FIRE-RAISED:GameError
BVBPROBE r311 adjacent can_fire=False
BVBPROBE r311 fire_result=FIRE-RAISED:GameError
BVBPROBE r312 adjacent can_fire=False
BVBPROBE r312 fire_result=FIRE-RAISED:GameError
BVBPROBE r313 adjacent can_fire=False
BVBPROBE r313 fire_result=FIRE-RAISED:GameError
BVBPROBE r314 adjacent can_fire=False
BVBPROBE r314 fire_result=FIRE-RAISED:GameError
BVBPROBE r315 adjacent can_fire=False
BVBPROBE r315 fire_result=FIRE-RAISED:GameError
BVBPROBE r316 adjacent can_fire=False
BVBPROBE r316 fire_result=FIRE-RAISED:GameError
BVBPROBE r317 adjacent can_fire=False
BVBPROBE r317 fire_result=FIRE-RAISED:GameError
BVBPROBE r318 adjacent can_fire=False
BVBPROBE r318 fire_result=FIRE-RAISED:GameError
BVBPROBE r319 adjacent can_fire=False
BVBPROBE r319 fire_result=FIRE-RAISED:GameError
BVBPROBE r320 adjacent can_fire=False
BVBPROBE r320 fire_result=FIRE-RAISED:GameError
BVBPROBE r321 adjacent can_fire=False
BVBPROBE r321 fire_result=FIRE-RAISED:GameError
BVBPROBE r322 adjacent can_fire=False
BVBPROBE r322 fire_result=FIRE-RAISED:GameError
BVBPROBE r323 adjacent can_fire=False
BVBPROBE r323 fire_result=FIRE-RAISED:GameError
BVBPROBE r324 adjacent can_fire=False
BVBPROBE r324 fire_result=FIRE-RAISED:GameError
BVBPROBE r325 adjacent can_fire=False
BVBPROBE r325 fire_result=FIRE-RAISED:GameError
BVBPROBE r326 adjacent can_fire=False
BVBPROBE r326 fire_result=FIRE-RAISED:GameError
BVBPROBE r327 adjacent can_fire=False
BVBPROBE r327 fire_result=FIRE-RAISED:GameError
BVBPROBE r328 adjacent can_fire=False
BVBPROBE r328 fire_result=FIRE-RAISED:GameError
BVBPROBE r329 adjacent can_fire=False
BVBPROBE r329 fire_result=FIRE-RAISED:GameError
BVBPROBE r330 adjacent can_fire=False
BVBPROBE r330 fire_result=FIRE-RAISED:GameError
BVBPROBE r331 adjacent can_fire=False
BVBPROBE r331 fire_result=FIRE-RAISED:GameError
BVBPROBE r332 adjacent can_fire=False
BVBPROBE r332 fire_result=FIRE-RAISED:GameError
BVBPROBE r333 adjacent can_fire=False
BVBPROBE r333 fire_result=FIRE-RAISED:GameError
BVBPROBE r334 adjacent can_fire=False
BVBPROBE r334 fire_result=FIRE-RAISED:GameError
BVBPROBE r335 adjacent can_fire=False
BVBPROBE r335 fire_result=FIRE-RAISED:GameError
BVBPROBE r336 adjacent can_fire=False
BVBPROBE r336 fire_result=FIRE-RAISED:GameError
BVBPROBE r337 adjacent can_fire=False
BVBPROBE r337 fire_result=FIRE-RAISED:GameError
BVBPROBE r338 adjacent can_fire=False
BVBPROBE r338 fire_result=FIRE-RAISED:GameError
BVBPROBE r339 adjacent can_fire=False
BVBPROBE r339 fire_result=FIRE-RAISED:GameError
BVBPROBE r340 adjacent can_fire=False
BVBPROBE r340 fire_result=FIRE-RAISED:GameError
BVBPROBE r341 adjacent can_fire=False
BVBPROBE r341 fire_result=FIRE-RAISED:GameError
BVBPROBE r342 adjacent can_fire=False
BVBPROBE r342 fire_result=FIRE-RAISED:GameError
BVBPROBE r343 adjacent can_fire=False
BVBPROBE r343 fire_result=FIRE-RAISED:GameError
BVBPROBE r344 adjacent can_fire=False
BVBPROBE r344 fire_result=FIRE-RAISED:GameError
BVBPROBE r345 adjacent can_fire=False
BVBPROBE r345 fire_result=FIRE-RAISED:GameError
BVBPROBE r346 adjacent can_fire=False
BVBPROBE r346 fire_result=FIRE-RAISED:GameError
BVBPROBE r347 adjacent can_fire=False
BVBPROBE r347 fire_result=FIRE-RAISED:GameError
BVBPROBE r348 adjacent can_fire=False
BVBPROBE r348 fire_result=FIRE-RAISED:GameError
BVBPROBE r349 adjacent can_fire=False
BVBPROBE r349 fire_result=FIRE-RAISED:GameError
BVBPROBE r350 adjacent can_fire=False
BVBPROBE r350 fire_result=FIRE-RAISED:GameError
BVBPROBE r351 adjacent can_fire=False
BVBPROBE r351 fire_result=FIRE-RAISED:GameError
BVBPROBE r352 adjacent can_fire=False
BVBPROBE r352 fire_result=FIRE-RAISED:GameError
BVBPROBE r353 adjacent can_fire=False
BVBPROBE r353 fire_result=FIRE-RAISED:GameError
BVBPROBE r354 adjacent can_fire=False
BVBPROBE r354 fire_result=FIRE-RAISED:GameError
BVBPROBE r355 adjacent can_fire=False
BVBPROBE r355 fire_result=FIRE-RAISED:GameError
BVBPROBE r356 adjacent can_fire=False
BVBPROBE r356 fire_result=FIRE-RAISED:GameError
BVBPROBE r357 adjacent can_fire=False
BVBPROBE r357 fire_result=FIRE-RAISED:GameError
BVBPROBE r358 adjacent can_fire=False
BVBPROBE r358 fire_result=FIRE-RAISED:GameError
BVBPROBE r359 adjacent can_fire=False
BVBPROBE r359 fire_result=FIRE-RAISED:GameError
BVBPROBE r360 adjacent can_fire=False
BVBPROBE r360 fire_result=FIRE-RAISED:GameError
BVBPROBE r361 adjacent can_fire=False
BVBPROBE r361 fire_result=FIRE-RAISED:GameError
BVBPROBE r362 adjacent can_fire=False
BVBPROBE r362 fire_result=FIRE-RAISED:GameError
BVBPROBE r363 adjacent can_fire=False
BVBPROBE r363 fire_result=FIRE-RAISED:GameError
BVBPROBE r364 adjacent can_fire=False
BVBPROBE r364 fire_result=FIRE-RAISED:GameError
BVBPROBE r365 adjacent can_fire=False
BVBPROBE r365 fire_result=FIRE-RAISED:GameError
BVBPROBE r366 adjacent can_fire=False
BVBPROBE r366 fire_result=FIRE-RAISED:GameError
BVBPROBE r367 adjacent can_fire=False
BVBPROBE r367 fire_result=FIRE-RAISED:GameError
BVBPROBE r368 adjacent can_fire=False
BVBPROBE r368 fire_result=FIRE-RAISED:GameError
BVBPROBE r369 adjacent can_fire=False
BVBPROBE r369 fire_result=FIRE-RAISED:GameError
BVBPROBE r370 adjacent can_fire=False
BVBPROBE r370 fire_result=FIRE-RAISED:GameError
BVBPROBE r371 adjacent can_fire=False
BVBPROBE r371 fire_result=FIRE-RAISED:GameError
BVBPROBE r372 adjacent can_fire=False
BVBPROBE r372 fire_result=FIRE-RAISED:GameError
BVBPROBE r373 adjacent can_fire=False
BVBPROBE r373 fire_result=FIRE-RAISED:GameError
BVBPROBE r374 adjacent can_fire=False
BVBPROBE r374 fire_result=FIRE-RAISED:GameError
BVBPROBE r375 adjacent can_fire=False
BVBPROBE r375 fire_result=FIRE-RAISED:GameError
BVBPROBE r376 adjacent can_fire=False
BVBPROBE r376 fire_result=FIRE-RAISED:GameError
BVBPROBE r377 adjacent can_fire=False
BVBPROBE r377 fire_result=FIRE-RAISED:GameError
BVBPROBE r378 adjacent can_fire=False
BVBPROBE r378 fire_result=FIRE-RAISED:GameError
BVBPROBE r379 adjacent can_fire=False
BVBPROBE r379 fire_result=FIRE-RAISED:GameError
BVBPROBE r380 adjacent can_fire=False
BVBPROBE r380 fire_result=FIRE-RAISED:GameError
BVBPROBE r381 adjacent can_fire=False
BVBPROBE r381 fire_result=FIRE-RAISED:GameError
BVBPROBE r382 adjacent can_fire=False
BVBPROBE r382 fire_result=FIRE-RAISED:GameError
BVBPROBE r383 adjacent can_fire=False
BVBPROBE r383 fire_result=FIRE-RAISED:GameError
BVBPROBE r384 adjacent can_fire=False
BVBPROBE r384 fire_result=FIRE-RAISED:GameError
BVBPROBE r385 adjacent can_fire=False
BVBPROBE r385 fire_result=FIRE-RAISED:GameError
BVBPROBE r386 adjacent can_fire=False
BVBPROBE r386 fire_result=FIRE-RAISED:GameError
BVBPROBE r387 adjacent can_fire=False
BVBPROBE r387 fire_result=FIRE-RAISED:GameError
BVBPROBE r388 adjacent can_fire=False
BVBPROBE r388 fire_result=FIRE-RAISED:GameError
BVBPROBE r389 adjacent can_fire=False
BVBPROBE r389 fire_result=FIRE-RAISED:GameError
BVBPROBE r390 adjacent can_fire=False
BVBPROBE r390 fire_result=FIRE-RAISED:GameError
BVBPROBE r391 adjacent can_fire=False
BVBPROBE r391 fire_result=FIRE-RAISED:GameError
BVBPROBE r392 adjacent can_fire=False
BVBPROBE r392 fire_result=FIRE-RAISED:GameError
BVBPROBE r393 adjacent can_fire=False
BVBPROBE r393 fire_result=FIRE-RAISED:GameError
BVBPROBE r394 adjacent can_fire=False
BVBPROBE r394 fire_result=FIRE-RAISED:GameError
BVBPROBE r395 adjacent can_fire=False
BVBPROBE r395 fire_result=FIRE-RAISED:GameError
BVBPROBE r396 adjacent can_fire=False
BVBPROBE r396 fire_result=FIRE-RAISED:GameError
BVBPROBE r397 adjacent can_fire=False
BVBPROBE r397 fire_result=FIRE-RAISED:GameError
BVBPROBE r398 adjacent can_fire=False
BVBPROBE r398 fire_result=FIRE-RAISED:GameError
BVBPROBE r399 adjacent can_fire=False
BVBPROBE r399 fire_result=FIRE-RAISED:GameError
BVBPROBE r400 adjacent can_fire=False
BVBPROBE r400 fire_result=FIRE-RAISED:GameError
Completed turn 400
BVBPROBE r401 adjacent can_fire=False
BVBPROBE r401 fire_result=FIRE-RAISED:GameError
BVBPROBE r402 adjacent can_fire=False
BVBPROBE r402 fire_result=FIRE-RAISED:GameError
BVBPROBE r403 adjacent can_fire=False
BVBPROBE r403 fire_result=FIRE-RAISED:GameError
BVBPROBE r404 adjacent can_fire=False
BVBPROBE r404 fire_result=FIRE-RAISED:GameError
BVBPROBE r405 adjacent can_fire=False
BVBPROBE r405 fire_result=FIRE-RAISED:GameError
BVBPROBE r406 adjacent can_fire=False
BVBPROBE r406 fire_result=FIRE-RAISED:GameError
BVBPROBE r407 adjacent can_fire=False
BVBPROBE r407 fire_result=FIRE-RAISED:GameError
BVBPROBE r408 adjacent can_fire=False
BVBPROBE r408 fire_result=FIRE-RAISED:GameError
BVBPROBE r409 adjacent can_fire=False
BVBPROBE r409 fire_result=FIRE-RAISED:GameError
BVBPROBE r410 adjacent can_fire=False
BVBPROBE r410 fire_result=FIRE-RAISED:GameError
BVBPROBE r411 adjacent can_fire=False
BVBPROBE r411 fire_result=FIRE-RAISED:GameError
BVBPROBE r412 adjacent can_fire=False
BVBPROBE r412 fire_result=FIRE-RAISED:GameError
BVBPROBE r413 adjacent can_fire=False
BVBPROBE r413 fire_result=FIRE-RAISED:GameError
BVBPROBE r414 adjacent can_fire=False
BVBPROBE r414 fire_result=FIRE-RAISED:GameError
BVBPROBE r415 adjacent can_fire=False
BVBPROBE r415 fire_result=FIRE-RAISED:GameError
BVBPROBE r416 adjacent can_fire=False
BVBPROBE r416 fire_result=FIRE-RAISED:GameError
BVBPROBE r417 adjacent can_fire=False
BVBPROBE r417 fire_result=FIRE-RAISED:GameError
BVBPROBE r418 adjacent can_fire=False
BVBPROBE r418 fire_result=FIRE-RAISED:GameError
BVBPROBE r419 adjacent can_fire=False
BVBPROBE r419 fire_result=FIRE-RAISED:GameError
BVBPROBE r420 adjacent can_fire=False
BVBPROBE r420 fire_result=FIRE-RAISED:GameError
BVBPROBE r421 adjacent can_fire=False
BVBPROBE r421 fire_result=FIRE-RAISED:GameError
BVBPROBE r422 adjacent can_fire=False
BVBPROBE r422 fire_result=FIRE-RAISED:GameError
BVBPROBE r423 adjacent can_fire=False
BVBPROBE r423 fire_result=FIRE-RAISED:GameError
BVBPROBE r424 adjacent can_fire=False
BVBPROBE r424 fire_result=FIRE-RAISED:GameError
BVBPROBE r425 adjacent can_fire=False
BVBPROBE r425 fire_result=FIRE-RAISED:GameError
BVBPROBE r426 adjacent can_fire=False
BVBPROBE r426 fire_result=FIRE-RAISED:GameError
BVBPROBE r427 adjacent can_fire=False
BVBPROBE r427 fire_result=FIRE-RAISED:GameError
BVBPROBE r428 adjacent can_fire=False
BVBPROBE r428 fire_result=FIRE-RAISED:GameError
BVBPROBE r429 adjacent can_fire=False
BVBPROBE r429 fire_result=FIRE-RAISED:GameError
BVBPROBE r430 adjacent can_fire=False
BVBPROBE r430 fire_result=FIRE-RAISED:GameError
BVBPROBE r431 adjacent can_fire=False
BVBPROBE r431 fire_result=FIRE-RAISED:GameError
BVBPROBE r432 adjacent can_fire=False
BVBPROBE r432 fire_result=FIRE-RAISED:GameError
BVBPROBE r433 adjacent can_fire=False
BVBPROBE r433 fire_result=FIRE-RAISED:GameError
BVBPROBE r434 adjacent can_fire=False
BVBPROBE r434 fire_result=FIRE-RAISED:GameError
BVBPROBE r435 adjacent can_fire=False
BVBPROBE r435 fire_result=FIRE-RAISED:GameError
BVBPROBE r436 adjacent can_fire=False
BVBPROBE r436 fire_result=FIRE-RAISED:GameError
BVBPROBE r437 adjacent can_fire=False
BVBPROBE r437 fire_result=FIRE-RAISED:GameError
BVBPROBE r438 adjacent can_fire=False
BVBPROBE r438 fire_result=FIRE-RAISED:GameError
BVBPROBE r439 adjacent can_fire=False
BVBPROBE r439 fire_result=FIRE-RAISED:GameError
BVBPROBE r440 adjacent can_fire=False
BVBPROBE r440 fire_result=FIRE-RAISED:GameError
BVBPROBE r441 adjacent can_fire=False
BVBPROBE r441 fire_result=FIRE-RAISED:GameError
BVBPROBE r442 adjacent can_fire=False
BVBPROBE r442 fire_result=FIRE-RAISED:GameError
BVBPROBE r443 adjacent can_fire=False
BVBPROBE r443 fire_result=FIRE-RAISED:GameError
BVBPROBE r444 adjacent can_fire=False
BVBPROBE r444 fire_result=FIRE-RAISED:GameError
BVBPROBE r445 adjacent can_fire=False
BVBPROBE r445 fire_result=FIRE-RAISED:GameError
BVBPROBE r446 adjacent can_fire=False
BVBPROBE r446 fire_result=FIRE-RAISED:GameError
BVBPROBE r447 adjacent can_fire=False
BVBPROBE r447 fire_result=FIRE-RAISED:GameError
BVBPROBE r448 adjacent can_fire=False
BVBPROBE r448 fire_result=FIRE-RAISED:GameError
BVBPROBE r449 adjacent can_fire=False
BVBPROBE r449 fire_result=FIRE-RAISED:GameError
BVBPROBE r450 adjacent can_fire=False
BVBPROBE r450 fire_result=FIRE-RAISED:GameError
BVBPROBE r451 adjacent can_fire=False
BVBPROBE r451 fire_result=FIRE-RAISED:GameError
BVBPROBE r452 adjacent can_fire=False
BVBPROBE r452 fire_result=FIRE-RAISED:GameError
BVBPROBE r453 adjacent can_fire=False
BVBPROBE r453 fire_result=FIRE-RAISED:GameError
BVBPROBE r454 adjacent can_fire=False
BVBPROBE r454 fire_result=FIRE-RAISED:GameError
BVBPROBE r455 adjacent can_fire=False
BVBPROBE r455 fire_result=FIRE-RAISED:GameError
BVBPROBE r456 adjacent can_fire=False
BVBPROBE r456 fire_result=FIRE-RAISED:GameError
BVBPROBE r457 adjacent can_fire=False
BVBPROBE r457 fire_result=FIRE-RAISED:GameError
BVBPROBE r458 adjacent can_fire=False
BVBPROBE r458 fire_result=FIRE-RAISED:GameError
BVBPROBE r459 adjacent can_fire=False
BVBPROBE r459 fire_result=FIRE-RAISED:GameError
BVBPROBE r460 adjacent can_fire=False
BVBPROBE r460 fire_result=FIRE-RAISED:GameError
BVBPROBE r461 adjacent can_fire=False
BVBPROBE r461 fire_result=FIRE-RAISED:GameError
BVBPROBE r462 adjacent can_fire=False
BVBPROBE r462 fire_result=FIRE-RAISED:GameError
BVBPROBE r463 adjacent can_fire=False
BVBPROBE r463 fire_result=FIRE-RAISED:GameError
BVBPROBE r464 adjacent can_fire=False
BVBPROBE r464 fire_result=FIRE-RAISED:GameError
BVBPROBE r465 adjacent can_fire=False
BVBPROBE r465 fire_result=FIRE-RAISED:GameError
BVBPROBE r466 adjacent can_fire=False
BVBPROBE r466 fire_result=FIRE-RAISED:GameError
BVBPROBE r467 adjacent can_fire=False
BVBPROBE r467 fire_result=FIRE-RAISED:GameError
BVBPROBE r468 adjacent can_fire=False
BVBPROBE r468 fire_result=FIRE-RAISED:GameError
BVBPROBE r469 adjacent can_fire=False
BVBPROBE r469 fire_result=FIRE-RAISED:GameError
BVBPROBE r470 adjacent can_fire=False
BVBPROBE r470 fire_result=FIRE-RAISED:GameError
BVBPROBE r471 adjacent can_fire=False
BVBPROBE r471 fire_result=FIRE-RAISED:GameError
BVBPROBE r472 adjacent can_fire=False
BVBPROBE r472 fire_result=FIRE-RAISED:GameError
BVBPROBE r473 adjacent can_fire=False
BVBPROBE r473 fire_result=FIRE-RAISED:GameError
BVBPROBE r474 adjacent can_fire=False
BVBPROBE r474 fire_result=FIRE-RAISED:GameError
BVBPROBE r475 adjacent can_fire=False
BVBPROBE r475 fire_result=FIRE-RAISED:GameError
BVBPROBE r476 adjacent can_fire=False
BVBPROBE r476 fire_result=FIRE-RAISED:GameError
BVBPROBE r477 adjacent can_fire=False
BVBPROBE r477 fire_result=FIRE-RAISED:GameError
BVBPROBE r478 adjacent can_fire=False
BVBPROBE r478 fire_result=FIRE-RAISED:GameError
BVBPROBE r479 adjacent can_fire=False
BVBPROBE r479 fire_result=FIRE-RAISED:GameError
BVBPROBE r480 adjacent can_fire=False
BVBPROBE r480 fire_result=FIRE-RAISED:GameError
BVBPROBE r481 adjacent can_fire=False
BVBPROBE r481 fire_result=FIRE-RAISED:GameError
BVBPROBE r482 adjacent can_fire=False
BVBPROBE r482 fire_result=FIRE-RAISED:GameError
BVBPROBE r483 adjacent can_fire=False
BVBPROBE r483 fire_result=FIRE-RAISED:GameError
BVBPROBE r484 adjacent can_fire=False
BVBPROBE r484 fire_result=FIRE-RAISED:GameError
BVBPROBE r485 adjacent can_fire=False
BVBPROBE r485 fire_result=FIRE-RAISED:GameError
BVBPROBE r486 adjacent can_fire=False
BVBPROBE r486 fire_result=FIRE-RAISED:GameError
BVBPROBE r487 adjacent can_fire=False
BVBPROBE r487 fire_result=FIRE-RAISED:GameError
BVBPROBE r488 adjacent can_fire=False
BVBPROBE r488 fire_result=FIRE-RAISED:GameError
BVBPROBE r489 adjacent can_fire=False
BVBPROBE r489 fire_result=FIRE-RAISED:GameError
BVBPROBE r490 adjacent can_fire=False
BVBPROBE r490 fire_result=FIRE-RAISED:GameError
BVBPROBE r491 adjacent can_fire=False
BVBPROBE r491 fire_result=FIRE-RAISED:GameError
BVBPROBE r492 adjacent can_fire=False
BVBPROBE r492 fire_result=FIRE-RAISED:GameError
BVBPROBE r493 adjacent can_fire=False
BVBPROBE r493 fire_result=FIRE-RAISED:GameError
BVBPROBE r494 adjacent can_fire=False
BVBPROBE r494 fire_result=FIRE-RAISED:GameError
BVBPROBE r495 adjacent can_fire=False
BVBPROBE r495 fire_result=FIRE-RAISED:GameError
BVBPROBE r496 adjacent can_fire=False
BVBPROBE r496 fire_result=FIRE-RAISED:GameError
BVBPROBE r497 adjacent can_fire=False
BVBPROBE r497 fire_result=FIRE-RAISED:GameError
BVBPROBE r498 adjacent can_fire=False
BVBPROBE r498 fire_result=FIRE-RAISED:GameError
BVBPROBE r499 adjacent can_fire=False
BVBPROBE r499 fire_result=FIRE-RAISED:GameError
BVBPROBE r500 adjacent can_fire=False
BVBPROBE r500 fire_result=FIRE-RAISED:GameError
Completed turn 500
BVBPROBE r501 adjacent can_fire=False
BVBPROBE r501 fire_result=FIRE-RAISED:GameError
BVBPROBE r502 adjacent can_fire=False
BVBPROBE r502 fire_result=FIRE-RAISED:GameError
BVBPROBE r503 adjacent can_fire=False
BVBPROBE r503 fire_result=FIRE-RAISED:GameError
BVBPROBE r504 adjacent can_fire=False
BVBPROBE r504 fire_result=FIRE-RAISED:GameError
BVBPROBE r505 adjacent can_fire=False
BVBPROBE r505 fire_result=FIRE-RAISED:GameError
BVBPROBE r506 adjacent can_fire=False
BVBPROBE r506 fire_result=FIRE-RAISED:GameError
BVBPROBE r507 adjacent can_fire=False
BVBPROBE r507 fire_result=FIRE-RAISED:GameError
BVBPROBE r508 adjacent can_fire=False
BVBPROBE r508 fire_result=FIRE-RAISED:GameError
BVBPROBE r509 adjacent can_fire=False
BVBPROBE r509 fire_result=FIRE-RAISED:GameError
BVBPROBE r510 adjacent can_fire=False
BVBPROBE r510 fire_result=FIRE-RAISED:GameError
BVBPROBE r511 adjacent can_fire=False
BVBPROBE r511 fire_result=FIRE-RAISED:GameError
BVBPROBE r512 adjacent can_fire=False
BVBPROBE r512 fire_result=FIRE-RAISED:GameError
BVBPROBE r513 adjacent can_fire=False
BVBPROBE r513 fire_result=FIRE-RAISED:GameError
BVBPROBE r514 adjacent can_fire=False
BVBPROBE r514 fire_result=FIRE-RAISED:GameError
BVBPROBE r515 adjacent can_fire=False
BVBPROBE r515 fire_result=FIRE-RAISED:GameError
BVBPROBE r516 adjacent can_fire=False
BVBPROBE r516 fire_result=FIRE-RAISED:GameError
BVBPROBE r517 adjacent can_fire=False
BVBPROBE r517 fire_result=FIRE-RAISED:GameError
BVBPROBE r518 adjacent can_fire=False
BVBPROBE r518 fire_result=FIRE-RAISED:GameError
BVBPROBE r519 adjacent can_fire=False
BVBPROBE r519 fire_result=FIRE-RAISED:GameError
BVBPROBE r520 adjacent can_fire=False
BVBPROBE r520 fire_result=FIRE-RAISED:GameError
BVBPROBE r521 adjacent can_fire=False
BVBPROBE r521 fire_result=FIRE-RAISED:GameError
BVBPROBE r522 adjacent can_fire=False
BVBPROBE r522 fire_result=FIRE-RAISED:GameError
BVBPROBE r523 adjacent can_fire=False
BVBPROBE r523 fire_result=FIRE-RAISED:GameError
BVBPROBE r524 adjacent can_fire=False
BVBPROBE r524 fire_result=FIRE-RAISED:GameError
BVBPROBE r525 adjacent can_fire=False
BVBPROBE r525 fire_result=FIRE-RAISED:GameError
BVBPROBE r526 adjacent can_fire=False
BVBPROBE r526 fire_result=FIRE-RAISED:GameError
BVBPROBE r527 adjacent can_fire=False
BVBPROBE r527 fire_result=FIRE-RAISED:GameError
BVBPROBE r528 adjacent can_fire=False
BVBPROBE r528 fire_result=FIRE-RAISED:GameError
BVBPROBE r529 adjacent can_fire=False
BVBPROBE r529 fire_result=FIRE-RAISED:GameError
BVBPROBE r530 adjacent can_fire=False
BVBPROBE r530 fire_result=FIRE-RAISED:GameError
BVBPROBE r531 adjacent can_fire=False
BVBPROBE r531 fire_result=FIRE-RAISED:GameError
BVBPROBE r532 adjacent can_fire=False
BVBPROBE r532 fire_result=FIRE-RAISED:GameError
BVBPROBE r533 adjacent can_fire=False
BVBPROBE r533 fire_result=FIRE-RAISED:GameError
BVBPROBE r534 adjacent can_fire=False
BVBPROBE r534 fire_result=FIRE-RAISED:GameError
BVBPROBE r535 adjacent can_fire=False
BVBPROBE r535 fire_result=FIRE-RAISED:GameError
BVBPROBE r536 adjacent can_fire=False
BVBPROBE r536 fire_result=FIRE-RAISED:GameError
BVBPROBE r537 adjacent can_fire=False
BVBPROBE r537 fire_result=FIRE-RAISED:GameError
BVBPROBE r538 adjacent can_fire=False
BVBPROBE r538 fire_result=FIRE-RAISED:GameError
BVBPROBE r539 adjacent can_fire=False
BVBPROBE r539 fire_result=FIRE-RAISED:GameError
BVBPROBE r540 adjacent can_fire=False
BVBPROBE r540 fire_result=FIRE-RAISED:GameError
BVBPROBE r541 adjacent can_fire=False
BVBPROBE r541 fire_result=FIRE-RAISED:GameError
BVBPROBE r542 adjacent can_fire=False
BVBPROBE r542 fire_result=FIRE-RAISED:GameError
BVBPROBE r543 adjacent can_fire=False
BVBPROBE r543 fire_result=FIRE-RAISED:GameError
BVBPROBE r544 adjacent can_fire=False
BVBPROBE r544 fire_result=FIRE-RAISED:GameError
BVBPROBE r545 adjacent can_fire=False
BVBPROBE r545 fire_result=FIRE-RAISED:GameError
BVBPROBE r546 adjacent can_fire=False
BVBPROBE r546 fire_result=FIRE-RAISED:GameError
BVBPROBE r547 adjacent can_fire=False
BVBPROBE r547 fire_result=FIRE-RAISED:GameError
BVBPROBE r548 adjacent can_fire=False
BVBPROBE r548 fire_result=FIRE-RAISED:GameError
BVBPROBE r549 adjacent can_fire=False
BVBPROBE r549 fire_result=FIRE-RAISED:GameError
BVBPROBE r550 adjacent can_fire=False
BVBPROBE r550 fire_result=FIRE-RAISED:GameError
BVBPROBE r551 adjacent can_fire=False
BVBPROBE r551 fire_result=FIRE-RAISED:GameError
BVBPROBE r552 adjacent can_fire=False
BVBPROBE r552 fire_result=FIRE-RAISED:GameError
BVBPROBE r553 adjacent can_fire=False
BVBPROBE r553 fire_result=FIRE-RAISED:GameError
BVBPROBE r554 adjacent can_fire=False
BVBPROBE r554 fire_result=FIRE-RAISED:GameError
BVBPROBE r555 adjacent can_fire=False
BVBPROBE r555 fire_result=FIRE-RAISED:GameError
BVBPROBE r556 adjacent can_fire=False
BVBPROBE r556 fire_result=FIRE-RAISED:GameError
BVBPROBE r557 adjacent can_fire=False
BVBPROBE r557 fire_result=FIRE-RAISED:GameError
BVBPROBE r558 adjacent can_fire=False
BVBPROBE r558 fire_result=FIRE-RAISED:GameError
BVBPROBE r559 adjacent can_fire=False
BVBPROBE r559 fire_result=FIRE-RAISED:GameError
BVBPROBE r560 adjacent can_fire=False
BVBPROBE r560 fire_result=FIRE-RAISED:GameError
BVBPROBE r561 adjacent can_fire=False
BVBPROBE r561 fire_result=FIRE-RAISED:GameError
BVBPROBE r562 adjacent can_fire=False
BVBPROBE r562 fire_result=FIRE-RAISED:GameError
BVBPROBE r563 adjacent can_fire=False
BVBPROBE r563 fire_result=FIRE-RAISED:GameError
BVBPROBE r564 adjacent can_fire=False
BVBPROBE r564 fire_result=FIRE-RAISED:GameError
BVBPROBE r565 adjacent can_fire=False
BVBPROBE r565 fire_result=FIRE-RAISED:GameError
BVBPROBE r566 adjacent can_fire=False
BVBPROBE r566 fire_result=FIRE-RAISED:GameError
BVBPROBE r567 adjacent can_fire=False
BVBPROBE r567 fire_result=FIRE-RAISED:GameError
BVBPROBE r568 adjacent can_fire=False
BVBPROBE r568 fire_result=FIRE-RAISED:GameError
BVBPROBE r569 adjacent can_fire=False
BVBPROBE r569 fire_result=FIRE-RAISED:GameError
BVBPROBE r570 adjacent can_fire=False
BVBPROBE r570 fire_result=FIRE-RAISED:GameError
BVBPROBE r571 adjacent can_fire=False
BVBPROBE r571 fire_result=FIRE-RAISED:GameError
BVBPROBE r572 adjacent can_fire=False
BVBPROBE r572 fire_result=FIRE-RAISED:GameError
BVBPROBE r573 adjacent can_fire=False
BVBPROBE r573 fire_result=FIRE-RAISED:GameError
BVBPROBE r574 adjacent can_fire=False
BVBPROBE r574 fire_result=FIRE-RAISED:GameError
BVBPROBE r575 adjacent can_fire=False
BVBPROBE r575 fire_result=FIRE-RAISED:GameError
BVBPROBE r576 adjacent can_fire=False
BVBPROBE r576 fire_result=FIRE-RAISED:GameError
BVBPROBE r577 adjacent can_fire=False
BVBPROBE r577 fire_result=FIRE-RAISED:GameError
BVBPROBE r578 adjacent can_fire=False
BVBPROBE r578 fire_result=FIRE-RAISED:GameError
BVBPROBE r579 adjacent can_fire=False
BVBPROBE r579 fire_result=FIRE-RAISED:GameError
BVBPROBE r580 adjacent can_fire=False
BVBPROBE r580 fire_result=FIRE-RAISED:GameError
BVBPROBE r581 adjacent can_fire=False
BVBPROBE r581 fire_result=FIRE-RAISED:GameError
BVBPROBE r582 adjacent can_fire=False
BVBPROBE r582 fire_result=FIRE-RAISED:GameError
BVBPROBE r583 adjacent can_fire=False
BVBPROBE r583 fire_result=FIRE-RAISED:GameError
BVBPROBE r584 adjacent can_fire=False
BVBPROBE r584 fire_result=FIRE-RAISED:GameError
BVBPROBE r585 adjacent can_fire=False
BVBPROBE r585 fire_result=FIRE-RAISED:GameError
BVBPROBE r586 adjacent can_fire=False
BVBPROBE r586 fire_result=FIRE-RAISED:GameError
BVBPROBE r587 adjacent can_fire=False
BVBPROBE r587 fire_result=FIRE-RAISED:GameError
BVBPROBE r588 adjacent can_fire=False
BVBPROBE r588 fire_result=FIRE-RAISED:GameError
BVBPROBE r589 adjacent can_fire=False
BVBPROBE r589 fire_result=FIRE-RAISED:GameError
BVBPROBE r590 adjacent can_fire=False
BVBPROBE r590 fire_result=FIRE-RAISED:GameError
BVBPROBE r591 adjacent can_fire=False
BVBPROBE r591 fire_result=FIRE-RAISED:GameError
BVBPROBE r592 adjacent can_fire=False
BVBPROBE r592 fire_result=FIRE-RAISED:GameError
BVBPROBE r593 adjacent can_fire=False
BVBPROBE r593 fire_result=FIRE-RAISED:GameError
BVBPROBE r594 adjacent can_fire=False
BVBPROBE r594 fire_result=FIRE-RAISED:GameError
BVBPROBE r595 adjacent can_fire=False
BVBPROBE r595 fire_result=FIRE-RAISED:GameError
BVBPROBE r596 adjacent can_fire=False
BVBPROBE r596 fire_result=FIRE-RAISED:GameError
BVBPROBE r597 adjacent can_fire=False
BVBPROBE r597 fire_result=FIRE-RAISED:GameError
BVBPROBE r598 adjacent can_fire=False
BVBPROBE r598 fire_result=FIRE-RAISED:GameError
BVBPROBE r599 adjacent can_fire=False
BVBPROBE r599 fire_result=FIRE-RAISED:GameError
BVBPROBE r600 adjacent can_fire=False
BVBPROBE r600 fire_result=FIRE-RAISED:GameError
Completed turn 600
BVBPROBE r601 adjacent can_fire=False
BVBPROBE r601 fire_result=FIRE-RAISED:GameError
BVBPROBE r602 adjacent can_fire=False
BVBPROBE r602 fire_result=FIRE-RAISED:GameError
BVBPROBE r603 adjacent can_fire=False
BVBPROBE r603 fire_result=FIRE-RAISED:GameError
BVBPROBE r604 adjacent can_fire=False
BVBPROBE r604 fire_result=FIRE-RAISED:GameError
BVBPROBE r605 adjacent can_fire=False
BVBPROBE r605 fire_result=FIRE-RAISED:GameError
BVBPROBE r606 adjacent can_fire=False
BVBPROBE r606 fire_result=FIRE-RAISED:GameError
BVBPROBE r607 adjacent can_fire=False
BVBPROBE r607 fire_result=FIRE-RAISED:GameError
BVBPROBE r608 adjacent can_fire=False
BVBPROBE r608 fire_result=FIRE-RAISED:GameError
BVBPROBE r609 adjacent can_fire=False
BVBPROBE r609 fire_result=FIRE-RAISED:GameError
BVBPROBE r610 adjacent can_fire=False
BVBPROBE r610 fire_result=FIRE-RAISED:GameError
BVBPROBE r611 adjacent can_fire=False
BVBPROBE r611 fire_result=FIRE-RAISED:GameError
BVBPROBE r612 adjacent can_fire=False
BVBPROBE r612 fire_result=FIRE-RAISED:GameError
BVBPROBE r613 adjacent can_fire=False
BVBPROBE r613 fire_result=FIRE-RAISED:GameError
BVBPROBE r614 adjacent can_fire=False
BVBPROBE r614 fire_result=FIRE-RAISED:GameError
BVBPROBE r615 adjacent can_fire=False
BVBPROBE r615 fire_result=FIRE-RAISED:GameError
BVBPROBE r616 adjacent can_fire=False
BVBPROBE r616 fire_result=FIRE-RAISED:GameError
BVBPROBE r617 adjacent can_fire=False
BVBPROBE r617 fire_result=FIRE-RAISED:GameError
BVBPROBE r618 adjacent can_fire=False
BVBPROBE r618 fire_result=FIRE-RAISED:GameError
BVBPROBE r619 adjacent can_fire=False
BVBPROBE r619 fire_result=FIRE-RAISED:GameError
BVBPROBE r620 adjacent can_fire=False
BVBPROBE r620 fire_result=FIRE-RAISED:GameError
BVBPROBE r621 adjacent can_fire=False
BVBPROBE r621 fire_result=FIRE-RAISED:GameError
BVBPROBE r622 adjacent can_fire=False
BVBPROBE r622 fire_result=FIRE-RAISED:GameError
BVBPROBE r623 adjacent can_fire=False
BVBPROBE r623 fire_result=FIRE-RAISED:GameError
BVBPROBE r624 adjacent can_fire=False
BVBPROBE r624 fire_result=FIRE-RAISED:GameError
BVBPROBE r625 adjacent can_fire=False
BVBPROBE r625 fire_result=FIRE-RAISED:GameError
BVBPROBE r626 adjacent can_fire=False
BVBPROBE r626 fire_result=FIRE-RAISED:GameError
BVBPROBE r627 adjacent can_fire=False
BVBPROBE r627 fire_result=FIRE-RAISED:GameError
BVBPROBE r628 adjacent can_fire=False
BVBPROBE r628 fire_result=FIRE-RAISED:GameError
BVBPROBE r629 adjacent can_fire=False
BVBPROBE r629 fire_result=FIRE-RAISED:GameError
BVBPROBE r630 adjacent can_fire=False
BVBPROBE r630 fire_result=FIRE-RAISED:GameError
BVBPROBE r631 adjacent can_fire=False
BVBPROBE r631 fire_result=FIRE-RAISED:GameError
BVBPROBE r632 adjacent can_fire=False
BVBPROBE r632 fire_result=FIRE-RAISED:GameError
BVBPROBE r633 adjacent can_fire=False
BVBPROBE r633 fire_result=FIRE-RAISED:GameError
BVBPROBE r634 adjacent can_fire=False
BVBPROBE r634 fire_result=FIRE-RAISED:GameError
BVBPROBE r635 adjacent can_fire=False
BVBPROBE r635 fire_result=FIRE-RAISED:GameError
BVBPROBE r636 adjacent can_fire=False
BVBPROBE r636 fire_result=FIRE-RAISED:GameError
BVBPROBE r637 adjacent can_fire=False
BVBPROBE r637 fire_result=FIRE-RAISED:GameError
BVBPROBE r638 adjacent can_fire=False
BVBPROBE r638 fire_result=FIRE-RAISED:GameError
BVBPROBE r639 adjacent can_fire=False
BVBPROBE r639 fire_result=FIRE-RAISED:GameError
BVBPROBE r640 adjacent can_fire=False
BVBPROBE r640 fire_result=FIRE-RAISED:GameError
BVBPROBE r641 adjacent can_fire=False
BVBPROBE r641 fire_result=FIRE-RAISED:GameError
BVBPROBE r642 adjacent can_fire=False
BVBPROBE r642 fire_result=FIRE-RAISED:GameError
BVBPROBE r643 adjacent can_fire=False
BVBPROBE r643 fire_result=FIRE-RAISED:GameError
BVBPROBE r644 adjacent can_fire=False
BVBPROBE r644 fire_result=FIRE-RAISED:GameError
BVBPROBE r645 adjacent can_fire=False
BVBPROBE r645 fire_result=FIRE-RAISED:GameError
BVBPROBE r646 adjacent can_fire=False
BVBPROBE r646 fire_result=FIRE-RAISED:GameError
BVBPROBE r647 adjacent can_fire=False
BVBPROBE r647 fire_result=FIRE-RAISED:GameError
BVBPROBE r648 adjacent can_fire=False
BVBPROBE r648 fire_result=FIRE-RAISED:GameError
BVBPROBE r649 adjacent can_fire=False
BVBPROBE r649 fire_result=FIRE-RAISED:GameError
BVBPROBE r650 adjacent can_fire=False
BVBPROBE r650 fire_result=FIRE-RAISED:GameError
BVBPROBE r651 adjacent can_fire=False
BVBPROBE r651 fire_result=FIRE-RAISED:GameError
BVBPROBE r652 adjacent can_fire=False
BVBPROBE r652 fire_result=FIRE-RAISED:GameError
BVBPROBE r653 adjacent can_fire=False
BVBPROBE r653 fire_result=FIRE-RAISED:GameError
BVBPROBE r654 adjacent can_fire=False
BVBPROBE r654 fire_result=FIRE-RAISED:GameError
BVBPROBE r655 adjacent can_fire=False
BVBPROBE r655 fire_result=FIRE-RAISED:GameError
BVBPROBE r656 adjacent can_fire=False
BVBPROBE r656 fire_result=FIRE-RAISED:GameError
BVBPROBE r657 adjacent can_fire=False
BVBPROBE r657 fire_result=FIRE-RAISED:GameError
BVBPROBE r658 adjacent can_fire=False
BVBPROBE r658 fire_result=FIRE-RAISED:GameError
BVBPROBE r659 adjacent can_fire=False
BVBPROBE r659 fire_result=FIRE-RAISED:GameError
BVBPROBE r660 adjacent can_fire=False
BVBPROBE r660 fire_result=FIRE-RAISED:GameError
BVBPROBE r661 adjacent can_fire=False
BVBPROBE r661 fire_result=FIRE-RAISED:GameError
BVBPROBE r662 adjacent can_fire=False
BVBPROBE r662 fire_result=FIRE-RAISED:GameError
BVBPROBE r663 adjacent can_fire=False
BVBPROBE r663 fire_result=FIRE-RAISED:GameError
BVBPROBE r664 adjacent can_fire=False
BVBPROBE r664 fire_result=FIRE-RAISED:GameError
BVBPROBE r665 adjacent can_fire=False
BVBPROBE r665 fire_result=FIRE-RAISED:GameError
BVBPROBE r666 adjacent can_fire=False
BVBPROBE r666 fire_result=FIRE-RAISED:GameError
BVBPROBE r667 adjacent can_fire=False
BVBPROBE r667 fire_result=FIRE-RAISED:GameError
BVBPROBE r668 adjacent can_fire=False
BVBPROBE r668 fire_result=FIRE-RAISED:GameError
BVBPROBE r669 adjacent can_fire=False
BVBPROBE r669 fire_result=FIRE-RAISED:GameError
BVBPROBE r670 adjacent can_fire=False
BVBPROBE r670 fire_result=FIRE-RAISED:GameError
BVBPROBE r671 adjacent can_fire=False
BVBPROBE r671 fire_result=FIRE-RAISED:GameError
BVBPROBE r672 adjacent can_fire=False
BVBPROBE r672 fire_result=FIRE-RAISED:GameError
BVBPROBE r673 adjacent can_fire=False
BVBPROBE r673 fire_result=FIRE-RAISED:GameError
BVBPROBE r674 adjacent can_fire=False
BVBPROBE r674 fire_result=FIRE-RAISED:GameError
BVBPROBE r675 adjacent can_fire=False
BVBPROBE r675 fire_result=FIRE-RAISED:GameError
BVBPROBE r676 adjacent can_fire=False
BVBPROBE r676 fire_result=FIRE-RAISED:GameError
BVBPROBE r677 adjacent can_fire=False
BVBPROBE r677 fire_result=FIRE-RAISED:GameError
BVBPROBE r678 adjacent can_fire=False
BVBPROBE r678 fire_result=FIRE-RAISED:GameError
BVBPROBE r679 adjacent can_fire=False
BVBPROBE r679 fire_result=FIRE-RAISED:GameError
BVBPROBE r680 adjacent can_fire=False
BVBPROBE r680 fire_result=FIRE-RAISED:GameError
BVBPROBE r681 adjacent can_fire=False
BVBPROBE r681 fire_result=FIRE-RAISED:GameError
BVBPROBE r682 adjacent can_fire=False
BVBPROBE r682 fire_result=FIRE-RAISED:GameError
BVBPROBE r683 adjacent can_fire=False
BVBPROBE r683 fire_result=FIRE-RAISED:GameError
BVBPROBE r684 adjacent can_fire=False
BVBPROBE r684 fire_result=FIRE-RAISED:GameError
BVBPROBE r685 adjacent can_fire=False
BVBPROBE r685 fire_result=FIRE-RAISED:GameError
BVBPROBE r686 adjacent can_fire=False
BVBPROBE r686 fire_result=FIRE-RAISED:GameError
BVBPROBE r687 adjacent can_fire=False
BVBPROBE r687 fire_result=FIRE-RAISED:GameError
BVBPROBE r688 adjacent can_fire=False
BVBPROBE r688 fire_result=FIRE-RAISED:GameError
BVBPROBE r689 adjacent can_fire=False
BVBPROBE r689 fire_result=FIRE-RAISED:GameError
BVBPROBE r690 adjacent can_fire=False
BVBPROBE r690 fire_result=FIRE-RAISED:GameError
BVBPROBE r691 adjacent can_fire=False
BVBPROBE r691 fire_result=FIRE-RAISED:GameError
BVBPROBE r692 adjacent can_fire=False
BVBPROBE r692 fire_result=FIRE-RAISED:GameError
BVBPROBE r693 adjacent can_fire=False
BVBPROBE r693 fire_result=FIRE-RAISED:GameError
BVBPROBE r694 adjacent can_fire=False
BVBPROBE r694 fire_result=FIRE-RAISED:GameError
BVBPROBE r695 adjacent can_fire=False
BVBPROBE r695 fire_result=FIRE-RAISED:GameError
BVBPROBE r696 adjacent can_fire=False
BVBPROBE r696 fire_result=FIRE-RAISED:GameError
BVBPROBE r697 adjacent can_fire=False
BVBPROBE r697 fire_result=FIRE-RAISED:GameError
BVBPROBE r698 adjacent can_fire=False
BVBPROBE r698 fire_result=FIRE-RAISED:GameError
BVBPROBE r699 adjacent can_fire=False
BVBPROBE r699 fire_result=FIRE-RAISED:GameError
BVBPROBE r700 adjacent can_fire=False
BVBPROBE r700 fire_result=FIRE-RAISED:GameError
Completed turn 700
BVBPROBE r701 adjacent can_fire=False
BVBPROBE r701 fire_result=FIRE-RAISED:GameError
BVBPROBE r702 adjacent can_fire=False
BVBPROBE r702 fire_result=FIRE-RAISED:GameError
BVBPROBE r703 adjacent can_fire=False
BVBPROBE r703 fire_result=FIRE-RAISED:GameError
BVBPROBE r704 adjacent can_fire=False
BVBPROBE r704 fire_result=FIRE-RAISED:GameError
BVBPROBE r705 adjacent can_fire=False
BVBPROBE r705 fire_result=FIRE-RAISED:GameError
BVBPROBE r706 adjacent can_fire=False
BVBPROBE r706 fire_result=FIRE-RAISED:GameError
BVBPROBE r707 adjacent can_fire=False
BVBPROBE r707 fire_result=FIRE-RAISED:GameError
BVBPROBE r708 adjacent can_fire=False
BVBPROBE r708 fire_result=FIRE-RAISED:GameError
BVBPROBE r709 adjacent can_fire=False
BVBPROBE r709 fire_result=FIRE-RAISED:GameError
BVBPROBE r710 adjacent can_fire=False
BVBPROBE r710 fire_result=FIRE-RAISED:GameError
BVBPROBE r711 adjacent can_fire=False
BVBPROBE r711 fire_result=FIRE-RAISED:GameError
BVBPROBE r712 adjacent can_fire=False
BVBPROBE r712 fire_result=FIRE-RAISED:GameError
BVBPROBE r713 adjacent can_fire=False
BVBPROBE r713 fire_result=FIRE-RAISED:GameError
BVBPROBE r714 adjacent can_fire=False
BVBPROBE r714 fire_result=FIRE-RAISED:GameError
BVBPROBE r715 adjacent can_fire=False
BVBPROBE r715 fire_result=FIRE-RAISED:GameError
BVBPROBE r716 adjacent can_fire=False
BVBPROBE r716 fire_result=FIRE-RAISED:GameError
BVBPROBE r717 adjacent can_fire=False
BVBPROBE r717 fire_result=FIRE-RAISED:GameError
BVBPROBE r718 adjacent can_fire=False
BVBPROBE r718 fire_result=FIRE-RAISED:GameError
BVBPROBE r719 adjacent can_fire=False
BVBPROBE r719 fire_result=FIRE-RAISED:GameError
BVBPROBE r720 adjacent can_fire=False
BVBPROBE r720 fire_result=FIRE-RAISED:GameError
BVBPROBE r721 adjacent can_fire=False
BVBPROBE r721 fire_result=FIRE-RAISED:GameError
BVBPROBE r722 adjacent can_fire=False
BVBPROBE r722 fire_result=FIRE-RAISED:GameError
BVBPROBE r723 adjacent can_fire=False
BVBPROBE r723 fire_result=FIRE-RAISED:GameError
BVBPROBE r724 adjacent can_fire=False
BVBPROBE r724 fire_result=FIRE-RAISED:GameError
BVBPROBE r725 adjacent can_fire=False
BVBPROBE r725 fire_result=FIRE-RAISED:GameError
BVBPROBE r726 adjacent can_fire=False
BVBPROBE r726 fire_result=FIRE-RAISED:GameError
BVBPROBE r727 adjacent can_fire=False
BVBPROBE r727 fire_result=FIRE-RAISED:GameError
BVBPROBE r728 adjacent can_fire=False
BVBPROBE r728 fire_result=FIRE-RAISED:GameError
BVBPROBE r729 adjacent can_fire=False
BVBPROBE r729 fire_result=FIRE-RAISED:GameError
BVBPROBE r730 adjacent can_fire=False
BVBPROBE r730 fire_result=FIRE-RAISED:GameError
BVBPROBE r731 adjacent can_fire=False
BVBPROBE r731 fire_result=FIRE-RAISED:GameError
BVBPROBE r732 adjacent can_fire=False
BVBPROBE r732 fire_result=FIRE-RAISED:GameError
BVBPROBE r733 adjacent can_fire=False
BVBPROBE r733 fire_result=FIRE-RAISED:GameError
BVBPROBE r734 adjacent can_fire=False
BVBPROBE r734 fire_result=FIRE-RAISED:GameError
BVBPROBE r735 adjacent can_fire=False
BVBPROBE r735 fire_result=FIRE-RAISED:GameError
BVBPROBE r736 adjacent can_fire=False
BVBPROBE r736 fire_result=FIRE-RAISED:GameError
BVBPROBE r737 adjacent can_fire=False
BVBPROBE r737 fire_result=FIRE-RAISED:GameError
BVBPROBE r738 adjacent can_fire=False
BVBPROBE r738 fire_result=FIRE-RAISED:GameError
BVBPROBE r739 adjacent can_fire=False
BVBPROBE r739 fire_result=FIRE-RAISED:GameError
BVBPROBE r740 adjacent can_fire=False
BVBPROBE r740 fire_result=FIRE-RAISED:GameError
BVBPROBE r741 adjacent can_fire=False
BVBPROBE r741 fire_result=FIRE-RAISED:GameError
BVBPROBE r742 adjacent can_fire=False
BVBPROBE r742 fire_result=FIRE-RAISED:GameError
BVBPROBE r743 adjacent can_fire=False
BVBPROBE r743 fire_result=FIRE-RAISED:GameError
BVBPROBE r744 adjacent can_fire=False
BVBPROBE r744 fire_result=FIRE-RAISED:GameError
BVBPROBE r745 adjacent can_fire=False
BVBPROBE r745 fire_result=FIRE-RAISED:GameError
BVBPROBE r746 adjacent can_fire=False
BVBPROBE r746 fire_result=FIRE-RAISED:GameError
BVBPROBE r747 adjacent can_fire=False
BVBPROBE r747 fire_result=FIRE-RAISED:GameError
BVBPROBE r748 adjacent can_fire=False
BVBPROBE r748 fire_result=FIRE-RAISED:GameError
BVBPROBE r749 adjacent can_fire=False
BVBPROBE r749 fire_result=FIRE-RAISED:GameError
BVBPROBE r750 adjacent can_fire=False
BVBPROBE r750 fire_result=FIRE-RAISED:GameError
BVBPROBE r751 adjacent can_fire=False
BVBPROBE r751 fire_result=FIRE-RAISED:GameError
BVBPROBE r752 adjacent can_fire=False
BVBPROBE r752 fire_result=FIRE-RAISED:GameError
BVBPROBE r753 adjacent can_fire=False
BVBPROBE r753 fire_result=FIRE-RAISED:GameError
BVBPROBE r754 adjacent can_fire=False
BVBPROBE r754 fire_result=FIRE-RAISED:GameError
BVBPROBE r755 adjacent can_fire=False
BVBPROBE r755 fire_result=FIRE-RAISED:GameError
BVBPROBE r756 adjacent can_fire=False
BVBPROBE r756 fire_result=FIRE-RAISED:GameError
BVBPROBE r757 adjacent can_fire=False
BVBPROBE r757 fire_result=FIRE-RAISED:GameError
BVBPROBE r758 adjacent can_fire=False
BVBPROBE r758 fire_result=FIRE-RAISED:GameError
BVBPROBE r759 adjacent can_fire=False
BVBPROBE r759 fire_result=FIRE-RAISED:GameError
BVBPROBE r760 adjacent can_fire=False
BVBPROBE r760 fire_result=FIRE-RAISED:GameError
BVBPROBE r761 adjacent can_fire=False
BVBPROBE r761 fire_result=FIRE-RAISED:GameError
BVBPROBE r762 adjacent can_fire=False
BVBPROBE r762 fire_result=FIRE-RAISED:GameError
BVBPROBE r763 adjacent can_fire=False
BVBPROBE r763 fire_result=FIRE-RAISED:GameError
BVBPROBE r764 adjacent can_fire=False
BVBPROBE r764 fire_result=FIRE-RAISED:GameError
BVBPROBE r765 adjacent can_fire=False
BVBPROBE r765 fire_result=FIRE-RAISED:GameError
BVBPROBE r766 adjacent can_fire=False
BVBPROBE r766 fire_result=FIRE-RAISED:GameError
BVBPROBE r767 adjacent can_fire=False
BVBPROBE r767 fire_result=FIRE-RAISED:GameError
BVBPROBE r768 adjacent can_fire=False
BVBPROBE r768 fire_result=FIRE-RAISED:GameError
BVBPROBE r769 adjacent can_fire=False
BVBPROBE r769 fire_result=FIRE-RAISED:GameError
BVBPROBE r770 adjacent can_fire=False
BVBPROBE r770 fire_result=FIRE-RAISED:GameError
BVBPROBE r771 adjacent can_fire=False
BVBPROBE r771 fire_result=FIRE-RAISED:GameError
BVBPROBE r772 adjacent can_fire=False
BVBPROBE r772 fire_result=FIRE-RAISED:GameError
BVBPROBE r773 adjacent can_fire=False
BVBPROBE r773 fire_result=FIRE-RAISED:GameError
BVBPROBE r774 adjacent can_fire=False
BVBPROBE r774 fire_result=FIRE-RAISED:GameError
BVBPROBE r775 adjacent can_fire=False
BVBPROBE r775 fire_result=FIRE-RAISED:GameError
BVBPROBE r776 adjacent can_fire=False
BVBPROBE r776 fire_result=FIRE-RAISED:GameError
BVBPROBE r777 adjacent can_fire=False
BVBPROBE r777 fire_result=FIRE-RAISED:GameError
BVBPROBE r778 adjacent can_fire=False
BVBPROBE r778 fire_result=FIRE-RAISED:GameError
BVBPROBE r779 adjacent can_fire=False
BVBPROBE r779 fire_result=FIRE-RAISED:GameError
BVBPROBE r780 adjacent can_fire=False
BVBPROBE r780 fire_result=FIRE-RAISED:GameError
BVBPROBE r781 adjacent can_fire=False
BVBPROBE r781 fire_result=FIRE-RAISED:GameError
BVBPROBE r782 adjacent can_fire=False
BVBPROBE r782 fire_result=FIRE-RAISED:GameError
BVBPROBE r783 adjacent can_fire=False
BVBPROBE r783 fire_result=FIRE-RAISED:GameError
BVBPROBE r784 adjacent can_fire=False
BVBPROBE r784 fire_result=FIRE-RAISED:GameError
BVBPROBE r785 adjacent can_fire=False
BVBPROBE r785 fire_result=FIRE-RAISED:GameError
BVBPROBE r786 adjacent can_fire=False
BVBPROBE r786 fire_result=FIRE-RAISED:GameError
BVBPROBE r787 adjacent can_fire=False
BVBPROBE r787 fire_result=FIRE-RAISED:GameError
BVBPROBE r788 adjacent can_fire=False
BVBPROBE r788 fire_result=FIRE-RAISED:GameError
BVBPROBE r789 adjacent can_fire=False
BVBPROBE r789 fire_result=FIRE-RAISED:GameError
BVBPROBE r790 adjacent can_fire=False
BVBPROBE r790 fire_result=FIRE-RAISED:GameError
BVBPROBE r791 adjacent can_fire=False
BVBPROBE r791 fire_result=FIRE-RAISED:GameError
BVBPROBE r792 adjacent can_fire=False
BVBPROBE r792 fire_result=FIRE-RAISED:GameError
BVBPROBE r793 adjacent can_fire=False
BVBPROBE r793 fire_result=FIRE-RAISED:GameError
BVBPROBE r794 adjacent can_fire=False
BVBPROBE r794 fire_result=FIRE-RAISED:GameError
BVBPROBE r795 adjacent can_fire=False
BVBPROBE r795 fire_result=FIRE-RAISED:GameError
BVBPROBE r796 adjacent can_fire=False
BVBPROBE r796 fire_result=FIRE-RAISED:GameError
BVBPROBE r797 adjacent can_fire=False
BVBPROBE r797 fire_result=FIRE-RAISED:GameError
BVBPROBE r798 adjacent can_fire=False
BVBPROBE r798 fire_result=FIRE-RAISED:GameError
BVBPROBE r799 adjacent can_fire=False
BVBPROBE r799 fire_result=FIRE-RAISED:GameError
BVBPROBE r800 adjacent can_fire=False
BVBPROBE r800 fire_result=FIRE-RAISED:GameError
Completed turn 800
BVBPROBE r801 adjacent can_fire=False
BVBPROBE r801 fire_result=FIRE-RAISED:GameError
BVBPROBE r802 adjacent can_fire=False
BVBPROBE r802 fire_result=FIRE-RAISED:GameError
BVBPROBE r803 adjacent can_fire=False
BVBPROBE r803 fire_result=FIRE-RAISED:GameError
BVBPROBE r804 adjacent can_fire=False
BVBPROBE r804 fire_result=FIRE-RAISED:GameError
BVBPROBE r805 adjacent can_fire=False
BVBPROBE r805 fire_result=FIRE-RAISED:GameError
BVBPROBE r806 adjacent can_fire=False
BVBPROBE r806 fire_result=FIRE-RAISED:GameError
BVBPROBE r807 adjacent can_fire=False
BVBPROBE r807 fire_result=FIRE-RAISED:GameError
BVBPROBE r808 adjacent can_fire=False
BVBPROBE r808 fire_result=FIRE-RAISED:GameError
BVBPROBE r809 adjacent can_fire=False
BVBPROBE r809 fire_result=FIRE-RAISED:GameError
BVBPROBE r810 adjacent can_fire=False
BVBPROBE r810 fire_result=FIRE-RAISED:GameError
BVBPROBE r811 adjacent can_fire=False
BVBPROBE r811 fire_result=FIRE-RAISED:GameError
BVBPROBE r812 adjacent can_fire=False
BVBPROBE r812 fire_result=FIRE-RAISED:GameError
BVBPROBE r813 adjacent can_fire=False
BVBPROBE r813 fire_result=FIRE-RAISED:GameError
BVBPROBE r814 adjacent can_fire=False
BVBPROBE r814 fire_result=FIRE-RAISED:GameError
BVBPROBE r815 adjacent can_fire=False
BVBPROBE r815 fire_result=FIRE-RAISED:GameError
BVBPROBE r816 adjacent can_fire=False
BVBPROBE r816 fire_result=FIRE-RAISED:GameError
BVBPROBE r817 adjacent can_fire=False
BVBPROBE r817 fire_result=FIRE-RAISED:GameError
BVBPROBE r818 adjacent can_fire=False
BVBPROBE r818 fire_result=FIRE-RAISED:GameError
BVBPROBE r819 adjacent can_fire=False
BVBPROBE r819 fire_result=FIRE-RAISED:GameError
BVBPROBE r820 adjacent can_fire=False
BVBPROBE r820 fire_result=FIRE-RAISED:GameError
BVBPROBE r821 adjacent can_fire=False
BVBPROBE r821 fire_result=FIRE-RAISED:GameError
BVBPROBE r822 adjacent can_fire=False
BVBPROBE r822 fire_result=FIRE-RAISED:GameError
BVBPROBE r823 adjacent can_fire=False
BVBPROBE r823 fire_result=FIRE-RAISED:GameError
BVBPROBE r824 adjacent can_fire=False
BVBPROBE r824 fire_result=FIRE-RAISED:GameError
BVBPROBE r825 adjacent can_fire=False
BVBPROBE r825 fire_result=FIRE-RAISED:GameError
BVBPROBE r826 adjacent can_fire=False
BVBPROBE r826 fire_result=FIRE-RAISED:GameError
BVBPROBE r827 adjacent can_fire=False
BVBPROBE r827 fire_result=FIRE-RAISED:GameError
BVBPROBE r828 adjacent can_fire=False
BVBPROBE r828 fire_result=FIRE-RAISED:GameError
BVBPROBE r829 adjacent can_fire=False
BVBPROBE r829 fire_result=FIRE-RAISED:GameError
BVBPROBE r830 adjacent can_fire=False
BVBPROBE r830 fire_result=FIRE-RAISED:GameError
BVBPROBE r831 adjacent can_fire=False
BVBPROBE r831 fire_result=FIRE-RAISED:GameError
BVBPROBE r832 adjacent can_fire=False
BVBPROBE r832 fire_result=FIRE-RAISED:GameError
BVBPROBE r833 adjacent can_fire=False
BVBPROBE r833 fire_result=FIRE-RAISED:GameError
BVBPROBE r834 adjacent can_fire=False
BVBPROBE r834 fire_result=FIRE-RAISED:GameError
BVBPROBE r835 adjacent can_fire=False
BVBPROBE r835 fire_result=FIRE-RAISED:GameError
BVBPROBE r836 adjacent can_fire=False
BVBPROBE r836 fire_result=FIRE-RAISED:GameError
BVBPROBE r837 adjacent can_fire=False
BVBPROBE r837 fire_result=FIRE-RAISED:GameError
BVBPROBE r838 adjacent can_fire=False
BVBPROBE r838 fire_result=FIRE-RAISED:GameError
BVBPROBE r839 adjacent can_fire=False
BVBPROBE r839 fire_result=FIRE-RAISED:GameError
BVBPROBE r840 adjacent can_fire=False
BVBPROBE r840 fire_result=FIRE-RAISED:GameError
BVBPROBE r841 adjacent can_fire=False
BVBPROBE r841 fire_result=FIRE-RAISED:GameError
BVBPROBE r842 adjacent can_fire=False
BVBPROBE r842 fire_result=FIRE-RAISED:GameError
BVBPROBE r843 adjacent can_fire=False
BVBPROBE r843 fire_result=FIRE-RAISED:GameError
BVBPROBE r844 adjacent can_fire=False
BVBPROBE r844 fire_result=FIRE-RAISED:GameError
BVBPROBE r845 adjacent can_fire=False
BVBPROBE r845 fire_result=FIRE-RAISED:GameError
BVBPROBE r846 adjacent can_fire=False
BVBPROBE r846 fire_result=FIRE-RAISED:GameError
BVBPROBE r847 adjacent can_fire=False
BVBPROBE r847 fire_result=FIRE-RAISED:GameError
BVBPROBE r848 adjacent can_fire=False
BVBPROBE r848 fire_result=FIRE-RAISED:GameError
BVBPROBE r849 adjacent can_fire=False
BVBPROBE r849 fire_result=FIRE-RAISED:GameError
BVBPROBE r850 adjacent can_fire=False
BVBPROBE r850 fire_result=FIRE-RAISED:GameError
BVBPROBE r851 adjacent can_fire=False
BVBPROBE r851 fire_result=FIRE-RAISED:GameError
BVBPROBE r852 adjacent can_fire=False
BVBPROBE r852 fire_result=FIRE-RAISED:GameError
BVBPROBE r853 adjacent can_fire=False
BVBPROBE r853 fire_result=FIRE-RAISED:GameError
BVBPROBE r854 adjacent can_fire=False
BVBPROBE r854 fire_result=FIRE-RAISED:GameError
BVBPROBE r855 adjacent can_fire=False
BVBPROBE r855 fire_result=FIRE-RAISED:GameError
BVBPROBE r856 adjacent can_fire=False
BVBPROBE r856 fire_result=FIRE-RAISED:GameError
BVBPROBE r857 adjacent can_fire=False
BVBPROBE r857 fire_result=FIRE-RAISED:GameError
BVBPROBE r858 adjacent can_fire=False
BVBPROBE r858 fire_result=FIRE-RAISED:GameError
BVBPROBE r859 adjacent can_fire=False
BVBPROBE r859 fire_result=FIRE-RAISED:GameError
BVBPROBE r860 adjacent can_fire=False
BVBPROBE r860 fire_result=FIRE-RAISED:GameError
BVBPROBE r861 adjacent can_fire=False
BVBPROBE r861 fire_result=FIRE-RAISED:GameError
BVBPROBE r862 adjacent can_fire=False
BVBPROBE r862 fire_result=FIRE-RAISED:GameError
BVBPROBE r863 adjacent can_fire=False
BVBPROBE r863 fire_result=FIRE-RAISED:GameError
BVBPROBE r864 adjacent can_fire=False
BVBPROBE r864 fire_result=FIRE-RAISED:GameError
BVBPROBE r865 adjacent can_fire=False
BVBPROBE r865 fire_result=FIRE-RAISED:GameError
BVBPROBE r866 adjacent can_fire=False
BVBPROBE r866 fire_result=FIRE-RAISED:GameError
BVBPROBE r867 adjacent can_fire=False
BVBPROBE r867 fire_result=FIRE-RAISED:GameError
BVBPROBE r868 adjacent can_fire=False
BVBPROBE r868 fire_result=FIRE-RAISED:GameError
BVBPROBE r869 adjacent can_fire=False
BVBPROBE r869 fire_result=FIRE-RAISED:GameError
BVBPROBE r870 adjacent can_fire=False
BVBPROBE r870 fire_result=FIRE-RAISED:GameError
BVBPROBE r871 adjacent can_fire=False
BVBPROBE r871 fire_result=FIRE-RAISED:GameError
BVBPROBE r872 adjacent can_fire=False
BVBPROBE r872 fire_result=FIRE-RAISED:GameError
BVBPROBE r873 adjacent can_fire=False
BVBPROBE r873 fire_result=FIRE-RAISED:GameError
BVBPROBE r874 adjacent can_fire=False
BVBPROBE r874 fire_result=FIRE-RAISED:GameError
BVBPROBE r875 adjacent can_fire=False
BVBPROBE r875 fire_result=FIRE-RAISED:GameError
BVBPROBE r876 adjacent can_fire=False
BVBPROBE r876 fire_result=FIRE-RAISED:GameError
BVBPROBE r877 adjacent can_fire=False
BVBPROBE r877 fire_result=FIRE-RAISED:GameError
BVBPROBE r878 adjacent can_fire=False
BVBPROBE r878 fire_result=FIRE-RAISED:GameError
BVBPROBE r879 adjacent can_fire=False
BVBPROBE r879 fire_result=FIRE-RAISED:GameError
BVBPROBE r880 adjacent can_fire=False
BVBPROBE r880 fire_result=FIRE-RAISED:GameError
BVBPROBE r881 adjacent can_fire=False
BVBPROBE r881 fire_result=FIRE-RAISED:GameError
BVBPROBE r882 adjacent can_fire=False
BVBPROBE r882 fire_result=FIRE-RAISED:GameError
BVBPROBE r883 adjacent can_fire=False
BVBPROBE r883 fire_result=FIRE-RAISED:GameError
BVBPROBE r884 adjacent can_fire=False
BVBPROBE r884 fire_result=FIRE-RAISED:GameError
BVBPROBE r885 adjacent can_fire=False
BVBPROBE r885 fire_result=FIRE-RAISED:GameError
BVBPROBE r886 adjacent can_fire=False
BVBPROBE r886 fire_result=FIRE-RAISED:GameError
BVBPROBE r887 adjacent can_fire=False
BVBPROBE r887 fire_result=FIRE-RAISED:GameError
BVBPROBE r888 adjacent can_fire=False
BVBPROBE r888 fire_result=FIRE-RAISED:GameError
BVBPROBE r889 adjacent can_fire=False
BVBPROBE r889 fire_result=FIRE-RAISED:GameError
BVBPROBE r890 adjacent can_fire=False
BVBPROBE r890 fire_result=FIRE-RAISED:GameError
BVBPROBE r891 adjacent can_fire=False
BVBPROBE r891 fire_result=FIRE-RAISED:GameError
BVBPROBE r892 adjacent can_fire=False
BVBPROBE r892 fire_result=FIRE-RAISED:GameError
BVBPROBE r893 adjacent can_fire=False
BVBPROBE r893 fire_result=FIRE-RAISED:GameError
BVBPROBE r894 adjacent can_fire=False
BVBPROBE r894 fire_result=FIRE-RAISED:GameError
BVBPROBE r895 adjacent can_fire=False
BVBPROBE r895 fire_result=FIRE-RAISED:GameError
BVBPROBE r896 adjacent can_fire=False
BVBPROBE r896 fire_result=FIRE-RAISED:GameError
BVBPROBE r897 adjacent can_fire=False
BVBPROBE r897 fire_result=FIRE-RAISED:GameError
BVBPROBE r898 adjacent can_fire=False
BVBPROBE r898 fire_result=FIRE-RAISED:GameError
BVBPROBE r899 adjacent can_fire=False
BVBPROBE r899 fire_result=FIRE-RAISED:GameError
BVBPROBE r900 adjacent can_fire=False
BVBPROBE r900 fire_result=FIRE-RAISED:GameError
Completed turn 900
BVBPROBE r901 adjacent can_fire=False
BVBPROBE r901 fire_result=FIRE-RAISED:GameError
BVBPROBE r902 adjacent can_fire=False
BVBPROBE r902 fire_result=FIRE-RAISED:GameError
BVBPROBE r903 adjacent can_fire=False
BVBPROBE r903 fire_result=FIRE-RAISED:GameError
BVBPROBE r904 adjacent can_fire=False
BVBPROBE r904 fire_result=FIRE-RAISED:GameError
BVBPROBE r905 adjacent can_fire=False
BVBPROBE r905 fire_result=FIRE-RAISED:GameError
BVBPROBE r906 adjacent can_fire=False
BVBPROBE r906 fire_result=FIRE-RAISED:GameError
BVBPROBE r907 adjacent can_fire=False
BVBPROBE r907 fire_result=FIRE-RAISED:GameError
BVBPROBE r908 adjacent can_fire=False
BVBPROBE r908 fire_result=FIRE-RAISED:GameError
BVBPROBE r909 adjacent can_fire=False
BVBPROBE r909 fire_result=FIRE-RAISED:GameError
BVBPROBE r910 adjacent can_fire=False
BVBPROBE r910 fire_result=FIRE-RAISED:GameError
BVBPROBE r911 adjacent can_fire=False
BVBPROBE r911 fire_result=FIRE-RAISED:GameError
BVBPROBE r912 adjacent can_fire=False
BVBPROBE r912 fire_result=FIRE-RAISED:GameError
BVBPROBE r913 adjacent can_fire=False
BVBPROBE r913 fire_result=FIRE-RAISED:GameError
BVBPROBE r914 adjacent can_fire=False
BVBPROBE r914 fire_result=FIRE-RAISED:GameError
BVBPROBE r915 adjacent can_fire=False
BVBPROBE r915 fire_result=FIRE-RAISED:GameError
BVBPROBE r916 adjacent can_fire=False
BVBPROBE r916 fire_result=FIRE-RAISED:GameError
BVBPROBE r917 adjacent can_fire=False
BVBPROBE r917 fire_result=FIRE-RAISED:GameError
BVBPROBE r918 adjacent can_fire=False
BVBPROBE r918 fire_result=FIRE-RAISED:GameError
BVBPROBE r919 adjacent can_fire=False
BVBPROBE r919 fire_result=FIRE-RAISED:GameError
BVBPROBE r920 adjacent can_fire=False
BVBPROBE r920 fire_result=FIRE-RAISED:GameError
BVBPROBE r921 adjacent can_fire=False
BVBPROBE r921 fire_result=FIRE-RAISED:GameError
BVBPROBE r922 adjacent can_fire=False
BVBPROBE r922 fire_result=FIRE-RAISED:GameError
BVBPROBE r923 adjacent can_fire=False
BVBPROBE r923 fire_result=FIRE-RAISED:GameError
BVBPROBE r924 adjacent can_fire=False
BVBPROBE r924 fire_result=FIRE-RAISED:GameError
BVBPROBE r925 adjacent can_fire=False
BVBPROBE r925 fire_result=FIRE-RAISED:GameError
BVBPROBE r926 adjacent can_fire=False
BVBPROBE r926 fire_result=FIRE-RAISED:GameError
BVBPROBE r927 adjacent can_fire=False
BVBPROBE r927 fire_result=FIRE-RAISED:GameError
BVBPROBE r928 adjacent can_fire=False
BVBPROBE r928 fire_result=FIRE-RAISED:GameError
BVBPROBE r929 adjacent can_fire=False
BVBPROBE r929 fire_result=FIRE-RAISED:GameError
BVBPROBE r930 adjacent can_fire=False
BVBPROBE r930 fire_result=FIRE-RAISED:GameError
BVBPROBE r931 adjacent can_fire=False
BVBPROBE r931 fire_result=FIRE-RAISED:GameError
BVBPROBE r932 adjacent can_fire=False
BVBPROBE r932 fire_result=FIRE-RAISED:GameError
BVBPROBE r933 adjacent can_fire=False
BVBPROBE r933 fire_result=FIRE-RAISED:GameError
BVBPROBE r934 adjacent can_fire=False
BVBPROBE r934 fire_result=FIRE-RAISED:GameError
BVBPROBE r935 adjacent can_fire=False
BVBPROBE r935 fire_result=FIRE-RAISED:GameError
BVBPROBE r936 adjacent can_fire=False
BVBPROBE r936 fire_result=FIRE-RAISED:GameError
BVBPROBE r937 adjacent can_fire=False
BVBPROBE r937 fire_result=FIRE-RAISED:GameError
BVBPROBE r938 adjacent can_fire=False
BVBPROBE r938 fire_result=FIRE-RAISED:GameError
BVBPROBE r939 adjacent can_fire=False
BVBPROBE r939 fire_result=FIRE-RAISED:GameError
BVBPROBE r940 adjacent can_fire=False
BVBPROBE r940 fire_result=FIRE-RAISED:GameError
BVBPROBE r941 adjacent can_fire=False
BVBPROBE r941 fire_result=FIRE-RAISED:GameError
BVBPROBE r942 adjacent can_fire=False
BVBPROBE r942 fire_result=FIRE-RAISED:GameError
BVBPROBE r943 adjacent can_fire=False
BVBPROBE r943 fire_result=FIRE-RAISED:GameError
BVBPROBE r944 adjacent can_fire=False
BVBPROBE r944 fire_result=FIRE-RAISED:GameError
BVBPROBE r945 adjacent can_fire=False
BVBPROBE r945 fire_result=FIRE-RAISED:GameError
BVBPROBE r946 adjacent can_fire=False
BVBPROBE r946 fire_result=FIRE-RAISED:GameError
BVBPROBE r947 adjacent can_fire=False
BVBPROBE r947 fire_result=FIRE-RAISED:GameError
BVBPROBE r948 adjacent can_fire=False
BVBPROBE r948 fire_result=FIRE-RAISED:GameError
BVBPROBE r949 adjacent can_fire=False
BVBPROBE r949 fire_result=FIRE-RAISED:GameError
BVBPROBE r950 adjacent can_fire=False
BVBPROBE r950 fire_result=FIRE-RAISED:GameError
BVBPROBE r951 adjacent can_fire=False
BVBPROBE r951 fire_result=FIRE-RAISED:GameError
BVBPROBE r952 adjacent can_fire=False
BVBPROBE r952 fire_result=FIRE-RAISED:GameError
BVBPROBE r953 adjacent can_fire=False
BVBPROBE r953 fire_result=FIRE-RAISED:GameError
BVBPROBE r954 adjacent can_fire=False
BVBPROBE r954 fire_result=FIRE-RAISED:GameError
BVBPROBE r955 adjacent can_fire=False
BVBPROBE r955 fire_result=FIRE-RAISED:GameError
BVBPROBE r956 adjacent can_fire=False
BVBPROBE r956 fire_result=FIRE-RAISED:GameError
BVBPROBE r957 adjacent can_fire=False
BVBPROBE r957 fire_result=FIRE-RAISED:GameError
BVBPROBE r958 adjacent can_fire=False
BVBPROBE r958 fire_result=FIRE-RAISED:GameError
BVBPROBE r959 adjacent can_fire=False
BVBPROBE r959 fire_result=FIRE-RAISED:GameError
BVBPROBE r960 adjacent can_fire=False
BVBPROBE r960 fire_result=FIRE-RAISED:GameError
BVBPROBE r961 adjacent can_fire=False
BVBPROBE r961 fire_result=FIRE-RAISED:GameError
BVBPROBE r962 adjacent can_fire=False
BVBPROBE r962 fire_result=FIRE-RAISED:GameError
BVBPROBE r963 adjacent can_fire=False
BVBPROBE r963 fire_result=FIRE-RAISED:GameError
BVBPROBE r964 adjacent can_fire=False
BVBPROBE r964 fire_result=FIRE-RAISED:GameError
BVBPROBE r965 adjacent can_fire=False
BVBPROBE r965 fire_result=FIRE-RAISED:GameError
BVBPROBE r966 adjacent can_fire=False
BVBPROBE r966 fire_result=FIRE-RAISED:GameError
BVBPROBE r967 adjacent can_fire=False
BVBPROBE r967 fire_result=FIRE-RAISED:GameError
BVBPROBE r968 adjacent can_fire=False
BVBPROBE r968 fire_result=FIRE-RAISED:GameError
BVBPROBE r969 adjacent can_fire=False
BVBPROBE r969 fire_result=FIRE-RAISED:GameError
BVBPROBE r970 adjacent can_fire=False
BVBPROBE r970 fire_result=FIRE-RAISED:GameError
BVBPROBE r971 adjacent can_fire=False
BVBPROBE r971 fire_result=FIRE-RAISED:GameError
BVBPROBE r972 adjacent can_fire=False
BVBPROBE r972 fire_result=FIRE-RAISED:GameError
BVBPROBE r973 adjacent can_fire=False
BVBPROBE r973 fire_result=FIRE-RAISED:GameError
BVBPROBE r974 adjacent can_fire=False
BVBPROBE r974 fire_result=FIRE-RAISED:GameError
BVBPROBE r975 adjacent can_fire=False
BVBPROBE r975 fire_result=FIRE-RAISED:GameError
BVBPROBE r976 adjacent can_fire=False
BVBPROBE r976 fire_result=FIRE-RAISED:GameError
BVBPROBE r977 adjacent can_fire=False
BVBPROBE r977 fire_result=FIRE-RAISED:GameError
BVBPROBE r978 adjacent can_fire=False
BVBPROBE r978 fire_result=FIRE-RAISED:GameError
BVBPROBE r979 adjacent can_fire=False
BVBPROBE r979 fire_result=FIRE-RAISED:GameError
BVBPROBE r980 adjacent can_fire=False
BVBPROBE r980 fire_result=FIRE-RAISED:GameError
BVBPROBE r981 adjacent can_fire=False
BVBPROBE r981 fire_result=FIRE-RAISED:GameError
BVBPROBE r982 adjacent can_fire=False
BVBPROBE r982 fire_result=FIRE-RAISED:GameError
BVBPROBE r983 adjacent can_fire=False
BVBPROBE r983 fire_result=FIRE-RAISED:GameError
BVBPROBE r984 adjacent can_fire=False
BVBPROBE r984 fire_result=FIRE-RAISED:GameError
BVBPROBE r985 adjacent can_fire=False
BVBPROBE r985 fire_result=FIRE-RAISED:GameError
BVBPROBE r986 adjacent can_fire=False
BVBPROBE r986 fire_result=FIRE-RAISED:GameError
BVBPROBE r987 adjacent can_fire=False
BVBPROBE r987 fire_result=FIRE-RAISED:GameError
BVBPROBE r988 adjacent can_fire=False
BVBPROBE r988 fire_result=FIRE-RAISED:GameError
BVBPROBE r989 adjacent can_fire=False
BVBPROBE r989 fire_result=FIRE-RAISED:GameError
BVBPROBE r990 adjacent can_fire=False
BVBPROBE r990 fire_result=FIRE-RAISED:GameError
BVBPROBE r991 adjacent can_fire=False
BVBPROBE r991 fire_result=FIRE-RAISED:GameError
BVBPROBE r992 adjacent can_fire=False
BVBPROBE r992 fire_result=FIRE-RAISED:GameError
BVBPROBE r993 adjacent can_fire=False
BVBPROBE r993 fire_result=FIRE-RAISED:GameError
BVBPROBE r994 adjacent can_fire=False
BVBPROBE r994 fire_result=FIRE-RAISED:GameError
BVBPROBE r995 adjacent can_fire=False
BVBPROBE r995 fire_result=FIRE-RAISED:GameError
BVBPROBE r996 adjacent can_fire=False
BVBPROBE r996 fire_result=FIRE-RAISED:GameError
BVBPROBE r997 adjacent can_fire=False
BVBPROBE r997 fire_result=FIRE-RAISED:GameError
BVBPROBE r998 adjacent can_fire=False
BVBPROBE r998 fire_result=FIRE-RAISED:GameError
BVBPROBE r999 adjacent can_fire=False
BVBPROBE r999 fire_result=FIRE-RAISED:GameError
Replay written to scratchpad/s57_heim0/bvb_probe4.replay26

  Winner: _probe_bvb_b  (Coinflip (tiebreak), turn 1000)

                 _probe_bvb_a      _probe_bvb_b  
  Titanium     2970 (0 mined)    2970 (0 mined)  
  Units                     1                 1  
  Buildings                 1                 1  

