Update available: 2.3.6 -> 2.3.8. Run: pip install --upgrade fcode
CREW523 0 site mag slotfs 0 merged 0 won 0 n 0 of 1
CREW523 0 site budget slotfs 0 merged 0 won 0 n 0 of 2
CREW523 0 site spawn slotfs 0 merged 0 won 0 n 0 of 3
CREW523 1 site mag slotfs 0 merged 0 won 0 n 0 of 4
CREW523 1 site budget slotfs 0 merged 0 won 0 n 0 of 5
CREW523 1 site spawn slotfs 0 merged 0 won 0 n 0 of 6
CREW523 2 site mag slotfs 1 merged 1 won 0 n 0 of 7
CREW523 2 site budget slotfs 1 merged 1 won 0 n 0 of 8
CREW523 2 site spawn slotfs 1 merged 1 won 0 n 0 of 9
CREW523 3 site mag slotfs 1 merged 1 won 0 n 0 of 10
CREW523 3 site budget slotfs 1 merged 1 won 0 n 0 of 11
CREW523 3 site spawn slotfs 1 merged 1 won 0 n 0 of 12
CREW523 4 site mag slotfs 1 merged 1 won 0 n 0 of 13
CREW523 4 site budget slotfs 1 merged 1 won 0 n 0 of 14
CREW523 5 site mag slotfs 1 merged 1 won 0 n 0 of 15
CREW523 5 site budget slotfs 1 merged 1 won 0 n 0 of 16
CREW523 6 site mag slotfs 1 merged 1 won 0 n 0 of 17
CREW523 6 site budget slotfs 1 merged 1 won 0 n 0 of 18
CREW523 7 site mag slotfs 1 merged 1 won 0 n 0 of 19
CREW523 7 site budget slotfs 1 merged 1 won 0 n 0 of 20
CREW523 8 site mag slotfs 1 merged 1 won 0 n 0 of 21
CREW523 8 site budget slotfs 1 merged 1 won 0 n 0 of 22
CREW523 9 site mag slotfs 1 merged 1 won 0 n 0 of 23
CREW523 9 site budget slotfs 1 merged 1 won 0 n 0 of 24
PH523 9 id 3 body 1 arc 2 orth 7 own 0 merged 0 arcclosed 0 ph 2
CREW523 10 site mag slotfs 2 merged 2 won 0 n 0 of 25
CREW523 10 site budget slotfs 2 merged 2 won 0 n 0 of 26
CREW523 10 site spawn slotfs 2 merged 2 won 0 n 0 of 27
PH523 10 id 3 body 1 arc 2 orth 5 own 0 merged 0 arcclosed 0 ph 2
PH523 10 id 9 body 2 arc 1 orth 6 own 0 merged 0 arcclosed 0 ph 2
CREW523 11 site mag slotfs 2 merged 2 won 0 n 0 of 28
CREW523 11 site budget slotfs 2 merged 2 won 0 n 0 of 29
CREW523 11 site spawn slotfs 2 merged 2 won 0 n 0 of 30
PH523 11 id 3 body 1 arc 2 orth 5 own 0 merged 0 arcclosed 0 ph 2
PH523 11 id 9 body 2 arc 1 orth 4 own 0 merged 0 arcclosed 0 ph 2
CREW523 12 site mag slotfs 2 merged 2 won 0 n 0 of 31
CREW523 12 site budget slotfs 2 merged 2 won 0 n 0 of 32
CREW523 12 site spawn slotfs 2 merged 2 won 0 n 0 of 33
PH523 12 id 3 body 1 arc 2 orth 4 own 0 merged 0 arcclosed 0 ph 2
PH523 12 id 9 body 2 arc 1 orth 3 own 0 merged 0 arcclosed 0 ph 2
CREW523 13 site mag slotfs 2 merged 2 won 0 n 0 of 34
CREW523 13 site budget slotfs 2 merged 2 won 0 n 0 of 35
CREW523 13 site spawn slotfs 2 merged 2 won 0 n 0 of 36
PH523 13 id 3 body 1 arc 2 orth 4 own 0 merged 0 arcclosed 0 ph 2
PH523 13 id 9 body 2 arc 1 orth 4 own 0 merged 0 arcclosed 0 ph 2
CREW523 14 site mag slotfs 2 merged 2 won 0 n 0 of 37
CREW523 14 site budget slotfs 2 merged 2 won 0 n 0 of 38
CREW523 14 site spawn slotfs 2 merged 2 won 0 n 0 of 39
PH523 14 id 3 body 1 arc 2 orth 4 own 0 merged 0 arcclosed 0 ph 2
PH523 14 id 9 body 2 arc 1 orth 4 own 0 merged 0 arcclosed 0 ph 2
CREW523 15 site mag slotfs 2 merged 2 won 0 n 0 of 40
CREW523 15 site budget slotfs 2 merged 2 won 0 n 0 of 41
CREW523 15 site spawn slotfs 2 merged 2 won 0 n 0 of 42
PH523 15 id 3 body 1 arc 2 orth 4 own 0 merged 0 arcclosed 0 ph 2
PH523 15 id 9 body 2 arc 1 orth 4 own 0 merged 0 arcclosed 0 ph 2
CREW523 16 site mag slotfs 2 merged 2 won 0 n 0 of 43
CREW523 16 site budget slotfs 2 merged 2 won 0 n 0 of 44
CREW523 16 site spawn slotfs 2 merged 2 won 0 n 0 of 45
PH523 16 id 3 body 1 arc 2 orth 3 own 0 merged 0 arcclosed 0 ph 2
PH523 16 id 9 body 2 arc 1 orth 3 own 0 merged 0 arcclosed 0 ph 2
CREW523 17 site mag slotfs 2 merged 2 won 0 n 0 of 46
CREW523 17 site budget slotfs 2 merged 2 won 0 n 0 of 47
CREW523 17 site spawn slotfs 2 merged 2 won 0 n 0 of 48
PH523 17 id 3 body 1 arc 2 orth 4 own 0 merged 0 arcclosed 0 ph 2
PH523 17 id 9 body 2 arc 1 orth 5 own 0 merged 0 arcclosed 0 ph 2
CREW523 18 site mag slotfs 2 merged 2 won 0 n 0 of 49
CREW523 18 site budget slotfs 2 merged 2 won 0 n 0 of 50
CREW523 18 site spawn slotfs 2 merged 2 won 0 n 0 of 51
PH523 18 id 3 body 1 arc 2 orth 5 own 0 merged 0 arcclosed 0 ph 2
PH523 18 id 9 body 2 arc 1 orth 4 own 0 merged 0 arcclosed 0 ph 2
CREW523 19 site mag slotfs 2 merged 2 won 0 n 0 of 52
CREW523 19 site budget slotfs 2 merged 2 won 0 n 0 of 53
CREW523 19 site spawn slotfs 2 merged 2 won 0 n 0 of 54
PH523 19 id 3 body 1 arc 2 orth 4 own 0 merged 0 arcclosed 0 ph 2
PH523 19 id 9 body 2 arc 1 orth 4 own 0 merged 0 arcclosed 0 ph 2
CREW523 20 site mag slotfs 2 merged 2 won 0 n 0 of 55
CREW523 20 site budget slotfs 2 merged 2 won 0 n 0 of 56
CREW523 20 site spawn slotfs 2 merged 2 won 0 n 0 of 57
PH523 20 id 3 body 1 arc 2 orth 5 own 0 merged 0 arcclosed 0 ph 2
PH523 20 id 9 body 2 arc 1 orth 4 own 0 merged 0 arcclosed 0 ph 2
CREW523 21 site mag slotfs 2 merged 2 won 0 n 0 of 58
CREW523 21 site budget slotfs 2 merged 2 won 0 n 0 of 59
CREW523 21 site spawn slotfs 2 merged 2 won 0 n 0 of 60
PH523 21 id 3 body 1 arc 2 orth 4 own 0 merged 0 arcclosed 0 ph 2
PH523 21 id 9 body 2 arc 1 orth 4 own 0 merged 0 arcclosed 0 ph 2
CREW523 22 site mag slotfs 2 merged 2 won 0 n 0 of 61
CREW523 22 site budget slotfs 2 merged 2 won 0 n 0 of 62
CREW523 22 site spawn slotfs 2 merged 2 won 0 n 0 of 63
PH523 22 id 3 body 1 arc 2 orth 5 own 0 merged 0 arcclosed 0 ph 2
PH523 22 id 9 body 2 arc 1 orth 4 own 0 merged 0 arcclosed 0 ph 2
CREW523 23 site mag slotfs 2 merged 2 won 0 n 0 of 64
CREW523 23 site budget slotfs 2 merged 2 won 0 n 0 of 65
CREW523 23 site spawn slotfs 2 merged 2 won 0 n 0 of 66
PH523 23 id 3 body 1 arc 2 orth 4 own 0 merged 0 arcclosed 0 ph 2
PH523 23 id 9 body 2 arc 1 orth 4 own 0 merged 0 arcclosed 0 ph 2
CREW523 24 site mag slotfs 2 merged 2 won 0 n 0 of 67
CREW523 24 site budget slotfs 2 merged 2 won 0 n 0 of 68
CREW523 24 site spawn slotfs 2 merged 2 won 0 n 0 of 69
PH523 24 id 3 body 1 arc 2 orth 4 own 0 merged 0 arcclosed 0 ph 2
PH523 24 id 9 body 2 arc 1 orth 4 own 0 merged 0 arcclosed 0 ph 2
CREW523 25 site mag slotfs 2 merged 2 won 0 n 0 of 70
CREW523 25 site budget slotfs 2 merged 2 won 0 n 0 of 71
CREW523 25 site spawn slotfs 2 merged 2 won 0 n 0 of 72
PH523 25 id 3 body 1 arc 2 orth 4 own 0 merged 0 arcclosed 0 ph 2
PH523 25 id 9 body 2 arc 1 orth 4 own 0 merged 0 arcclosed 0 ph 2
CREW523 26 site mag slotfs 2 merged 2 won 0 n 0 of 73
CREW523 26 site budget slotfs 2 merged 2 won 0 n 0 of 74
CREW523 26 site spawn slotfs 2 merged 2 won 0 n 0 of 75
PH523 26 id 3 body 1 arc 2 orth 5 own 0 merged 0 arcclosed 0 ph 2
PH523 26 id 9 body 2 arc 1 orth 4 own 0 merged 0 arcclosed 0 ph 2
CREW523 27 site mag slotfs 2 merged 2 won 0 n 0 of 76
CREW523 27 site budget slotfs 2 merged 2 won 0 n 0 of 77
CREW523 27 site spawn slotfs 2 merged 2 won 0 n 0 of 78
PH523 27 id 3 body 1 arc 2 orth 4 own 0 merged 0 arcclosed 0 ph 2
PH523 27 id 9 body 2 arc 1 orth 3 own 0 merged 0 arcclosed 0 ph 2
CREW523 28 site mag slotfs 2 merged 2 won 0 n 0 of 79
CREW523 28 site budget slotfs 2 merged 2 won 0 n 0 of 80
CREW523 28 site spawn slotfs 2 merged 2 won 0 n 0 of 81
PH523 28 id 3 body 1 arc 2 orth 3 own 0 merged 0 arcclosed 0 ph 2
PH523 28 id 9 body 2 arc 1 orth 3 own 0 merged 0 arcclosed 0 ph 2
CREW523 29 site mag slotfs 2 merged 2 won 0 n 0 of 82
CREW523 29 site budget slotfs 2 merged 2 won 0 n 0 of 83
CREW523 29 site spawn slotfs 2 merged 2 won 0 n 0 of 84
PH523 29 id 3 body 1 arc 2 orth 4 own 0 merged 0 arcclosed 0 ph 2
PH523 29 id 9 body 2 arc 1 orth 3 own 0 merged 0 arcclosed 0 ph 2
CREW523 30 site mag slotfs 2 merged 2 won 0 n 0 of 85
CREW523 30 site budget slotfs 2 merged 2 won 0 n 0 of 86
CREW523 30 site spawn slotfs 2 merged 2 won 0 n 0 of 87
PH523 30 id 3 body 1 arc 2 orth 6 own 0 merged 0 arcclosed 0 ph 2
PH523 30 id 9 body 2 arc 1 orth 4 own 0 merged 0 arcclosed 0 ph 2
CREW523 31 site mag slotfs 2 merged 2 won 0 n 0 of 88
CREW523 31 site budget slotfs 2 merged 2 won 0 n 0 of 89
CREW523 31 site spawn slotfs 2 merged 2 won 0 n 0 of 90
PH523 31 id 3 body 1 arc 2 orth 5 own 0 merged 0 arcclosed 0 ph 2
PH523 31 id 9 body 2 arc 1 orth 4 own 0 merged 0 arcclosed 0 ph 2
CREW523 32 site mag slotfs 2 merged 2 won 0 n 0 of 91
CREW523 32 site budget slotfs 2 merged 2 won 0 n 0 of 92
CREW523 32 site spawn slotfs 2 merged 2 won 0 n 0 of 93
PH523 32 id 3 body 1 arc 2 orth 4 own 0 merged 0 arcclosed 0 ph 2
PH523 32 id 9 body 2 arc 1 orth 3 own 0 merged 0 arcclosed 0 ph 2
CREW523 33 site mag slotfs 2 merged 2 won 0 n 0 of 94
CREW523 33 site budget slotfs 2 merged 2 won 0 n 0 of 95
CREW523 33 site spawn slotfs 2 merged 2 won 0 n 0 of 96
PH523 33 id 3 body 1 arc 2 orth 3 own 0 merged 0 arcclosed 0 ph 2
PH523 33 id 9 body 2 arc 1 orth 3 own 0 merged 0 arcclosed 0 ph 2
CREW523 34 site mag slotfs 2 merged 2 won 0 n 0 of 97
CREW523 34 site budget slotfs 2 merged 2 won 0 n 0 of 98
CREW523 34 site spawn slotfs 2 merged 2 won 0 n 0 of 99
PH523 34 id 3 body 1 arc 2 orth 4 own 0 merged 0 arcclosed 0 ph 2
PH523 34 id 9 body 2 arc 1 orth 3 own 0 merged 0 arcclosed 0 ph 2
CREW523 35 site mag slotfs 2 merged 2 won 0 n 0 of 100
CREW523 35 site budget slotfs 2 merged 2 won 0 n 0 of 101
CREW523 35 site spawn slotfs 2 merged 2 won 0 n 0 of 102
PH523 35 id 3 body 1 arc 2 orth 6 own 0 merged 0 arcclosed 0 ph 2
PH523 35 id 9 body 2 arc 1 orth 4 own 0 merged 0 arcclosed 0 ph 2
CREW523 36 site mag slotfs 2 merged 2 won 0 n 0 of 103
CREW523 36 site budget slotfs 2 merged 2 won 0 n 0 of 104
CREW523 36 site spawn slotfs 2 merged 2 won 0 n 0 of 105
PH523 36 id 3 body 1 arc 2 orth 5 own 0 merged 0 arcclosed 0 ph 2
PH523 36 id 9 body 2 arc 1 orth 4 own 0 merged 0 arcclosed 0 ph 2
CREW523 37 site mag slotfs 2 merged 2 won 0 n 0 of 106
CREW523 37 site budget slotfs 2 merged 2 won 0 n 0 of 107
CREW523 37 site spawn slotfs 2 merged 2 won 0 n 0 of 108
PH523 37 id 3 body 1 arc 2 orth 4 own 0 merged 0 arcclosed 0 ph 2
PH523 37 id 9 body 2 arc 1 orth 3 own 0 merged 0 arcclosed 0 ph 2
CREW523 38 site mag slotfs 2 merged 2 won 0 n 0 of 109
CREW523 38 site budget slotfs 2 merged 2 won 0 n 0 of 110
CREW523 38 site spawn slotfs 2 merged 2 won 0 n 0 of 111
PH523 38 id 3 body 1 arc 2 orth 3 own 0 merged 0 arcclosed 0 ph 2
PH523 38 id 9 body 2 arc 1 orth 3 own 0 merged 0 arcclosed 0 ph 2
CREW523 39 site mag slotfs 2 merged 2 won 0 n 0 of 112
CREW523 39 site budget slotfs 2 merged 2 won 0 n 0 of 113
CREW523 39 site spawn slotfs 2 merged 2 won 0 n 0 of 114
PH523 39 id 3 body 1 arc 2 orth 4 own 0 merged 0 arcclosed 0 ph 2
PH523 39 id 9 body 2 arc 1 orth 3 own 0 merged 0 arcclosed 0 ph 2
CREW523 40 site mag slotfs 2 merged 2 won 0 n 0 of 115
CREW523 40 site budget slotfs 2 merged 2 won 0 n 0 of 116
CREW523 40 site spawn slotfs 2 merged 2 won 0 n 0 of 117
PH523 40 id 3 body 1 arc 2 orth 6 own 0 merged 0 arcclosed 0 ph 2
PH523 40 id 9 body 2 arc 1 orth 4 own 0 merged 0 arcclosed 0 ph 2
CREW523 41 site mag slotfs 2 merged 2 won 0 n 0 of 118
CREW523 41 site budget slotfs 2 merged 2 won 0 n 0 of 119
CREW523 41 site spawn slotfs 2 merged 2 won 0 n 0 of 120
PH523 41 id 3 body 1 arc 2 orth 5 own 0 merged 0 arcclosed 0 ph 2
PH523 41 id 9 body 2 arc 1 orth 4 own 0 merged 0 arcclosed 0 ph 2
CREW523 42 site mag slotfs 2 merged 2 won 0 n 0 of 121
CREW523 42 site budget slotfs 2 merged 2 won 0 n 0 of 122
CREW523 42 site spawn slotfs 2 merged 2 won 0 n 0 of 123
PH523 42 id 3 body 1 arc 2 orth 4 own 0 merged 0 arcclosed 0 ph 2
PH523 42 id 9 body 2 arc 1 orth 3 own 0 merged 0 arcclosed 0 ph 2
CREW523 43 site mag slotfs 2 merged 2 won 0 n 0 of 124
CREW523 43 site budget slotfs 2 merged 2 won 0 n 0 of 125
CREW523 43 site spawn slotfs 2 merged 2 won 0 n 0 of 126
PH523 43 id 3 body 1 arc 2 orth 3 own 0 merged 0 arcclosed 0 ph 2
PH523 43 id 9 body 2 arc 1 orth 3 own 0 merged 0 arcclosed 0 ph 2
CREW523 44 site mag slotfs 2 merged 2 won 0 n 0 of 127
CREW523 44 site budget slotfs 2 merged 2 won 0 n 0 of 128
CREW523 44 site spawn slotfs 2 merged 2 won 0 n 0 of 129
PH523 44 id 3 body 1 arc 2 orth 4 own 0 merged 0 arcclosed 0 ph 2
PH523 44 id 9 body 2 arc 1 orth 3 own 0 merged 0 arcclosed 0 ph 2
CREW523 45 site mag slotfs 2 merged 2 won 0 n 0 of 130
CREW523 45 site budget slotfs 2 merged 2 won 0 n 0 of 131
CREW523 45 site spawn slotfs 2 merged 2 won 0 n 0 of 132
PH523 45 id 3 body 1 arc 2 orth 6 own 0 merged 0 arcclosed 0 ph 2
PH523 45 id 9 body 2 arc 1 orth 4 own 0 merged 0 arcclosed 0 ph 2
CREW523 46 site mag slotfs 2 merged 2 won 0 n 0 of 133
CREW523 46 site budget slotfs 2 merged 2 won 0 n 0 of 134
CREW523 46 site spawn slotfs 2 merged 2 won 0 n 0 of 135
PH523 46 id 3 body 1 arc 2 orth 5 own 0 merged 0 arcclosed 0 ph 2
PH523 46 id 9 body 2 arc 1 orth 4 own 0 merged 0 arcclosed 0 ph 2
CREW523 47 site mag slotfs 2 merged 2 won 0 n 0 of 136
CREW523 47 site budget slotfs 2 merged 2 won 0 n 0 of 137
CREW523 47 site spawn slotfs 2 merged 2 won 0 n 0 of 138
PH523 47 id 3 body 1 arc 2 orth 4 own 0 merged 0 arcclosed 0 ph 2
PH523 47 id 9 body 2 arc 1 orth 3 own 0 merged 0 arcclosed 0 ph 2
CREW523 48 site mag slotfs 2 merged 2 won 0 n 0 of 139
CREW523 48 site budget slotfs 2 merged 2 won 0 n 0 of 140
CREW523 48 site spawn slotfs 2 merged 2 won 0 n 0 of 141
PH523 48 id 3 body 1 arc 2 orth 3 own 0 merged 0 arcclosed 0 ph 2
PH523 48 id 9 body 2 arc 1 orth 3 own 0 merged 0 arcclosed 0 ph 2
CREW523 49 site mag slotfs 2 merged 2 won 0 n 0 of 142
CREW523 49 site budget slotfs 2 merged 2 won 0 n 0 of 143
CREW523 49 site spawn slotfs 2 merged 2 won 0 n 0 of 144
PH523 49 id 3 body 1 arc 2 orth 4 own 0 merged 0 arcclosed 0 ph 2
PH523 49 id 9 body 2 arc 1 orth 3 own 0 merged 0 arcclosed 0 ph 2
CREW523 50 site mag slotfs 2 merged 2 won 0 n 0 of 145
CREW523 50 site budget slotfs 2 merged 2 won 0 n 0 of 146
CREW523 50 site spawn slotfs 2 merged 2 won 0 n 0 of 147
PH523 50 id 3 body 1 arc 2 orth 6 own 0 merged 0 arcclosed 0 ph 2
PH523 50 id 9 body 2 arc 1 orth 4 own 0 merged 0 arcclosed 0 ph 2
CREW523 51 site mag slotfs 2 merged 2 won 0 n 0 of 148
CREW523 51 site budget slotfs 2 merged 2 won 0 n 0 of 149
CREW523 51 site spawn slotfs 2 merged 2 won 0 n 0 of 150
PH523 51 id 3 body 1 arc 2 orth 5 own 0 merged 0 arcclosed 0 ph 2
PH523 51 id 9 body 2 arc 1 orth 4 own 0 merged 0 arcclosed 0 ph 2
CREW523 52 site mag slotfs 2 merged 2 won 0 n 0 of 151
CREW523 52 site budget slotfs 2 merged 2 won 0 n 0 of 152
CREW523 52 site spawn slotfs 2 merged 2 won 0 n 0 of 153
PH523 52 id 3 body 1 arc 2 orth 4 own 0 merged 0 arcclosed 0 ph 2
PH523 52 id 9 body 2 arc 1 orth 3 own 0 merged 0 arcclosed 0 ph 2
CREW523 53 site mag slotfs 2 merged 2 won 0 n 0 of 154
CREW523 53 site budget slotfs 2 merged 2 won 0 n 0 of 155
CREW523 53 site spawn slotfs 2 merged 2 won 0 n 0 of 156
PH523 53 id 3 body 1 arc 2 orth 3 own 0 merged 0 arcclosed 0 ph 2
PH523 53 id 9 body 2 arc 1 orth 3 own 0 merged 0 arcclosed 0 ph 2
CREW523 54 site mag slotfs 2 merged 2 won 0 n 0 of 157
CREW523 54 site budget slotfs 2 merged 2 won 0 n 0 of 158
CREW523 54 site spawn slotfs 2 merged 2 won 0 n 0 of 159
PH523 54 id 3 body 1 arc 2 orth 4 own 0 merged 0 arcclosed 0 ph 2
PH523 54 id 9 body 2 arc 1 orth 3 own 0 merged 0 arcclosed 0 ph 2
CREW523 55 site mag slotfs 2 merged 2 won 0 n 0 of 160
CREW523 55 site budget slotfs 2 merged 2 won 0 n 0 of 161
CREW523 55 site spawn slotfs 2 merged 2 won 0 n 0 of 162
PH523 55 id 3 body 1 arc 2 orth 6 own 0 merged 0 arcclosed 0 ph 2
PH523 55 id 9 body 2 arc 1 orth 4 own 0 merged 0 arcclosed 0 ph 2
CREW523 56 site mag slotfs 2 merged 2 won 0 n 0 of 163
CREW523 56 site budget slotfs 2 merged 2 won 0 n 0 of 164
CREW523 56 site spawn slotfs 2 merged 2 won 0 n 0 of 165
PH523 56 id 3 body 1 arc 2 orth 5 own 0 merged 0 arcclosed 0 ph 2
PH523 56 id 9 body 2 arc 1 orth 4 own 0 merged 0 arcclosed 0 ph 2
CREW523 57 site mag slotfs 2 merged 2 won 0 n 0 of 166
CREW523 57 site budget slotfs 2 merged 2 won 0 n 0 of 167
CREW523 57 site spawn slotfs 2 merged 2 won 0 n 0 of 168
PH523 57 id 3 body 1 arc 2 orth 5 own 0 merged 0 arcclosed 0 ph 2
PH523 57 id 9 body 2 arc 1 orth 4 own 0 merged 0 arcclosed 0 ph 2
CREW523 58 site mag slotfs 2 merged 2 won 0 n 0 of 169
CREW523 58 site budget slotfs 2 merged 2 won 0 n 0 of 170
CREW523 58 site spawn slotfs 2 merged 2 won 0 n 0 of 171
PH523 58 id 3 body 1 arc 2 orth 3 own 0 merged 0 arcclosed 0 ph 2
PH523 58 id 9 body 2 arc 1 orth 3 own 0 merged 0 arcclosed 0 ph 2
CREW523 59 site mag slotfs 2 merged 2 won 0 n 0 of 172
CREW523 59 site budget slotfs 2 merged 2 won 0 n 0 of 173
CREW523 59 site spawn slotfs 2 merged 2 won 0 n 0 of 174
PH523 59 id 3 body 1 arc 2 orth 3 own 0 merged 0 arcclosed 0 ph 2
PH523 59 id 9 body 2 arc 1 orth 3 own 0 merged 0 arcclosed 0 ph 2
CREW523 60 site mag slotfs 2 merged 2 won 0 n 0 of 175
CREW523 60 site budget slotfs 2 merged 2 won 0 n 0 of 176
CREW523 60 site spawn slotfs 2 merged 2 won 0 n 0 of 177
PH523 60 id 3 body 1 arc 2 orth 5 own 0 merged 0 arcclosed 0 ph 2
PH523 60 id 9 body 2 arc 1 orth 3 own 0 merged 0 arcclosed 0 ph 2
CREW523 61 site mag slotfs 2 merged 2 won 0 n 0 of 178
CREW523 61 site budget slotfs 2 merged 2 won 0 n 0 of 179
CREW523 61 site spawn slotfs 2 merged 2 won 0 n 0 of 180
PH523 61 id 3 body 1 arc 2 orth 3 own 0 merged 0 arcclosed 0 ph 2
PH523 61 id 9 body 2 arc 1 orth 3 own 0 merged 0 arcclosed 0 ph 2
CREW523 62 site mag slotfs 2 merged 2 won 0 n 0 of 181
CREW523 62 site budget slotfs 2 merged 2 won 0 n 0 of 182
CREW523 62 site spawn slotfs 2 merged 2 won 0 n 0 of 183
PH523 62 id 3 body 1 arc 2 orth 3 own 0 merged 0 arcclosed 0 ph 2
PH523 62 id 9 body 2 arc 1 orth 2 own 0 merged 0 arcclosed 0 ph 2
CREW523 63 site mag slotfs 2 merged 2 won 0 n 0 of 184
CREW523 63 site budget slotfs 2 merged 2 won 0 n 0 of 185
CREW523 63 site spawn slotfs 2 merged 2 won 0 n 0 of 186
PH523 63 id 3 body 1 arc 2 orth 1 own 0 merged 0 arcclosed 1 ph 2
PH523 63 id 9 body 2 arc 1 orth 1 own 0 merged 0 arcclosed 0 ph 2
CREW523 64 site mag slotfs 2 merged 2 won 0 n 0 of 187
CREW523 64 site budget slotfs 2 merged 2 won 0 n 0 of 188
CREW523 64 site spawn slotfs 2 merged 2 won 0 n 0 of 189
PH523 64 id 3 body 1 arc 2 orth 1 own 0 merged 0 arcclosed 1 ph 2
PH523 64 id 9 body 2 arc 1 orth 1 own 0 merged 0 arcclosed 0 ph 2
CREW523 65 site mag slotfs 2 merged 2 won 0 n 0 of 190
CREW523 65 site budget slotfs 2 merged 2 won 0 n 0 of 191
CREW523 65 site spawn slotfs 2 merged 2 won 0 n 0 of 192
PH523 65 id 3 body 1 arc 2 orth 2 own 0 merged 0 arcclosed 0 ph 2
PH523 65 id 9 body 2 arc 1 orth 2 own 0 merged 0 arcclosed 0 ph 2
CREW523 66 site mag slotfs 2 merged 2 won 0 n 0 of 193
CREW523 66 site budget slotfs 2 merged 2 won 0 n 0 of 194
CREW523 66 site spawn slotfs 2 merged 2 won 0 n 0 of 195
PH523 66 id 3 body 1 arc 2 orth 2 own 0 merged 0 arcclosed 0 ph 2
PH523 66 id 9 body 2 arc 1 orth 1 own 0 merged 0 arcclosed 0 ph 2
CREW523 67 site mag slotfs 2 merged 2 won 0 n 0 of 196
CREW523 67 site budget slotfs 2 merged 2 won 0 n 0 of 197
CREW523 67 site spawn slotfs 2 merged 2 won 0 n 0 of 198
PH523 67 id 3 body 1 arc 2 orth 1 own 0 merged 0 arcclosed 1 ph 2
PH523 67 id 9 body 2 arc 1 orth 1 own 0 merged 0 arcclosed 0 ph 2
CREW523 68 site mag slotfs 2 merged 2 won 0 n 0 of 199
CREW523 68 site budget slotfs 2 merged 2 won 0 n 0 of 200
CREW523 68 site spawn slotfs 2 merged 2 won 0 n 0 of 201
PH523 68 id 3 body 1 arc 2 orth 1 own 0 merged 0 arcclosed 1 ph 2
PH523 68 id 9 body 2 arc 1 orth 4 own 0 merged 0 arcclosed 0 ph 2
CREW523 69 site mag slotfs 2 merged 2 won 0 n 0 of 202
CREW523 69 site budget slotfs 2 merged 2 won 0 n 0 of 203
CREW523 69 site spawn slotfs 2 merged 2 won 0 n 0 of 204
PH523 69 id 3 body 1 arc 2 orth 2 own 0 merged 0 arcclosed 0 ph 2
PH523 69 id 9 body 2 arc 1 orth 2 own 0 merged 0 arcclosed 0 ph 2
CREW523 70 site mag slotfs 2 merged 2 won 0 n 0 of 205
CREW523 70 site budget slotfs 2 merged 2 won 0 n 0 of 206
CREW523 70 site spawn slotfs 2 merged 2 won 0 n 0 of 207
PH523 70 id 3 body 1 arc 2 orth 2 own 0 merged 0 arcclosed 0 ph 2
PH523 70 id 9 body 2 arc 1 orth 2 own 0 merged 0 arcclosed 0 ph 2
CREW523 71 site mag slotfs 2 merged 2 won 0 n 0 of 208
CREW523 71 site budget slotfs 2 merged 2 won 0 n 0 of 209
CREW523 71 site spawn slotfs 2 merged 2 won 0 n 0 of 210
PH523 71 id 3 body 1 arc 2 orth 2 own 0 merged 0 arcclosed 0 ph 2
PH523 71 id 9 body 2 arc 1 orth 1 own 0 merged 0 arcclosed 0 ph 2
CREW523 72 site mag slotfs 2 merged 2 won 0 n 0 of 211
CREW523 72 site budget slotfs 2 merged 2 won 0 n 0 of 212
CREW523 72 site spawn slotfs 2 merged 2 won 0 n 0 of 213
PH523 72 id 3 body 1 arc 2 orth 1 own 0 merged 0 arcclosed 1 ph 2
PH523 72 id 9 body 2 arc 1 orth 1 own 0 merged 0 arcclosed 0 ph 2
CREW523 73 site mag slotfs 2 merged 2 won 0 n 0 of 214
CREW523 73 site budget slotfs 2 merged 2 won 0 n 0 of 215
CREW523 73 site spawn slotfs 2 merged 2 won 0 n 0 of 216
PH523 73 id 3 body 1 arc 2 orth 1 own 0 merged 0 arcclosed 1 ph 2
PH523 73 id 9 body 2 arc 1 orth 3 own 0 merged 0 arcclosed 0 ph 2
CREW523 74 site mag slotfs 2 merged 2 won 0 n 0 of 217
CREW523 74 site budget slotfs 2 merged 2 won 0 n 0 of 218
CREW523 74 site spawn slotfs 2 merged 2 won 0 n 0 of 219
PH523 74 id 3 body 1 arc 2 orth 2 own 0 merged 0 arcclosed 0 ph 2
PH523 74 id 9 body 2 arc 1 orth 2 own 0 merged 0 arcclosed 0 ph 2
CREW523 75 site mag slotfs 2 merged 2 won 0 n 0 of 220
CREW523 75 site budget slotfs 2 merged 2 won 0 n 0 of 221
CREW523 75 site spawn slotfs 2 merged 2 won 0 n 0 of 222
PH523 75 id 3 body 1 arc 2 orth 2 own 0 merged 0 arcclosed 0 ph 2
PH523 75 id 9 body 2 arc 1 orth 3 own 0 merged 0 arcclosed 0 ph 2
CREW523 76 site mag slotfs 2 merged 2 won 0 n 0 of 223
CREW523 76 site budget slotfs 2 merged 2 won 0 n 0 of 224
CREW523 76 site spawn slotfs 2 merged 2 won 0 n 0 of 225
PH523 76 id 3 body 1 arc 2 orth 2 own 0 merged 0 arcclosed 0 ph 2
PH523 76 id 9 body 2 arc 1 orth 1 own 0 merged 0 arcclosed 0 ph 2
CREW523 77 site mag slotfs 2 merged 2 won 0 n 0 of 226
CREW523 77 site budget slotfs 2 merged 2 won 0 n 0 of 227
CREW523 77 site spawn slotfs 2 merged 2 won 0 n 0 of 228
PH523 77 id 3 body 1 arc 2 orth 1 own 0 merged 0 arcclosed 1 ph 2
PH523 77 id 9 body 2 arc 1 orth 1 own 0 merged 0 arcclosed 0 ph 2
CREW523 78 site mag slotfs 2 merged 2 won 0 n 0 of 229
CREW523 78 site budget slotfs 2 merged 2 won 0 n 0 of 230
CREW523 78 site spawn slotfs 2 merged 2 won 0 n 0 of 231
PH523 78 id 3 body 1 arc 2 orth 1 own 0 merged 0 arcclosed 1 ph 2
PH523 78 id 9 body 2 arc 1 orth 1 own 0 merged 0 arcclosed 0 ph 2
CREW523 79 site mag slotfs 2 merged 2 won 0 n 0 of 232
CREW523 79 site budget slotfs 2 merged 2 won 0 n 0 of 233
CREW523 79 site spawn slotfs 2 merged 2 won 0 n 0 of 234
PH523 79 id 3 body 1 arc 2 orth 1 own 0 merged 0 arcclosed 1 ph 2
PH523 79 id 9 body 2 arc 1 orth 1 own 0 merged 0 arcclosed 0 ph 2
CREW523 80 site mag slotfs 2 merged 2 won 0 n 0 of 235
CREW523 80 site budget slotfs 2 merged 2 won 0 n 0 of 236
CREW523 80 site spawn slotfs 2 merged 2 won 0 n 0 of 237
PH523 80 id 3 body 1 arc 2 orth 1 own 0 merged 0 arcclosed 1 ph 2
PH523 80 id 9 body 2 arc 1 orth 3 own 0 merged 0 arcclosed 0 ph 2
CREW523 81 site mag slotfs 2 merged 2 won 0 n 0 of 238
CREW523 81 site budget slotfs 2 merged 2 won 0 n 0 of 239
CREW523 81 site spawn slotfs 2 merged 2 won 0 n 0 of 240
PH523 81 id 3 body 1 arc 2 orth 1 own 0 merged 0 arcclosed 1 ph 2
CREW523 82 site mag slotfs 2 merged 2 won 0 n 0 of 241
CREW523 82 site budget slotfs 2 merged 2 won 0 n 0 of 242
CREW523 82 site spawn slotfs 2 merged 2 won 0 n 0 of 243
PH523 82 id 3 body 1 arc 2 orth 1 own 0 merged 0 arcclosed 1 ph 2
CREW523 83 site mag slotfs 2 merged 2 won 0 n 0 of 244
CREW523 83 site budget slotfs 2 merged 2 won 0 n 0 of 245
CREW523 83 site spawn slotfs 2 merged 2 won 0 n 0 of 246
PH523 83 id 3 body 1 arc 2 orth 2 own 0 merged 0 arcclosed 0 ph 2
CREW523 84 site mag slotfs 2 merged 2 won 0 n 0 of 247
CREW523 84 site budget slotfs 2 merged 2 won 0 n 0 of 248
CREW523 84 site spawn slotfs 2 merged 2 won 0 n 0 of 249
PH523 84 id 3 body 1 arc 2 orth 2 own 0 merged 0 arcclosed 0 ph 2
CREW523 85 site mag slotfs 2 merged 2 won 0 n 0 of 250
CREW523 85 site budget slotfs 2 merged 2 won 0 n 0 of 251
CREW523 85 site spawn slotfs 2 merged 2 won 0 n 0 of 252
PH523 85 id 3 body 1 arc 2 orth 3 own 0 merged 0 arcclosed 0 ph 5
CREW523 86 site mag slotfs 5 merged 5 won 0 n 0 of 253
FUND523 86 ammo 14 bank 3 floor 14 need 20 spare 1 sust 0 flip 1 of 1
MAG522 86 ph 5 on 0 near 0 fund 1 fuse 0 ttl 1 ti 17 ammo 14 bar 7 want 20 floor 14 bind 0 nbind 0 nnear 0
CREW523 86 site budget slotfs 5 merged 5 won 0 n 0 of 254
CREW523 86 site spawn slotfs 5 merged 5 won 0 n 0 of 255
PH523 86 id 3 body 1 arc 2 orth 3 own 0 merged 0 arcclosed 0 ph 5
CREW523 87 site mag slotfs 5 merged 5 won 0 n 0 of 256
FUND523 87 ammo 17 bank 3 floor 14 need 20 spare 1 sust 1 flip 1 of 2
MAG522 87 ph 5 on 0 near 0 fund 1 fuse 1 ttl 1 ti 17 ammo 17 bar 7 want 20 floor 14 bind 0 nbind 0 nnear 0
CREW523 87 site budget slotfs 5 merged 5 won 0 n 0 of 257
CREW523 87 site spawn slotfs 5 merged 5 won 0 n 0 of 258
PH523 87 id 3 body 1 arc 2 orth 2 own 0 merged 0 arcclosed 0 ph 5
CREW523 88 site mag slotfs 5 merged 5 won 0 n 0 of 259
FUND523 88 ammo 10 bank 0 floor 14 need 20 spare 1 sust 0 flip 2 of 3
MAG522 88 ph 5 on 0 near 0 fund 1 fuse 0 ttl 1 ti 10 ammo 10 bar 7 want 20 floor 14 bind 0 nbind 0 nnear 0
CREW523 88 site budget slotfs 5 merged 5 won 0 n 0 of 260
CREW523 88 site spawn slotfs 5 merged 5 won 0 n 0 of 261
PH523 88 id 3 body 1 arc 2 orth 1 own 0 merged 0 arcclosed 1 ph 5
CREW523 89 site mag slotfs 5 merged 5 won 0 n 0 of 262
FUND523 89 ammo 10 bank 0 floor 14 need 20 spare 1 sust 0 flip 3 of 4
MAG522 89 ph 5 on 0 near 0 fund 1 fuse 0 ttl 1 ti 10 ammo 10 bar 7 want 20 floor 14 bind 0 nbind 0 nnear 0
CREW523 89 site budget slotfs 5 merged 5 won 0 n 0 of 263
CREW523 89 site spawn slotfs 5 merged 5 won 0 n 0 of 264
PH523 89 id 3 body 1 arc 2 orth 1 own 0 merged 0 arcclosed 1 ph 5
CREW523 90 site mag slotfs 5 merged 5 won 0 n 0 of 265
FUND523 90 ammo 0 bank 0 floor 14 need 20 spare 0 sust 0 flip 3 of 5
MAG522 90 ph 5 on 0 near 0 fund 0 fuse 0 ttl 1 ti 3 ammo 0 bar 7 want 20 floor 14 bind 0 nbind 0 nnear 0
CREW523 90 site budget slotfs 5 merged 5 won 0 n 0 of 266
CREW523 90 site spawn slotfs 5 merged 5 won 0 n 0 of 267
PH523 90 id 3 body 1 arc 2 orth 2 own 0 merged 0 arcclosed 0 ph 5
CREW523 91 site mag slotfs 5 merged 5 won 0 n 0 of 268
FUND523 91 ammo 0 bank 0 floor 14 need 20 spare 0 sust 0 flip 3 of 6
MAG522 91 ph 5 on 0 near 0 fund 0 fuse 0 ttl 1 ti 13 ammo 0 bar 7 want 20 floor 14 bind 0 nbind 0 nnear 0
CREW523 91 site budget slotfs 5 merged 5 won 0 n 0 of 269
CREW523 91 site spawn slotfs 5 merged 5 won 0 n 0 of 270
PH523 91 id 3 body 1 arc 2 orth 3 own 0 merged 0 arcclosed 0 ph 5
CREW523 92 site mag slotfs 5 merged 5 won 0 n 0 of 271
FUND523 92 ammo 0 bank 2 floor 14 need 20 spare 0 sust 0 flip 3 of 7
MAG522 92 ph 5 on 0 near 0 fund 0 fuse 0 ttl 1 ti 16 ammo 0 bar 7 want 20 floor 14 bind 0 nbind 0 nnear 0
CREW523 92 site budget slotfs 5 merged 5 won 0 n 0 of 272
CREW523 92 site spawn slotfs 5 merged 5 won 0 n 0 of 273
PH523 92 id 3 body 1 arc 2 orth 2 own 0 merged 0 arcclosed 0 ph 5
CREW523 93 site mag slotfs 5 merged 5 won 0 n 0 of 274
FUND523 93 ammo 2 bank 0 floor 14 need 20 spare 0 sust 0 flip 3 of 8
MAG522 93 ph 5 on 0 near 0 fund 0 fuse 0 ttl 1 ti 0 ammo 2 bar 7 want 20 floor 14 bind 0 nbind 0 nnear 0
CREW523 93 site budget slotfs 5 merged 5 won 0 n 0 of 275
CREW523 93 site spawn slotfs 5 merged 5 won 0 n 0 of 276
PH523 93 id 3 body 1 arc 2 orth 1 own 0 merged 0 arcclosed 1 ph 5
CREW523 94 site mag slotfs 5 merged 5 won 0 n 0 of 277
FUND523 94 ammo 2 bank 0 floor 14 need 20 spare 0 sust 0 flip 3 of 9
MAG522 94 ph 5 on 0 near 0 fund 0 fuse 0 ttl 1 ti 10 ammo 2 bar 7 want 20 floor 14 bind 0 nbind 0 nnear 0
CREW523 94 site budget slotfs 5 merged 5 won 0 n 0 of 278
CREW523 94 site spawn slotfs 5 merged 5 won 0 n 0 of 279
PH523 94 id 3 body 1 arc 2 orth 1 own 0 merged 0 arcclosed 1 ph 5
CREW523 95 site mag slotfs 5 merged 5 won 0 n 0 of 280
FUND523 95 ammo 2 bank 9 floor 14 need 20 spare 0 sust 0 flip 3 of 10
MAG522 95 ph 5 on 0 near 0 fund 0 fuse 0 ttl 1 ti 23 ammo 2 bar 7 want 20 floor 14 bind 0 nbind 0 nnear 0
CREW523 95 site budget slotfs 5 merged 5 won 0 n 0 of 281
CREW523 95 site spawn slotfs 5 merged 5 won 0 n 0 of 282
PH523 95 id 3 body 1 arc 2 orth 2 own 0 merged 0 arcclosed 0 ph 5
CREW523 96 site mag slotfs 5 merged 5 won 0 n 0 of 283
FUND523 96 ammo 1 bank 10 floor 14 need 20 spare 0 sust 0 flip 3 of 11
MAG522 96 ph 5 on 0 near 0 fund 0 fuse 0 ttl 1 ti 24 ammo 1 bar 7 want 20 floor 14 bind 0 nbind 0 nnear 0
CREW523 96 site budget slotfs 5 merged 5 won 0 n 0 of 284
CREW523 96 site spawn slotfs 5 merged 5 won 0 n 0 of 285
PH523 96 id 3 body 1 arc 2 orth 3 own 0 merged 0 arcclosed 0 ph 5
CREW523 97 site mag slotfs 5 merged 5 won 0 n 0 of 286
FUND523 97 ammo 11 bank 0 floor 14 need 20 spare 1 sust 0 flip 4 of 12
MAG522 97 ph 5 on 0 near 0 fund 1 fuse 0 ttl 1 ti 14 ammo 11 bar 7 want 20 floor 14 bind 0 nbind 0 nnear 0
CREW523 97 site budget slotfs 5 merged 5 won 0 n 0 of 287
CREW523 97 site spawn slotfs 5 merged 5 won 0 n 0 of 288
PH523 97 id 3 body 1 arc 2 orth 3 own 0 merged 0 arcclosed 0 ph 5
CREW523 98 site mag slotfs 5 merged 5 won 0 n 0 of 289
FUND523 98 ammo 1 bank 10 floor 14 need 20 spare 0 sust 0 flip 4 of 13
MAG522 98 ph 5 on 0 near 0 fund 0 fuse 0 ttl 1 ti 24 ammo 1 bar 7 want 20 floor 14 bind 0 nbind 0 nnear 0
CREW523 98 site budget slotfs 5 merged 5 won 0 n 0 of 290
CREW523 98 site spawn slotfs 5 merged 5 won 0 n 0 of 291
PH523 98 id 3 body 1 arc 2 orth 3 own 0 merged 0 arcclosed 0 ph 5
CREW523 99 site mag slotfs 5 merged 5 won 0 n 0 of 292
FUND523 99 ammo 11 bank 10 floor 14 need 20 spare 1 sust 1 flip 4 of 14
MAG522 99 ph 5 on 0 near 0 fund 1 fuse 1 ttl 1 ti 24 ammo 11 bar 7 want 20 floor 14 bind 0 nbind 0 nnear 0
CREW523 99 site budget slotfs 5 merged 5 won 0 n 0 of 293
CREW523 99 site spawn slotfs 5 merged 5 won 0 n 0 of 294
PH523 99 id 3 body 1 arc 2 orth 3 own 0 merged 0 arcclosed 0 ph 5
CREW523 100 site mag slotfs 5 merged 5 won 0 n 0 of 295
FUND523 100 ammo 11 bank 10 floor 14 need 20 spare 1 sust 1 flip 4 of 15
MAG522 100 ph 5 on 0 near 0 fund 1 fuse 1 ttl 1 ti 24 ammo 11 bar 7 want 20 floor 14 bind 0 nbind 0 nnear 0
CREW523 100 site budget slotfs 5 merged 5 won 0 n 0 of 296
CREW523 100 site spawn slotfs 5 merged 5 won 0 n 0 of 297
PH523 100 id 3 body 1 arc 2 orth 3 own 0 merged 0 arcclosed 0 ph 5
CREW523 101 site mag slotfs 5 merged 5 won 0 n 0 of 298
FUND523 101 ammo 21 bank 0 floor 14 need 20 spare 1 sust 1 flip 4 of 16
MAG522 101 ph 5 on 0 near 0 fund 1 fuse 1 ttl 1 ti 14 ammo 21 bar 7 want 20 floor 14 bind 0 nbind 0 nnear 0
CREW523 101 site budget slotfs 5 merged 5 won 0 n 0 of 299
CREW523 101 site spawn slotfs 5 merged 5 won 0 n 0 of 300
PH523 101 id 3 body 1 arc 2 orth 3 own 0 merged 0 arcclosed 0 ph 5
CREW523 102 site mag slotfs 5 merged 5 won 0 n 0 of 301
FUND523 102 ammo 11 bank 10 floor 14 need 20 spare 1 sust 1 flip 4 of 17
MAG522 102 ph 5 on 0 near 0 fund 1 fuse 1 ttl 1 ti 24 ammo 11 bar 7 want 20 floor 14 bind 0 nbind 0 nnear 0
CREW523 102 site budget slotfs 5 merged 5 won 0 n 0 of 302
CREW523 102 site spawn slotfs 5 merged 5 won 0 n 0 of 303
PH523 102 id 3 body 1 arc 2 orth 4 own 0 merged 0 arcclosed 0 ph 5
CREW523 103 site mag slotfs 5 merged 5 won 0 n 0 of 304
FUND523 103 ammo 21 bank 12 floor 12 need 20 spare 1 sust 1 flip 4 of 18
MAG522 103 ph 5 on 0 near 0 fund 1 fuse 1 ttl 1 ti 24 ammo 21 bar 6 want 18 floor 12 bind 0 nbind 0 nnear 0
CREW523 103 site budget slotfs 5 merged 5 won 0 n 0 of 305
CREW523 103 site spawn slotfs 5 merged 5 won 0 n 0 of 306
CREW523 104 site mag slotfs 5 merged 5 won 0 n 0 of 307
FUND523 104 ammo 23 bank 10 floor 12 need 20 spare 1 sust 1 flip 4 of 19
MAG522 104 ph 5 on 0 near 0 fund 1 fuse 1 ttl 1 ti 22 ammo 23 bar 6 want 18 floor 12 bind 0 nbind 0 nnear 0
CREW523 104 site budget slotfs 5 merged 5 won 0 n 0 of 308
CREW523 104 site spawn slotfs 5 merged 5 won 0 n 0 of 309
CREW523 105 site mag slotfs 5 merged 5 won 0 n 0 of 310
FUND523 105 ammo 33 bank 0 floor 12 need 20 spare 1 sust 1 flip 4 of 20
MAG522 105 ph 5 on 0 near 0 fund 1 fuse 1 ttl 1 ti 12 ammo 33 bar 6 want 18 floor 12 bind 0 nbind 0 nnear 0
CREW523 105 site budget slotfs 5 merged 5 won 0 n 0 of 311
CREW523 105 site spawn slotfs 5 merged 5 won 0 n 0 of 312
CREW523 106 site mag slotfs 5 merged 5 won 0 n 0 of 313
FUND523 106 ammo 23 bank 10 floor 12 need 20 spare 1 sust 1 flip 4 of 21
MAG522 106 ph 5 on 0 near 0 fund 1 fuse 1 ttl 1 ti 22 ammo 23 bar 6 want 18 floor 12 bind 0 nbind 0 nnear 0
CREW523 106 site budget slotfs 5 merged 5 won 0 n 0 of 314
CREW523 106 site spawn slotfs 5 merged 5 won 0 n 0 of 315
CREW523 107 site mag slotfs 5 merged 5 won 0 n 0 of 316
FUND523 107 ammo 33 bank 10 floor 12 need 20 spare 1 sust 1 flip 4 of 22
MAG522 107 ph 5 on 0 near 0 fund 1 fuse 1 ttl 1 ti 22 ammo 33 bar 6 want 18 floor 12 bind 0 nbind 0 nnear 0
CREW523 107 site budget slotfs 5 merged 5 won 0 n 0 of 317
CREW523 107 site spawn slotfs 5 merged 5 won 0 n 0 of 318
CREW523 108 site mag slotfs 5 merged 5 won 0 n 0 of 319
FUND523 108 ammo 33 bank 10 floor 12 need 20 spare 1 sust 1 flip 4 of 23
MAG522 108 ph 5 on 0 near 0 fund 1 fuse 1 ttl 1 ti 22 ammo 33 bar 6 want 18 floor 12 bind 0 nbind 0 nnear 0
CREW523 108 site budget slotfs 5 merged 5 won 0 n 0 of 320
CREW523 108 site spawn slotfs 5 merged 5 won 0 n 0 of 321
CREW523 109 site mag slotfs 5 merged 5 won 0 n 0 of 322
FUND523 109 ammo 43 bank 0 floor 12 need 20 spare 1 sust 1 flip 4 of 24
MAG522 109 ph 5 on 0 near 0 fund 1 fuse 1 ttl 1 ti 12 ammo 43 bar 6 want 18 floor 12 bind 0 nbind 0 nnear 0
CREW523 109 site budget slotfs 5 merged 5 won 0 n 0 of 323
CREW523 109 site spawn slotfs 5 merged 5 won 0 n 0 of 324
CREW523 110 site mag slotfs 5 merged 5 won 0 n 0 of 325
FUND523 110 ammo 33 bank 10 floor 12 need 20 spare 1 sust 1 flip 4 of 25
MAG522 110 ph 5 on 0 near 0 fund 1 fuse 1 ttl 1 ti 22 ammo 33 bar 6 want 18 floor 12 bind 0 nbind 0 nnear 0
CREW523 110 site budget slotfs 5 merged 5 won 0 n 0 of 326
CREW523 110 site spawn slotfs 5 merged 5 won 0 n 0 of 327
CREW523 111 site mag slotfs 5 merged 5 won 0 n 0 of 328
FUND523 111 ammo 43 bank 10 floor 12 need 20 spare 1 sust 1 flip 4 of 26
MAG522 111 ph 5 on 0 near 0 fund 1 fuse 1 ttl 1 ti 22 ammo 43 bar 6 want 18 floor 12 bind 0 nbind 0 nnear 0
CREW523 111 site budget slotfs 5 merged 5 won 0 n 0 of 329
CREW523 111 site spawn slotfs 5 merged 5 won 0 n 0 of 330
CREW523 112 site mag slotfs 5 merged 5 won 0 n 0 of 331
FUND523 112 ammo 53 bank 10 floor 12 need 20 spare 1 sust 1 flip 4 of 27
MAG522 112 ph 5 on 0 near 0 fund 1 fuse 1 ttl 1 ti 22 ammo 53 bar 6 want 18 floor 12 bind 0 nbind 0 nnear 0
CREW523 112 site budget slotfs 5 merged 5 won 0 n 0 of 332
CREW523 112 site spawn slotfs 5 merged 5 won 0 n 0 of 333
CREW523 113 site mag slotfs 5 merged 5 won 0 n 0 of 334
CREW523 113 site budget slotfs 5 merged 5 won 0 n 0 of 335
CREW523 113 site spawn slotfs 5 merged 5 won 0 n 0 of 336
CREW523 114 site mag slotfs 5 merged 5 won 0 n 0 of 337
CREW523 114 site budget slotfs 5 merged 5 won 0 n 0 of 338
CREW523 114 site spawn slotfs 5 merged 5 won 0 n 0 of 339
CREW523 115 site mag slotfs 5 merged 5 won 0 n 0 of 340
CREW523 115 site budget slotfs 5 merged 5 won 0 n 0 of 341
CREW523 115 site spawn slotfs 5 merged 5 won 0 n 0 of 342
CREW523 116 site mag slotfs 5 merged 5 won 0 n 0 of 343
CREW523 116 site budget slotfs 5 merged 5 won 0 n 0 of 344
CREW523 116 site spawn slotfs 5 merged 5 won 0 n 0 of 345
CREW523 117 site mag slotfs 5 merged 5 won 0 n 0 of 346
CREW523 117 site budget slotfs 5 merged 5 won 0 n 0 of 347
CREW523 117 site spawn slotfs 5 merged 5 won 0 n 0 of 348
CREW523 118 site mag slotfs 5 merged 5 won 0 n 0 of 349
CREW523 118 site budget slotfs 5 merged 5 won 0 n 0 of 350
CREW523 118 site spawn slotfs 5 merged 5 won 0 n 0 of 351
CREW523 119 site mag slotfs 5 merged 5 won 0 n 0 of 352
CREW523 119 site budget slotfs 5 merged 5 won 0 n 0 of 353
CREW523 119 site spawn slotfs 5 merged 5 won 0 n 0 of 354
CREW523 120 site mag slotfs 5 merged 5 won 0 n 0 of 355
CREW523 120 site budget slotfs 5 merged 5 won 0 n 0 of 356
CREW523 120 site spawn slotfs 5 merged 5 won 0 n 0 of 357
CREW523 121 site mag slotfs 5 merged 5 won 0 n 0 of 358
CREW523 121 site budget slotfs 5 merged 5 won 0 n 0 of 359
CREW523 121 site spawn slotfs 5 merged 5 won 0 n 0 of 360
CREW523 122 site mag slotfs 5 merged 5 won 0 n 0 of 361
CREW523 122 site budget slotfs 5 merged 5 won 0 n 0 of 362
CREW523 122 site spawn slotfs 5 merged 5 won 0 n 0 of 363
CREW523 123 site mag slotfs 5 merged 5 won 0 n 0 of 364
CREW523 123 site budget slotfs 5 merged 5 won 0 n 0 of 365
CREW523 123 site spawn slotfs 5 merged 5 won 0 n 0 of 366
CREW523 124 site mag slotfs 5 merged 5 won 0 n 0 of 367
CREW523 124 site budget slotfs 5 merged 5 won 0 n 0 of 368
CREW523 124 site spawn slotfs 5 merged 5 won 0 n 0 of 369
CREW523 125 site mag slotfs 5 merged 5 won 0 n 0 of 370
CREW523 125 site budget slotfs 5 merged 5 won 0 n 0 of 371
CREW523 125 site spawn slotfs 5 merged 5 won 0 n 0 of 372
CREW523 126 site mag slotfs 5 merged 5 won 0 n 0 of 373
CREW523 126 site budget slotfs 5 merged 5 won 0 n 0 of 374
CREW523 126 site spawn slotfs 5 merged 5 won 0 n 0 of 375
CREW523 127 site mag slotfs 5 merged 5 won 0 n 0 of 376
CREW523 127 site budget slotfs 5 merged 5 won 0 n 0 of 377
CREW523 127 site spawn slotfs 5 merged 5 won 0 n 0 of 378
CREW523 128 site mag slotfs 5 merged 5 won 0 n 0 of 379
CREW523 128 site budget slotfs 5 merged 5 won 0 n 0 of 380
CREW523 128 site spawn slotfs 5 merged 5 won 0 n 0 of 381
CREW523 129 site mag slotfs 5 merged 5 won 0 n 0 of 382
CREW523 129 site budget slotfs 5 merged 5 won 0 n 0 of 383
CREW523 129 site spawn slotfs 5 merged 5 won 0 n 0 of 384
CREW523 130 site mag slotfs 5 merged 5 won 0 n 0 of 385
CREW523 130 site budget slotfs 5 merged 5 won 0 n 0 of 386
CREW523 130 site spawn slotfs 5 merged 5 won 0 n 0 of 387
CREW523 131 site mag slotfs 5 merged 5 won 0 n 0 of 388
CREW523 131 site budget slotfs 5 merged 5 won 0 n 0 of 389
CREW523 131 site spawn slotfs 5 merged 5 won 0 n 0 of 390
CREW523 132 site mag slotfs 5 merged 5 won 0 n 0 of 391
CREW523 132 site budget slotfs 5 merged 5 won 0 n 0 of 392
CREW523 132 site spawn slotfs 5 merged 5 won 0 n 0 of 393
CREW523 133 site mag slotfs 5 merged 5 won 0 n 0 of 394
CREW523 133 site budget slotfs 5 merged 5 won 0 n 0 of 395
CREW523 133 site spawn slotfs 5 merged 5 won 0 n 0 of 396
CREW523 134 site mag slotfs 5 merged 5 won 0 n 0 of 397
CREW523 134 site budget slotfs 5 merged 5 won 0 n 0 of 398
CREW523 134 site spawn slotfs 5 merged 5 won 0 n 0 of 399
CREW523 135 site mag slotfs 5 merged 5 won 0 n 0 of 400
CREW523 135 site budget slotfs 5 merged 5 won 0 n 0 of 401
CREW523 135 site spawn slotfs 5 merged 5 won 0 n 0 of 402
CREW523 136 site mag slotfs 5 merged 5 won 0 n 0 of 403
CREW523 136 site budget slotfs 5 merged 5 won 0 n 0 of 404
CREW523 136 site spawn slotfs 5 merged 5 won 0 n 0 of 405
CREW523 137 site mag slotfs 5 merged 5 won 0 n 0 of 406
CREW523 137 site budget slotfs 5 merged 5 won 0 n 0 of 407
CREW523 137 site spawn slotfs 5 merged 5 won 0 n 0 of 408
CREW523 138 site mag slotfs 5 merged 5 won 0 n 0 of 409
CREW523 138 site budget slotfs 5 merged 5 won 0 n 0 of 410
CREW523 138 site spawn slotfs 5 merged 5 won 0 n 0 of 411
CREW523 139 site mag slotfs 5 merged 5 won 0 n 0 of 412
CREW523 139 site budget slotfs 5 merged 5 won 0 n 0 of 413
CREW523 139 site spawn slotfs 5 merged 5 won 0 n 0 of 414
CREW523 140 site mag slotfs 5 merged 5 won 0 n 0 of 415
CREW523 140 site budget slotfs 5 merged 5 won 0 n 0 of 416
CREW523 140 site spawn slotfs 5 merged 5 won 0 n 0 of 417
CREW523 141 site mag slotfs 5 merged 5 won 0 n 0 of 418
CREW523 141 site budget slotfs 5 merged 5 won 0 n 0 of 419
CREW523 141 site spawn slotfs 5 merged 5 won 0 n 0 of 420
CREW523 142 site mag slotfs 5 merged 5 won 0 n 0 of 421
CREW523 142 site budget slotfs 5 merged 5 won 0 n 0 of 422
CREW523 142 site spawn slotfs 5 merged 5 won 0 n 0 of 423
CREW523 143 site mag slotfs 5 merged 5 won 0 n 0 of 424
CREW523 143 site budget slotfs 5 merged 5 won 0 n 0 of 425
CREW523 143 site spawn slotfs 5 merged 5 won 0 n 0 of 426
CREW523 144 site mag slotfs 5 merged 5 won 0 n 0 of 427
CREW523 144 site budget slotfs 5 merged 5 won 0 n 0 of 428
CREW523 144 site spawn slotfs 5 merged 5 won 0 n 0 of 429
CREW523 145 site mag slotfs 5 merged 5 won 0 n 0 of 430
CREW523 145 site budget slotfs 5 merged 5 won 0 n 0 of 431
CREW523 145 site spawn slotfs 5 merged 5 won 0 n 0 of 432
CREW523 146 site mag slotfs 5 merged 5 won 0 n 0 of 433
CREW523 146 site budget slotfs 5 merged 5 won 0 n 0 of 434
CREW523 146 site spawn slotfs 5 merged 5 won 0 n 0 of 435
CREW523 147 site mag slotfs 5 merged 5 won 0 n 0 of 436
CREW523 147 site budget slotfs 5 merged 5 won 0 n 0 of 437
CREW523 147 site spawn slotfs 5 merged 5 won 0 n 0 of 438
CREW523 148 site mag slotfs 5 merged 5 won 0 n 0 of 439
CREW523 148 site budget slotfs 5 merged 5 won 0 n 0 of 440
CREW523 148 site spawn slotfs 5 merged 5 won 0 n 0 of 441
CREW523 149 site mag slotfs 5 merged 5 won 0 n 0 of 442
CREW523 149 site budget slotfs 5 merged 5 won 0 n 0 of 443
CREW523 149 site spawn slotfs 5 merged 5 won 0 n 0 of 444
CREW523 150 site mag slotfs 5 merged 5 won 0 n 0 of 445
CREW523 150 site budget slotfs 5 merged 5 won 0 n 0 of 446
CREW523 150 site spawn slotfs 5 merged 5 won 0 n 0 of 447
CREW523 151 site mag slotfs 5 merged 5 won 0 n 0 of 448
CREW523 151 site budget slotfs 5 merged 5 won 0 n 0 of 449
CREW523 151 site spawn slotfs 5 merged 5 won 0 n 0 of 450
CREW523 152 site mag slotfs 5 merged 5 won 0 n 0 of 451
CREW523 152 site budget slotfs 5 merged 5 won 0 n 0 of 452
CREW523 152 site spawn slotfs 5 merged 5 won 0 n 0 of 453
CREW523 153 site mag slotfs 5 merged 5 won 0 n 0 of 454
CREW523 153 site budget slotfs 5 merged 5 won 0 n 0 of 455
CREW523 153 site spawn slotfs 5 merged 5 won 0 n 0 of 456
CREW523 154 site mag slotfs 5 merged 5 won 0 n 0 of 457
CREW523 154 site budget slotfs 5 merged 5 won 0 n 0 of 458
CREW523 154 site spawn slotfs 5 merged 5 won 0 n 0 of 459
CREW523 155 site mag slotfs 5 merged 5 won 0 n 0 of 460
CREW523 155 site budget slotfs 5 merged 5 won 0 n 0 of 461
CREW523 155 site spawn slotfs 5 merged 5 won 0 n 0 of 462
CREW523 156 site mag slotfs 5 merged 5 won 0 n 0 of 463
CREW523 156 site budget slotfs 5 merged 5 won 0 n 0 of 464
CREW523 156 site spawn slotfs 5 merged 5 won 0 n 0 of 465
CREW523 157 site mag slotfs 5 merged 5 won 0 n 0 of 466
CREW523 157 site budget slotfs 5 merged 5 won 0 n 0 of 467
CREW523 157 site spawn slotfs 5 merged 5 won 0 n 0 of 468
CREW523 158 site mag slotfs 5 merged 5 won 0 n 0 of 469
CREW523 158 site budget slotfs 5 merged 5 won 0 n 0 of 470
CREW523 158 site spawn slotfs 5 merged 5 won 0 n 0 of 471
CREW523 159 site mag slotfs 5 merged 5 won 0 n 0 of 472
CREW523 159 site budget slotfs 5 merged 5 won 0 n 0 of 473
CREW523 159 site spawn slotfs 5 merged 5 won 0 n 0 of 474
CREW523 160 site mag slotfs 5 merged 5 won 0 n 0 of 475
CREW523 160 site budget slotfs 5 merged 5 won 0 n 0 of 476
CREW523 160 site spawn slotfs 5 merged 5 won 0 n 0 of 477
CREW523 161 site mag slotfs 5 merged 5 won 0 n 0 of 478
CREW523 161 site budget slotfs 5 merged 5 won 0 n 0 of 479
CREW523 161 site spawn slotfs 5 merged 5 won 0 n 0 of 480
CREW523 162 site mag slotfs 5 merged 5 won 0 n 0 of 481
CREW523 162 site budget slotfs 5 merged 5 won 0 n 0 of 482
CREW523 162 site spawn slotfs 5 merged 5 won 0 n 0 of 483
CREW523 163 site mag slotfs 5 merged 5 won 0 n 0 of 484
CREW523 163 site budget slotfs 5 merged 5 won 0 n 0 of 485
CREW523 163 site spawn slotfs 5 merged 5 won 0 n 0 of 486
CREW523 164 site mag slotfs 5 merged 5 won 0 n 0 of 487
CREW523 164 site budget slotfs 5 merged 5 won 0 n 0 of 488
CREW523 164 site spawn slotfs 5 merged 5 won 0 n 0 of 489
CREW523 165 site mag slotfs 5 merged 5 won 0 n 0 of 490
CREW523 165 site budget slotfs 5 merged 5 won 0 n 0 of 491
CREW523 165 site spawn slotfs 5 merged 5 won 0 n 0 of 492
CREW523 166 site mag slotfs 5 merged 5 won 0 n 0 of 493
CREW523 166 site budget slotfs 5 merged 5 won 0 n 0 of 494
CREW523 166 site spawn slotfs 5 merged 5 won 0 n 0 of 495
CREW523 167 site mag slotfs 5 merged 5 won 0 n 0 of 496
CREW523 167 site budget slotfs 5 merged 5 won 0 n 0 of 497
CREW523 167 site spawn slotfs 5 merged 5 won 0 n 0 of 498
CREW523 168 site mag slotfs 5 merged 5 won 0 n 0 of 499
CREW523 168 site budget slotfs 5 merged 5 won 0 n 0 of 500
CREW523 168 site spawn slotfs 5 merged 5 won 0 n 0 of 501
CREW523 169 site mag slotfs 5 merged 5 won 0 n 0 of 502
CREW523 169 site budget slotfs 5 merged 5 won 0 n 0 of 503
CREW523 169 site spawn slotfs 5 merged 5 won 0 n 0 of 504
CREW523 170 site mag slotfs 5 merged 5 won 0 n 0 of 505
CREW523 170 site budget slotfs 5 merged 5 won 0 n 0 of 506
CREW523 170 site spawn slotfs 5 merged 5 won 0 n 0 of 507
CREW523 171 site mag slotfs 5 merged 5 won 0 n 0 of 508
CREW523 171 site budget slotfs 5 merged 5 won 0 n 0 of 509
CREW523 171 site spawn slotfs 5 merged 5 won 0 n 0 of 510
CREW523 172 site mag slotfs 5 merged 5 won 0 n 0 of 511
CREW523 172 site budget slotfs 5 merged 5 won 0 n 0 of 512
CREW523 172 site spawn slotfs 5 merged 5 won 0 n 0 of 513
CREW523 173 site mag slotfs 5 merged 5 won 0 n 0 of 514
CREW523 173 site budget slotfs 5 merged 5 won 0 n 0 of 515
CREW523 173 site spawn slotfs 5 merged 5 won 0 n 0 of 516
CREW523 174 site mag slotfs 5 merged 5 won 0 n 0 of 517
CREW523 174 site budget slotfs 5 merged 5 won 0 n 0 of 518
CREW523 174 site spawn slotfs 5 merged 5 won 0 n 0 of 519
CREW523 175 site mag slotfs 5 merged 5 won 0 n 0 of 520
CREW523 175 site budget slotfs 5 merged 5 won 0 n 0 of 521
CREW523 175 site spawn slotfs 5 merged 5 won 0 n 0 of 522
CREW523 176 site mag slotfs 5 merged 5 won 0 n 0 of 523
CREW523 176 site budget slotfs 5 merged 5 won 0 n 0 of 524
CREW523 176 site spawn slotfs 5 merged 5 won 0 n 0 of 525
CREW523 177 site mag slotfs 5 merged 5 won 0 n 0 of 526
CREW523 177 site budget slotfs 5 merged 5 won 0 n 0 of 527
CREW523 177 site spawn slotfs 5 merged 5 won 0 n 0 of 528
CREW523 178 site mag slotfs 5 merged 5 won 0 n 0 of 529
CREW523 178 site budget slotfs 5 merged 5 won 0 n 0 of 530
CREW523 178 site spawn slotfs 5 merged 5 won 0 n 0 of 531
CREW523 179 site mag slotfs 5 merged 5 won 0 n 0 of 532
CREW523 179 site budget slotfs 5 merged 5 won 0 n 0 of 533
CREW523 179 site spawn slotfs 5 merged 5 won 0 n 0 of 534
CREW523 180 site mag slotfs 5 merged 5 won 0 n 0 of 535
CREW523 180 site budget slotfs 5 merged 5 won 0 n 0 of 536
CREW523 180 site spawn slotfs 5 merged 5 won 0 n 0 of 537
CREW523 181 site mag slotfs 5 merged 5 won 0 n 0 of 538
CREW523 181 site budget slotfs 5 merged 5 won 0 n 0 of 539
CREW523 181 site spawn slotfs 5 merged 5 won 0 n 0 of 540
CREW523 182 site mag slotfs 5 merged 5 won 0 n 0 of 541
CREW523 182 site budget slotfs 5 merged 5 won 0 n 0 of 542
CREW523 182 site spawn slotfs 5 merged 5 won 0 n 0 of 543
CREW523 183 site mag slotfs 5 merged 5 won 0 n 0 of 544
CREW523 183 site budget slotfs 5 merged 5 won 0 n 0 of 545
CREW523 183 site spawn slotfs 5 merged 5 won 0 n 0 of 546
CREW523 184 site mag slotfs 5 merged 5 won 0 n 0 of 547
CREW523 184 site budget slotfs 5 merged 5 won 0 n 0 of 548
CREW523 184 site spawn slotfs 5 merged 5 won 0 n 0 of 549
CREW523 185 site mag slotfs 5 merged 5 won 0 n 0 of 550
CREW523 185 site budget slotfs 5 merged 5 won 0 n 0 of 551
CREW523 185 site spawn slotfs 5 merged 5 won 0 n 0 of 552
CREW523 186 site mag slotfs 5 merged 5 won 0 n 0 of 553
CREW523 186 site budget slotfs 5 merged 5 won 0 n 0 of 554
CREW523 186 site spawn slotfs 5 merged 5 won 0 n 0 of 555
CREW523 187 site mag slotfs 5 merged 5 won 0 n 0 of 556
CREW523 187 site budget slotfs 5 merged 5 won 0 n 0 of 557
CREW523 187 site spawn slotfs 5 merged 5 won 0 n 0 of 558
CREW523 188 site mag slotfs 5 merged 5 won 0 n 0 of 559
CREW523 188 site budget slotfs 5 merged 5 won 0 n 0 of 560
CREW523 188 site spawn slotfs 5 merged 5 won 0 n 0 of 561
CREW523 189 site mag slotfs 5 merged 5 won 0 n 0 of 562
CREW523 189 site budget slotfs 5 merged 5 won 0 n 0 of 563
CREW523 189 site spawn slotfs 5 merged 5 won 0 n 0 of 564
CREW523 190 site mag slotfs 5 merged 5 won 0 n 0 of 565
CREW523 190 site budget slotfs 5 merged 5 won 0 n 0 of 566
CREW523 190 site spawn slotfs 5 merged 5 won 0 n 0 of 567
CREW523 191 site mag slotfs 5 merged 5 won 0 n 0 of 568
CREW523 191 site budget slotfs 5 merged 5 won 0 n 0 of 569
CREW523 191 site spawn slotfs 5 merged 5 won 0 n 0 of 570
CREW523 192 site mag slotfs 5 merged 5 won 0 n 0 of 571
CREW523 192 site budget slotfs 5 merged 5 won 0 n 0 of 572
CREW523 192 site spawn slotfs 5 merged 5 won 0 n 0 of 573
CREW523 193 site mag slotfs 5 merged 5 won 0 n 0 of 574
CREW523 193 site budget slotfs 5 merged 5 won 0 n 0 of 575
CREW523 193 site spawn slotfs 5 merged 5 won 0 n 0 of 576
CREW523 194 site mag slotfs 5 merged 5 won 0 n 0 of 577
CREW523 194 site budget slotfs 5 merged 5 won 0 n 0 of 578
CREW523 194 site spawn slotfs 5 merged 5 won 0 n 0 of 579
CREW523 195 site mag slotfs 5 merged 5 won 0 n 0 of 580
CREW523 195 site budget slotfs 5 merged 5 won 0 n 0 of 581
CREW523 195 site spawn slotfs 5 merged 5 won 0 n 0 of 582
CREW523 196 site mag slotfs 5 merged 5 won 0 n 0 of 583
CREW523 196 site budget slotfs 5 merged 5 won 0 n 0 of 584
CREW523 196 site spawn slotfs 5 merged 5 won 0 n 0 of 585
CREW523 197 site mag slotfs 1 merged 1 won 0 n 0 of 586
CREW523 197 site budget slotfs 1 merged 1 won 0 n 0 of 587
CREW523 198 site mag slotfs 1 merged 1 won 0 n 0 of 588
CREW523 198 site budget slotfs 1 merged 1 won 0 n 0 of 589
CREW523 199 site mag slotfs 1 merged 1 won 0 n 0 of 590
CREW523 199 site budget slotfs 1 merged 1 won 0 n 0 of 591
CREW523 200 site mag slotfs 1 merged 1 won 0 n 0 of 592
CREW523 200 site budget slotfs 1 merged 1 won 0 n 0 of 593
CREW523 201 site mag slotfs 1 merged 1 won 0 n 0 of 594
CREW523 201 site budget slotfs 1 merged 1 won 0 n 0 of 595
PH523 201 id 483 body 1 arc 1 orth 5 own 0 merged 0 arcclosed 0 ph 2
CREW523 202 site mag slotfs 2 merged 2 won 0 n 0 of 596
CREW523 202 site budget slotfs 2 merged 2 won 0 n 0 of 597
CREW523 202 site spawn slotfs 2 merged 2 won 0 n 0 of 598
PH523 202 id 483 body 1 arc 1 orth 6 own 0 merged 0 arcclosed 0 ph 2
CREW523 203 site mag slotfs 2 merged 2 won 0 n 0 of 599
CREW523 203 site budget slotfs 2 merged 2 won 0 n 0 of 600
CREW523 203 site spawn slotfs 2 merged 2 won 0 n 0 of 601
PH523 203 id 483 body 1 arc 1 orth 6 own 0 merged 0 arcclosed 0 ph 2
CREW523 204 site mag slotfs 2 merged 2 won 0 n 0 of 602
CREW523 204 site budget slotfs 2 merged 2 won 0 n 0 of 603
CREW523 204 site spawn slotfs 2 merged 2 won 0 n 0 of 604
PH523 204 id 483 body 1 arc 1 orth 6 own 0 merged 0 arcclosed 0 ph 2
CREW523 205 site mag slotfs 2 merged 2 won 0 n 0 of 605
CREW523 205 site budget slotfs 2 merged 2 won 0 n 0 of 606
CREW523 205 site spawn slotfs 2 merged 2 won 0 n 0 of 607
PH523 205 id 483 body 1 arc 1 orth 6 own 0 merged 0 arcclosed 0 ph 2
CREW523 206 site mag slotfs 2 merged 2 won 0 n 0 of 608
CREW523 206 site budget slotfs 2 merged 2 won 0 n 0 of 609
CREW523 206 site spawn slotfs 2 merged 2 won 0 n 0 of 610
PH523 206 id 483 body 1 arc 1 orth 5 own 0 merged 0 arcclosed 0 ph 2
CREW523 207 site mag slotfs 2 merged 2 won 0 n 0 of 611
CREW523 207 site budget slotfs 2 merged 2 won 0 n 0 of 612
CREW523 207 site spawn slotfs 2 merged 2 won 0 n 0 of 613
PH523 207 id 483 body 1 arc 1 orth 5 own 0 merged 0 arcclosed 0 ph 2
CREW523 208 site mag slotfs 2 merged 2 won 0 n 0 of 614
CREW523 208 site budget slotfs 2 merged 2 won 0 n 0 of 615
CREW523 208 site spawn slotfs 2 merged 2 won 0 n 0 of 616
PH523 208 id 483 body 1 arc 1 orth 5 own 0 merged 0 arcclosed 0 ph 2
CREW523 209 site mag slotfs 2 merged 2 won 0 n 0 of 617
CREW523 209 site budget slotfs 2 merged 2 won 0 n 0 of 618
CREW523 209 site spawn slotfs 2 merged 2 won 0 n 0 of 619
PH523 209 id 483 body 1 arc 1 orth 5 own 0 merged 0 arcclosed 0 ph 2
CREW523 210 site mag slotfs 2 merged 2 won 0 n 0 of 620
CREW523 210 site budget slotfs 2 merged 2 won 0 n 0 of 621
CREW523 210 site spawn slotfs 2 merged 2 won 0 n 0 of 622
CREW523 211 site mag slotfs 2 merged 2 won 0 n 0 of 623
CREW523 211 site budget slotfs 2 merged 2 won 0 n 0 of 624
CREW523 211 site spawn slotfs 2 merged 2 won 0 n 0 of 625
CREW523 212 site mag slotfs 2 merged 2 won 0 n 0 of 626
CREW523 212 site budget slotfs 2 merged 2 won 0 n 0 of 627
CREW523 212 site spawn slotfs 2 merged 2 won 0 n 0 of 628
CREW523 213 site mag slotfs 2 merged 2 won 0 n 0 of 629
CREW523 213 site budget slotfs 2 merged 2 won 0 n 0 of 630
CREW523 213 site spawn slotfs 2 merged 2 won 0 n 0 of 631
CREW523 214 site mag slotfs 2 merged 2 won 0 n 0 of 632
CREW523 214 site budget slotfs 2 merged 2 won 0 n 0 of 633
CREW523 214 site spawn slotfs 2 merged 2 won 0 n 0 of 634
CREW523 215 site mag slotfs 2 merged 2 won 0 n 0 of 635
CREW523 215 site budget slotfs 2 merged 2 won 0 n 0 of 636
CREW523 215 site spawn slotfs 2 merged 2 won 0 n 0 of 637
CREW523 216 site mag slotfs 2 merged 2 won 0 n 0 of 638
CREW523 216 site budget slotfs 2 merged 2 won 0 n 0 of 639
CREW523 216 site spawn slotfs 2 merged 2 won 0 n 0 of 640
CREW523 217 site mag slotfs 2 merged 2 won 0 n 0 of 641
CREW523 217 site budget slotfs 2 merged 2 won 0 n 0 of 642
CREW523 217 site spawn slotfs 2 merged 2 won 0 n 0 of 643
CREW523 218 site mag slotfs 2 merged 2 won 0 n 0 of 644
CREW523 218 site budget slotfs 2 merged 2 won 0 n 0 of 645
CREW523 218 site spawn slotfs 2 merged 2 won 0 n 0 of 646
CREW523 219 site mag slotfs 2 merged 2 won 0 n 0 of 647
CREW523 219 site budget slotfs 2 merged 2 won 0 n 0 of 648
CREW523 219 site spawn slotfs 2 merged 2 won 0 n 0 of 649
CREW523 220 site mag slotfs 2 merged 2 won 0 n 0 of 650
CREW523 220 site budget slotfs 2 merged 2 won 0 n 0 of 651
CREW523 220 site spawn slotfs 2 merged 2 won 0 n 0 of 652
CREW523 221 site mag slotfs 2 merged 2 won 0 n 0 of 653
CREW523 221 site budget slotfs 2 merged 2 won 0 n 0 of 654
CREW523 221 site spawn slotfs 2 merged 2 won 0 n 0 of 655
CREW523 222 site mag slotfs 2 merged 2 won 0 n 0 of 656
CREW523 222 site budget slotfs 2 merged 2 won 0 n 0 of 657
CREW523 222 site spawn slotfs 2 merged 2 won 0 n 0 of 658
CREW523 223 site mag slotfs 2 merged 2 won 0 n 0 of 659
CREW523 223 site budget slotfs 2 merged 2 won 0 n 0 of 660
CREW523 223 site spawn slotfs 2 merged 2 won 0 n 0 of 661
CREW523 224 site mag slotfs 2 merged 2 won 0 n 0 of 662
CREW523 224 site budget slotfs 2 merged 2 won 0 n 0 of 663
CREW523 224 site spawn slotfs 2 merged 2 won 0 n 0 of 664
CREW523 225 site mag slotfs 2 merged 2 won 0 n 0 of 665
CREW523 225 site budget slotfs 2 merged 2 won 0 n 0 of 666
CREW523 225 site spawn slotfs 2 merged 2 won 0 n 0 of 667
CREW523 226 site mag slotfs 2 merged 2 won 0 n 0 of 668
CREW523 226 site budget slotfs 2 merged 2 won 0 n 0 of 669
CREW523 226 site spawn slotfs 2 merged 2 won 0 n 0 of 670
CREW523 227 site mag slotfs 2 merged 2 won 0 n 0 of 671
CREW523 227 site budget slotfs 2 merged 2 won 0 n 0 of 672
CREW523 227 site spawn slotfs 2 merged 2 won 0 n 0 of 673
CREW523 228 site mag slotfs 2 merged 2 won 0 n 0 of 674
CREW523 228 site budget slotfs 2 merged 2 won 0 n 0 of 675
CREW523 228 site spawn slotfs 2 merged 2 won 0 n 0 of 676
CREW523 229 site mag slotfs 2 merged 2 won 0 n 0 of 677
CREW523 229 site budget slotfs 2 merged 2 won 0 n 0 of 678
CREW523 229 site spawn slotfs 2 merged 2 won 0 n 0 of 679
CREW523 230 site mag slotfs 2 merged 2 won 0 n 0 of 680
CREW523 230 site budget slotfs 2 merged 2 won 0 n 0 of 681
CREW523 230 site spawn slotfs 2 merged 2 won 0 n 0 of 682
CREW523 231 site mag slotfs 2 merged 2 won 0 n 0 of 683
CREW523 231 site budget slotfs 2 merged 2 won 0 n 0 of 684
CREW523 231 site spawn slotfs 2 merged 2 won 0 n 0 of 685
CREW523 232 site mag slotfs 2 merged 2 won 0 n 0 of 686
CREW523 232 site budget slotfs 2 merged 2 won 0 n 0 of 687
CREW523 232 site spawn slotfs 2 merged 2 won 0 n 0 of 688
CREW523 233 site mag slotfs 2 merged 2 won 0 n 0 of 689
CREW523 233 site budget slotfs 2 merged 2 won 0 n 0 of 690
CREW523 233 site spawn slotfs 2 merged 2 won 0 n 0 of 691
CREW523 234 site mag slotfs 2 merged 2 won 0 n 0 of 692
CREW523 234 site budget slotfs 2 merged 2 won 0 n 0 of 693
CREW523 234 site spawn slotfs 2 merged 2 won 0 n 0 of 694
CREW523 235 site mag slotfs 2 merged 2 won 0 n 0 of 695
CREW523 235 site budget slotfs 2 merged 2 won 0 n 0 of 696
CREW523 235 site spawn slotfs 2 merged 2 won 0 n 0 of 697
CREW523 236 site mag slotfs 2 merged 2 won 0 n 0 of 698
CREW523 236 site budget slotfs 2 merged 2 won 0 n 0 of 699
CREW523 236 site spawn slotfs 2 merged 2 won 0 n 0 of 700
CREW523 237 site mag slotfs 2 merged 2 won 0 n 0 of 701
CREW523 237 site budget slotfs 2 merged 2 won 0 n 0 of 702
CREW523 237 site spawn slotfs 2 merged 2 won 0 n 0 of 703
CREW523 238 site mag slotfs 2 merged 2 won 0 n 0 of 704
CREW523 238 site budget slotfs 2 merged 2 won 0 n 0 of 705
CREW523 238 site spawn slotfs 2 merged 2 won 0 n 0 of 706
CREW523 239 site mag slotfs 2 merged 2 won 0 n 0 of 707
CREW523 239 site budget slotfs 2 merged 2 won 0 n 0 of 708
CREW523 239 site spawn slotfs 2 merged 2 won 0 n 0 of 709
CREW523 240 site mag slotfs 2 merged 2 won 0 n 0 of 710
CREW523 240 site budget slotfs 2 merged 2 won 0 n 0 of 711
CREW523 240 site spawn slotfs 2 merged 2 won 0 n 0 of 712
CREW523 241 site mag slotfs 2 merged 2 won 0 n 0 of 713
CREW523 241 site budget slotfs 2 merged 2 won 0 n 0 of 714
CREW523 241 site spawn slotfs 2 merged 2 won 0 n 0 of 715
CREW523 242 site mag slotfs 2 merged 2 won 0 n 0 of 716
CREW523 242 site budget slotfs 2 merged 2 won 0 n 0 of 717
CREW523 242 site spawn slotfs 2 merged 2 won 0 n 0 of 718
CREW523 243 site mag slotfs 2 merged 2 won 0 n 0 of 719
CREW523 243 site budget slotfs 2 merged 2 won 0 n 0 of 720
CREW523 243 site spawn slotfs 2 merged 2 won 0 n 0 of 721
CREW523 244 site mag slotfs 2 merged 2 won 0 n 0 of 722
CREW523 244 site budget slotfs 2 merged 2 won 0 n 0 of 723
CREW523 244 site spawn slotfs 2 merged 2 won 0 n 0 of 724
CREW523 245 site mag slotfs 2 merged 2 won 0 n 0 of 725
CREW523 245 site budget slotfs 2 merged 2 won 0 n 0 of 726
CREW523 245 site spawn slotfs 2 merged 2 won 0 n 0 of 727
CREW523 246 site mag slotfs 2 merged 2 won 0 n 0 of 728
CREW523 246 site budget slotfs 2 merged 2 won 0 n 0 of 729
CREW523 246 site spawn slotfs 2 merged 2 won 0 n 0 of 730
CREW523 247 site mag slotfs 2 merged 2 won 0 n 0 of 731
CREW523 247 site budget slotfs 2 merged 2 won 0 n 0 of 732
CREW523 247 site spawn slotfs 2 merged 2 won 0 n 0 of 733
CREW523 248 site mag slotfs 2 merged 2 won 0 n 0 of 734
CREW523 248 site budget slotfs 2 merged 2 won 0 n 0 of 735
CREW523 248 site spawn slotfs 2 merged 2 won 0 n 0 of 736
CREW523 249 site mag slotfs 2 merged 2 won 0 n 0 of 737
CREW523 249 site budget slotfs 2 merged 2 won 0 n 0 of 738
CREW523 249 site spawn slotfs 2 merged 2 won 0 n 0 of 739
CREW523 250 site mag slotfs 2 merged 2 won 0 n 0 of 740
CREW523 250 site budget slotfs 2 merged 2 won 0 n 0 of 741
CREW523 250 site spawn slotfs 2 merged 2 won 0 n 0 of 742
CREW523 251 site mag slotfs 2 merged 2 won 0 n 0 of 743
CREW523 251 site budget slotfs 2 merged 2 won 0 n 0 of 744
CREW523 251 site spawn slotfs 2 merged 2 won 0 n 0 of 745
CREW523 252 site mag slotfs 2 merged 2 won 0 n 0 of 746
CREW523 252 site budget slotfs 2 merged 2 won 0 n 0 of 747
CREW523 252 site spawn slotfs 2 merged 2 won 0 n 0 of 748
CREW523 253 site mag slotfs 2 merged 2 won 0 n 0 of 749
CREW523 253 site budget slotfs 2 merged 2 won 0 n 0 of 750
CREW523 253 site spawn slotfs 2 merged 2 won 0 n 0 of 751
CREW523 254 site mag slotfs 2 merged 2 won 0 n 0 of 752
CREW523 254 site budget slotfs 2 merged 2 won 0 n 0 of 753
CREW523 254 site spawn slotfs 2 merged 2 won 0 n 0 of 754
CREW523 255 site mag slotfs 2 merged 2 won 0 n 0 of 755
CREW523 255 site budget slotfs 2 merged 2 won 0 n 0 of 756
CREW523 255 site spawn slotfs 2 merged 2 won 0 n 0 of 757
CREW523 256 site mag slotfs 2 merged 2 won 0 n 0 of 758
CREW523 256 site budget slotfs 2 merged 2 won 0 n 0 of 759
CREW523 256 site spawn slotfs 2 merged 2 won 0 n 0 of 760
CREW523 257 site mag slotfs 2 merged 2 won 0 n 0 of 761
CREW523 257 site budget slotfs 2 merged 2 won 0 n 0 of 762
CREW523 257 site spawn slotfs 2 merged 2 won 0 n 0 of 763
CREW523 258 site mag slotfs 2 merged 2 won 0 n 0 of 764
CREW523 258 site budget slotfs 2 merged 2 won 0 n 0 of 765
CREW523 258 site spawn slotfs 2 merged 2 won 0 n 0 of 766
CREW523 259 site mag slotfs 2 merged 2 won 0 n 0 of 767
CREW523 259 site budget slotfs 2 merged 2 won 0 n 0 of 768
CREW523 259 site spawn slotfs 2 merged 2 won 0 n 0 of 769
CREW523 260 site mag slotfs 2 merged 2 won 0 n 0 of 770
CREW523 260 site budget slotfs 2 merged 2 won 0 n 0 of 771
CREW523 260 site spawn slotfs 2 merged 2 won 0 n 0 of 772
CREW523 261 site mag slotfs 2 merged 2 won 0 n 0 of 773
CREW523 261 site budget slotfs 2 merged 2 won 0 n 0 of 774
CREW523 261 site spawn slotfs 2 merged 2 won 0 n 0 of 775
CREW523 262 site mag slotfs 2 merged 2 won 0 n 0 of 776
CREW523 262 site budget slotfs 2 merged 2 won 0 n 0 of 777
CREW523 262 site spawn slotfs 2 merged 2 won 0 n 0 of 778
CREW523 263 site mag slotfs 2 merged 2 won 0 n 0 of 779
CREW523 263 site budget slotfs 2 merged 2 won 0 n 0 of 780
CREW523 263 site spawn slotfs 2 merged 2 won 0 n 0 of 781
CREW523 264 site mag slotfs 2 merged 2 won 0 n 0 of 782
CREW523 264 site budget slotfs 2 merged 2 won 0 n 0 of 783
CREW523 264 site spawn slotfs 2 merged 2 won 0 n 0 of 784
CREW523 265 site mag slotfs 2 merged 2 won 0 n 0 of 785
CREW523 265 site budget slotfs 2 merged 2 won 0 n 0 of 786
CREW523 265 site spawn slotfs 2 merged 2 won 0 n 0 of 787
CREW523 266 site mag slotfs 2 merged 2 won 0 n 0 of 788
CREW523 266 site budget slotfs 2 merged 2 won 0 n 0 of 789
CREW523 266 site spawn slotfs 2 merged 2 won 0 n 0 of 790
CREW523 267 site mag slotfs 2 merged 2 won 0 n 0 of 791
CREW523 267 site budget slotfs 2 merged 2 won 0 n 0 of 792
CREW523 267 site spawn slotfs 2 merged 2 won 0 n 0 of 793
CREW523 268 site mag slotfs 2 merged 2 won 0 n 0 of 794
CREW523 268 site budget slotfs 2 merged 2 won 0 n 0 of 795
CREW523 268 site spawn slotfs 2 merged 2 won 0 n 0 of 796
CREW523 269 site mag slotfs 2 merged 2 won 0 n 0 of 797
CREW523 269 site budget slotfs 2 merged 2 won 0 n 0 of 798
CREW523 269 site spawn slotfs 2 merged 2 won 0 n 0 of 799
CREW523 270 site mag slotfs 2 merged 2 won 0 n 0 of 800
CREW523 270 site budget slotfs 2 merged 2 won 0 n 0 of 801
CREW523 270 site spawn slotfs 2 merged 2 won 0 n 0 of 802
CREW523 271 site mag slotfs 2 merged 2 won 0 n 0 of 803
CREW523 271 site budget slotfs 2 merged 2 won 0 n 0 of 804
CREW523 271 site spawn slotfs 2 merged 2 won 0 n 0 of 805
CREW523 272 site mag slotfs 2 merged 2 won 0 n 0 of 806
CREW523 272 site budget slotfs 2 merged 2 won 0 n 0 of 807
CREW523 272 site spawn slotfs 2 merged 2 won 0 n 0 of 808
CREW523 273 site mag slotfs 2 merged 2 won 0 n 0 of 809
CREW523 273 site budget slotfs 2 merged 2 won 0 n 0 of 810
CREW523 273 site spawn slotfs 2 merged 2 won 0 n 0 of 811
CREW523 274 site mag slotfs 2 merged 2 won 0 n 0 of 812
CREW523 274 site budget slotfs 2 merged 2 won 0 n 0 of 813
CREW523 274 site spawn slotfs 2 merged 2 won 0 n 0 of 814
CREW523 275 site mag slotfs 2 merged 2 won 0 n 0 of 815
CREW523 275 site budget slotfs 2 merged 2 won 0 n 0 of 816
CREW523 275 site spawn slotfs 2 merged 2 won 0 n 0 of 817
CREW523 276 site mag slotfs 2 merged 2 won 0 n 0 of 818
CREW523 276 site budget slotfs 2 merged 2 won 0 n 0 of 819
CREW523 276 site spawn slotfs 2 merged 2 won 0 n 0 of 820
CREW523 277 site mag slotfs 2 merged 2 won 0 n 0 of 821
CREW523 277 site budget slotfs 2 merged 2 won 0 n 0 of 822
CREW523 277 site spawn slotfs 2 merged 2 won 0 n 0 of 823
CREW523 278 site mag slotfs 2 merged 2 won 0 n 0 of 824
CREW523 278 site budget slotfs 2 merged 2 won 0 n 0 of 825
CREW523 278 site spawn slotfs 2 merged 2 won 0 n 0 of 826
CREW523 279 site mag slotfs 2 merged 2 won 0 n 0 of 827
CREW523 279 site budget slotfs 2 merged 2 won 0 n 0 of 828
CREW523 279 site spawn slotfs 2 merged 2 won 0 n 0 of 829
CREW523 280 site mag slotfs 2 merged 2 won 0 n 0 of 830
CREW523 280 site budget slotfs 2 merged 2 won 0 n 0 of 831
CREW523 280 site spawn slotfs 2 merged 2 won 0 n 0 of 832
CREW523 281 site mag slotfs 2 merged 2 won 0 n 0 of 833
CREW523 281 site budget slotfs 2 merged 2 won 0 n 0 of 834
CREW523 281 site spawn slotfs 2 merged 2 won 0 n 0 of 835
CREW523 282 site mag slotfs 2 merged 2 won 0 n 0 of 836
CREW523 282 site budget slotfs 2 merged 2 won 0 n 0 of 837
CREW523 282 site spawn slotfs 2 merged 2 won 0 n 0 of 838
CREW523 283 site mag slotfs 2 merged 2 won 0 n 0 of 839
CREW523 283 site budget slotfs 2 merged 2 won 0 n 0 of 840
CREW523 283 site spawn slotfs 2 merged 2 won 0 n 0 of 841
CREW523 284 site mag slotfs 2 merged 2 won 0 n 0 of 842
CREW523 284 site budget slotfs 2 merged 2 won 0 n 0 of 843
CREW523 284 site spawn slotfs 2 merged 2 won 0 n 0 of 844
CREW523 285 site mag slotfs 2 merged 2 won 0 n 0 of 845
CREW523 285 site budget slotfs 2 merged 2 won 0 n 0 of 846
CREW523 285 site spawn slotfs 2 merged 2 won 0 n 0 of 847
CREW523 286 site mag slotfs 2 merged 2 won 0 n 0 of 848
CREW523 286 site budget slotfs 2 merged 2 won 0 n 0 of 849
CREW523 286 site spawn slotfs 2 merged 2 won 0 n 0 of 850
CREW523 287 site mag slotfs 2 merged 2 won 0 n 0 of 851
CREW523 287 site budget slotfs 2 merged 2 won 0 n 0 of 852
CREW523 287 site spawn slotfs 2 merged 2 won 0 n 0 of 853
CREW523 288 site mag slotfs 2 merged 2 won 0 n 0 of 854
CREW523 288 site budget slotfs 2 merged 2 won 0 n 0 of 855
CREW523 288 site spawn slotfs 2 merged 2 won 0 n 0 of 856
CREW523 289 site mag slotfs 2 merged 2 won 0 n 0 of 857
CREW523 289 site budget slotfs 2 merged 2 won 0 n 0 of 858
CREW523 289 site spawn slotfs 2 merged 2 won 0 n 0 of 859
CREW523 290 site mag slotfs 2 merged 2 won 0 n 0 of 860
CREW523 290 site budget slotfs 2 merged 2 won 0 n 0 of 861
CREW523 290 site spawn slotfs 2 merged 2 won 0 n 0 of 862
CREW523 291 site mag slotfs 2 merged 2 won 0 n 0 of 863
CREW523 291 site budget slotfs 2 merged 2 won 0 n 0 of 864
CREW523 291 site spawn slotfs 2 merged 2 won 0 n 0 of 865
CREW523 292 site mag slotfs 2 merged 2 won 0 n 0 of 866
CREW523 292 site budget slotfs 2 merged 2 won 0 n 0 of 867
CREW523 292 site spawn slotfs 2 merged 2 won 0 n 0 of 868
CREW523 293 site mag slotfs 2 merged 2 won 0 n 0 of 869
CREW523 293 site budget slotfs 2 merged 2 won 0 n 0 of 870
CREW523 293 site spawn slotfs 2 merged 2 won 0 n 0 of 871
CREW523 294 site mag slotfs 2 merged 2 won 0 n 0 of 872
CREW523 294 site budget slotfs 2 merged 2 won 0 n 0 of 873
CREW523 294 site spawn slotfs 2 merged 2 won 0 n 0 of 874
CREW523 295 site mag slotfs 2 merged 2 won 0 n 0 of 875
CREW523 295 site budget slotfs 2 merged 2 won 0 n 0 of 876
CREW523 295 site spawn slotfs 2 merged 2 won 0 n 0 of 877
CREW523 296 site mag slotfs 2 merged 2 won 0 n 0 of 878
CREW523 296 site budget slotfs 2 merged 2 won 0 n 0 of 879
CREW523 296 site spawn slotfs 2 merged 2 won 0 n 0 of 880
CREW523 297 site mag slotfs 2 merged 2 won 0 n 0 of 881
CREW523 297 site budget slotfs 2 merged 2 won 0 n 0 of 882
CREW523 297 site spawn slotfs 2 merged 2 won 0 n 0 of 883
CREW523 298 site mag slotfs 2 merged 2 won 0 n 0 of 884
CREW523 298 site budget slotfs 2 merged 2 won 0 n 0 of 885
CREW523 298 site spawn slotfs 2 merged 2 won 0 n 0 of 886
CREW523 299 site mag slotfs 2 merged 2 won 0 n 0 of 887
CREW523 299 site budget slotfs 2 merged 2 won 0 n 0 of 888
CREW523 299 site spawn slotfs 2 merged 2 won 0 n 0 of 889
CREW523 300 site mag slotfs 2 merged 2 won 0 n 0 of 890
CREW523 300 site budget slotfs 2 merged 2 won 0 n 0 of 891
CREW523 300 site spawn slotfs 2 merged 2 won 0 n 0 of 892
CREW523 301 site mag slotfs 2 merged 2 won 0 n 0 of 893
CREW523 301 site budget slotfs 2 merged 2 won 0 n 0 of 894
CREW523 301 site spawn slotfs 2 merged 2 won 0 n 0 of 895
CREW523 302 site mag slotfs 2 merged 2 won 0 n 0 of 896
CREW523 302 site budget slotfs 2 merged 2 won 0 n 0 of 897
CREW523 302 site spawn slotfs 2 merged 2 won 0 n 0 of 898
CREW523 303 site mag slotfs 2 merged 2 won 0 n 0 of 899
CREW523 303 site budget slotfs 2 merged 2 won 0 n 0 of 900
CREW523 303 site spawn slotfs 2 merged 2 won 0 n 0 of 901
CREW523 304 site mag slotfs 2 merged 2 won 0 n 0 of 902
CREW523 304 site budget slotfs 2 merged 2 won 0 n 0 of 903
CREW523 304 site spawn slotfs 2 merged 2 won 0 n 0 of 904
CREW523 305 site mag slotfs 2 merged 2 won 0 n 0 of 905
CREW523 305 site budget slotfs 2 merged 2 won 0 n 0 of 906
CREW523 305 site spawn slotfs 2 merged 2 won 0 n 0 of 907
CREW523 306 site mag slotfs 2 merged 2 won 0 n 0 of 908
CREW523 306 site budget slotfs 2 merged 2 won 0 n 0 of 909
CREW523 306 site spawn slotfs 2 merged 2 won 0 n 0 of 910
CREW523 307 site mag slotfs 2 merged 2 won 0 n 0 of 911
CREW523 307 site budget slotfs 2 merged 2 won 0 n 0 of 912
CREW523 307 site spawn slotfs 2 merged 2 won 0 n 0 of 913
CREW523 308 site mag slotfs 2 merged 2 won 0 n 0 of 914
CREW523 308 site budget slotfs 2 merged 2 won 0 n 0 of 915
CREW523 308 site spawn slotfs 2 merged 2 won 0 n 0 of 916
CREW523 309 site mag slotfs 2 merged 2 won 0 n 0 of 917
CREW523 309 site budget slotfs 2 merged 2 won 0 n 0 of 918
CREW523 309 site spawn slotfs 2 merged 2 won 0 n 0 of 919
CREW523 310 site mag slotfs 2 merged 2 won 0 n 0 of 920
CREW523 310 site budget slotfs 2 merged 2 won 0 n 0 of 921
CREW523 310 site spawn slotfs 2 merged 2 won 0 n 0 of 922
CREW523 311 site mag slotfs 2 merged 2 won 0 n 0 of 923
CREW523 311 site budget slotfs 2 merged 2 won 0 n 0 of 924
CREW523 311 site spawn slotfs 2 merged 2 won 0 n 0 of 925
CREW523 312 site mag slotfs 2 merged 2 won 0 n 0 of 926
CREW523 312 site budget slotfs 2 merged 2 won 0 n 0 of 927
CREW523 312 site spawn slotfs 2 merged 2 won 0 n 0 of 928
CREW523 313 site mag slotfs 2 merged 2 won 0 n 0 of 929
CREW523 313 site budget slotfs 2 merged 2 won 0 n 0 of 930
CREW523 313 site spawn slotfs 2 merged 2 won 0 n 0 of 931
CREW523 314 site mag slotfs 2 merged 2 won 0 n 0 of 932
CREW523 314 site budget slotfs 2 merged 2 won 0 n 0 of 933
CREW523 314 site spawn slotfs 2 merged 2 won 0 n 0 of 934
CREW523 315 site mag slotfs 2 merged 2 won 0 n 0 of 935
CREW523 315 site budget slotfs 2 merged 2 won 0 n 0 of 936
CREW523 315 site spawn slotfs 2 merged 2 won 0 n 0 of 937
CREW523 316 site mag slotfs 2 merged 2 won 0 n 0 of 938
CREW523 316 site budget slotfs 2 merged 2 won 0 n 0 of 939
CREW523 316 site spawn slotfs 2 merged 2 won 0 n 0 of 940
CREW523 317 site mag slotfs 2 merged 2 won 0 n 0 of 941
CREW523 317 site budget slotfs 2 merged 2 won 0 n 0 of 942
CREW523 317 site spawn slotfs 2 merged 2 won 0 n 0 of 943
CREW523 318 site mag slotfs 2 merged 2 won 0 n 0 of 944
CREW523 318 site budget slotfs 2 merged 2 won 0 n 0 of 945
CREW523 318 site spawn slotfs 2 merged 2 won 0 n 0 of 946
CREW523 319 site mag slotfs 2 merged 2 won 0 n 0 of 947
CREW523 319 site budget slotfs 2 merged 2 won 0 n 0 of 948
CREW523 319 site spawn slotfs 2 merged 2 won 0 n 0 of 949
CREW523 320 site mag slotfs 2 merged 2 won 0 n 0 of 950
CREW523 320 site budget slotfs 2 merged 2 won 0 n 0 of 951
CREW523 320 site spawn slotfs 2 merged 2 won 0 n 0 of 952
CREW523 321 site mag slotfs 2 merged 2 won 0 n 0 of 953
CREW523 321 site budget slotfs 2 merged 2 won 0 n 0 of 954
CREW523 321 site spawn slotfs 2 merged 2 won 0 n 0 of 955
CREW523 322 site mag slotfs 2 merged 2 won 0 n 0 of 956
CREW523 322 site budget slotfs 2 merged 2 won 0 n 0 of 957
CREW523 322 site spawn slotfs 2 merged 2 won 0 n 0 of 958
CREW523 323 site mag slotfs 2 merged 2 won 0 n 0 of 959
CREW523 323 site budget slotfs 2 merged 2 won 0 n 0 of 960
CREW523 323 site spawn slotfs 2 merged 2 won 0 n 0 of 961
CREW523 324 site mag slotfs 2 merged 2 won 0 n 0 of 962
CREW523 324 site budget slotfs 2 merged 2 won 0 n 0 of 963
CREW523 324 site spawn slotfs 2 merged 2 won 0 n 0 of 964
CREW523 325 site mag slotfs 2 merged 2 won 0 n 0 of 965
CREW523 325 site budget slotfs 2 merged 2 won 0 n 0 of 966
CREW523 325 site spawn slotfs 2 merged 2 won 0 n 0 of 967
CREW523 326 site mag slotfs 2 merged 2 won 0 n 0 of 968
CREW523 326 site budget slotfs 2 merged 2 won 0 n 0 of 969
CREW523 326 site spawn slotfs 2 merged 2 won 0 n 0 of 970
CREW523 327 site mag slotfs 2 merged 2 won 0 n 0 of 971
CREW523 327 site budget slotfs 2 merged 2 won 0 n 0 of 972
CREW523 327 site spawn slotfs 2 merged 2 won 0 n 0 of 973
CREW523 328 site mag slotfs 2 merged 2 won 0 n 0 of 974
CREW523 328 site budget slotfs 2 merged 2 won 0 n 0 of 975
CREW523 328 site spawn slotfs 2 merged 2 won 0 n 0 of 976
CREW523 329 site mag slotfs 2 merged 2 won 0 n 0 of 977
CREW523 329 site budget slotfs 2 merged 2 won 0 n 0 of 978
CREW523 329 site spawn slotfs 2 merged 2 won 0 n 0 of 979
CREW523 330 site mag slotfs 2 merged 2 won 0 n 0 of 980
CREW523 330 site budget slotfs 2 merged 2 won 0 n 0 of 981
CREW523 330 site spawn slotfs 2 merged 2 won 0 n 0 of 982
CREW523 331 site mag slotfs 2 merged 2 won 0 n 0 of 983
CREW523 331 site budget slotfs 2 merged 2 won 0 n 0 of 984
CREW523 331 site spawn slotfs 2 merged 2 won 0 n 0 of 985
CREW523 332 site mag slotfs 2 merged 2 won 0 n 0 of 986
CREW523 332 site budget slotfs 2 merged 2 won 0 n 0 of 987
CREW523 332 site spawn slotfs 2 merged 2 won 0 n 0 of 988
CREW523 333 site mag slotfs 2 merged 2 won 0 n 0 of 989
CREW523 333 site budget slotfs 2 merged 2 won 0 n 0 of 990
CREW523 333 site spawn slotfs 2 merged 2 won 0 n 0 of 991
CREW523 334 site mag slotfs 2 merged 2 won 0 n 0 of 992
CREW523 334 site budget slotfs 2 merged 2 won 0 n 0 of 993
CREW523 334 site spawn slotfs 2 merged 2 won 0 n 0 of 994
CREW523 335 site mag slotfs 2 merged 2 won 0 n 0 of 995
CREW523 335 site budget slotfs 2 merged 2 won 0 n 0 of 996
CREW523 335 site spawn slotfs 2 merged 2 won 0 n 0 of 997
CREW523 336 site mag slotfs 2 merged 2 won 0 n 0 of 998
CREW523 336 site budget slotfs 2 merged 2 won 0 n 0 of 999
CREW523 336 site spawn slotfs 2 merged 2 won 0 n 0 of 1000
CREW523 337 site mag slotfs 1 merged 1 won 0 n 0 of 1001
CREW523 337 site budget slotfs 1 merged 1 won 0 n 0 of 1002
CREW523 337 site spawn slotfs 1 merged 1 won 0 n 0 of 1003
CREW523 338 site mag slotfs 1 merged 1 won 0 n 0 of 1004
CREW523 338 site budget slotfs 1 merged 1 won 0 n 0 of 1005
CREW523 338 site spawn slotfs 1 merged 1 won 0 n 0 of 1006
CREW523 339 site mag slotfs 1 merged 1 won 0 n 0 of 1007
CREW523 339 site budget slotfs 1 merged 1 won 0 n 0 of 1008
CREW523 339 site spawn slotfs 1 merged 1 won 0 n 0 of 1009
CREW523 340 site mag slotfs 1 merged 1 won 0 n 0 of 1010
CREW523 340 site budget slotfs 1 merged 1 won 0 n 0 of 1011
CREW523 340 site spawn slotfs 1 merged 1 won 0 n 0 of 1012
CREW523 341 site mag slotfs 1 merged 1 won 0 n 0 of 1013
CREW523 341 site budget slotfs 1 merged 1 won 0 n 0 of 1014
CREW523 341 site spawn slotfs 1 merged 1 won 0 n 0 of 1015
CREW523 342 site mag slotfs 1 merged 1 won 0 n 0 of 1016
CREW523 342 site budget slotfs 1 merged 1 won 0 n 0 of 1017
CREW523 342 site spawn slotfs 1 merged 1 won 0 n 0 of 1018
CREW523 343 site mag slotfs 1 merged 1 won 0 n 0 of 1019
CREW523 343 site budget slotfs 1 merged 1 won 0 n 0 of 1020
CREW523 343 site spawn slotfs 1 merged 1 won 0 n 0 of 1021
CREW523 344 site mag slotfs 1 merged 1 won 0 n 0 of 1022
CREW523 344 site budget slotfs 1 merged 1 won 0 n 0 of 1023
CREW523 344 site spawn slotfs 1 merged 1 won 0 n 0 of 1024
CREW523 345 site mag slotfs 1 merged 1 won 0 n 0 of 1025
CREW523 345 site budget slotfs 1 merged 1 won 0 n 0 of 1026
CREW523 345 site spawn slotfs 1 merged 1 won 0 n 0 of 1027
PH523 345 id 900 body 1 arc 1 orth 5 own 0 merged 0 arcclosed 0 ph 2
CREW523 346 site mag slotfs 2 merged 2 won 0 n 0 of 1028
CREW523 346 site budget slotfs 2 merged 2 won 0 n 0 of 1029
CREW523 346 site spawn slotfs 2 merged 2 won 0 n 0 of 1030
PH523 346 id 900 body 1 arc 1 orth 5 own 0 merged 0 arcclosed 0 ph 2
CREW523 347 site mag slotfs 2 merged 2 won 0 n 0 of 1031
CREW523 347 site budget slotfs 2 merged 2 won 0 n 0 of 1032
CREW523 347 site spawn slotfs 2 merged 2 won 0 n 0 of 1033
PH523 347 id 900 body 1 arc 1 orth 5 own 0 merged 0 arcclosed 0 ph 2
CREW523 348 site mag slotfs 2 merged 2 won 0 n 0 of 1034
CREW523 348 site budget slotfs 2 merged 2 won 0 n 0 of 1035
CREW523 348 site spawn slotfs 2 merged 2 won 0 n 0 of 1036
PH523 348 id 900 body 1 arc 1 orth 5 own 0 merged 0 arcclosed 0 ph 2
CREW523 349 site mag slotfs 2 merged 2 won 0 n 0 of 1037
CREW523 349 site budget slotfs 2 merged 2 won 0 n 0 of 1038
CREW523 349 site spawn slotfs 2 merged 2 won 0 n 0 of 1039
PH523 349 id 900 body 1 arc 1 orth 5 own 0 merged 0 arcclosed 0 ph 2
CREW523 350 site mag slotfs 2 merged 2 won 0 n 0 of 1040
CREW523 350 site budget slotfs 2 merged 2 won 0 n 0 of 1041
CREW523 350 site spawn slotfs 2 merged 2 won 0 n 0 of 1042
PH523 350 id 900 body 1 arc 1 orth 5 own 0 merged 0 arcclosed 0 ph 2
CREW523 351 site mag slotfs 2 merged 2 won 0 n 0 of 1043
CREW523 351 site budget slotfs 2 merged 2 won 0 n 0 of 1044
CREW523 351 site spawn slotfs 2 merged 2 won 0 n 0 of 1045
PH523 351 id 900 body 1 arc 1 orth 5 own 0 merged 0 arcclosed 0 ph 2
CREW523 352 site mag slotfs 2 merged 2 won 0 n 0 of 1046
CREW523 352 site budget slotfs 2 merged 2 won 0 n 0 of 1047
CREW523 352 site spawn slotfs 2 merged 2 won 0 n 0 of 1048
PH523 352 id 900 body 1 arc 1 orth 5 own 0 merged 0 arcclosed 0 ph 2
CREW523 353 site mag slotfs 2 merged 2 won 0 n 0 of 1049
CREW523 353 site budget slotfs 2 merged 2 won 0 n 0 of 1050
CREW523 353 site spawn slotfs 2 merged 2 won 0 n 0 of 1051
PH523 353 id 900 body 1 arc 1 orth 5 own 0 merged 0 arcclosed 0 ph 2
CREW523 354 site mag slotfs 2 merged 2 won 0 n 0 of 1052
CREW523 354 site budget slotfs 2 merged 2 won 0 n 0 of 1053
CREW523 354 site spawn slotfs 2 merged 2 won 0 n 0 of 1054
PH523 354 id 900 body 1 arc 1 orth 5 own 0 merged 0 arcclosed 0 ph 2
CREW523 355 site mag slotfs 2 merged 2 won 0 n 0 of 1055
CREW523 355 site budget slotfs 2 merged 2 won 0 n 0 of 1056
CREW523 355 site spawn slotfs 2 merged 2 won 0 n 0 of 1057
PH523 355 id 900 body 1 arc 1 orth 5 own 0 merged 0 arcclosed 0 ph 2
CREW523 356 site mag slotfs 2 merged 2 won 0 n 0 of 1058
CREW523 356 site budget slotfs 2 merged 2 won 0 n 0 of 1059
CREW523 356 site spawn slotfs 2 merged 2 won 0 n 0 of 1060
PH523 356 id 900 body 1 arc 1 orth 5 own 0 merged 0 arcclosed 0 ph 2
CREW523 357 site mag slotfs 2 merged 2 won 0 n 0 of 1061
CREW523 357 site budget slotfs 2 merged 2 won 0 n 0 of 1062
CREW523 357 site spawn slotfs 2 merged 2 won 0 n 0 of 1063
PH523 357 id 900 body 1 arc 1 orth 5 own 0 merged 0 arcclosed 0 ph 2
CREW523 358 site mag slotfs 2 merged 2 won 0 n 0 of 1064
CREW523 358 site budget slotfs 2 merged 2 won 0 n 0 of 1065
CREW523 358 site spawn slotfs 2 merged 2 won 0 n 0 of 1066
CREW523 359 site mag slotfs 2 merged 2 won 0 n 0 of 1067
CREW523 359 site budget slotfs 2 merged 2 won 0 n 0 of 1068
CREW523 359 site spawn slotfs 2 merged 2 won 0 n 0 of 1069
CREW523 360 site mag slotfs 2 merged 2 won 0 n 0 of 1070
CREW523 360 site budget slotfs 2 merged 2 won 0 n 0 of 1071
CREW523 360 site spawn slotfs 2 merged 2 won 0 n 0 of 1072
CREW523 361 site mag slotfs 2 merged 2 won 0 n 0 of 1073
CREW523 361 site budget slotfs 2 merged 2 won 0 n 0 of 1074
CREW523 361 site spawn slotfs 2 merged 2 won 0 n 0 of 1075
CREW523 362 site mag slotfs 2 merged 2 won 0 n 0 of 1076
CREW523 362 site budget slotfs 2 merged 2 won 0 n 0 of 1077
CREW523 362 site spawn slotfs 2 merged 2 won 0 n 0 of 1078
CREW523 363 site mag slotfs 2 merged 2 won 0 n 0 of 1079
CREW523 363 site budget slotfs 2 merged 2 won 0 n 0 of 1080
CREW523 363 site spawn slotfs 2 merged 2 won 0 n 0 of 1081
CREW523 364 site mag slotfs 2 merged 2 won 0 n 0 of 1082
CREW523 364 site budget slotfs 2 merged 2 won 0 n 0 of 1083
CREW523 364 site spawn slotfs 2 merged 2 won 0 n 0 of 1084
CREW523 365 site mag slotfs 2 merged 2 won 0 n 0 of 1085
CREW523 365 site budget slotfs 2 merged 2 won 0 n 0 of 1086
CREW523 365 site spawn slotfs 2 merged 2 won 0 n 0 of 1087
CREW523 366 site mag slotfs 2 merged 2 won 0 n 0 of 1088
CREW523 366 site budget slotfs 2 merged 2 won 0 n 0 of 1089
CREW523 366 site spawn slotfs 2 merged 2 won 0 n 0 of 1090
CREW523 367 site mag slotfs 2 merged 2 won 0 n 0 of 1091
CREW523 367 site budget slotfs 2 merged 2 won 0 n 0 of 1092
CREW523 367 site spawn slotfs 2 merged 2 won 0 n 0 of 1093
CREW523 368 site mag slotfs 2 merged 2 won 0 n 0 of 1094
CREW523 368 site budget slotfs 2 merged 2 won 0 n 0 of 1095
CREW523 368 site spawn slotfs 2 merged 2 won 0 n 0 of 1096
CREW523 369 site mag slotfs 2 merged 2 won 0 n 0 of 1097
CREW523 369 site budget slotfs 2 merged 2 won 0 n 0 of 1098
CREW523 369 site spawn slotfs 2 merged 2 won 0 n 0 of 1099
CREW523 370 site mag slotfs 2 merged 2 won 0 n 0 of 1100
CREW523 370 site budget slotfs 2 merged 2 won 0 n 0 of 1101
CREW523 370 site spawn slotfs 2 merged 2 won 0 n 0 of 1102
CREW523 371 site mag slotfs 2 merged 2 won 0 n 0 of 1103
CREW523 371 site budget slotfs 2 merged 2 won 0 n 0 of 1104
CREW523 371 site spawn slotfs 2 merged 2 won 0 n 0 of 1105
CREW523 372 site mag slotfs 1 merged 1 won 0 n 0 of 1106
CREW523 372 site budget slotfs 1 merged 1 won 0 n 0 of 1107
CREW523 372 site spawn slotfs 1 merged 1 won 0 n 0 of 1108
CREW523 373 site mag slotfs 1 merged 1 won 0 n 0 of 1109
CREW523 373 site budget slotfs 1 merged 1 won 0 n 0 of 1110
CREW523 373 site spawn slotfs 1 merged 1 won 0 n 0 of 1111
CREW523 374 site mag slotfs 1 merged 1 won 0 n 0 of 1112
CREW523 374 site budget slotfs 1 merged 1 won 0 n 0 of 1113
CREW523 374 site spawn slotfs 1 merged 1 won 0 n 0 of 1114
CREW523 375 site mag slotfs 1 merged 1 won 0 n 0 of 1115
CREW523 375 site budget slotfs 1 merged 1 won 0 n 0 of 1116
CREW523 375 site spawn slotfs 1 merged 1 won 0 n 0 of 1117
CREW523 376 site mag slotfs 1 merged 1 won 0 n 0 of 1118
CREW523 376 site budget slotfs 1 merged 1 won 0 n 0 of 1119
CREW523 376 site spawn slotfs 1 merged 1 won 0 n 0 of 1120
CREW523 377 site mag slotfs 1 merged 1 won 0 n 0 of 1121
CREW523 377 site budget slotfs 1 merged 1 won 0 n 0 of 1122
CREW523 377 site spawn slotfs 1 merged 1 won 0 n 0 of 1123
PH523 377 id 1010 body 1 arc 1 orth 5 own 0 merged 0 arcclosed 0 ph 2
CREW523 378 site mag slotfs 2 merged 2 won 0 n 0 of 1124
CREW523 378 site budget slotfs 2 merged 2 won 0 n 0 of 1125
CREW523 378 site spawn slotfs 2 merged 2 won 0 n 0 of 1126
PH523 378 id 1010 body 1 arc 1 orth 5 own 0 merged 0 arcclosed 0 ph 2
CREW523 379 site mag slotfs 2 merged 2 won 0 n 0 of 1127
CREW523 379 site budget slotfs 2 merged 2 won 0 n 0 of 1128
CREW523 379 site spawn slotfs 2 merged 2 won 0 n 0 of 1129
PH523 379 id 1010 body 1 arc 1 orth 5 own 0 merged 0 arcclosed 0 ph 2
CREW523 380 site mag slotfs 2 merged 2 won 0 n 0 of 1130
CREW523 380 site budget slotfs 2 merged 2 won 0 n 0 of 1131
CREW523 380 site spawn slotfs 2 merged 2 won 0 n 0 of 1132
CREW523 381 site mag slotfs 2 merged 2 won 0 n 0 of 1133
CREW523 381 site budget slotfs 2 merged 2 won 0 n 0 of 1134
CREW523 381 site spawn slotfs 2 merged 2 won 0 n 0 of 1135
CREW523 382 site mag slotfs 2 merged 2 won 0 n 0 of 1136
CREW523 382 site budget slotfs 2 merged 2 won 0 n 0 of 1137
CREW523 382 site spawn slotfs 2 merged 2 won 0 n 0 of 1138
CREW523 383 site mag slotfs 2 merged 2 won 0 n 0 of 1139
CREW523 383 site budget slotfs 2 merged 2 won 0 n 0 of 1140
CREW523 383 site spawn slotfs 2 merged 2 won 0 n 0 of 1141
CREW523 384 site mag slotfs 2 merged 2 won 0 n 0 of 1142
CREW523 384 site budget slotfs 2 merged 2 won 0 n 0 of 1143
CREW523 384 site spawn slotfs 2 merged 2 won 0 n 0 of 1144
CREW523 385 site mag slotfs 2 merged 2 won 0 n 0 of 1145
CREW523 385 site budget slotfs 2 merged 2 won 0 n 0 of 1146
CREW523 385 site spawn slotfs 2 merged 2 won 0 n 0 of 1147
CREW523 386 site mag slotfs 2 merged 2 won 0 n 0 of 1148
CREW523 386 site budget slotfs 2 merged 2 won 0 n 0 of 1149
CREW523 386 site spawn slotfs 2 merged 2 won 0 n 0 of 1150
CREW523 387 site mag slotfs 2 merged 2 won 0 n 0 of 1151
CREW523 387 site budget slotfs 2 merged 2 won 0 n 0 of 1152
CREW523 387 site spawn slotfs 2 merged 2 won 0 n 0 of 1153
CREW523 388 site mag slotfs 2 merged 2 won 0 n 0 of 1154
CREW523 388 site budget slotfs 2 merged 2 won 0 n 0 of 1155
CREW523 388 site spawn slotfs 2 merged 2 won 0 n 0 of 1156
CREW523 389 site mag slotfs 2 merged 2 won 0 n 0 of 1157
CREW523 389 site budget slotfs 2 merged 2 won 0 n 0 of 1158
CREW523 389 site spawn slotfs 2 merged 2 won 0 n 0 of 1159
CREW523 390 site mag slotfs 2 merged 2 won 0 n 0 of 1160
CREW523 390 site budget slotfs 2 merged 2 won 0 n 0 of 1161
CREW523 390 site spawn slotfs 2 merged 2 won 0 n 0 of 1162
CREW523 391 site mag slotfs 2 merged 2 won 0 n 0 of 1163
CREW523 391 site budget slotfs 2 merged 2 won 0 n 0 of 1164
CREW523 391 site spawn slotfs 2 merged 2 won 0 n 0 of 1165
CREW523 392 site mag slotfs 2 merged 2 won 0 n 0 of 1166
CREW523 392 site budget slotfs 2 merged 2 won 0 n 0 of 1167
CREW523 392 site spawn slotfs 2 merged 2 won 0 n 0 of 1168
CREW523 393 site mag slotfs 2 merged 2 won 0 n 0 of 1169
CREW523 393 site budget slotfs 2 merged 2 won 0 n 0 of 1170
CREW523 393 site spawn slotfs 2 merged 2 won 0 n 0 of 1171
CREW523 394 site mag slotfs 2 merged 2 won 0 n 0 of 1172
CREW523 394 site budget slotfs 2 merged 2 won 0 n 0 of 1173
CREW523 394 site spawn slotfs 2 merged 2 won 0 n 0 of 1174
CREW523 395 site mag slotfs 2 merged 2 won 0 n 0 of 1175
CREW523 395 site budget slotfs 2 merged 2 won 0 n 0 of 1176
CREW523 395 site spawn slotfs 2 merged 2 won 0 n 0 of 1177
CREW523 396 site mag slotfs 2 merged 2 won 0 n 0 of 1178
CREW523 396 site budget slotfs 2 merged 2 won 0 n 0 of 1179
CREW523 396 site spawn slotfs 2 merged 2 won 0 n 0 of 1180
CREW523 397 site mag slotfs 2 merged 2 won 0 n 0 of 1181
CREW523 397 site budget slotfs 2 merged 2 won 0 n 0 of 1182
CREW523 397 site spawn slotfs 2 merged 2 won 0 n 0 of 1183
CREW523 398 site mag slotfs 2 merged 2 won 0 n 0 of 1184
CREW523 398 site budget slotfs 2 merged 2 won 0 n 0 of 1185
CREW523 398 site spawn slotfs 2 merged 2 won 0 n 0 of 1186
CREW523 399 site mag slotfs 2 merged 2 won 0 n 0 of 1187
CREW523 399 site budget slotfs 2 merged 2 won 0 n 0 of 1188
CREW523 399 site spawn slotfs 2 merged 2 won 0 n 0 of 1189
CREW523 400 site mag slotfs 2 merged 2 won 0 n 0 of 1190
CREW523 400 site budget slotfs 2 merged 2 won 0 n 0 of 1191
CREW523 400 site spawn slotfs 2 merged 2 won 0 n 0 of 1192
CREW523 401 site mag slotfs 1 merged 1 won 0 n 0 of 1193
CREW523 401 site budget slotfs 1 merged 1 won 0 n 0 of 1194
CREW523 401 site spawn slotfs 1 merged 1 won 0 n 0 of 1195
CREW523 402 site mag slotfs 1 merged 1 won 0 n 0 of 1196
CREW523 402 site budget slotfs 1 merged 1 won 0 n 0 of 1197
CREW523 402 site spawn slotfs 1 merged 1 won 0 n 0 of 1198
CREW523 403 site mag slotfs 1 merged 1 won 0 n 0 of 1199
CREW523 403 site budget slotfs 1 merged 1 won 0 n 0 of 1200
CREW523 403 site spawn slotfs 1 merged 1 won 0 n 0 of 1201
CREW523 404 site mag slotfs 1 merged 1 won 0 n 0 of 1202
CREW523 404 site budget slotfs 1 merged 1 won 0 n 0 of 1203
CREW523 404 site spawn slotfs 1 merged 1 won 0 n 0 of 1204
CREW523 405 site mag slotfs 1 merged 1 won 0 n 0 of 1205
CREW523 405 site budget slotfs 1 merged 1 won 0 n 0 of 1206
CREW523 405 site spawn slotfs 1 merged 1 won 0 n 0 of 1207
CREW523 406 site mag slotfs 1 merged 1 won 0 n 0 of 1208
CREW523 406 site budget slotfs 1 merged 1 won 0 n 0 of 1209
CREW523 406 site spawn slotfs 1 merged 1 won 0 n 0 of 1210
CREW523 407 site mag slotfs 1 merged 1 won 0 n 0 of 1211
CREW523 407 site budget slotfs 1 merged 1 won 0 n 0 of 1212
CREW523 407 site spawn slotfs 1 merged 1 won 0 n 0 of 1213
PH523 407 id 1090 body 1 arc 1 orth 5 own 0 merged 0 arcclosed 0 ph 2
CREW523 408 site mag slotfs 2 merged 2 won 0 n 0 of 1214
CREW523 408 site budget slotfs 2 merged 2 won 0 n 0 of 1215
CREW523 408 site spawn slotfs 2 merged 2 won 0 n 0 of 1216
PH523 408 id 1090 body 1 arc 1 orth 5 own 0 merged 0 arcclosed 0 ph 2
CREW523 409 site mag slotfs 2 merged 2 won 0 n 0 of 1217
CREW523 409 site budget slotfs 2 merged 2 won 0 n 0 of 1218
CREW523 409 site spawn slotfs 2 merged 2 won 0 n 0 of 1219
PH523 409 id 1090 body 1 arc 1 orth 5 own 0 merged 0 arcclosed 0 ph 2
CREW523 410 site mag slotfs 2 merged 2 won 0 n 0 of 1220
CREW523 410 site budget slotfs 2 merged 2 won 0 n 0 of 1221
CREW523 410 site spawn slotfs 2 merged 2 won 0 n 0 of 1222
CREW523 411 site mag slotfs 2 merged 2 won 0 n 0 of 1223
CREW523 411 site budget slotfs 2 merged 2 won 0 n 0 of 1224
CREW523 411 site spawn slotfs 2 merged 2 won 0 n 0 of 1225
CREW523 412 site mag slotfs 2 merged 2 won 0 n 0 of 1226
CREW523 412 site budget slotfs 2 merged 2 won 0 n 0 of 1227
CREW523 412 site spawn slotfs 2 merged 2 won 0 n 0 of 1228
CREW523 413 site mag slotfs 2 merged 2 won 0 n 0 of 1229
CREW523 413 site budget slotfs 2 merged 2 won 0 n 0 of 1230
CREW523 413 site spawn slotfs 2 merged 2 won 0 n 0 of 1231
CREW523 414 site mag slotfs 2 merged 2 won 0 n 0 of 1232
CREW523 414 site budget slotfs 2 merged 2 won 0 n 0 of 1233
CREW523 414 site spawn slotfs 2 merged 2 won 0 n 0 of 1234
CREW523 415 site mag slotfs 2 merged 2 won 0 n 0 of 1235
CREW523 415 site budget slotfs 2 merged 2 won 0 n 0 of 1236
CREW523 415 site spawn slotfs 2 merged 2 won 0 n 0 of 1237
CREW523 416 site mag slotfs 2 merged 2 won 0 n 0 of 1238
CREW523 416 site budget slotfs 2 merged 2 won 0 n 0 of 1239
CREW523 416 site spawn slotfs 2 merged 2 won 0 n 0 of 1240
CREW523 417 site mag slotfs 2 merged 2 won 0 n 0 of 1241
CREW523 417 site budget slotfs 2 merged 2 won 0 n 0 of 1242
CREW523 417 site spawn slotfs 2 merged 2 won 0 n 0 of 1243
CREW523 418 site mag slotfs 2 merged 2 won 0 n 0 of 1244
CREW523 418 site budget slotfs 2 merged 2 won 0 n 0 of 1245
CREW523 418 site spawn slotfs 2 merged 2 won 0 n 0 of 1246
CREW523 419 site mag slotfs 2 merged 2 won 0 n 0 of 1247
CREW523 419 site budget slotfs 2 merged 2 won 0 n 0 of 1248
CREW523 419 site spawn slotfs 2 merged 2 won 0 n 0 of 1249
CREW523 420 site mag slotfs 2 merged 2 won 0 n 0 of 1250
CREW523 420 site budget slotfs 2 merged 2 won 0 n 0 of 1251
CREW523 420 site spawn slotfs 2 merged 2 won 0 n 0 of 1252
CREW523 421 site mag slotfs 2 merged 2 won 0 n 0 of 1253
CREW523 421 site budget slotfs 2 merged 2 won 0 n 0 of 1254
CREW523 421 site spawn slotfs 2 merged 2 won 0 n 0 of 1255
CREW523 422 site mag slotfs 2 merged 2 won 0 n 0 of 1256
CREW523 422 site budget slotfs 2 merged 2 won 0 n 0 of 1257
CREW523 422 site spawn slotfs 2 merged 2 won 0 n 0 of 1258
CREW523 423 site mag slotfs 2 merged 2 won 0 n 0 of 1259
CREW523 423 site budget slotfs 2 merged 2 won 0 n 0 of 1260
CREW523 423 site spawn slotfs 2 merged 2 won 0 n 0 of 1261
CREW523 424 site mag slotfs 2 merged 2 won 0 n 0 of 1262
CREW523 424 site budget slotfs 2 merged 2 won 0 n 0 of 1263
CREW523 424 site spawn slotfs 2 merged 2 won 0 n 0 of 1264
CREW523 425 site mag slotfs 2 merged 2 won 0 n 0 of 1265
CREW523 425 site budget slotfs 2 merged 2 won 0 n 0 of 1266
CREW523 425 site spawn slotfs 2 merged 2 won 0 n 0 of 1267
CREW523 426 site mag slotfs 2 merged 2 won 0 n 0 of 1268
CREW523 426 site budget slotfs 2 merged 2 won 0 n 0 of 1269
CREW523 426 site spawn slotfs 2 merged 2 won 0 n 0 of 1270
CREW523 427 site mag slotfs 2 merged 2 won 0 n 0 of 1271
CREW523 427 site budget slotfs 2 merged 2 won 0 n 0 of 1272
CREW523 427 site spawn slotfs 2 merged 2 won 0 n 0 of 1273
CREW523 428 site mag slotfs 2 merged 2 won 0 n 0 of 1274
CREW523 428 site budget slotfs 2 merged 2 won 0 n 0 of 1275
CREW523 428 site spawn slotfs 2 merged 2 won 0 n 0 of 1276
CREW523 429 site mag slotfs 2 merged 2 won 0 n 0 of 1277
CREW523 429 site budget slotfs 2 merged 2 won 0 n 0 of 1278
CREW523 429 site spawn slotfs 2 merged 2 won 0 n 0 of 1279
CREW523 430 site mag slotfs 2 merged 2 won 0 n 0 of 1280
CREW523 430 site budget slotfs 2 merged 2 won 0 n 0 of 1281
CREW523 430 site spawn slotfs 2 merged 2 won 0 n 0 of 1282
CREW523 431 site mag slotfs 2 merged 2 won 0 n 0 of 1283
CREW523 431 site budget slotfs 2 merged 2 won 0 n 0 of 1284
CREW523 431 site spawn slotfs 2 merged 2 won 0 n 0 of 1285
CREW523 432 site mag slotfs 2 merged 2 won 0 n 0 of 1286
CREW523 432 site budget slotfs 2 merged 2 won 0 n 0 of 1287
CREW523 432 site spawn slotfs 2 merged 2 won 0 n 0 of 1288
CREW523 433 site mag slotfs 2 merged 2 won 0 n 0 of 1289
CREW523 433 site budget slotfs 2 merged 2 won 0 n 0 of 1290
CREW523 433 site spawn slotfs 2 merged 2 won 0 n 0 of 1291
CREW523 434 site mag slotfs 2 merged 2 won 0 n 0 of 1292
CREW523 434 site budget slotfs 2 merged 2 won 0 n 0 of 1293
CREW523 434 site spawn slotfs 2 merged 2 won 0 n 0 of 1294
CREW523 435 site mag slotfs 2 merged 2 won 0 n 0 of 1295
CREW523 435 site budget slotfs 2 merged 2 won 0 n 0 of 1296
CREW523 435 site spawn slotfs 2 merged 2 won 0 n 0 of 1297
CREW523 436 site mag slotfs 2 merged 2 won 0 n 0 of 1298
CREW523 436 site budget slotfs 2 merged 2 won 0 n 0 of 1299
CREW523 436 site spawn slotfs 2 merged 2 won 0 n 0 of 1300
