Running match: parent vs _v488beltbreak2
  Map: nordkap.map26  Seed: 510  Replay: 
scratchpad/s51_v522_build/iso/b4/repparent/nordkap_s510_A.replay26  TLE: 10ms
Completed turn 0
Completed turn 100
Completed turn 200
Completed turn 300
Completed turn 400
Completed turn 500
Completed turn 600
Completed turn 700
Completed turn 800
Completed turn 900
Replay written to 
scratchpad/s51_v522_build/iso/b4/repparent/nordkap_s510_A.replay26

  Winner: parent  (Titanium collected (tiebreak), turn 1000)

                         parent    _v488beltbreak2  
  Titanium     520 (7030 mined)     149 (70 mined)  
  Units                      15                 10  
  Buildings                  57                 33  

