Running match: _v518fastsent vs _v488beltbreak2
  Map: glacierkeep.map26  Seed: 41  Replay: 
scratchpad/s51_v518_build/grid/b14/repf60/glacierkeep_s41_A.replay26  TLE: 10ms
Completed turn 0
Completed turn 100
Completed turn 200
Completed turn 300
Completed turn 400
Completed turn 500
Completed turn 600
Completed turn 700
Completed turn 800
Completed turn 900
Replay written to 
scratchpad/s51_v518_build/grid/b14/repf60/glacierkeep_s41_A.replay26

  Winner: _v518fastsent  (Titanium collected (tiebreak), turn 1000)

                 _v518fastsent    _v488beltbreak2  
  Titanium     27 (2360 mined)      132 (0 mined)  
  Units                      9                  6  
  Buildings                 31                 44  

