Running match: _v488beltbreak2 vs f45
  Map: glacierkeep.map26  Seed: 1  Replay: 
scratchpad/s51_v518_build/grid/b1/repf45/glacierkeep_s1_B.replay26  TLE: 10ms
Completed turn 0
Completed turn 100
Completed turn 200
Completed turn 300
Completed turn 400
Completed turn 500
Completed turn 600
Completed turn 700
Completed turn 800
Completed turn 900
Replay written to 
scratchpad/s51_v518_build/grid/b1/repf45/glacierkeep_s1_B.replay26

  Winner: f45  (Titanium collected (tiebreak), turn 1000)

               _v488beltbreak2               f45  
  Titanium        78 (0 mined)    104 (30 mined)  
  Units                      6                 5  
  Buildings                 83                31  

