Running match: pinceronly vs _v488beltbreak2
  Map: nordkap.map26  Seed: 66  Replay: 
scratchpad/s51_v521_build/grid/b22/reppinceronly/nordkap_s66_A.replay26  TLE: 
10ms
Completed turn 0
Completed turn 100
Completed turn 200
Completed turn 300
Completed turn 400
Completed turn 500
Completed turn 600
Completed turn 700
Completed turn 800
Completed turn 900
Replay written to 
scratchpad/s51_v521_build/grid/b22/reppinceronly/nordkap_s66_A.replay26

  Winner: pinceronly  (Core destroyed, turn 908)

                    pinceronly    _v488beltbreak2  
  Titanium     24 (1050 mined)      29 (70 mined)  
  Units                      5                  8  
  Buildings                 45                 26  

