Running match: _v488beltbreak2 vs iGUN
  Map: drakkarfjord.map26  Seed: 502  Replay: 
scratchpad/s51_v520_build/iso/b1/repiGUN/drakkarfjord_s502_B.replay26  TLE: 10ms
Completed turn 0
Completed turn 100
Completed turn 200
Completed turn 300
Completed turn 400
Completed turn 500
Completed turn 600
Completed turn 700
Completed turn 800
Completed turn 900
Replay written to 
scratchpad/s51_v520_build/iso/b1/repiGUN/drakkarfjord_s502_B.replay26

  Winner: iGUN  (Titanium collected (tiebreak), turn 1000)

               _v488beltbreak2               iGUN  
  Titanium        29 (0 mined)    79 (1990 mined)  
  Units                     11                  6  
  Buildings                 96                 88  

