Running match: _v518fastsent vs _v488beltbreak2
  Map: glacierkeep.map26  Seed: 35  Replay: 
scratchpad/s51_v518_build/grid/b12/repf60/glacierkeep_s35_A.replay26  TLE: 10ms
Completed turn 0
Completed turn 100
Completed turn 200
Completed turn 300
Completed turn 400
Completed turn 500
Completed turn 600
Completed turn 700
Completed turn 800
Completed turn 900
Replay written to 
scratchpad/s51_v518_build/grid/b12/repf60/glacierkeep_s35_A.replay26

  Winner: _v518fastsent  (Titanium collected (tiebreak), turn 1000)

                _v518fastsent    _v488beltbreak2  
  Titanium     54 (580 mined)      101 (0 mined)  
  Units                    10                  5  
  Buildings                23                 35  

