Update available: 2.3.6 -> 2.3.8. Run: pip install --upgrade fcode
SENTBEAT 43 at (6, 6) dopp 18
SENTBEAT 44 at (6, 6) dopp 18
SENTBEAT 45 at (6, 6) dopp 18
SENTBEAT 46 at (6, 6) dopp 18
SENTBEAT 47 at (6, 6) dopp 18
SENTBEAT 48 at (6, 6) dopp 18
SENTBEAT 49 at (6, 6) dopp 18
SENTBEAT 50 at (6, 6) dopp 18
SENTBEAT 51 at (6, 6) dopp 18
SENTBEAT 52 at (6, 6) dopp 18
SENTBEAT 53 at (6, 6) dopp 18
SENTBEAT 89 at (1, 4) dopp 2
SENTBEAT 90 at (1, 4) dopp 2
SENTBEAT 91 at (1, 4) dopp 2
SENTBEAT 92 at (1, 4) dopp 2
SENTBEAT 93 at (1, 4) dopp 2
SENTBEAT 94 at (1, 4) dopp 2
SENTBEAT 95 at (1, 4) dopp 2
SENTBEAT 96 at (1, 4) dopp 2
SENTBEAT 97 at (1, 4) dopp 2
SENTBEAT 98 at (1, 4) dopp 2
SENTBEAT 99 at (1, 4) dopp 2
SENTBEAT 245 at (4, 1) dopp 2
SENTBEAT 246 at (4, 1) dopp 2
SENTBEAT 247 at (4, 1) dopp 2
SENTBEAT 248 at (4, 1) dopp 2
SENTBEAT 249 at (4, 1) dopp 2
SENTBEAT 250 at (4, 1) dopp 2
SENTBEAT 251 at (4, 1) dopp 2
SENTBEAT 252 at (4, 1) dopp 2
SENTBEAT 253 at (4, 1) dopp 2
SENTBEAT 254 at (4, 1) dopp 2
SENTBEAT 255 at (4, 1) dopp 2
SENTBEAT 256 at (4, 1) dopp 2
SENTBEAT 257 at (4, 1) dopp 2
SENTBEAT 258 at (4, 1) dopp 2
SENTBEAT 259 at (4, 1) dopp 2
SENTBEAT 260 at (4, 1) dopp 2
SENTBEAT 261 at (4, 1) dopp 2
SENTBEAT 262 at (4, 1) dopp 2
SENTBEAT 263 at (4, 1) dopp 2
SENTBEAT 264 at (4, 1) dopp 2
SENTBEAT 265 at (4, 1) dopp 2
SENTBEAT 266 at (4, 1) dopp 2
SENTBEAT 267 at (4, 1) dopp 2
SENTBEAT 268 at (4, 1) dopp 2
SENTBEAT 269 at (4, 1) dopp 2
SENTBEAT 270 at (4, 1) dopp 2
SENTBEAT 271 at (4, 1) dopp 2
SENTBEAT 272 at (4, 1) dopp 2
SENTBEAT 273 at (4, 1) dopp 2
SENTBEAT 274 at (4, 1) dopp 2
SENTBEAT 275 at (4, 1) dopp 2
SENTBEAT 276 at (4, 1) dopp 2
SENTBEAT 277 at (4, 1) dopp 2
