Update available: 2.3.6 -> 2.3.8. Run: pip install --upgrade fcode
SENTBEAT 233 at (9, 15) dopp 9
SENTBEAT 234 at (9, 15) dopp 9
SENTBEAT 235 at (9, 15) dopp 9
SENTBEAT 236 at (9, 15) dopp 9
SENTBEAT 237 at (9, 15) dopp 9
SENTBEAT 238 at (9, 15) dopp 9
SENTBEAT 239 at (9, 15) dopp 9
SENTBEAT 240 at (9, 15) dopp 9
SENTBEAT 241 at (9, 15) dopp 9
SENTBEAT 242 at (9, 15) dopp 9
SENTBEAT 243 at (9, 15) dopp 9
SENTBEAT 244 at (9, 15) dopp 9
SENTBEAT 245 at (9, 15) dopp 9
SENTBEAT 246 at (9, 15) dopp 9
SENTBEAT 247 at (9, 15) dopp 9
SENTBEAT 248 at (9, 15) dopp 9
SENTBEAT 249 at (9, 15) dopp 9
SENTBEAT 250 at (9, 15) dopp 9
SENTBEAT 251 at (9, 15) dopp 9
SENTBEAT 252 at (9, 15) dopp 9
SENTBEAT 253 at (9, 15) dopp 9
SENTBEAT 254 at (9, 15) dopp 9
SENTBEAT 255 at (9, 15) dopp 9
SENTBEAT 256 at (9, 15) dopp 9
SENTBEAT 257 at (9, 15) dopp 9
SENTBEAT 258 at (9, 15) dopp 9
SENTBEAT 259 at (9, 15) dopp 9
SENTBEAT 260 at (9, 15) dopp 9
SENTBEAT 261 at (9, 15) dopp 9
SENTBEAT 262 at (9, 15) dopp 9
SENTBEAT 263 at (9, 15) dopp 9
SENTBEAT 264 at (9, 15) dopp 9
SENTBEAT 265 at (9, 15) dopp 9
SENTBEAT 266 at (9, 15) dopp 9
SENTBEAT 267 at (9, 15) dopp 9
SENTBEAT 268 at (9, 15) dopp 9
SENTBEAT 269 at (9, 15) dopp 9
SENTBEAT 270 at (9, 15) dopp 9
SENTBEAT 271 at (9, 15) dopp 9
SENTBEAT 272 at (9, 15) dopp 9
SENTBEAT 273 at (9, 15) dopp 9
SENTBEAT 274 at (9, 15) dopp 9
SENTBEAT 275 at (9, 15) dopp 9
SENTBEAT 276 at (9, 15) dopp 9
SENTBEAT 277 at (9, 15) dopp 9
SENTBEAT 278 at (9, 15) dopp 9
SENTBEAT 279 at (9, 15) dopp 9
SENTBEAT 280 at (9, 15) dopp 9
SENTBEAT 281 at (9, 15) dopp 9
SENTBEAT 282 at (9, 15) dopp 9
SENTBEAT 283 at (9, 15) dopp 9
SENTBEAT 284 at (9, 15) dopp 9
SENTBEAT 285 at (9, 15) dopp 9
SENTBEAT 286 at (9, 15) dopp 9
SENTBEAT 287 at (9, 15) dopp 9
SENTBEAT 288 at (9, 15) dopp 9
SENTBEAT 289 at (9, 15) dopp 9
SENTBEAT 290 at (9, 15) dopp 9
SENTBEAT 291 at (9, 15) dopp 9
SENTBEAT 292 at (9, 15) dopp 9
SENTBEAT 293 at (9, 15) dopp 9
SENTBEAT 294 at (9, 15) dopp 9
SENTBEAT 295 at (9, 15) dopp 9
SENTBEAT 296 at (9, 15) dopp 9
SENTBEAT 297 at (9, 15) dopp 9
SENTBEAT 298 at (9, 15) dopp 9
SENTBEAT 299 at (9, 15) dopp 9
SENTBEAT 300 at (9, 15) dopp 9
SENTBEAT 301 at (9, 15) dopp 9
SENTBEAT 302 at (9, 15) dopp 9
SENTBEAT 303 at (9, 15) dopp 9
SENTBEAT 304 at (9, 15) dopp 9
SENTBEAT 305 at (9, 15) dopp 9
SENTBEAT 306 at (9, 15) dopp 9
SENTBEAT 307 at (9, 15) dopp 9
SENTBEAT 308 at (9, 15) dopp 9
SENTBEAT 309 at (9, 15) dopp 9
SENTBEAT 310 at (9, 15) dopp 9
SENTBEAT 311 at (9, 15) dopp 9
SENTBEAT 312 at (9, 15) dopp 9
SENTBEAT 313 at (9, 15) dopp 9
SENTBEAT 314 at (9, 15) dopp 9
SENTBEAT 315 at (9, 15) dopp 9
SENTBEAT 316 at (9, 15) dopp 9
SENTBEAT 317 at (9, 15) dopp 9
SENTBEAT 318 at (9, 15) dopp 9
SENTBEAT 319 at (9, 15) dopp 9
SENTBEAT 320 at (9, 15) dopp 9
SENTBEAT 321 at (9, 15) dopp 9
SENTBEAT 322 at (9, 15) dopp 9
SENTBEAT 323 at (9, 15) dopp 9
SENTBEAT 324 at (9, 15) dopp 9
SENTBEAT 325 at (9, 15) dopp 9
SENTBEAT 326 at (9, 15) dopp 9
SENTBEAT 327 at (9, 15) dopp 9
SENTBEAT 328 at (9, 15) dopp 9
SENTBEAT 329 at (9, 15) dopp 9
SENTBEAT 330 at (9, 15) dopp 9
SENTBEAT 331 at (9, 15) dopp 9
SENTBEAT 332 at (9, 15) dopp 9
SENTBEAT 333 at (9, 15) dopp 9
SENTBEAT 334 at (9, 15) dopp 9
SENTBEAT 335 at (9, 15) dopp 9
SENTBEAT 336 at (9, 15) dopp 9
