Update available: 2.3.6 -> 2.3.8. Run: pip install --upgrade fcode
SENTBEAT 85 at (7, 4) dopp 8
SENTBEAT 86 at (7, 4) dopp 8
SENTBEAT 87 at (7, 4) dopp 8
SENTBEAT 88 at (7, 4) dopp 8
SENTBEAT 89 at (7, 4) dopp 8
SENTBEAT 90 at (7, 4) dopp 8
SENTBEAT 91 at (7, 4) dopp 8
SENTBEAT 92 at (7, 4) dopp 8
SENTBEAT 93 at (7, 4) dopp 8
SENTBEAT 94 at (7, 4) dopp 8
SENTBEAT 95 at (7, 4) dopp 8
SENTBEAT 96 at (7, 4) dopp 8
SENTBEAT 97 at (7, 4) dopp 8
SENTBEAT 98 at (7, 4) dopp 8
SENTBEAT 99 at (7, 4) dopp 8
SENTBEAT 100 at (7, 4) dopp 8
SENTBEAT 101 at (7, 4) dopp 8
SENTBEAT 102 at (7, 4) dopp 8
SENTBEAT 103 at (7, 4) dopp 8
SENTBEAT 104 at (7, 4) dopp 8
SENTBEAT 105 at (7, 4) dopp 8
SENTBEAT 106 at (7, 4) dopp 8
SENTBEAT 107 at (7, 4) dopp 8
SENTBEAT 108 at (7, 4) dopp 8
SENTBEAT 109 at (7, 4) dopp 8
SENTBEAT 110 at (7, 4) dopp 8
SENTBEAT 111 at (7, 4) dopp 8
SENTBEAT 112 at (7, 4) dopp 8
SENTBEAT 113 at (7, 4) dopp 8
SENTBEAT 114 at (7, 4) dopp 8
SENTBEAT 115 at (7, 4) dopp 8
SENTBEAT 116 at (7, 4) dopp 8
SENTBEAT 117 at (7, 4) dopp 8
SENTBEAT 118 at (7, 4) dopp 8
SENTBEAT 119 at (7, 4) dopp 8
SENTBEAT 120 at (7, 4) dopp 8
SENTBEAT 121 at (7, 4) dopp 8
SENTBEAT 122 at (7, 4) dopp 8
SENTBEAT 123 at (7, 4) dopp 8
SENTBEAT 124 at (7, 4) dopp 8
SENTBEAT 125 at (7, 4) dopp 8
SENTBEAT 126 at (7, 4) dopp 8
SENTBEAT 127 at (7, 4) dopp 8
SENTBEAT 128 at (7, 4) dopp 8
SENTBEAT 129 at (7, 4) dopp 8
SENTBEAT 130 at (7, 4) dopp 8
SENTBEAT 131 at (7, 4) dopp 8
SENTBEAT 132 at (7, 4) dopp 8
SENTBEAT 133 at (7, 4) dopp 8
SENTBEAT 134 at (7, 4) dopp 8
SENTBEAT 135 at (7, 4) dopp 8
SENTBEAT 136 at (7, 4) dopp 8
SENTBEAT 137 at (7, 4) dopp 8
SENTBEAT 138 at (7, 4) dopp 8
SENTBEAT 139 at (7, 4) dopp 8
