Update available: 2.3.6 -> 2.3.8. Run: pip install --upgrade fcode
FS GATE 0 sig (18, 18, (2, 14), (14, 2)) ok 1
FS GATE 1 sig (18, 18, (2, 14), (14, 2)) ok 1
FS PHASE 1 id 4 ph 1 d 200 at (13, 4)
GF519 1 id 4 d 200 band 0 ti 434 ammo 0 gun 28 lau 28 bar 4 cd 0 lp 0 plants 0
FS HOPBUILD 1 at (13, 4) lch (13, 5) T (1, 16)
GF519 2 id 4 d 200 band 0 ti 361 ammo 0 gun 34 lau 34 bar 5 cd 0 lp 1 plants 0
FS GATE 2 sig (18, 18, (2, 14), (14, 2)) ok 1
FS GATE 2 sig (18, 18, (2, 14), (14, 2)) ok 1
FS THROW 2 from (12, 4) to (9, 8) T (1, 16) body 4 n 1 dsq 72
GF519 3 id 4 d 72 band 1 ti 327 ammo 0 gun 33 lau 33 bar 4 cd 0 lp 0 plants 0
FS HOPBUILD 3 at (9, 8) lch (9, 9) T (1, 16)
FS GATE 3 sig (18, 18, (2, 14), (14, 2)) ok 1
GF519 4 id 4 d 72 band 1 ti 294 ammo 0 gun 35 lau 35 bar 5 cd 0 lp 1 plants 0
FS GATE 4 sig (18, 18, (2, 14), (14, 2)) ok 1
FS THROW 4 from (8, 8) to (5, 12) T (1, 16) body 4 n 1 dsq 8
FS ARRIVE 5 id 4 body 1 at (5, 12) dsq 8
FS PHASE 5 id 4 ph 2 d 8 at (5, 12)
FS SEAL 7 tile (3, 13) n 1
FS GATE 7 sig (18, 18, (2, 14), (14, 2)) ok 1
FS SEAL 8 tile (4, 14) n 2
FS GATE 8 sig (18, 18, (2, 14), (14, 2)) ok 1
FS GATE 9 sig (18, 18, (2, 14), (14, 2)) ok 1
FS DODGE 11 id 4 from (4, 13) to (5, 13) cov 1 -> 0 hit 0 hp 22
FS DODGE 14 id 4 from (4, 12) to (4, 11) cov 2 -> 0 hit 0 hp 4
FS DODGE 16 id 4 from (4, 12) to (3, 12) cov 2 -> 0 hit 0 hp 4
FS DODGE 18 id 4 from (4, 12) to (3, 12) cov 2 -> 0 hit 0 hp 4
FS STAT 20 id 4 at (2, 12) need 8 orth 7 ti 25 ammo 24 sen 0 hp 4 covden 0 eco 1 lost 0
FS SEAL 20 tile (2, 13) n 3
FS SEAL 22 tile (1, 13) n 4
FS SEAL 26 tile (1, 14) n 5
FS CLEAR 28 tile (1, 15) peck 1
FS RUNG 28 id 4 r 3 hi -
FS CLEAR 29 tile (1, 15) peck 2
FS RUNG 29 id 4 r 3 hi -
FS CLEAR 38 tile (1, 15) peck 1
FS RUNG 38 id 4 r 3 hi -
FS STAT 40 id 4 at (0, 15) need 5 orth 5 ti 35 ammo 24 sen 0 hp 4 covden 0 eco 1 lost 0
FS CLEAR 44 tile (1, 15) peck 1
FS RUNG 44 id 4 r 3 hi -
FS CLEAR 45 tile (1, 15) peck 2
FS RUNG 45 id 4 r 3 hi -
FS CLEAR 46 tile (1, 15) peck 3
FS RUNG 46 id 4 r 3 hi -
FS CLEAR 47 tile (1, 15) peck 4
FS RUNG 47 id 4 r 3 hi -
FS CLEAR 48 tile (1, 15) peck 5
FS RUNG 48 id 4 r 3 hi -
FS CLEAR 49 tile (1, 15) peck 6
FS RUNG 49 id 4 r 3 hi -
FS CLEAR 50 tile (1, 15) peck 7
FS RUNG 50 id 4 r 3 hi -
FS CLEARED 51 tile (1, 15) n 1
FS SEAL 51 tile (1, 15) n 6
FS SEALCLR 51 tile (1, 15) lag 0
FS SEAL 54 tile (2, 16) n 7
FS EVICTOR 58 at (0, 15) ucov 0 cov 4 unseal 1 obs 12
FS RUNG 58 id 4 r 2 hi -
FS GATE 59 sig (18, 18, (2, 14), (14, 2)) ok 1
FS STAT 60 id 4 at (0, 13) need 1 orth 1 ti 40 ammo 24 sen 0 hp 4 covden 0 eco 1 lost 0
FS RETREAT 65 id 4 hp 4 from (4, 12) to (4, 11)
FS RETREAT 67 id 4 hp 4 from (4, 12) to (4, 11)
FS RETREAT 69 id 4 hp 4 from (4, 12) to (4, 11)
FS GATE 83 sig (18, 18, (2, 14), (14, 2)) ok 1
FS PHASE 83 id 134 ph 1 d 221 at (13, 3)
FS HOPBUILD 83 at (13, 3) lch (13, 4) T (1, 16)
FS GATE 84 sig (18, 18, (2, 14), (14, 2)) ok 1
FS THROW 84 from (12, 3) to (9, 7) T (1, 16) body 134 n 1 dsq 85
FS HOPBUILD 85 at (9, 7) lch (9, 8) T (1, 16)
FS GATE 86 sig (18, 18, (2, 14), (14, 2)) ok 1
FS THROW 86 from (8, 7) to (5, 11) T (1, 16) body 134 n 1 dsq 13
FS HOPBUILD 87 at (5, 11) lch (5, 12) T (1, 16)
FS GATE 88 sig (18, 18, (2, 14), (14, 2)) ok 1
FS EVICT 88 from (4, 11) to (10, 12)
FS ARRIVE 91 id 134 body 1 at (4, 12) dsq 5
FS PHASE 91 id 134 ph 2 d 5 at (4, 12)
FS CLEAR 92 tile (3, 13) peck 1
FS RUNG 92 id 134 r 3 hi -
FS CLEAR 93 tile (3, 13) peck 2
FS RUNG 93 id 134 r 3 hi -
FS CLEAR 94 tile (3, 13) peck 3
FS RUNG 94 id 134 r 3 hi -
FS CLEAR 95 tile (3, 13) peck 4
FS RUNG 95 id 134 r 3 hi -
FS CLEAR 96 tile (3, 13) peck 5
FS RUNG 96 id 134 r 3 hi -
FS CLEAR 97 tile (3, 13) peck 6
FS RUNG 97 id 134 r 3 hi -
FS CLEAR 98 tile (3, 13) peck 7
FS RUNG 98 id 134 r 3 hi -
FS CLEAR 99 tile (3, 13) peck 8
FS RUNG 99 id 134 r 3 hi -
FS STAT 100 id 134 at (3, 12) need 4 orth 4 ti 93 ammo 24 sen 0 hp 15 covden 0 eco 1 lost 0
FS DODGE 100 id 134 from (3, 12) to (3, 13) cov 1 -> 0 hit 0 hp 15
FS GATE 113 sig (18, 18, (2, 14), (14, 2)) ok 1
FS PHASE 113 id 162 ph 1 d 269 at (16, 4)
FS HOPBUILD 113 at (16, 4) lch (16, 5) T (1, 16)
FS GATE 114 sig (18, 18, (2, 14), (14, 2)) ok 1
FS THROW 114 from (15, 4) to (12, 8) T (1, 16) body 162 n 1 dsq 117
FS HOPBUILD 115 at (12, 8) lch (11, 8) T (1, 16)
FS GATE 116 sig (18, 18, (2, 14), (14, 2)) ok 1
FS THROW 116 from (12, 9) to (7, 10) T (1, 16) body 162 n 1 dsq 32
FS HOPBUILD 118 at (7, 9) lch (7, 10) T (1, 16)
FS GATE 119 sig (18, 18, (2, 14), (14, 2)) ok 1
FS THROW 119 from (6, 9) to (3, 13) T (1, 16) body 162 n 1 dsq 1
FS ARRIVE 120 id 162 body 1 at (3, 13) dsq 1
FS PHASE 120 id 162 ph 2 d 1 at (3, 13)
FS STAT 120 id 162 at (3, 13) need 4 orth 4 ti 28 ammo 24 sen 0 hp 40 covden 0 eco 1 lost 0
FS DODGE 121 id 162 from (3, 12) to (3, 13) cov 1 -> 0 hit 0 hp 40
FS DODGE 123 id 162 from (4, 13) to (4, 14) cov 2 -> 1 hit 0 hp 22
FS DODGE 124 id 162 from (4, 14) to (5, 14) cov 1 -> 0 hit 0 hp 22
FS SEAL 125 tile (4, 14) n 1
FS SEAL 127 tile (4, 15) n 2
FS SEAL 129 tile (4, 14) n 3
FS DODGE 134 id 162 from (5, 12) to (5, 11) cov 1 -> 0 hit 0 hp 22
FS DODGE 136 id 162 from (5, 12) to (5, 11) cov 1 -> 0 hit 0 hp 15
FS SENTINEL 137 at (5, 12) face SOUTHWEST tgt (2, 15) score -110 n 1 onring 0 lost 0 gate (1, 1, 9) onsray 0 olddsq -1
FS PHASE 138 id 162 ph 5 d 13 at (5, 11)
FS DODGE 139 id 162 from (5, 10) to (4, 10) cov 1 -> 0 hit 0 hp 15
FS STAT 140 id 162 at (4, 10) need 7 orth 7 ti 23 ammo 74 sen 1 hp 15 covden 0 eco 1 lost 0
FS SENTDEAD 141 at (5, 12) lost 1
FS DODGE 142 id 162 from (3, 11) to (3, 12) cov 1 -> 0 hit 0 hp 15
FS GATE 159 sig (18, 18, (2, 14), (14, 2)) ok 1
FS PHASE 159 id 204 ph 1 d 313 at (15, 1)
FS HOPBUILD 162 at (13, 2) lch (12, 2) T (1, 16)
FS GATE 163 sig (18, 18, (2, 14), (14, 2)) ok 1
FS THROW 163 from (13, 3) to (8, 5) T (1, 16) body 204 n 1 dsq 106
FS HOPBUILD 165 at (8, 4) lch (8, 5) T (1, 16)
FS GATE 166 sig (18, 18, (2, 14), (14, 2)) ok 1
FS THROW 166 from (7, 4) to (7, 10) T (1, 16) body 204 n 1 dsq 32
FS HOPBUILD 170 at (5, 9) lch (5, 10) T (1, 16)
FS GATE 171 sig (18, 18, (2, 14), (14, 2)) ok 1
FS THROW 171 from (4, 9) to (4, 15) T (1, 16) body 204 n 1 dsq 1
FS ARRIVE 172 id 204 body 1 at (4, 15) dsq 1
FS PHASE 172 id 204 ph 2 d 1 at (4, 15)
FS DODGE 172 id 204 from (4, 15) to (5, 15) cov 1 -> 0 hit 0 hp 22
FS DODGE 174 id 204 from (5, 14) to (6, 14) cov 1 -> 0 hit 0 hp 22
FS DODGE 176 id 204 from (5, 14) to (6, 14) cov 1 -> 0 hit 0 hp 15
FS DODGE 178 id 204 from (5, 14) to (6, 14) cov 1 -> 0 hit 0 hp 8
FS STAT 180 id 204 at (5, 14) need 4 orth 4 ti 79 ammo 73 sen 0 hp 1 covden 0 eco 1 lost 0
FS DODGE 180 id 204 from (5, 14) to (6, 14) cov 1 -> 0 hit 0 hp 1
FS GATE 223 sig (18, 18, (2, 14), (14, 2)) ok 1
FS PHASE 223 id 269 ph 1 d 269 at (16, 4)
FS HOPBUILD 223 at (16, 4) lch (16, 5) T (1, 16)
FS GATE 224 sig (18, 18, (2, 14), (14, 2)) ok 1
FS THROW 224 from (16, 4) to (12, 8) T (1, 16) body 269 n 1 dsq 117
FS ARRIVE 238 id 269 body 1 at (5, 14) dsq 4
FS PHASE 238 id 269 ph 2 d 4 at (5, 14)
FS SEAL 238 tile (4, 14) n 1
FS DODGE 239 id 269 from (5, 14) to (5, 15) cov 1 -> 0 hit 0 hp 40
FS STAT 240 id 269 at (5, 15) need 3 orth 3 ti 56 ammo 60 sen 0 hp 40 covden 0 eco 1 lost 0
FS SEAL 240 tile (4, 15) n 2
FS DODGE 242 id 269 from (6, 15) to (5, 15) cov 1 -> 0 hit 0 hp 40
FS DODGE 244 id 269 from (6, 15) to (5, 15) cov 1 -> 0 hit 0 hp 33
FS SEAL 245 tile (4, 15) n 3
FS SEAL 247 tile (4, 14) n 4
FS DODGE 249 id 269 from (6, 14) to (7, 14) cov 1 -> 0 hit 0 hp 5
FS DODGE 250 id 269 from (7, 14) to (7, 15) cov 1 -> 0 hit 0 hp 5
FS DODGE 252 id 269 from (6, 15) to (7, 15) cov 1 -> 0 hit 0 hp 5
FS DODGE 253 id 269 from (7, 15) to (7, 16) cov 1 -> 0 hit 0 hp 5
FS DODGE 257 id 269 from (5, 15) to (6, 15) cov 1 -> 0 hit 0 hp 5
FS DODGE 258 id 269 from (6, 15) to (5, 15) cov 1 -> 0 hit 0 hp 5
FS SEAL 259 tile (4, 15) n 5
FS STAT 260 id 269 at (5, 15) need 3 orth 3 ti 78 ammo 60 sen 0 hp 5 covden 0 eco 1 lost 0
FS SEAL 261 tile (4, 14) n 6
FS DODGE 263 id 269 from (6, 14) to (7, 14) cov 1 -> 0 hit 0 hp 5
FS DODGE 265 id 269 from (6, 14) to (7, 14) cov 1 -> 0 hit 0 hp 5
FS DODGE 266 id 269 from (7, 14) to (7, 13) cov 1 -> 0 hit 0 hp 5
FS DODGE 270 id 269 from (5, 12) to (5, 11) cov 1 -> 0 hit 0 hp 5
FS GATE 289 sig (18, 18, (2, 14), (14, 2)) ok 1
FS PHASE 289 id 299 ph 1 d 269 at (16, 4)
FS HOPBUILD 289 at (16, 4) lch (16, 5) T (1, 16)
FS GATE 290 sig (18, 18, (2, 14), (14, 2)) ok 1
FS THROW 290 from (16, 4) to (12, 8) T (1, 16) body 299 n 1 dsq 117
FS ARRIVE 302 id 299 body 1 at (5, 12) dsq 8
FS PHASE 302 id 299 ph 2 d 8 at (5, 12)
FS EVICT 428 from (1, 16) to (0, 10)
FS GATE 475 sig (18, 18, (2, 14), (14, 2)) ok 1
FS PHASE 475 id 364 ph 1 d 200 at (13, 4)
FS HOPBUILD 475 at (13, 4) lch (12, 4) T (1, 16)
FS GATE 476 sig (18, 18, (2, 14), (14, 2)) ok 1
FS THROW 476 from (13, 4) to (8, 7) T (1, 16) body 364 n 1 dsq 74
FS HOPBUILD 486 at (3, 11) lch (2, 11) T (1, 16)
FS GATE 487 sig (18, 18, (2, 14), (14, 2)) ok 1
FS THROW 487 from (3, 12) to (1, 16) T (1, 16) body 364 n 1 dsq 2
FS ARRIVE 488 id 364 body 1 at (1, 16) dsq 2
FS PHASE 488 id 364 ph 2 d 2 at (1, 16)
FS STAT 500 id 364 at (1, 16) need 4 orth 4 ti 79 ammo 22 sen 0 hp 22 covden 0 eco 1 lost 0
FS SENTINEL 510 at (0, 16) face NORTHEAST tgt (2, 14) score 8 n 1 onring 0 lost 0 gate (1, 1, 9) onsray 0 olddsq -1
FS PHASE 511 id 364 ph 5 d 2 at (1, 16)
FS STAT 520 id 364 at (1, 16) need 4 orth 4 ti 18 ammo 49 sen 1 hp 22 covden 0 eco 1 lost 0
FS STAT 540 id 364 at (1, 16) need 4 orth 4 ti 16 ammo 51 sen 1 hp 22 covden 0 eco 1 lost 0
FS STAT 560 id 364 at (1, 16) need 4 orth 4 ti 14 ammo 53 sen 1 hp 22 covden 0 eco 1 lost 0
FS STAT 580 id 364 at (1, 16) need 4 orth 4 ti 14 ammo 53 sen 1 hp 22 covden 0 eco 1 lost 0
FS STAT 600 id 364 at (1, 16) need 6 orth 4 ti 14 ammo 53 sen 1 hp 22 covden 0 eco 1 lost 0
