Update available: 2.3.6 -> 2.3.8. Run: pip install --upgrade fcode
FS GATE 0 sig (30, 30, (2, 24), (26, 4)) ok 1
FS GATE 1 sig (30, 30, (2, 24), (26, 4)) ok 1
FS PHASE 1 id 4 ph 1 d 808 at (25, 6)
GF519 1 id 4 d 808 band 0 ti 434 ammo 0 gun 28 lau 28 bar 4 cd 0 lp 0 plants 0
FS HOPBUILD 1 at (25, 6) lch (24, 6) T (1, 26)
GF519 2 id 4 d 808 band 0 ti 361 ammo 0 gun 34 lau 34 bar 5 cd 0 lp 1 plants 0
FS GATE 2 sig (30, 30, (2, 24), (26, 4)) ok 1
FS GATE 2 sig (30, 30, (2, 24), (26, 4)) ok 1
FS THROW 2 from (25, 7) to (20, 9) T (1, 26) body 4 n 1 dsq 514
GF519 3 id 4 d 514 band 0 ti 361 ammo 0 gun 32 lau 32 bar 4 cd 0 lp 0 plants 0
FS HOPBUILD 3 at (20, 9) lch (19, 9) T (1, 26)
FS GATE 3 sig (30, 30, (2, 24), (26, 4)) ok 1
GF519 4 id 4 d 514 band 0 ti 339 ammo 0 gun 34 lau 34 bar 5 cd 0 lp 1 plants 0
FS GATE 4 sig (30, 30, (2, 24), (26, 4)) ok 1
FS THROW 4 from (20, 10) to (15, 12) T (1, 26) body 4 n 1 dsq 288
GF519 5 id 4 d 288 band 0 ti 339 ammo 0 gun 32 lau 32 bar 4 cd 0 lp 0 plants 0
FS HOPBUILD 5 at (15, 12) lch (15, 13) T (1, 26)
GF519 6 id 4 d 288 band 0 ti 307 ammo 0 gun 34 lau 34 bar 5 cd 0 lp 1 plants 0
FS GATE 6 sig (30, 30, (2, 24), (26, 4)) ok 1
FS THROW 6 from (14, 12) to (11, 16) T (1, 26) body 4 n 1 dsq 128
GF519 7 id 4 d 128 band 0 ti 307 ammo 0 gun 32 lau 32 bar 4 cd 0 lp 0 plants 0
FS HOPBUILD 7 at (11, 16) lch (11, 17) T (1, 26)
GF519 8 id 4 d 128 band 0 ti 285 ammo 0 gun 34 lau 34 bar 5 cd 0 lp 1 plants 0
FS GATE 8 sig (30, 30, (2, 24), (26, 4)) ok 1
FS THROW 8 from (10, 16) to (7, 20) T (1, 26) body 4 n 1 dsq 32
GF519 9 id 4 d 32 band 1 ti 285 ammo 0 gun 32 lau 32 bar 4 cd 0 lp 0 plants 0
FS HOPBUILD 9 at (7, 20) lch (7, 21) T (1, 26)
GF519 10 id 4 d 32 band 1 ti 219 ammo 0 gun 35 lau 35 bar 5 cd 0 lp 1 plants 0
FS GATE 10 sig (30, 30, (2, 24), (26, 4)) ok 1
FS THROW 10 from (6, 20) to (4, 25) T (1, 26) body 4 n 1 dsq 1
FS ARRIVE 11 id 4 body 1 at (4, 25) dsq 1
FS PHASE 11 id 4 ph 2 d 1 at (4, 25)
FS SEAL 11 tile (4, 24) n 1
FS SEAL 13 tile (4, 25) n 2
FS GATE 13 sig (30, 30, (2, 24), (26, 4)) ok 1
FS SEAL 14 tile (3, 26) n 3
FS GATE 14 sig (30, 30, (2, 24), (26, 4)) ok 1
FS STAT 20 id 4 at (5, 24) need 7 orth 6 ti 27 ammo 0 sen 0 hp 40 covden 0 eco 0 lost 0
FS SEAL 20 tile (4, 24) n 4
FS DODGE 21 id 4 from (5, 24) to (5, 25) cov 1 -> 0 hit 0 hp 40
FS DODGE 29 id 4 from (5, 24) to (5, 25) cov 1 -> 0 hit 0 hp 40
FS DODGE 31 id 4 from (5, 24) to (5, 25) cov 1 -> 0 hit 0 hp 40
FS DODGE 33 id 4 from (5, 24) to (5, 25) cov 1 -> 0 hit 0 hp 40
FS DODGE 36 id 4 from (4, 26) to (5, 26) cov 1 -> 0 hit 0 hp 22
FS DODGE 38 id 4 from (4, 26) to (5, 26) cov 1 -> 0 hit 0 hp 4
FS STAT 40 id 4 at (5, 25) need 8 orth 7 ti 97 ammo 16 sen 0 hp 4 covden 0 eco 1 lost 0
FS SEAL 40 tile (4, 25) n 5
FS GATE 87 sig (30, 30, (2, 24), (26, 4)) ok 1
FS PHASE 87 id 202 ph 1 d 949 at (28, 6)
FS HOPBUILD 100 at (18, 9) lch (18, 10) T (1, 26)
FS GATE 101 sig (30, 30, (2, 24), (26, 4)) ok 1
FS THROW 101 from (17, 9) to (15, 14) T (1, 26) body 202 n 1 dsq 244
FS HOPBUILD 116 at (7, 20) lch (7, 21) T (1, 26)
FS GATE 117 sig (30, 30, (2, 24), (26, 4)) ok 1
FS THROW 117 from (6, 20) to (4, 25) T (1, 26) body 202 n 1 dsq 1
FS ARRIVE 118 id 202 body 1 at (4, 25) dsq 1
FS PHASE 118 id 202 ph 2 d 1 at (4, 25)
FS DODGE 118 id 202 from (4, 25) to (5, 25) cov 2 -> 0 hit 0 hp 22
FS GATE 203 sig (30, 30, (2, 24), (26, 4)) ok 1
FS PHASE 203 id 647 ph 1 d 900 at (27, 6)
FS HOPBUILD 206 at (24, 6) lch (24, 7) T (1, 26)
FS GATE 207 sig (30, 30, (2, 24), (26, 4)) ok 1
FS THROW 207 from (23, 6) to (20, 10) T (1, 26) body 647 n 1 dsq 485
FS HOPBUILD 212 at (18, 12) lch (18, 13) T (1, 26)
FS GATE 213 sig (30, 30, (2, 24), (26, 4)) ok 1
FS THROW 213 from (18, 12) to (14, 16) T (1, 26) body 647 n 1 dsq 185
FS HOPBUILD 220 at (10, 16) lch (10, 17) T (1, 26)
FS GATE 221 sig (30, 30, (2, 24), (26, 4)) ok 1
FS THROW 221 from (9, 16) to (6, 20) T (1, 26) body 647 n 1 dsq 25
FS ARRIVE 225 id 647 body 1 at (5, 22) dsq 8
FS PHASE 225 id 647 ph 2 d 8 at (5, 22)
FS DODGE 225 id 647 from (5, 22) to (5, 23) cov 1 -> 0 hit 0 hp 40
FS DODGE 227 id 647 from (4, 23) to (3, 23) cov 1 -> 0 hit 0 hp 22
FS CLEAR 229 tile (3, 23) peck 1
FS RUNG 229 id 647 r 3 hi -
FS CLEAR 230 tile (3, 23) peck 2
FS RUNG 230 id 647 r 3 hi -
FS CLEAR 231 tile (3, 23) peck 3
FS RUNG 231 id 647 r 3 hi -
FS CLEAR 232 tile (3, 23) peck 4
FS RUNG 232 id 647 r 3 hi -
FS CLEAR 233 tile (3, 23) peck 5
FS RUNG 233 id 647 r 3 hi -
FS CLEAR 234 tile (3, 23) peck 6
FS RUNG 234 id 647 r 3 hi -
FS CLEAR 235 tile (3, 23) peck 7
FS RUNG 235 id 647 r 3 hi -
FS CLEAR 236 tile (3, 23) peck 8
FS RUNG 236 id 647 r 3 hi -
FS CLEAR 238 tile (2, 23) peck 1
FS RUNG 238 id 647 r 3 hi -
FS CLEAR 239 tile (2, 23) peck 2
FS RUNG 239 id 647 r 3 hi -
FS STAT 240 id 647 at (2, 22) need 8 orth 7 ti 227 ammo 24 sen 0 hp 22 covden 0 eco 1 lost 0
FS EVICTOR 240 at (1, 22) ucov 1 cov 0 unseal 3 obs 2
FS RUNG 240 id 647 r 2 hi -
FS CLEAR 241 tile (2, 23) peck 3
FS RUNG 241 id 647 r 3 hi -
FS GATE 241 sig (30, 30, (2, 24), (26, 4)) ok 1
FS CLEAR 242 tile (2, 23) peck 4
FS RUNG 242 id 647 r 3 hi -
FS CLEAR 243 tile (2, 23) peck 5
FS RUNG 243 id 647 r 3 hi -
FS CLEAR 244 tile (2, 23) peck 6
FS RUNG 244 id 647 r 3 hi -
FS CLEAR 245 tile (2, 23) peck 7
FS RUNG 245 id 647 r 3 hi -
FS CLEAR 246 tile (2, 23) peck 8
FS RUNG 246 id 647 r 3 hi -
FS SENTINEL 248 at (4, 22) face SOUTHWEST tgt (2, 24) score -4152 n 1 onring 0 lost 0 gate (1, 1, 24) onsray 1 olddsq -1
FS PHASE 249 id 647 ph 5 d 4 at (3, 22)
FS CLEAR 249 tile (3, 23) peck 1
FS RUNG 249 id 647 r 3 hi -
FS CLEAR 250 tile (3, 23) peck 2
FS RUNG 250 id 647 r 3 hi -
FS SENTDEAD 253 at (4, 22) lost 1
FS EVICT 255 from (2, 21) to (0, 27)
FS PHASE 256 id 647 ph 2 d 4 at (2, 22)
FS CLEAR 256 tile (2, 23) peck 1
FS RUNG 256 id 647 r 3 hi -
FS CLEAR 257 tile (2, 23) peck 2
FS RUNG 257 id 647 r 3 hi -
FS CLEAR 258 tile (2, 23) peck 3
FS RUNG 258 id 647 r 3 hi -
FS CLEAR 259 tile (2, 23) peck 4
FS RUNG 259 id 647 r 3 hi -
FS STAT 260 id 647 at (2, 22) need 8 orth 6 ti 177 ammo 154 sen 0 hp 22 covden 20 eco 1 lost 1
FS CLEAR 260 tile (2, 23) peck 5
FS RUNG 260 id 647 r 3 hi -
FS CLEAR 261 tile (2, 23) peck 6
FS RUNG 261 id 647 r 3 hi -
FS CLEAR 262 tile (2, 23) peck 7
FS RUNG 262 id 647 r 3 hi -
FS CLEAR 263 tile (2, 23) peck 8
FS RUNG 263 id 647 r 3 hi -
FS SEAL 265 tile (1, 23) n 1
FS CLEAR 266 tile (3, 23) peck 1
FS RUNG 266 id 647 r 3 hi -
FS CLEAR 267 tile (3, 23) peck 2
FS RUNG 267 id 647 r 3 hi -
FS CLEAR 268 tile (3, 23) peck 3
FS RUNG 268 id 647 r 3 hi -
FS CLEAR 269 tile (3, 23) peck 4
FS RUNG 269 id 647 r 3 hi -
FS GATE 269 sig (30, 30, (2, 24), (26, 4)) ok 1
FS CLEAR 270 tile (3, 23) peck 5
FS RUNG 270 id 647 r 3 hi -
FS CLEAR 271 tile (3, 23) peck 6
FS RUNG 271 id 647 r 3 hi -
FS CLEAR 272 tile (3, 23) peck 7
FS RUNG 272 id 647 r 3 hi -
FS CLEAR 273 tile (3, 23) peck 8
FS RUNG 273 id 647 r 3 hi -
FS CLEAR 275 tile (2, 23) peck 1
FS RUNG 275 id 647 r 3 hi -
FS CLEAR 276 tile (2, 23) peck 2
FS RUNG 276 id 647 r 3 hi -
FS CLEAR 277 tile (2, 23) peck 3
FS RUNG 277 id 647 r 3 hi -
FS GATE 277 sig (30, 30, (2, 24), (26, 4)) ok 1
FS CLEAR 278 tile (2, 23) peck 4
FS RUNG 278 id 647 r 3 hi -
FS CLEAR 279 tile (2, 23) peck 5
FS RUNG 279 id 647 r 3 hi -
FS STAT 280 id 647 at (2, 22) need 7 orth 6 ti 249 ammo 134 sen 0 hp 22 covden 40 eco 1 lost 1
FS CLEAR 280 tile (2, 23) peck 6
FS RUNG 280 id 647 r 3 hi -
FS CLEAR 281 tile (2, 23) peck 7
FS RUNG 281 id 647 r 3 hi -
FS CLEAR 282 tile (2, 23) peck 8
FS RUNG 282 id 647 r 3 hi -
FS CLEAR 284 tile (3, 23) peck 1
FS RUNG 284 id 647 r 3 hi -
FS CLEAR 285 tile (3, 23) peck 2
FS RUNG 285 id 647 r 3 hi -
FS GATE 286 sig (30, 30, (2, 24), (26, 4)) ok 1
FS CLEAR 287 tile (2, 23) peck 1
FS RUNG 287 id 647 r 3 hi -
FS CLEAR 288 tile (2, 23) peck 2
FS RUNG 288 id 647 r 3 hi -
FS CLEAR 289 tile (2, 23) peck 3
FS RUNG 289 id 647 r 3 hi -
FS CLEAR 290 tile (2, 23) peck 4
FS RUNG 290 id 647 r 3 hi -
FS CLEAR 291 tile (2, 23) peck 5
FS RUNG 291 id 647 r 3 hi -
FS CLEAR 292 tile (2, 23) peck 6
FS RUNG 292 id 647 r 3 hi -
FS CLEAR 293 tile (2, 23) peck 7
FS RUNG 293 id 647 r 3 hi -
FS CLEAR 294 tile (2, 23) peck 8
FS RUNG 294 id 647 r 3 hi -
FS DODGE 295 id 647 from (2, 22) to (2, 23) cov 1 -> 0 hit 0 hp 22
FS GATE 295 sig (30, 30, (2, 24), (26, 4)) ok 1
FS DODGE 297 id 647 from (2, 22) to (2, 23) cov 1 -> 0 hit 0 hp 4
FS EVICT 298 from (2, 21) to (0, 27)
FS GATE 302 sig (30, 30, (2, 24), (26, 4)) ok 1
FS IDLETEAR 335 at (17, 0) born 295 lastthrow None downsq 97 dopp 772
FS GATE 341 sig (30, 30, (2, 24), (26, 4)) ok 1
FS PHASE 341 id 1112 ph 1 d 1025 at (28, 4)
FS IDLETEAR 345 at (17, 9) born 269 lastthrow 305 downsq 106 dopp 421
FS HOPBUILD 356 at (19, 10) lch (19, 11) T (1, 26)
FS GATE 357 sig (30, 30, (2, 24), (26, 4)) ok 1
FS THROW 357 from (19, 10) to (15, 14) T (1, 26) body 1112 n 1 dsq 244
FS HOPBUILD 372 at (7, 20) lch (7, 21) T (1, 26)
FS GATE 373 sig (30, 30, (2, 24), (26, 4)) ok 1
FS THROW 373 from (6, 20) to (4, 25) T (1, 26) body 1112 n 1 dsq 1
FS GATE 393 sig (30, 30, (2, 24), (26, 4)) ok 1
FS EVICT 407 from (2, 21) to (0, 27)
FS GATE 408 sig (30, 30, (2, 24), (26, 4)) ok 1
FS PHASE 408 id 1251 ph 1 d 1025 at (28, 4)
FS HOPBUILD 415 at (24, 3) lch (24, 4) T (1, 26)
FS GATE 416 sig (30, 30, (2, 24), (26, 4)) ok 1
FS THROW 416 from (23, 3) to (20, 7) T (1, 26) body 1251 n 1 dsq 578
FS HOPBUILD 426 at (17, 11) lch (16, 11) T (1, 26)
FS GATE 427 sig (30, 30, (2, 24), (26, 4)) ok 1
FS THROW 427 from (17, 11) to (12, 14) T (1, 26) body 1251 n 1 dsq 181
FS HOPBUILD 440 at (6, 20) lch (6, 21) T (1, 26)
FS GATE 441 sig (30, 30, (2, 24), (26, 4)) ok 1
FS THROW 441 from (5, 20) to (2, 23) T (1, 26) body 1251 n 1 dsq 1
FS ARRIVE 442 id 1251 body 1 at (2, 23) dsq 1
FS PHASE 442 id 1251 ph 2 d 1 at (2, 23)
FS GATE 469 sig (30, 30, (2, 24), (26, 4)) ok 1
FS PHASE 469 id 1362 ph 1 d 949 at (28, 6)
FS HOPBUILD 476 at (22, 7) lch (22, 8) T (1, 26)
FS GATE 477 sig (30, 30, (2, 24), (26, 4)) ok 1
FS THROW 477 from (22, 7) to (18, 11) T (1, 26) body 1362 n 1 dsq 394
FS HOPBUILD 489 at (11, 15) lch (11, 16) T (1, 26)
FS GATE 490 sig (30, 30, (2, 24), (26, 4)) ok 1
FS THROW 490 from (10, 15) to (7, 19) T (1, 26) body 1362 n 1 dsq 41
FS ARRIVE 498 id 1362 body 1 at (3, 22) dsq 4
FS PHASE 498 id 1362 ph 2 d 4 at (3, 22)
FS STAT 500 id 1362 at (3, 22) need 7 orth 6 ti 88 ammo 60 sen 0 hp 22 covden 3 eco 1 lost 0
FS CLEAR 508 tile (3, 23) peck 1
FS RUNG 508 id 1362 r 3 hi -
FS CLEAR 509 tile (3, 23) peck 2
FS RUNG 509 id 1362 r 3 hi -
FS CLEAR 510 tile (3, 23) peck 3
FS RUNG 510 id 1362 r 3 hi -
FS DODGE 511 id 1362 from (3, 22) to (3, 21) cov 1 -> 0 hit 0 hp 22
FS GATE 533 sig (30, 30, (2, 24), (26, 4)) ok 1
FS PHASE 533 id 1480 ph 1 d 900 at (27, 6)
FS HOPBUILD 536 at (25, 7) lch (24, 7) T (1, 26)
FS GATE 537 sig (30, 30, (2, 24), (26, 4)) ok 1
FS THROW 537 from (25, 8) to (20, 10) T (1, 26) body 1480 n 1 dsq 485
FS HOPBUILD 548 at (14, 14) lch (13, 14) T (1, 26)
FS GATE 549 sig (30, 30, (2, 24), (26, 4)) ok 1
FS THROW 549 from (14, 15) to (9, 17) T (1, 26) body 1480 n 1 dsq 85
FS GATE 845 sig (30, 30, (2, 24), (26, 4)) ok 1
FS PHASE 845 id 2107 ph 1 d 900 at (27, 6)
FS GATE 846 sig (30, 30, (2, 24), (26, 4)) ok 1
FS GATE 847 sig (30, 30, (2, 24), (26, 4)) ok 1
FS HOPBUILD 848 at (25, 7) lch (24, 7) T (1, 26)
FS GATE 848 sig (30, 30, (2, 24), (26, 4)) ok 1
FS GATE 849 sig (30, 30, (2, 24), (26, 4)) ok 1
FS GATE 849 sig (30, 30, (2, 24), (26, 4)) ok 1
FS THROW 849 from (25, 8) to (20, 10) T (1, 26) body 2107 n 1 dsq 485
FS HOPBUILD 850 at (20, 10) lch (20, 11) T (1, 26)
FS GATE 851 sig (30, 30, (2, 24), (26, 4)) ok 1
FS THROW 851 from (19, 10) to (16, 14) T (1, 26) body 2107 n 1 dsq 269
FS HOPBUILD 852 at (16, 14) lch (15, 14) T (1, 26)
FS GATE 853 sig (30, 30, (2, 24), (26, 4)) ok 1
FS THROW 853 from (16, 15) to (11, 17) T (1, 26) body 2107 n 1 dsq 113
FS HOPBUILD 854 at (11, 17) lch (10, 17) T (1, 26)
FS GATE 855 sig (30, 30, (2, 24), (26, 4)) ok 1
FS THROW 855 from (11, 18) to (6, 20) T (1, 26) body 2107 n 1 dsq 25
FS HOPBUILD 856 at (6, 20) lch (6, 21) T (1, 26)
FS GATE 857 sig (30, 30, (2, 24), (26, 4)) ok 1
FS THROW 857 from (5, 20) to (2, 23) T (1, 26) body 2107 n 1 dsq 1
FS ARRIVE 858 id 2107 body 1 at (2, 23) dsq 1
FS PHASE 858 id 2107 ph 2 d 1 at (2, 23)
FS CLEAR 858 tile (3, 23) peck 1
FS RUNG 858 id 2107 r 3 hi -
FS CLEAR 859 tile (3, 23) peck 2
FS RUNG 859 id 2107 r 3 hi -
