Running match: _v488beltbreak2 vs mOff
  Map: drakkarfjord.map26  Seed: 103  Replay: 
scratchpad/s51_v520_build/mech/mOff/rep/drakkarfjord_s103_B.replay26  TLE: 10ms
Completed turn 0
Completed turn 100
Completed turn 200
Completed turn 300
Completed turn 400
Completed turn 500
Completed turn 600
Completed turn 700
Completed turn 800
Completed turn 900
Replay written to 
scratchpad/s51_v520_build/mech/mOff/rep/drakkarfjord_s103_B.replay26

  Winner: _v488beltbreak2  (Core destroyed, turn 924)

                 _v488beltbreak2               mOff  
  Titanium     229 (10200 mined)    16 (7460 mined)  
  Units                       30                 15  
  Buildings                   93                102  

