Update available: 2.3.6 -> 2.3.8. Run: pip install --upgrade fcode
FS GATE 0 sig (30, 30, (14, 2), (14, 26)) ok 1
FS GATE 1 sig (30, 30, (14, 2), (14, 26)) ok 1
FS PHASE 1 id 4 ph 1 d 484 at (14, 25)
GF519 1 id 4 d 484 band 0 ti 434 ammo 0 gun 28 lau 28 bar 4 cd 0 lp 0 plants 0
FS HOPBUILD 1 at (14, 25) lch (14, 24) T (16, 1)
GF519 2 id 4 d 484 band 0 ti 361 ammo 0 gun 34 lau 34 bar 5 cd 0 lp 1 plants 0
FS GATE 2 sig (30, 30, (14, 2), (14, 26)) ok 1
FS GATE 2 sig (30, 30, (14, 2), (14, 26)) ok 1
FS THROW 2 from (15, 25) to (15, 19) T (16, 1) body 4 n 1 dsq 256
GF519 3 id 4 d 256 band 0 ti 361 ammo 0 gun 32 lau 32 bar 4 cd 0 lp 0 plants 0
FS HOPBUILD 3 at (15, 19) lch (15, 18) T (16, 1)
FS GATE 3 sig (30, 30, (14, 2), (14, 26)) ok 1
GF519 4 id 4 d 256 band 0 ti 339 ammo 0 gun 34 lau 34 bar 5 cd 0 lp 1 plants 0
FS GATE 4 sig (30, 30, (14, 2), (14, 26)) ok 1
FS THROW 4 from (16, 19) to (16, 13) T (16, 1) body 4 n 1 dsq 101
GF519 5 id 4 d 101 band 1 ti 339 ammo 0 gun 32 lau 32 bar 4 cd 0 lp 0 plants 0
FS HOPBUILD 5 at (16, 13) lch (16, 12) T (16, 1)
GF519 6 id 4 d 101 band 1 ti 307 ammo 0 gun 34 lau 34 bar 5 cd 0 lp 1 plants 0
FS GATE 6 sig (30, 30, (14, 2), (14, 26)) ok 1
FS THROW 6 from (16, 13) to (16, 7) T (16, 1) body 4 n 1 dsq 17
GF519 7 id 4 d 17 band 1 ti 307 ammo 0 gun 32 lau 32 bar 4 cd 0 lp 0 plants 0
FS HOPBUILD 7 at (16, 7) lch (16, 6) T (16, 1)
GF519 8 id 4 d 17 band 1 ti 285 ammo 0 gun 34 lau 34 bar 5 cd 0 lp 1 plants 0
FS GATE 8 sig (30, 30, (14, 2), (14, 26)) ok 1
FS THROW 8 from (16, 7) to (16, 1) T (16, 1) body 4 n 1 dsq 2
FS ARRIVE 9 id 4 body 1 at (16, 1) dsq 2
FS PHASE 9 id 4 ph 2 d 2 at (16, 1)
FS SEAL 9 tile (15, 1) n 1
FS SEAL 10 tile (16, 2) n 2
FS DODGE 11 id 4 from (16, 1) to (16, 0) cov 1 -> 0 hit 0 hp 40
FS GATE 11 sig (30, 30, (14, 2), (14, 26)) ok 1
FS GATE 12 sig (30, 30, (14, 2), (14, 26)) ok 1
FS GATE 13 sig (30, 30, (14, 2), (14, 26)) ok 1
FS SEAL 14 tile (14, 1) n 3
FS SEAL 16 tile (15, 1) n 4
FS STAT 20 id 4 at (17, 1) need 7 orth 6 ti 64 ammo 0 sen 0 hp 40 covden 0 eco 0 lost 0
FS DODGE 20 id 4 from (17, 1) to (17, 2) cov 1 -> 0 hit 0 hp 40
FS SEAL 22 tile (16, 3) n 5
FS SEAL 25 tile (15, 4) n 6
FS SEAL 29 tile (14, 4) n 7
FS SEAL 32 tile (13, 3) n 8
FS SEAL 36 tile (13, 2) n 9
FS STAT 40 id 4 at (11, 0) need 6 orth 5 ti 41 ammo 24 sen 0 hp 40 covden 0 eco 0 lost 0
FS SEAL 42 tile (13, 1) n 10
FS SEAL 44 tile (14, 1) n 11
FS PHASE 45 id 4 ph 3 d 4 at (14, 0)
FS DODGE 49 id 4 from (17, 1) to (17, 2) cov 1 -> 0 hit 0 hp 40
FS PHASE 53 id 4 ph 2 d 8 at (17, 5)
FS PHASE 54 id 4 ph 3 d 5 at (16, 5)
FS SEAL 57 tile (13, 4) n 12
FS STAT 60 id 4 at (15, 5) need 0 orth 0 ti 70 ammo 24 sen 0 hp 40 covden 0 eco 0 lost 0
FS SENTINEL 64 at (15, 6) face NORTH tgt (15, 2) score 16 n 1 onring 0 lost 0 gate (0, 1, -1) onsray 0 olddsq -1
FS PHASE 65 id 4 ph 4 d 4 at (15, 5)
FS DODGE 78 id 4 from (16, 1) to (16, 0) cov 1 -> 0 hit 0 hp 40
FS STAT 80 id 4 at (16, 1) need 0 orth 0 ti 14 ammo 18 sen 1 hp 40 covden 0 eco 0 lost 0
FS DODGE 80 id 4 from (16, 1) to (16, 0) cov 1 -> 0 hit 0 hp 40
FS DODGE 86 id 4 from (16, 1) to (16, 0) cov 1 -> 0 hit 0 hp 40
FS DODGE 89 id 4 from (17, 1) to (17, 2) cov 1 -> 0 hit 0 hp 22
FS DODGE 91 id 4 from (17, 1) to (17, 2) cov 1 -> 0 hit 0 hp 22
FS RETREAT 93 id 4 hp 4 from (17, 1) to (18, 1)
FS RETREAT 95 id 4 hp 4 from (17, 1) to (18, 1)
FS GATE 753 sig (30, 30, (14, 2), (14, 26)) ok 1
FS PHASE 753 id 256 ph 1 d 626 at (16, 28)
FS HOPBUILD 754 at (17, 28) lch (17, 27) T (16, 1)
FS GATE 755 sig (30, 30, (14, 2), (14, 26)) ok 1
FS THROW 755 from (16, 28) to (16, 22) T (16, 1) body 256 n 1 dsq 362
FS ARRIVE 776 id 256 body 1 at (15, 5) dsq 4
FS PHASE 776 id 256 ph 2 d 4 at (15, 5)
FS DODGE 776 id 256 from (15, 5) to (15, 4) cov 1 -> 0 hit 0 hp 40
FS STAT 780 id 256 at (16, 4) need 4 orth 3 ti 13 ammo 40 sen 0 hp 40 covden 0 eco 1 lost 0
FS DODGE 784 id 256 from (16, 4) to (15, 4) cov 1 -> 0 hit 0 hp 40
FS DODGE 786 id 256 from (16, 4) to (15, 4) cov 1 -> 0 hit 0 hp 33
FS DODGE 788 id 256 from (16, 4) to (15, 4) cov 1 -> 0 hit 0 hp 26
FS DODGE 792 id 256 from (15, 5) to (15, 4) cov 1 -> 0 hit 0 hp 26
FS DODGE 794 id 256 from (16, 4) to (15, 4) cov 1 -> 0 hit 0 hp 26
FS DODGE 796 id 256 from (16, 4) to (15, 4) cov 1 -> 0 hit 0 hp 26
FS DODGE 798 id 256 from (15, 5) to (15, 4) cov 1 -> 0 hit 0 hp 19
FS STAT 800 id 256 at (15, 5) need 3 orth 2 ti 31 ammo 40 sen 0 hp 12 covden 0 eco 1 lost 0
FS DODGE 800 id 256 from (15, 5) to (15, 6) cov 1 -> 0 hit 0 hp 12
FS DODGE 801 id 256 from (15, 6) to (14, 6) cov 1 -> 0 hit 0 hp 12
FS DODGE 803 id 256 from (14, 5) to (14, 6) cov 1 -> 0 hit 0 hp 12
FS DODGE 805 id 256 from (14, 5) to (14, 6) cov 1 -> 0 hit 0 hp 12
FS SEAL 817 tile (13, 1) n 1
FS SEAL 819 tile (14, 1) n 2
FS STAT 820 id 256 at (14, 0) need 3 orth 2 ti 69 ammo 40 sen 0 hp 12 covden 0 eco 1 lost 0
FS SEAL 821 tile (15, 1) n 3
FS SEAL 824 tile (13, 1) n 4
FS SEAL 826 tile (14, 1) n 5
FS SEAL 830 tile (13, 1) n 6
FS GATE 956 sig (30, 30, (14, 2), (14, 26)) ok 1
FS GATE 959 sig (30, 30, (14, 2), (14, 26)) ok 1
FS PHASE 959 id 586 ph 1 d 484 at (14, 25)
FS HOPBUILD 960 at (15, 25) lch (16, 25) T (16, 1)
FS GATE 961 sig (30, 30, (14, 2), (14, 26)) ok 1
FS THROW 961 from (15, 24) to (16, 20) T (16, 1) body 586 n 1 dsq 290
FS HOPBUILD 962 at (16, 20) lch (16, 19) T (16, 1)
FS GATE 963 sig (30, 30, (14, 2), (14, 26)) ok 1
FS THROW 963 from (16, 20) to (16, 14) T (16, 1) body 586 n 1 dsq 122
FS HOPBUILD 965 at (16, 13) lch (16, 12) T (16, 1)
FS GATE 966 sig (30, 30, (14, 2), (14, 26)) ok 1
FS THROW 966 from (16, 13) to (16, 7) T (16, 1) body 586 n 1 dsq 17
FS HOPBUILD 968 at (16, 10) lch (16, 9) T (16, 1)
FS GATE 969 sig (30, 30, (14, 2), (14, 26)) ok 1
FS THROW 969 from (16, 10) to (16, 4) T (16, 1) body 586 n 1 dsq 2
FS HOPBUILD 972 at (16, 8) lch (16, 7) T (16, 1)
FS GATE 973 sig (30, 30, (14, 2), (14, 26)) ok 1
FS THROW 973 from (16, 8) to (17, 2) T (16, 1) body 586 n 1 dsq 4
FS ARRIVE 974 id 586 body 1 at (17, 2) dsq 4
FS PHASE 974 id 586 ph 2 d 4 at (17, 2)
FS SEAL 976 tile (15, 1) n 1
FS GATE 990 sig (30, 30, (14, 2), (14, 26)) ok 1
FS PHASE 990 id 660 ph 1 d 626 at (13, 28)
FS HOPBUILD 991 at (12, 28) lch (12, 27) T (16, 1)
FS GATE 992 sig (30, 30, (14, 2), (14, 26)) ok 1
FS THROW 992 from (13, 28) to (13, 22) T (16, 1) body 660 n 1 dsq 362
FS THROW 993 from (13, 22) to (11, 18) T (16, 1) body 660 n 1 dsq 234
FS HOPBUILD 994 at (10, 18) lch (10, 17) T (16, 1)
FS GATE 995 sig (30, 30, (14, 2), (14, 26)) ok 1
FS THROW 995 from (11, 18) to (13, 13) T (16, 1) body 660 n 1 dsq 101
FS HOPBUILD 996 at (13, 13) lch (13, 12) T (16, 1)
FS GATE 997 sig (30, 30, (14, 2), (14, 26)) ok 1
FS THROW 997 from (14, 13) to (14, 7) T (16, 1) body 660 n 1 dsq 16
