Update available: 2.3.6 -> 2.3.8. Run: pip install --upgrade fcode
FS GATE 0 sig (20, 26, (9, 6), (9, 18)) ok 1
FS GATE 1 sig (20, 26, (9, 6), (9, 18)) ok 1
FS PHASE 1 id 3 ph 1 d 100 at (9, 8)
GF519 1 id 3 d 100 band 1 ti 434 ammo 0 gun 28 lau 28 bar 4 cd 0 lp 0 plants 0
FS HOPBUILD 1 at (9, 8) lch (9, 9) T (11, 20)
GF519 2 id 3 d 100 band 1 ti 361 ammo 0 gun 34 lau 34 bar 5 cd 0 lp 1 plants 0
FS GATE 2 sig (20, 26, (9, 6), (9, 18)) ok 1
FS GATE 2 sig (20, 26, (9, 6), (9, 18)) ok 1
FS THROW 2 from (10, 8) to (10, 14) T (11, 20) body 3 n 1 dsq 16
GF519 3 id 3 d 16 band 1 ti 361 ammo 0 gun 32 lau 32 bar 4 cd 0 lp 0 plants 0
FS HOPBUILD 3 at (10, 14) lch (10, 15) T (11, 20)
FS GATE 3 sig (20, 26, (9, 6), (9, 18)) ok 1
GF519 4 id 3 d 16 band 1 ti 339 ammo 0 gun 34 lau 34 bar 5 cd 0 lp 1 plants 0
FS GATE 4 sig (20, 26, (9, 6), (9, 18)) ok 1
FS THROW 4 from (10, 14) to (11, 20) T (11, 20) body 3 n 1 dsq 2
FS ARRIVE 5 id 3 body 1 at (11, 20) dsq 2
FS PHASE 5 id 3 ph 2 d 2 at (11, 20)
FS SEAL 5 tile (11, 19) n 1
FS SEAL 6 tile (10, 20) n 2
FS DODGE 7 id 3 from (11, 20) to (12, 20) cov 1 -> 0 hit 0 hp 40
FS GATE 7 sig (20, 26, (9, 6), (9, 18)) ok 1
FS GATE 8 sig (20, 26, (9, 6), (9, 18)) ok 1
FS GATE 9 sig (20, 26, (9, 6), (9, 18)) ok 1
FS DODGE 11 id 3 from (11, 20) to (12, 20) cov 1 -> 0 hit 0 hp 22
FS SEAL 18 tile (10, 17) n 3
FS STAT 20 id 3 at (11, 17) need 6 orth 5 ti 49 ammo 24 sen 0 hp 26 covden 0 eco 0 lost 0
FS CLEAR 24 tile (11, 18) peck 1
FS RUNG 24 id 3 r 3 hi -
FS CLEAR 36 tile (11, 18) peck 1
FS RUNG 36 id 3 r 3 hi -
FS STAT 40 id 3 at (11, 17) need 6 orth 5 ti 43 ammo 24 sen 0 hp 34 covden 0 eco 0 lost 0
FS CLEAR 44 tile (11, 18) peck 1
FS RUNG 44 id 3 r 3 hi -
FS CLEAR 48 tile (11, 18) peck 1
FS RUNG 48 id 3 r 3 hi -
FS STAT 60 id 3 at (7, 14) need 8 orth 7 ti 66 ammo 24 sen 0 hp 34 covden 0 eco 0 lost 0
FS CLEAR 63 tile (8, 17) peck 1
FS RUNG 63 id 3 r 3 hi -
FS CLEAR 64 tile (8, 17) peck 2
FS RUNG 64 id 3 r 3 hi -
FS CLEAR 65 tile (8, 17) peck 3
FS RUNG 65 id 3 r 3 hi -
FS CLEAR 66 tile (8, 17) peck 4
FS RUNG 66 id 3 r 3 hi -
FS CLEAR 67 tile (8, 17) peck 5
FS RUNG 67 id 3 r 3 hi -
FS CLEAR 68 tile (8, 17) peck 6
FS RUNG 68 id 3 r 3 hi -
FS CLEAR 69 tile (8, 17) peck 7
FS RUNG 69 id 3 r 3 hi -
FS CLEAR 70 tile (8, 17) peck 8
FS RUNG 70 id 3 r 3 hi -
FS CLEAR 72 tile (8, 18) peck 1
FS RUNG 72 id 3 r 3 hi -
FS CLEAR 73 tile (8, 18) peck 2
FS RUNG 73 id 3 r 3 hi -
FS CLEAR 75 tile (8, 18) peck 3
FS RUNG 75 id 3 r 3 hi -
FS CLEAR 76 tile (8, 18) peck 4
FS RUNG 76 id 3 r 3 hi -
FS CLEAR 79 tile (8, 18) peck 5
FS RUNG 79 id 3 r 3 hi -
FS STAT 80 id 3 at (7, 18) need 6 orth 5 ti 60 ammo 24 sen 0 hp 34 covden 0 eco 0 lost 0
FS CLEAR 80 tile (8, 18) peck 6
FS RUNG 80 id 3 r 3 hi -
FS CLEAR 81 tile (8, 18) peck 7
FS RUNG 81 id 3 r 3 hi -
FS CLEAR 84 tile (8, 18) peck 8
FS RUNG 84 id 3 r 3 hi -
FS SEAL 86 tile (8, 19) n 4
FS CLEAR 87 tile (8, 17) peck 1
FS RUNG 87 id 3 r 3 hi -
FS CLEAR 88 tile (8, 17) peck 2
FS RUNG 88 id 3 r 3 hi -
FS CLEAR 89 tile (8, 17) peck 3
FS RUNG 89 id 3 r 3 hi -
FS CLEAR 90 tile (8, 17) peck 4
FS RUNG 90 id 3 r 3 hi -
FS CLEAR 91 tile (8, 17) peck 5
FS RUNG 91 id 3 r 3 hi -
FS CLEAR 92 tile (8, 17) peck 6
FS RUNG 92 id 3 r 3 hi -
FS CLEAR 95 tile (8, 17) peck 7
FS RUNG 95 id 3 r 3 hi -
FS CLEAR 96 tile (8, 17) peck 8
FS RUNG 96 id 3 r 3 hi -
FS CLEAR 98 tile (8, 18) peck 1
FS RUNG 98 id 3 r 3 hi -
FS CLEAR 99 tile (8, 18) peck 2
FS RUNG 99 id 3 r 3 hi -
FS CLEARED 100 tile (8, 18) n 1
FS STAT 100 id 3 at (7, 18) need 5 orth 4 ti 57 ammo 24 sen 0 hp 34 covden 0 eco 0 lost 0
FS SEAL 100 tile (8, 18) n 5
FS SEALCLR 100 tile (8, 18) lag 0
FS CLEAR 102 tile (8, 17) peck 1
FS RUNG 102 id 3 r 3 hi -
FS CLEAR 103 tile (8, 17) peck 2
FS RUNG 103 id 3 r 3 hi -
FS CLEAR 104 tile (8, 17) peck 3
FS RUNG 104 id 3 r 3 hi -
FS CLEAR 105 tile (8, 17) peck 4
FS RUNG 105 id 3 r 3 hi -
FS CLEARED 106 tile (8, 17) n 2
FS SEAL 106 tile (8, 17) n 6
FS SEALCLR 106 tile (8, 17) lag 0
FS SEAL 110 tile (9, 17) n 7
FS EVICTOR 116 at (7, 20) ucov 0 cov 1 unseal 1 obs 5
FS RUNG 116 id 3 r 2 hi -
FS GATE 117 sig (20, 26, (9, 6), (9, 18)) ok 1
FS STAT 120 id 3 at (6, 21) need 5 orth 5 ti 47 ammo 24 sen 0 hp 34 covden 0 eco 0 lost 0
FS SEAL 123 tile (9, 20) n 8
FS SEAL 125 tile (8, 20) n 9
FS STAT 140 id 3 at (9, 21) need 1 orth 1 ti 106 ammo 24 sen 0 hp 34 covden 0 eco 0 lost 0
FS SENTINEL 154 at (9, 22) face NORTH tgt (9, 18) score 16 n 1 onring 0 lost 0 gate (1, 1, 153) onsray 0 olddsq -1
FS PHASE 155 id 3 ph 5 d 4 at (9, 21)
FS STAT 160 id 3 at (9, 21) need 1 orth 1 ti 16 ammo 24 sen 1 hp 34 covden 0 eco 1 lost 0
FS STAT 180 id 3 at (9, 21) need 1 orth 1 ti 16 ammo 9 sen 1 hp 34 covden 0 eco 1 lost 0
FS STAT 200 id 3 at (9, 21) need 1 orth 1 ti 16 ammo 14 sen 1 hp 34 covden 0 eco 1 lost 0
FS STAT 220 id 3 at (9, 21) need 1 orth 1 ti 16 ammo 9 sen 1 hp 34 covden 0 eco 1 lost 0
