Update available: 2.3.6 -> 2.3.8. Run: pip install --upgrade fcode
FS GATE 0 sig (20, 26, (9, 6), (9, 18)) ok 1
FS GATE 1 sig (20, 26, (9, 6), (9, 18)) ok 1
FS PHASE 1 id 4 ph 1 d 100 at (9, 17)
GF519 1 id 4 d 100 band 1 ti 434 ammo 0 gun 28 lau 28 bar 4 cd 0 lp 0 plants 0
FS HOPBUILD 1 at (9, 17) lch (9, 16) T (11, 5)
GF519 2 id 4 d 100 band 1 ti 361 ammo 0 gun 34 lau 34 bar 5 cd 0 lp 1 plants 0
FS GATE 2 sig (20, 26, (9, 6), (9, 18)) ok 1
FS GATE 2 sig (20, 26, (9, 6), (9, 18)) ok 1
FS THROW 2 from (9, 17) to (10, 11) T (11, 5) body 4 n 1 dsq 16
GF519 3 id 4 d 16 band 1 ti 361 ammo 0 gun 32 lau 32 bar 4 cd 0 lp 0 plants 0
FS HOPBUILD 3 at (10, 11) lch (10, 10) T (11, 5)
FS GATE 3 sig (20, 26, (9, 6), (9, 18)) ok 1
GF519 4 id 4 d 16 band 1 ti 339 ammo 0 gun 34 lau 34 bar 5 cd 0 lp 1 plants 0
FS GATE 4 sig (20, 26, (9, 6), (9, 18)) ok 1
FS THROW 4 from (11, 11) to (10, 5) T (11, 5) body 4 n 1 dsq 1
FS ARRIVE 5 id 4 body 1 at (10, 5) dsq 1
FS PHASE 5 id 4 ph 2 d 1 at (10, 5)
FS SEAL 5 tile (9, 5) n 1
FS DODGE 7 id 4 from (10, 4) to (9, 4) cov 1 -> 0 hit 0 hp 40
FS GATE 7 sig (20, 26, (9, 6), (9, 18)) ok 1
FS GATE 8 sig (20, 26, (9, 6), (9, 18)) ok 1
GF519 PLANT 9 id 4 d 5 ti 87
FS GATE 9 sig (20, 26, (9, 6), (9, 18)) ok 1
FS SEAL 10 tile (8, 5) n 2
FS SEAL 16 tile (8, 6) n 3
FS STAT 20 id 4 at (8, 8) need 6 orth 6 ti 12 ammo 11 sen 0 hp 40 covden 0 eco 0 lost 0
FS SEAL 20 tile (8, 7) n 4
FS SEAL 28 tile (9, 8) n 5
FS STAT 40 id 4 at (11, 10) need 6 orth 5 ti 10 ammo 3 sen 0 hp 40 covden 0 eco 0 lost 0
FS STAT 60 id 4 at (11, 8) need 2 orth 2 ti 10 ammo 3 sen 0 hp 40 covden 0 eco 0 lost 0
FS STAT 80 id 4 at (11, 8) need 2 orth 2 ti 13 ammo 3 sen 0 hp 40 covden 0 eco 0 lost 0
FS STAT 100 id 4 at (11, 8) need 2 orth 2 ti 12 ammo 1 sen 0 hp 40 covden 0 eco 0 lost 0
FS STAT 120 id 4 at (11, 8) need 2 orth 2 ti 12 ammo 1 sen 0 hp 40 covden 0 eco 0 lost 0
FS STAT 140 id 4 at (11, 8) need 2 orth 2 ti 12 ammo 11 sen 0 hp 40 covden 0 eco 0 lost 0
FS STAT 160 id 4 at (11, 8) need 2 orth 2 ti 12 ammo 1 sen 0 hp 40 covden 0 eco 0 lost 0
FS STAT 180 id 4 at (11, 8) need 2 orth 2 ti 12 ammo 17 sen 0 hp 40 covden 0 eco 0 lost 0
FS DODGE 192 id 4 from (11, 8) to (12, 8) cov 1 -> 0 hit 0 hp 40
FS DODGE 194 id 4 from (11, 8) to (12, 8) cov 1 -> 0 hit 0 hp 40
FS DODGE 196 id 4 from (11, 8) to (12, 8) cov 1 -> 0 hit 0 hp 40
FS STAT 200 id 4 at (11, 8) need 3 orth 3 ti 30 ammo 21 sen 0 hp 40 covden 0 eco 0 lost 0
FS CLEAR 204 tile (10, 8) peck 1
FS RUNG 204 id 4 r 3 hi -
FS CLEAR 205 tile (10, 8) peck 2
FS RUNG 205 id 4 r 3 hi -
FS CLEAR 208 tile (10, 8) peck 3
FS RUNG 208 id 4 r 3 hi -
FS CLEAR 209 tile (10, 8) peck 4
FS RUNG 209 id 4 r 3 hi -
FS CLEAR 210 tile (10, 8) peck 5
FS RUNG 210 id 4 r 3 hi -
FS CLEAR 212 tile (10, 8) peck 6
FS RUNG 212 id 4 r 3 hi -
FS CLEAR 213 tile (10, 8) peck 7
FS RUNG 213 id 4 r 3 hi -
FS CLEAR 214 tile (10, 8) peck 8
FS RUNG 214 id 4 r 3 hi -
FS STAT 220 id 4 at (11, 9) need 4 orth 3 ti 44 ammo 21 sen 0 hp 40 covden 0 eco 0 lost 0
FS CLEAR 221 tile (10, 8) peck 1
FS RUNG 221 id 4 r 3 hi -
FS CLEAR 222 tile (10, 8) peck 2
FS RUNG 222 id 4 r 3 hi -
FS CLEAR 223 tile (10, 8) peck 3
FS RUNG 223 id 4 r 3 hi -
FS CLEAR 224 tile (10, 8) peck 4
FS RUNG 224 id 4 r 3 hi -
FS CLEAR 225 tile (10, 8) peck 5
FS RUNG 225 id 4 r 3 hi -
FS CLEAR 226 tile (10, 8) peck 6
FS RUNG 226 id 4 r 3 hi -
FS CLEAR 227 tile (10, 8) peck 7
FS RUNG 227 id 4 r 3 hi -
FS CLEAR 228 tile (10, 8) peck 8
FS RUNG 228 id 4 r 3 hi -
FS DODGE 232 id 4 from (12, 6) to (12, 7) cov 1 -> 0 hit 0 hp 33
FS CLEAR 235 tile (10, 8) peck 1
FS RUNG 235 id 4 r 3 hi -
FS CLEAR 236 tile (10, 8) peck 2
FS RUNG 236 id 4 r 3 hi -
FS CLEAR 237 tile (10, 8) peck 3
FS RUNG 237 id 4 r 3 hi -
FS CLEAR 238 tile (10, 8) peck 4
FS RUNG 238 id 4 r 3 hi -
FS CLEARED 239 tile (10, 8) n 1
FS SEAL 239 tile (10, 8) n 6
FS SEALCLR 239 tile (10, 8) lag 0
FS STAT 240 id 4 at (11, 8) need 2 orth 2 ti 43 ammo 21 sen 0 hp 33 covden 0 eco 0 lost 0
FS DODGE 247 id 4 from (10, 10) to (9, 10) cov 1 -> 0 hit 0 hp 15
PRES520 255 ti 69 res 122 floor 122 bind 1 rounds 1 vacant 1 until 275
PRES520 256 ti 79 res 122 floor 122 bind 2 rounds 2 vacant 2 until 276
PRES520 257 ti 79 res 122 floor 122 bind 3 rounds 3 vacant 3 until 277
PRES520 258 ti 79 res 122 floor 122 bind 4 rounds 4 vacant 4 until 278
PRES520 259 ti 79 res 122 floor 122 bind 5 rounds 5 vacant 5 until 279
PRES520 260 ti 89 res 122 floor 122 bind 6 rounds 6 vacant 6 until 280
PRES520 261 ti 89 res 112 floor 112 bind 7 rounds 7 vacant 7 until 281
PRES520 262 ti 47 res 114 floor 114 bind 8 rounds 8 vacant 8 until 282
PRES520 263 ti 41 res 116 floor 116 bind 9 rounds 9 vacant 9 until 283
PRES520 264 ti 51 res 116 floor 116 bind 10 rounds 10 vacant 10 until 284
PRES520 265 ti 45 res 116 floor 116 bind 11 rounds 11 vacant 11 until 285
PRES520 266 ti 39 res 116 floor 116 bind 12 rounds 12 vacant 12 until 286
PRES520 267 ti 39 res 116 floor 116 bind 13 rounds 13 vacant 13 until 287
PRES520 268 ti 43 res 116 floor 116 bind 14 rounds 14 vacant 14 until 288
FS GATE 533 sig (20, 26, (9, 6), (9, 18)) ok 1
FS PHASE 533 id 344 ph 1 d 101 at (11, 17)
