Running match: _v488beltbreak2 vs _v523eyes
  Map: glacierkeep.map26  Seed: 22  Replay: 
scratchpad/s51_v523_build/grid/b8/repv523/glacierkeep_s22_B.replay26  TLE: 10ms
Completed turn 0
Completed turn 100
Completed turn 200
Completed turn 300
Completed turn 400
Completed turn 500
Completed turn 600
Completed turn 700
Completed turn 800
Completed turn 900
Replay written to 
scratchpad/s51_v523_build/grid/b8/repv523/glacierkeep_s22_B.replay26

  Winner: _v488beltbreak2  (Titanium stored (tiebreak), turn 1000)

               _v488beltbreak2        _v523eyes  
  Titanium       156 (0 mined)    109 (0 mined)  
  Units                      6                5  
  Buildings                128              122  

