flagoffD_glacierkeep_g0	flagoffD	glacierkeep	0	7700	A	US	flagoff	Core destroyed	171	0	540	0
flagoffD_glacierkeep_g1	flagoffD	glacierkeep	1	7701	B	US	flagoff	Titanium collected (tiebreak)	1000	0	190	0
flagoffD_glacierkeep_g2	flagoffD	glacierkeep	2	7702	A	US	flagoff	Titanium collected (tiebreak)	1000	0	180	40
flagoffD_glacierkeep_g3	flagoffD	glacierkeep	3	7703	B	US	flagoff	Core destroyed	249	0	0	0
flagoffD_glacierkeep_g4	flagoffD	glacierkeep	4	7704	A	US	flagoff	Titanium collected (tiebreak)	1000	0	170	0
flagoffD_glacierkeep_g5	flagoffD	glacierkeep	5	7705	B	US	flagoff	Core destroyed	326	0	10	0
flagoffD_nordkap_g0	flagoffD	nordkap	0	7700	A	US	flagoff	Core destroyed	248	0	690	420
flagoffD_nordkap_g1	flagoffD	nordkap	1	7701	B	US	flagoff	Titanium collected (tiebreak)	1000	0	170	120
flagoffD_nordkap_g2	flagoffD	nordkap	2	7702	A	US	flagoff	Titanium collected (tiebreak)	1000	0	2540	230
flagoffD_nordkap_g3	flagoffD	nordkap	3	7703	B	US	flagoff	Core destroyed	385	0	130	240
flagoffD_nordkap_g4	flagoffD	nordkap	4	7704	A	OPP	_v488beltbreak2	Core destroyed	275	0	1680	3950
flagoffD_nordkap_g5	flagoffD	nordkap	5	7705	B	US	flagoff	Core destroyed	237	0	160	30
flagoffD_atoll_g0	flagoffD	atoll	0	7700	A	US	flagoff	Core destroyed	476	0	2350	1290
flagoffD_atoll_g1	flagoffD	atoll	1	7701	B	US	flagoff	Core destroyed	665	0	580	1740
flagoffD_atoll_g2	flagoffD	atoll	2	7702	A	OPP	_v488beltbreak2	Core destroyed	174	0	330	1730
flagoffD_atoll_g3	flagoffD	atoll	3	7703	B	OPP	_v488beltbreak2	Core destroyed	192	0	430	570
flagoffD_atoll_g4	flagoffD	atoll	4	7704	A	US	flagoff	Core destroyed	807	0	4000	2920
flagoffD_atoll_g5	flagoffD	atoll	5	7705	B	OPP	_v488beltbreak2	Titanium collected (tiebreak)	1000	0	4270	5270
flagoffD_midgard_g0	flagoffD	midgard	0	7700	A	OPP	_v488beltbreak2	Core destroyed	189	0	440	1650
flagoffD_midgard_g1	flagoffD	midgard	1	7701	B	OPP	_v488beltbreak2	Core destroyed	193	0	580	1260
flagoffD_midgard_g2	flagoffD	midgard	2	7702	A	OPP	_v488beltbreak2	Core destroyed	217	0	530	1870
flagoffD_midgard_g3	flagoffD	midgard	3	7703	B	OPP	_v488beltbreak2	Core destroyed	170	0	510	1810
flagoffD_midgard_g4	flagoffD	midgard	4	7704	A	OPP	_v488beltbreak2	Core destroyed	298	0	470	3060
flagoffD_midgard_g5	flagoffD	midgard	5	7705	B	OPP	_v488beltbreak2	Core destroyed	131	0	920	1480
flagoffD_drakkarfjord_g0	flagoffD	drakkarfjord	0	7700	A	OPP	_v488beltbreak2	Core destroyed	357	0	310	4470
flagoffD_drakkarfjord_g1	flagoffD	drakkarfjord	1	7701	B	OPP	_v488beltbreak2	Core destroyed	378	0	1490	3390
flagoffD_drakkarfjord_g2	flagoffD	drakkarfjord	2	7702	A	OPP	_v488beltbreak2	Core destroyed	273	0	340	2680
flagoffD_drakkarfjord_g3	flagoffD	drakkarfjord	3	7703	B	US	flagoff	Core destroyed	123	0	450	0
flagoffD_drakkarfjord_g4	flagoffD	drakkarfjord	4	7704	A	OPP	_v488beltbreak2	Core destroyed	687	0	310	5760
flagoffD_drakkarfjord_g5	flagoffD	drakkarfjord	5	7705	B	OPP	_v488beltbreak2	Core destroyed	692	0	1730	4020
