atoll_s531_A	atoll	531	A	OPP	_v488beltbreak2	Core destroyed	266	0	1290	1890
atoll_s531_B	atoll	531	B	US	pinceronly	Core destroyed	314	0	1870	540
atoll_s532_A	atoll	532	A	US	pinceronly	Core destroyed	803	0	2130	1770
atoll_s532_B	atoll	532	B	US	pinceronly	Core destroyed	180	0	860	410
atoll_s533_A	atoll	533	A	OPP	_v488beltbreak2	Core destroyed	330	0	1610	3730
atoll_s533_B	atoll	533	B	US	pinceronly	Core destroyed	200	0	1580	940
drakkarfjord_s531_A	drakkarfjord	531	A	US	pinceronly	Core destroyed	90	0	280	0
drakkarfjord_s531_B	drakkarfjord	531	B	US	pinceronly	Core destroyed	144	0	790	0
drakkarfjord_s532_A	drakkarfjord	532	A	US	pinceronly	Core destroyed	232	0	1440	1470
drakkarfjord_s532_B	drakkarfjord	532	B	US	pinceronly	Core destroyed	127	0	330	0
drakkarfjord_s533_A	drakkarfjord	533	A	US	pinceronly	Core destroyed	121	0	500	0
drakkarfjord_s533_B	drakkarfjord	533	B	US	pinceronly	Core destroyed	101	0	280	0
glacierkeep_s531_A	glacierkeep	531	A	US	pinceronly	Core destroyed	111	0	420	0
glacierkeep_s531_B	glacierkeep	531	B	US	pinceronly	Harvesters (tiebreak)	1000	0	0	0
glacierkeep_s532_A	glacierkeep	532	A	US	pinceronly	Core destroyed	177	0	170	0
glacierkeep_s532_B	glacierkeep	532	B	OPP	_v488beltbreak2	Titanium collected (tiebreak)	1000	0	290	1290
glacierkeep_s533_A	glacierkeep	533	A	US	pinceronly	Core destroyed	143	0	590	0
glacierkeep_s533_B	glacierkeep	533	B	OPP	_v488beltbreak2	Harvesters (tiebreak)	1000	0	0	0
midgard_s531_A	midgard	531	A	US	pinceronly	Core destroyed	297	0	530	640
midgard_s531_B	midgard	531	B	US	pinceronly	Core destroyed	593	0	880	820
midgard_s532_A	midgard	532	A	OPP	_v488beltbreak2	Titanium collected (tiebreak)	1000	0	820	3030
midgard_s532_B	midgard	532	B	OPP	_v488beltbreak2	Core destroyed	457	0	890	600
midgard_s533_A	midgard	533	A	US	pinceronly	Core destroyed	227	0	1790	730
midgard_s533_B	midgard	533	B	US	pinceronly	Core destroyed	208	0	1250	1040
nordkap_s531_A	nordkap	531	A	OPP	_v488beltbreak2	Core destroyed	641	0	120	60
nordkap_s531_B	nordkap	531	B	US	pinceronly	Core destroyed	200	0	660	620
nordkap_s532_A	nordkap	532	A	US	pinceronly	Core destroyed	148	0	350	120
nordkap_s532_B	nordkap	532	B	OPP	_v488beltbreak2	Core destroyed	421	0	1340	3150
nordkap_s533_A	nordkap	533	A	US	pinceronly	Core destroyed	173	0	700	110
nordkap_s533_B	nordkap	533	B	US	pinceronly	Core destroyed	241	0	90	60
yulerune_s531_A	yulerune	531	A	US	pinceronly	Core destroyed	273	0	240	250
yulerune_s531_B	yulerune	531	B	OPP	_v488beltbreak2	Core destroyed	190	0	440	1590
yulerune_s532_A	yulerune	532	A	US	pinceronly	Core destroyed	118	0	820	210
yulerune_s532_B	yulerune	532	B	US	pinceronly	Core destroyed	180	0	970	460
yulerune_s533_A	yulerune	533	A	OPP	_v488beltbreak2	Core destroyed	525	0	410	370
yulerune_s533_B	yulerune	533	B	OPP	_v488beltbreak2	Core destroyed	569	0	310	260
