Running match: _v488beltbreak2 vs parent
  Map: glacierkeep.map26  Seed: 22  Replay: 
scratchpad/s51_v518_build/grid/b8/repparent/glacierkeep_s22_B.replay26  TLE: 
10ms
Completed turn 0
Completed turn 100
Completed turn 200
Completed turn 300
Completed turn 400
Completed turn 500
Completed turn 600
Completed turn 700
Completed turn 800
Completed turn 900
Replay written to 
scratchpad/s51_v518_build/grid/b8/repparent/glacierkeep_s22_B.replay26

  Winner: _v488beltbreak2  (Harvesters (tiebreak), turn 1000)

               _v488beltbreak2          parent  
  Titanium       122 (0 mined)    87 (0 mined)  
  Units                      4               6  
  Buildings                110              76  

