Running match: _v488beltbreak2 vs iCOREFUND
  Map: drakkarfjord.map26  Seed: 517  Replay: 
scratchpad/s51_v522_build/iso/b6/repiCOREFUND/drakkarfjord_s517_B.replay26  TLE:
10ms
Completed turn 0
Completed turn 100
Completed turn 200
Completed turn 300
Completed turn 400
Completed turn 500
Completed turn 600
Completed turn 700
Completed turn 800
Completed turn 900
Replay written to 
scratchpad/s51_v522_build/iso/b6/repiCOREFUND/drakkarfjord_s517_B.replay26

  Winner: iCOREFUND  (Titanium collected (tiebreak), turn 1000)

               _v488beltbreak2         iCOREFUND  
  Titanium        50 (0 mined)    32 (340 mined)  
  Units                      7                 6  
  Buildings                 28                53  

