Running match: _v519cripple vs _v488beltbreak2
  Map: drakkarfjord.map26  Seed: 13  Replay: 
scratchpad/s51_v519_build/grid/b5/repv519/drakkarfjord_s13_A.replay26  TLE: 10ms
Completed turn 0
Completed turn 100
Completed turn 200
Completed turn 300
Completed turn 400
Completed turn 500
Completed turn 600
Completed turn 700
Completed turn 800
Completed turn 900
Replay written to 
scratchpad/s51_v519_build/grid/b5/repv519/drakkarfjord_s13_A.replay26

  Winner: _v519cripple  (Titanium collected (tiebreak), turn 1000)

                   _v519cripple     _v488beltbreak2  
  Titanium     382 (5050 mined)    557 (4790 mined)  
  Units                      11                  23  
  Buildings                  65                 125  

