Update available: 2.3.6 -> 2.3.8. Run: pip install --upgrade fcode
V530 RING rnd=2 seat=1 tile=27,6 face=NORTH n=1
V530 RING rnd=3 seat=2 tile=26,6 face=NORTH n=1
V530 CORNER rnd=4 seat=2 tile=28,6 held=1
V530 MOUTH arm rnd=7 seat=1 ore=26,14 links=8 sock=26,6
V530 MOUTH link rnd=9 seat=1 tile=26,7 face=NORTH left=6
V530 MOUTH arm rnd=10 seat=2 ore=23,13 links=10 sock=25,5
V530 MOUTH link rnd=11 seat=1 tile=26,8 face=NORTH left=5
V530 MOUTH link rnd=13 seat=1 tile=26,9 face=NORTH left=4
V530 CORNER rnd=14 seat=2 tile=25,6 held=2
V530 MOUTH link rnd=15 seat=1 tile=26,10 face=NORTH left=3
V530 MOUTH link rnd=17 seat=1 tile=26,11 face=NORTH left=2
V530 RING rnd=17 seat=4 tile=26,3 face=SOUTH n=1
V530 MOUTH link rnd=18 seat=2 tile=25,5 face=EAST left=9
V530 CORNER rnd=18 seat=4 tile=28,3 held=3
V530 MOUTH link rnd=19 seat=1 tile=26,12 face=NORTH left=1
V530 RING rnd=20 seat=4 tile=27,3 face=SOUTH n=2
V530 MOUTH link rnd=21 seat=1 tile=26,13 face=NORTH left=0
V530 MOUTH link rnd=21 seat=2 tile=25,7 face=NORTH left=7
V530 MOUTH link rnd=23 seat=2 tile=25,8 face=NORTH left=6
V530 MOUTH link rnd=25 seat=2 tile=25,9 face=NORTH left=5
V530 MOUTH link rnd=27 seat=2 tile=25,10 face=NORTH left=4
V530 MOUTH link rnd=32 seat=2 tile=25,11 face=NORTH left=3
V530 MOUTH link rnd=34 seat=2 tile=25,12 face=NORTH left=2
V530 MOUTH link rnd=36 seat=2 tile=25,13 face=NORTH left=1
V530 MOUTH link rnd=40 seat=2 tile=24,13 face=EAST left=0
V530 MOUTH harv rnd=56 seat=2 ore=23,13 sock=18 links=9
V530 MOUTH ttl rnd=68 seat=1 left=0
