Running match: parent515 vs _v488beltbreak2
  Map: drakkarfjord.map26  Seed: 34  Replay: 
scratchpad/s51_v516_build/grid/b12/rep515/drakkarfjord_s34_A.replay26  TLE: 10ms
Completed turn 0
Completed turn 100
Completed turn 200
Completed turn 300
Completed turn 400
Completed turn 500
Completed turn 600
Completed turn 700
Completed turn 800
Completed turn 900
Replay written to 
scratchpad/s51_v516_build/grid/b12/rep515/drakkarfjord_s34_A.replay26

  Winner: parent515  (Titanium collected (tiebreak), turn 1000)

                         parent515       _v488beltbreak2  
  Titanium     11950 (15490 mined)    7184 (10700 mined)  
  Units                         23                    31  
  Buildings                    102                   114  

