Update available: 2.3.6 -> 2.3.8. Run: pip install --upgrade fcode
RC MAP w 14 h 18 ours 6,12 theirs 6,4
RC ECO 0 harvstore 0 harvseen -1 ti 500 units 1 scale 100.0
RC ECO 1 harvstore 0 harvseen -1 ti 470 units 2 scale 120.0
RC SEAT 1 id 4 seat 0
RC POS 1 id 4 seat 0 role raid fs 1 body 1 pos 6,11 stuck 0
RC TEMPO 1 id 4 body 1 born 1 lp 0 must 0 why norid ride None ti 434 lcost 28 acd 0 mcd 0 pos 6,11 dsq 36
RC ECO 2 harvstore 0 harvseen -1 ti 434 units 3 scale 140.0
RC POS 2 id 4 seat 0 role raid fs 1 body 1 pos 6,11 stuck 1
RC TEMPO 2 id 4 body 1 born 1 lp 0 must 0 why norid ride None ti 392 lcost 32 acd 0 mcd 0 pos 6,11 dsq 36
RC SEAT 2 id 6 seat 1
RC POS 2 id 6 seat 1 role expand fs 0 body 1 pos 7,14 stuck 0
RC ECO 3 harvstore 1 harvseen -1 ti 360 units 4 scale 165.0
RC POS 3 id 4 seat 0 role raid fs 1 body 1 pos 6,11 stuck 2
RC TEMPO 3 id 4 body 1 born 1 lp 0 must 0 why norid ride None ti 311 lcost 37 acd 0 mcd 0 pos 6,11 dsq 36
RC POS 3 id 6 seat 1 role expand fs 0 body 1 pos 7,14 stuck 1
RC SEAT 3 id 8 seat 2
RC POS 3 id 8 seat 2 role expand fs 0 body 1 pos 6,14 stuck 0
RC ECO 4 harvstore 1 harvseen -1 ti 316 units 5 scale 186.0
RC POS 4 id 4 seat 0 role raid fs 1 body 1 pos 6,11 stuck 3
RC TEMPO 4 id 4 body 1 born 1 lp 0 must 0 why norid ride None ti 300 lcost 37 acd 0 mcd 0 pos 6,11 dsq 36
RC POS 4 id 6 seat 1 role expand fs 0 body 1 pos 8,14 stuck 0
RC POS 4 id 8 seat 2 role expand fs 0 body 1 pos 6,14 stuck 1
RC SEAT 4 id 11 seat 3
APPT520 CLAIM 4 id 11
RC POS 4 id 11 seat 3 role raid fs 1 body 2 pos 5,11 stuck 0
RC TEMPO 4 id 11 body 2 born 4 lp 0 must 0 why norid ride None ti 300 lcost 37 acd 0 mcd 0 pos 5,11 dsq 37
RC ECO 5 harvstore 1 harvseen -1 ti 310 units 5 scale 186.0
RC POS 5 id 4 seat 0 role raid fs 1 body 1 pos 6,11 stuck 4
RC TEMPO 5 id 4 body 1 born 1 lp 0 must 1 why near4 ride None ti 302 lcost 37 acd 0 mcd 0 pos 6,11 dsq 36
RC HOP 5 lid 16 body 1 at 6,10 dsq 25
RC POS 5 id 6 seat 1 role expand fs 0 body 1 pos 8,13 stuck 0
RC POS 5 id 8 seat 2 role expand fs 0 body 1 pos 6,15 stuck 0
RC POS 5 id 11 seat 3 role raid fs 1 body 2 pos 4,11 stuck 0
RC TEMPO 5 id 11 body 2 born 4 lp 0 must 1 why near0 ride None ti 265 lcost 39 acd 0 mcd 0 pos 4,11 dsq 40
RC ECO 6 harvstore 1 harvseen -1 ti 265 units 6 scale 196.0
RC POS 6 id 4 seat 0 role raid fs 1 body 1 pos 6,11 stuck 5
RC TEMPO 6 id 4 body 1 born 1 lp 1 must 1 why near1 ride None ti 265 lcost 39 acd 0 mcd 0 pos 6,11 dsq 36
RC POS 6 id 6 seat 1 role expand fs 0 body 1 pos 8,12 stuck 0
RC POS 6 id 8 seat 2 role expand fs 0 body 1 pos 6,16 stuck 0
RC POS 6 id 11 seat 3 role raid fs 1 body 2 pos 5,11 stuck 0
RC TEMPO 6 id 11 body 2 born 4 lp 1 must 1 why near0 ride None ti 226 lcost 40 acd 0 mcd 0 pos 5,11 dsq 37
RC SPLIT 6 lid 16 body 4 arc 2 n 1
SPLIT520 6 lch (6, 10) body 4 arc 2 to (5, 5) dsq 1 walk 5 n 1
RC ECO 7 harvstore 2 harvseen -1 ti 226 units 6 scale 201.0
RC POS 7 id 4 seat 0 role raid fs 1 body 1 pos 5,5 stuck 0
RC ARRIVE 7 id 4 body 1 dsq 1
ARC520 CLAIM 7 id 4 body 1 arc 1 at (5, 5)
RC POS 7 id 6 seat 1 role expand fs 0 body 1 pos 8,11 stuck 0
RC POS 7 id 8 seat 2 role expand fs 0 body 1 pos 6,16 stuck 1
RC POS 7 id 11 seat 3 role raid fs 1 body 2 pos 5,11 stuck 1
RC TEMPO 7 id 11 body 2 born 4 lp 1 must 1 why near0 ride 6 ti 220 lcost 40 acd 0 mcd 0 pos 5,11 dsq 37
RC SPLIT 7 lid 16 body 11 arc 1 n 2
SPLIT520 7 lch (6, 10) body 11 arc 1 to (5, 5) dsq 1 walk 0 n 2
RC ECO 8 harvstore 2 harvseen -1 ti 230 units 5 scale 192.0
RC POS 8 id 4 seat 0 role raid fs 1 body 1 pos 5,6 stuck 0
RC POS 8 id 6 seat 1 role expand fs 0 body 1 pos 9,11 stuck 0
RC POS 8 id 8 seat 2 role expand fs 0 body 1 pos 6,16 stuck 2
RC POS 8 id 11 seat 3 role raid fs 1 body 2 pos 5,5 stuck 0
RC ARRIVE 8 id 11 body 2 dsq 1
ARC520 COLLIDE 8 id 11 body 2 peer 1 took 2 n 1
ARC520 CLAIM 8 id 11 body 2 arc 2 at (5, 5)
RC ECO 9 harvstore 2 harvseen -1 ti 167 units 6 scale 213.0
RC POS 9 id 4 seat 0 role raid fs 1 body 1 pos 4,6 stuck 0
RC POS 9 id 6 seat 1 role expand fs 0 body 1 pos 10,11 stuck 0
RC POS 9 id 8 seat 2 role expand fs 0 body 1 pos 6,15 stuck 0
RC POS 9 id 11 seat 3 role raid fs 1 body 2 pos 5,5 stuck 1
RC SEAT 9 id 21 seat 4
RC POS 9 id 21 seat 4 role defend fs 0 body 1 pos 8,12 stuck 0
RC ECO 10 harvstore 2 harvseen -1 ti 161 units 6 scale 214.0
RC POS 10 id 4 seat 0 role raid fs 1 body 1 pos 5,6 stuck 0
RC POS 10 id 6 seat 1 role expand fs 0 body 1 pos 11,11 stuck 0
RC POS 10 id 8 seat 2 role expand fs 0 body 1 pos 6,15 stuck 1
RC POS 10 id 11 seat 3 role raid fs 1 body 2 pos 5,5 stuck 3
RC POS 10 id 21 seat 4 role defend fs 0 body 1 pos 8,11 stuck 0
RC ECO 11 harvstore 2 harvseen -1 ti 85 units 7 scale 236.0
RC POS 11 id 4 seat 0 role raid fs 1 body 1 pos 5,6 stuck 1
RC POS 11 id 6 seat 1 role expand fs 0 body 1 pos 11,12 stuck 0
RC POS 11 id 8 seat 2 role expand fs 0 body 1 pos 6,15 stuck 2
RC POS 11 id 11 seat 3 role raid fs 1 body 2 pos 5,5 stuck 5
RC POS 11 id 21 seat 4 role defend fs 0 body 1 pos 8,11 stuck 1
RC ECO 12 harvstore 2 harvseen -1 ti 105 units 7 scale 236.0
RC POS 12 id 4 seat 0 role raid fs 1 body 1 pos 4,6 stuck 0
RC POS 12 id 6 seat 1 role expand fs 0 body 1 pos 12,12 stuck 0
RC POS 12 id 8 seat 2 role expand fs 0 body 1 pos 6,16 stuck 0
RC POS 12 id 11 seat 3 role raid fs 1 body 2 pos 5,6 stuck 0
RC POS 12 id 21 seat 4 role defend fs 0 body 1 pos 9,11 stuck 0
RC ECO 13 harvstore 2 harvseen -1 ti 88 units 7 scale 237.0
RC POS 13 id 4 seat 0 role raid fs 1 body 1 pos 3,6 stuck 0
RC POS 13 id 6 seat 1 role expand fs 0 body 1 pos 12,13 stuck 0
RC POS 13 id 8 seat 2 role expand fs 0 body 1 pos 6,15 stuck 0
RC POS 13 id 11 seat 3 role raid fs 1 body 2 pos 5,6 stuck 1
RC POS 13 id 21 seat 4 role defend fs 0 body 1 pos 9,10 stuck 0
RC ECO 14 harvstore 3 harvseen -1 ti 11 units 7 scale 242.0
RC POS 14 id 4 seat 0 role raid fs 1 body 1 pos 3,7 stuck 0
RC POS 14 id 6 seat 1 role expand fs 0 body 1 pos 12,13 stuck 1
RC POS 14 id 8 seat 2 role expand fs 0 body 1 pos 6,14 stuck 0
RC POS 14 id 11 seat 3 role raid fs 1 body 2 pos 4,6 stuck 0
RC POS 14 id 21 seat 4 role defend fs 0 body 1 pos 9,9 stuck 0
RC ECO 15 harvstore 3 harvseen -1 ti 4 units 7 scale 243.0
RC POS 15 id 4 seat 0 role raid fs 1 body 1 pos 3,8 stuck 0
RC POS 15 id 6 seat 1 role expand fs 0 body 1 pos 12,13 stuck 2
RC POS 15 id 8 seat 2 role expand fs 0 body 1 pos 5,14 stuck 0
RC POS 15 id 11 seat 3 role raid fs 1 body 2 pos 5,6 stuck 0
RC POS 15 id 21 seat 4 role defend fs 0 body 1 pos 8,9 stuck 0
RC ECO 16 harvstore 3 harvseen -1 ti 14 units 7 scale 243.0
RC POS 16 id 4 seat 0 role raid fs 1 body 1 pos 4,8 stuck 0
RC POS 16 id 6 seat 1 role expand fs 0 body 1 pos 12,12 stuck 0
RC POS 16 id 8 seat 2 role expand fs 0 body 1 pos 5,13 stuck 0
RC POS 16 id 11 seat 3 role raid fs 1 body 2 pos 5,6 stuck 2
RC POS 16 id 21 seat 4 role defend fs 0 body 1 pos 7,9 stuck 0
RC ECO 17 harvstore 3 harvseen -1 ti 17 units 7 scale 244.0
RC POS 17 id 4 seat 0 role raid fs 1 body 1 pos 5,8 stuck 0
RC POS 17 id 6 seat 1 role expand fs 0 body 1 pos 12,12 stuck 1
RC POS 17 id 8 seat 2 role expand fs 0 body 1 pos 4,13 stuck 0
RC POS 17 id 11 seat 3 role raid fs 1 body 2 pos 5,6 stuck 4
RC POS 17 id 21 seat 4 role defend fs 0 body 1 pos 6,9 stuck 0
RC ECO 18 harvstore 3 harvseen -1 ti 17 units 7 scale 245.0
RC POS 18 id 4 seat 0 role raid fs 1 body 1 pos 6,8 stuck 0
RC POS 18 id 6 seat 1 role expand fs 0 body 1 pos 12,12 stuck 2
RC POS 18 id 8 seat 2 role expand fs 0 body 1 pos 3,13 stuck 0
RC POS 18 id 11 seat 3 role raid fs 1 body 2 pos 5,6 stuck 6
RC POS 18 id 21 seat 4 role defend fs 0 body 1 pos 5,9 stuck 0
RC ECO 19 harvstore 3 harvseen -1 ti 14 units 7 scale 245.0
RC POS 19 id 4 seat 0 role raid fs 1 body 1 pos 7,8 stuck 0
RC POS 19 id 6 seat 1 role expand fs 0 body 1 pos 11,12 stuck 0
RC POS 19 id 8 seat 2 role expand fs 0 body 1 pos 3,12 stuck 0
RC POS 19 id 11 seat 3 role raid fs 1 body 2 pos 5,6 stuck 8
RC POS 19 id 21 seat 4 role defend fs 0 body 1 pos 4,9 stuck 0
RC ECO 20 harvstore 3 harvseen -1 ti 17 units 7 scale 246.0
RC POS 20 id 4 seat 0 role raid fs 1 body 1 pos 7,7 stuck 0
RC POS 20 id 6 seat 1 role expand fs 0 body 1 pos 11,12 stuck 1
RC POS 20 id 8 seat 2 role expand fs 0 body 1 pos 3,11 stuck 0
RC POS 20 id 11 seat 3 role raid fs 1 body 2 pos 5,6 stuck 10
RC POS 20 id 21 seat 4 role defend fs 0 body 1 pos 5,9 stuck 0
RC ECO 21 harvstore 3 harvseen -1 ti 27 units 7 scale 247.0
RC POS 21 id 4 seat 0 role raid fs 1 body 1 pos 7,7 stuck 1
RC POS 21 id 6 seat 1 role expand fs 0 body 1 pos 10,12 stuck 0
RC POS 21 id 8 seat 2 role expand fs 0 body 1 pos 3,10 stuck 0
RC POS 21 id 11 seat 3 role raid fs 1 body 2 pos 5,6 stuck 12
RC POS 21 id 21 seat 4 role defend fs 0 body 1 pos 5,9 stuck 1
RC ECO 22 harvstore 3 harvseen -1 ti 7 units 7 scale 248.0
RC POS 22 id 4 seat 0 role raid fs 1 body 1 pos 8,7 stuck 0
RC POS 22 id 6 seat 1 role expand fs 0 body 1 pos 10,12 stuck 1
RC POS 22 id 8 seat 2 role expand fs 0 body 1 pos 3,9 stuck 0
RC POS 22 id 11 seat 3 role raid fs 1 body 2 pos 4,6 stuck 0
RC POS 22 id 21 seat 4 role defend fs 0 body 1 pos 4,9 stuck 0
RC ECO 23 harvstore 3 harvseen -1 ti 7 units 7 scale 248.0
RC POS 23 id 4 seat 0 role raid fs 1 body 1 pos 8,6 stuck 0
RC POS 23 id 6 seat 1 role expand fs 0 body 1 pos 10,11 stuck 0
RC POS 23 id 8 seat 2 role expand fs 0 body 1 pos 3,10 stuck 0
RC POS 23 id 11 seat 3 role raid fs 1 body 2 pos 5,6 stuck 0
RC POS 23 id 21 seat 4 role defend fs 0 body 1 pos 3,9 stuck 0
RC ECO 24 harvstore 3 harvseen -1 ti 10 units 6 scale 229.0
RC POS 24 id 4 seat 0 role raid fs 1 body 1 pos 8,6 stuck 1
RC POS 24 id 6 seat 1 role expand fs 0 body 1 pos 10,11 stuck 1
RC POS 24 id 8 seat 2 role expand fs 0 body 1 pos 3,11 stuck 0
RC POS 24 id 21 seat 4 role defend fs 0 body 1 pos 4,9 stuck 0
RC ECO 25 harvstore 3 harvseen -1 ti 14 units 6 scale 230.0
RC POS 25 id 4 seat 0 role raid fs 1 body 1 pos 8,7 stuck 0
RC POS 25 id 6 seat 1 role expand fs 0 body 1 pos 10,11 stuck 2
RC POS 25 id 8 seat 2 role expand fs 0 body 1 pos 3,10 stuck 0
RC POS 25 id 21 seat 4 role defend fs 0 body 1 pos 3,9 stuck 0
RC ECO 26 harvstore 3 harvseen -1 ti 22 units 6 scale 230.0
RC POS 26 id 4 seat 0 role raid fs 1 body 1 pos 7,7 stuck 0
RC POS 26 id 6 seat 1 role expand fs 0 body 1 pos 9,11 stuck 0
RC POS 26 id 8 seat 2 role expand fs 0 body 1 pos 4,10 stuck 0
RC POS 26 id 21 seat 4 role defend fs 0 body 1 pos 4,9 stuck 0
RC ECO 27 harvstore 3 harvseen -1 ti 6 units 6 scale 231.0
RC POS 27 id 4 seat 0 role raid fs 1 body 1 pos 6,7 stuck 0
RC POS 27 id 6 seat 1 role expand fs 0 body 1 pos 9,11 stuck 1
RC POS 27 id 8 seat 2 role expand fs 0 body 1 pos 3,10 stuck 0
RC POS 27 id 21 seat 4 role defend fs 0 body 1 pos 3,9 stuck 0
RC ECO 28 harvstore 3 harvseen -1 ti 16 units 6 scale 231.0
RC POS 28 id 4 seat 0 role raid fs 1 body 1 pos 6,8 stuck 0
RC POS 28 id 6 seat 1 role expand fs 0 body 1 pos 8,11 stuck 0
RC POS 28 id 8 seat 2 role expand fs 0 body 1 pos 3,11 stuck 0
RC POS 28 id 21 seat 4 role defend fs 0 body 1 pos 3,10 stuck 0
RC ECO 29 harvstore 3 harvseen -1 ti 26 units 6 scale 232.0
RC POS 29 id 4 seat 0 role raid fs 1 body 1 pos 5,8 stuck 0
RC POS 29 id 6 seat 1 role expand fs 0 body 1 pos 8,11 stuck 1
RC POS 29 id 8 seat 2 role expand fs 0 body 1 pos 3,11 stuck 1
RC POS 29 id 21 seat 4 role defend fs 0 body 1 pos 3,10 stuck 1
RC ECO 30 harvstore 3 harvseen -1 ti 22 units 6 scale 232.0
RC POS 30 id 4 seat 0 role raid fs 1 body 1 pos 4,8 stuck 0
RC POS 30 id 6 seat 1 role expand fs 0 body 1 pos 8,12 stuck 0
RC POS 30 id 8 seat 2 role expand fs 0 body 1 pos 3,11 stuck 2
RC POS 30 id 21 seat 4 role defend fs 0 body 1 pos 3,10 stuck 1
RC ECO 31 harvstore 3 harvseen -1 ti 22 units 6 scale 232.0
RC POS 31 id 4 seat 0 role raid fs 1 body 1 pos 4,7 stuck 0
RC POS 31 id 6 seat 1 role expand fs 0 body 1 pos 8,11 stuck 0
RC POS 31 id 8 seat 2 role expand fs 0 body 1 pos 3,11 stuck 3
RC POS 31 id 21 seat 4 role defend fs 0 body 1 pos 3,10 stuck 1
RC ECO 32 harvstore 3 harvseen -1 ti 22 units 6 scale 232.0
RC POS 32 id 4 seat 0 role raid fs 1 body 1 pos 4,8 stuck 0
RC POS 32 id 6 seat 1 role expand fs 0 body 1 pos 9,11 stuck 0
RC POS 32 id 8 seat 2 role expand fs 0 body 1 pos 3,11 stuck 4
RC POS 32 id 21 seat 4 role defend fs 0 body 1 pos 3,10 stuck 1
RC ECO 33 harvstore 3 harvseen -1 ti 32 units 6 scale 232.0
RC POS 33 id 4 seat 0 role raid fs 1 body 1 pos 5,8 stuck 0
RC POS 33 id 6 seat 1 role expand fs 0 body 1 pos 9,10 stuck 0
RC POS 33 id 8 seat 2 role expand fs 0 body 1 pos 3,11 stuck 5
RC POS 33 id 21 seat 4 role defend fs 0 body 1 pos 3,10 stuck 1
RC ECO 34 harvstore 3 harvseen -1 ti 22 units 6 scale 232.0
RC POS 34 id 4 seat 0 role raid fs 1 body 1 pos 4,8 stuck 0
RC POS 34 id 6 seat 1 role expand fs 0 body 1 pos 9,9 stuck 0
RC POS 34 id 8 seat 2 role expand fs 0 body 1 pos 3,11 stuck 1
RC POS 34 id 21 seat 4 role defend fs 0 body 1 pos 3,10 stuck 1
RC ECO 35 harvstore 3 harvseen -1 ti 12 units 6 scale 232.0
RC POS 35 id 4 seat 0 role raid fs 1 body 1 pos 5,8 stuck 0
RC POS 35 id 6 seat 1 role expand fs 0 body 1 pos 9,8 stuck 0
RC POS 35 id 8 seat 2 role expand fs 0 body 1 pos 3,11 stuck 2
RC POS 35 id 21 seat 4 role defend fs 0 body 1 pos 3,10 stuck 1
RC ECO 36 harvstore 3 harvseen -1 ti 22 units 6 scale 232.0
RC POS 36 id 4 seat 0 role raid fs 1 body 1 pos 4,8 stuck 0
RC POS 36 id 6 seat 1 role expand fs 0 body 1 pos 8,8 stuck 0
RC POS 36 id 8 seat 2 role expand fs 0 body 1 pos 3,11 stuck 3
RC POS 36 id 21 seat 4 role defend fs 0 body 1 pos 3,10 stuck 1
RC ECO 37 harvstore 3 harvseen -1 ti 42 units 6 scale 232.0
RC POS 37 id 4 seat 0 role raid fs 1 body 1 pos 5,8 stuck 0
RC POS 37 id 6 seat 1 role expand fs 0 body 1 pos 7,8 stuck 0
RC POS 37 id 8 seat 2 role expand fs 0 body 1 pos 3,11 stuck 4
RC POS 37 id 21 seat 4 role defend fs 0 body 1 pos 3,10 stuck 1
RC ECO 38 harvstore 3 harvseen -1 ti 42 units 6 scale 232.0
RC POS 38 id 4 seat 0 role raid fs 1 body 1 pos 4,8 stuck 0
RC POS 38 id 6 seat 1 role expand fs 0 body 1 pos 6,8 stuck 0
RC POS 38 id 8 seat 2 role expand fs 0 body 1 pos 3,11 stuck 5
RC POS 38 id 21 seat 4 role defend fs 0 body 1 pos 3,10 stuck 1
RC ECO 39 harvstore 3 harvseen -1 ti 42 units 5 scale 212.0
RC POS 39 id 6 seat 1 role expand fs 0 body 1 pos 5,8 stuck 0
RC POS 39 id 8 seat 2 role expand fs 0 body 1 pos 3,11 stuck 1
RC POS 39 id 21 seat 4 role defend fs 0 body 1 pos 3,10 stuck 1
RC ECO 40 harvstore 3 harvseen -1 ti 52 units 5 scale 212.0
RC POS 40 id 6 seat 1 role expand fs 0 body 1 pos 4,8 stuck 0
RC POS 40 id 8 seat 2 role expand fs 0 body 1 pos 3,11 stuck 2
RC POS 40 id 21 seat 4 role defend fs 0 body 1 pos 3,10 stuck 1
RC ECO 41 harvstore 3 harvseen -1 ti 72 units 5 scale 212.0
RC POS 41 id 6 seat 1 role expand fs 0 body 1 pos 4,7 stuck 0
RC POS 41 id 8 seat 2 role expand fs 0 body 1 pos 3,11 stuck 3
RC POS 41 id 21 seat 4 role defend fs 0 body 1 pos 3,10 stuck 1
RC ECO 42 harvstore 3 harvseen -1 ti 52 units 5 scale 212.0
RC POS 42 id 6 seat 1 role expand fs 0 body 1 pos 4,6 stuck 0
RC POS 42 id 8 seat 2 role expand fs 0 body 1 pos 3,11 stuck 4
RC POS 42 id 21 seat 4 role defend fs 0 body 1 pos 3,10 stuck 1
RC ECO 43 harvstore 3 harvseen -1 ti 52 units 5 scale 212.0
RC POS 43 id 6 seat 1 role expand fs 0 body 1 pos 3,6 stuck 0
RC POS 43 id 8 seat 2 role expand fs 0 body 1 pos 3,11 stuck 5
RC POS 43 id 21 seat 4 role defend fs 0 body 1 pos 3,10 stuck 1
RC ECO 44 harvstore 3 harvseen -1 ti 62 units 5 scale 212.0
RC POS 44 id 6 seat 1 role expand fs 0 body 1 pos 3,5 stuck 0
RC POS 44 id 8 seat 2 role expand fs 0 body 1 pos 3,11 stuck 1
RC POS 44 id 21 seat 4 role defend fs 0 body 1 pos 3,10 stuck 1
RC ECO 45 harvstore 3 harvseen -1 ti 92 units 5 scale 212.0
RC POS 45 id 6 seat 1 role expand fs 0 body 1 pos 3,4 stuck 0
RC POS 45 id 8 seat 2 role expand fs 0 body 1 pos 3,11 stuck 2
RC POS 45 id 21 seat 4 role defend fs 0 body 1 pos 3,10 stuck 1
RC ECO 46 harvstore 3 harvseen -1 ti 4 units 6 scale 232.0
RC POS 46 id 6 seat 1 role expand fs 0 body 1 pos 3,3 stuck 0
RC POS 46 id 8 seat 2 role expand fs 0 body 1 pos 3,11 stuck 3
RC POS 46 id 21 seat 4 role defend fs 0 body 1 pos 3,10 stuck 2
RC ECO 47 harvstore 3 harvseen -1 ti 4 units 6 scale 232.0
RC POS 47 id 6 seat 1 role expand fs 0 body 1 pos 4,3 stuck 0
RC POS 47 id 8 seat 2 role expand fs 0 body 1 pos 3,11 stuck 4
RC POS 47 id 21 seat 4 role defend fs 0 body 1 pos 3,10 stuck 1
RC ECO 48 harvstore 3 harvseen -1 ti 14 units 6 scale 232.0
RC POS 48 id 6 seat 1 role expand fs 0 body 1 pos 5,3 stuck 0
RC POS 48 id 8 seat 2 role expand fs 0 body 1 pos 3,11 stuck 5
RC POS 48 id 21 seat 4 role defend fs 0 body 1 pos 4,10 stuck 0
RC ECO 49 harvstore 3 harvseen -1 ti 34 units 6 scale 232.0
RC POS 49 id 6 seat 1 role expand fs 0 body 1 pos 5,2 stuck 0
RC POS 49 id 8 seat 2 role expand fs 0 body 1 pos 3,10 stuck 0
RC POS 49 id 21 seat 4 role defend fs 0 body 1 pos 4,9 stuck 0
RC ECO 50 harvstore 3 harvseen -1 ti 44 units 6 scale 232.0
RC POS 50 id 6 seat 1 role expand fs 0 body 1 pos 6,2 stuck 0
RC POS 50 id 8 seat 2 role expand fs 0 body 1 pos 2,10 stuck 0
RC POS 50 id 21 seat 4 role defend fs 0 body 1 pos 4,10 stuck 0
RC ECO 51 harvstore 3 harvseen -1 ti 44 units 6 scale 232.0
RC POS 51 id 6 seat 1 role expand fs 0 body 1 pos 6,1 stuck 0
RC POS 51 id 8 seat 2 role expand fs 0 body 1 pos 3,10 stuck 0
RC POS 51 id 21 seat 4 role defend fs 0 body 1 pos 4,9 stuck 0
RC ECO 52 harvstore 3 harvseen -1 ti 54 units 6 scale 232.0
RC POS 52 id 6 seat 1 role expand fs 0 body 1 pos 6,2 stuck 0
RC POS 52 id 8 seat 2 role expand fs 0 body 1 pos 3,11 stuck 0
RC POS 52 id 21 seat 4 role defend fs 0 body 1 pos 4,9 stuck 1
RC ECO 53 harvstore 4 harvseen -1 ti 38 units 6 scale 237.0
RC POS 53 id 6 seat 1 role expand fs 0 body 1 pos 6,3 stuck 0
RC POS 53 id 8 seat 2 role expand fs 0 body 1 pos 3,11 stuck 1
RC POS 53 id 21 seat 4 role defend fs 0 body 1 pos 5,9 stuck 0
RC ECO 54 harvstore 4 harvseen -1 ti 31 units 6 scale 238.0
RC POS 54 id 6 seat 1 role expand fs 0 body 1 pos 5,3 stuck 0
RC POS 54 id 8 seat 2 role expand fs 0 body 1 pos 3,11 stuck 2
RC POS 54 id 21 seat 4 role defend fs 0 body 1 pos 6,9 stuck 0
RC ECO 55 harvstore 4 harvseen -1 ti 31 units 5 scale 218.0
RC POS 55 id 8 seat 2 role expand fs 0 body 1 pos 3,12 stuck 0
RC POS 55 id 21 seat 4 role defend fs 0 body 1 pos 7,9 stuck 0
RC ECO 56 harvstore 4 harvseen -1 ti 35 units 5 scale 218.0
RC POS 56 id 8 seat 2 role expand fs 0 body 1 pos 3,12 stuck 1
RC POS 56 id 21 seat 4 role defend fs 0 body 1 pos 7,8 stuck 0
RC ECO 57 harvstore 4 harvseen -1 ti 49 units 5 scale 219.0
RC POS 57 id 8 seat 2 role expand fs 0 body 1 pos 3,12 stuck 2
RC POS 57 id 21 seat 4 role defend fs 0 body 1 pos 8,8 stuck 0
RC ECO 58 harvstore 4 harvseen -1 ti 49 units 5 scale 219.0
RC POS 58 id 8 seat 2 role expand fs 0 body 1 pos 3,13 stuck 0
RC POS 58 id 21 seat 4 role defend fs 0 body 1 pos 8,7 stuck 0
RC ECO 59 harvstore 4 harvseen -1 ti 43 units 5 scale 220.0
RC POS 59 id 8 seat 2 role expand fs 0 body 1 pos 3,13 stuck 1
RC POS 59 id 21 seat 4 role defend fs 0 body 1 pos 7,7 stuck 0
RC ECO 60 harvstore 4 harvseen -1 ti 53 units 5 scale 220.0
RC POS 60 id 8 seat 2 role expand fs 0 body 1 pos 4,13 stuck 0
RC POS 60 id 21 seat 4 role defend fs 0 body 1 pos 6,7 stuck 0
RC POS 61 id 8 seat 2 role expand fs 0 body 1 pos 4,13 stuck 1
RC POS 61 id 21 seat 4 role defend fs 0 body 1 pos 6,8 stuck 0
RC POS 62 id 8 seat 2 role expand fs 0 body 1 pos 4,14 stuck 0
RC POS 62 id 21 seat 4 role defend fs 0 body 1 pos 7,8 stuck 0
RC POS 63 id 8 seat 2 role expand fs 0 body 1 pos 4,14 stuck 1
RC POS 63 id 21 seat 4 role defend fs 0 body 1 pos 8,8 stuck 0
RC POS 64 id 8 seat 2 role expand fs 0 body 1 pos 5,14 stuck 0
RC POS 64 id 21 seat 4 role defend fs 0 body 1 pos 8,7 stuck 0
RC POS 65 id 8 seat 2 role expand fs 0 body 1 pos 5,14 stuck 1
RC POS 65 id 21 seat 4 role defend fs 0 body 1 pos 9,7 stuck 0
RC POS 66 id 8 seat 2 role expand fs 0 body 1 pos 5,14 stuck 2
RC POS 66 id 21 seat 4 role defend fs 0 body 1 pos 9,8 stuck 0
RC POS 67 id 8 seat 2 role expand fs 0 body 1 pos 5,14 stuck 3
RC POS 67 id 21 seat 4 role defend fs 0 body 1 pos 10,8 stuck 0
RC POS 68 id 8 seat 2 role expand fs 0 body 1 pos 5,14 stuck 4
RC POS 68 id 21 seat 4 role defend fs 0 body 1 pos 10,9 stuck 0
RC POS 69 id 8 seat 2 role expand fs 0 body 1 pos 5,14 stuck 5
RC POS 69 id 21 seat 4 role defend fs 0 body 1 pos 11,9 stuck 0
RC POS 70 id 8 seat 2 role expand fs 0 body 1 pos 4,14 stuck 0
RC POS 70 id 21 seat 4 role defend fs 0 body 1 pos 11,9 stuck 1
RC POS 71 id 8 seat 2 role expand fs 0 body 1 pos 4,13 stuck 0
RC POS 71 id 21 seat 4 role defend fs 0 body 1 pos 11,9 stuck 2
RC POS 72 id 8 seat 2 role expand fs 0 body 1 pos 3,13 stuck 0
RC POS 72 id 21 seat 4 role defend fs 0 body 1 pos 11,9 stuck 3
RC POS 73 id 8 seat 2 role expand fs 0 body 1 pos 3,12 stuck 0
RC POS 73 id 21 seat 4 role defend fs 0 body 1 pos 11,9 stuck 4
RC POS 74 id 8 seat 2 role expand fs 0 body 1 pos 2,12 stuck 0
RC POS 74 id 21 seat 4 role defend fs 0 body 1 pos 11,9 stuck 5
RC ECO 75 harvstore 4 harvseen -1 ti 34 units 6 scale 242.0
RC POS 75 id 8 seat 2 role expand fs 0 body 1 pos 2,11 stuck 0
RC POS 75 id 21 seat 4 role defend fs 0 body 1 pos 10,9 stuck 0
RC POS 76 id 8 seat 2 role expand fs 0 body 1 pos 2,10 stuck 0
RC POS 76 id 21 seat 4 role defend fs 0 body 1 pos 10,10 stuck 0
RC POS 77 id 8 seat 2 role expand fs 0 body 1 pos 2,9 stuck 0
RC POS 77 id 21 seat 4 role defend fs 0 body 1 pos 10,11 stuck 0
RC POS 78 id 8 seat 2 role expand fs 0 body 1 pos 2,8 stuck 0
RC POS 78 id 21 seat 4 role defend fs 0 body 1 pos 10,12 stuck 0
RC POS 79 id 8 seat 2 role expand fs 0 body 1 pos 2,7 stuck 0
RC POS 79 id 21 seat 4 role defend fs 0 body 1 pos 11,12 stuck 0
RC POS 80 id 8 seat 2 role expand fs 0 body 1 pos 2,6 stuck 0
RC POS 80 id 21 seat 4 role defend fs 0 body 1 pos 11,13 stuck 0
RC POS 81 id 8 seat 2 role expand fs 0 body 1 pos 3,6 stuck 0
RC POS 81 id 21 seat 4 role defend fs 0 body 1 pos 10,13 stuck 0
RC POS 82 id 8 seat 2 role expand fs 0 body 1 pos 4,6 stuck 0
RC POS 82 id 21 seat 4 role defend fs 0 body 1 pos 10,12 stuck 0
RC POS 83 id 8 seat 2 role expand fs 0 body 1 pos 4,7 stuck 0
RC POS 83 id 21 seat 4 role defend fs 0 body 1 pos 10,11 stuck 0
RC POS 84 id 8 seat 2 role expand fs 0 body 1 pos 4,8 stuck 0
RC POS 84 id 21 seat 4 role defend fs 0 body 1 pos 10,11 stuck 1
RC POS 85 id 8 seat 2 role expand fs 0 body 1 pos 5,8 stuck 0
RC POS 85 id 21 seat 4 role defend fs 0 body 1 pos 10,10 stuck 0
RC POS 86 id 8 seat 2 role expand fs 0 body 1 pos 6,8 stuck 0
RC POS 86 id 21 seat 4 role defend fs 0 body 1 pos 9,10 stuck 0
RC POS 87 id 8 seat 2 role expand fs 0 body 1 pos 7,8 stuck 0
RC POS 87 id 21 seat 4 role defend fs 0 body 1 pos 9,10 stuck 1
RC POS 88 id 8 seat 2 role expand fs 0 body 1 pos 8,8 stuck 0
RC POS 88 id 21 seat 4 role defend fs 0 body 1 pos 10,10 stuck 0
RC POS 89 id 8 seat 2 role expand fs 0 body 1 pos 8,7 stuck 0
RC POS 89 id 21 seat 4 role defend fs 0 body 1 pos 9,10 stuck 0
RC POS 90 id 8 seat 2 role expand fs 0 body 1 pos 9,7 stuck 0
RC POS 90 id 21 seat 4 role defend fs 0 body 1 pos 10,10 stuck 0
RC POS 91 id 8 seat 2 role expand fs 0 body 1 pos 9,6 stuck 0
RC POS 91 id 21 seat 4 role defend fs 0 body 1 pos 10,9 stuck 0
RC POS 92 id 8 seat 2 role expand fs 0 body 1 pos 10,6 stuck 0
RC POS 92 id 21 seat 4 role defend fs 0 body 1 pos 10,10 stuck 0
RC POS 93 id 8 seat 2 role expand fs 0 body 1 pos 11,6 stuck 0
RC POS 93 id 21 seat 4 role defend fs 0 body 1 pos 10,11 stuck 0
RC POS 94 id 8 seat 2 role expand fs 0 body 1 pos 11,5 stuck 0
RC POS 94 id 21 seat 4 role defend fs 0 body 1 pos 10,11 stuck 1
RC POS 95 id 8 seat 2 role expand fs 0 body 1 pos 12,5 stuck 0
RC POS 95 id 21 seat 4 role defend fs 0 body 1 pos 11,11 stuck 0
RC POS 96 id 8 seat 2 role expand fs 0 body 1 pos 12,4 stuck 0
RC POS 96 id 21 seat 4 role defend fs 0 body 1 pos 11,12 stuck 0
RC POS 97 id 8 seat 2 role expand fs 0 body 1 pos 12,5 stuck 0
RC POS 97 id 21 seat 4 role defend fs 0 body 1 pos 11,13 stuck 0
RC POS 98 id 8 seat 2 role expand fs 0 body 1 pos 12,6 stuck 0
RC POS 98 id 21 seat 4 role defend fs 0 body 1 pos 11,14 stuck 0
RC POS 99 id 8 seat 2 role expand fs 0 body 1 pos 12,7 stuck 0
RC POS 99 id 21 seat 4 role defend fs 0 body 1 pos 11,15 stuck 0
RC ECO 100 harvstore 4 harvseen -1 ti 26 units 8 scale 282.0
RC POS 100 id 8 seat 2 role expand fs 0 body 1 pos 12,8 stuck 0
RC POS 100 id 21 seat 4 role defend fs 0 body 1 pos 12,15 stuck 0
RC POS 101 id 8 seat 2 role expand fs 0 body 1 pos 12,9 stuck 0
RC POS 101 id 21 seat 4 role defend fs 0 body 1 pos 11,15 stuck 0
RC POS 102 id 8 seat 2 role expand fs 0 body 1 pos 11,9 stuck 0
RC POS 102 id 21 seat 4 role defend fs 0 body 1 pos 12,15 stuck 0
RC POS 103 id 8 seat 2 role expand fs 0 body 1 pos 10,9 stuck 0
RC POS 103 id 21 seat 4 role defend fs 0 body 1 pos 11,15 stuck 0
RC POS 104 id 8 seat 2 role expand fs 0 body 1 pos 9,9 stuck 0
RC POS 104 id 21 seat 4 role defend fs 0 body 1 pos 12,15 stuck 0
RC POS 105 id 8 seat 2 role expand fs 0 body 1 pos 9,10 stuck 0
RC POS 105 id 21 seat 4 role defend fs 0 body 1 pos 11,15 stuck 0
RC POS 106 id 8 seat 2 role expand fs 0 body 1 pos 9,10 stuck 1
RC POS 106 id 21 seat 4 role defend fs 0 body 1 pos 12,15 stuck 0
RC POS 107 id 21 seat 4 role defend fs 0 body 1 pos 11,15 stuck 0
RC POS 108 id 21 seat 4 role defend fs 0 body 1 pos 12,15 stuck 0
RC POS 109 id 21 seat 4 role defend fs 0 body 1 pos 11,15 stuck 0
RC POS 110 id 21 seat 4 role defend fs 0 body 1 pos 12,15 stuck 0
RC POS 111 id 21 seat 4 role defend fs 0 body 1 pos 11,15 stuck 0
RC POS 112 id 21 seat 4 role defend fs 0 body 1 pos 12,15 stuck 0
RC POS 113 id 21 seat 4 role defend fs 0 body 1 pos 11,15 stuck 0
RC POS 114 id 21 seat 4 role defend fs 0 body 1 pos 11,15 stuck 1
RC POS 115 id 21 seat 4 role defend fs 0 body 1 pos 11,15 stuck 2
RC POS 116 id 21 seat 4 role defend fs 0 body 1 pos 11,14 stuck 0
RC POS 117 id 21 seat 4 role defend fs 0 body 1 pos 11,14 stuck 1
RC POS 118 id 21 seat 4 role defend fs 0 body 1 pos 11,14 stuck 2
RC POS 119 id 21 seat 4 role defend fs 0 body 1 pos 11,13 stuck 0
RC POS 120 id 21 seat 4 role defend fs 0 body 1 pos 11,13 stuck 1
RC POS 121 id 21 seat 4 role defend fs 0 body 1 pos 11,12 stuck 0
RC POS 122 id 21 seat 4 role defend fs 0 body 1 pos 11,12 stuck 1
RC POS 123 id 21 seat 4 role defend fs 0 body 1 pos 11,12 stuck 2
RC POS 124 id 21 seat 4 role defend fs 0 body 1 pos 11,12 stuck 3
RC ECO 125 harvstore 5 harvseen -1 ti 26 units 7 scale 270.0
RC POS 125 id 21 seat 4 role defend fs 0 body 1 pos 11,12 stuck 4
RC POS 126 id 21 seat 4 role defend fs 0 body 1 pos 11,12 stuck 5
RC POS 127 id 21 seat 4 role defend fs 0 body 1 pos 11,11 stuck 0
RC POS 128 id 21 seat 4 role defend fs 0 body 1 pos 10,11 stuck 0
RC POS 129 id 21 seat 4 role defend fs 0 body 1 pos 9,11 stuck 0
RC POS 130 id 21 seat 4 role defend fs 0 body 1 pos 8,11 stuck 0
RC ECO 150 harvstore 5 harvseen -1 ti 15 units 7 scale 270.0
RC ECO 175 harvstore 5 harvseen -1 ti 83 units 7 scale 270.0
RC ECO 200 harvstore 5 harvseen -1 ti 92 units 7 scale 270.0
