Update available: 2.3.6 -> 2.3.8. Run: pip install --upgrade fcode
RC MAP w 18 h 18 ours 2,14 theirs 14,2
RC ECO 0 harvstore 0 harvseen -1 ti 500 units 1 scale 100.0
RC ECO 1 harvstore 0 harvseen -1 ti 470 units 2 scale 120.0
RC SEAT 1 id 3 seat 0
RC POS 1 id 3 seat 0 role raid fs 1 body 1 pos 4,13 stuck 0
RC TEMPO 1 id 3 body 1 born 1 lp 0 must 0 why norid ride None ti 434 lcost 28 acd 0 mcd 0 pos 4,13 dsq 200
RC ECO 2 harvstore 0 harvseen -1 ti 434 units 3 scale 140.0
RC POS 2 id 3 seat 0 role raid fs 1 body 1 pos 4,13 stuck 1
RC TEMPO 2 id 3 body 1 born 1 lp 0 must 0 why norid ride None ti 392 lcost 32 acd 0 mcd 0 pos 4,13 dsq 200
RC SEAT 2 id 5 seat 1
RC POS 2 id 5 seat 1 role expand fs 0 body 1 pos 1,16 stuck 0
RC ECO 3 harvstore 1 harvseen -1 ti 360 units 4 scale 165.0
RC POS 3 id 3 seat 0 role raid fs 1 body 1 pos 4,13 stuck 2
RC TEMPO 3 id 3 body 1 born 1 lp 0 must 0 why norid ride None ti 311 lcost 37 acd 0 mcd 0 pos 4,13 dsq 200
RC POS 3 id 5 seat 1 role expand fs 0 body 1 pos 1,16 stuck 1
RC SEAT 3 id 7 seat 2
RC POS 3 id 7 seat 2 role expand fs 0 body 1 pos 2,16 stuck 0
RC ECO 4 harvstore 1 harvseen -1 ti 311 units 5 scale 187.0
RC POS 4 id 3 seat 0 role raid fs 1 body 1 pos 4,13 stuck 3
RC TEMPO 4 id 3 body 1 born 1 lp 0 must 0 why norid ride None ti 311 lcost 37 acd 0 mcd 0 pos 4,13 dsq 200
RC POS 4 id 5 seat 1 role expand fs 0 body 1 pos 1,16 stuck 2
RC POS 4 id 7 seat 2 role expand fs 0 body 1 pos 2,16 stuck 1
RC SEAT 4 id 10 seat 3
APPT520 CLAIM 4 id 10
RC POS 4 id 10 seat 3 role raid fs 1 body 2 pos 3,13 stuck 0
RC TEMPO 4 id 10 body 2 born 4 lp 0 must 0 why norid ride None ti 311 lcost 37 acd 0 mcd 0 pos 3,13 dsq 221
RC ECO 5 harvstore 1 harvseen -1 ti 311 units 5 scale 187.0
RC POS 5 id 3 seat 0 role raid fs 1 body 1 pos 4,13 stuck 4
RC TEMPO 5 id 3 body 1 born 1 lp 0 must 1 why near2 ride None ti 311 lcost 37 acd 0 mcd 0 pos 4,13 dsq 200
RC HOP 5 lid 18 body 1 at 4,12 dsq 181
RC POS 5 id 5 seat 1 role expand fs 0 body 1 pos 1,15 stuck 0
RC POS 5 id 7 seat 2 role expand fs 0 body 1 pos 3,16 stuck 0
RC POS 5 id 10 seat 3 role raid fs 1 body 2 pos 3,12 stuck 0
RC TEMPO 5 id 10 body 2 born 4 lp 1 must 1 why near0 ride None ti 274 lcost 39 acd 0 mcd 0 pos 3,12 dsq 202
RC ECO 6 harvstore 1 harvseen -1 ti 284 units 6 scale 197.0
RC POS 6 id 3 seat 0 role raid fs 1 body 1 pos 4,13 stuck 5
RC TEMPO 6 id 3 body 1 born 1 lp 1 must 0 why near5 ride None ti 284 lcost 39 acd 0 mcd 0 pos 4,13 dsq 200
RC POS 6 id 5 seat 1 role expand fs 0 body 1 pos 1,14 stuck 0
RC POS 6 id 7 seat 2 role expand fs 0 body 1 pos 4,16 stuck 0
RC POS 6 id 10 seat 3 role raid fs 1 body 2 pos 3,11 stuck 0
RC TEMPO 6 id 10 body 2 born 4 lp 1 must 1 why near0 ride 5 ti 245 lcost 40 acd 0 mcd 0 pos 3,11 dsq 185
RC THROW 6 lid 18 body 3 n 1
RC ECO 7 harvstore 2 harvseen -1 ti 245 units 6 scale 202.0
RC POS 7 id 3 seat 0 role raid fs 1 body 1 pos 8,9 stuck 0
RC TEMPO 7 id 3 body 1 born 1 lp 0 must 0 why near20 ride 6 ti 229 lcost 40 acd 0 mcd 0 pos 8,9 dsq 72
RC HOP 7 lid 24 body 1 at 8,8 dsq 61
RC POS 7 id 5 seat 1 role expand fs 0 body 1 pos 1,13 stuck 0
RC POS 7 id 7 seat 2 role expand fs 0 body 1 pos 4,16 stuck 1
RC POS 7 id 10 seat 3 role raid fs 1 body 2 pos 4,11 stuck 0
RC TEMPO 7 id 10 body 2 born 4 lp 1 must 1 why near0 ride 6 ti 183 lcost 42 acd 0 mcd 0 pos 4,11 dsq 164
RC THROW 7 lid 18 body 10 n 2
RC ECO 8 harvstore 2 harvseen -1 ti 193 units 6 scale 203.0
RC POS 8 id 3 seat 0 role raid fs 1 body 1 pos 8,9 stuck 1
RC TEMPO 8 id 3 body 1 born 1 lp 1 must 1 why near2 ride 6 ti 193 lcost 40 acd 0 mcd 0 pos 8,9 dsq 72
RC POS 8 id 5 seat 1 role expand fs 0 body 1 pos 2,13 stuck 0
RC POS 8 id 7 seat 2 role expand fs 0 body 1 pos 4,16 stuck 2
RC POS 8 id 10 seat 3 role raid fs 1 body 2 pos 7,8 stuck 0
RC TEMPO 8 id 10 body 2 born 4 lp 1 must 1 why near0 ride 7 ti 193 lcost 40 acd 0 mcd 0 pos 7,8 dsq 74
RC THROW 8 lid 24 body 3 n 1
RC ECO 9 harvstore 2 harvseen -1 ti 193 units 6 scale 203.0
RC POS 9 id 3 seat 0 role raid fs 1 body 1 pos 12,5 stuck 0
RC ARRIVE 9 id 3 body 1 dsq 8
ARC520 CLAIM 9 id 3 body 1 arc 1 at (12, 5)
RC POS 9 id 5 seat 1 role expand fs 0 body 1 pos 3,13 stuck 0
RC POS 9 id 7 seat 2 role expand fs 0 body 1 pos 3,16 stuck 0
RC POS 9 id 10 seat 3 role raid fs 1 body 2 pos 7,7 stuck 0
RC TEMPO 9 id 10 body 2 born 4 lp 1 must 1 why near0 ride 8 ti 187 lcost 40 acd 0 mcd 0 pos 7,7 dsq 65
RC THROW 9 lid 24 body 10 n 2
RC ECO 10 harvstore 2 harvseen -1 ti 197 units 5 scale 194.0
RC POS 10 id 3 seat 0 role raid fs 1 body 1 pos 12,4 stuck 0
RC POS 10 id 5 seat 1 role expand fs 0 body 1 pos 4,13 stuck 0
RC POS 10 id 7 seat 2 role expand fs 0 body 1 pos 3,16 stuck 1
RC POS 10 id 10 seat 3 role raid fs 1 body 2 pos 12,5 stuck 0
RC ARRIVE 10 id 10 body 2 dsq 8
ARC520 COLLIDE 10 id 10 body 2 peer 1 took 2 n 1
ARC520 CLAIM 10 id 10 body 2 arc 2 at (12, 5)
RC ECO 11 harvstore 2 harvseen -1 ti 139 units 6 scale 214.0
RC POS 11 id 3 seat 0 role raid fs 1 body 1 pos 13,4 stuck 0
RC POS 11 id 5 seat 1 role expand fs 0 body 1 pos 4,12 stuck 0
RC POS 11 id 7 seat 2 role expand fs 0 body 1 pos 4,16 stuck 0
RC POS 11 id 10 seat 3 role raid fs 1 body 2 pos 12,4 stuck 0
RC SEAT 11 id 32 seat 4
RC POS 11 id 32 seat 4 role defend fs 0 body 1 pos 1,15 stuck 0
RC ECO 12 harvstore 2 harvseen -1 ti 153 units 6 scale 215.0
RC POS 12 id 3 seat 0 role raid fs 1 body 1 pos 13,4 stuck 1
RC POS 12 id 5 seat 1 role expand fs 0 body 1 pos 5,12 stuck 0
RC POS 12 id 7 seat 2 role expand fs 0 body 1 pos 4,15 stuck 0
RC POS 12 id 10 seat 3 role raid fs 1 body 2 pos 12,3 stuck 0
RC POS 12 id 32 seat 4 role defend fs 0 body 1 pos 1,16 stuck 0
RC ECO 13 harvstore 2 harvseen -1 ti 153 units 6 scale 215.0
RC POS 13 id 3 seat 0 role raid fs 1 body 1 pos 14,4 stuck 0
RC POS 13 id 5 seat 1 role expand fs 0 body 1 pos 5,11 stuck 0
RC POS 13 id 7 seat 2 role expand fs 0 body 1 pos 4,14 stuck 0
RC POS 13 id 10 seat 3 role raid fs 1 body 2 pos 12,2 stuck 0
RC POS 13 id 32 seat 4 role defend fs 0 body 1 pos 2,16 stuck 0
RC ECO 14 harvstore 2 harvseen -1 ti 151 units 6 scale 217.0
RC POS 14 id 3 seat 0 role raid fs 1 body 1 pos 14,4 stuck 1
RC POS 14 id 5 seat 1 role expand fs 0 body 1 pos 5,10 stuck 0
RC POS 14 id 7 seat 2 role expand fs 0 body 1 pos 4,13 stuck 0
RC POS 14 id 10 seat 3 role raid fs 1 body 2 pos 12,2 stuck 1
RC POS 14 id 32 seat 4 role defend fs 0 body 1 pos 3,16 stuck 0
RC ECO 15 harvstore 2 harvseen -1 ti 151 units 6 scale 217.0
RC POS 15 id 3 seat 0 role raid fs 1 body 1 pos 14,5 stuck 0
RC POS 15 id 5 seat 1 role expand fs 0 body 1 pos 5,9 stuck 0
RC POS 15 id 7 seat 2 role expand fs 0 body 1 pos 5,13 stuck 0
RC POS 15 id 10 seat 3 role raid fs 1 body 2 pos 12,3 stuck 0
RC POS 15 id 32 seat 4 role defend fs 0 body 1 pos 4,16 stuck 0
RC ECO 16 harvstore 2 harvseen -1 ti 165 units 6 scale 218.0
RC POS 16 id 3 seat 0 role raid fs 1 body 1 pos 14,5 stuck 1
RC POS 16 id 5 seat 1 role expand fs 0 body 1 pos 6,9 stuck 0
RC POS 16 id 7 seat 2 role expand fs 0 body 1 pos 5,12 stuck 0
RC POS 16 id 10 seat 3 role raid fs 1 body 2 pos 12,4 stuck 0
RC POS 16 id 32 seat 4 role defend fs 0 body 1 pos 4,17 stuck 0
RC ECO 17 harvstore 2 harvseen -1 ti 165 units 6 scale 218.0
RC POS 17 id 3 seat 0 role raid fs 1 body 1 pos 15,5 stuck 0
RC POS 17 id 5 seat 1 role expand fs 0 body 1 pos 7,9 stuck 0
RC POS 17 id 7 seat 2 role expand fs 0 body 1 pos 6,12 stuck 0
RC POS 17 id 10 seat 3 role raid fs 1 body 2 pos 13,4 stuck 0
RC POS 17 id 32 seat 4 role defend fs 0 body 1 pos 5,17 stuck 0
RC ECO 18 harvstore 3 harvseen -1 ti 132 units 6 scale 223.0
RC POS 18 id 3 seat 0 role raid fs 1 body 1 pos 14,5 stuck 0
RC POS 18 id 5 seat 1 role expand fs 0 body 1 pos 7,9 stuck 1
RC POS 18 id 7 seat 2 role expand fs 0 body 1 pos 7,12 stuck 0
RC POS 18 id 10 seat 3 role raid fs 1 body 2 pos 12,4 stuck 0
RC POS 18 id 32 seat 4 role defend fs 0 body 1 pos 4,17 stuck 0
RC ECO 19 harvstore 3 harvseen -1 ti 126 units 6 scale 224.0
RC POS 19 id 3 seat 0 role raid fs 1 body 1 pos 13,5 stuck 0
RC POS 19 id 5 seat 1 role expand fs 0 body 1 pos 7,9 stuck 2
RC POS 19 id 7 seat 2 role expand fs 0 body 1 pos 8,12 stuck 0
RC POS 19 id 10 seat 3 role raid fs 1 body 2 pos 12,5 stuck 0
RC POS 19 id 32 seat 4 role defend fs 0 body 1 pos 3,17 stuck 0
RC ECO 20 harvstore 3 harvseen -1 ti 146 units 6 scale 224.0
RC POS 20 id 3 seat 0 role raid fs 1 body 1 pos 13,6 stuck 0
RC POS 20 id 5 seat 1 role expand fs 0 body 1 pos 6,9 stuck 0
RC POS 20 id 7 seat 2 role expand fs 0 body 1 pos 9,12 stuck 0
RC POS 20 id 10 seat 3 role raid fs 1 body 2 pos 12,4 stuck 0
RC POS 20 id 32 seat 4 role defend fs 0 body 1 pos 2,17 stuck 0
RC ECO 21 harvstore 3 harvseen -1 ti 132 units 6 scale 225.0
RC POS 21 id 3 seat 0 role raid fs 1 body 1 pos 13,5 stuck 0
RC POS 21 id 5 seat 1 role expand fs 0 body 1 pos 6,9 stuck 1
RC POS 21 id 7 seat 2 role expand fs 0 body 1 pos 10,12 stuck 0
RC POS 21 id 10 seat 3 role raid fs 1 body 2 pos 12,5 stuck 0
RC POS 21 id 32 seat 4 role defend fs 0 body 1 pos 2,16 stuck 0
RC ECO 22 harvstore 3 harvseen -1 ti 136 units 6 scale 226.0
RC POS 22 id 3 seat 0 role raid fs 1 body 1 pos 13,4 stuck 0
RC POS 22 id 5 seat 1 role expand fs 0 body 1 pos 6,9 stuck 2
RC POS 22 id 7 seat 2 role expand fs 0 body 1 pos 9,12 stuck 0
RC POS 22 id 10 seat 3 role raid fs 1 body 2 pos 12,4 stuck 0
RC POS 22 id 32 seat 4 role defend fs 0 body 1 pos 3,16 stuck 0
RC ECO 23 harvstore 3 harvseen -1 ti 136 units 4 scale 186.0
RC POS 23 id 5 seat 1 role expand fs 0 body 1 pos 5,9 stuck 0
RC POS 23 id 7 seat 2 role expand fs 0 body 1 pos 8,12 stuck 0
RC POS 23 id 32 seat 4 role defend fs 0 body 1 pos 4,16 stuck 0
RC ECO 24 harvstore 3 harvseen -1 ti 95 units 5 scale 207.0
RC POS 24 id 5 seat 1 role expand fs 0 body 1 pos 5,9 stuck 1
RC POS 24 id 7 seat 2 role expand fs 0 body 1 pos 9,12 stuck 0
RC POS 24 id 32 seat 4 role defend fs 0 body 1 pos 4,16 stuck 1
RC ECO 25 harvstore 3 harvseen -1 ti 95 units 5 scale 207.0
RC POS 25 id 5 seat 1 role expand fs 0 body 1 pos 4,9 stuck 0
RC POS 25 id 7 seat 2 role expand fs 0 body 1 pos 10,12 stuck 0
RC POS 25 id 32 seat 4 role defend fs 0 body 1 pos 4,15 stuck 0
RC ECO 26 harvstore 3 harvseen -1 ti 89 units 5 scale 207.0
RC POS 26 id 5 seat 1 role expand fs 0 body 1 pos 4,9 stuck 1
RC POS 26 id 7 seat 2 role expand fs 0 body 1 pos 11,12 stuck 0
RC POS 26 id 32 seat 4 role defend fs 0 body 1 pos 5,15 stuck 0
RC ECO 27 harvstore 3 harvseen -1 ti 27 units 6 scale 227.0
RC POS 27 id 5 seat 1 role expand fs 0 body 1 pos 3,9 stuck 0
RC POS 27 id 7 seat 2 role expand fs 0 body 1 pos 12,12 stuck 0
RC POS 27 id 32 seat 4 role defend fs 0 body 1 pos 5,15 stuck 1
RC ECO 28 harvstore 3 harvseen -1 ti 31 units 6 scale 227.0
RC POS 28 id 5 seat 1 role expand fs 0 body 1 pos 3,9 stuck 1
RC POS 28 id 7 seat 2 role expand fs 0 body 1 pos 11,12 stuck 0
RC POS 28 id 32 seat 4 role defend fs 0 body 1 pos 6,15 stuck 0
RC ECO 29 harvstore 3 harvseen -1 ti 31 units 6 scale 227.0
RC POS 29 id 5 seat 1 role expand fs 0 body 1 pos 3,10 stuck 0
RC POS 29 id 7 seat 2 role expand fs 0 body 1 pos 10,12 stuck 0
RC POS 29 id 32 seat 4 role defend fs 0 body 1 pos 6,14 stuck 0
RC ECO 30 harvstore 3 harvseen -1 ti 25 units 6 scale 228.0
RC POS 30 id 5 seat 1 role expand fs 0 body 1 pos 3,10 stuck 1
RC POS 30 id 7 seat 2 role expand fs 0 body 1 pos 9,12 stuck 0
RC POS 30 id 32 seat 4 role defend fs 0 body 1 pos 6,13 stuck 0
RC ECO 31 harvstore 3 harvseen -1 ti 25 units 6 scale 228.0
RC POS 31 id 5 seat 1 role expand fs 0 body 1 pos 3,11 stuck 0
RC POS 31 id 7 seat 2 role expand fs 0 body 1 pos 10,12 stuck 0
RC POS 31 id 32 seat 4 role defend fs 0 body 1 pos 6,12 stuck 0
RC ECO 32 harvstore 3 harvseen -1 ti 39 units 6 scale 229.0
RC POS 32 id 5 seat 1 role expand fs 0 body 1 pos 3,11 stuck 1
RC POS 32 id 7 seat 2 role expand fs 0 body 1 pos 11,12 stuck 0
RC POS 32 id 32 seat 4 role defend fs 0 body 1 pos 6,12 stuck 1
RC ECO 33 harvstore 3 harvseen -1 ti 39 units 6 scale 229.0
RC POS 33 id 5 seat 1 role expand fs 0 body 1 pos 3,12 stuck 0
RC POS 33 id 7 seat 2 role expand fs 0 body 1 pos 12,12 stuck 0
RC POS 33 id 32 seat 4 role defend fs 0 body 1 pos 5,12 stuck 0
RC ECO 34 harvstore 3 harvseen -1 ti 39 units 6 scale 229.0
RC POS 34 id 5 seat 1 role expand fs 0 body 1 pos 3,12 stuck 1
RC POS 34 id 7 seat 2 role expand fs 0 body 1 pos 12,11 stuck 0
RC POS 34 id 32 seat 4 role defend fs 0 body 1 pos 4,12 stuck 0
RC ECO 35 harvstore 3 harvseen -1 ti 29 units 6 scale 229.0
RC POS 35 id 5 seat 1 role expand fs 0 body 1 pos 3,12 stuck 2
RC POS 35 id 7 seat 2 role expand fs 0 body 1 pos 12,12 stuck 0
RC POS 35 id 32 seat 4 role defend fs 0 body 1 pos 4,12 stuck 1
RC ECO 36 harvstore 3 harvseen -1 ti 39 units 6 scale 229.0
RC POS 36 id 5 seat 1 role expand fs 0 body 1 pos 3,12 stuck 3
RC POS 36 id 7 seat 2 role expand fs 0 body 1 pos 11,12 stuck 0
RC POS 36 id 32 seat 4 role defend fs 0 body 1 pos 4,13 stuck 0
RC ECO 37 harvstore 3 harvseen -1 ti 39 units 6 scale 229.0
RC POS 37 id 5 seat 1 role expand fs 0 body 1 pos 3,12 stuck 4
RC POS 37 id 7 seat 2 role expand fs 0 body 1 pos 10,12 stuck 0
RC POS 37 id 32 seat 4 role defend fs 0 body 1 pos 4,12 stuck 0
RC ECO 38 harvstore 3 harvseen -1 ti 39 units 6 scale 229.0
RC POS 38 id 5 seat 1 role expand fs 0 body 1 pos 3,12 stuck 5
RC POS 38 id 7 seat 2 role expand fs 0 body 1 pos 11,12 stuck 0
RC POS 38 id 32 seat 4 role defend fs 0 body 1 pos 4,11 stuck 0
RC ECO 39 harvstore 3 harvseen -1 ti 39 units 6 scale 229.0
RC POS 39 id 5 seat 1 role expand fs 0 body 1 pos 4,12 stuck 0
RC POS 39 id 7 seat 2 role expand fs 0 body 1 pos 12,12 stuck 0
RC POS 39 id 32 seat 4 role defend fs 0 body 1 pos 3,11 stuck 0
RC ECO 40 harvstore 3 harvseen -1 ti 49 units 6 scale 229.0
RC POS 40 id 5 seat 1 role expand fs 0 body 1 pos 4,13 stuck 0
RC POS 40 id 7 seat 2 role expand fs 0 body 1 pos 11,12 stuck 0
RC POS 40 id 32 seat 4 role defend fs 0 body 1 pos 2,11 stuck 0
RC ECO 41 harvstore 3 harvseen -1 ti 49 units 6 scale 229.0
RC POS 41 id 5 seat 1 role expand fs 0 body 1 pos 4,14 stuck 0
RC POS 41 id 7 seat 2 role expand fs 0 body 1 pos 12,12 stuck 0
RC POS 41 id 32 seat 4 role defend fs 0 body 1 pos 1,11 stuck 0
RC ECO 42 harvstore 3 harvseen -1 ti 59 units 6 scale 229.0
RC POS 42 id 5 seat 1 role expand fs 0 body 1 pos 4,13 stuck 0
RC POS 42 id 7 seat 2 role expand fs 0 body 1 pos 11,12 stuck 0
RC POS 42 id 32 seat 4 role defend fs 0 body 1 pos 1,12 stuck 0
RC ECO 43 harvstore 3 harvseen -1 ti 59 units 6 scale 229.0
RC POS 43 id 5 seat 1 role expand fs 0 body 1 pos 4,14 stuck 0
RC POS 43 id 7 seat 2 role expand fs 0 body 1 pos 12,12 stuck 0
RC POS 43 id 32 seat 4 role defend fs 0 body 1 pos 0,12 stuck 0
RC ECO 44 harvstore 3 harvseen -1 ti 79 units 6 scale 229.0
RC POS 44 id 5 seat 1 role expand fs 0 body 1 pos 4,13 stuck 0
RC POS 44 id 7 seat 2 role expand fs 0 body 1 pos 12,11 stuck 0
RC POS 44 id 32 seat 4 role defend fs 0 body 1 pos 1,12 stuck 0
RC ECO 45 harvstore 3 harvseen -1 ti 11 units 7 scale 249.0
RC POS 45 id 5 seat 1 role expand fs 0 body 1 pos 4,14 stuck 0
RC POS 45 id 7 seat 2 role expand fs 0 body 1 pos 12,12 stuck 0
RC POS 45 id 32 seat 4 role defend fs 0 body 1 pos 1,12 stuck 1
RC ECO 46 harvstore 3 harvseen -1 ti 21 units 7 scale 249.0
RC POS 46 id 5 seat 1 role expand fs 0 body 1 pos 4,13 stuck 0
RC POS 46 id 7 seat 2 role expand fs 0 body 1 pos 11,12 stuck 0
RC POS 46 id 32 seat 4 role defend fs 0 body 1 pos 1,12 stuck 2
RC ECO 47 harvstore 3 harvseen -1 ti 12 units 7 scale 249.0
RC POS 47 id 5 seat 1 role expand fs 0 body 1 pos 4,14 stuck 0
RC POS 47 id 7 seat 2 role expand fs 0 body 1 pos 10,12 stuck 0
RC POS 47 id 32 seat 4 role defend fs 0 body 1 pos 0,12 stuck 0
RC ECO 48 harvstore 3 harvseen -1 ti 32 units 7 scale 249.0
RC POS 48 id 5 seat 1 role expand fs 0 body 1 pos 4,13 stuck 0
RC POS 48 id 7 seat 2 role expand fs 0 body 1 pos 9,12 stuck 0
RC POS 48 id 32 seat 4 role defend fs 0 body 1 pos 0,11 stuck 0
RC ECO 49 harvstore 3 harvseen -1 ti 21 units 7 scale 249.0
RC POS 49 id 5 seat 1 role expand fs 0 body 1 pos 4,12 stuck 0
RC POS 49 id 7 seat 2 role expand fs 0 body 1 pos 8,12 stuck 0
RC POS 49 id 32 seat 4 role defend fs 0 body 1 pos 0,10 stuck 0
RC ECO 50 harvstore 3 harvseen -1 ti 22 units 7 scale 249.0
RC POS 50 id 5 seat 1 role expand fs 0 body 1 pos 3,12 stuck 0
RC POS 50 id 7 seat 2 role expand fs 0 body 1 pos 9,12 stuck 0
RC POS 50 id 32 seat 4 role defend fs 0 body 1 pos 1,10 stuck 0
RC ECO 51 harvstore 3 harvseen -1 ti 22 units 7 scale 249.0
RC POS 51 id 5 seat 1 role expand fs 0 body 1 pos 2,12 stuck 0
RC POS 51 id 7 seat 2 role expand fs 0 body 1 pos 10,12 stuck 0
RC POS 51 id 32 seat 4 role defend fs 0 body 1 pos 2,10 stuck 0
RC ECO 52 harvstore 3 harvseen -1 ti 32 units 7 scale 249.0
RC POS 52 id 5 seat 1 role expand fs 0 body 1 pos 1,12 stuck 0
RC POS 52 id 7 seat 2 role expand fs 0 body 1 pos 9,12 stuck 0
RC POS 52 id 32 seat 4 role defend fs 0 body 1 pos 2,11 stuck 0
RC ECO 53 harvstore 3 harvseen -1 ti 32 units 7 scale 249.0
RC POS 53 id 5 seat 1 role expand fs 0 body 1 pos 1,13 stuck 0
RC POS 53 id 7 seat 2 role expand fs 0 body 1 pos 8,12 stuck 0
RC POS 53 id 32 seat 4 role defend fs 0 body 1 pos 2,12 stuck 0
RC ECO 54 harvstore 3 harvseen -1 ti 42 units 7 scale 249.0
RC POS 54 id 5 seat 1 role expand fs 0 body 1 pos 1,14 stuck 0
RC POS 54 id 7 seat 2 role expand fs 0 body 1 pos 9,12 stuck 0
RC POS 54 id 32 seat 4 role defend fs 0 body 1 pos 1,12 stuck 0
RC ECO 55 harvstore 3 harvseen -1 ti 42 units 7 scale 249.0
RC POS 55 id 5 seat 1 role expand fs 0 body 1 pos 1,15 stuck 0
RC POS 55 id 7 seat 2 role expand fs 0 body 1 pos 10,12 stuck 0
RC POS 55 id 32 seat 4 role defend fs 0 body 1 pos 1,13 stuck 0
RC ECO 56 harvstore 3 harvseen -1 ti 62 units 7 scale 249.0
RC POS 56 id 5 seat 1 role expand fs 0 body 1 pos 1,16 stuck 0
RC POS 56 id 7 seat 2 role expand fs 0 body 1 pos 11,12 stuck 0
RC POS 56 id 32 seat 4 role defend fs 0 body 1 pos 1,14 stuck 0
RC ECO 57 harvstore 3 harvseen -1 ti 62 units 7 scale 249.0
RC POS 57 id 5 seat 1 role expand fs 0 body 1 pos 1,15 stuck 0
RC POS 57 id 7 seat 2 role expand fs 0 body 1 pos 12,12 stuck 0
RC POS 57 id 32 seat 4 role defend fs 0 body 1 pos 0,14 stuck 0
RC ECO 58 harvstore 3 harvseen -1 ti 72 units 7 scale 249.0
RC POS 58 id 5 seat 1 role expand fs 0 body 1 pos 1,14 stuck 0
RC POS 58 id 7 seat 2 role expand fs 0 body 1 pos 12,11 stuck 0
RC POS 58 id 32 seat 4 role defend fs 0 body 1 pos 0,15 stuck 0
RC ECO 59 harvstore 3 harvseen -1 ti 72 units 7 scale 249.0
RC POS 59 id 5 seat 1 role expand fs 0 body 1 pos 1,13 stuck 0
RC POS 59 id 7 seat 2 role expand fs 0 body 1 pos 12,10 stuck 0
RC POS 59 id 32 seat 4 role defend fs 0 body 1 pos 0,16 stuck 0
RC ECO 60 harvstore 3 harvseen -1 ti 92 units 7 scale 249.0
RC POS 60 id 5 seat 1 role expand fs 0 body 1 pos 1,12 stuck 0
RC POS 60 id 7 seat 2 role expand fs 0 body 1 pos 12,9 stuck 0
RC POS 60 id 32 seat 4 role defend fs 0 body 1 pos 0,17 stuck 0
RC POS 61 id 5 seat 1 role expand fs 0 body 1 pos 2,12 stuck 0
RC POS 61 id 7 seat 2 role expand fs 0 body 1 pos 12,8 stuck 0
RC POS 61 id 32 seat 4 role defend fs 0 body 1 pos 0,16 stuck 0
RC POS 62 id 5 seat 1 role expand fs 0 body 1 pos 3,12 stuck 0
RC POS 62 id 7 seat 2 role expand fs 0 body 1 pos 11,8 stuck 0
RC POS 62 id 32 seat 4 role defend fs 0 body 1 pos 0,15 stuck 0
RC POS 63 id 5 seat 1 role expand fs 0 body 1 pos 4,12 stuck 0
RC POS 63 id 7 seat 2 role expand fs 0 body 1 pos 10,8 stuck 0
RC POS 63 id 32 seat 4 role defend fs 0 body 1 pos 0,14 stuck 0
RC POS 64 id 5 seat 1 role expand fs 0 body 1 pos 5,12 stuck 0
RC POS 64 id 7 seat 2 role expand fs 0 body 1 pos 10,7 stuck 0
RC POS 64 id 32 seat 4 role defend fs 0 body 1 pos 0,14 stuck 1
RC POS 65 id 5 seat 1 role expand fs 0 body 1 pos 5,11 stuck 0
RC POS 65 id 7 seat 2 role expand fs 0 body 1 pos 9,7 stuck 0
RC POS 65 id 32 seat 4 role defend fs 0 body 1 pos 1,14 stuck 0
RC POS 66 id 5 seat 1 role expand fs 0 body 1 pos 5,10 stuck 0
RC POS 66 id 7 seat 2 role expand fs 0 body 1 pos 10,7 stuck 0
RC POS 66 id 32 seat 4 role defend fs 0 body 1 pos 1,13 stuck 0
RC POS 67 id 5 seat 1 role expand fs 0 body 1 pos 5,9 stuck 0
RC POS 67 id 7 seat 2 role expand fs 0 body 1 pos 10,8 stuck 0
RC POS 67 id 32 seat 4 role defend fs 0 body 1 pos 1,12 stuck 0
RC POS 68 id 5 seat 1 role expand fs 0 body 1 pos 6,9 stuck 0
RC POS 68 id 7 seat 2 role expand fs 0 body 1 pos 11,8 stuck 0
RC POS 68 id 32 seat 4 role defend fs 0 body 1 pos 0,12 stuck 0
RC POS 69 id 5 seat 1 role expand fs 0 body 1 pos 7,9 stuck 0
RC POS 69 id 7 seat 2 role expand fs 0 body 1 pos 12,8 stuck 0
RC POS 69 id 32 seat 4 role defend fs 0 body 1 pos 0,11 stuck 0
RC POS 70 id 5 seat 1 role expand fs 0 body 1 pos 7,8 stuck 0
RC POS 70 id 7 seat 2 role expand fs 0 body 1 pos 12,9 stuck 0
RC POS 70 id 32 seat 4 role defend fs 0 body 1 pos 0,10 stuck 0
RC POS 71 id 5 seat 1 role expand fs 0 body 1 pos 7,9 stuck 0
RC POS 71 id 7 seat 2 role expand fs 0 body 1 pos 12,10 stuck 0
RC POS 71 id 32 seat 4 role defend fs 0 body 1 pos 0,10 stuck 1
RC POS 72 id 5 seat 1 role expand fs 0 body 1 pos 6,9 stuck 0
RC POS 72 id 7 seat 2 role expand fs 0 body 1 pos 12,11 stuck 0
RC POS 72 id 32 seat 4 role defend fs 0 body 1 pos 1,10 stuck 0
RC POS 73 id 5 seat 1 role expand fs 0 body 1 pos 5,9 stuck 0
RC POS 73 id 7 seat 2 role expand fs 0 body 1 pos 12,12 stuck 0
RC POS 73 id 32 seat 4 role defend fs 0 body 1 pos 1,9 stuck 0
RC POS 74 id 5 seat 1 role expand fs 0 body 1 pos 5,10 stuck 0
RC POS 74 id 7 seat 2 role expand fs 0 body 1 pos 11,12 stuck 0
RC POS 74 id 32 seat 4 role defend fs 0 body 1 pos 1,8 stuck 0
RC ECO 75 harvstore 3 harvseen -1 ti 38 units 9 scale 289.0
RC POS 75 id 5 seat 1 role expand fs 0 body 1 pos 5,11 stuck 0
RC POS 75 id 7 seat 2 role expand fs 0 body 1 pos 10,12 stuck 0
RC POS 75 id 32 seat 4 role defend fs 0 body 1 pos 2,8 stuck 0
RC POS 76 id 5 seat 1 role expand fs 0 body 1 pos 5,12 stuck 0
RC POS 76 id 7 seat 2 role expand fs 0 body 1 pos 9,12 stuck 0
RC POS 76 id 32 seat 4 role defend fs 0 body 1 pos 3,8 stuck 0
RC POS 77 id 5 seat 1 role expand fs 0 body 1 pos 5,13 stuck 0
RC POS 77 id 7 seat 2 role expand fs 0 body 1 pos 8,12 stuck 0
RC POS 77 id 32 seat 4 role defend fs 0 body 1 pos 4,8 stuck 0
RC POS 78 id 5 seat 1 role expand fs 0 body 1 pos 4,13 stuck 0
RC POS 78 id 7 seat 2 role expand fs 0 body 1 pos 8,13 stuck 0
RC POS 78 id 32 seat 4 role defend fs 0 body 1 pos 5,8 stuck 0
RC POS 79 id 5 seat 1 role expand fs 0 body 1 pos 4,14 stuck 0
RC POS 79 id 7 seat 2 role expand fs 0 body 1 pos 7,13 stuck 0
RC POS 79 id 32 seat 4 role defend fs 0 body 1 pos 5,9 stuck 0
RC POS 80 id 5 seat 1 role expand fs 0 body 1 pos 4,13 stuck 0
RC POS 80 id 7 seat 2 role expand fs 0 body 1 pos 6,13 stuck 0
RC POS 80 id 32 seat 4 role defend fs 0 body 1 pos 5,10 stuck 0
RC POS 81 id 5 seat 1 role expand fs 0 body 1 pos 4,12 stuck 0
RC POS 81 id 7 seat 2 role expand fs 0 body 1 pos 6,14 stuck 0
RC POS 81 id 32 seat 4 role defend fs 0 body 1 pos 5,10 stuck 1
RC POS 82 id 5 seat 1 role expand fs 0 body 1 pos 3,12 stuck 0
RC POS 82 id 7 seat 2 role expand fs 0 body 1 pos 6,15 stuck 0
RC POS 82 id 32 seat 4 role defend fs 0 body 1 pos 5,10 stuck 2
RC POS 83 id 5 seat 1 role expand fs 0 body 1 pos 2,12 stuck 0
RC POS 83 id 7 seat 2 role expand fs 0 body 1 pos 5,15 stuck 0
RC POS 83 id 32 seat 4 role defend fs 0 body 1 pos 4,10 stuck 0
RC POS 84 id 5 seat 1 role expand fs 0 body 1 pos 1,12 stuck 0
RC POS 84 id 7 seat 2 role expand fs 0 body 1 pos 4,15 stuck 0
RC POS 84 id 32 seat 4 role defend fs 0 body 1 pos 4,11 stuck 0
RC POS 85 id 5 seat 1 role expand fs 0 body 1 pos 1,13 stuck 0
RC POS 85 id 7 seat 2 role expand fs 0 body 1 pos 4,16 stuck 0
RC POS 85 id 32 seat 4 role defend fs 0 body 1 pos 4,12 stuck 0
RC POS 86 id 5 seat 1 role expand fs 0 body 1 pos 1,14 stuck 0
RC POS 86 id 7 seat 2 role expand fs 0 body 1 pos 4,15 stuck 0
RC POS 86 id 32 seat 4 role defend fs 0 body 1 pos 4,13 stuck 0
RC POS 87 id 5 seat 1 role expand fs 0 body 1 pos 1,15 stuck 0
RC POS 87 id 7 seat 2 role expand fs 0 body 1 pos 5,15 stuck 0
RC POS 87 id 32 seat 4 role defend fs 0 body 1 pos 5,13 stuck 0
RC POS 88 id 5 seat 1 role expand fs 0 body 1 pos 1,16 stuck 0
RC POS 88 id 7 seat 2 role expand fs 0 body 1 pos 4,15 stuck 0
RC POS 88 id 32 seat 4 role defend fs 0 body 1 pos 6,13 stuck 0
RC POS 89 id 5 seat 1 role expand fs 0 body 1 pos 1,15 stuck 0
RC POS 89 id 7 seat 2 role expand fs 0 body 1 pos 4,14 stuck 0
RC POS 89 id 32 seat 4 role defend fs 0 body 1 pos 7,13 stuck 0
RC POS 90 id 5 seat 1 role expand fs 0 body 1 pos 1,14 stuck 0
RC POS 90 id 7 seat 2 role expand fs 0 body 1 pos 4,13 stuck 0
RC POS 90 id 32 seat 4 role defend fs 0 body 1 pos 7,14 stuck 0
RC POS 91 id 5 seat 1 role expand fs 0 body 1 pos 1,13 stuck 0
RC POS 91 id 7 seat 2 role expand fs 0 body 1 pos 4,12 stuck 0
RC POS 91 id 32 seat 4 role defend fs 0 body 1 pos 8,14 stuck 0
RC POS 92 id 5 seat 1 role expand fs 0 body 1 pos 1,12 stuck 0
RC POS 92 id 7 seat 2 role expand fs 0 body 1 pos 4,11 stuck 0
RC POS 92 id 32 seat 4 role defend fs 0 body 1 pos 8,15 stuck 0
RC POS 93 id 5 seat 1 role expand fs 0 body 1 pos 2,12 stuck 0
RC POS 93 id 7 seat 2 role expand fs 0 body 1 pos 4,10 stuck 0
RC POS 93 id 32 seat 4 role defend fs 0 body 1 pos 8,16 stuck 0
RC POS 94 id 5 seat 1 role expand fs 0 body 1 pos 3,12 stuck 0
RC POS 94 id 7 seat 2 role expand fs 0 body 1 pos 5,10 stuck 0
RC POS 94 id 32 seat 4 role defend fs 0 body 1 pos 7,16 stuck 0
RC POS 95 id 5 seat 1 role expand fs 0 body 1 pos 4,12 stuck 0
RC POS 95 id 7 seat 2 role expand fs 0 body 1 pos 5,10 stuck 1
RC POS 95 id 32 seat 4 role defend fs 0 body 1 pos 7,17 stuck 0
RC POS 96 id 5 seat 1 role expand fs 0 body 1 pos 4,11 stuck 0
RC POS 96 id 7 seat 2 role expand fs 0 body 1 pos 5,9 stuck 0
RC POS 96 id 32 seat 4 role defend fs 0 body 1 pos 6,17 stuck 0
RC POS 97 id 5 seat 1 role expand fs 0 body 1 pos 4,12 stuck 0
RC POS 97 id 7 seat 2 role expand fs 0 body 1 pos 6,9 stuck 0
RC POS 97 id 32 seat 4 role defend fs 0 body 1 pos 6,16 stuck 0
RC POS 98 id 5 seat 1 role expand fs 0 body 1 pos 5,12 stuck 0
RC POS 98 id 7 seat 2 role expand fs 0 body 1 pos 6,9 stuck 1
RC POS 98 id 32 seat 4 role defend fs 0 body 1 pos 6,15 stuck 0
RC POS 99 id 5 seat 1 role expand fs 0 body 1 pos 6,12 stuck 0
RC POS 99 id 7 seat 2 role expand fs 0 body 1 pos 6,9 stuck 2
RC POS 99 id 32 seat 4 role defend fs 0 body 1 pos 5,15 stuck 0
RC ECO 100 harvstore 3 harvseen -1 ti 102 units 10 scale 309.0
RC POS 100 id 5 seat 1 role expand fs 0 body 1 pos 7,12 stuck 0
RC POS 100 id 7 seat 2 role expand fs 0 body 1 pos 6,9 stuck 3
RC POS 100 id 32 seat 4 role defend fs 0 body 1 pos 4,15 stuck 0
RC POS 101 id 5 seat 1 role expand fs 0 body 1 pos 8,12 stuck 0
RC POS 101 id 7 seat 2 role expand fs 0 body 1 pos 7,9 stuck 0
RC POS 101 id 32 seat 4 role defend fs 0 body 1 pos 4,15 stuck 1
RC POS 102 id 5 seat 1 role expand fs 0 body 1 pos 9,12 stuck 0
RC POS 102 id 7 seat 2 role expand fs 0 body 1 pos 7,10 stuck 0
RC POS 102 id 32 seat 4 role defend fs 0 body 1 pos 4,16 stuck 0
RC POS 103 id 5 seat 1 role expand fs 0 body 1 pos 8,12 stuck 0
RC POS 103 id 7 seat 2 role expand fs 0 body 1 pos 8,10 stuck 0
RC POS 103 id 32 seat 4 role defend fs 0 body 1 pos 3,16 stuck 0
RC POS 104 id 5 seat 1 role expand fs 0 body 1 pos 7,12 stuck 0
RC POS 104 id 7 seat 2 role expand fs 0 body 1 pos 9,10 stuck 0
RC POS 104 id 32 seat 4 role defend fs 0 body 1 pos 3,17 stuck 0
RC POS 105 id 5 seat 1 role expand fs 0 body 1 pos 6,12 stuck 0
RC POS 105 id 7 seat 2 role expand fs 0 body 1 pos 10,10 stuck 0
RC POS 105 id 32 seat 4 role defend fs 0 body 1 pos 2,17 stuck 0
RC POS 106 id 5 seat 1 role expand fs 0 body 1 pos 5,12 stuck 0
RC POS 106 id 7 seat 2 role expand fs 0 body 1 pos 10,9 stuck 0
RC POS 106 id 32 seat 4 role defend fs 0 body 1 pos 3,17 stuck 0
RC POS 107 id 5 seat 1 role expand fs 0 body 1 pos 4,12 stuck 0
RC POS 107 id 7 seat 2 role expand fs 0 body 1 pos 10,8 stuck 0
RC POS 107 id 32 seat 4 role defend fs 0 body 1 pos 3,16 stuck 0
RC POS 108 id 5 seat 1 role expand fs 0 body 1 pos 4,11 stuck 0
RC POS 108 id 7 seat 2 role expand fs 0 body 1 pos 10,9 stuck 0
RC POS 108 id 32 seat 4 role defend fs 0 body 1 pos 4,16 stuck 0
RC POS 109 id 5 seat 1 role expand fs 0 body 1 pos 4,10 stuck 0
RC POS 109 id 7 seat 2 role expand fs 0 body 1 pos 10,10 stuck 0
RC POS 109 id 32 seat 4 role defend fs 0 body 1 pos 4,15 stuck 0
RC POS 110 id 5 seat 1 role expand fs 0 body 1 pos 5,10 stuck 0
RC POS 110 id 7 seat 2 role expand fs 0 body 1 pos 9,10 stuck 0
RC POS 110 id 32 seat 4 role defend fs 0 body 1 pos 5,15 stuck 0
RC POS 111 id 5 seat 1 role expand fs 0 body 1 pos 5,10 stuck 1
RC POS 111 id 7 seat 2 role expand fs 0 body 1 pos 8,10 stuck 0
RC POS 111 id 32 seat 4 role defend fs 0 body 1 pos 6,15 stuck 0
RC POS 112 id 5 seat 1 role expand fs 0 body 1 pos 5,9 stuck 0
RC POS 112 id 7 seat 2 role expand fs 0 body 1 pos 9,10 stuck 0
RC POS 112 id 32 seat 4 role defend fs 0 body 1 pos 6,14 stuck 0
RC POS 113 id 5 seat 1 role expand fs 0 body 1 pos 6,9 stuck 0
RC POS 113 id 7 seat 2 role expand fs 0 body 1 pos 10,10 stuck 0
RC POS 113 id 32 seat 4 role defend fs 0 body 1 pos 6,13 stuck 0
RC POS 114 id 5 seat 1 role expand fs 0 body 1 pos 6,9 stuck 1
RC POS 114 id 7 seat 2 role expand fs 0 body 1 pos 10,9 stuck 0
RC POS 114 id 32 seat 4 role defend fs 0 body 1 pos 5,13 stuck 0
RC POS 115 id 5 seat 1 role expand fs 0 body 1 pos 6,9 stuck 2
RC POS 115 id 7 seat 2 role expand fs 0 body 1 pos 10,8 stuck 0
RC POS 115 id 32 seat 4 role defend fs 0 body 1 pos 4,13 stuck 0
RC POS 116 id 5 seat 1 role expand fs 0 body 1 pos 6,9 stuck 3
RC POS 116 id 7 seat 2 role expand fs 0 body 1 pos 11,8 stuck 0
RC POS 116 id 32 seat 4 role defend fs 0 body 1 pos 4,12 stuck 0
RC POS 117 id 5 seat 1 role expand fs 0 body 1 pos 7,9 stuck 0
RC POS 117 id 7 seat 2 role expand fs 0 body 1 pos 12,8 stuck 0
RC POS 117 id 32 seat 4 role defend fs 0 body 1 pos 3,12 stuck 0
RC POS 118 id 5 seat 1 role expand fs 0 body 1 pos 7,8 stuck 0
RC POS 118 id 7 seat 2 role expand fs 0 body 1 pos 12,9 stuck 0
RC POS 118 id 32 seat 4 role defend fs 0 body 1 pos 2,12 stuck 0
RC POS 119 id 5 seat 1 role expand fs 0 body 1 pos 7,9 stuck 0
RC POS 119 id 7 seat 2 role expand fs 0 body 1 pos 12,10 stuck 0
RC POS 119 id 32 seat 4 role defend fs 0 body 1 pos 1,12 stuck 0
RC POS 120 id 5 seat 1 role expand fs 0 body 1 pos 6,9 stuck 0
RC POS 120 id 7 seat 2 role expand fs 0 body 1 pos 12,11 stuck 0
RC POS 120 id 32 seat 4 role defend fs 0 body 1 pos 1,13 stuck 0
RC POS 121 id 5 seat 1 role expand fs 0 body 1 pos 6,9 stuck 1
RC POS 121 id 7 seat 2 role expand fs 0 body 1 pos 12,12 stuck 0
RC POS 121 id 32 seat 4 role defend fs 0 body 1 pos 1,14 stuck 0
RC POS 122 id 5 seat 1 role expand fs 0 body 1 pos 5,9 stuck 0
RC POS 122 id 7 seat 2 role expand fs 0 body 1 pos 11,12 stuck 0
RC POS 122 id 32 seat 4 role defend fs 0 body 1 pos 1,15 stuck 0
RC POS 123 id 5 seat 1 role expand fs 0 body 1 pos 5,10 stuck 0
RC POS 123 id 7 seat 2 role expand fs 0 body 1 pos 10,12 stuck 0
RC POS 123 id 32 seat 4 role defend fs 0 body 1 pos 0,15 stuck 0
RC POS 124 id 5 seat 1 role expand fs 0 body 1 pos 5,10 stuck 1
RC POS 124 id 7 seat 2 role expand fs 0 body 1 pos 9,12 stuck 0
RC POS 124 id 32 seat 4 role defend fs 0 body 1 pos 0,16 stuck 0
RC ECO 125 harvstore 3 harvseen -1 ti 26 units 12 scale 348.0
RC POS 125 id 5 seat 1 role expand fs 0 body 1 pos 5,10 stuck 2
RC POS 125 id 7 seat 2 role expand fs 0 body 1 pos 8,12 stuck 0
RC POS 125 id 32 seat 4 role defend fs 0 body 1 pos 0,16 stuck 1
RC POS 126 id 5 seat 1 role expand fs 0 body 1 pos 5,10 stuck 3
RC POS 126 id 7 seat 2 role expand fs 0 body 1 pos 8,13 stuck 0
RC POS 126 id 32 seat 4 role defend fs 0 body 1 pos 0,15 stuck 0
RC POS 127 id 5 seat 1 role expand fs 0 body 1 pos 4,10 stuck 0
RC POS 127 id 7 seat 2 role expand fs 0 body 1 pos 7,13 stuck 0
RC POS 127 id 32 seat 4 role defend fs 0 body 1 pos 0,14 stuck 0
RC POS 128 id 5 seat 1 role expand fs 0 body 1 pos 4,11 stuck 0
RC POS 128 id 7 seat 2 role expand fs 0 body 1 pos 6,13 stuck 0
RC POS 128 id 32 seat 4 role defend fs 0 body 1 pos 1,14 stuck 0
RC POS 129 id 5 seat 1 role expand fs 0 body 1 pos 4,10 stuck 0
RC POS 129 id 7 seat 2 role expand fs 0 body 1 pos 6,14 stuck 0
RC POS 129 id 32 seat 4 role defend fs 0 body 1 pos 1,13 stuck 0
RC POS 130 id 5 seat 1 role expand fs 0 body 1 pos 4,11 stuck 0
RC POS 130 id 7 seat 2 role expand fs 0 body 1 pos 6,15 stuck 0
RC POS 130 id 32 seat 4 role defend fs 0 body 1 pos 1,12 stuck 0
RC POS 131 id 5 seat 1 role expand fs 0 body 1 pos 4,12 stuck 0
RC POS 131 id 7 seat 2 role expand fs 0 body 1 pos 5,15 stuck 0
RC POS 131 id 32 seat 4 role defend fs 0 body 1 pos 0,12 stuck 0
RC POS 132 id 5 seat 1 role expand fs 0 body 1 pos 3,12 stuck 0
RC POS 132 id 7 seat 2 role expand fs 0 body 1 pos 4,15 stuck 0
RC POS 132 id 32 seat 4 role defend fs 0 body 1 pos 0,11 stuck 0
RC POS 133 id 5 seat 1 role expand fs 0 body 1 pos 2,12 stuck 0
RC POS 133 id 7 seat 2 role expand fs 0 body 1 pos 4,16 stuck 0
RC POS 133 id 32 seat 4 role defend fs 0 body 1 pos 0,10 stuck 0
RC POS 134 id 5 seat 1 role expand fs 0 body 1 pos 1,12 stuck 0
RC POS 134 id 7 seat 2 role expand fs 0 body 1 pos 4,15 stuck 0
RC POS 134 id 32 seat 4 role defend fs 0 body 1 pos 1,10 stuck 0
RC POS 135 id 5 seat 1 role expand fs 0 body 1 pos 1,13 stuck 0
RC POS 135 id 7 seat 2 role expand fs 0 body 1 pos 5,15 stuck 0
RC POS 135 id 32 seat 4 role defend fs 0 body 1 pos 1,9 stuck 0
RC POS 136 id 5 seat 1 role expand fs 0 body 1 pos 1,14 stuck 0
RC POS 136 id 7 seat 2 role expand fs 0 body 1 pos 6,15 stuck 0
RC POS 136 id 32 seat 4 role defend fs 0 body 1 pos 1,8 stuck 0
RC POS 137 id 5 seat 1 role expand fs 0 body 1 pos 1,15 stuck 0
RC POS 137 id 7 seat 2 role expand fs 0 body 1 pos 6,14 stuck 0
RC POS 137 id 32 seat 4 role defend fs 0 body 1 pos 0,8 stuck 0
RC POS 138 id 5 seat 1 role expand fs 0 body 1 pos 1,16 stuck 0
RC POS 138 id 7 seat 2 role expand fs 0 body 1 pos 6,13 stuck 0
RC POS 138 id 32 seat 4 role defend fs 0 body 1 pos 0,7 stuck 0
RC POS 139 id 5 seat 1 role expand fs 0 body 1 pos 1,15 stuck 0
RC POS 139 id 7 seat 2 role expand fs 0 body 1 pos 6,12 stuck 0
RC POS 139 id 32 seat 4 role defend fs 0 body 1 pos 1,7 stuck 0
RC POS 140 id 5 seat 1 role expand fs 0 body 1 pos 1,14 stuck 0
RC POS 140 id 7 seat 2 role expand fs 0 body 1 pos 7,12 stuck 0
RC POS 140 id 32 seat 4 role defend fs 0 body 1 pos 2,7 stuck 0
RC POS 141 id 5 seat 1 role expand fs 0 body 1 pos 1,13 stuck 0
RC POS 141 id 7 seat 2 role expand fs 0 body 1 pos 8,12 stuck 0
RC POS 141 id 32 seat 4 role defend fs 0 body 1 pos 2,6 stuck 0
RC POS 142 id 5 seat 1 role expand fs 0 body 1 pos 1,12 stuck 0
RC POS 142 id 7 seat 2 role expand fs 0 body 1 pos 7,12 stuck 0
RC POS 142 id 32 seat 4 role defend fs 0 body 1 pos 3,6 stuck 0
RC POS 143 id 5 seat 1 role expand fs 0 body 1 pos 2,12 stuck 0
RC POS 143 id 7 seat 2 role expand fs 0 body 1 pos 8,12 stuck 0
RC POS 143 id 32 seat 4 role defend fs 0 body 1 pos 3,7 stuck 0
RC POS 144 id 5 seat 1 role expand fs 0 body 1 pos 3,12 stuck 0
RC POS 144 id 7 seat 2 role expand fs 0 body 1 pos 9,12 stuck 0
RC POS 144 id 32 seat 4 role defend fs 0 body 1 pos 3,8 stuck 0
RC POS 145 id 5 seat 1 role expand fs 0 body 1 pos 4,12 stuck 0
RC POS 145 id 7 seat 2 role expand fs 0 body 1 pos 10,12 stuck 0
RC POS 145 id 32 seat 4 role defend fs 0 body 1 pos 3,9 stuck 0
RC POS 146 id 5 seat 1 role expand fs 0 body 1 pos 4,11 stuck 0
RC POS 146 id 7 seat 2 role expand fs 0 body 1 pos 11,12 stuck 0
RC POS 146 id 32 seat 4 role defend fs 0 body 1 pos 3,9 stuck 1
RC POS 147 id 5 seat 1 role expand fs 0 body 1 pos 3,11 stuck 0
RC POS 147 id 7 seat 2 role expand fs 0 body 1 pos 12,12 stuck 0
RC POS 147 id 32 seat 4 role defend fs 0 body 1 pos 4,9 stuck 0
RC POS 148 id 5 seat 1 role expand fs 0 body 1 pos 3,10 stuck 0
RC POS 148 id 7 seat 2 role expand fs 0 body 1 pos 12,11 stuck 0
RC POS 148 id 32 seat 4 role defend fs 0 body 1 pos 4,9 stuck 1
RC POS 149 id 5 seat 1 role expand fs 0 body 1 pos 4,10 stuck 0
RC POS 149 id 7 seat 2 role expand fs 0 body 1 pos 12,10 stuck 0
RC POS 149 id 32 seat 4 role defend fs 0 body 1 pos 4,9 stuck 2
RC ECO 150 harvstore 3 harvseen -1 ti 34 units 13 scale 368.0
RC POS 150 id 5 seat 1 role expand fs 0 body 1 pos 5,10 stuck 0
RC POS 150 id 7 seat 2 role expand fs 0 body 1 pos 12,11 stuck 0
RC POS 150 id 32 seat 4 role defend fs 0 body 1 pos 4,10 stuck 0
RC POS 151 id 5 seat 1 role expand fs 0 body 1 pos 5,10 stuck 1
RC POS 151 id 7 seat 2 role expand fs 0 body 1 pos 12,12 stuck 0
RC POS 151 id 32 seat 4 role defend fs 0 body 1 pos 4,11 stuck 0
RC POS 152 id 5 seat 1 role expand fs 0 body 1 pos 5,9 stuck 0
RC POS 152 id 7 seat 2 role expand fs 0 body 1 pos 11,12 stuck 0
RC POS 152 id 32 seat 4 role defend fs 0 body 1 pos 4,12 stuck 0
RC POS 153 id 5 seat 1 role expand fs 0 body 1 pos 6,9 stuck 0
RC POS 153 id 7 seat 2 role expand fs 0 body 1 pos 12,12 stuck 0
RC POS 153 id 32 seat 4 role defend fs 0 body 1 pos 5,12 stuck 0
RC POS 154 id 5 seat 1 role expand fs 0 body 1 pos 7,9 stuck 0
RC POS 154 id 7 seat 2 role expand fs 0 body 1 pos 12,11 stuck 0
RC POS 154 id 32 seat 4 role defend fs 0 body 1 pos 6,12 stuck 0
RC POS 155 id 5 seat 1 role expand fs 0 body 1 pos 7,8 stuck 0
RC POS 155 id 7 seat 2 role expand fs 0 body 1 pos 12,10 stuck 0
RC POS 155 id 32 seat 4 role defend fs 0 body 1 pos 7,12 stuck 0
RC POS 156 id 5 seat 1 role expand fs 0 body 1 pos 7,9 stuck 0
RC POS 156 id 7 seat 2 role expand fs 0 body 1 pos 12,9 stuck 0
RC POS 156 id 32 seat 4 role defend fs 0 body 1 pos 8,12 stuck 0
RC POS 157 id 5 seat 1 role expand fs 0 body 1 pos 6,9 stuck 0
RC POS 157 id 7 seat 2 role expand fs 0 body 1 pos 12,8 stuck 0
RC POS 157 id 32 seat 4 role defend fs 0 body 1 pos 9,12 stuck 0
RC POS 158 id 5 seat 1 role expand fs 0 body 1 pos 5,9 stuck 0
RC POS 158 id 7 seat 2 role expand fs 0 body 1 pos 11,8 stuck 0
RC POS 158 id 32 seat 4 role defend fs 0 body 1 pos 10,12 stuck 0
RC POS 159 id 5 seat 1 role expand fs 0 body 1 pos 5,10 stuck 0
RC POS 159 id 7 seat 2 role expand fs 0 body 1 pos 10,8 stuck 0
RC POS 159 id 32 seat 4 role defend fs 0 body 1 pos 10,12 stuck 1
RC POS 160 id 5 seat 1 role expand fs 0 body 1 pos 4,10 stuck 0
RC POS 160 id 7 seat 2 role expand fs 0 body 1 pos 10,7 stuck 0
RC POS 160 id 32 seat 4 role defend fs 0 body 1 pos 11,12 stuck 0
RC POS 161 id 5 seat 1 role expand fs 0 body 1 pos 4,11 stuck 0
RC POS 161 id 7 seat 2 role expand fs 0 body 1 pos 9,7 stuck 0
RC POS 161 id 32 seat 4 role defend fs 0 body 1 pos 11,13 stuck 0
RC POS 162 id 5 seat 1 role expand fs 0 body 1 pos 4,12 stuck 0
RC POS 162 id 7 seat 2 role expand fs 0 body 1 pos 8,7 stuck 0
RC POS 162 id 32 seat 4 role defend fs 0 body 1 pos 11,14 stuck 0
RC POS 163 id 5 seat 1 role expand fs 0 body 1 pos 3,12 stuck 0
RC POS 163 id 7 seat 2 role expand fs 0 body 1 pos 7,7 stuck 0
RC POS 163 id 32 seat 4 role defend fs 0 body 1 pos 11,15 stuck 0
RC POS 164 id 5 seat 1 role expand fs 0 body 1 pos 2,12 stuck 0
RC POS 164 id 7 seat 2 role expand fs 0 body 1 pos 7,8 stuck 0
RC POS 164 id 32 seat 4 role defend fs 0 body 1 pos 11,16 stuck 0
RC POS 165 id 5 seat 1 role expand fs 0 body 1 pos 1,12 stuck 0
RC POS 165 id 7 seat 2 role expand fs 0 body 1 pos 7,9 stuck 0
RC POS 165 id 32 seat 4 role defend fs 0 body 1 pos 11,16 stuck 1
RC POS 166 id 5 seat 1 role expand fs 0 body 1 pos 1,13 stuck 0
RC POS 166 id 7 seat 2 role expand fs 0 body 1 pos 6,9 stuck 0
RC POS 166 id 32 seat 4 role defend fs 0 body 1 pos 11,16 stuck 2
RC POS 167 id 7 seat 2 role expand fs 0 body 1 pos 5,9 stuck 0
RC POS 167 id 32 seat 4 role defend fs 0 body 1 pos 11,16 stuck 3
RC POS 168 id 7 seat 2 role expand fs 0 body 1 pos 5,10 stuck 0
RC POS 168 id 32 seat 4 role defend fs 0 body 1 pos 11,16 stuck 4
RC POS 169 id 7 seat 2 role expand fs 0 body 1 pos 4,10 stuck 0
RC POS 169 id 32 seat 4 role defend fs 0 body 1 pos 11,16 stuck 5
RC POS 170 id 7 seat 2 role expand fs 0 body 1 pos 4,11 stuck 0
RC POS 170 id 32 seat 4 role defend fs 0 body 1 pos 10,16 stuck 0
RC POS 171 id 7 seat 2 role expand fs 0 body 1 pos 4,12 stuck 0
RC POS 171 id 32 seat 4 role defend fs 0 body 1 pos 9,16 stuck 0
RC POS 172 id 7 seat 2 role expand fs 0 body 1 pos 4,13 stuck 0
RC POS 172 id 32 seat 4 role defend fs 0 body 1 pos 8,16 stuck 0
RC POS 173 id 7 seat 2 role expand fs 0 body 1 pos 4,12 stuck 0
RC POS 173 id 32 seat 4 role defend fs 0 body 1 pos 7,16 stuck 0
RC POS 174 id 7 seat 2 role expand fs 0 body 1 pos 4,13 stuck 0
RC POS 174 id 32 seat 4 role defend fs 0 body 1 pos 6,16 stuck 0
RC ECO 175 harvstore 3 harvseen -1 ti 21 units 14 scale 389.0
RC POS 175 id 7 seat 2 role expand fs 0 body 1 pos 4,12 stuck 0
RC POS 175 id 32 seat 4 role defend fs 0 body 1 pos 6,15 stuck 0
RC POS 176 id 7 seat 2 role expand fs 0 body 1 pos 4,13 stuck 0
RC POS 176 id 32 seat 4 role defend fs 0 body 1 pos 6,15 stuck 1
RC POS 177 id 7 seat 2 role expand fs 0 body 1 pos 5,13 stuck 0
RC POS 177 id 32 seat 4 role defend fs 0 body 1 pos 6,15 stuck 2
RC POS 178 id 7 seat 2 role expand fs 0 body 1 pos 5,12 stuck 0
RC POS 178 id 32 seat 4 role defend fs 0 body 1 pos 6,15 stuck 3
RC POS 179 id 7 seat 2 role expand fs 0 body 1 pos 4,12 stuck 0
RC POS 179 id 32 seat 4 role defend fs 0 body 1 pos 6,15 stuck 4
RC POS 180 id 7 seat 2 role expand fs 0 body 1 pos 4,13 stuck 0
RC POS 180 id 32 seat 4 role defend fs 0 body 1 pos 6,14 stuck 0
RC POS 181 id 7 seat 2 role expand fs 0 body 1 pos 4,12 stuck 0
RC POS 181 id 32 seat 4 role defend fs 0 body 1 pos 6,13 stuck 0
RC POS 182 id 7 seat 2 role expand fs 0 body 1 pos 5,12 stuck 0
RC POS 182 id 32 seat 4 role defend fs 0 body 1 pos 5,13 stuck 0
RC POS 183 id 7 seat 2 role expand fs 0 body 1 pos 4,12 stuck 0
RC POS 183 id 32 seat 4 role defend fs 0 body 1 pos 6,13 stuck 0
RC POS 184 id 7 seat 2 role expand fs 0 body 1 pos 5,12 stuck 0
RC POS 184 id 32 seat 4 role defend fs 0 body 1 pos 5,13 stuck 0
RC POS 185 id 5 seat 1 role expand fs 0 body 1 pos 1,14 stuck 18
RC POS 185 id 7 seat 2 role expand fs 0 body 1 pos 4,12 stuck 0
RC POS 185 id 32 seat 4 role defend fs 0 body 1 pos 5,12 stuck 0
RC POS 186 id 5 seat 1 role expand fs 0 body 1 pos 1,13 stuck 0
RC POS 186 id 7 seat 2 role expand fs 0 body 1 pos 4,11 stuck 0
RC POS 186 id 32 seat 4 role defend fs 0 body 1 pos 4,12 stuck 0
RC POS 187 id 5 seat 1 role expand fs 0 body 1 pos 1,12 stuck 0
RC POS 187 id 7 seat 2 role expand fs 0 body 1 pos 4,10 stuck 0
RC POS 187 id 32 seat 4 role defend fs 0 body 1 pos 4,13 stuck 0
RC POS 188 id 5 seat 1 role expand fs 0 body 1 pos 2,12 stuck 0
RC POS 188 id 7 seat 2 role expand fs 0 body 1 pos 5,10 stuck 0
RC POS 188 id 32 seat 4 role defend fs 0 body 1 pos 4,12 stuck 0
RC POS 189 id 5 seat 1 role expand fs 0 body 1 pos 3,12 stuck 0
RC POS 189 id 7 seat 2 role expand fs 0 body 1 pos 5,9 stuck 0
RC POS 189 id 32 seat 4 role defend fs 0 body 1 pos 4,11 stuck 0
RC POS 190 id 5 seat 1 role expand fs 0 body 1 pos 4,12 stuck 0
RC POS 190 id 7 seat 2 role expand fs 0 body 1 pos 6,9 stuck 0
RC POS 190 id 32 seat 4 role defend fs 0 body 1 pos 3,11 stuck 0
RC POS 191 id 5 seat 1 role expand fs 0 body 1 pos 5,12 stuck 0
RC POS 191 id 7 seat 2 role expand fs 0 body 1 pos 7,9 stuck 0
RC POS 191 id 32 seat 4 role defend fs 0 body 1 pos 3,12 stuck 0
RC POS 192 id 5 seat 1 role expand fs 0 body 1 pos 6,12 stuck 0
RC POS 192 id 7 seat 2 role expand fs 0 body 1 pos 7,8 stuck 0
RC POS 192 id 32 seat 4 role defend fs 0 body 1 pos 2,12 stuck 0
RC POS 193 id 5 seat 1 role expand fs 0 body 1 pos 7,12 stuck 0
RC POS 193 id 7 seat 2 role expand fs 0 body 1 pos 7,9 stuck 0
RC POS 193 id 32 seat 4 role defend fs 0 body 1 pos 1,12 stuck 0
RC POS 194 id 5 seat 1 role expand fs 0 body 1 pos 8,12 stuck 0
RC POS 194 id 7 seat 2 role expand fs 0 body 1 pos 6,9 stuck 0
RC POS 194 id 32 seat 4 role defend fs 0 body 1 pos 1,13 stuck 0
RC POS 195 id 5 seat 1 role expand fs 0 body 1 pos 9,12 stuck 0
RC POS 195 id 7 seat 2 role expand fs 0 body 1 pos 5,9 stuck 0
RC POS 195 id 32 seat 4 role defend fs 0 body 1 pos 1,12 stuck 0
RC POS 196 id 5 seat 1 role expand fs 0 body 1 pos 8,12 stuck 0
RC POS 196 id 7 seat 2 role expand fs 0 body 1 pos 5,10 stuck 0
RC POS 196 id 32 seat 4 role defend fs 0 body 1 pos 1,13 stuck 0
RC POS 197 id 5 seat 1 role expand fs 0 body 1 pos 7,12 stuck 0
RC POS 197 id 7 seat 2 role expand fs 0 body 1 pos 4,10 stuck 0
RC POS 197 id 32 seat 4 role defend fs 0 body 1 pos 1,12 stuck 0
RC POS 198 id 5 seat 1 role expand fs 0 body 1 pos 6,12 stuck 0
RC POS 198 id 7 seat 2 role expand fs 0 body 1 pos 4,11 stuck 0
RC POS 198 id 32 seat 4 role defend fs 0 body 1 pos 1,13 stuck 0
RC POS 199 id 5 seat 1 role expand fs 0 body 1 pos 5,12 stuck 0
RC POS 199 id 7 seat 2 role expand fs 0 body 1 pos 4,12 stuck 0
RC POS 199 id 32 seat 4 role defend fs 0 body 1 pos 1,12 stuck 0
RC ECO 200 harvstore 3 harvseen -1 ti 81 units 14 scale 389.0
RC POS 200 id 5 seat 1 role expand fs 0 body 1 pos 5,13 stuck 0
RC POS 200 id 7 seat 2 role expand fs 0 body 1 pos 5,12 stuck 0
RC POS 200 id 32 seat 4 role defend fs 0 body 1 pos 1,13 stuck 0
RC POS 201 id 5 seat 1 role expand fs 0 body 1 pos 4,13 stuck 0
RC POS 201 id 7 seat 2 role expand fs 0 body 1 pos 4,12 stuck 0
RC POS 201 id 32 seat 4 role defend fs 0 body 1 pos 1,12 stuck 0
RC POS 202 id 5 seat 1 role expand fs 0 body 1 pos 5,13 stuck 0
RC POS 202 id 7 seat 2 role expand fs 0 body 1 pos 5,12 stuck 0
RC POS 202 id 32 seat 4 role defend fs 0 body 1 pos 1,13 stuck 0
RC POS 203 id 5 seat 1 role expand fs 0 body 1 pos 4,13 stuck 0
RC POS 203 id 7 seat 2 role expand fs 0 body 1 pos 4,12 stuck 0
RC POS 203 id 32 seat 4 role defend fs 0 body 1 pos 1,12 stuck 0
RC POS 204 id 5 seat 1 role expand fs 0 body 1 pos 5,13 stuck 0
RC POS 204 id 7 seat 2 role expand fs 0 body 1 pos 5,12 stuck 0
RC POS 204 id 32 seat 4 role defend fs 0 body 1 pos 1,13 stuck 0
RC POS 205 id 5 seat 1 role expand fs 0 body 1 pos 4,13 stuck 0
RC POS 205 id 7 seat 2 role expand fs 0 body 1 pos 4,12 stuck 0
RC POS 205 id 32 seat 4 role defend fs 0 body 1 pos 1,12 stuck 0
RC POS 206 id 5 seat 1 role expand fs 0 body 1 pos 5,13 stuck 0
RC POS 206 id 7 seat 2 role expand fs 0 body 1 pos 5,12 stuck 0
RC POS 206 id 32 seat 4 role defend fs 0 body 1 pos 1,13 stuck 0
RC POS 207 id 5 seat 1 role expand fs 0 body 1 pos 4,13 stuck 0
RC POS 207 id 7 seat 2 role expand fs 0 body 1 pos 4,12 stuck 0
RC POS 207 id 32 seat 4 role defend fs 0 body 1 pos 1,12 stuck 0
RC POS 208 id 5 seat 1 role expand fs 0 body 1 pos 5,13 stuck 0
RC POS 208 id 7 seat 2 role expand fs 0 body 1 pos 5,12 stuck 0
RC POS 208 id 32 seat 4 role defend fs 0 body 1 pos 1,13 stuck 0
RC POS 209 id 5 seat 1 role expand fs 0 body 1 pos 4,13 stuck 0
RC POS 209 id 7 seat 2 role expand fs 0 body 1 pos 4,12 stuck 0
RC POS 209 id 32 seat 4 role defend fs 0 body 1 pos 1,12 stuck 0
RC POS 210 id 5 seat 1 role expand fs 0 body 1 pos 5,13 stuck 0
RC POS 210 id 7 seat 2 role expand fs 0 body 1 pos 5,12 stuck 0
RC POS 210 id 32 seat 4 role defend fs 0 body 1 pos 1,13 stuck 0
RC POS 211 id 5 seat 1 role expand fs 0 body 1 pos 4,13 stuck 0
RC POS 211 id 7 seat 2 role expand fs 0 body 1 pos 4,12 stuck 0
RC POS 211 id 32 seat 4 role defend fs 0 body 1 pos 1,12 stuck 0
RC POS 212 id 5 seat 1 role expand fs 0 body 1 pos 5,13 stuck 0
RC POS 212 id 7 seat 2 role expand fs 0 body 1 pos 5,12 stuck 0
RC POS 212 id 32 seat 4 role defend fs 0 body 1 pos 1,13 stuck 0
RC POS 213 id 5 seat 1 role expand fs 0 body 1 pos 4,13 stuck 0
RC POS 213 id 7 seat 2 role expand fs 0 body 1 pos 4,12 stuck 0
RC POS 213 id 32 seat 4 role defend fs 0 body 1 pos 1,12 stuck 0
RC POS 214 id 5 seat 1 role expand fs 0 body 1 pos 5,13 stuck 0
RC POS 214 id 7 seat 2 role expand fs 0 body 1 pos 5,12 stuck 0
RC POS 214 id 32 seat 4 role defend fs 0 body 1 pos 1,13 stuck 0
RC POS 215 id 5 seat 1 role expand fs 0 body 1 pos 4,13 stuck 0
RC POS 215 id 7 seat 2 role expand fs 0 body 1 pos 4,12 stuck 0
RC POS 215 id 32 seat 4 role defend fs 0 body 1 pos 1,12 stuck 0
RC POS 216 id 5 seat 1 role expand fs 0 body 1 pos 5,13 stuck 0
RC POS 216 id 7 seat 2 role expand fs 0 body 1 pos 5,12 stuck 0
RC POS 216 id 32 seat 4 role defend fs 0 body 1 pos 1,13 stuck 0
RC POS 217 id 5 seat 1 role expand fs 0 body 1 pos 4,13 stuck 0
RC POS 217 id 7 seat 2 role expand fs 0 body 1 pos 4,12 stuck 0
RC POS 217 id 32 seat 4 role defend fs 0 body 1 pos 1,12 stuck 0
RC POS 218 id 5 seat 1 role expand fs 0 body 1 pos 5,13 stuck 0
RC POS 218 id 7 seat 2 role expand fs 0 body 1 pos 5,12 stuck 0
RC POS 218 id 32 seat 4 role defend fs 0 body 1 pos 1,13 stuck 0
RC POS 219 id 5 seat 1 role expand fs 0 body 1 pos 4,13 stuck 0
RC POS 219 id 7 seat 2 role expand fs 0 body 1 pos 4,12 stuck 0
RC POS 219 id 32 seat 4 role defend fs 0 body 1 pos 1,12 stuck 0
RC POS 220 id 5 seat 1 role expand fs 0 body 1 pos 5,13 stuck 0
RC POS 220 id 7 seat 2 role expand fs 0 body 1 pos 5,12 stuck 0
RC POS 220 id 32 seat 4 role defend fs 0 body 1 pos 1,13 stuck 0
RC POS 221 id 5 seat 1 role expand fs 0 body 1 pos 4,13 stuck 0
RC POS 221 id 7 seat 2 role expand fs 0 body 1 pos 4,12 stuck 0
RC POS 221 id 32 seat 4 role defend fs 0 body 1 pos 1,12 stuck 0
RC POS 222 id 5 seat 1 role expand fs 0 body 1 pos 5,13 stuck 0
RC POS 222 id 7 seat 2 role expand fs 0 body 1 pos 5,12 stuck 0
RC POS 222 id 32 seat 4 role defend fs 0 body 1 pos 1,12 stuck 1
RC POS 223 id 5 seat 1 role expand fs 0 body 1 pos 4,13 stuck 0
RC POS 223 id 7 seat 2 role expand fs 0 body 1 pos 4,12 stuck 0
RC POS 223 id 32 seat 4 role defend fs 0 body 1 pos 1,13 stuck 0
RC POS 224 id 5 seat 1 role expand fs 0 body 1 pos 5,13 stuck 0
RC POS 224 id 7 seat 2 role expand fs 0 body 1 pos 5,12 stuck 0
RC POS 224 id 32 seat 4 role defend fs 0 body 1 pos 1,12 stuck 0
RC ECO 225 harvstore 3 harvseen -1 ti 19 units 15 scale 409.0
RC POS 225 id 5 seat 1 role expand fs 0 body 1 pos 4,13 stuck 0
RC POS 225 id 7 seat 2 role expand fs 0 body 1 pos 4,12 stuck 0
RC POS 225 id 32 seat 4 role defend fs 0 body 1 pos 1,13 stuck 0
RC POS 226 id 5 seat 1 role expand fs 0 body 1 pos 5,13 stuck 0
RC POS 226 id 7 seat 2 role expand fs 0 body 1 pos 5,12 stuck 0
RC POS 226 id 32 seat 4 role defend fs 0 body 1 pos 1,12 stuck 0
RC POS 227 id 5 seat 1 role expand fs 0 body 1 pos 4,13 stuck 0
RC POS 227 id 7 seat 2 role expand fs 0 body 1 pos 4,12 stuck 0
RC POS 227 id 32 seat 4 role defend fs 0 body 1 pos 1,13 stuck 0
RC POS 228 id 5 seat 1 role expand fs 0 body 1 pos 5,13 stuck 0
RC POS 228 id 7 seat 2 role expand fs 0 body 1 pos 5,12 stuck 0
RC POS 228 id 32 seat 4 role defend fs 0 body 1 pos 1,12 stuck 0
RC POS 229 id 5 seat 1 role expand fs 0 body 1 pos 4,13 stuck 0
RC POS 229 id 7 seat 2 role expand fs 0 body 1 pos 5,13 stuck 0
RC POS 229 id 32 seat 4 role defend fs 0 body 1 pos 1,13 stuck 0
RC POS 230 id 5 seat 1 role expand fs 0 body 1 pos 4,12 stuck 0
RC POS 230 id 7 seat 2 role expand fs 0 body 1 pos 6,13 stuck 0
RC POS 230 id 32 seat 4 role defend fs 0 body 1 pos 1,12 stuck 0
RC POS 231 id 5 seat 1 role expand fs 0 body 1 pos 5,12 stuck 0
RC POS 231 id 7 seat 2 role expand fs 0 body 1 pos 5,13 stuck 0
RC POS 231 id 32 seat 4 role defend fs 0 body 1 pos 1,13 stuck 0
RC POS 232 id 5 seat 1 role expand fs 0 body 1 pos 4,12 stuck 0
RC POS 232 id 7 seat 2 role expand fs 0 body 1 pos 4,13 stuck 0
RC POS 232 id 32 seat 4 role defend fs 0 body 1 pos 1,12 stuck 0
RC POS 233 id 5 seat 1 role expand fs 0 body 1 pos 5,12 stuck 0
RC POS 233 id 7 seat 2 role expand fs 0 body 1 pos 4,13 stuck 1
RC POS 233 id 32 seat 4 role defend fs 0 body 1 pos 1,13 stuck 0
RC POS 234 id 5 seat 1 role expand fs 0 body 1 pos 4,12 stuck 0
RC POS 234 id 32 seat 4 role defend fs 0 body 1 pos 1,12 stuck 0
RC POS 235 id 5 seat 1 role expand fs 0 body 1 pos 4,13 stuck 0
RC POS 235 id 32 seat 4 role defend fs 0 body 1 pos 1,13 stuck 0
RC POS 236 id 5 seat 1 role expand fs 0 body 1 pos 4,12 stuck 0
RC POS 236 id 32 seat 4 role defend fs 0 body 1 pos 1,12 stuck 0
RC POS 237 id 5 seat 1 role expand fs 0 body 1 pos 4,13 stuck 0
RC POS 237 id 32 seat 4 role defend fs 0 body 1 pos 1,13 stuck 0
RC POS 238 id 5 seat 1 role expand fs 0 body 1 pos 4,12 stuck 0
RC POS 238 id 32 seat 4 role defend fs 0 body 1 pos 1,12 stuck 0
RC POS 239 id 5 seat 1 role expand fs 0 body 1 pos 4,13 stuck 0
RC POS 239 id 32 seat 4 role defend fs 0 body 1 pos 1,13 stuck 0
RC POS 240 id 5 seat 1 role expand fs 0 body 1 pos 4,12 stuck 0
RC POS 240 id 32 seat 4 role defend fs 0 body 1 pos 1,12 stuck 0
RC POS 241 id 5 seat 1 role expand fs 0 body 1 pos 4,13 stuck 0
RC POS 241 id 32 seat 4 role defend fs 0 body 1 pos 1,13 stuck 0
RC POS 242 id 5 seat 1 role expand fs 0 body 1 pos 4,12 stuck 0
RC POS 242 id 32 seat 4 role defend fs 0 body 1 pos 1,12 stuck 0
RC POS 243 id 5 seat 1 role expand fs 0 body 1 pos 4,13 stuck 0
RC POS 243 id 32 seat 4 role defend fs 0 body 1 pos 1,13 stuck 0
RC POS 244 id 5 seat 1 role expand fs 0 body 1 pos 4,12 stuck 0
RC POS 244 id 32 seat 4 role defend fs 0 body 1 pos 1,12 stuck 0
RC POS 245 id 5 seat 1 role expand fs 0 body 1 pos 4,13 stuck 0
RC POS 245 id 32 seat 4 role defend fs 0 body 1 pos 1,13 stuck 0
RC POS 246 id 5 seat 1 role expand fs 0 body 1 pos 4,12 stuck 0
RC POS 246 id 32 seat 4 role defend fs 0 body 1 pos 1,12 stuck 0
RC POS 247 id 5 seat 1 role expand fs 0 body 1 pos 4,13 stuck 0
RC POS 247 id 32 seat 4 role defend fs 0 body 1 pos 1,12 stuck 1
RC POS 248 id 5 seat 1 role expand fs 0 body 1 pos 4,12 stuck 0
RC POS 248 id 32 seat 4 role defend fs 0 body 1 pos 0,12 stuck 0
RC POS 249 id 5 seat 1 role expand fs 0 body 1 pos 4,13 stuck 0
RC POS 249 id 32 seat 4 role defend fs 0 body 1 pos 0,11 stuck 0
RC ECO 250 harvstore 3 harvseen -1 ti 134 units 16 scale 420.0
RC POS 250 id 5 seat 1 role expand fs 0 body 1 pos 4,12 stuck 0
RC POS 250 id 32 seat 4 role defend fs 0 body 1 pos 0,10 stuck 0
RC POS 251 id 5 seat 1 role expand fs 0 body 1 pos 4,13 stuck 0
RC POS 251 id 32 seat 4 role defend fs 0 body 1 pos 1,10 stuck 0
RC POS 252 id 5 seat 1 role expand fs 0 body 1 pos 4,12 stuck 0
RC POS 252 id 32 seat 4 role defend fs 0 body 1 pos 2,10 stuck 0
