Update available: 2.3.6 -> 2.3.8. Run: pip install --upgrade fcode
RC MAP w 20 h 26 ours 9,6 theirs 9,18
RC ECO 0 harvstore 0 harvseen -1 ti 500 units 1 scale 100.0
RC ECO 1 harvstore 0 harvseen -1 ti 470 units 2 scale 120.0
RC SEAT 1 id 3 seat 0
RC POS 1 id 3 seat 0 role raid fs 1 body 1 pos 9,8 stuck 0
RC TEMPO 1 id 3 body 1 born 1 lp 0 must 0 why norid ride None ti 434 lcost 28 acd 0 mcd 0 pos 9,8 dsq 100
RC ECO 2 harvstore 0 harvseen -1 ti 434 units 3 scale 140.0
RC POS 2 id 3 seat 0 role raid fs 1 body 1 pos 9,8 stuck 1
RC TEMPO 2 id 3 body 1 born 1 lp 0 must 0 why norid ride None ti 392 lcost 32 acd 0 mcd 0 pos 9,8 dsq 100
RC SEAT 2 id 5 seat 1
RC POS 2 id 5 seat 1 role expand fs 0 body 1 pos 9,5 stuck 0
RC ECO 3 harvstore 0 harvseen -1 ti 392 units 4 scale 160.0
RC POS 3 id 3 seat 0 role raid fs 1 body 1 pos 9,8 stuck 2
RC TEMPO 3 id 3 body 1 born 1 lp 0 must 0 why norid ride None ti 344 lcost 36 acd 0 mcd 0 pos 9,8 dsq 100
RC POS 3 id 5 seat 1 role expand fs 0 body 1 pos 9,4 stuck 0
RC SEAT 3 id 7 seat 2
RC POS 3 id 7 seat 2 role expand fs 0 body 1 pos 8,5 stuck 0
RC ECO 4 harvstore 0 harvseen -1 ti 354 units 5 scale 180.0
RC POS 4 id 3 seat 0 role raid fs 1 body 1 pos 9,8 stuck 3
RC TEMPO 4 id 3 body 1 born 1 lp 0 must 0 why norid ride None ti 354 lcost 36 acd 0 mcd 0 pos 9,8 dsq 100
RC POS 4 id 5 seat 1 role expand fs 0 body 1 pos 9,3 stuck 0
RC POS 4 id 7 seat 2 role expand fs 0 body 1 pos 8,6 stuck 0
RC SEAT 4 id 9 seat 3
APPT520 CLAIM 4 id 9
RC POS 4 id 9 seat 3 role raid fs 1 body 2 pos 8,8 stuck 0
RC TEMPO 4 id 9 body 2 born 4 lp 0 must 0 why norid ride None ti 318 lcost 37 acd 0 mcd 0 pos 8,8 dsq 101
RC ECO 5 harvstore 1 harvseen -1 ti 318 units 5 scale 185.0
RC POS 5 id 3 seat 0 role raid fs 1 body 1 pos 9,8 stuck 4
RC TEMPO 5 id 3 body 1 born 1 lp 0 must 1 why near2 ride None ti 318 lcost 37 acd 0 mcd 0 pos 9,8 dsq 100
RC HOP 5 lid 13 body 1 at 9,9 dsq 81
RC POS 5 id 5 seat 1 role expand fs 0 body 1 pos 9,3 stuck 1
RC POS 5 id 7 seat 2 role expand fs 0 body 1 pos 8,7 stuck 0
RC POS 5 id 9 seat 3 role raid fs 1 body 2 pos 8,9 stuck 0
RC TEMPO 5 id 9 body 2 born 4 lp 1 must 1 why near0 ride None ti 276 lcost 39 acd 0 mcd 0 pos 8,9 dsq 82
RC ECO 6 harvstore 1 harvseen -1 ti 276 units 6 scale 196.0
RC POS 6 id 3 seat 0 role raid fs 1 body 1 pos 9,8 stuck 5
RC TEMPO 6 id 3 body 1 born 1 lp 1 must 1 why near2 ride None ti 276 lcost 39 acd 0 mcd 0 pos 9,8 dsq 100
RC POS 6 id 5 seat 1 role expand fs 0 body 1 pos 9,3 stuck 2
RC POS 6 id 7 seat 2 role expand fs 0 body 1 pos 8,8 stuck 0
RC POS 6 id 9 seat 3 role raid fs 1 body 2 pos 8,9 stuck 1
RC TEMPO 6 id 9 body 2 born 4 lp 1 must 1 why near0 ride 5 ti 276 lcost 39 acd 0 mcd 0 pos 8,9 dsq 82
RC THROW 6 lid 13 body 3 n 1
RC ECO 7 harvstore 1 harvseen -1 ti 276 units 6 scale 196.0
RC POS 7 id 3 seat 0 role raid fs 1 body 1 pos 10,14 stuck 0
RC TEMPO 7 id 3 body 1 born 1 lp 0 must 0 why waitexp ride 6 ti 276 lcost 39 acd 0 mcd 0 pos 10,14 dsq 16
RC HOP 7 lid 17 body 1 at 10,15 dsq 9
RC POS 7 id 5 seat 1 role expand fs 0 body 1 pos 9,4 stuck 0
RC POS 7 id 7 seat 2 role expand fs 0 body 1 pos 7,8 stuck 0
RC POS 7 id 9 seat 3 role raid fs 1 body 2 pos 8,9 stuck 2
RC TEMPO 7 id 9 body 2 born 4 lp 1 must 1 why near0 ride 6 ti 231 lcost 41 acd 0 mcd 0 pos 8,9 dsq 82
RC THROW 7 lid 13 body 9 n 2
RC ECO 8 harvstore 1 harvseen -1 ti 241 units 6 scale 197.0
RC POS 8 id 3 seat 0 role raid fs 1 body 1 pos 10,14 stuck 1
RC TEMPO 8 id 3 body 1 born 1 lp 1 must 1 why near1 ride 6 ti 241 lcost 39 acd 0 mcd 0 pos 10,14 dsq 16
RC POS 8 id 5 seat 1 role expand fs 0 body 1 pos 9,4 stuck 1
RC POS 8 id 7 seat 2 role expand fs 0 body 1 pos 8,8 stuck 0
RC POS 8 id 9 seat 3 role raid fs 1 body 2 pos 9,14 stuck 0
RC TEMPO 8 id 9 body 2 born 4 lp 1 must 1 why near0 ride 7 ti 236 lcost 39 acd 0 mcd 0 pos 9,14 dsq 16
RC SPLIT 8 lid 17 body 3 arc 2 n 1
SPLIT520 8 lch (10, 15) body 3 arc 2 to (8, 19) dsq 1 walk 0 n 1
RC ECO 9 harvstore 1 harvseen -1 ti 236 units 6 scale 198.0
RC POS 9 id 3 seat 0 role raid fs 1 body 1 pos 8,19 stuck 0
RC ARRIVE 9 id 3 body 1 dsq 1
ARC520 CLAIM 9 id 3 body 1 arc 2 at (8, 19)
RC POS 9 id 5 seat 1 role expand fs 0 body 1 pos 9,4 stuck 2
RC POS 9 id 7 seat 2 role expand fs 0 body 1 pos 9,8 stuck 0
RC POS 9 id 9 seat 3 role raid fs 1 body 2 pos 9,15 stuck 0
RC TEMPO 9 id 9 body 2 born 4 lp 1 must 1 why near0 ride 8 ti 236 lcost 39 acd 0 mcd 0 pos 9,15 dsq 9
RC SPLIT 9 lid 17 body 9 arc 1 n 2
SPLIT520 9 lch (10, 15) body 9 arc 1 to (9, 17) dsq 1 walk 0 n 2
RC ECO 10 harvstore 1 harvseen -1 ti 236 units 5 scale 188.0
RC POS 10 id 3 seat 0 role raid fs 1 body 1 pos 8,20 stuck 0
RC POS 10 id 5 seat 1 role expand fs 0 body 1 pos 9,3 stuck 0
RC POS 10 id 7 seat 2 role expand fs 0 body 1 pos 9,9 stuck 0
RC POS 10 id 9 seat 3 role raid fs 1 body 2 pos 9,17 stuck 0
RC ARRIVE 10 id 9 body 2 dsq 1
ARC520 CLAIM 10 id 9 body 2 arc 1 at (9, 17)
RC ECO 11 harvstore 1 harvseen -1 ti 178 units 6 scale 210.0
RC POS 11 id 3 seat 0 role raid fs 1 body 1 pos 8,20 stuck 1
RC POS 11 id 5 seat 1 role expand fs 0 body 1 pos 10,3 stuck 0
RC POS 11 id 7 seat 2 role expand fs 0 body 1 pos 10,9 stuck 0
RC POS 11 id 9 seat 3 role raid fs 1 body 2 pos 9,17 stuck 1
RC SEAT 11 id 25 seat 4
RC POS 11 id 25 seat 4 role defend fs 0 body 1 pos 11,6 stuck 0
RC ECO 12 harvstore 1 harvseen -1 ti 113 units 7 scale 232.0
RC POS 12 id 3 seat 0 role raid fs 1 body 1 pos 8,20 stuck 2
RC POS 12 id 5 seat 1 role expand fs 0 body 1 pos 11,3 stuck 0
RC POS 12 id 7 seat 2 role expand fs 0 body 1 pos 10,10 stuck 0
RC POS 12 id 9 seat 3 role raid fs 1 body 2 pos 9,17 stuck 2
RC POS 12 id 25 seat 4 role defend fs 0 body 1 pos 12,6 stuck 0
RC SEAT 12 id 29 seat 5
RC POS 12 id 29 seat 5 role raid fs 0 body 1 pos 8,7 stuck 0
RC ECO 13 harvstore 2 harvseen -1 ti 67 units 7 scale 237.0
RC POS 13 id 3 seat 0 role raid fs 1 body 1 pos 8,21 stuck 0
RC POS 13 id 5 seat 1 role expand fs 0 body 1 pos 11,4 stuck 0
RC POS 13 id 7 seat 2 role expand fs 0 body 1 pos 10,10 stuck 1
RC POS 13 id 9 seat 3 role raid fs 1 body 2 pos 9,17 stuck 4
RC POS 13 id 25 seat 4 role defend fs 0 body 1 pos 13,6 stuck 0
RC POS 13 id 29 seat 5 role raid fs 0 body 1 pos 8,8 stuck 0
RC ECO 14 harvstore 2 harvseen -1 ti 45 units 7 scale 238.0
RC POS 14 id 3 seat 0 role raid fs 1 body 1 pos 9,21 stuck 0
RC POS 14 id 5 seat 1 role expand fs 0 body 1 pos 11,5 stuck 0
RC POS 14 id 7 seat 2 role expand fs 0 body 1 pos 10,10 stuck 2
RC POS 14 id 9 seat 3 role raid fs 1 body 2 pos 9,16 stuck 0
RC POS 14 id 25 seat 4 role defend fs 0 body 1 pos 13,7 stuck 0
RC POS 14 id 29 seat 5 role raid fs 0 body 1 pos 8,9 stuck 0
RC ECO 15 harvstore 2 harvseen -1 ti 48 units 7 scale 239.0
RC POS 15 id 3 seat 0 role raid fs 1 body 1 pos 10,21 stuck 0
RC POS 15 id 5 seat 1 role expand fs 0 body 1 pos 12,5 stuck 0
RC POS 15 id 7 seat 2 role expand fs 0 body 1 pos 10,9 stuck 0
RC POS 15 id 9 seat 3 role raid fs 1 body 2 pos 9,16 stuck 1
RC POS 15 id 25 seat 4 role defend fs 0 body 1 pos 14,7 stuck 0
RC POS 15 id 29 seat 5 role raid fs 0 body 1 pos 9,9 stuck 0
RC ECO 16 harvstore 2 harvseen -1 ti 35 units 7 scale 241.0
RC POS 16 id 3 seat 0 role raid fs 1 body 1 pos 10,21 stuck 1
RC POS 16 id 5 seat 1 role expand fs 0 body 1 pos 12,6 stuck 0
RC POS 16 id 7 seat 2 role expand fs 0 body 1 pos 10,9 stuck 1
RC POS 16 id 9 seat 3 role raid fs 1 body 2 pos 9,15 stuck 0
RC POS 16 id 25 seat 4 role defend fs 0 body 1 pos 13,7 stuck 0
RC POS 16 id 29 seat 5 role raid fs 0 body 1 pos 9,10 stuck 0
RC ECO 17 harvstore 2 harvseen -1 ti 28 units 7 scale 242.0
RC POS 17 id 3 seat 0 role raid fs 1 body 1 pos 11,21 stuck 0
RC POS 17 id 5 seat 1 role expand fs 0 body 1 pos 13,6 stuck 0
RC POS 17 id 7 seat 2 role expand fs 0 body 1 pos 10,9 stuck 2
RC POS 17 id 9 seat 3 role raid fs 1 body 2 pos 9,14 stuck 0
RC POS 17 id 25 seat 4 role defend fs 0 body 1 pos 14,7 stuck 0
RC POS 17 id 29 seat 5 role raid fs 0 body 1 pos 9,11 stuck 0
RC ECO 18 harvstore 2 harvseen -1 ti 27 units 7 scale 242.0
RC POS 18 id 3 seat 0 role raid fs 1 body 1 pos 11,20 stuck 0
RC POS 18 id 5 seat 1 role expand fs 0 body 1 pos 13,7 stuck 0
RC POS 18 id 7 seat 2 role expand fs 0 body 1 pos 10,10 stuck 0
RC POS 18 id 9 seat 3 role raid fs 1 body 2 pos 9,13 stuck 0
RC POS 18 id 25 seat 4 role defend fs 0 body 1 pos 14,7 stuck 1
RC POS 18 id 29 seat 5 role raid fs 0 body 1 pos 9,11 stuck 1
RC ECO 19 harvstore 2 harvseen -1 ti 39 units 7 scale 243.0
RC POS 19 id 3 seat 0 role raid fs 1 body 1 pos 11,20 stuck 1
RC POS 19 id 5 seat 1 role expand fs 0 body 1 pos 13,7 stuck 1
RC POS 19 id 7 seat 2 role expand fs 0 body 1 pos 9,10 stuck 0
RC POS 19 id 9 seat 3 role raid fs 1 body 2 pos 10,13 stuck 0
RC POS 19 id 25 seat 4 role defend fs 0 body 1 pos 14,7 stuck 1
RC POS 19 id 29 seat 5 role raid fs 0 body 1 pos 9,11 stuck 2
RC ECO 20 harvstore 2 harvseen -1 ti 49 units 7 scale 243.0
RC POS 20 id 3 seat 0 role raid fs 1 body 1 pos 12,20 stuck 0
RC POS 20 id 5 seat 1 role expand fs 0 body 1 pos 13,7 stuck 2
RC POS 20 id 7 seat 2 role expand fs 0 body 1 pos 9,9 stuck 0
RC POS 20 id 9 seat 3 role raid fs 1 body 2 pos 11,13 stuck 0
RC POS 20 id 25 seat 4 role defend fs 0 body 1 pos 14,7 stuck 1
RC POS 20 id 29 seat 5 role raid fs 0 body 1 pos 9,12 stuck 0
RC ECO 21 harvstore 2 harvseen -1 ti 1 units 8 scale 263.0
RC POS 21 id 3 seat 0 role raid fs 1 body 1 pos 12,19 stuck 0
RC POS 21 id 5 seat 1 role expand fs 0 body 1 pos 13,7 stuck 3
RC POS 21 id 7 seat 2 role expand fs 0 body 1 pos 8,9 stuck 0
RC POS 21 id 9 seat 3 role raid fs 1 body 2 pos 11,12 stuck 0
RC POS 21 id 25 seat 4 role defend fs 0 body 1 pos 14,7 stuck 1
RC POS 21 id 29 seat 5 role raid fs 0 body 1 pos 9,12 stuck 1
RC ECO 22 harvstore 2 harvseen -1 ti 1 units 8 scale 263.0
RC POS 22 id 3 seat 0 role raid fs 1 body 1 pos 12,18 stuck 0
RC POS 22 id 5 seat 1 role expand fs 0 body 1 pos 13,7 stuck 4
RC POS 22 id 7 seat 2 role expand fs 0 body 1 pos 7,9 stuck 0
RC POS 22 id 9 seat 3 role raid fs 1 body 2 pos 12,12 stuck 0
RC POS 22 id 25 seat 4 role defend fs 0 body 1 pos 14,7 stuck 1
RC POS 22 id 29 seat 5 role raid fs 0 body 1 pos 9,13 stuck 0
RC ECO 23 harvstore 2 harvseen -1 ti 21 units 8 scale 263.0
RC POS 23 id 3 seat 0 role raid fs 1 body 1 pos 11,18 stuck 0
RC POS 23 id 5 seat 1 role expand fs 0 body 1 pos 13,7 stuck 5
RC POS 23 id 7 seat 2 role expand fs 0 body 1 pos 7,8 stuck 0
RC POS 23 id 9 seat 3 role raid fs 1 body 2 pos 12,13 stuck 0
RC POS 23 id 25 seat 4 role defend fs 0 body 1 pos 14,7 stuck 1
RC POS 23 id 29 seat 5 role raid fs 0 body 1 pos 9,14 stuck 0
RC ECO 24 harvstore 2 harvseen -1 ti 23 units 8 scale 263.0
RC POS 24 id 3 seat 0 role raid fs 1 body 1 pos 11,17 stuck 0
RC POS 24 id 5 seat 1 role expand fs 0 body 1 pos 13,7 stuck 1
RC POS 24 id 7 seat 2 role expand fs 0 body 1 pos 6,8 stuck 0
RC POS 24 id 9 seat 3 role raid fs 1 body 2 pos 12,14 stuck 0
RC POS 24 id 25 seat 4 role defend fs 0 body 1 pos 14,7 stuck 1
RC POS 24 id 29 seat 5 role raid fs 0 body 1 pos 8,14 stuck 0
RC ECO 25 harvstore 2 harvseen -1 ti 19 units 8 scale 263.0
RC POS 25 id 3 seat 0 role raid fs 1 body 1 pos 11,17 stuck 1
RC POS 25 id 5 seat 1 role expand fs 0 body 1 pos 13,7 stuck 2
RC POS 25 id 7 seat 2 role expand fs 0 body 1 pos 5,8 stuck 0
RC POS 25 id 9 seat 3 role raid fs 1 body 2 pos 12,15 stuck 0
RC POS 25 id 25 seat 4 role defend fs 0 body 1 pos 14,7 stuck 1
RC POS 25 id 29 seat 5 role raid fs 0 body 1 pos 7,14 stuck 0
RC ECO 26 harvstore 2 harvseen -1 ti 15 units 8 scale 263.0
RC POS 26 id 3 seat 0 role raid fs 1 body 1 pos 11,17 stuck 2
RC POS 26 id 5 seat 1 role expand fs 0 body 1 pos 13,7 stuck 3
RC POS 26 id 7 seat 2 role expand fs 0 body 1 pos 4,8 stuck 0
RC POS 26 id 9 seat 3 role raid fs 1 body 2 pos 12,16 stuck 0
RC POS 26 id 25 seat 4 role defend fs 0 body 1 pos 14,7 stuck 1
RC POS 26 id 29 seat 5 role raid fs 0 body 1 pos 7,15 stuck 0
RC ECO 27 harvstore 2 harvseen -1 ti 25 units 8 scale 258.0
RC POS 27 id 3 seat 0 role raid fs 1 body 1 pos 11,17 stuck 3
RC POS 27 id 5 seat 1 role expand fs 0 body 1 pos 13,7 stuck 4
RC POS 27 id 7 seat 2 role expand fs 0 body 1 pos 3,8 stuck 0
RC POS 27 id 9 seat 3 role raid fs 1 body 2 pos 12,17 stuck 0
RC POS 27 id 25 seat 4 role defend fs 0 body 1 pos 14,6 stuck 0
RC POS 27 id 29 seat 5 role raid fs 0 body 1 pos 7,16 stuck 0
RC ECO 28 harvstore 2 harvseen -1 ti 31 units 8 scale 258.0
RC POS 28 id 3 seat 0 role raid fs 1 body 1 pos 11,17 stuck 4
RC POS 28 id 5 seat 1 role expand fs 0 body 1 pos 14,7 stuck 0
RC POS 28 id 7 seat 2 role expand fs 0 body 1 pos 2,8 stuck 0
RC POS 28 id 9 seat 3 role raid fs 1 body 2 pos 12,18 stuck 0
RC POS 28 id 25 seat 4 role defend fs 0 body 1 pos 13,6 stuck 0
RC POS 28 id 29 seat 5 role raid fs 0 body 1 pos 7,17 stuck 0
RC ECO 29 harvstore 2 harvseen -1 ti 27 units 8 scale 258.0
RC POS 29 id 3 seat 0 role raid fs 1 body 1 pos 11,17 stuck 5
RC POS 29 id 5 seat 1 role expand fs 0 body 1 pos 14,8 stuck 0
RC POS 29 id 7 seat 2 role expand fs 0 body 1 pos 2,7 stuck 0
RC POS 29 id 9 seat 3 role raid fs 1 body 2 pos 12,18 stuck 1
RC POS 29 id 25 seat 4 role defend fs 0 body 1 pos 12,6 stuck 0
RC POS 29 id 29 seat 5 role raid fs 0 body 1 pos 7,18 stuck 0
RC ECO 30 harvstore 2 harvseen -1 ti 16 units 8 scale 259.0
RC POS 30 id 3 seat 0 role raid fs 1 body 1 pos 11,17 stuck 6
RC POS 30 id 5 seat 1 role expand fs 0 body 1 pos 13,8 stuck 0
RC POS 30 id 7 seat 2 role expand fs 0 body 1 pos 2,6 stuck 0
RC POS 30 id 9 seat 3 role raid fs 1 body 2 pos 12,17 stuck 0
RC POS 30 id 25 seat 4 role defend fs 0 body 1 pos 12,5 stuck 0
RC POS 30 id 29 seat 5 role raid fs 0 body 1 pos 7,18 stuck 1
RC ECO 31 harvstore 2 harvseen -1 ti 26 units 8 scale 259.0
RC POS 31 id 3 seat 0 role raid fs 1 body 1 pos 11,17 stuck 7
RC POS 31 id 5 seat 1 role expand fs 0 body 1 pos 13,7 stuck 0
RC POS 31 id 7 seat 2 role expand fs 0 body 1 pos 3,6 stuck 0
RC POS 31 id 9 seat 3 role raid fs 1 body 2 pos 12,18 stuck 0
RC POS 31 id 25 seat 4 role defend fs 0 body 1 pos 12,5 stuck 1
RC POS 31 id 29 seat 5 role raid fs 0 body 1 pos 7,18 stuck 2
RC ECO 32 harvstore 2 harvseen -1 ti 28 units 8 scale 259.0
RC POS 32 id 3 seat 0 role raid fs 1 body 1 pos 11,17 stuck 8
RC POS 32 id 5 seat 1 role expand fs 0 body 1 pos 14,7 stuck 0
RC POS 32 id 7 seat 2 role expand fs 0 body 1 pos 2,6 stuck 0
RC POS 32 id 9 seat 3 role raid fs 1 body 2 pos 12,18 stuck 1
RC POS 32 id 25 seat 4 role defend fs 0 body 1 pos 11,5 stuck 0
RC POS 32 id 29 seat 5 role raid fs 0 body 1 pos 7,18 stuck 3
RC ECO 33 harvstore 2 harvseen -1 ti 20 units 8 scale 259.0
RC POS 33 id 3 seat 0 role raid fs 1 body 1 pos 11,17 stuck 9
RC POS 33 id 5 seat 1 role expand fs 0 body 1 pos 13,7 stuck 0
RC POS 33 id 7 seat 2 role expand fs 0 body 1 pos 3,6 stuck 0
RC POS 33 id 9 seat 3 role raid fs 1 body 2 pos 12,18 stuck 2
RC POS 33 id 25 seat 4 role defend fs 0 body 1 pos 12,5 stuck 0
RC POS 33 id 29 seat 5 role raid fs 0 body 1 pos 7,18 stuck 4
RC ECO 34 harvstore 2 harvseen -1 ti 16 units 8 scale 259.0
RC POS 34 id 3 seat 0 role raid fs 1 body 1 pos 11,17 stuck 10
RC POS 34 id 5 seat 1 role expand fs 0 body 1 pos 14,7 stuck 0
RC POS 34 id 7 seat 2 role expand fs 0 body 1 pos 2,6 stuck 0
RC POS 34 id 9 seat 3 role raid fs 1 body 2 pos 12,18 stuck 3
RC POS 34 id 25 seat 4 role defend fs 0 body 1 pos 13,5 stuck 0
RC POS 34 id 29 seat 5 role raid fs 0 body 1 pos 7,17 stuck 0
RC ECO 35 harvstore 2 harvseen -1 ti 22 units 8 scale 259.0
RC POS 35 id 3 seat 0 role raid fs 1 body 1 pos 11,17 stuck 11
RC POS 35 id 5 seat 1 role expand fs 0 body 1 pos 13,7 stuck 0
RC POS 35 id 7 seat 2 role expand fs 0 body 1 pos 3,6 stuck 0
RC POS 35 id 9 seat 3 role raid fs 1 body 2 pos 12,18 stuck 4
RC POS 35 id 25 seat 4 role defend fs 0 body 1 pos 12,5 stuck 0
RC POS 35 id 29 seat 5 role raid fs 0 body 1 pos 7,16 stuck 0
RC ECO 36 harvstore 2 harvseen -1 ti 26 units 8 scale 259.0
RC POS 36 id 3 seat 0 role raid fs 1 body 1 pos 11,17 stuck 12
RC POS 36 id 5 seat 1 role expand fs 0 body 1 pos 14,7 stuck 0
RC POS 36 id 7 seat 2 role expand fs 0 body 1 pos 2,6 stuck 0
RC POS 36 id 9 seat 3 role raid fs 1 body 2 pos 12,18 stuck 5
RC POS 36 id 25 seat 4 role defend fs 0 body 1 pos 13,5 stuck 0
RC POS 36 id 29 seat 5 role raid fs 0 body 1 pos 8,16 stuck 0
RC ECO 37 harvstore 2 harvseen -1 ti 8 units 8 scale 259.0
RC POS 37 id 3 seat 0 role raid fs 1 body 1 pos 11,17 stuck 13
RC POS 37 id 5 seat 1 role expand fs 0 body 1 pos 13,7 stuck 0
RC POS 37 id 7 seat 2 role expand fs 0 body 1 pos 3,6 stuck 0
RC POS 37 id 9 seat 3 role raid fs 1 body 2 pos 12,18 stuck 6
RC POS 37 id 25 seat 4 role defend fs 0 body 1 pos 12,5 stuck 0
RC POS 37 id 29 seat 5 role raid fs 0 body 1 pos 9,16 stuck 0
RC ECO 38 harvstore 2 harvseen -1 ti 8 units 8 scale 259.0
RC POS 38 id 3 seat 0 role raid fs 1 body 1 pos 11,17 stuck 14
RC POS 38 id 5 seat 1 role expand fs 0 body 1 pos 14,7 stuck 0
RC POS 38 id 7 seat 2 role expand fs 0 body 1 pos 2,6 stuck 0
RC POS 38 id 9 seat 3 role raid fs 1 body 2 pos 12,18 stuck 7
RC POS 38 id 25 seat 4 role defend fs 0 body 1 pos 11,5 stuck 0
RC POS 38 id 29 seat 5 role raid fs 0 body 1 pos 10,16 stuck 0
RC ECO 39 harvstore 2 harvseen -1 ti 18 units 8 scale 259.0
RC POS 39 id 3 seat 0 role raid fs 1 body 1 pos 11,17 stuck 15
RC POS 39 id 5 seat 1 role expand fs 0 body 1 pos 14,8 stuck 0
RC POS 39 id 7 seat 2 role expand fs 0 body 1 pos 3,6 stuck 0
RC POS 39 id 9 seat 3 role raid fs 1 body 2 pos 12,18 stuck 8
RC POS 39 id 25 seat 4 role defend fs 0 body 1 pos 11,4 stuck 0
RC POS 39 id 29 seat 5 role raid fs 0 body 1 pos 11,16 stuck 0
RC ECO 40 harvstore 2 harvseen -1 ti 19 units 8 scale 260.0
RC POS 40 id 3 seat 0 role raid fs 1 body 1 pos 11,17 stuck 16
RC POS 40 id 5 seat 1 role expand fs 0 body 1 pos 13,8 stuck 0
RC POS 40 id 7 seat 2 role expand fs 0 body 1 pos 2,6 stuck 0
RC POS 40 id 9 seat 3 role raid fs 1 body 2 pos 12,18 stuck 9
RC POS 40 id 25 seat 4 role defend fs 0 body 1 pos 10,4 stuck 0
RC POS 40 id 29 seat 5 role raid fs 0 body 1 pos 12,16 stuck 0
RC ECO 41 harvstore 2 harvseen -1 ti 15 units 8 scale 260.0
RC POS 41 id 3 seat 0 role raid fs 1 body 1 pos 12,17 stuck 0
RC POS 41 id 5 seat 1 role expand fs 0 body 1 pos 13,7 stuck 0
RC POS 41 id 7 seat 2 role expand fs 0 body 1 pos 3,6 stuck 0
RC POS 41 id 9 seat 3 role raid fs 1 body 2 pos 13,18 stuck 0
RC POS 41 id 25 seat 4 role defend fs 0 body 1 pos 9,4 stuck 0
RC POS 41 id 29 seat 5 role raid fs 0 body 1 pos 11,16 stuck 0
RC ECO 42 harvstore 2 harvseen -1 ti 8 units 8 scale 261.0
RC POS 42 id 3 seat 0 role raid fs 1 body 1 pos 12,17 stuck 1
RC POS 42 id 5 seat 1 role expand fs 0 body 1 pos 14,7 stuck 0
RC POS 42 id 7 seat 2 role expand fs 0 body 1 pos 2,6 stuck 0
RC POS 42 id 9 seat 3 role raid fs 1 body 2 pos 12,18 stuck 0
RC POS 42 id 25 seat 4 role defend fs 0 body 1 pos 9,4 stuck 1
RC POS 42 id 29 seat 5 role raid fs 0 body 1 pos 12,16 stuck 0
RC ECO 43 harvstore 2 harvseen -1 ti 18 units 8 scale 261.0
RC POS 43 id 3 seat 0 role raid fs 1 body 1 pos 13,17 stuck 0
RC POS 43 id 5 seat 1 role expand fs 0 body 1 pos 13,7 stuck 0
RC POS 43 id 7 seat 2 role expand fs 0 body 1 pos 3,6 stuck 0
RC POS 43 id 9 seat 3 role raid fs 1 body 2 pos 12,19 stuck 0
RC POS 43 id 25 seat 4 role defend fs 0 body 1 pos 9,4 stuck 2
RC POS 43 id 29 seat 5 role raid fs 0 body 1 pos 12,17 stuck 0
RC ECO 44 harvstore 2 harvseen -1 ti 22 units 8 scale 261.0
RC POS 44 id 3 seat 0 role raid fs 1 body 1 pos 13,16 stuck 0
RC POS 44 id 5 seat 1 role expand fs 0 body 1 pos 14,7 stuck 0
RC POS 44 id 7 seat 2 role expand fs 0 body 1 pos 2,6 stuck 0
RC POS 44 id 9 seat 3 role raid fs 1 body 2 pos 12,20 stuck 0
RC POS 44 id 25 seat 4 role defend fs 0 body 1 pos 9,4 stuck 3
RC POS 44 id 29 seat 5 role raid fs 0 body 1 pos 12,18 stuck 0
RC ECO 45 harvstore 2 harvseen -1 ti 6 units 8 scale 261.0
RC POS 45 id 3 seat 0 role raid fs 1 body 1 pos 14,16 stuck 0
RC POS 45 id 5 seat 1 role expand fs 0 body 1 pos 13,7 stuck 0
RC POS 45 id 7 seat 2 role expand fs 0 body 1 pos 3,6 stuck 0
RC POS 45 id 9 seat 3 role raid fs 1 body 2 pos 11,20 stuck 0
RC POS 45 id 25 seat 4 role defend fs 0 body 1 pos 9,4 stuck 4
RC POS 45 id 29 seat 5 role raid fs 0 body 1 pos 12,19 stuck 0
RC ECO 46 harvstore 2 harvseen -1 ti 6 units 8 scale 260.0
RC POS 46 id 3 seat 0 role raid fs 1 body 1 pos 14,17 stuck 0
RC POS 46 id 5 seat 1 role expand fs 0 body 1 pos 14,7 stuck 0
RC POS 46 id 7 seat 2 role expand fs 0 body 1 pos 2,6 stuck 0
RC POS 46 id 9 seat 3 role raid fs 1 body 2 pos 11,21 stuck 0
RC POS 46 id 25 seat 4 role defend fs 0 body 1 pos 9,4 stuck 5
RC POS 46 id 29 seat 5 role raid fs 0 body 1 pos 12,20 stuck 0
RC ECO 47 harvstore 2 harvseen -1 ti 16 units 8 scale 260.0
RC POS 47 id 3 seat 0 role raid fs 1 body 1 pos 13,17 stuck 0
RC POS 47 id 5 seat 1 role expand fs 0 body 1 pos 13,7 stuck 0
RC POS 47 id 7 seat 2 role expand fs 0 body 1 pos 3,6 stuck 0
RC POS 47 id 9 seat 3 role raid fs 1 body 2 pos 10,21 stuck 0
RC POS 47 id 25 seat 4 role defend fs 0 body 1 pos 8,4 stuck 0
RC POS 47 id 29 seat 5 role raid fs 0 body 1 pos 11,20 stuck 0
RC ECO 48 harvstore 2 harvseen -1 ti 12 units 8 scale 260.0
RC POS 48 id 3 seat 0 role raid fs 1 body 1 pos 12,17 stuck 0
RC POS 48 id 5 seat 1 role expand fs 0 body 1 pos 14,7 stuck 0
RC POS 48 id 7 seat 2 role expand fs 0 body 1 pos 2,6 stuck 0
RC POS 48 id 9 seat 3 role raid fs 1 body 2 pos 9,21 stuck 0
RC POS 48 id 25 seat 4 role defend fs 0 body 1 pos 8,5 stuck 0
RC POS 48 id 29 seat 5 role raid fs 0 body 1 pos 11,20 stuck 1
RC ECO 49 harvstore 2 harvseen -1 ti 12 units 8 scale 260.0
RC POS 49 id 3 seat 0 role raid fs 1 body 1 pos 12,18 stuck 0
RC POS 49 id 5 seat 1 role expand fs 0 body 1 pos 14,8 stuck 0
RC POS 49 id 7 seat 2 role expand fs 0 body 1 pos 3,6 stuck 0
RC POS 49 id 9 seat 3 role raid fs 1 body 2 pos 8,21 stuck 0
RC POS 49 id 25 seat 4 role defend fs 0 body 1 pos 7,5 stuck 0
RC POS 49 id 29 seat 5 role raid fs 0 body 1 pos 11,20 stuck 1
RC ECO 50 harvstore 2 harvseen -1 ti 5 units 8 scale 261.0
RC POS 50 id 3 seat 0 role raid fs 1 body 1 pos 12,19 stuck 0
RC POS 50 id 5 seat 1 role expand fs 0 body 1 pos 13,8 stuck 0
RC POS 50 id 7 seat 2 role expand fs 0 body 1 pos 2,6 stuck 0
RC POS 50 id 9 seat 3 role raid fs 1 body 2 pos 8,21 stuck 1
RC POS 50 id 25 seat 4 role defend fs 0 body 1 pos 7,6 stuck 0
RC POS 50 id 29 seat 5 role raid fs 0 body 1 pos 11,20 stuck 1
RC ECO 51 harvstore 2 harvseen -1 ti 15 units 8 scale 260.0
RC POS 51 id 3 seat 0 role raid fs 1 body 1 pos 12,20 stuck 0
RC POS 51 id 5 seat 1 role expand fs 0 body 1 pos 13,7 stuck 0
RC POS 51 id 7 seat 2 role expand fs 0 body 1 pos 3,6 stuck 0
RC POS 51 id 9 seat 3 role raid fs 1 body 2 pos 7,21 stuck 0
RC POS 51 id 25 seat 4 role defend fs 0 body 1 pos 7,7 stuck 0
RC POS 51 id 29 seat 5 role raid fs 0 body 1 pos 11,20 stuck 1
RC ECO 52 harvstore 2 harvseen -1 ti 25 units 8 scale 260.0
RC POS 52 id 3 seat 0 role raid fs 1 body 1 pos 13,20 stuck 0
RC POS 52 id 5 seat 1 role expand fs 0 body 1 pos 14,7 stuck 0
RC POS 52 id 7 seat 2 role expand fs 0 body 1 pos 2,6 stuck 0
RC POS 52 id 9 seat 3 role raid fs 1 body 2 pos 7,20 stuck 0
RC POS 52 id 25 seat 4 role defend fs 0 body 1 pos 7,8 stuck 0
RC POS 52 id 29 seat 5 role raid fs 0 body 1 pos 11,20 stuck 1
RC ECO 53 harvstore 2 harvseen -1 ti 25 units 8 scale 260.0
RC POS 53 id 3 seat 0 role raid fs 1 body 1 pos 13,21 stuck 0
RC POS 53 id 5 seat 1 role expand fs 0 body 1 pos 13,7 stuck 0
RC POS 53 id 7 seat 2 role expand fs 0 body 1 pos 3,6 stuck 0
RC POS 53 id 9 seat 3 role raid fs 1 body 2 pos 7,19 stuck 0
RC POS 53 id 25 seat 4 role defend fs 0 body 1 pos 8,8 stuck 0
RC POS 53 id 29 seat 5 role raid fs 0 body 1 pos 11,20 stuck 1
RC ECO 54 harvstore 2 harvseen -1 ti 25 units 8 scale 260.0
RC POS 54 id 3 seat 0 role raid fs 1 body 1 pos 12,21 stuck 0
RC POS 54 id 5 seat 1 role expand fs 0 body 1 pos 14,7 stuck 0
RC POS 54 id 7 seat 2 role expand fs 0 body 1 pos 2,6 stuck 0
RC POS 54 id 9 seat 3 role raid fs 1 body 2 pos 7,20 stuck 0
RC POS 54 id 25 seat 4 role defend fs 0 body 1 pos 8,9 stuck 0
RC POS 54 id 29 seat 5 role raid fs 0 body 1 pos 11,20 stuck 1
RC ECO 55 harvstore 2 harvseen -1 ti 25 units 8 scale 260.0
RC POS 55 id 3 seat 0 role raid fs 1 body 1 pos 13,21 stuck 0
RC POS 55 id 5 seat 1 role expand fs 0 body 1 pos 13,7 stuck 0
RC POS 55 id 7 seat 2 role expand fs 0 body 1 pos 3,6 stuck 0
RC POS 55 id 9 seat 3 role raid fs 1 body 2 pos 7,19 stuck 0
RC POS 55 id 25 seat 4 role defend fs 0 body 1 pos 9,9 stuck 0
RC POS 55 id 29 seat 5 role raid fs 0 body 1 pos 11,20 stuck 1
RC ECO 56 harvstore 2 harvseen -1 ti 18 units 8 scale 261.0
RC POS 56 id 3 seat 0 role raid fs 1 body 1 pos 12,21 stuck 0
RC POS 56 id 5 seat 1 role expand fs 0 body 1 pos 14,7 stuck 0
RC POS 56 id 7 seat 2 role expand fs 0 body 1 pos 2,6 stuck 0
RC POS 56 id 9 seat 3 role raid fs 1 body 2 pos 7,20 stuck 0
RC POS 56 id 25 seat 4 role defend fs 0 body 1 pos 9,9 stuck 1
RC POS 56 id 29 seat 5 role raid fs 0 body 1 pos 11,20 stuck 1
RC ECO 57 harvstore 2 harvseen -1 ti 18 units 8 scale 261.0
RC POS 57 id 3 seat 0 role raid fs 1 body 1 pos 13,21 stuck 0
RC POS 57 id 5 seat 1 role expand fs 0 body 1 pos 13,7 stuck 0
RC POS 57 id 7 seat 2 role expand fs 0 body 1 pos 3,6 stuck 0
RC POS 57 id 9 seat 3 role raid fs 1 body 2 pos 7,19 stuck 0
RC POS 57 id 25 seat 4 role defend fs 0 body 1 pos 8,9 stuck 0
RC POS 57 id 29 seat 5 role raid fs 0 body 1 pos 11,20 stuck 1
RC ECO 58 harvstore 2 harvseen -1 ti 18 units 8 scale 261.0
RC POS 58 id 3 seat 0 role raid fs 1 body 1 pos 12,21 stuck 0
RC POS 58 id 5 seat 1 role expand fs 0 body 1 pos 14,7 stuck 0
RC POS 58 id 7 seat 2 role expand fs 0 body 1 pos 2,6 stuck 0
RC POS 58 id 9 seat 3 role raid fs 1 body 2 pos 7,20 stuck 0
RC POS 58 id 25 seat 4 role defend fs 0 body 1 pos 7,9 stuck 0
RC POS 58 id 29 seat 5 role raid fs 0 body 1 pos 11,20 stuck 1
RC ECO 59 harvstore 2 harvseen -1 ti 14 units 8 scale 261.0
RC POS 59 id 3 seat 0 role raid fs 1 body 1 pos 12,20 stuck 0
RC POS 59 id 5 seat 1 role expand fs 0 body 1 pos 14,8 stuck 0
RC POS 59 id 7 seat 2 role expand fs 0 body 1 pos 3,6 stuck 0
RC POS 59 id 9 seat 3 role raid fs 1 body 2 pos 7,19 stuck 0
RC POS 59 id 25 seat 4 role defend fs 0 body 1 pos 6,9 stuck 0
RC POS 59 id 29 seat 5 role raid fs 0 body 1 pos 11,20 stuck 1
RC ECO 60 harvstore 2 harvseen -1 ti 24 units 8 scale 261.0
RC POS 60 id 3 seat 0 role raid fs 1 body 1 pos 12,19 stuck 0
RC POS 60 id 5 seat 1 role expand fs 0 body 1 pos 13,8 stuck 0
RC POS 60 id 7 seat 2 role expand fs 0 body 1 pos 2,6 stuck 0
RC POS 60 id 9 seat 3 role raid fs 1 body 2 pos 7,20 stuck 0
RC POS 60 id 25 seat 4 role defend fs 0 body 1 pos 6,10 stuck 0
RC POS 60 id 29 seat 5 role raid fs 0 body 1 pos 11,20 stuck 1
RC POS 61 id 3 seat 0 role raid fs 1 body 1 pos 12,20 stuck 0
RC POS 61 id 5 seat 1 role expand fs 0 body 1 pos 13,7 stuck 0
RC POS 61 id 7 seat 2 role expand fs 0 body 1 pos 3,6 stuck 0
RC POS 61 id 9 seat 3 role raid fs 1 body 2 pos 7,19 stuck 0
RC POS 61 id 25 seat 4 role defend fs 0 body 1 pos 6,11 stuck 0
RC POS 61 id 29 seat 5 role raid fs 0 body 1 pos 11,20 stuck 1
RC POS 62 id 3 seat 0 role raid fs 1 body 1 pos 12,19 stuck 0
RC POS 62 id 5 seat 1 role expand fs 0 body 1 pos 14,7 stuck 0
RC POS 62 id 7 seat 2 role expand fs 0 body 1 pos 2,6 stuck 0
RC POS 62 id 9 seat 3 role raid fs 1 body 2 pos 7,20 stuck 0
RC POS 62 id 25 seat 4 role defend fs 0 body 1 pos 6,10 stuck 0
RC POS 62 id 29 seat 5 role raid fs 0 body 1 pos 11,20 stuck 1
RC POS 63 id 3 seat 0 role raid fs 1 body 1 pos 12,20 stuck 0
RC POS 63 id 5 seat 1 role expand fs 0 body 1 pos 13,7 stuck 0
RC POS 63 id 7 seat 2 role expand fs 0 body 1 pos 3,6 stuck 0
RC POS 63 id 9 seat 3 role raid fs 1 body 2 pos 7,19 stuck 0
RC POS 63 id 25 seat 4 role defend fs 0 body 1 pos 6,11 stuck 0
RC POS 63 id 29 seat 5 role raid fs 0 body 1 pos 11,20 stuck 1
RC POS 64 id 3 seat 0 role raid fs 1 body 1 pos 12,19 stuck 0
RC POS 64 id 5 seat 1 role expand fs 0 body 1 pos 14,7 stuck 0
RC POS 64 id 7 seat 2 role expand fs 0 body 1 pos 2,6 stuck 0
RC POS 64 id 9 seat 3 role raid fs 1 body 2 pos 7,20 stuck 0
RC POS 64 id 25 seat 4 role defend fs 0 body 1 pos 6,10 stuck 0
RC POS 64 id 29 seat 5 role raid fs 0 body 1 pos 11,20 stuck 1
RC POS 65 id 3 seat 0 role raid fs 1 body 1 pos 12,20 stuck 0
RC POS 65 id 5 seat 1 role expand fs 0 body 1 pos 13,7 stuck 0
RC POS 65 id 7 seat 2 role expand fs 0 body 1 pos 3,6 stuck 0
RC POS 65 id 9 seat 3 role raid fs 1 body 2 pos 7,19 stuck 0
RC POS 65 id 25 seat 4 role defend fs 0 body 1 pos 6,11 stuck 0
RC POS 65 id 29 seat 5 role raid fs 0 body 1 pos 11,20 stuck 1
RC POS 66 id 3 seat 0 role raid fs 1 body 1 pos 12,19 stuck 0
RC POS 66 id 5 seat 1 role expand fs 0 body 1 pos 14,7 stuck 0
RC POS 66 id 7 seat 2 role expand fs 0 body 1 pos 2,6 stuck 0
RC POS 66 id 9 seat 3 role raid fs 1 body 2 pos 7,20 stuck 0
RC POS 66 id 25 seat 4 role defend fs 0 body 1 pos 6,10 stuck 0
RC POS 66 id 29 seat 5 role raid fs 0 body 1 pos 11,20 stuck 1
RC POS 67 id 3 seat 0 role raid fs 1 body 1 pos 12,20 stuck 0
RC POS 67 id 5 seat 1 role expand fs 0 body 1 pos 13,7 stuck 0
RC POS 67 id 7 seat 2 role expand fs 0 body 1 pos 3,6 stuck 0
RC POS 67 id 9 seat 3 role raid fs 1 body 2 pos 7,19 stuck 0
RC POS 67 id 25 seat 4 role defend fs 0 body 1 pos 7,10 stuck 0
RC POS 67 id 29 seat 5 role raid fs 0 body 1 pos 11,20 stuck 1
RC POS 68 id 3 seat 0 role raid fs 1 body 1 pos 12,19 stuck 0
RC POS 68 id 5 seat 1 role expand fs 0 body 1 pos 14,7 stuck 0
RC POS 68 id 7 seat 2 role expand fs 0 body 1 pos 2,6 stuck 0
RC POS 68 id 9 seat 3 role raid fs 1 body 2 pos 7,20 stuck 0
RC POS 68 id 25 seat 4 role defend fs 0 body 1 pos 7,9 stuck 0
RC POS 68 id 29 seat 5 role raid fs 0 body 1 pos 11,20 stuck 1
RC POS 69 id 3 seat 0 role raid fs 1 body 1 pos 12,20 stuck 0
RC POS 69 id 5 seat 1 role expand fs 0 body 1 pos 14,8 stuck 0
RC POS 69 id 7 seat 2 role expand fs 0 body 1 pos 3,6 stuck 0
RC POS 69 id 9 seat 3 role raid fs 1 body 2 pos 7,19 stuck 0
RC POS 69 id 25 seat 4 role defend fs 0 body 1 pos 8,9 stuck 0
RC POS 69 id 29 seat 5 role raid fs 0 body 1 pos 11,20 stuck 1
RC POS 70 id 3 seat 0 role raid fs 1 body 1 pos 12,19 stuck 0
RC POS 70 id 5 seat 1 role expand fs 0 body 1 pos 13,8 stuck 0
RC POS 70 id 7 seat 2 role expand fs 0 body 1 pos 2,6 stuck 0
RC POS 70 id 9 seat 3 role raid fs 1 body 2 pos 7,20 stuck 0
RC POS 70 id 25 seat 4 role defend fs 0 body 1 pos 9,9 stuck 0
RC POS 70 id 29 seat 5 role raid fs 0 body 1 pos 11,20 stuck 1
RC POS 71 id 3 seat 0 role raid fs 1 body 1 pos 12,20 stuck 0
RC POS 71 id 5 seat 1 role expand fs 0 body 1 pos 13,7 stuck 0
RC POS 71 id 7 seat 2 role expand fs 0 body 1 pos 3,6 stuck 0
RC POS 71 id 9 seat 3 role raid fs 1 body 2 pos 7,19 stuck 0
RC POS 71 id 25 seat 4 role defend fs 0 body 1 pos 9,10 stuck 0
RC POS 71 id 29 seat 5 role raid fs 0 body 1 pos 11,20 stuck 1
RC POS 72 id 3 seat 0 role raid fs 1 body 1 pos 12,19 stuck 0
RC POS 72 id 5 seat 1 role expand fs 0 body 1 pos 14,7 stuck 0
RC POS 72 id 7 seat 2 role expand fs 0 body 1 pos 2,6 stuck 0
RC POS 72 id 9 seat 3 role raid fs 1 body 2 pos 7,20 stuck 0
RC POS 72 id 25 seat 4 role defend fs 0 body 1 pos 10,10 stuck 0
RC POS 72 id 29 seat 5 role raid fs 0 body 1 pos 11,20 stuck 1
RC POS 73 id 3 seat 0 role raid fs 1 body 1 pos 12,20 stuck 0
RC POS 73 id 5 seat 1 role expand fs 0 body 1 pos 13,7 stuck 0
RC POS 73 id 7 seat 2 role expand fs 0 body 1 pos 3,6 stuck 0
RC POS 73 id 9 seat 3 role raid fs 1 body 2 pos 7,19 stuck 0
RC POS 73 id 25 seat 4 role defend fs 0 body 1 pos 11,10 stuck 0
RC POS 73 id 29 seat 5 role raid fs 0 body 1 pos 11,20 stuck 1
RC POS 74 id 3 seat 0 role raid fs 1 body 1 pos 12,19 stuck 0
RC POS 74 id 5 seat 1 role expand fs 0 body 1 pos 14,7 stuck 0
RC POS 74 id 7 seat 2 role expand fs 0 body 1 pos 2,6 stuck 0
RC POS 74 id 9 seat 3 role raid fs 1 body 2 pos 7,20 stuck 0
RC POS 74 id 25 seat 4 role defend fs 0 body 1 pos 11,9 stuck 0
RC POS 74 id 29 seat 5 role raid fs 0 body 1 pos 11,20 stuck 1
RC ECO 75 harvstore 2 harvseen -1 ti 30 units 8 scale 260.0
RC POS 75 id 3 seat 0 role raid fs 1 body 1 pos 12,20 stuck 0
RC POS 75 id 5 seat 1 role expand fs 0 body 1 pos 13,7 stuck 0
RC POS 75 id 7 seat 2 role expand fs 0 body 1 pos 3,6 stuck 0
RC POS 75 id 9 seat 3 role raid fs 1 body 2 pos 7,19 stuck 0
RC POS 75 id 25 seat 4 role defend fs 0 body 1 pos 11,10 stuck 0
RC POS 75 id 29 seat 5 role raid fs 0 body 1 pos 11,20 stuck 1
RC POS 76 id 3 seat 0 role raid fs 1 body 1 pos 12,19 stuck 0
RC POS 76 id 5 seat 1 role expand fs 0 body 1 pos 14,7 stuck 0
RC POS 76 id 7 seat 2 role expand fs 0 body 1 pos 2,6 stuck 0
RC POS 76 id 9 seat 3 role raid fs 1 body 2 pos 7,20 stuck 0
RC POS 76 id 25 seat 4 role defend fs 0 body 1 pos 11,9 stuck 0
RC POS 76 id 29 seat 5 role raid fs 0 body 1 pos 11,20 stuck 1
RC POS 77 id 3 seat 0 role raid fs 1 body 1 pos 12,20 stuck 0
RC POS 77 id 5 seat 1 role expand fs 0 body 1 pos 13,7 stuck 0
RC POS 77 id 7 seat 2 role expand fs 0 body 1 pos 3,6 stuck 0
RC POS 77 id 9 seat 3 role raid fs 1 body 2 pos 7,19 stuck 0
RC POS 77 id 25 seat 4 role defend fs 0 body 1 pos 11,10 stuck 0
RC POS 77 id 29 seat 5 role raid fs 0 body 1 pos 11,20 stuck 1
RC POS 78 id 3 seat 0 role raid fs 1 body 1 pos 12,19 stuck 0
RC POS 78 id 5 seat 1 role expand fs 0 body 1 pos 14,7 stuck 0
RC POS 78 id 7 seat 2 role expand fs 0 body 1 pos 2,6 stuck 0
RC POS 78 id 9 seat 3 role raid fs 1 body 2 pos 7,20 stuck 0
RC POS 78 id 25 seat 4 role defend fs 0 body 1 pos 11,9 stuck 0
RC POS 78 id 29 seat 5 role raid fs 0 body 1 pos 11,20 stuck 1
RC POS 79 id 3 seat 0 role raid fs 1 body 1 pos 12,20 stuck 0
RC POS 79 id 5 seat 1 role expand fs 0 body 1 pos 14,8 stuck 0
RC POS 79 id 7 seat 2 role expand fs 0 body 1 pos 3,6 stuck 0
RC POS 79 id 9 seat 3 role raid fs 1 body 2 pos 7,19 stuck 0
RC POS 79 id 25 seat 4 role defend fs 0 body 1 pos 11,10 stuck 0
RC POS 79 id 29 seat 5 role raid fs 0 body 1 pos 11,20 stuck 1
RC POS 80 id 3 seat 0 role raid fs 1 body 1 pos 12,19 stuck 0
RC POS 80 id 5 seat 1 role expand fs 0 body 1 pos 13,8 stuck 0
RC POS 80 id 7 seat 2 role expand fs 0 body 1 pos 2,6 stuck 0
RC POS 80 id 9 seat 3 role raid fs 1 body 2 pos 7,20 stuck 0
RC POS 80 id 25 seat 4 role defend fs 0 body 1 pos 10,10 stuck 0
RC POS 80 id 29 seat 5 role raid fs 0 body 1 pos 11,20 stuck 1
RC POS 81 id 3 seat 0 role raid fs 1 body 1 pos 12,20 stuck 0
RC POS 81 id 5 seat 1 role expand fs 0 body 1 pos 13,7 stuck 0
RC POS 81 id 7 seat 2 role expand fs 0 body 1 pos 3,6 stuck 0
RC POS 81 id 9 seat 3 role raid fs 1 body 2 pos 7,19 stuck 0
RC POS 81 id 25 seat 4 role defend fs 0 body 1 pos 10,11 stuck 0
RC POS 81 id 29 seat 5 role raid fs 0 body 1 pos 11,20 stuck 1
RC POS 82 id 3 seat 0 role raid fs 1 body 1 pos 12,19 stuck 0
RC POS 82 id 5 seat 1 role expand fs 0 body 1 pos 14,7 stuck 0
RC POS 82 id 7 seat 2 role expand fs 0 body 1 pos 2,6 stuck 0
RC POS 82 id 9 seat 3 role raid fs 1 body 2 pos 6,19 stuck 0
RC POS 82 id 25 seat 4 role defend fs 0 body 1 pos 11,11 stuck 0
RC POS 82 id 29 seat 5 role raid fs 0 body 1 pos 11,20 stuck 1
RC POS 83 id 3 seat 0 role raid fs 1 body 1 pos 12,20 stuck 0
RC POS 83 id 5 seat 1 role expand fs 0 body 1 pos 13,7 stuck 0
RC POS 83 id 7 seat 2 role expand fs 0 body 1 pos 3,6 stuck 0
RC POS 83 id 9 seat 3 role raid fs 1 body 2 pos 7,19 stuck 0
RC POS 83 id 25 seat 4 role defend fs 0 body 1 pos 12,11 stuck 0
RC POS 83 id 29 seat 5 role raid fs 0 body 1 pos 11,20 stuck 1
RC POS 84 id 3 seat 0 role raid fs 1 body 1 pos 12,19 stuck 0
RC POS 84 id 5 seat 1 role expand fs 0 body 1 pos 14,7 stuck 0
RC POS 84 id 7 seat 2 role expand fs 0 body 1 pos 2,6 stuck 0
RC POS 84 id 9 seat 3 role raid fs 1 body 2 pos 6,19 stuck 0
RC POS 84 id 25 seat 4 role defend fs 0 body 1 pos 12,12 stuck 0
RC POS 84 id 29 seat 5 role raid fs 0 body 1 pos 11,20 stuck 1
RC POS 85 id 3 seat 0 role raid fs 1 body 1 pos 12,20 stuck 0
RC POS 85 id 5 seat 1 role expand fs 0 body 1 pos 13,7 stuck 0
RC POS 85 id 7 seat 2 role expand fs 0 body 1 pos 3,6 stuck 0
RC POS 85 id 9 seat 3 role raid fs 1 body 2 pos 7,19 stuck 0
RC POS 85 id 25 seat 4 role defend fs 0 body 1 pos 12,13 stuck 0
RC POS 85 id 29 seat 5 role raid fs 0 body 1 pos 11,20 stuck 1
RC POS 86 id 3 seat 0 role raid fs 1 body 1 pos 12,19 stuck 0
RC POS 86 id 5 seat 1 role expand fs 0 body 1 pos 14,7 stuck 0
RC POS 86 id 7 seat 2 role expand fs 0 body 1 pos 2,6 stuck 0
RC POS 86 id 9 seat 3 role raid fs 1 body 2 pos 6,19 stuck 0
RC POS 86 id 25 seat 4 role defend fs 0 body 1 pos 11,13 stuck 0
RC POS 86 id 29 seat 5 role raid fs 0 body 1 pos 11,20 stuck 1
RC POS 87 id 3 seat 0 role raid fs 1 body 1 pos 12,20 stuck 0
RC POS 87 id 5 seat 1 role expand fs 0 body 1 pos 13,7 stuck 0
RC POS 87 id 7 seat 2 role expand fs 0 body 1 pos 3,6 stuck 0
RC POS 87 id 9 seat 3 role raid fs 1 body 2 pos 7,19 stuck 0
RC POS 87 id 25 seat 4 role defend fs 0 body 1 pos 11,12 stuck 0
RC POS 87 id 29 seat 5 role raid fs 0 body 1 pos 11,20 stuck 1
RC POS 88 id 3 seat 0 role raid fs 1 body 1 pos 12,19 stuck 0
RC POS 88 id 5 seat 1 role expand fs 0 body 1 pos 14,7 stuck 0
RC POS 88 id 7 seat 2 role expand fs 0 body 1 pos 2,6 stuck 0
RC POS 88 id 9 seat 3 role raid fs 1 body 2 pos 7,20 stuck 0
RC POS 88 id 25 seat 4 role defend fs 0 body 1 pos 12,12 stuck 0
RC POS 88 id 29 seat 5 role raid fs 0 body 1 pos 11,20 stuck 1
RC POS 89 id 3 seat 0 role raid fs 1 body 1 pos 12,20 stuck 0
RC POS 89 id 5 seat 1 role expand fs 0 body 1 pos 14,8 stuck 0
RC POS 89 id 7 seat 2 role expand fs 0 body 1 pos 3,6 stuck 0
RC POS 89 id 9 seat 3 role raid fs 1 body 2 pos 7,19 stuck 0
RC POS 89 id 25 seat 4 role defend fs 0 body 1 pos 12,13 stuck 0
RC POS 89 id 29 seat 5 role raid fs 0 body 1 pos 11,20 stuck 1
RC POS 90 id 3 seat 0 role raid fs 1 body 1 pos 12,19 stuck 0
RC POS 90 id 5 seat 1 role expand fs 0 body 1 pos 13,8 stuck 0
RC POS 90 id 7 seat 2 role expand fs 0 body 1 pos 2,6 stuck 0
RC POS 90 id 9 seat 3 role raid fs 1 body 2 pos 7,20 stuck 0
RC POS 90 id 25 seat 4 role defend fs 0 body 1 pos 11,13 stuck 0
RC POS 90 id 29 seat 5 role raid fs 0 body 1 pos 11,20 stuck 1
RC POS 91 id 3 seat 0 role raid fs 1 body 1 pos 12,20 stuck 0
RC POS 91 id 5 seat 1 role expand fs 0 body 1 pos 13,7 stuck 0
RC POS 91 id 7 seat 2 role expand fs 0 body 1 pos 3,6 stuck 0
RC POS 91 id 9 seat 3 role raid fs 1 body 2 pos 7,19 stuck 0
RC POS 91 id 25 seat 4 role defend fs 0 body 1 pos 11,12 stuck 0
RC POS 91 id 29 seat 5 role raid fs 0 body 1 pos 11,20 stuck 1
RC POS 92 id 3 seat 0 role raid fs 1 body 1 pos 12,19 stuck 0
RC POS 92 id 5 seat 1 role expand fs 0 body 1 pos 14,7 stuck 0
RC POS 92 id 7 seat 2 role expand fs 0 body 1 pos 2,6 stuck 0
RC POS 92 id 9 seat 3 role raid fs 1 body 2 pos 7,20 stuck 0
RC POS 92 id 25 seat 4 role defend fs 0 body 1 pos 12,12 stuck 0
RC POS 92 id 29 seat 5 role raid fs 0 body 1 pos 11,20 stuck 1
RC POS 93 id 3 seat 0 role raid fs 1 body 1 pos 12,20 stuck 0
RC POS 93 id 5 seat 1 role expand fs 0 body 1 pos 13,7 stuck 0
RC POS 93 id 7 seat 2 role expand fs 0 body 1 pos 3,6 stuck 0
RC POS 93 id 9 seat 3 role raid fs 1 body 2 pos 7,19 stuck 0
RC POS 93 id 25 seat 4 role defend fs 0 body 1 pos 12,13 stuck 0
RC POS 93 id 29 seat 5 role raid fs 0 body 1 pos 11,20 stuck 1
RC POS 94 id 3 seat 0 role raid fs 1 body 1 pos 12,19 stuck 0
RC POS 94 id 5 seat 1 role expand fs 0 body 1 pos 14,7 stuck 0
RC POS 94 id 7 seat 2 role expand fs 0 body 1 pos 2,6 stuck 0
RC POS 94 id 9 seat 3 role raid fs 1 body 2 pos 7,20 stuck 0
RC POS 94 id 25 seat 4 role defend fs 0 body 1 pos 11,13 stuck 0
RC POS 94 id 29 seat 5 role raid fs 0 body 1 pos 11,20 stuck 1
RC POS 95 id 3 seat 0 role raid fs 1 body 1 pos 12,20 stuck 0
RC POS 95 id 5 seat 1 role expand fs 0 body 1 pos 13,7 stuck 0
RC POS 95 id 7 seat 2 role expand fs 0 body 1 pos 3,6 stuck 0
RC POS 95 id 9 seat 3 role raid fs 1 body 2 pos 7,19 stuck 0
RC POS 95 id 25 seat 4 role defend fs 0 body 1 pos 11,12 stuck 0
RC POS 95 id 29 seat 5 role raid fs 0 body 1 pos 11,20 stuck 1
RC POS 96 id 3 seat 0 role raid fs 1 body 1 pos 12,19 stuck 0
RC POS 96 id 5 seat 1 role expand fs 0 body 1 pos 14,7 stuck 0
RC POS 96 id 7 seat 2 role expand fs 0 body 1 pos 2,6 stuck 0
RC POS 96 id 9 seat 3 role raid fs 1 body 2 pos 7,20 stuck 0
RC POS 96 id 25 seat 4 role defend fs 0 body 1 pos 12,12 stuck 0
RC POS 96 id 29 seat 5 role raid fs 0 body 1 pos 11,20 stuck 1
RC POS 97 id 3 seat 0 role raid fs 1 body 1 pos 12,19 stuck 1
RC POS 97 id 5 seat 1 role expand fs 0 body 1 pos 13,7 stuck 0
RC POS 97 id 7 seat 2 role expand fs 0 body 1 pos 3,6 stuck 0
RC POS 97 id 9 seat 3 role raid fs 1 body 2 pos 7,19 stuck 0
RC POS 97 id 25 seat 4 role defend fs 0 body 1 pos 12,13 stuck 0
RC POS 97 id 29 seat 5 role raid fs 0 body 1 pos 11,20 stuck 1
RC POS 98 id 3 seat 0 role raid fs 1 body 1 pos 12,20 stuck 0
RC POS 98 id 5 seat 1 role expand fs 0 body 1 pos 14,7 stuck 0
RC POS 98 id 7 seat 2 role expand fs 0 body 1 pos 2,6 stuck 0
RC POS 98 id 9 seat 3 role raid fs 1 body 2 pos 7,20 stuck 0
RC POS 98 id 25 seat 4 role defend fs 0 body 1 pos 11,13 stuck 0
RC POS 98 id 29 seat 5 role raid fs 0 body 1 pos 11,20 stuck 1
RC POS 99 id 3 seat 0 role raid fs 1 body 1 pos 12,19 stuck 0
RC POS 99 id 5 seat 1 role expand fs 0 body 1 pos 14,8 stuck 0
RC POS 99 id 7 seat 2 role expand fs 0 body 1 pos 3,6 stuck 0
RC POS 99 id 9 seat 3 role raid fs 1 body 2 pos 7,19 stuck 0
RC POS 99 id 25 seat 4 role defend fs 0 body 1 pos 11,12 stuck 0
RC POS 99 id 29 seat 5 role raid fs 0 body 1 pos 11,20 stuck 1
RC ECO 100 harvstore 2 harvseen -1 ti 22 units 9 scale 280.0
RC POS 100 id 3 seat 0 role raid fs 1 body 1 pos 12,20 stuck 0
RC POS 100 id 5 seat 1 role expand fs 0 body 1 pos 13,8 stuck 0
RC POS 100 id 7 seat 2 role expand fs 0 body 1 pos 2,6 stuck 0
RC POS 100 id 9 seat 3 role raid fs 1 body 2 pos 7,20 stuck 0
RC POS 100 id 25 seat 4 role defend fs 0 body 1 pos 11,11 stuck 0
RC POS 100 id 29 seat 5 role raid fs 0 body 1 pos 11,20 stuck 1
RC POS 101 id 3 seat 0 role raid fs 1 body 1 pos 12,19 stuck 0
RC POS 101 id 5 seat 1 role expand fs 0 body 1 pos 13,7 stuck 0
RC POS 101 id 7 seat 2 role expand fs 0 body 1 pos 3,6 stuck 0
RC POS 101 id 9 seat 3 role raid fs 1 body 2 pos 7,19 stuck 0
RC POS 101 id 25 seat 4 role defend fs 0 body 1 pos 11,10 stuck 0
RC POS 101 id 29 seat 5 role raid fs 0 body 1 pos 11,20 stuck 1
RC POS 102 id 3 seat 0 role raid fs 1 body 1 pos 12,20 stuck 0
RC POS 102 id 5 seat 1 role expand fs 0 body 1 pos 14,7 stuck 0
RC POS 102 id 7 seat 2 role expand fs 0 body 1 pos 2,6 stuck 0
RC POS 102 id 9 seat 3 role raid fs 1 body 2 pos 7,20 stuck 0
RC POS 102 id 25 seat 4 role defend fs 0 body 1 pos 11,9 stuck 0
RC POS 102 id 29 seat 5 role raid fs 0 body 1 pos 11,20 stuck 1
RC POS 103 id 3 seat 0 role raid fs 1 body 1 pos 12,19 stuck 0
RC POS 103 id 5 seat 1 role expand fs 0 body 1 pos 13,7 stuck 0
RC POS 103 id 7 seat 2 role expand fs 0 body 1 pos 3,6 stuck 0
RC POS 103 id 9 seat 3 role raid fs 1 body 2 pos 7,19 stuck 0
RC POS 103 id 25 seat 4 role defend fs 0 body 1 pos 11,10 stuck 0
RC POS 103 id 29 seat 5 role raid fs 0 body 1 pos 11,20 stuck 1
RC POS 104 id 3 seat 0 role raid fs 1 body 1 pos 12,20 stuck 0
RC POS 104 id 5 seat 1 role expand fs 0 body 1 pos 14,7 stuck 0
RC POS 104 id 7 seat 2 role expand fs 0 body 1 pos 2,6 stuck 0
RC POS 104 id 9 seat 3 role raid fs 1 body 2 pos 7,20 stuck 0
RC POS 104 id 25 seat 4 role defend fs 0 body 1 pos 11,9 stuck 0
RC POS 104 id 29 seat 5 role raid fs 0 body 1 pos 11,20 stuck 1
RC POS 105 id 3 seat 0 role raid fs 1 body 1 pos 12,19 stuck 0
RC POS 105 id 5 seat 1 role expand fs 0 body 1 pos 13,7 stuck 0
RC POS 105 id 7 seat 2 role expand fs 0 body 1 pos 3,6 stuck 0
RC POS 105 id 9 seat 3 role raid fs 1 body 2 pos 7,19 stuck 0
RC POS 105 id 25 seat 4 role defend fs 0 body 1 pos 11,10 stuck 0
RC POS 105 id 29 seat 5 role raid fs 0 body 1 pos 11,20 stuck 1
RC POS 106 id 3 seat 0 role raid fs 1 body 1 pos 12,20 stuck 0
RC POS 106 id 5 seat 1 role expand fs 0 body 1 pos 14,7 stuck 0
RC POS 106 id 7 seat 2 role expand fs 0 body 1 pos 2,6 stuck 0
RC POS 106 id 9 seat 3 role raid fs 1 body 2 pos 7,20 stuck 0
RC POS 106 id 25 seat 4 role defend fs 0 body 1 pos 11,9 stuck 0
RC POS 106 id 29 seat 5 role raid fs 0 body 1 pos 11,20 stuck 1
RC POS 107 id 3 seat 0 role raid fs 1 body 1 pos 12,19 stuck 0
RC POS 107 id 5 seat 1 role expand fs 0 body 1 pos 13,7 stuck 0
RC POS 107 id 7 seat 2 role expand fs 0 body 1 pos 3,6 stuck 0
RC POS 107 id 9 seat 3 role raid fs 1 body 2 pos 7,19 stuck 0
RC POS 107 id 25 seat 4 role defend fs 0 body 1 pos 11,10 stuck 0
RC POS 107 id 29 seat 5 role raid fs 0 body 1 pos 11,20 stuck 1
RC POS 108 id 3 seat 0 role raid fs 1 body 1 pos 12,20 stuck 0
RC POS 108 id 5 seat 1 role expand fs 0 body 1 pos 14,7 stuck 0
RC POS 108 id 7 seat 2 role expand fs 0 body 1 pos 2,6 stuck 0
RC POS 108 id 9 seat 3 role raid fs 1 body 2 pos 7,20 stuck 0
RC POS 108 id 25 seat 4 role defend fs 0 body 1 pos 10,10 stuck 0
RC POS 108 id 29 seat 5 role raid fs 0 body 1 pos 11,20 stuck 1
RC POS 109 id 3 seat 0 role raid fs 1 body 1 pos 12,19 stuck 0
RC POS 109 id 5 seat 1 role expand fs 0 body 1 pos 14,8 stuck 0
RC POS 109 id 7 seat 2 role expand fs 0 body 1 pos 3,6 stuck 0
RC POS 109 id 9 seat 3 role raid fs 1 body 2 pos 6,20 stuck 0
RC POS 109 id 25 seat 4 role defend fs 0 body 1 pos 10,11 stuck 0
RC POS 109 id 29 seat 5 role raid fs 0 body 1 pos 11,20 stuck 1
RC POS 110 id 3 seat 0 role raid fs 1 body 1 pos 12,20 stuck 0
RC POS 110 id 5 seat 1 role expand fs 0 body 1 pos 13,8 stuck 0
RC POS 110 id 7 seat 2 role expand fs 0 body 1 pos 2,6 stuck 0
RC POS 110 id 9 seat 3 role raid fs 1 body 2 pos 7,20 stuck 0
RC POS 110 id 25 seat 4 role defend fs 0 body 1 pos 11,11 stuck 0
RC POS 110 id 29 seat 5 role raid fs 0 body 1 pos 11,20 stuck 1
RC POS 111 id 3 seat 0 role raid fs 1 body 1 pos 12,19 stuck 0
RC POS 111 id 5 seat 1 role expand fs 0 body 1 pos 13,7 stuck 0
RC POS 111 id 7 seat 2 role expand fs 0 body 1 pos 3,6 stuck 0
RC POS 111 id 9 seat 3 role raid fs 1 body 2 pos 6,20 stuck 0
RC POS 111 id 25 seat 4 role defend fs 0 body 1 pos 12,11 stuck 0
RC POS 111 id 29 seat 5 role raid fs 0 body 1 pos 11,20 stuck 1
RC POS 112 id 3 seat 0 role raid fs 1 body 1 pos 12,20 stuck 0
RC POS 112 id 5 seat 1 role expand fs 0 body 1 pos 14,7 stuck 0
RC POS 112 id 7 seat 2 role expand fs 0 body 1 pos 2,6 stuck 0
RC POS 112 id 9 seat 3 role raid fs 1 body 2 pos 7,20 stuck 0
RC POS 112 id 25 seat 4 role defend fs 0 body 1 pos 12,12 stuck 0
RC POS 112 id 29 seat 5 role raid fs 0 body 1 pos 11,20 stuck 1
RC POS 113 id 3 seat 0 role raid fs 1 body 1 pos 12,19 stuck 0
RC POS 113 id 5 seat 1 role expand fs 0 body 1 pos 13,7 stuck 0
RC POS 113 id 7 seat 2 role expand fs 0 body 1 pos 3,6 stuck 0
RC POS 113 id 9 seat 3 role raid fs 1 body 2 pos 6,20 stuck 0
RC POS 113 id 25 seat 4 role defend fs 0 body 1 pos 12,13 stuck 0
RC POS 113 id 29 seat 5 role raid fs 0 body 1 pos 11,20 stuck 1
RC POS 114 id 3 seat 0 role raid fs 1 body 1 pos 12,20 stuck 0
RC POS 114 id 5 seat 1 role expand fs 0 body 1 pos 14,7 stuck 0
RC POS 114 id 7 seat 2 role expand fs 0 body 1 pos 2,6 stuck 0
RC POS 114 id 9 seat 3 role raid fs 1 body 2 pos 7,20 stuck 0
RC POS 114 id 25 seat 4 role defend fs 0 body 1 pos 11,13 stuck 0
RC POS 114 id 29 seat 5 role raid fs 0 body 1 pos 11,20 stuck 1
RC POS 115 id 3 seat 0 role raid fs 1 body 1 pos 12,19 stuck 0
RC POS 115 id 5 seat 1 role expand fs 0 body 1 pos 13,7 stuck 0
RC POS 115 id 7 seat 2 role expand fs 0 body 1 pos 3,6 stuck 0
RC POS 115 id 9 seat 3 role raid fs 1 body 2 pos 7,19 stuck 0
RC POS 115 id 25 seat 4 role defend fs 0 body 1 pos 11,12 stuck 0
RC POS 115 id 29 seat 5 role raid fs 0 body 1 pos 11,20 stuck 1
RC POS 116 id 3 seat 0 role raid fs 1 body 1 pos 12,20 stuck 0
RC POS 116 id 5 seat 1 role expand fs 0 body 1 pos 14,7 stuck 0
RC POS 116 id 7 seat 2 role expand fs 0 body 1 pos 2,6 stuck 0
RC POS 116 id 9 seat 3 role raid fs 1 body 2 pos 6,19 stuck 0
RC POS 116 id 25 seat 4 role defend fs 0 body 1 pos 12,12 stuck 0
RC POS 116 id 29 seat 5 role raid fs 0 body 1 pos 11,20 stuck 1
RC POS 117 id 3 seat 0 role raid fs 1 body 1 pos 12,19 stuck 0
RC POS 117 id 5 seat 1 role expand fs 0 body 1 pos 13,7 stuck 0
RC POS 117 id 7 seat 2 role expand fs 0 body 1 pos 3,6 stuck 0
RC POS 117 id 9 seat 3 role raid fs 1 body 2 pos 7,19 stuck 0
RC POS 117 id 25 seat 4 role defend fs 0 body 1 pos 12,13 stuck 0
RC POS 117 id 29 seat 5 role raid fs 0 body 1 pos 11,20 stuck 1
RC POS 118 id 3 seat 0 role raid fs 1 body 1 pos 12,20 stuck 0
RC POS 118 id 5 seat 1 role expand fs 0 body 1 pos 14,7 stuck 0
RC POS 118 id 7 seat 2 role expand fs 0 body 1 pos 2,6 stuck 0
RC POS 118 id 9 seat 3 role raid fs 1 body 2 pos 7,20 stuck 0
RC POS 118 id 25 seat 4 role defend fs 0 body 1 pos 11,13 stuck 0
RC POS 118 id 29 seat 5 role raid fs 0 body 1 pos 11,20 stuck 1
RC POS 119 id 3 seat 0 role raid fs 1 body 1 pos 12,19 stuck 0
RC POS 119 id 5 seat 1 role expand fs 0 body 1 pos 14,8 stuck 0
RC POS 119 id 7 seat 2 role expand fs 0 body 1 pos 3,6 stuck 0
RC POS 119 id 9 seat 3 role raid fs 1 body 2 pos 7,19 stuck 0
RC POS 119 id 25 seat 4 role defend fs 0 body 1 pos 11,12 stuck 0
RC POS 119 id 29 seat 5 role raid fs 0 body 1 pos 11,20 stuck 1
RC POS 120 id 3 seat 0 role raid fs 1 body 1 pos 12,20 stuck 0
RC POS 120 id 5 seat 1 role expand fs 0 body 1 pos 13,8 stuck 0
RC POS 120 id 7 seat 2 role expand fs 0 body 1 pos 2,6 stuck 0
RC POS 120 id 9 seat 3 role raid fs 1 body 2 pos 7,20 stuck 0
RC POS 120 id 25 seat 4 role defend fs 0 body 1 pos 12,12 stuck 0
RC POS 120 id 29 seat 5 role raid fs 0 body 1 pos 11,20 stuck 1
RC POS 121 id 3 seat 0 role raid fs 1 body 1 pos 12,19 stuck 0
RC POS 121 id 5 seat 1 role expand fs 0 body 1 pos 13,7 stuck 0
RC POS 121 id 7 seat 2 role expand fs 0 body 1 pos 3,6 stuck 0
RC POS 121 id 9 seat 3 role raid fs 1 body 2 pos 7,19 stuck 0
RC POS 121 id 25 seat 4 role defend fs 0 body 1 pos 12,13 stuck 0
RC POS 121 id 29 seat 5 role raid fs 0 body 1 pos 11,20 stuck 1
RC POS 122 id 3 seat 0 role raid fs 1 body 1 pos 12,20 stuck 0
RC POS 122 id 5 seat 1 role expand fs 0 body 1 pos 14,7 stuck 0
RC POS 122 id 7 seat 2 role expand fs 0 body 1 pos 2,6 stuck 0
RC POS 122 id 9 seat 3 role raid fs 1 body 2 pos 7,20 stuck 0
RC POS 122 id 25 seat 4 role defend fs 0 body 1 pos 11,13 stuck 0
RC POS 122 id 29 seat 5 role raid fs 0 body 1 pos 11,20 stuck 1
RC POS 123 id 3 seat 0 role raid fs 1 body 1 pos 12,19 stuck 0
RC POS 123 id 5 seat 1 role expand fs 0 body 1 pos 13,7 stuck 0
RC POS 123 id 7 seat 2 role expand fs 0 body 1 pos 3,6 stuck 0
RC POS 123 id 9 seat 3 role raid fs 1 body 2 pos 7,19 stuck 0
RC POS 123 id 25 seat 4 role defend fs 0 body 1 pos 11,12 stuck 0
RC POS 123 id 29 seat 5 role raid fs 0 body 1 pos 11,20 stuck 1
RC POS 124 id 3 seat 0 role raid fs 1 body 1 pos 12,20 stuck 0
RC POS 124 id 5 seat 1 role expand fs 0 body 1 pos 14,7 stuck 0
RC POS 124 id 7 seat 2 role expand fs 0 body 1 pos 2,6 stuck 0
RC POS 124 id 9 seat 3 role raid fs 1 body 2 pos 7,20 stuck 0
RC POS 124 id 25 seat 4 role defend fs 0 body 1 pos 12,12 stuck 0
RC POS 124 id 29 seat 5 role raid fs 0 body 1 pos 11,20 stuck 1
RC ECO 125 harvstore 2 harvseen -1 ti 16 units 9 scale 280.0
RC POS 125 id 3 seat 0 role raid fs 1 body 1 pos 12,19 stuck 0
RC POS 125 id 5 seat 1 role expand fs 0 body 1 pos 13,7 stuck 0
RC POS 125 id 7 seat 2 role expand fs 0 body 1 pos 3,6 stuck 0
RC POS 125 id 9 seat 3 role raid fs 1 body 2 pos 7,19 stuck 0
RC POS 125 id 25 seat 4 role defend fs 0 body 1 pos 12,13 stuck 0
RC POS 125 id 29 seat 5 role raid fs 0 body 1 pos 11,20 stuck 1
RC POS 126 id 3 seat 0 role raid fs 1 body 1 pos 12,20 stuck 0
RC POS 126 id 5 seat 1 role expand fs 0 body 1 pos 14,7 stuck 0
RC POS 126 id 7 seat 2 role expand fs 0 body 1 pos 2,6 stuck 0
RC POS 126 id 9 seat 3 role raid fs 1 body 2 pos 7,20 stuck 0
RC POS 126 id 25 seat 4 role defend fs 0 body 1 pos 11,13 stuck 0
RC POS 126 id 29 seat 5 role raid fs 0 body 1 pos 11,20 stuck 1
RC POS 127 id 3 seat 0 role raid fs 1 body 1 pos 12,19 stuck 0
RC POS 127 id 5 seat 1 role expand fs 0 body 1 pos 13,7 stuck 0
RC POS 127 id 7 seat 2 role expand fs 0 body 1 pos 3,6 stuck 0
RC POS 127 id 9 seat 3 role raid fs 1 body 2 pos 7,19 stuck 0
RC POS 127 id 25 seat 4 role defend fs 0 body 1 pos 11,12 stuck 0
RC POS 127 id 29 seat 5 role raid fs 0 body 1 pos 11,20 stuck 1
RC POS 128 id 3 seat 0 role raid fs 1 body 1 pos 12,20 stuck 0
RC POS 128 id 5 seat 1 role expand fs 0 body 1 pos 14,7 stuck 0
RC POS 128 id 7 seat 2 role expand fs 0 body 1 pos 2,6 stuck 0
RC POS 128 id 9 seat 3 role raid fs 1 body 2 pos 7,20 stuck 0
RC POS 128 id 25 seat 4 role defend fs 0 body 1 pos 11,11 stuck 0
RC POS 128 id 29 seat 5 role raid fs 0 body 1 pos 11,20 stuck 1
RC POS 129 id 3 seat 0 role raid fs 1 body 1 pos 12,19 stuck 0
RC POS 129 id 5 seat 1 role expand fs 0 body 1 pos 14,8 stuck 0
RC POS 129 id 7 seat 2 role expand fs 0 body 1 pos 3,6 stuck 0
RC POS 129 id 9 seat 3 role raid fs 1 body 2 pos 7,19 stuck 0
RC POS 129 id 25 seat 4 role defend fs 0 body 1 pos 11,10 stuck 0
RC POS 129 id 29 seat 5 role raid fs 0 body 1 pos 11,20 stuck 1
RC POS 130 id 3 seat 0 role raid fs 1 body 1 pos 12,20 stuck 0
RC POS 130 id 5 seat 1 role expand fs 0 body 1 pos 13,8 stuck 0
RC POS 130 id 7 seat 2 role expand fs 0 body 1 pos 2,6 stuck 0
RC POS 130 id 9 seat 3 role raid fs 1 body 2 pos 7,20 stuck 0
RC POS 130 id 25 seat 4 role defend fs 0 body 1 pos 11,9 stuck 0
RC POS 130 id 29 seat 5 role raid fs 0 body 1 pos 11,20 stuck 1
RC POS 131 id 3 seat 0 role raid fs 1 body 1 pos 12,19 stuck 0
RC POS 131 id 5 seat 1 role expand fs 0 body 1 pos 13,7 stuck 0
RC POS 131 id 7 seat 2 role expand fs 0 body 1 pos 3,6 stuck 0
RC POS 131 id 9 seat 3 role raid fs 1 body 2 pos 7,19 stuck 0
RC POS 131 id 25 seat 4 role defend fs 0 body 1 pos 11,10 stuck 0
RC POS 131 id 29 seat 5 role raid fs 0 body 1 pos 11,20 stuck 1
RC POS 132 id 3 seat 0 role raid fs 1 body 1 pos 12,20 stuck 0
RC POS 132 id 5 seat 1 role expand fs 0 body 1 pos 14,7 stuck 0
RC POS 132 id 7 seat 2 role expand fs 0 body 1 pos 2,6 stuck 0
RC POS 132 id 9 seat 3 role raid fs 1 body 2 pos 7,20 stuck 0
RC POS 132 id 25 seat 4 role defend fs 0 body 1 pos 11,9 stuck 0
RC POS 132 id 29 seat 5 role raid fs 0 body 1 pos 11,20 stuck 1
RC POS 133 id 3 seat 0 role raid fs 1 body 1 pos 12,19 stuck 0
RC POS 133 id 5 seat 1 role expand fs 0 body 1 pos 13,7 stuck 0
RC POS 133 id 7 seat 2 role expand fs 0 body 1 pos 3,6 stuck 0
RC POS 133 id 9 seat 3 role raid fs 1 body 2 pos 7,19 stuck 0
RC POS 133 id 25 seat 4 role defend fs 0 body 1 pos 11,10 stuck 0
RC POS 133 id 29 seat 5 role raid fs 0 body 1 pos 11,20 stuck 1
RC POS 134 id 3 seat 0 role raid fs 1 body 1 pos 12,20 stuck 0
RC POS 134 id 5 seat 1 role expand fs 0 body 1 pos 14,7 stuck 0
RC POS 134 id 7 seat 2 role expand fs 0 body 1 pos 2,6 stuck 0
RC POS 134 id 9 seat 3 role raid fs 1 body 2 pos 7,20 stuck 0
RC POS 134 id 25 seat 4 role defend fs 0 body 1 pos 11,9 stuck 0
RC POS 134 id 29 seat 5 role raid fs 0 body 1 pos 11,20 stuck 1
RC POS 135 id 3 seat 0 role raid fs 1 body 1 pos 12,19 stuck 0
RC POS 135 id 5 seat 1 role expand fs 0 body 1 pos 13,7 stuck 0
RC POS 135 id 7 seat 2 role expand fs 0 body 1 pos 3,6 stuck 0
RC POS 135 id 9 seat 3 role raid fs 1 body 2 pos 7,19 stuck 0
RC POS 135 id 25 seat 4 role defend fs 0 body 1 pos 11,10 stuck 0
RC POS 135 id 29 seat 5 role raid fs 0 body 1 pos 11,20 stuck 1
RC POS 136 id 3 seat 0 role raid fs 1 body 1 pos 12,20 stuck 0
RC POS 136 id 5 seat 1 role expand fs 0 body 1 pos 14,7 stuck 0
RC POS 136 id 7 seat 2 role expand fs 0 body 1 pos 2,6 stuck 0
RC POS 136 id 9 seat 3 role raid fs 1 body 2 pos 7,20 stuck 0
RC POS 136 id 25 seat 4 role defend fs 0 body 1 pos 10,10 stuck 0
RC POS 136 id 29 seat 5 role raid fs 0 body 1 pos 11,20 stuck 1
RC POS 137 id 3 seat 0 role raid fs 1 body 1 pos 12,19 stuck 0
RC POS 137 id 5 seat 1 role expand fs 0 body 1 pos 13,7 stuck 0
RC POS 137 id 7 seat 2 role expand fs 0 body 1 pos 3,6 stuck 0
RC POS 137 id 9 seat 3 role raid fs 1 body 2 pos 7,19 stuck 0
RC POS 137 id 25 seat 4 role defend fs 0 body 1 pos 10,11 stuck 0
RC POS 137 id 29 seat 5 role raid fs 0 body 1 pos 11,20 stuck 1
RC POS 138 id 3 seat 0 role raid fs 1 body 1 pos 12,20 stuck 0
RC POS 138 id 5 seat 1 role expand fs 0 body 1 pos 14,7 stuck 0
RC POS 138 id 7 seat 2 role expand fs 0 body 1 pos 2,6 stuck 0
RC POS 138 id 9 seat 3 role raid fs 1 body 2 pos 7,20 stuck 0
RC POS 138 id 25 seat 4 role defend fs 0 body 1 pos 11,11 stuck 0
RC POS 138 id 29 seat 5 role raid fs 0 body 1 pos 11,20 stuck 1
RC POS 139 id 3 seat 0 role raid fs 1 body 1 pos 12,19 stuck 0
RC POS 139 id 5 seat 1 role expand fs 0 body 1 pos 14,8 stuck 0
RC POS 139 id 7 seat 2 role expand fs 0 body 1 pos 3,6 stuck 0
RC POS 139 id 9 seat 3 role raid fs 1 body 2 pos 7,19 stuck 0
RC POS 139 id 25 seat 4 role defend fs 0 body 1 pos 12,11 stuck 0
RC POS 139 id 29 seat 5 role raid fs 0 body 1 pos 11,20 stuck 1
RC POS 140 id 3 seat 0 role raid fs 1 body 1 pos 12,20 stuck 0
RC POS 140 id 5 seat 1 role expand fs 0 body 1 pos 13,8 stuck 0
RC POS 140 id 7 seat 2 role expand fs 0 body 1 pos 2,6 stuck 0
RC POS 140 id 9 seat 3 role raid fs 1 body 2 pos 7,20 stuck 0
RC POS 140 id 25 seat 4 role defend fs 0 body 1 pos 12,12 stuck 0
RC POS 140 id 29 seat 5 role raid fs 0 body 1 pos 11,20 stuck 1
RC POS 141 id 3 seat 0 role raid fs 1 body 1 pos 12,19 stuck 0
RC POS 141 id 5 seat 1 role expand fs 0 body 1 pos 13,7 stuck 0
RC POS 141 id 7 seat 2 role expand fs 0 body 1 pos 3,6 stuck 0
RC POS 141 id 9 seat 3 role raid fs 1 body 2 pos 7,19 stuck 0
RC POS 141 id 25 seat 4 role defend fs 0 body 1 pos 12,13 stuck 0
RC POS 141 id 29 seat 5 role raid fs 0 body 1 pos 11,20 stuck 1
RC POS 142 id 3 seat 0 role raid fs 1 body 1 pos 12,20 stuck 0
RC POS 142 id 5 seat 1 role expand fs 0 body 1 pos 14,7 stuck 0
RC POS 142 id 7 seat 2 role expand fs 0 body 1 pos 2,6 stuck 0
RC POS 142 id 9 seat 3 role raid fs 1 body 2 pos 7,20 stuck 0
RC POS 142 id 25 seat 4 role defend fs 0 body 1 pos 11,13 stuck 0
RC POS 142 id 29 seat 5 role raid fs 0 body 1 pos 11,20 stuck 1
RC POS 143 id 3 seat 0 role raid fs 1 body 1 pos 12,19 stuck 0
RC POS 143 id 5 seat 1 role expand fs 0 body 1 pos 13,7 stuck 0
RC POS 143 id 7 seat 2 role expand fs 0 body 1 pos 3,6 stuck 0
RC POS 143 id 9 seat 3 role raid fs 1 body 2 pos 7,19 stuck 0
RC POS 143 id 25 seat 4 role defend fs 0 body 1 pos 11,12 stuck 0
RC POS 143 id 29 seat 5 role raid fs 0 body 1 pos 11,20 stuck 1
RC POS 144 id 3 seat 0 role raid fs 1 body 1 pos 12,20 stuck 0
RC POS 144 id 5 seat 1 role expand fs 0 body 1 pos 14,7 stuck 0
RC POS 144 id 7 seat 2 role expand fs 0 body 1 pos 2,6 stuck 0
RC POS 144 id 9 seat 3 role raid fs 1 body 2 pos 7,20 stuck 0
RC POS 144 id 25 seat 4 role defend fs 0 body 1 pos 12,12 stuck 0
RC POS 144 id 29 seat 5 role raid fs 0 body 1 pos 11,20 stuck 1
RC POS 145 id 3 seat 0 role raid fs 1 body 1 pos 12,19 stuck 0
RC POS 145 id 5 seat 1 role expand fs 0 body 1 pos 13,7 stuck 0
RC POS 145 id 7 seat 2 role expand fs 0 body 1 pos 3,6 stuck 0
RC POS 145 id 9 seat 3 role raid fs 1 body 2 pos 7,19 stuck 0
RC POS 145 id 25 seat 4 role defend fs 0 body 1 pos 12,13 stuck 0
RC POS 145 id 29 seat 5 role raid fs 0 body 1 pos 11,20 stuck 1
RC POS 146 id 3 seat 0 role raid fs 1 body 1 pos 12,20 stuck 0
RC POS 146 id 5 seat 1 role expand fs 0 body 1 pos 14,7 stuck 0
RC POS 146 id 7 seat 2 role expand fs 0 body 1 pos 2,6 stuck 0
RC POS 146 id 9 seat 3 role raid fs 1 body 2 pos 7,20 stuck 0
RC POS 146 id 25 seat 4 role defend fs 0 body 1 pos 11,13 stuck 0
RC POS 146 id 29 seat 5 role raid fs 0 body 1 pos 11,20 stuck 1
RC POS 147 id 3 seat 0 role raid fs 1 body 1 pos 12,19 stuck 0
RC POS 147 id 5 seat 1 role expand fs 0 body 1 pos 13,7 stuck 0
RC POS 147 id 7 seat 2 role expand fs 0 body 1 pos 3,6 stuck 0
RC POS 147 id 9 seat 3 role raid fs 1 body 2 pos 7,19 stuck 0
RC POS 147 id 25 seat 4 role defend fs 0 body 1 pos 11,12 stuck 0
RC POS 147 id 29 seat 5 role raid fs 0 body 1 pos 11,20 stuck 1
RC POS 148 id 3 seat 0 role raid fs 1 body 1 pos 12,20 stuck 0
RC POS 148 id 5 seat 1 role expand fs 0 body 1 pos 14,7 stuck 0
RC POS 148 id 7 seat 2 role expand fs 0 body 1 pos 2,6 stuck 0
RC POS 148 id 9 seat 3 role raid fs 1 body 2 pos 7,20 stuck 0
RC POS 148 id 25 seat 4 role defend fs 0 body 1 pos 12,12 stuck 0
RC POS 148 id 29 seat 5 role raid fs 0 body 1 pos 11,20 stuck 1
RC POS 149 id 3 seat 0 role raid fs 1 body 1 pos 12,19 stuck 0
RC POS 149 id 5 seat 1 role expand fs 0 body 1 pos 14,8 stuck 0
RC POS 149 id 7 seat 2 role expand fs 0 body 1 pos 3,6 stuck 0
RC POS 149 id 9 seat 3 role raid fs 1 body 2 pos 7,19 stuck 0
RC POS 149 id 25 seat 4 role defend fs 0 body 1 pos 12,13 stuck 0
RC POS 149 id 29 seat 5 role raid fs 0 body 1 pos 11,20 stuck 1
RC ECO 150 harvstore 2 harvseen -1 ti 16 units 9 scale 280.0
RC POS 150 id 3 seat 0 role raid fs 1 body 1 pos 12,20 stuck 0
RC POS 150 id 5 seat 1 role expand fs 0 body 1 pos 13,8 stuck 0
RC POS 150 id 7 seat 2 role expand fs 0 body 1 pos 2,6 stuck 0
RC POS 150 id 9 seat 3 role raid fs 1 body 2 pos 7,20 stuck 0
RC POS 150 id 25 seat 4 role defend fs 0 body 1 pos 11,13 stuck 0
RC POS 150 id 29 seat 5 role raid fs 0 body 1 pos 11,20 stuck 1
RC POS 151 id 3 seat 0 role raid fs 1 body 1 pos 12,19 stuck 0
RC POS 151 id 5 seat 1 role expand fs 0 body 1 pos 13,7 stuck 0
RC POS 151 id 7 seat 2 role expand fs 0 body 1 pos 3,6 stuck 0
RC POS 151 id 9 seat 3 role raid fs 1 body 2 pos 7,19 stuck 0
RC POS 151 id 25 seat 4 role defend fs 0 body 1 pos 11,12 stuck 0
RC POS 151 id 29 seat 5 role raid fs 0 body 1 pos 11,20 stuck 1
RC POS 152 id 3 seat 0 role raid fs 1 body 1 pos 12,20 stuck 0
RC POS 152 id 5 seat 1 role expand fs 0 body 1 pos 14,7 stuck 0
RC POS 152 id 7 seat 2 role expand fs 0 body 1 pos 2,6 stuck 0
RC POS 152 id 9 seat 3 role raid fs 1 body 2 pos 7,20 stuck 0
RC POS 152 id 25 seat 4 role defend fs 0 body 1 pos 12,12 stuck 0
RC POS 152 id 29 seat 5 role raid fs 0 body 1 pos 11,20 stuck 1
RC POS 153 id 3 seat 0 role raid fs 1 body 1 pos 12,19 stuck 0
RC POS 153 id 5 seat 1 role expand fs 0 body 1 pos 13,7 stuck 0
RC POS 153 id 7 seat 2 role expand fs 0 body 1 pos 3,6 stuck 0
RC POS 153 id 9 seat 3 role raid fs 1 body 2 pos 7,19 stuck 0
RC POS 153 id 25 seat 4 role defend fs 0 body 1 pos 12,13 stuck 0
RC POS 153 id 29 seat 5 role raid fs 0 body 1 pos 11,20 stuck 1
RC POS 154 id 3 seat 0 role raid fs 1 body 1 pos 12,20 stuck 0
RC POS 154 id 5 seat 1 role expand fs 0 body 1 pos 14,7 stuck 0
RC POS 154 id 7 seat 2 role expand fs 0 body 1 pos 2,6 stuck 0
RC POS 154 id 9 seat 3 role raid fs 1 body 2 pos 7,20 stuck 0
RC POS 154 id 25 seat 4 role defend fs 0 body 1 pos 11,13 stuck 0
RC POS 154 id 29 seat 5 role raid fs 0 body 1 pos 11,20 stuck 1
RC POS 155 id 3 seat 0 role raid fs 1 body 1 pos 12,19 stuck 0
RC POS 155 id 5 seat 1 role expand fs 0 body 1 pos 13,7 stuck 0
RC POS 155 id 7 seat 2 role expand fs 0 body 1 pos 3,6 stuck 0
RC POS 155 id 9 seat 3 role raid fs 1 body 2 pos 7,19 stuck 0
RC POS 155 id 25 seat 4 role defend fs 0 body 1 pos 11,12 stuck 0
RC POS 155 id 29 seat 5 role raid fs 0 body 1 pos 11,20 stuck 1
RC POS 156 id 3 seat 0 role raid fs 1 body 1 pos 12,20 stuck 0
RC POS 156 id 5 seat 1 role expand fs 0 body 1 pos 14,7 stuck 0
RC POS 156 id 7 seat 2 role expand fs 0 body 1 pos 2,6 stuck 0
RC POS 156 id 9 seat 3 role raid fs 1 body 2 pos 7,20 stuck 0
RC POS 156 id 25 seat 4 role defend fs 0 body 1 pos 11,11 stuck 0
RC POS 156 id 29 seat 5 role raid fs 0 body 1 pos 11,20 stuck 1
RC POS 157 id 3 seat 0 role raid fs 1 body 1 pos 12,19 stuck 0
RC POS 157 id 5 seat 1 role expand fs 0 body 1 pos 13,7 stuck 0
RC POS 157 id 7 seat 2 role expand fs 0 body 1 pos 3,6 stuck 0
RC POS 157 id 9 seat 3 role raid fs 1 body 2 pos 7,19 stuck 0
RC POS 157 id 25 seat 4 role defend fs 0 body 1 pos 11,10 stuck 0
RC POS 157 id 29 seat 5 role raid fs 0 body 1 pos 11,20 stuck 1
RC POS 158 id 3 seat 0 role raid fs 1 body 1 pos 12,20 stuck 0
RC POS 158 id 5 seat 1 role expand fs 0 body 1 pos 14,7 stuck 0
RC POS 158 id 7 seat 2 role expand fs 0 body 1 pos 2,6 stuck 0
RC POS 158 id 9 seat 3 role raid fs 1 body 2 pos 7,20 stuck 0
RC POS 158 id 25 seat 4 role defend fs 0 body 1 pos 11,9 stuck 0
RC POS 158 id 29 seat 5 role raid fs 0 body 1 pos 11,20 stuck 1
RC POS 159 id 3 seat 0 role raid fs 1 body 1 pos 12,19 stuck 0
RC POS 159 id 5 seat 1 role expand fs 0 body 1 pos 14,8 stuck 0
RC POS 159 id 7 seat 2 role expand fs 0 body 1 pos 3,6 stuck 0
RC POS 159 id 9 seat 3 role raid fs 1 body 2 pos 7,19 stuck 0
RC POS 159 id 25 seat 4 role defend fs 0 body 1 pos 11,10 stuck 0
RC POS 159 id 29 seat 5 role raid fs 0 body 1 pos 11,20 stuck 1
RC POS 160 id 3 seat 0 role raid fs 1 body 1 pos 12,20 stuck 0
RC POS 160 id 5 seat 1 role expand fs 0 body 1 pos 13,8 stuck 0
RC POS 160 id 7 seat 2 role expand fs 0 body 1 pos 2,6 stuck 0
RC POS 160 id 9 seat 3 role raid fs 1 body 2 pos 7,20 stuck 0
RC POS 160 id 25 seat 4 role defend fs 0 body 1 pos 11,9 stuck 0
RC POS 160 id 29 seat 5 role raid fs 0 body 1 pos 11,20 stuck 1
RC POS 161 id 3 seat 0 role raid fs 1 body 1 pos 12,19 stuck 0
RC POS 161 id 5 seat 1 role expand fs 0 body 1 pos 13,7 stuck 0
RC POS 161 id 7 seat 2 role expand fs 0 body 1 pos 3,6 stuck 0
RC POS 161 id 9 seat 3 role raid fs 1 body 2 pos 7,19 stuck 0
RC POS 161 id 25 seat 4 role defend fs 0 body 1 pos 11,10 stuck 0
RC POS 161 id 29 seat 5 role raid fs 0 body 1 pos 11,20 stuck 1
RC POS 162 id 3 seat 0 role raid fs 1 body 1 pos 12,20 stuck 0
RC POS 162 id 5 seat 1 role expand fs 0 body 1 pos 14,7 stuck 0
RC POS 162 id 7 seat 2 role expand fs 0 body 1 pos 2,6 stuck 0
RC POS 162 id 9 seat 3 role raid fs 1 body 2 pos 7,20 stuck 0
RC POS 162 id 25 seat 4 role defend fs 0 body 1 pos 11,9 stuck 0
RC POS 162 id 29 seat 5 role raid fs 0 body 1 pos 15,25 stuck 0
RC POS 163 id 3 seat 0 role raid fs 1 body 1 pos 12,19 stuck 0
RC POS 163 id 5 seat 1 role expand fs 0 body 1 pos 13,7 stuck 0
RC POS 163 id 7 seat 2 role expand fs 0 body 1 pos 3,6 stuck 0
RC POS 163 id 9 seat 3 role raid fs 1 body 2 pos 7,19 stuck 0
RC POS 163 id 25 seat 4 role defend fs 0 body 1 pos 11,10 stuck 0
RC POS 163 id 29 seat 5 role raid fs 0 body 1 pos 15,24 stuck 0
RC POS 164 id 3 seat 0 role raid fs 1 body 1 pos 15,25 stuck 0
RC POS 164 id 5 seat 1 role expand fs 0 body 1 pos 14,7 stuck 0
RC POS 164 id 7 seat 2 role expand fs 0 body 1 pos 2,6 stuck 0
RC POS 164 id 9 seat 3 role raid fs 1 body 2 pos 7,20 stuck 0
RC POS 164 id 25 seat 4 role defend fs 0 body 1 pos 10,10 stuck 0
RC POS 164 id 29 seat 5 role raid fs 0 body 1 pos 15,23 stuck 0
RC POS 165 id 3 seat 0 role raid fs 1 body 1 pos 15,24 stuck 0
RC POS 165 id 5 seat 1 role expand fs 0 body 1 pos 13,7 stuck 0
RC POS 165 id 7 seat 2 role expand fs 0 body 1 pos 3,6 stuck 0
RC POS 165 id 9 seat 3 role raid fs 1 body 2 pos 7,19 stuck 0
RC POS 165 id 25 seat 4 role defend fs 0 body 1 pos 10,11 stuck 0
RC POS 165 id 29 seat 5 role raid fs 0 body 1 pos 15,22 stuck 0
RC POS 166 id 3 seat 0 role raid fs 1 body 1 pos 15,23 stuck 0
RC POS 166 id 5 seat 1 role expand fs 0 body 1 pos 14,7 stuck 0
RC POS 166 id 7 seat 2 role expand fs 0 body 1 pos 2,6 stuck 0
RC POS 166 id 9 seat 3 role raid fs 1 body 2 pos 7,20 stuck 0
RC POS 166 id 25 seat 4 role defend fs 0 body 1 pos 11,11 stuck 0
RC POS 166 id 29 seat 5 role raid fs 0 body 1 pos 14,22 stuck 0
RC POS 167 id 3 seat 0 role raid fs 1 body 1 pos 14,23 stuck 0
RC POS 167 id 5 seat 1 role expand fs 0 body 1 pos 13,7 stuck 0
RC POS 167 id 7 seat 2 role expand fs 0 body 1 pos 3,6 stuck 0
RC POS 167 id 9 seat 3 role raid fs 1 body 2 pos 7,19 stuck 0
RC POS 167 id 25 seat 4 role defend fs 0 body 1 pos 12,11 stuck 0
RC POS 167 id 29 seat 5 role raid fs 0 body 1 pos 14,21 stuck 0
RC POS 168 id 3 seat 0 role raid fs 1 body 1 pos 14,22 stuck 0
RC POS 168 id 5 seat 1 role expand fs 0 body 1 pos 14,7 stuck 0
RC POS 168 id 7 seat 2 role expand fs 0 body 1 pos 2,6 stuck 0
RC POS 168 id 9 seat 3 role raid fs 1 body 2 pos 7,20 stuck 0
RC POS 168 id 25 seat 4 role defend fs 0 body 1 pos 12,12 stuck 0
RC POS 168 id 29 seat 5 role raid fs 0 body 1 pos 14,20 stuck 0
RC POS 169 id 3 seat 0 role raid fs 1 body 1 pos 13,22 stuck 0
RC POS 169 id 5 seat 1 role expand fs 0 body 1 pos 14,8 stuck 0
RC POS 169 id 7 seat 2 role expand fs 0 body 1 pos 3,6 stuck 0
RC POS 169 id 9 seat 3 role raid fs 1 body 2 pos 7,19 stuck 0
RC POS 169 id 25 seat 4 role defend fs 0 body 1 pos 12,13 stuck 0
RC POS 169 id 29 seat 5 role raid fs 0 body 1 pos 15,25 stuck 0
RC POS 170 id 3 seat 0 role raid fs 1 body 1 pos 15,25 stuck 0
RC POS 170 id 5 seat 1 role expand fs 0 body 1 pos 13,8 stuck 0
RC POS 170 id 7 seat 2 role expand fs 0 body 1 pos 2,6 stuck 0
RC POS 170 id 9 seat 3 role raid fs 1 body 2 pos 7,20 stuck 0
RC POS 170 id 25 seat 4 role defend fs 0 body 1 pos 11,13 stuck 0
RC POS 170 id 29 seat 5 role raid fs 0 body 1 pos 15,24 stuck 0
RC POS 171 id 3 seat 0 role raid fs 1 body 1 pos 14,25 stuck 0
RC POS 171 id 5 seat 1 role expand fs 0 body 1 pos 13,7 stuck 0
RC POS 171 id 7 seat 2 role expand fs 0 body 1 pos 3,6 stuck 0
RC POS 171 id 9 seat 3 role raid fs 1 body 2 pos 7,19 stuck 0
RC POS 171 id 25 seat 4 role defend fs 0 body 1 pos 11,12 stuck 0
RC POS 171 id 29 seat 5 role raid fs 0 body 1 pos 15,23 stuck 0
RC POS 172 id 3 seat 0 role raid fs 1 body 1 pos 14,24 stuck 0
RC POS 172 id 5 seat 1 role expand fs 0 body 1 pos 14,7 stuck 0
RC POS 172 id 7 seat 2 role expand fs 0 body 1 pos 2,6 stuck 0
RC POS 172 id 9 seat 3 role raid fs 1 body 2 pos 6,19 stuck 0
RC POS 172 id 25 seat 4 role defend fs 0 body 1 pos 12,12 stuck 0
RC POS 172 id 29 seat 5 role raid fs 0 body 1 pos 15,22 stuck 0
RC POS 173 id 3 seat 0 role raid fs 1 body 1 pos 14,23 stuck 0
RC POS 173 id 5 seat 1 role expand fs 0 body 1 pos 13,7 stuck 0
RC POS 173 id 7 seat 2 role expand fs 0 body 1 pos 3,6 stuck 0
RC POS 173 id 9 seat 3 role raid fs 1 body 2 pos 7,19 stuck 0
RC POS 173 id 25 seat 4 role defend fs 0 body 1 pos 12,13 stuck 0
RC POS 173 id 29 seat 5 role raid fs 0 body 1 pos 14,22 stuck 0
RC POS 174 id 3 seat 0 role raid fs 1 body 1 pos 13,23 stuck 0
RC POS 174 id 5 seat 1 role expand fs 0 body 1 pos 14,7 stuck 0
RC POS 174 id 7 seat 2 role expand fs 0 body 1 pos 2,6 stuck 0
RC POS 174 id 9 seat 3 role raid fs 1 body 2 pos 6,19 stuck 0
RC POS 174 id 25 seat 4 role defend fs 0 body 1 pos 11,13 stuck 0
RC POS 174 id 29 seat 5 role raid fs 0 body 1 pos 14,21 stuck 0
RC ECO 175 harvstore 2 harvseen -1 ti 16 units 9 scale 280.0
RC POS 175 id 3 seat 0 role raid fs 1 body 1 pos 12,23 stuck 0
RC POS 175 id 5 seat 1 role expand fs 0 body 1 pos 13,7 stuck 0
RC POS 175 id 7 seat 2 role expand fs 0 body 1 pos 3,6 stuck 0
RC POS 175 id 9 seat 3 role raid fs 1 body 2 pos 7,19 stuck 0
RC POS 175 id 25 seat 4 role defend fs 0 body 1 pos 11,12 stuck 0
RC POS 175 id 29 seat 5 role raid fs 0 body 1 pos 14,20 stuck 0
RC POS 176 id 3 seat 0 role raid fs 1 body 1 pos 12,22 stuck 0
RC POS 176 id 5 seat 1 role expand fs 0 body 1 pos 14,7 stuck 0
RC POS 176 id 7 seat 2 role expand fs 0 body 1 pos 2,6 stuck 0
RC POS 176 id 9 seat 3 role raid fs 1 body 2 pos 6,19 stuck 0
RC POS 176 id 25 seat 4 role defend fs 0 body 1 pos 12,12 stuck 0
RC POS 176 id 29 seat 5 role raid fs 0 body 1 pos 15,25 stuck 0
RC POS 177 id 3 seat 0 role raid fs 1 body 1 pos 15,25 stuck 0
RC POS 177 id 5 seat 1 role expand fs 0 body 1 pos 13,7 stuck 0
RC POS 177 id 7 seat 2 role expand fs 0 body 1 pos 3,6 stuck 0
RC POS 177 id 9 seat 3 role raid fs 1 body 2 pos 7,19 stuck 0
RC POS 177 id 25 seat 4 role defend fs 0 body 1 pos 12,13 stuck 0
RC POS 177 id 29 seat 5 role raid fs 0 body 1 pos 15,24 stuck 0
RC POS 178 id 3 seat 0 role raid fs 1 body 1 pos 14,25 stuck 0
RC POS 178 id 5 seat 1 role expand fs 0 body 1 pos 14,7 stuck 0
RC POS 178 id 7 seat 2 role expand fs 0 body 1 pos 2,6 stuck 0
RC POS 178 id 9 seat 3 role raid fs 1 body 2 pos 6,19 stuck 0
RC POS 178 id 25 seat 4 role defend fs 0 body 1 pos 11,13 stuck 0
RC POS 178 id 29 seat 5 role raid fs 0 body 1 pos 15,23 stuck 0
RC POS 179 id 3 seat 0 role raid fs 1 body 1 pos 14,24 stuck 0
RC POS 179 id 5 seat 1 role expand fs 0 body 1 pos 14,8 stuck 0
RC POS 179 id 7 seat 2 role expand fs 0 body 1 pos 3,6 stuck 0
RC POS 179 id 9 seat 3 role raid fs 1 body 2 pos 7,19 stuck 0
RC POS 179 id 25 seat 4 role defend fs 0 body 1 pos 11,12 stuck 0
RC POS 179 id 29 seat 5 role raid fs 0 body 1 pos 15,22 stuck 0
RC POS 180 id 3 seat 0 role raid fs 1 body 1 pos 14,23 stuck 0
RC POS 180 id 5 seat 1 role expand fs 0 body 1 pos 13,8 stuck 0
RC POS 180 id 7 seat 2 role expand fs 0 body 1 pos 2,6 stuck 0
RC POS 180 id 9 seat 3 role raid fs 1 body 2 pos 7,20 stuck 0
RC POS 180 id 25 seat 4 role defend fs 0 body 1 pos 12,12 stuck 0
RC POS 180 id 29 seat 5 role raid fs 0 body 1 pos 14,22 stuck 0
RC POS 181 id 3 seat 0 role raid fs 1 body 1 pos 13,23 stuck 0
RC POS 181 id 5 seat 1 role expand fs 0 body 1 pos 13,7 stuck 0
RC POS 181 id 7 seat 2 role expand fs 0 body 1 pos 3,6 stuck 0
RC POS 181 id 9 seat 3 role raid fs 1 body 2 pos 7,19 stuck 0
RC POS 181 id 25 seat 4 role defend fs 0 body 1 pos 12,13 stuck 0
RC POS 181 id 29 seat 5 role raid fs 0 body 1 pos 14,21 stuck 0
RC POS 182 id 3 seat 0 role raid fs 1 body 1 pos 12,23 stuck 0
RC POS 182 id 5 seat 1 role expand fs 0 body 1 pos 14,7 stuck 0
RC POS 182 id 7 seat 2 role expand fs 0 body 1 pos 2,6 stuck 0
RC POS 182 id 9 seat 3 role raid fs 1 body 2 pos 7,20 stuck 0
RC POS 182 id 25 seat 4 role defend fs 0 body 1 pos 12,13 stuck 1
RC POS 182 id 29 seat 5 role raid fs 0 body 1 pos 14,20 stuck 0
RC POS 183 id 3 seat 0 role raid fs 1 body 1 pos 12,22 stuck 0
RC POS 183 id 5 seat 1 role expand fs 0 body 1 pos 13,7 stuck 0
RC POS 183 id 7 seat 2 role expand fs 0 body 1 pos 3,6 stuck 0
RC POS 183 id 9 seat 3 role raid fs 1 body 2 pos 7,19 stuck 0
RC POS 183 id 25 seat 4 role defend fs 0 body 1 pos 11,13 stuck 0
RC POS 183 id 29 seat 5 role raid fs 0 body 1 pos 15,25 stuck 0
RC POS 184 id 3 seat 0 role raid fs 1 body 1 pos 15,25 stuck 0
RC POS 184 id 5 seat 1 role expand fs 0 body 1 pos 14,7 stuck 0
RC POS 184 id 7 seat 2 role expand fs 0 body 1 pos 2,6 stuck 0
RC POS 184 id 9 seat 3 role raid fs 1 body 2 pos 7,20 stuck 0
RC POS 184 id 25 seat 4 role defend fs 0 body 1 pos 11,12 stuck 0
RC POS 184 id 29 seat 5 role raid fs 0 body 1 pos 15,24 stuck 0
RC POS 185 id 3 seat 0 role raid fs 1 body 1 pos 14,25 stuck 0
RC POS 185 id 5 seat 1 role expand fs 0 body 1 pos 13,7 stuck 0
RC POS 185 id 7 seat 2 role expand fs 0 body 1 pos 3,6 stuck 0
RC POS 185 id 9 seat 3 role raid fs 1 body 2 pos 7,19 stuck 0
RC POS 185 id 25 seat 4 role defend fs 0 body 1 pos 11,11 stuck 0
RC POS 185 id 29 seat 5 role raid fs 0 body 1 pos 15,23 stuck 0
RC POS 186 id 3 seat 0 role raid fs 1 body 1 pos 14,24 stuck 0
RC POS 186 id 5 seat 1 role expand fs 0 body 1 pos 14,7 stuck 0
RC POS 186 id 7 seat 2 role expand fs 0 body 1 pos 2,6 stuck 0
RC POS 186 id 9 seat 3 role raid fs 1 body 2 pos 7,20 stuck 0
RC POS 186 id 25 seat 4 role defend fs 0 body 1 pos 11,10 stuck 0
RC POS 186 id 29 seat 5 role raid fs 0 body 1 pos 15,22 stuck 0
RC POS 187 id 3 seat 0 role raid fs 1 body 1 pos 14,23 stuck 0
RC POS 187 id 5 seat 1 role expand fs 0 body 1 pos 13,7 stuck 0
RC POS 187 id 7 seat 2 role expand fs 0 body 1 pos 3,6 stuck 0
RC POS 187 id 9 seat 3 role raid fs 1 body 2 pos 7,19 stuck 0
RC POS 187 id 25 seat 4 role defend fs 0 body 1 pos 12,10 stuck 0
RC POS 187 id 29 seat 5 role raid fs 0 body 1 pos 14,22 stuck 0
RC POS 188 id 3 seat 0 role raid fs 1 body 1 pos 13,23 stuck 0
RC POS 188 id 5 seat 1 role expand fs 0 body 1 pos 14,7 stuck 0
RC POS 188 id 7 seat 2 role expand fs 0 body 1 pos 2,6 stuck 0
RC POS 188 id 9 seat 3 role raid fs 1 body 2 pos 7,20 stuck 0
RC POS 188 id 25 seat 4 role defend fs 0 body 1 pos 12,9 stuck 0
RC POS 188 id 29 seat 5 role raid fs 0 body 1 pos 14,21 stuck 0
RC POS 189 id 3 seat 0 role raid fs 1 body 1 pos 12,23 stuck 0
RC POS 189 id 5 seat 1 role expand fs 0 body 1 pos 14,8 stuck 0
RC POS 189 id 7 seat 2 role expand fs 0 body 1 pos 3,6 stuck 0
RC POS 189 id 9 seat 3 role raid fs 1 body 2 pos 7,19 stuck 0
RC POS 189 id 25 seat 4 role defend fs 0 body 1 pos 12,8 stuck 0
RC POS 189 id 29 seat 5 role raid fs 0 body 1 pos 14,20 stuck 0
RC POS 190 id 3 seat 0 role raid fs 1 body 1 pos 12,22 stuck 0
RC POS 190 id 5 seat 1 role expand fs 0 body 1 pos 13,8 stuck 0
RC POS 190 id 7 seat 2 role expand fs 0 body 1 pos 2,6 stuck 0
RC POS 190 id 9 seat 3 role raid fs 1 body 2 pos 7,20 stuck 0
RC POS 190 id 25 seat 4 role defend fs 0 body 1 pos 12,7 stuck 0
RC POS 190 id 29 seat 5 role raid fs 0 body 1 pos 15,25 stuck 0
RC POS 191 id 3 seat 0 role raid fs 1 body 1 pos 15,25 stuck 0
RC POS 191 id 5 seat 1 role expand fs 0 body 1 pos 13,7 stuck 0
RC POS 191 id 7 seat 2 role expand fs 0 body 1 pos 3,6 stuck 0
RC POS 191 id 9 seat 3 role raid fs 1 body 2 pos 7,19 stuck 0
RC POS 191 id 25 seat 4 role defend fs 0 body 1 pos 12,6 stuck 0
RC POS 191 id 29 seat 5 role raid fs 0 body 1 pos 15,24 stuck 0
RC POS 192 id 3 seat 0 role raid fs 1 body 1 pos 14,25 stuck 0
RC POS 192 id 5 seat 1 role expand fs 0 body 1 pos 14,7 stuck 0
RC POS 192 id 7 seat 2 role expand fs 0 body 1 pos 2,6 stuck 0
RC POS 192 id 9 seat 3 role raid fs 1 body 2 pos 7,20 stuck 0
RC POS 192 id 25 seat 4 role defend fs 0 body 1 pos 12,5 stuck 0
RC POS 192 id 29 seat 5 role raid fs 0 body 1 pos 15,23 stuck 0
RC POS 193 id 3 seat 0 role raid fs 1 body 1 pos 14,24 stuck 0
RC POS 193 id 5 seat 1 role expand fs 0 body 1 pos 13,7 stuck 0
RC POS 193 id 7 seat 2 role expand fs 0 body 1 pos 3,6 stuck 0
RC POS 193 id 9 seat 3 role raid fs 1 body 2 pos 7,19 stuck 0
RC POS 193 id 25 seat 4 role defend fs 0 body 1 pos 12,5 stuck 1
RC POS 193 id 29 seat 5 role raid fs 0 body 1 pos 15,22 stuck 0
RC POS 194 id 3 seat 0 role raid fs 1 body 1 pos 14,23 stuck 0
RC POS 194 id 5 seat 1 role expand fs 0 body 1 pos 14,7 stuck 0
RC POS 194 id 7 seat 2 role expand fs 0 body 1 pos 2,6 stuck 0
RC POS 194 id 9 seat 3 role raid fs 1 body 2 pos 7,20 stuck 0
RC POS 194 id 25 seat 4 role defend fs 0 body 1 pos 12,5 stuck 2
RC POS 194 id 29 seat 5 role raid fs 0 body 1 pos 14,22 stuck 0
RC POS 195 id 3 seat 0 role raid fs 1 body 1 pos 13,23 stuck 0
RC POS 195 id 5 seat 1 role expand fs 0 body 1 pos 13,7 stuck 0
RC POS 195 id 7 seat 2 role expand fs 0 body 1 pos 3,6 stuck 0
RC POS 195 id 9 seat 3 role raid fs 1 body 2 pos 7,19 stuck 0
RC POS 195 id 25 seat 4 role defend fs 0 body 1 pos 12,5 stuck 3
RC POS 195 id 29 seat 5 role raid fs 0 body 1 pos 14,21 stuck 0
RC POS 196 id 3 seat 0 role raid fs 1 body 1 pos 12,23 stuck 0
RC POS 196 id 5 seat 1 role expand fs 0 body 1 pos 14,7 stuck 0
RC POS 196 id 7 seat 2 role expand fs 0 body 1 pos 2,6 stuck 0
RC POS 196 id 9 seat 3 role raid fs 1 body 2 pos 7,20 stuck 0
RC POS 196 id 25 seat 4 role defend fs 0 body 1 pos 12,5 stuck 4
RC POS 196 id 29 seat 5 role raid fs 0 body 1 pos 14,20 stuck 0
RC POS 197 id 3 seat 0 role raid fs 1 body 1 pos 12,22 stuck 0
RC POS 197 id 5 seat 1 role expand fs 0 body 1 pos 13,7 stuck 0
RC POS 197 id 7 seat 2 role expand fs 0 body 1 pos 3,6 stuck 0
RC POS 197 id 9 seat 3 role raid fs 1 body 2 pos 7,19 stuck 0
RC POS 197 id 25 seat 4 role defend fs 0 body 1 pos 12,5 stuck 5
RC POS 197 id 29 seat 5 role raid fs 0 body 1 pos 15,25 stuck 0
RC POS 198 id 3 seat 0 role raid fs 1 body 1 pos 15,25 stuck 0
RC POS 198 id 5 seat 1 role expand fs 0 body 1 pos 14,7 stuck 0
RC POS 198 id 7 seat 2 role expand fs 0 body 1 pos 2,6 stuck 0
RC POS 198 id 9 seat 3 role raid fs 1 body 2 pos 7,20 stuck 0
RC POS 198 id 25 seat 4 role defend fs 0 body 1 pos 13,5 stuck 0
RC POS 198 id 29 seat 5 role raid fs 0 body 1 pos 15,24 stuck 0
RC POS 199 id 3 seat 0 role raid fs 1 body 1 pos 14,25 stuck 0
RC POS 199 id 5 seat 1 role expand fs 0 body 1 pos 14,8 stuck 0
RC POS 199 id 7 seat 2 role expand fs 0 body 1 pos 3,6 stuck 0
RC POS 199 id 9 seat 3 role raid fs 1 body 2 pos 7,19 stuck 0
RC POS 199 id 25 seat 4 role defend fs 0 body 1 pos 13,6 stuck 0
RC POS 199 id 29 seat 5 role raid fs 0 body 1 pos 15,23 stuck 0
RC ECO 200 harvstore 2 harvseen -1 ti 26 units 9 scale 280.0
RC POS 200 id 3 seat 0 role raid fs 1 body 1 pos 14,24 stuck 0
RC POS 200 id 5 seat 1 role expand fs 0 body 1 pos 13,8 stuck 0
RC POS 200 id 7 seat 2 role expand fs 0 body 1 pos 2,6 stuck 0
RC POS 200 id 9 seat 3 role raid fs 1 body 2 pos 7,20 stuck 0
RC POS 200 id 25 seat 4 role defend fs 0 body 1 pos 14,6 stuck 0
RC POS 200 id 29 seat 5 role raid fs 0 body 1 pos 15,22 stuck 0
RC POS 201 id 3 seat 0 role raid fs 1 body 1 pos 14,23 stuck 0
RC POS 201 id 5 seat 1 role expand fs 0 body 1 pos 13,7 stuck 0
RC POS 201 id 7 seat 2 role expand fs 0 body 1 pos 3,6 stuck 0
RC POS 201 id 9 seat 3 role raid fs 1 body 2 pos 7,19 stuck 0
RC POS 201 id 25 seat 4 role defend fs 0 body 1 pos 14,7 stuck 0
RC POS 201 id 29 seat 5 role raid fs 0 body 1 pos 14,22 stuck 0
RC POS 202 id 3 seat 0 role raid fs 1 body 1 pos 13,23 stuck 0
RC POS 202 id 5 seat 1 role expand fs 0 body 1 pos 13,7 stuck 1
RC POS 202 id 7 seat 2 role expand fs 0 body 1 pos 2,6 stuck 0
RC POS 202 id 9 seat 3 role raid fs 1 body 2 pos 7,20 stuck 0
RC POS 202 id 25 seat 4 role defend fs 0 body 1 pos 14,7 stuck 1
RC POS 202 id 29 seat 5 role raid fs 0 body 1 pos 14,21 stuck 0
RC POS 203 id 3 seat 0 role raid fs 1 body 1 pos 12,23 stuck 0
RC POS 203 id 5 seat 1 role expand fs 0 body 1 pos 13,7 stuck 2
RC POS 203 id 7 seat 2 role expand fs 0 body 1 pos 3,6 stuck 0
RC POS 203 id 9 seat 3 role raid fs 1 body 2 pos 7,19 stuck 0
RC POS 203 id 25 seat 4 role defend fs 0 body 1 pos 14,8 stuck 0
RC POS 203 id 29 seat 5 role raid fs 0 body 1 pos 14,20 stuck 0
RC POS 204 id 3 seat 0 role raid fs 1 body 1 pos 13,23 stuck 0
RC POS 204 id 5 seat 1 role expand fs 0 body 1 pos 14,7 stuck 0
RC POS 204 id 7 seat 2 role expand fs 0 body 1 pos 4,6 stuck 0
RC POS 204 id 9 seat 3 role raid fs 1 body 2 pos 7,20 stuck 0
RC POS 204 id 25 seat 4 role defend fs 0 body 1 pos 13,8 stuck 0
RC POS 204 id 29 seat 5 role raid fs 0 body 1 pos 15,25 stuck 0
