Update available: 2.3.6 -> 2.3.8. Run: pip install --upgrade fcode
RC MAP w 10 h 10 ours 6,6 theirs 2,2
RC ECO 0 harvstore 0 harvseen -1 ti 500 units 1 scale 100.0
RC ECO 1 harvstore 0 harvseen -1 ti 470 units 2 scale 120.0
RC SEAT 1 id 4 seat 0
RC POS 1 id 4 seat 0 role raid fs 1 body 1 pos 5,5 stuck 0
RC ARRIVE 1 id 4 body 1 dsq 8
ARC520 CLAIM 1 id 4 body 1 arc 1 at (5, 5)
RC ECO 2 harvstore 0 harvseen -1 ti 434 units 3 scale 140.0
RC POS 2 id 4 seat 0 role raid fs 1 body 1 pos 5,4 stuck 0
RC SEAT 2 id 6 seat 1
APPT520 CLAIM 2 id 6
RC POS 2 id 6 seat 1 role raid fs 1 body 2 pos 6,5 stuck 0
RC TEMPO 2 id 6 body 2 born 2 lp 0 must 0 why norid ride None ti 392 lcost 32 acd 0 mcd 0 pos 6,5 dsq 13
RC ECO 3 harvstore 0 harvseen -1 ti 392 units 4 scale 160.0
RC POS 3 id 4 seat 0 role raid fs 1 body 1 pos 5,3 stuck 0
RC POS 3 id 6 seat 1 role raid fs 1 body 2 pos 5,5 stuck 0
RC ARRIVE 3 id 6 body 2 dsq 8
ARC520 COLLIDE 3 id 6 body 2 peer 1 took 2 n 1
ARC520 CLAIM 3 id 6 body 2 arc 2 at (5, 5)
RC SEAT 3 id 8 seat 2
RC POS 3 id 8 seat 2 role expand fs 0 body 1 pos 5,7 stuck 0
RC ECO 4 harvstore 0 harvseen -1 ti 333 units 5 scale 181.0
RC POS 4 id 4 seat 0 role raid fs 1 body 1 pos 5,3 stuck 1
RC POS 4 id 6 seat 1 role raid fs 1 body 2 pos 4,5 stuck 0
RC POS 4 id 8 seat 2 role expand fs 0 body 1 pos 4,7 stuck 0
RC SEAT 4 id 10 seat 3
RC POS 4 id 10 seat 3 role expand fs 0 body 1 pos 5,8 stuck 0
RC ECO 5 harvstore 1 harvseen -1 ti 189 units 7 scale 216.0
RC POS 5 id 4 seat 0 role raid fs 1 body 1 pos 5,2 stuck 0
RC POS 5 id 6 seat 1 role raid fs 1 body 2 pos 4,5 stuck 1
RC POS 5 id 8 seat 2 role expand fs 0 body 1 pos 4,7 stuck 1
RC POS 5 id 10 seat 3 role expand fs 0 body 1 pos 6,8 stuck 0
RC SEAT 5 id 13 seat 4
RC POS 5 id 13 seat 4 role defend fs 0 body 1 pos 5,7 stuck 0
RC ECO 6 harvstore 1 harvseen -1 ti 112 units 8 scale 238.0
RC POS 6 id 4 seat 0 role raid fs 1 body 1 pos 5,2 stuck 1
RC POS 6 id 6 seat 1 role raid fs 1 body 2 pos 5,5 stuck 0
RC POS 6 id 8 seat 2 role expand fs 0 body 1 pos 4,7 stuck 2
RC POS 6 id 10 seat 3 role expand fs 0 body 1 pos 7,8 stuck 0
RC POS 6 id 13 seat 4 role defend fs 0 body 1 pos 5,7 stuck 1
RC ECO 7 harvstore 1 harvseen -1 ti 112 units 8 scale 238.0
RC POS 7 id 4 seat 0 role raid fs 1 body 1 pos 5,1 stuck 0
RC POS 7 id 6 seat 1 role raid fs 1 body 2 pos 5,4 stuck 0
RC POS 7 id 8 seat 2 role expand fs 0 body 1 pos 4,8 stuck 0
RC POS 7 id 10 seat 3 role expand fs 0 body 1 pos 8,8 stuck 0
RC POS 7 id 13 seat 4 role defend fs 0 body 1 pos 4,7 stuck 0
RC ECO 8 harvstore 1 harvseen -1 ti 85 units 8 scale 239.0
RC POS 8 id 4 seat 0 role raid fs 1 body 1 pos 4,1 stuck 0
RC POS 8 id 6 seat 1 role raid fs 1 body 2 pos 5,3 stuck 0
RC POS 8 id 8 seat 2 role expand fs 0 body 1 pos 4,8 stuck 1
RC POS 8 id 10 seat 3 role expand fs 0 body 1 pos 7,8 stuck 0
RC POS 8 id 13 seat 4 role defend fs 0 body 1 pos 4,6 stuck 0
RC ECO 9 harvstore 1 harvseen -1 ti 48 units 8 scale 240.0
RC POS 9 id 4 seat 0 role raid fs 1 body 1 pos 4,1 stuck 1
RC POS 9 id 6 seat 1 role raid fs 1 body 2 pos 5,4 stuck 0
RC POS 9 id 8 seat 2 role expand fs 0 body 1 pos 4,7 stuck 0
RC POS 9 id 10 seat 3 role expand fs 0 body 1 pos 8,8 stuck 0
RC POS 9 id 13 seat 4 role defend fs 0 body 1 pos 3,6 stuck 0
RC ECO 10 harvstore 1 harvseen -1 ti 28 units 8 scale 240.0
RC POS 10 id 4 seat 0 role raid fs 1 body 1 pos 4,1 stuck 3
RC POS 10 id 6 seat 1 role raid fs 1 body 2 pos 6,4 stuck 0
RC POS 10 id 8 seat 2 role expand fs 0 body 1 pos 5,7 stuck 0
RC POS 10 id 10 seat 3 role expand fs 0 body 1 pos 8,7 stuck 0
RC POS 10 id 13 seat 4 role defend fs 0 body 1 pos 2,6 stuck 0
RC ECO 11 harvstore 1 harvseen -1 ti 14 units 8 scale 240.0
RC POS 11 id 4 seat 0 role raid fs 1 body 1 pos 4,0 stuck 0
RC POS 11 id 6 seat 1 role raid fs 1 body 2 pos 5,4 stuck 0
RC POS 11 id 8 seat 2 role expand fs 0 body 1 pos 4,7 stuck 0
RC POS 11 id 10 seat 3 role expand fs 0 body 1 pos 9,7 stuck 0
RC POS 11 id 13 seat 4 role defend fs 0 body 1 pos 1,6 stuck 0
RC ECO 12 harvstore 1 harvseen -1 ti 24 units 8 scale 240.0
RC POS 12 id 4 seat 0 role raid fs 1 body 1 pos 3,0 stuck 0
RC POS 12 id 6 seat 1 role raid fs 1 body 2 pos 5,5 stuck 0
RC POS 12 id 8 seat 2 role expand fs 0 body 1 pos 4,8 stuck 0
RC POS 12 id 10 seat 3 role expand fs 0 body 1 pos 9,6 stuck 0
RC POS 12 id 13 seat 4 role defend fs 0 body 1 pos 2,6 stuck 0
RC ECO 13 harvstore 1 harvseen -1 ti 14 units 8 scale 240.0
RC POS 13 id 4 seat 0 role raid fs 1 body 1 pos 2,0 stuck 0
RC POS 13 id 6 seat 1 role raid fs 1 body 2 pos 4,5 stuck 0
RC POS 13 id 8 seat 2 role expand fs 0 body 1 pos 4,9 stuck 0
RC POS 13 id 10 seat 3 role expand fs 0 body 1 pos 9,5 stuck 0
RC POS 13 id 13 seat 4 role defend fs 0 body 1 pos 1,6 stuck 0
RC ECO 14 harvstore 1 harvseen -1 ti 17 units 8 scale 241.0
RC POS 14 id 4 seat 0 role raid fs 1 body 1 pos 2,0 stuck 1
RC POS 14 id 6 seat 1 role raid fs 1 body 2 pos 5,5 stuck 0
RC POS 14 id 8 seat 2 role expand fs 0 body 1 pos 3,9 stuck 0
RC POS 14 id 10 seat 3 role expand fs 0 body 1 pos 9,6 stuck 0
RC POS 14 id 13 seat 4 role defend fs 0 body 1 pos 2,6 stuck 0
RC ECO 15 harvstore 1 harvseen -1 ti 14 units 8 scale 241.0
RC POS 15 id 4 seat 0 role raid fs 1 body 1 pos 3,0 stuck 0
RC POS 15 id 6 seat 1 role raid fs 1 body 2 pos 4,5 stuck 0
RC POS 15 id 8 seat 2 role expand fs 0 body 1 pos 4,9 stuck 0
RC POS 15 id 10 seat 3 role expand fs 0 body 1 pos 9,5 stuck 0
RC POS 15 id 13 seat 4 role defend fs 0 body 1 pos 1,6 stuck 0
RC ECO 16 harvstore 1 harvseen -1 ti 24 units 8 scale 241.0
RC POS 16 id 4 seat 0 role raid fs 1 body 1 pos 2,0 stuck 0
RC POS 16 id 6 seat 1 role raid fs 1 body 2 pos 5,5 stuck 0
RC POS 16 id 8 seat 2 role expand fs 0 body 1 pos 3,9 stuck 0
RC POS 16 id 10 seat 3 role expand fs 0 body 1 pos 8,5 stuck 0
RC POS 16 id 13 seat 4 role defend fs 0 body 1 pos 1,5 stuck 0
RC ECO 17 harvstore 1 harvseen -1 ti 14 units 7 scale 221.0
RC POS 17 id 4 seat 0 role raid fs 1 body 1 pos 2,0 stuck 2
RC POS 17 id 6 seat 1 role raid fs 1 body 2 pos 5,4 stuck 0
RC POS 17 id 10 seat 3 role expand fs 0 body 1 pos 8,4 stuck 0
RC POS 17 id 13 seat 4 role defend fs 0 body 1 pos 1,6 stuck 0
RC ECO 18 harvstore 1 harvseen -1 ti 24 units 7 scale 221.0
RC POS 18 id 4 seat 0 role raid fs 1 body 1 pos 2,0 stuck 4
RC POS 18 id 6 seat 1 role raid fs 1 body 2 pos 5,5 stuck 0
RC POS 18 id 10 seat 3 role expand fs 0 body 1 pos 7,4 stuck 0
RC POS 18 id 13 seat 4 role defend fs 0 body 1 pos 2,6 stuck 0
RC ECO 19 harvstore 1 harvseen -1 ti 24 units 7 scale 221.0
RC POS 19 id 4 seat 0 role raid fs 1 body 1 pos 3,0 stuck 0
RC POS 19 id 6 seat 1 role raid fs 1 body 2 pos 5,4 stuck 0
RC POS 19 id 10 seat 3 role expand fs 0 body 1 pos 7,3 stuck 0
RC POS 19 id 13 seat 4 role defend fs 0 body 1 pos 3,6 stuck 0
RC ECO 20 harvstore 1 harvseen -1 ti 34 units 7 scale 221.0
RC POS 20 id 4 seat 0 role raid fs 1 body 1 pos 4,0 stuck 0
RC POS 20 id 6 seat 1 role raid fs 1 body 2 pos 5,5 stuck 0
RC POS 20 id 10 seat 3 role expand fs 0 body 1 pos 6,3 stuck 0
RC POS 20 id 13 seat 4 role defend fs 0 body 1 pos 4,6 stuck 0
RC ECO 21 harvstore 1 harvseen -1 ti 34 units 7 scale 221.0
RC POS 21 id 4 seat 0 role raid fs 1 body 1 pos 3,0 stuck 0
RC POS 21 id 6 seat 1 role raid fs 1 body 2 pos 5,6 stuck 0
RC POS 21 id 10 seat 3 role expand fs 0 body 1 pos 7,3 stuck 0
RC POS 21 id 13 seat 4 role defend fs 0 body 1 pos 4,7 stuck 0
RC SPLIT 21 lid 14 body 6 arc 2 n 1
SPLIT520 21 lch (3, 5) body 6 arc 2 to (1, 1) dsq 2 walk 1 n 1
RC ECO 22 harvstore 1 harvseen -1 ti 44 units 7 scale 221.0
RC POS 22 id 4 seat 0 role raid fs 1 body 1 pos 4,0 stuck 0
RC POS 22 id 6 seat 1 role raid fs 1 body 2 pos 1,1 stuck 0
RC POS 22 id 10 seat 3 role expand fs 0 body 1 pos 8,3 stuck 0
RC POS 22 id 13 seat 4 role defend fs 0 body 1 pos 4,8 stuck 0
RC ECO 23 harvstore 1 harvseen -1 ti 8 units 6 scale 202.0
RC POS 23 id 4 seat 0 role raid fs 1 body 1 pos 4,1 stuck 0
RC POS 23 id 6 seat 1 role raid fs 1 body 2 pos 1,1 stuck 1
RC POS 23 id 10 seat 3 role expand fs 0 body 1 pos 8,2 stuck 0
RC ECO 24 harvstore 1 harvseen -1 ti 18 units 6 scale 202.0
RC POS 24 id 4 seat 0 role raid fs 1 body 1 pos 4,0 stuck 0
RC POS 24 id 6 seat 1 role raid fs 1 body 2 pos 0,1 stuck 0
RC POS 24 id 10 seat 3 role expand fs 0 body 1 pos 8,1 stuck 0
RC ECO 25 harvstore 1 harvseen -1 ti 18 units 6 scale 201.0
RC POS 25 id 4 seat 0 role raid fs 1 body 1 pos 4,1 stuck 0
RC POS 25 id 6 seat 1 role raid fs 1 body 2 pos 0,2 stuck 0
RC POS 25 id 10 seat 3 role expand fs 0 body 1 pos 8,2 stuck 0
RC ECO 26 harvstore 1 harvseen -1 ti 18 units 6 scale 201.0
RC POS 26 id 4 seat 0 role raid fs 1 body 1 pos 5,1 stuck 0
RC POS 26 id 6 seat 1 role raid fs 1 body 2 pos 0,3 stuck 0
RC POS 26 id 10 seat 3 role expand fs 0 body 1 pos 8,1 stuck 0
RC ECO 27 harvstore 1 harvseen -1 ti 12 units 6 scale 202.0
RC POS 27 id 4 seat 0 role raid fs 1 body 1 pos 5,2 stuck 0
RC POS 27 id 6 seat 1 role raid fs 1 body 2 pos 0,3 stuck 1
RC POS 27 id 10 seat 3 role expand fs 0 body 1 pos 8,2 stuck 0
RC ECO 28 harvstore 1 harvseen -1 ti 22 units 6 scale 202.0
RC POS 28 id 4 seat 0 role raid fs 1 body 1 pos 5,3 stuck 0
RC POS 28 id 6 seat 1 role raid fs 1 body 2 pos 0,4 stuck 0
RC POS 28 id 10 seat 3 role expand fs 0 body 1 pos 8,1 stuck 0
RC ECO 29 harvstore 1 harvseen -1 ti 12 units 6 scale 202.0
RC POS 29 id 4 seat 0 role raid fs 1 body 1 pos 5,4 stuck 0
RC POS 29 id 6 seat 1 role raid fs 1 body 2 pos 1,4 stuck 0
RC POS 29 id 10 seat 3 role expand fs 0 body 1 pos 8,2 stuck 0
RC ECO 30 harvstore 1 harvseen -1 ti 6 units 6 scale 203.0
RC POS 30 id 4 seat 0 role raid fs 1 body 1 pos 5,3 stuck 0
RC POS 30 id 6 seat 1 role raid fs 1 body 2 pos 1,4 stuck 1
RC POS 30 id 10 seat 3 role expand fs 0 body 1 pos 8,1 stuck 0
RC ECO 31 harvstore 1 harvseen -1 ti 6 units 6 scale 203.0
RC POS 31 id 4 seat 0 role raid fs 1 body 1 pos 5,3 stuck 1
RC POS 31 id 6 seat 1 role raid fs 1 body 2 pos 1,4 stuck 2
RC POS 31 id 10 seat 3 role expand fs 0 body 1 pos 8,2 stuck 0
RC ECO 32 harvstore 1 harvseen -1 ti 16 units 6 scale 203.0
RC POS 32 id 4 seat 0 role raid fs 1 body 1 pos 5,3 stuck 2
RC POS 32 id 6 seat 1 role raid fs 1 body 2 pos 1,4 stuck 3
RC POS 32 id 10 seat 3 role expand fs 0 body 1 pos 8,1 stuck 0
RC ECO 33 harvstore 1 harvseen -1 ti 12 units 6 scale 203.0
RC POS 33 id 4 seat 0 role raid fs 1 body 1 pos 5,3 stuck 3
RC POS 33 id 6 seat 1 role raid fs 1 body 2 pos 1,4 stuck 4
RC POS 33 id 10 seat 3 role expand fs 0 body 1 pos 8,2 stuck 0
RC ECO 34 harvstore 1 harvseen -1 ti 12 units 6 scale 203.0
RC POS 34 id 4 seat 0 role raid fs 1 body 1 pos 5,3 stuck 4
RC POS 34 id 6 seat 1 role raid fs 1 body 2 pos 1,4 stuck 5
RC POS 34 id 10 seat 3 role expand fs 0 body 1 pos 8,1 stuck 0
RC ECO 35 harvstore 1 harvseen -1 ti 12 units 6 scale 203.0
RC POS 35 id 4 seat 0 role raid fs 1 body 1 pos 5,3 stuck 5
RC POS 35 id 6 seat 1 role raid fs 1 body 2 pos 1,4 stuck 6
RC POS 35 id 10 seat 3 role expand fs 0 body 1 pos 8,2 stuck 0
RC ECO 36 harvstore 1 harvseen -1 ti 22 units 6 scale 203.0
RC POS 36 id 4 seat 0 role raid fs 1 body 1 pos 5,3 stuck 6
RC POS 36 id 6 seat 1 role raid fs 1 body 2 pos 1,4 stuck 7
RC POS 36 id 10 seat 3 role expand fs 0 body 1 pos 8,1 stuck 0
RC ECO 37 harvstore 1 harvseen -1 ti 12 units 6 scale 203.0
RC POS 37 id 4 seat 0 role raid fs 1 body 1 pos 5,3 stuck 7
RC POS 37 id 6 seat 1 role raid fs 1 body 2 pos 1,4 stuck 8
RC POS 37 id 10 seat 3 role expand fs 0 body 1 pos 8,2 stuck 0
RC ECO 38 harvstore 1 harvseen -1 ti 12 units 6 scale 203.0
RC POS 38 id 4 seat 0 role raid fs 1 body 1 pos 5,3 stuck 8
RC POS 38 id 6 seat 1 role raid fs 1 body 2 pos 1,4 stuck 9
RC POS 38 id 10 seat 3 role expand fs 0 body 1 pos 8,1 stuck 0
RC ECO 39 harvstore 1 harvseen -1 ti 12 units 6 scale 203.0
RC POS 39 id 4 seat 0 role raid fs 1 body 1 pos 5,3 stuck 9
RC POS 39 id 6 seat 1 role raid fs 1 body 2 pos 1,4 stuck 10
RC POS 39 id 10 seat 3 role expand fs 0 body 1 pos 8,2 stuck 0
RC ECO 40 harvstore 1 harvseen -1 ti 22 units 6 scale 203.0
RC POS 40 id 4 seat 0 role raid fs 1 body 1 pos 5,3 stuck 10
RC POS 40 id 6 seat 1 role raid fs 1 body 2 pos 1,4 stuck 11
RC POS 40 id 10 seat 3 role expand fs 0 body 1 pos 8,1 stuck 0
RC ECO 41 harvstore 1 harvseen -1 ti 12 units 6 scale 203.0
RC POS 41 id 4 seat 0 role raid fs 1 body 1 pos 5,3 stuck 11
RC POS 41 id 6 seat 1 role raid fs 1 body 2 pos 1,4 stuck 12
RC POS 41 id 10 seat 3 role expand fs 0 body 1 pos 8,2 stuck 0
RC ECO 42 harvstore 1 harvseen -1 ti 12 units 6 scale 203.0
RC POS 42 id 4 seat 0 role raid fs 1 body 1 pos 5,3 stuck 12
RC POS 42 id 6 seat 1 role raid fs 1 body 2 pos 1,4 stuck 13
RC POS 42 id 10 seat 3 role expand fs 0 body 1 pos 8,1 stuck 0
RC ECO 43 harvstore 1 harvseen -1 ti 12 units 6 scale 203.0
RC POS 43 id 4 seat 0 role raid fs 1 body 1 pos 5,3 stuck 13
RC POS 43 id 6 seat 1 role raid fs 1 body 2 pos 1,4 stuck 14
RC POS 43 id 10 seat 3 role expand fs 0 body 1 pos 8,2 stuck 0
RC ECO 44 harvstore 1 harvseen -1 ti 22 units 6 scale 203.0
RC POS 44 id 4 seat 0 role raid fs 1 body 1 pos 5,3 stuck 14
RC POS 44 id 6 seat 1 role raid fs 1 body 2 pos 1,4 stuck 15
RC POS 44 id 10 seat 3 role expand fs 0 body 1 pos 8,1 stuck 0
RC ECO 45 harvstore 1 harvseen -1 ti 12 units 6 scale 203.0
RC POS 45 id 4 seat 0 role raid fs 1 body 1 pos 5,3 stuck 15
RC POS 45 id 6 seat 1 role raid fs 1 body 2 pos 1,4 stuck 16
RC POS 45 id 10 seat 3 role expand fs 0 body 1 pos 8,2 stuck 0
RC ECO 46 harvstore 1 harvseen -1 ti 12 units 6 scale 203.0
RC POS 46 id 4 seat 0 role raid fs 1 body 1 pos 5,3 stuck 16
RC POS 46 id 6 seat 1 role raid fs 1 body 2 pos 1,4 stuck 17
RC POS 46 id 10 seat 3 role expand fs 0 body 1 pos 8,1 stuck 0
RC ECO 47 harvstore 1 harvseen -1 ti 12 units 6 scale 203.0
RC POS 47 id 4 seat 0 role raid fs 1 body 1 pos 5,3 stuck 17
RC POS 47 id 6 seat 1 role raid fs 1 body 2 pos 1,4 stuck 18
RC POS 47 id 10 seat 3 role expand fs 0 body 1 pos 8,2 stuck 0
RC ECO 48 harvstore 1 harvseen -1 ti 22 units 6 scale 203.0
RC POS 48 id 4 seat 0 role raid fs 1 body 1 pos 5,3 stuck 18
RC POS 48 id 6 seat 1 role raid fs 1 body 2 pos 1,4 stuck 19
RC POS 48 id 10 seat 3 role expand fs 0 body 1 pos 8,1 stuck 0
RC ECO 49 harvstore 1 harvseen -1 ti 12 units 6 scale 203.0
RC POS 49 id 4 seat 0 role raid fs 1 body 1 pos 5,3 stuck 19
RC POS 49 id 6 seat 1 role raid fs 1 body 2 pos 1,4 stuck 20
RC POS 49 id 10 seat 3 role expand fs 0 body 1 pos 8,2 stuck 0
RC ECO 50 harvstore 1 harvseen -1 ti 12 units 6 scale 203.0
RC POS 50 id 4 seat 0 role raid fs 1 body 1 pos 5,3 stuck 20
RC POS 50 id 6 seat 1 role raid fs 1 body 2 pos 1,4 stuck 21
RC POS 50 id 10 seat 3 role expand fs 0 body 1 pos 8,1 stuck 0
RC ECO 51 harvstore 1 harvseen -1 ti 12 units 6 scale 203.0
RC POS 51 id 4 seat 0 role raid fs 1 body 1 pos 5,3 stuck 21
RC POS 51 id 6 seat 1 role raid fs 1 body 2 pos 1,4 stuck 22
RC POS 51 id 10 seat 3 role expand fs 0 body 1 pos 8,2 stuck 0
RC ECO 52 harvstore 1 harvseen -1 ti 22 units 6 scale 203.0
RC POS 52 id 4 seat 0 role raid fs 1 body 1 pos 5,3 stuck 22
RC POS 52 id 6 seat 1 role raid fs 1 body 2 pos 1,4 stuck 23
RC POS 52 id 10 seat 3 role expand fs 0 body 1 pos 8,1 stuck 0
RC ECO 53 harvstore 1 harvseen -1 ti 12 units 6 scale 203.0
RC POS 53 id 4 seat 0 role raid fs 1 body 1 pos 5,3 stuck 23
RC POS 53 id 6 seat 1 role raid fs 1 body 2 pos 1,4 stuck 24
RC POS 53 id 10 seat 3 role expand fs 0 body 1 pos 8,2 stuck 0
RC ECO 54 harvstore 1 harvseen -1 ti 12 units 6 scale 203.0
RC POS 54 id 4 seat 0 role raid fs 1 body 1 pos 5,3 stuck 24
RC POS 54 id 6 seat 1 role raid fs 1 body 2 pos 1,4 stuck 25
RC POS 54 id 10 seat 3 role expand fs 0 body 1 pos 8,1 stuck 0
RC ECO 55 harvstore 1 harvseen -1 ti 12 units 6 scale 203.0
RC POS 55 id 4 seat 0 role raid fs 1 body 1 pos 5,3 stuck 25
RC POS 55 id 6 seat 1 role raid fs 1 body 2 pos 1,4 stuck 26
RC POS 55 id 10 seat 3 role expand fs 0 body 1 pos 8,2 stuck 0
RC ECO 56 harvstore 1 harvseen -1 ti 22 units 6 scale 203.0
RC POS 56 id 4 seat 0 role raid fs 1 body 1 pos 5,3 stuck 26
RC POS 56 id 6 seat 1 role raid fs 1 body 2 pos 1,4 stuck 27
RC POS 56 id 10 seat 3 role expand fs 0 body 1 pos 8,1 stuck 0
RC ECO 57 harvstore 1 harvseen -1 ti 12 units 6 scale 203.0
RC POS 57 id 4 seat 0 role raid fs 1 body 1 pos 5,3 stuck 27
RC POS 57 id 6 seat 1 role raid fs 1 body 2 pos 1,4 stuck 28
RC POS 57 id 10 seat 3 role expand fs 0 body 1 pos 8,2 stuck 0
RC ECO 58 harvstore 1 harvseen -1 ti 12 units 6 scale 203.0
RC POS 58 id 4 seat 0 role raid fs 1 body 1 pos 5,3 stuck 28
RC POS 58 id 6 seat 1 role raid fs 1 body 2 pos 1,4 stuck 29
RC POS 58 id 10 seat 3 role expand fs 0 body 1 pos 8,1 stuck 0
RC ECO 59 harvstore 1 harvseen -1 ti 12 units 6 scale 203.0
RC POS 59 id 4 seat 0 role raid fs 1 body 1 pos 5,3 stuck 29
RC POS 59 id 6 seat 1 role raid fs 1 body 2 pos 1,4 stuck 30
RC POS 59 id 10 seat 3 role expand fs 0 body 1 pos 8,2 stuck 0
RC ECO 60 harvstore 1 harvseen -1 ti 22 units 6 scale 203.0
RC POS 60 id 4 seat 0 role raid fs 1 body 1 pos 5,3 stuck 30
RC POS 60 id 6 seat 1 role raid fs 1 body 2 pos 1,4 stuck 31
RC POS 60 id 10 seat 3 role expand fs 0 body 1 pos 8,1 stuck 0
RC POS 61 id 4 seat 0 role raid fs 1 body 1 pos 5,3 stuck 31
RC POS 61 id 6 seat 1 role raid fs 1 body 2 pos 1,4 stuck 32
RC POS 61 id 10 seat 3 role expand fs 0 body 1 pos 8,2 stuck 0
RC POS 62 id 4 seat 0 role raid fs 1 body 1 pos 5,3 stuck 32
RC POS 62 id 6 seat 1 role raid fs 1 body 2 pos 1,4 stuck 33
RC POS 62 id 10 seat 3 role expand fs 0 body 1 pos 8,1 stuck 0
RC POS 63 id 4 seat 0 role raid fs 1 body 1 pos 5,3 stuck 33
RC POS 63 id 6 seat 1 role raid fs 1 body 2 pos 1,4 stuck 34
RC POS 63 id 10 seat 3 role expand fs 0 body 1 pos 8,2 stuck 0
RC POS 64 id 4 seat 0 role raid fs 1 body 1 pos 5,3 stuck 34
RC POS 64 id 6 seat 1 role raid fs 1 body 2 pos 1,4 stuck 35
RC POS 64 id 10 seat 3 role expand fs 0 body 1 pos 8,1 stuck 0
RC POS 65 id 4 seat 0 role raid fs 1 body 1 pos 5,3 stuck 35
RC POS 65 id 6 seat 1 role raid fs 1 body 2 pos 1,4 stuck 36
RC POS 65 id 10 seat 3 role expand fs 0 body 1 pos 8,2 stuck 0
RC POS 66 id 4 seat 0 role raid fs 1 body 1 pos 5,3 stuck 36
RC POS 66 id 6 seat 1 role raid fs 1 body 2 pos 1,4 stuck 37
RC POS 66 id 10 seat 3 role expand fs 0 body 1 pos 8,1 stuck 0
RC POS 67 id 4 seat 0 role raid fs 1 body 1 pos 5,3 stuck 37
RC POS 67 id 6 seat 1 role raid fs 1 body 2 pos 1,4 stuck 38
RC POS 67 id 10 seat 3 role expand fs 0 body 1 pos 8,2 stuck 0
RC POS 68 id 4 seat 0 role raid fs 1 body 1 pos 5,3 stuck 38
RC POS 68 id 6 seat 1 role raid fs 1 body 2 pos 1,4 stuck 39
RC POS 68 id 10 seat 3 role expand fs 0 body 1 pos 8,1 stuck 0
RC POS 69 id 4 seat 0 role raid fs 1 body 1 pos 5,3 stuck 39
RC POS 69 id 6 seat 1 role raid fs 1 body 2 pos 1,4 stuck 40
RC POS 69 id 10 seat 3 role expand fs 0 body 1 pos 8,2 stuck 0
RC POS 70 id 4 seat 0 role raid fs 1 body 1 pos 5,3 stuck 40
RC POS 70 id 6 seat 1 role raid fs 1 body 2 pos 1,4 stuck 41
RC POS 70 id 10 seat 3 role expand fs 0 body 1 pos 8,1 stuck 0
RC POS 71 id 4 seat 0 role raid fs 1 body 1 pos 5,3 stuck 41
RC POS 71 id 6 seat 1 role raid fs 1 body 2 pos 1,4 stuck 42
RC POS 71 id 10 seat 3 role expand fs 0 body 1 pos 8,2 stuck 0
RC POS 72 id 4 seat 0 role raid fs 1 body 1 pos 5,3 stuck 42
RC POS 72 id 6 seat 1 role raid fs 1 body 2 pos 1,4 stuck 43
RC POS 72 id 10 seat 3 role expand fs 0 body 1 pos 8,1 stuck 0
RC POS 73 id 4 seat 0 role raid fs 1 body 1 pos 5,3 stuck 43
RC POS 73 id 6 seat 1 role raid fs 1 body 2 pos 1,4 stuck 44
RC POS 73 id 10 seat 3 role expand fs 0 body 1 pos 8,2 stuck 0
RC POS 74 id 4 seat 0 role raid fs 1 body 1 pos 5,3 stuck 44
RC POS 74 id 6 seat 1 role raid fs 1 body 2 pos 1,4 stuck 45
RC POS 74 id 10 seat 3 role expand fs 0 body 1 pos 8,1 stuck 0
RC ECO 75 harvstore 1 harvseen -1 ti 12 units 6 scale 203.0
RC POS 75 id 4 seat 0 role raid fs 1 body 1 pos 5,3 stuck 45
RC POS 75 id 6 seat 1 role raid fs 1 body 2 pos 1,4 stuck 46
RC POS 75 id 10 seat 3 role expand fs 0 body 1 pos 8,2 stuck 0
RC POS 76 id 4 seat 0 role raid fs 1 body 1 pos 5,3 stuck 46
RC POS 76 id 6 seat 1 role raid fs 1 body 2 pos 1,4 stuck 47
RC POS 76 id 10 seat 3 role expand fs 0 body 1 pos 8,1 stuck 0
RC POS 77 id 4 seat 0 role raid fs 1 body 1 pos 5,3 stuck 47
RC POS 77 id 6 seat 1 role raid fs 1 body 2 pos 1,4 stuck 48
RC POS 77 id 10 seat 3 role expand fs 0 body 1 pos 8,2 stuck 0
RC POS 78 id 4 seat 0 role raid fs 1 body 1 pos 5,3 stuck 48
RC POS 78 id 6 seat 1 role raid fs 1 body 2 pos 1,4 stuck 49
RC POS 78 id 10 seat 3 role expand fs 0 body 1 pos 8,1 stuck 0
RC POS 79 id 4 seat 0 role raid fs 1 body 1 pos 5,3 stuck 49
RC POS 79 id 6 seat 1 role raid fs 1 body 2 pos 1,4 stuck 50
RC POS 79 id 10 seat 3 role expand fs 0 body 1 pos 8,2 stuck 0
RC POS 80 id 4 seat 0 role raid fs 1 body 1 pos 5,3 stuck 50
RC POS 80 id 6 seat 1 role raid fs 1 body 2 pos 1,4 stuck 51
RC POS 80 id 10 seat 3 role expand fs 0 body 1 pos 8,1 stuck 0
RC POS 81 id 4 seat 0 role raid fs 1 body 1 pos 5,3 stuck 51
RC POS 81 id 6 seat 1 role raid fs 1 body 2 pos 1,4 stuck 52
RC POS 81 id 10 seat 3 role expand fs 0 body 1 pos 8,2 stuck 0
RC POS 82 id 4 seat 0 role raid fs 1 body 1 pos 5,3 stuck 52
RC POS 82 id 6 seat 1 role raid fs 1 body 2 pos 1,4 stuck 53
RC POS 82 id 10 seat 3 role expand fs 0 body 1 pos 8,1 stuck 0
RC POS 83 id 4 seat 0 role raid fs 1 body 1 pos 5,3 stuck 53
RC POS 83 id 6 seat 1 role raid fs 1 body 2 pos 1,4 stuck 54
RC POS 83 id 10 seat 3 role expand fs 0 body 1 pos 8,2 stuck 0
RC POS 84 id 4 seat 0 role raid fs 1 body 1 pos 5,3 stuck 54
RC POS 84 id 6 seat 1 role raid fs 1 body 2 pos 1,4 stuck 55
RC POS 84 id 10 seat 3 role expand fs 0 body 1 pos 8,1 stuck 0
RC POS 85 id 4 seat 0 role raid fs 1 body 1 pos 5,3 stuck 55
RC POS 85 id 6 seat 1 role raid fs 1 body 2 pos 1,4 stuck 56
RC POS 85 id 10 seat 3 role expand fs 0 body 1 pos 8,2 stuck 0
RC POS 86 id 4 seat 0 role raid fs 1 body 1 pos 5,3 stuck 56
RC POS 86 id 6 seat 1 role raid fs 1 body 2 pos 1,4 stuck 57
RC POS 86 id 10 seat 3 role expand fs 0 body 1 pos 8,2 stuck 1
RC POS 87 id 4 seat 0 role raid fs 1 body 1 pos 5,3 stuck 57
RC POS 87 id 6 seat 1 role raid fs 1 body 2 pos 1,4 stuck 58
RC POS 87 id 10 seat 3 role expand fs 0 body 1 pos 8,3 stuck 0
RC POS 88 id 4 seat 0 role raid fs 1 body 1 pos 5,3 stuck 58
RC POS 88 id 6 seat 1 role raid fs 1 body 2 pos 1,4 stuck 59
RC POS 88 id 10 seat 3 role expand fs 0 body 1 pos 8,3 stuck 1
RC POS 89 id 4 seat 0 role raid fs 1 body 1 pos 5,3 stuck 59
RC POS 89 id 6 seat 1 role raid fs 1 body 2 pos 1,4 stuck 60
RC POS 89 id 10 seat 3 role expand fs 0 body 1 pos 8,3 stuck 2
RC POS 90 id 4 seat 0 role raid fs 1 body 1 pos 5,3 stuck 60
RC POS 90 id 6 seat 1 role raid fs 1 body 2 pos 1,4 stuck 61
RC POS 90 id 10 seat 3 role expand fs 0 body 1 pos 8,4 stuck 0
RC POS 91 id 4 seat 0 role raid fs 1 body 1 pos 5,3 stuck 61
RC POS 91 id 6 seat 1 role raid fs 1 body 2 pos 1,5 stuck 0
RC POS 91 id 10 seat 3 role expand fs 0 body 1 pos 8,4 stuck 1
RC POS 92 id 4 seat 0 role raid fs 1 body 1 pos 5,3 stuck 62
RC POS 92 id 6 seat 1 role raid fs 1 body 2 pos 1,5 stuck 1
RC POS 92 id 10 seat 3 role expand fs 0 body 1 pos 9,4 stuck 0
RC POS 93 id 4 seat 0 role raid fs 1 body 1 pos 5,3 stuck 63
RC POS 93 id 6 seat 1 role raid fs 1 body 2 pos 1,5 stuck 2
RC POS 93 id 10 seat 3 role expand fs 0 body 1 pos 9,4 stuck 1
RC POS 94 id 4 seat 0 role raid fs 1 body 1 pos 5,3 stuck 64
RC POS 94 id 6 seat 1 role raid fs 1 body 2 pos 1,6 stuck 0
RC POS 94 id 10 seat 3 role expand fs 0 body 1 pos 9,5 stuck 0
RC POS 95 id 4 seat 0 role raid fs 1 body 1 pos 5,3 stuck 65
RC POS 95 id 6 seat 1 role raid fs 1 body 2 pos 2,6 stuck 0
RC POS 95 id 10 seat 3 role expand fs 0 body 1 pos 9,5 stuck 1
RC POS 96 id 4 seat 0 role raid fs 1 body 1 pos 5,3 stuck 66
RC POS 96 id 6 seat 1 role raid fs 1 body 2 pos 1,6 stuck 0
RC POS 96 id 10 seat 3 role expand fs 0 body 1 pos 9,5 stuck 2
RC POS 97 id 4 seat 0 role raid fs 1 body 1 pos 5,3 stuck 67
RC POS 97 id 6 seat 1 role raid fs 1 body 2 pos 2,6 stuck 0
RC POS 97 id 10 seat 3 role expand fs 0 body 1 pos 9,5 stuck 3
RC POS 98 id 4 seat 0 role raid fs 1 body 1 pos 5,3 stuck 68
RC POS 98 id 6 seat 1 role raid fs 1 body 2 pos 1,6 stuck 0
RC POS 98 id 10 seat 3 role expand fs 0 body 1 pos 9,6 stuck 0
RC POS 99 id 4 seat 0 role raid fs 1 body 1 pos 5,3 stuck 69
RC POS 99 id 6 seat 1 role raid fs 1 body 2 pos 2,6 stuck 0
RC POS 99 id 10 seat 3 role expand fs 0 body 1 pos 9,6 stuck 1
RC ECO 100 harvstore 2 harvseen -1 ti 12 units 6 scale 213.0
RC POS 100 id 4 seat 0 role raid fs 1 body 1 pos 5,3 stuck 70
RC POS 100 id 6 seat 1 role raid fs 1 body 2 pos 1,6 stuck 0
RC POS 100 id 10 seat 3 role expand fs 0 body 1 pos 9,7 stuck 0
RC POS 101 id 4 seat 0 role raid fs 1 body 1 pos 5,3 stuck 71
RC POS 101 id 10 seat 3 role expand fs 0 body 1 pos 9,7 stuck 1
RC POS 102 id 4 seat 0 role raid fs 1 body 1 pos 5,3 stuck 72
RC POS 102 id 10 seat 3 role expand fs 0 body 1 pos 8,7 stuck 0
RC POS 103 id 4 seat 0 role raid fs 1 body 1 pos 5,3 stuck 73
RC POS 103 id 10 seat 3 role expand fs 0 body 1 pos 8,7 stuck 1
RC POS 104 id 4 seat 0 role raid fs 1 body 1 pos 5,3 stuck 74
RC POS 104 id 10 seat 3 role expand fs 0 body 1 pos 8,8 stuck 0
RC POS 105 id 4 seat 0 role raid fs 1 body 1 pos 5,3 stuck 75
RC POS 105 id 10 seat 3 role expand fs 0 body 1 pos 8,8 stuck 1
RC POS 106 id 4 seat 0 role raid fs 1 body 1 pos 5,3 stuck 76
RC POS 106 id 10 seat 3 role expand fs 0 body 1 pos 8,7 stuck 0
RC POS 107 id 4 seat 0 role raid fs 1 body 1 pos 5,3 stuck 77
RC POS 107 id 10 seat 3 role expand fs 0 body 1 pos 9,7 stuck 0
RC POS 108 id 4 seat 0 role raid fs 1 body 1 pos 5,3 stuck 78
RC POS 108 id 10 seat 3 role expand fs 0 body 1 pos 9,6 stuck 0
RC POS 109 id 4 seat 0 role raid fs 1 body 1 pos 5,3 stuck 79
RC POS 109 id 10 seat 3 role expand fs 0 body 1 pos 9,5 stuck 0
RC POS 110 id 4 seat 0 role raid fs 1 body 1 pos 5,3 stuck 80
RC POS 110 id 10 seat 3 role expand fs 0 body 1 pos 9,4 stuck 0
RC POS 111 id 4 seat 0 role raid fs 1 body 1 pos 5,3 stuck 81
RC POS 111 id 10 seat 3 role expand fs 0 body 1 pos 8,4 stuck 0
RC POS 112 id 4 seat 0 role raid fs 1 body 1 pos 5,3 stuck 82
RC POS 112 id 10 seat 3 role expand fs 0 body 1 pos 8,3 stuck 0
RC POS 113 id 4 seat 0 role raid fs 1 body 1 pos 5,3 stuck 83
RC POS 113 id 10 seat 3 role expand fs 0 body 1 pos 8,2 stuck 0
RC POS 114 id 4 seat 0 role raid fs 1 body 1 pos 5,3 stuck 84
RC POS 114 id 10 seat 3 role expand fs 0 body 1 pos 8,3 stuck 0
RC POS 115 id 4 seat 0 role raid fs 1 body 1 pos 5,3 stuck 85
RC POS 115 id 10 seat 3 role expand fs 0 body 1 pos 8,4 stuck 0
RC POS 116 id 4 seat 0 role raid fs 1 body 1 pos 5,3 stuck 86
RC POS 116 id 10 seat 3 role expand fs 0 body 1 pos 7,4 stuck 0
RC POS 117 id 4 seat 0 role raid fs 1 body 1 pos 5,3 stuck 87
RC POS 117 id 10 seat 3 role expand fs 0 body 1 pos 6,4 stuck 0
RC POS 118 id 4 seat 0 role raid fs 1 body 1 pos 5,3 stuck 88
RC POS 118 id 10 seat 3 role expand fs 0 body 1 pos 5,4 stuck 0
RC POS 119 id 4 seat 0 role raid fs 1 body 1 pos 5,3 stuck 89
RC POS 119 id 10 seat 3 role expand fs 0 body 1 pos 5,5 stuck 0
RC POS 120 id 4 seat 0 role raid fs 1 body 1 pos 5,3 stuck 90
RC POS 120 id 10 seat 3 role expand fs 0 body 1 pos 5,6 stuck 0
RC POS 121 id 4 seat 0 role raid fs 1 body 1 pos 5,3 stuck 91
RC POS 121 id 10 seat 3 role expand fs 0 body 1 pos 4,6 stuck 0
RC POS 122 id 4 seat 0 role raid fs 1 body 1 pos 5,3 stuck 92
RC POS 122 id 10 seat 3 role expand fs 0 body 1 pos 4,5 stuck 0
RC POS 123 id 4 seat 0 role raid fs 1 body 1 pos 5,3 stuck 93
RC POS 123 id 10 seat 3 role expand fs 0 body 1 pos 5,5 stuck 0
RC POS 124 id 4 seat 0 role raid fs 1 body 1 pos 5,3 stuck 94
RC POS 124 id 10 seat 3 role expand fs 0 body 1 pos 5,4 stuck 0
RC ECO 125 harvstore 2 harvseen -1 ti 72 units 5 scale 196.0
RC POS 125 id 4 seat 0 role raid fs 1 body 1 pos 5,3 stuck 95
RC POS 125 id 10 seat 3 role expand fs 0 body 1 pos 6,4 stuck 0
RC POS 126 id 4 seat 0 role raid fs 1 body 1 pos 5,3 stuck 96
RC POS 126 id 10 seat 3 role expand fs 0 body 1 pos 7,4 stuck 0
RC POS 127 id 4 seat 0 role raid fs 1 body 1 pos 5,3 stuck 97
RC POS 127 id 10 seat 3 role expand fs 0 body 1 pos 8,4 stuck 0
RC POS 128 id 4 seat 0 role raid fs 1 body 1 pos 5,3 stuck 98
RC POS 128 id 10 seat 3 role expand fs 0 body 1 pos 9,4 stuck 0
RC POS 129 id 4 seat 0 role raid fs 1 body 1 pos 5,3 stuck 99
RC POS 129 id 10 seat 3 role expand fs 0 body 1 pos 9,5 stuck 0
RC POS 130 id 4 seat 0 role raid fs 1 body 1 pos 5,3 stuck 100
RC POS 130 id 10 seat 3 role expand fs 0 body 1 pos 9,4 stuck 0
RC POS 131 id 4 seat 0 role raid fs 1 body 1 pos 5,3 stuck 101
RC POS 131 id 10 seat 3 role expand fs 0 body 1 pos 8,4 stuck 0
RC POS 132 id 4 seat 0 role raid fs 1 body 1 pos 5,3 stuck 102
RC POS 132 id 10 seat 3 role expand fs 0 body 1 pos 7,4 stuck 0
RC POS 133 id 4 seat 0 role raid fs 1 body 1 pos 5,3 stuck 103
RC POS 133 id 10 seat 3 role expand fs 0 body 1 pos 6,4 stuck 0
RC POS 134 id 4 seat 0 role raid fs 1 body 1 pos 5,3 stuck 104
RC POS 134 id 10 seat 3 role expand fs 0 body 1 pos 7,4 stuck 0
RC POS 135 id 4 seat 0 role raid fs 1 body 1 pos 5,3 stuck 105
RC POS 135 id 10 seat 3 role expand fs 0 body 1 pos 8,4 stuck 0
RC POS 136 id 4 seat 0 role raid fs 1 body 1 pos 5,3 stuck 106
RC POS 136 id 10 seat 3 role expand fs 0 body 1 pos 7,4 stuck 0
RC POS 137 id 4 seat 0 role raid fs 1 body 1 pos 5,3 stuck 107
RC POS 137 id 10 seat 3 role expand fs 0 body 1 pos 6,4 stuck 0
RC POS 138 id 4 seat 0 role raid fs 1 body 1 pos 5,3 stuck 108
RC POS 138 id 10 seat 3 role expand fs 0 body 1 pos 5,4 stuck 0
RC POS 139 id 4 seat 0 role raid fs 1 body 1 pos 5,3 stuck 109
RC POS 139 id 10 seat 3 role expand fs 0 body 1 pos 6,4 stuck 0
RC POS 140 id 4 seat 0 role raid fs 1 body 1 pos 5,3 stuck 110
RC POS 140 id 10 seat 3 role expand fs 0 body 1 pos 5,4 stuck 0
RC POS 141 id 4 seat 0 role raid fs 1 body 1 pos 5,3 stuck 111
RC POS 141 id 10 seat 3 role expand fs 0 body 1 pos 6,4 stuck 0
RC POS 142 id 4 seat 0 role raid fs 1 body 1 pos 5,3 stuck 112
RC POS 142 id 10 seat 3 role expand fs 0 body 1 pos 5,4 stuck 0
RC POS 143 id 4 seat 0 role raid fs 1 body 1 pos 5,3 stuck 113
RC POS 143 id 10 seat 3 role expand fs 0 body 1 pos 6,4 stuck 0
RC POS 144 id 4 seat 0 role raid fs 1 body 1 pos 5,3 stuck 114
RC POS 144 id 10 seat 3 role expand fs 0 body 1 pos 5,4 stuck 0
RC POS 145 id 4 seat 0 role raid fs 1 body 1 pos 5,3 stuck 115
RC POS 145 id 10 seat 3 role expand fs 0 body 1 pos 6,4 stuck 0
RC POS 146 id 4 seat 0 role raid fs 1 body 1 pos 5,3 stuck 116
RC POS 146 id 10 seat 3 role expand fs 0 body 1 pos 5,4 stuck 0
RC POS 147 id 4 seat 0 role raid fs 1 body 1 pos 5,3 stuck 117
RC POS 147 id 10 seat 3 role expand fs 0 body 1 pos 6,4 stuck 0
RC POS 148 id 4 seat 0 role raid fs 1 body 1 pos 5,3 stuck 118
RC POS 148 id 10 seat 3 role expand fs 0 body 1 pos 5,4 stuck 0
RC POS 149 id 4 seat 0 role raid fs 1 body 1 pos 5,3 stuck 119
RC POS 149 id 10 seat 3 role expand fs 0 body 1 pos 6,4 stuck 0
RC ECO 150 harvstore 2 harvseen -1 ti 62 units 5 scale 196.0
RC POS 150 id 4 seat 0 role raid fs 1 body 1 pos 5,3 stuck 120
RC POS 150 id 10 seat 3 role expand fs 0 body 1 pos 5,4 stuck 0
RC POS 151 id 4 seat 0 role raid fs 1 body 1 pos 5,3 stuck 121
RC POS 151 id 10 seat 3 role expand fs 0 body 1 pos 6,4 stuck 0
RC POS 152 id 4 seat 0 role raid fs 1 body 1 pos 5,3 stuck 122
RC POS 152 id 10 seat 3 role expand fs 0 body 1 pos 5,4 stuck 0
RC POS 153 id 4 seat 0 role raid fs 1 body 1 pos 5,3 stuck 123
RC POS 153 id 10 seat 3 role expand fs 0 body 1 pos 6,4 stuck 0
RC POS 154 id 4 seat 0 role raid fs 1 body 1 pos 5,3 stuck 124
RC POS 154 id 10 seat 3 role expand fs 0 body 1 pos 5,4 stuck 0
RC POS 155 id 4 seat 0 role raid fs 1 body 1 pos 5,3 stuck 125
RC POS 155 id 10 seat 3 role expand fs 0 body 1 pos 6,4 stuck 0
RC POS 156 id 4 seat 0 role raid fs 1 body 1 pos 5,3 stuck 126
RC POS 156 id 10 seat 3 role expand fs 0 body 1 pos 5,4 stuck 0
RC POS 157 id 4 seat 0 role raid fs 1 body 1 pos 5,3 stuck 127
RC POS 157 id 10 seat 3 role expand fs 0 body 1 pos 6,4 stuck 0
RC POS 158 id 4 seat 0 role raid fs 1 body 1 pos 5,3 stuck 128
RC POS 158 id 10 seat 3 role expand fs 0 body 1 pos 5,4 stuck 0
RC POS 159 id 4 seat 0 role raid fs 1 body 1 pos 5,3 stuck 129
RC POS 159 id 10 seat 3 role expand fs 0 body 1 pos 6,4 stuck 0
RC POS 160 id 4 seat 0 role raid fs 1 body 1 pos 5,3 stuck 130
RC POS 160 id 10 seat 3 role expand fs 0 body 1 pos 5,4 stuck 0
RC POS 161 id 4 seat 0 role raid fs 1 body 1 pos 5,3 stuck 131
RC POS 161 id 10 seat 3 role expand fs 0 body 1 pos 6,4 stuck 0
RC POS 162 id 4 seat 0 role raid fs 1 body 1 pos 5,3 stuck 132
RC POS 162 id 10 seat 3 role expand fs 0 body 1 pos 5,4 stuck 0
RC POS 163 id 4 seat 0 role raid fs 1 body 1 pos 5,3 stuck 133
RC POS 163 id 10 seat 3 role expand fs 0 body 1 pos 6,4 stuck 0
RC POS 164 id 4 seat 0 role raid fs 1 body 1 pos 5,3 stuck 134
RC POS 164 id 10 seat 3 role expand fs 0 body 1 pos 5,4 stuck 0
RC POS 165 id 4 seat 0 role raid fs 1 body 1 pos 5,3 stuck 135
RC POS 165 id 10 seat 3 role expand fs 0 body 1 pos 6,4 stuck 0
RC POS 166 id 4 seat 0 role raid fs 1 body 1 pos 5,3 stuck 136
RC POS 166 id 10 seat 3 role expand fs 0 body 1 pos 5,4 stuck 0
RC POS 167 id 4 seat 0 role raid fs 1 body 1 pos 5,3 stuck 137
RC POS 167 id 10 seat 3 role expand fs 0 body 1 pos 6,4 stuck 0
RC POS 168 id 4 seat 0 role raid fs 1 body 1 pos 5,3 stuck 138
RC POS 168 id 10 seat 3 role expand fs 0 body 1 pos 5,4 stuck 0
RC POS 169 id 4 seat 0 role raid fs 1 body 1 pos 5,3 stuck 139
RC POS 169 id 10 seat 3 role expand fs 0 body 1 pos 6,4 stuck 0
RC POS 170 id 4 seat 0 role raid fs 1 body 1 pos 5,3 stuck 140
RC POS 170 id 10 seat 3 role expand fs 0 body 1 pos 5,4 stuck 0
RC POS 171 id 4 seat 0 role raid fs 1 body 1 pos 5,3 stuck 141
RC POS 171 id 10 seat 3 role expand fs 0 body 1 pos 6,4 stuck 0
RC POS 172 id 4 seat 0 role raid fs 1 body 1 pos 5,3 stuck 142
RC POS 172 id 10 seat 3 role expand fs 0 body 1 pos 5,4 stuck 0
RC POS 173 id 4 seat 0 role raid fs 1 body 1 pos 5,3 stuck 143
RC POS 173 id 10 seat 3 role expand fs 0 body 1 pos 6,4 stuck 0
RC POS 174 id 4 seat 0 role raid fs 1 body 1 pos 5,3 stuck 144
RC POS 174 id 10 seat 3 role expand fs 0 body 1 pos 5,4 stuck 0
RC ECO 175 harvstore 2 harvseen -1 ti 68 units 6 scale 216.0
RC POS 175 id 4 seat 0 role raid fs 1 body 1 pos 5,3 stuck 145
RC POS 175 id 10 seat 3 role expand fs 0 body 1 pos 6,4 stuck 0
RC POS 176 id 4 seat 0 role raid fs 1 body 1 pos 5,3 stuck 146
RC POS 176 id 10 seat 3 role expand fs 0 body 1 pos 5,4 stuck 0
RC POS 177 id 4 seat 0 role raid fs 1 body 1 pos 5,2 stuck 0
RC POS 177 id 10 seat 3 role expand fs 0 body 1 pos 5,3 stuck 0
RC POS 178 id 4 seat 0 role raid fs 1 body 1 pos 5,1 stuck 0
RC POS 178 id 10 seat 3 role expand fs 0 body 1 pos 5,2 stuck 0
RC POS 179 id 4 seat 0 role raid fs 1 body 1 pos 5,1 stuck 1
RC POS 179 id 10 seat 3 role expand fs 0 body 1 pos 5,3 stuck 0
RC POS 180 id 4 seat 0 role raid fs 1 body 1 pos 5,1 stuck 2
RC POS 180 id 10 seat 3 role expand fs 0 body 1 pos 5,2 stuck 0
RC POS 181 id 4 seat 0 role raid fs 1 body 1 pos 5,1 stuck 3
RC POS 181 id 10 seat 3 role expand fs 0 body 1 pos 5,3 stuck 0
RC POS 182 id 4 seat 0 role raid fs 1 body 1 pos 5,1 stuck 4
RC POS 182 id 10 seat 3 role expand fs 0 body 1 pos 5,2 stuck 0
RC POS 183 id 4 seat 0 role raid fs 1 body 1 pos 5,1 stuck 5
RC POS 183 id 10 seat 3 role expand fs 0 body 1 pos 5,3 stuck 0
RC POS 184 id 4 seat 0 role raid fs 1 body 1 pos 5,1 stuck 6
RC POS 184 id 10 seat 3 role expand fs 0 body 1 pos 5,2 stuck 0
RC POS 185 id 4 seat 0 role raid fs 1 body 1 pos 5,1 stuck 7
RC POS 185 id 10 seat 3 role expand fs 0 body 1 pos 5,3 stuck 0
RC POS 186 id 4 seat 0 role raid fs 1 body 1 pos 5,1 stuck 8
RC POS 186 id 10 seat 3 role expand fs 0 body 1 pos 5,2 stuck 0
RC POS 187 id 4 seat 0 role raid fs 1 body 1 pos 4,1 stuck 0
RC POS 187 id 10 seat 3 role expand fs 0 body 1 pos 5,1 stuck 0
RC POS 188 id 4 seat 0 role raid fs 1 body 1 pos 4,0 stuck 0
RC POS 188 id 10 seat 3 role expand fs 0 body 1 pos 6,1 stuck 0
RC POS 189 id 4 seat 0 role raid fs 1 body 1 pos 4,1 stuck 0
RC POS 189 id 10 seat 3 role expand fs 0 body 1 pos 6,1 stuck 1
RC POS 190 id 4 seat 0 role raid fs 1 body 1 pos 4,0 stuck 0
RC POS 190 id 10 seat 3 role expand fs 0 body 1 pos 6,1 stuck 2
RC POS 191 id 4 seat 0 role raid fs 1 body 1 pos 4,0 stuck 1
RC POS 191 id 10 seat 3 role expand fs 0 body 1 pos 6,1 stuck 3
RC POS 192 id 4 seat 0 role raid fs 1 body 1 pos 4,0 stuck 2
RC POS 192 id 10 seat 3 role expand fs 0 body 1 pos 6,1 stuck 4
RC POS 193 id 4 seat 0 role raid fs 1 body 1 pos 4,0 stuck 3
RC POS 193 id 10 seat 3 role expand fs 0 body 1 pos 6,1 stuck 5
RC POS 194 id 4 seat 0 role raid fs 1 body 1 pos 5,0 stuck 0
RC POS 194 id 10 seat 3 role expand fs 0 body 1 pos 5,1 stuck 0
RC POS 195 id 4 seat 0 role raid fs 1 body 1 pos 4,0 stuck 0
RC POS 195 id 10 seat 3 role expand fs 0 body 1 pos 5,2 stuck 0
RC POS 196 id 4 seat 0 role raid fs 1 body 1 pos 5,0 stuck 0
RC POS 196 id 10 seat 3 role expand fs 0 body 1 pos 5,3 stuck 0
RC POS 197 id 4 seat 0 role raid fs 1 body 1 pos 5,1 stuck 0
RC POS 197 id 10 seat 3 role expand fs 0 body 1 pos 5,4 stuck 0
RC POS 198 id 4 seat 0 role raid fs 1 body 1 pos 5,2 stuck 0
RC POS 198 id 10 seat 3 role expand fs 0 body 1 pos 5,5 stuck 0
RC POS 199 id 4 seat 0 role raid fs 1 body 1 pos 5,3 stuck 0
RC POS 199 id 10 seat 3 role expand fs 0 body 1 pos 4,5 stuck 0
RC ECO 200 harvstore 2 harvseen -1 ti 79 units 6 scale 217.0
RC POS 200 id 4 seat 0 role raid fs 1 body 1 pos 5,4 stuck 0
RC POS 200 id 10 seat 3 role expand fs 0 body 1 pos 4,6 stuck 0
RC POS 201 id 4 seat 0 role raid fs 1 body 1 pos 5,4 stuck 1
RC POS 201 id 10 seat 3 role expand fs 0 body 1 pos 3,6 stuck 0
RC POS 202 id 4 seat 0 role raid fs 1 body 1 pos 5,4 stuck 2
RC POS 202 id 10 seat 3 role expand fs 0 body 1 pos 2,6 stuck 0
RC POS 203 id 4 seat 0 role raid fs 1 body 1 pos 5,4 stuck 3
RC POS 203 id 10 seat 3 role expand fs 0 body 1 pos 1,6 stuck 0
RC POS 204 id 4 seat 0 role raid fs 1 body 1 pos 5,4 stuck 4
RC POS 204 id 10 seat 3 role expand fs 0 body 1 pos 1,7 stuck 0
RC POS 205 id 4 seat 0 role raid fs 1 body 1 pos 5,4 stuck 5
RC POS 205 id 10 seat 3 role expand fs 0 body 1 pos 0,7 stuck 0
RC POS 206 id 4 seat 0 role raid fs 1 body 1 pos 5,4 stuck 6
RC POS 206 id 10 seat 3 role expand fs 0 body 1 pos 0,7 stuck 1
RC POS 207 id 4 seat 0 role raid fs 1 body 1 pos 5,4 stuck 7
RC POS 207 id 10 seat 3 role expand fs 0 body 1 pos 0,7 stuck 2
RC POS 208 id 4 seat 0 role raid fs 1 body 1 pos 5,4 stuck 8
RC POS 208 id 10 seat 3 role expand fs 0 body 1 pos 0,7 stuck 3
RC POS 209 id 4 seat 0 role raid fs 1 body 1 pos 5,5 stuck 0
RC POS 209 id 10 seat 3 role expand fs 0 body 1 pos 0,7 stuck 4
RC POS 210 id 4 seat 0 role raid fs 1 body 1 pos 5,4 stuck 0
RC POS 210 id 10 seat 3 role expand fs 0 body 1 pos 0,7 stuck 5
RC POS 211 id 4 seat 0 role raid fs 1 body 1 pos 5,5 stuck 0
RC POS 211 id 10 seat 3 role expand fs 0 body 1 pos 1,7 stuck 0
RC POS 212 id 4 seat 0 role raid fs 1 body 1 pos 5,4 stuck 0
RC POS 212 id 10 seat 3 role expand fs 0 body 1 pos 1,6 stuck 0
RC POS 213 id 4 seat 0 role raid fs 1 body 1 pos 5,4 stuck 1
RC POS 213 id 10 seat 3 role expand fs 0 body 1 pos 2,6 stuck 0
RC POS 214 id 4 seat 0 role raid fs 1 body 1 pos 5,4 stuck 2
RC POS 214 id 10 seat 3 role expand fs 0 body 1 pos 2,5 stuck 0
RC POS 215 id 4 seat 0 role raid fs 1 body 1 pos 5,4 stuck 3
RC POS 215 id 10 seat 3 role expand fs 0 body 1 pos 2,6 stuck 0
RC POS 216 id 4 seat 0 role raid fs 1 body 1 pos 5,4 stuck 4
RC POS 216 id 10 seat 3 role expand fs 0 body 1 pos 2,5 stuck 0
RC POS 217 id 4 seat 0 role raid fs 1 body 1 pos 5,4 stuck 5
RC POS 217 id 10 seat 3 role expand fs 0 body 1 pos 2,6 stuck 0
RC POS 218 id 4 seat 0 role raid fs 1 body 1 pos 5,4 stuck 6
RC POS 218 id 10 seat 3 role expand fs 0 body 1 pos 2,5 stuck 0
RC POS 219 id 4 seat 0 role raid fs 1 body 1 pos 5,4 stuck 7
RC POS 219 id 10 seat 3 role expand fs 0 body 1 pos 2,6 stuck 0
RC POS 220 id 4 seat 0 role raid fs 1 body 1 pos 5,4 stuck 8
RC POS 220 id 10 seat 3 role expand fs 0 body 1 pos 2,5 stuck 0
RC POS 221 id 4 seat 0 role raid fs 1 body 1 pos 5,4 stuck 9
RC POS 221 id 10 seat 3 role expand fs 0 body 1 pos 2,6 stuck 0
RC POS 222 id 4 seat 0 role raid fs 1 body 1 pos 5,4 stuck 10
RC POS 222 id 10 seat 3 role expand fs 0 body 1 pos 3,6 stuck 0
RC POS 223 id 4 seat 0 role raid fs 1 body 1 pos 5,5 stuck 0
RC POS 224 id 4 seat 0 role raid fs 1 body 1 pos 5,4 stuck 0
RC ECO 225 harvstore 2 harvseen -1 ti 73 units 5 scale 197.0
RC POS 225 id 4 seat 0 role raid fs 1 body 1 pos 5,5 stuck 0
RC POS 226 id 4 seat 0 role raid fs 1 body 1 pos 5,4 stuck 0
RC POS 227 id 4 seat 0 role raid fs 1 body 1 pos 5,4 stuck 1
RC POS 228 id 4 seat 0 role raid fs 1 body 1 pos 5,4 stuck 2
RC POS 229 id 4 seat 0 role raid fs 1 body 1 pos 5,4 stuck 3
RC POS 230 id 4 seat 0 role raid fs 1 body 1 pos 6,4 stuck 0
RC POS 231 id 4 seat 0 role raid fs 1 body 1 pos 5,4 stuck 0
RC POS 232 id 4 seat 0 role raid fs 1 body 1 pos 6,4 stuck 0
