Running match: _v488beltbreak2 vs flagoff
  Map: drakkarfjord.map26  Seed: 9  Replay: 
scratchpad/s51_v517_build/grid/b3/repfo/drakkarfjord_s9_B.replay26  TLE: 10ms
Completed turn 0
Completed turn 100
Completed turn 200
Completed turn 300
Completed turn 400
Completed turn 500
Completed turn 600
Completed turn 700
Completed turn 800
Completed turn 900
Replay written to 
scratchpad/s51_v517_build/grid/b3/repfo/drakkarfjord_s9_B.replay26

  Winner: _v488beltbreak2  (Titanium collected (tiebreak), turn 1000)

                _v488beltbreak2           flagoff  
  Titanium     138 (1690 mined)    46 (290 mined)  
  Units                      15                 5  
  Buildings                 149                57  

