Running match: _v488beltbreak2 vs _v519cripple
  Map: drakkarfjord.map26  Seed: 35  Replay: 
scratchpad/s51_v519_build/grid/b12/repv519/drakkarfjord_s35_B.replay26  TLE: 
10ms
Completed turn 0
Completed turn 100
Completed turn 200
Completed turn 300
Completed turn 400
Completed turn 500
Completed turn 600
Completed turn 700
Completed turn 800
Completed turn 900
Replay written to 
scratchpad/s51_v519_build/grid/b12/repv519/drakkarfjord_s35_B.replay26

  Winner: _v519cripple  (Core destroyed, turn 962)

                _v488beltbreak2        _v519cripple  
  Titanium     192 (1850 mined)    114 (3060 mined)  
  Units                      16                  12  
  Buildings                  95                 116  

