Update available: 2.3.6 -> 2.3.8. Run: pip install --upgrade fcode
FS GATE 0 sig (30, 30, (14, 2), (14, 26)) ok 1
FS GATE 1 sig (30, 30, (14, 2), (14, 26)) ok 1
FS PHASE 1 id 4 ph 1 d 484 at (14, 25)
FS HOPBUILD 1 at (14, 25) lch (14, 24) T (16, 1)
FS GATE 2 sig (30, 30, (14, 2), (14, 26)) ok 1
FS GATE 2 sig (30, 30, (14, 2), (14, 26)) ok 1
FS THROW 2 from (15, 25) to (15, 19) T (16, 1) body 4 n 1 dsq 256
FS HOPBUILD 3 at (15, 19) lch (15, 18) T (16, 1)
FS GATE 3 sig (30, 30, (14, 2), (14, 26)) ok 1
FS GATE 4 sig (30, 30, (14, 2), (14, 26)) ok 1
FS THROW 4 from (16, 19) to (16, 13) T (16, 1) body 4 n 1 dsq 101
FS HOPBUILD 5 at (16, 13) lch (16, 12) T (16, 1)
FS GATE 6 sig (30, 30, (14, 2), (14, 26)) ok 1
FS THROW 6 from (16, 13) to (16, 7) T (16, 1) body 4 n 1 dsq 17
FS HOPBUILD 8 at (17, 7) lch (17, 6) T (16, 1)
FS GATE 9 sig (30, 30, (14, 2), (14, 26)) ok 1
FS THROW 9 from (16, 7) to (16, 1) T (16, 1) body 4 n 1 dsq 2
FS ARRIVE 10 id 4 body 1 at (16, 1) dsq 2
FS PHASE 10 id 4 ph 2 d 2 at (16, 1)
FS SEAL 10 tile (15, 1) n 1
FS SEAL 11 tile (16, 2) n 2
FS GATE 12 sig (30, 30, (14, 2), (14, 26)) ok 1
FS GATE 13 sig (30, 30, (14, 2), (14, 26)) ok 1
FS SEAL 15 tile (14, 1) n 3
FS SEAL 17 tile (15, 1) n 4
FS STAT 20 id 4 at (16, 1) need 6 orth 5 ti 140 ammo 0 sen 0 hp 40 covden 0 eco 0 lost 0
FS DODGE 20 id 4 from (16, 1) to (17, 1) cov 1 -> 0 hit 0 hp 40
FS SEAL 23 tile (16, 3) n 5
FS SEAL 26 tile (15, 4) n 6
FS SEAL 30 tile (14, 4) n 7
FS SEAL 33 tile (13, 3) n 8
FS SEAL 37 tile (13, 2) n 9
FS PHASE 38 id 4 ph 3 d 4 at (12, 2)
FS PHASE 39 id 4 ph 2 d 9 at (11, 2)
FS PHASE 40 id 4 ph 3 d 4 at (12, 2)
FS STAT 40 id 4 at (12, 2) need 3 orth 0 ti 10 ammo 24 sen 0 hp 40 covden 0 eco 0 lost 0
FS PHASE 41 id 4 ph 2 d 9 at (11, 2)
FS PHASE 42 id 4 ph 3 d 4 at (12, 2)
FS PHASE 43 id 4 ph 2 d 9 at (11, 2)
FS PHASE 49 id 4 ph 3 d 5 at (13, 0)
FS SEAL 49 tile (13, 1) n 10
FS PHASE 51 id 4 ph 2 d 8 at (12, 0)
FS PHASE 52 id 4 ph 3 d 5 at (13, 0)
FS PHASE 53 id 4 ph 2 d 8 at (12, 0)
FS PHASE 54 id 4 ph 3 d 5 at (13, 0)
FS PHASE 55 id 4 ph 2 d 8 at (12, 0)
FS PHASE 56 id 4 ph 3 d 5 at (13, 0)
FS PHASE 57 id 4 ph 2 d 8 at (12, 0)
FS PHASE 58 id 4 ph 3 d 5 at (13, 0)
FS PHASE 59 id 4 ph 2 d 8 at (12, 0)
FS PHASE 60 id 4 ph 3 d 5 at (13, 0)
FS STAT 60 id 4 at (13, 0) need 2 orth 0 ti 48 ammo 24 sen 0 hp 40 covden 0 eco 0 lost 0
FS PHASE 61 id 4 ph 2 d 8 at (12, 0)
FS PHASE 62 id 4 ph 3 d 5 at (13, 0)
FS PHASE 63 id 4 ph 2 d 8 at (12, 0)
FS PHASE 64 id 4 ph 3 d 5 at (13, 0)
FS PHASE 65 id 4 ph 2 d 8 at (12, 0)
FS PHASE 66 id 4 ph 3 d 5 at (13, 0)
FS PHASE 67 id 4 ph 2 d 8 at (12, 0)
FS PHASE 68 id 4 ph 3 d 5 at (13, 0)
FS PHASE 69 id 4 ph 2 d 8 at (12, 0)
FS PHASE 70 id 4 ph 3 d 5 at (13, 0)
FS PHASE 71 id 4 ph 2 d 8 at (12, 0)
FS PHASE 72 id 4 ph 3 d 5 at (13, 0)
FS PHASE 73 id 4 ph 2 d 8 at (12, 0)
FS PHASE 74 id 4 ph 3 d 5 at (13, 0)
FS PHASE 75 id 4 ph 2 d 8 at (12, 0)
FS PHASE 76 id 4 ph 3 d 5 at (13, 0)
FS PHASE 77 id 4 ph 2 d 8 at (12, 0)
FS PHASE 78 id 4 ph 3 d 5 at (13, 0)
FS PHASE 79 id 4 ph 2 d 8 at (12, 0)
FS PHASE 80 id 4 ph 3 d 5 at (13, 0)
FS STAT 80 id 4 at (13, 0) need 2 orth 0 ti 83 ammo 39 sen 0 hp 40 covden 0 eco 0 lost 0
FS PHASE 81 id 4 ph 2 d 8 at (12, 0)
FS PHASE 82 id 4 ph 3 d 5 at (13, 0)
FS PHASE 83 id 4 ph 2 d 8 at (12, 0)
FS PHASE 84 id 4 ph 3 d 5 at (13, 0)
FS PHASE 85 id 4 ph 2 d 8 at (12, 0)
FS PHASE 86 id 4 ph 3 d 5 at (13, 0)
FS PHASE 87 id 4 ph 2 d 8 at (12, 0)
FS PHASE 88 id 4 ph 3 d 5 at (13, 0)
FS PHASE 89 id 4 ph 2 d 8 at (12, 0)
FS PHASE 90 id 4 ph 3 d 5 at (13, 0)
FS PHASE 91 id 4 ph 2 d 8 at (12, 0)
FS PHASE 92 id 4 ph 3 d 5 at (13, 0)
FS PHASE 93 id 4 ph 2 d 8 at (12, 0)
FS PHASE 94 id 4 ph 3 d 5 at (13, 0)
FS PHASE 95 id 4 ph 2 d 8 at (12, 0)
FS PHASE 96 id 4 ph 3 d 5 at (13, 0)
FS PHASE 97 id 4 ph 2 d 8 at (12, 0)
FS PHASE 98 id 4 ph 3 d 5 at (13, 0)
FS PHASE 99 id 4 ph 2 d 8 at (12, 0)
FS PHASE 100 id 4 ph 3 d 5 at (13, 0)
FS STAT 100 id 4 at (13, 0) need 2 orth 0 ti 81 ammo 85 sen 0 hp 40 covden 0 eco 0 lost 0
FS PHASE 101 id 4 ph 2 d 8 at (12, 0)
FS PHASE 102 id 4 ph 3 d 5 at (13, 0)
FS PHASE 103 id 4 ph 2 d 8 at (12, 0)
FS PHASE 104 id 4 ph 3 d 5 at (13, 0)
FS PHASE 105 id 4 ph 2 d 8 at (12, 0)
FS PHASE 106 id 4 ph 3 d 5 at (13, 0)
FS PHASE 107 id 4 ph 2 d 8 at (12, 0)
FS PHASE 108 id 4 ph 3 d 5 at (13, 0)
FS PHASE 109 id 4 ph 2 d 8 at (12, 0)
FS PHASE 110 id 4 ph 3 d 5 at (13, 0)
FS PHASE 111 id 4 ph 2 d 8 at (12, 0)
FS PHASE 112 id 4 ph 3 d 5 at (13, 0)
FS PHASE 113 id 4 ph 2 d 8 at (12, 0)
FS PHASE 114 id 4 ph 3 d 5 at (13, 0)
FS PHASE 115 id 4 ph 2 d 8 at (12, 0)
FS PHASE 116 id 4 ph 3 d 5 at (13, 0)
FS PHASE 117 id 4 ph 2 d 8 at (12, 0)
FS PHASE 118 id 4 ph 3 d 5 at (13, 0)
FS SEAL 118 tile (13, 1) n 11
FS PHASE 120 id 4 ph 2 d 8 at (12, 0)
FS STAT 120 id 4 at (12, 0) need 2 orth 2 ti 73 ammo 134 sen 0 hp 40 covden 0 eco 0 lost 0
FS PHASE 121 id 4 ph 3 d 5 at (13, 0)
FS PHASE 122 id 4 ph 2 d 8 at (12, 0)
FS PHASE 123 id 4 ph 3 d 5 at (13, 0)
FS PHASE 124 id 4 ph 2 d 8 at (12, 0)
FS PHASE 125 id 4 ph 3 d 5 at (13, 0)
FS SEAL 125 tile (13, 1) n 12
FS PHASE 127 id 4 ph 2 d 8 at (12, 0)
FS PHASE 128 id 4 ph 3 d 5 at (13, 0)
FS PHASE 129 id 4 ph 2 d 8 at (12, 0)
FS PHASE 130 id 4 ph 3 d 5 at (13, 0)
FS PHASE 131 id 4 ph 2 d 8 at (12, 0)
FS PHASE 132 id 4 ph 3 d 5 at (13, 0)
FS PHASE 133 id 4 ph 2 d 8 at (12, 0)
FS PHASE 134 id 4 ph 3 d 5 at (13, 0)
FS SEAL 134 tile (13, 1) n 13
FS PHASE 136 id 4 ph 2 d 8 at (12, 0)
FS PHASE 137 id 4 ph 3 d 5 at (13, 0)
FS PHASE 138 id 4 ph 2 d 8 at (12, 0)
FS PHASE 139 id 4 ph 3 d 5 at (13, 0)
FS PHASE 140 id 4 ph 2 d 8 at (12, 0)
FS STAT 140 id 4 at (12, 0) need 2 orth 2 ti 73 ammo 172 sen 0 hp 40 covden 0 eco 0 lost 0
FS PHASE 141 id 4 ph 3 d 5 at (13, 0)
FS SEAL 141 tile (13, 1) n 14
FS PHASE 143 id 4 ph 2 d 8 at (12, 0)
FS PHASE 144 id 4 ph 3 d 5 at (13, 0)
FS PHASE 145 id 4 ph 2 d 8 at (12, 0)
FS PHASE 146 id 4 ph 3 d 5 at (13, 0)
FS PHASE 147 id 4 ph 2 d 8 at (12, 0)
FS PHASE 148 id 4 ph 3 d 5 at (13, 0)
FS PHASE 149 id 4 ph 2 d 8 at (12, 0)
FS PHASE 150 id 4 ph 3 d 5 at (13, 0)
FS SEAL 150 tile (13, 1) n 15
FS PHASE 152 id 4 ph 2 d 8 at (12, 0)
FS PHASE 153 id 4 ph 3 d 5 at (13, 0)
FS PHASE 154 id 4 ph 2 d 8 at (12, 0)
FS PHASE 155 id 4 ph 3 d 5 at (13, 0)
FS PHASE 156 id 4 ph 2 d 8 at (12, 0)
FS PHASE 157 id 4 ph 3 d 5 at (13, 0)
FS SEAL 157 tile (13, 1) n 16
FS PHASE 159 id 4 ph 2 d 8 at (12, 0)
FS PHASE 160 id 4 ph 3 d 5 at (13, 0)
FS STAT 160 id 4 at (13, 0) need 2 orth 0 ti 77 ammo 198 sen 0 hp 40 covden 0 eco 0 lost 0
FS PHASE 161 id 4 ph 2 d 8 at (12, 0)
FS PHASE 162 id 4 ph 3 d 5 at (13, 0)
FS PHASE 163 id 4 ph 2 d 8 at (12, 0)
FS PHASE 164 id 4 ph 3 d 5 at (13, 0)
FS PHASE 165 id 4 ph 2 d 8 at (12, 0)
FS PHASE 166 id 4 ph 3 d 5 at (13, 0)
FS SEAL 166 tile (13, 1) n 17
FS PHASE 168 id 4 ph 2 d 8 at (12, 0)
FS PHASE 169 id 4 ph 3 d 5 at (13, 0)
FS PHASE 170 id 4 ph 2 d 8 at (12, 0)
FS PHASE 171 id 4 ph 3 d 5 at (13, 0)
FS PHASE 172 id 4 ph 2 d 8 at (12, 0)
FS PHASE 173 id 4 ph 3 d 5 at (13, 0)
FS SEAL 173 tile (13, 1) n 18
FS PHASE 175 id 4 ph 2 d 8 at (12, 0)
FS PHASE 176 id 4 ph 3 d 5 at (13, 0)
FS PHASE 177 id 4 ph 2 d 8 at (12, 0)
FS PHASE 178 id 4 ph 3 d 5 at (13, 0)
FS PHASE 179 id 4 ph 2 d 8 at (12, 0)
FS PHASE 180 id 4 ph 3 d 5 at (13, 0)
FS STAT 180 id 4 at (13, 0) need 2 orth 0 ti 83 ammo 230 sen 0 hp 40 covden 0 eco 0 lost 0
FS PHASE 181 id 4 ph 2 d 8 at (12, 0)
FS PHASE 182 id 4 ph 3 d 5 at (13, 0)
FS SEAL 182 tile (13, 1) n 19
FS PHASE 184 id 4 ph 2 d 8 at (12, 0)
FS PHASE 185 id 4 ph 3 d 5 at (13, 0)
FS PHASE 186 id 4 ph 2 d 8 at (12, 0)
FS PHASE 187 id 4 ph 3 d 5 at (13, 0)
FS PHASE 188 id 4 ph 2 d 8 at (12, 0)
FS PHASE 189 id 4 ph 3 d 5 at (13, 0)
FS SEAL 189 tile (13, 1) n 20
FS PHASE 191 id 4 ph 2 d 8 at (12, 0)
FS PHASE 192 id 4 ph 3 d 5 at (13, 0)
FS PHASE 193 id 4 ph 2 d 8 at (12, 0)
FS PHASE 194 id 4 ph 3 d 5 at (13, 0)
FS PHASE 195 id 4 ph 2 d 8 at (12, 0)
FS PHASE 196 id 4 ph 3 d 5 at (13, 0)
FS PHASE 197 id 4 ph 2 d 8 at (12, 0)
FS PHASE 198 id 4 ph 3 d 5 at (13, 0)
FS SEAL 198 tile (13, 1) n 21
FS PHASE 200 id 4 ph 2 d 8 at (12, 0)
FS STAT 200 id 4 at (12, 0) need 2 orth 2 ti 73 ammo 272 sen 0 hp 40 covden 0 eco 0 lost 0
FS PHASE 201 id 4 ph 3 d 5 at (13, 0)
FS PHASE 202 id 4 ph 2 d 8 at (12, 0)
FS PHASE 203 id 4 ph 3 d 5 at (13, 0)
FS PHASE 204 id 4 ph 2 d 8 at (12, 0)
FS PHASE 205 id 4 ph 3 d 5 at (13, 0)
FS SEAL 205 tile (13, 1) n 22
FS PHASE 207 id 4 ph 2 d 8 at (12, 0)
FS PHASE 208 id 4 ph 3 d 5 at (13, 0)
FS PHASE 209 id 4 ph 2 d 8 at (12, 0)
FS PHASE 210 id 4 ph 3 d 5 at (13, 0)
FS PHASE 211 id 4 ph 2 d 8 at (12, 0)
FS PHASE 212 id 4 ph 3 d 5 at (13, 0)
FS PHASE 213 id 4 ph 2 d 8 at (12, 0)
FS PHASE 214 id 4 ph 3 d 5 at (13, 0)
FS SEAL 214 tile (13, 1) n 23
FS PHASE 216 id 4 ph 2 d 8 at (12, 0)
FS PHASE 217 id 4 ph 3 d 5 at (13, 0)
FS PHASE 218 id 4 ph 2 d 8 at (12, 0)
FS PHASE 219 id 4 ph 3 d 5 at (13, 0)
FS PHASE 220 id 4 ph 2 d 8 at (12, 0)
FS STAT 220 id 4 at (12, 0) need 2 orth 2 ti 83 ammo 300 sen 0 hp 40 covden 0 eco 0 lost 0
FS PHASE 221 id 4 ph 3 d 5 at (13, 0)
FS SEAL 221 tile (13, 1) n 24
FS PHASE 223 id 4 ph 2 d 8 at (12, 0)
FS PHASE 224 id 4 ph 3 d 5 at (13, 0)
FS SENTINEL 224 at (12, 0) face SOUTHEAST tgt (15, 3) score 18 n 1 onring 0 lost 0 gate (0, 0, -1) onsray 0 olddsq -1
FS RUNG 224 id 4 r 4 hi -
FS PHASE 225 id 4 ph 4 d 5 at (13, 0)
FS DODGE 229 id 4 from (16, 1) to (16, 0) cov 1 -> 0 hit 0 hp 22
FS DODGE 231 id 4 from (16, 1) to (16, 0) cov 1 -> 0 hit 0 hp 22
FS RETREAT 233 id 4 hp 4 from (16, 1) to (16, 0)
FS RETREAT 235 id 4 hp 4 from (16, 1) to (16, 0)
