Update available: 2.3.6 -> 2.3.8. Run: pip install --upgrade fcode
FS GATE 0 sig (20, 26, (9, 6), (9, 18)) ok 1
FS GATE 1 sig (20, 26, (9, 6), (9, 18)) ok 1
FS PHASE 1 id 3 ph 1 d 100 at (9, 8)
FS HOPBUILD 1 at (9, 8) lch (9, 9) T (11, 20)
FS GATE 2 sig (20, 26, (9, 6), (9, 18)) ok 1
FS GATE 2 sig (20, 26, (9, 6), (9, 18)) ok 1
FS THROW 2 from (10, 8) to (10, 14) T (11, 20) body 3 n 1 dsq 16
FS HOPBUILD 3 at (10, 14) lch (10, 15) T (11, 20)
FS GATE 3 sig (20, 26, (9, 6), (9, 18)) ok 1
FS GATE 4 sig (20, 26, (9, 6), (9, 18)) ok 1
FS THROW 4 from (11, 14) to (11, 20) T (11, 20) body 3 n 1 dsq 2
FS ARRIVE 5 id 3 body 1 at (11, 20) dsq 2
FS PHASE 5 id 3 ph 2 d 2 at (11, 20)
FS SEAL 5 tile (11, 19) n 1
FS SEAL 6 tile (10, 20) n 2
FS GATE 7 sig (20, 26, (9, 6), (9, 18)) ok 1
FS GATE 8 sig (20, 26, (9, 6), (9, 18)) ok 1
FS GATE 9 sig (20, 26, (9, 6), (9, 18)) ok 1
FS SEAL 11 tile (11, 19) n 3
FS DODGE 14 id 3 from (10, 21) to (9, 21) cov 1 -> 0 hit 0 hp 4
FS SEAL 15 tile (9, 20) n 4
FS SEAL 18 tile (8, 19) n 5
FS STAT 20 id 3 at (7, 20) need 6 orth 5 ti 12 ammo 22 sen 0 hp 4 covden 0 eco 1 lost 0
FS SEAL 22 tile (8, 18) n 6
FS CLEAR 32 tile (10, 17) peck 1
FS RUNG 32 id 3 r 3 hi -
FS CLEAR 33 tile (10, 17) peck 2
FS RUNG 33 id 3 r 3 hi -
FS CLEAR 34 tile (10, 17) peck 3
FS RUNG 34 id 3 r 3 hi -
FS CLEAR 35 tile (10, 17) peck 4
FS RUNG 35 id 3 r 3 hi -
FS CLEAR 36 tile (10, 17) peck 5
FS RUNG 36 id 3 r 3 hi -
FS CLEAR 37 tile (10, 17) peck 6
FS RUNG 37 id 3 r 3 hi -
FS CLEAR 38 tile (10, 17) peck 7
FS RUNG 38 id 3 r 3 hi -
FS CLEAR 39 tile (10, 17) peck 8
FS RUNG 39 id 3 r 3 hi -
FS STAT 40 id 3 at (10, 16) need 4 orth 3 ti 50 ammo 24 sen 0 hp 36 covden 0 eco 1 lost 0
FS SEAL 42 tile (8, 17) n 7
FS STAT 60 id 3 at (10, 16) need 3 orth 3 ti 12 ammo 13 sen 0 hp 36 covden 0 eco 1 lost 0
FS STAT 80 id 3 at (10, 16) need 3 orth 3 ti 12 ammo 11 sen 0 hp 36 covden 0 eco 1 lost 0
FS STAT 100 id 3 at (7, 15) need 6 orth 6 ti 13 ammo 24 sen 0 hp 36 covden 0 eco 1 lost 0
FS DODGE 102 id 3 from (7, 15) to (6, 15) cov 1 -> 0 hit 0 hp 18
FS GATE 205 sig (20, 26, (9, 6), (9, 18)) ok 1
FS PHASE 205 id 382 ph 1 d 170 at (8, 5)
FS HOPBUILD 207 at (9, 4) lch (10, 4) T (11, 20)
FS GATE 208 sig (20, 26, (9, 6), (9, 18)) ok 1
FS THROW 208 from (9, 5) to (11, 9) T (11, 20) body 382 n 1 dsq 82
FS HOPBUILD 209 at (11, 9) lch (11, 10) T (11, 20)
FS GATE 210 sig (20, 26, (9, 6), (9, 18)) ok 1
FS THROW 210 from (11, 9) to (11, 15) T (11, 20) body 382 n 1 dsq 10
FS ARRIVE 213 id 382 body 1 at (12, 16) dsq 8
FS PHASE 213 id 382 ph 2 d 8 at (12, 16)
FS CLEAR 215 tile (10, 17) peck 1
FS RUNG 215 id 382 r 3 hi -
FS CLEAR 216 tile (10, 17) peck 2
FS RUNG 216 id 382 r 3 hi -
FS CLEAR 217 tile (10, 17) peck 3
FS RUNG 217 id 382 r 3 hi -
FS CLEAR 218 tile (11, 18) peck 1
FS RUNG 218 id 382 r 3 hi -
FS CLEAR 219 tile (11, 18) peck 2
FS RUNG 219 id 382 r 3 hi -
FS STAT 220 id 382 at (11, 17) need 5 orth 5 ti 90 ammo 24 sen 0 hp 40 covden 0 eco 1 lost 0
FS CLEAR 220 tile (11, 18) peck 3
FS RUNG 220 id 382 r 3 hi -
FS EVICTOR 221 at (12, 17) ucov 1 cov 0 unseal 3 obs 4
FS RUNG 221 id 382 r 2 hi -
FS CLEAR 222 tile (11, 18) peck 4
FS RUNG 222 id 382 r 3 hi -
FS GATE 222 sig (20, 26, (9, 6), (9, 18)) ok 1
FS CLEAR 223 tile (11, 18) peck 5
FS RUNG 223 id 382 r 3 hi -
FS CLEAR 224 tile (11, 18) peck 6
FS RUNG 224 id 382 r 3 hi -
FS CLEAR 225 tile (10, 17) peck 1
FS RUNG 225 id 382 r 3 hi -
FS CLEAR 226 tile (10, 17) peck 2
FS RUNG 226 id 382 r 3 hi -
FS EVICTOR 227 at (12, 17) ucov 1 cov 0 unseal 3 obs 7
FS RUNG 227 id 382 r 2 hi -
FS CLEAR 228 tile (10, 17) peck 3
FS RUNG 228 id 382 r 3 hi -
FS GATE 228 sig (20, 26, (9, 6), (9, 18)) ok 1
FS CLEAR 229 tile (10, 17) peck 4
FS RUNG 229 id 382 r 3 hi -
FS CLEAR 230 tile (10, 17) peck 5
FS RUNG 230 id 382 r 3 hi -
FS CLEAR 231 tile (10, 17) peck 6
FS RUNG 231 id 382 r 3 hi -
FS CLEAR 232 tile (10, 17) peck 7
FS RUNG 232 id 382 r 3 hi -
FS CLEAR 233 tile (10, 17) peck 8
FS RUNG 233 id 382 r 3 hi -
FS CLEAR 234 tile (11, 18) peck 1
FS RUNG 234 id 382 r 3 hi -
FS EVICTOR 235 at (12, 17) ucov 1 cov 1 unseal 3 obs 12
FS RUNG 235 id 382 r 2 hi -
FS CLEAR 236 tile (11, 18) peck 2
FS RUNG 236 id 382 r 3 hi -
FS GATE 236 sig (20, 26, (9, 6), (9, 18)) ok 1
FS CLEAR 237 tile (10, 17) peck 1
FS RUNG 237 id 382 r 3 hi -
FS CLEAR 238 tile (10, 17) peck 2
FS RUNG 238 id 382 r 3 hi -
FS CLEAR 239 tile (10, 17) peck 3
FS RUNG 239 id 382 r 3 hi -
FS STAT 240 id 382 at (11, 17) need 5 orth 5 ti 86 ammo 24 sen 0 hp 40 covden 6 eco 1 lost 0
FS CLEAR 240 tile (10, 17) peck 4
FS RUNG 240 id 382 r 3 hi -
FS CLEARED 241 tile (10, 17) n 1
FS SEAL 241 tile (10, 17) n 1
FS SEALCLR 241 tile (10, 17) lag 0
FS CLEAR 242 tile (11, 18) peck 1
FS RUNG 242 id 382 r 3 hi -
FS EVICTOR 243 at (12, 17) ucov 1 cov 1 unseal 2 obs 15
FS RUNG 243 id 382 r 2 hi -
FS SEAL 244 tile (10, 17) n 2
FS GATE 244 sig (20, 26, (9, 6), (9, 18)) ok 1
FS CLEAR 245 tile (11, 18) peck 2
FS RUNG 245 id 382 r 3 hi -
FS CLEAR 246 tile (11, 18) peck 3
FS RUNG 246 id 382 r 3 hi -
FS CLEAR 247 tile (11, 18) peck 4
FS RUNG 247 id 382 r 3 hi -
FS SEAL 248 tile (10, 17) n 3
FS CLEAR 249 tile (11, 18) peck 5
FS RUNG 249 id 382 r 3 hi -
FS CLEAR 250 tile (11, 18) peck 6
FS RUNG 250 id 382 r 3 hi -
FS EVICTOR 251 at (12, 17) ucov 1 cov 1 unseal 2 obs 15
FS RUNG 251 id 382 r 2 hi -
FS SEAL 252 tile (10, 17) n 4
FS GATE 252 sig (20, 26, (9, 6), (9, 18)) ok 1
FS EVICT 252 from (13, 17) to (7, 16)
FS CLEAR 253 tile (11, 18) peck 7
FS RUNG 253 id 382 r 3 hi -
FS CLEAR 254 tile (11, 18) peck 8
FS RUNG 254 id 382 r 3 hi -
FS CLEARED 255 tile (11, 18) n 2
FS SEAL 255 tile (11, 18) n 5
FS SEALCLR 255 tile (11, 18) lag 0
FS SEAL 256 tile (10, 17) n 6
FS DODGE 258 id 382 from (12, 17) to (11, 17) cov 1 -> 0 hit 0 hp 22
FS EVICTOR 259 at (12, 17) ucov 0 cov 1 unseal 1 obs 15
FS RUNG 259 id 382 r 2 hi -
FS STAT 260 id 382 at (11, 17) need 4 orth 4 ti 51 ammo 24 sen 0 hp 22 covden 10 eco 1 lost 0
FS SEAL 260 tile (10, 17) n 7
FS GATE 260 sig (20, 26, (9, 6), (9, 18)) ok 1
FS DODGE 263 id 382 from (12, 17) to (11, 17) cov 1 -> 0 hit 0 hp 22
FS SEAL 264 tile (10, 17) n 8
FS DODGE 266 id 382 from (12, 17) to (11, 17) cov 1 -> 0 hit 0 hp 4
FS EVICTOR 267 at (12, 17) ucov 0 cov 1 unseal 1 obs 15
FS RUNG 267 id 382 r 2 hi -
FS SEAL 268 tile (10, 17) n 9
FS GATE 268 sig (20, 26, (9, 6), (9, 18)) ok 1
FS DODGE 271 id 382 from (12, 17) to (11, 17) cov 1 -> 0 hit 0 hp 4
FS DODGE 273 id 382 from (12, 17) to (11, 17) cov 1 -> 0 hit 0 hp 4
FS SEAL 274 tile (10, 17) n 10
FS DODGE 276 id 382 from (12, 17) to (11, 17) cov 1 -> 0 hit 0 hp 4
FS EVICTOR 277 at (12, 17) ucov 0 cov 1 unseal 1 obs 15
FS RUNG 277 id 382 r 2 hi -
FS GATE 278 sig (20, 26, (9, 6), (9, 18)) ok 1
FS STAT 280 id 382 at (11, 17) need 4 orth 4 ti 65 ammo 24 sen 0 hp 4 covden 10 eco 1 lost 0
FS SEAL 280 tile (10, 17) n 11
FS EVICTOR 286 at (12, 17) ucov 0 cov 1 unseal 1 obs 15
FS RUNG 286 id 382 r 2 hi -
FS GATE 287 sig (20, 26, (9, 6), (9, 18)) ok 1
FS SEAL 288 tile (10, 17) n 12
FS DODGE 295 id 382 from (12, 17) to (11, 17) cov 1 -> 0 hit 0 hp 4
FS SEAL 296 tile (10, 17) n 13
FS EVICTOR 297 at (12, 17) ucov 0 cov 1 unseal 1 obs 15
FS RUNG 297 id 382 r 2 hi -
FS GATE 298 sig (20, 26, (9, 6), (9, 18)) ok 1
FS STAT 300 id 382 at (11, 17) need 3 orth 3 ti 57 ammo 24 sen 0 hp 4 covden 10 eco 1 lost 0
FS DODGE 303 id 382 from (12, 17) to (11, 17) cov 1 -> 0 hit 0 hp 4
FS SEAL 304 tile (10, 17) n 14
FS GATE 319 sig (20, 26, (9, 6), (9, 18)) ok 1
FS PHASE 319 id 553 ph 1 d 101 at (8, 8)
FS HOPBUILD 319 at (8, 8) lch (8, 9) T (11, 20)
FS GATE 320 sig (20, 26, (9, 6), (9, 18)) ok 1
FS THROW 320 from (8, 8) to (9, 14) T (11, 20) body 553 n 1 dsq 16
FS ARRIVE 323 id 553 body 1 at (9, 16) dsq 4
FS PHASE 323 id 553 ph 2 d 4 at (9, 16)
FS SEAL 324 tile (10, 17) n 1
FS SEAL 329 tile (10, 17) n 2
FS SEAL 334 tile (10, 17) n 3
FS SEAL 339 tile (10, 17) n 4
FS STAT 340 id 553 at (10, 16) need 3 orth 3 ti 133 ammo 24 sen 0 hp 40 covden 0 eco 1 lost 0
FS SEAL 344 tile (10, 17) n 5
FS SEAL 349 tile (10, 17) n 6
FS GATE 353 sig (20, 26, (9, 6), (9, 18)) ok 1
FS SEAL 354 tile (10, 17) n 7
FS SEAL 359 tile (10, 17) n 8
FS STAT 360 id 553 at (10, 16) need 3 orth 3 ti 72 ammo 24 sen 0 hp 40 covden 0 eco 1 lost 0
FS SEAL 364 tile (10, 17) n 9
FS SEAL 369 tile (10, 17) n 10
FS SEAL 374 tile (10, 17) n 11
FS SEAL 379 tile (10, 17) n 12
FS STAT 380 id 553 at (10, 16) need 3 orth 3 ti 32 ammo 24 sen 0 hp 40 covden 0 eco 1 lost 0
FS SEAL 384 tile (10, 17) n 13
FS SEAL 389 tile (10, 17) n 14
FS SEAL 394 tile (10, 17) n 15
FS SEAL 399 tile (10, 17) n 16
FS STAT 400 id 553 at (10, 16) need 3 orth 3 ti 62 ammo 24 sen 0 hp 40 covden 0 eco 1 lost 0
FS SEAL 404 tile (10, 17) n 17
FS SEAL 409 tile (10, 17) n 18
FS SEAL 414 tile (10, 17) n 19
FS SENTINEL 418 at (10, 14) face SOUTH tgt (10, 19) score 25 n 1 onring 0 lost 0 gate (1, 1, 11) onsray 0 olddsq -1
FS RUNG 418 id 553 r 4 hi -
FS PHASE 419 id 553 ph 5 d 9 at (10, 15)
FS STAT 420 id 553 at (10, 16) need 4 orth 4 ti 39 ammo 44 sen 1 hp 40 covden 0 eco 1 lost 0
FS SEAL 420 tile (10, 17) n 20
FS SEAL 425 tile (10, 17) n 21
FS SEAL 430 tile (10, 17) n 22
FS SEAL 435 tile (10, 17) n 23
FS STAT 440 id 553 at (10, 16) need 4 orth 4 ti 14 ammo 41 sen 1 hp 40 covden 0 eco 1 lost 0
FS SEAL 440 tile (10, 17) n 24
FS SEAL 445 tile (10, 17) n 25
FS SEAL 450 tile (10, 17) n 26
FS SEAL 455 tile (10, 17) n 27
FS STAT 460 id 553 at (10, 16) need 4 orth 4 ti 14 ammo 13 sen 1 hp 40 covden 0 eco 1 lost 0
FS SEAL 460 tile (10, 17) n 28
FS SEAL 465 tile (10, 17) n 29
FS SEAL 470 tile (10, 17) n 30
FS SEAL 475 tile (10, 17) n 31
