Update available: 2.3.6 -> 2.3.8. Run: pip install --upgrade fcode
FS GATE 0 sig (20, 26, (9, 6), (9, 18)) ok 1
FS GATE 1 sig (20, 26, (9, 6), (9, 18)) ok 1
FS PHASE 1 id 4 ph 1 d 100 at (9, 17)
FS HOPBUILD 1 at (9, 17) lch (9, 16) T (11, 5)
FS GATE 2 sig (20, 26, (9, 6), (9, 18)) ok 1
FS GATE 2 sig (20, 26, (9, 6), (9, 18)) ok 1
FS THROW 2 from (9, 17) to (10, 11) T (11, 5) body 4 n 1 dsq 16
FS HOPBUILD 3 at (10, 11) lch (10, 10) T (11, 5)
FS GATE 3 sig (20, 26, (9, 6), (9, 18)) ok 1
FS GATE 4 sig (20, 26, (9, 6), (9, 18)) ok 1
FS THROW 4 from (11, 11) to (11, 5) T (11, 5) body 4 n 1 dsq 2
FS ARRIVE 5 id 4 body 1 at (11, 5) dsq 2
FS PHASE 5 id 4 ph 2 d 2 at (11, 5)
FS SEAL 5 tile (10, 5) n 1
FS SEAL 6 tile (11, 6) n 2
FS GATE 7 sig (20, 26, (9, 6), (9, 18)) ok 1
FS DODGE 8 id 4 from (11, 4) to (10, 4) cov 1 -> 0 hit 0 hp 40
FS GATE 8 sig (20, 26, (9, 6), (9, 18)) ok 1
FS GATE 9 sig (20, 26, (9, 6), (9, 18)) ok 1
FS SEAL 10 tile (9, 5) n 3
FS SEAL 12 tile (8, 5) n 4
FS STAT 20 id 4 at (7, 4) need 6 orth 6 ti 27 ammo 24 sen 0 hp 40 covden 0 eco 1 lost 0
FS SEAL 22 tile (8, 6) n 5
FS SEAL 24 tile (8, 7) n 6
FS STAT 40 id 4 at (8, 8) need 3 orth 3 ti 14 ammo 24 sen 0 hp 40 covden 0 eco 1 lost 0
FS STAT 60 id 4 at (12, 9) need 6 orth 5 ti 34 ammo 24 sen 0 hp 40 covden 0 eco 1 lost 0
FS CLEAR 62 tile (11, 7) peck 1
FS RUNG 62 id 4 r 3 hi -
FS CLEAR 63 tile (11, 7) peck 2
FS RUNG 63 id 4 r 3 hi -
FS CLEAR 64 tile (11, 7) peck 3
FS RUNG 64 id 4 r 3 hi -
FS CLEAR 65 tile (11, 7) peck 4
FS RUNG 65 id 4 r 3 hi -
FS CLEAR 66 tile (11, 7) peck 5
FS RUNG 66 id 4 r 3 hi -
FS CLEAR 67 tile (11, 7) peck 6
FS RUNG 67 id 4 r 3 hi -
FS CLEAR 68 tile (11, 7) peck 7
FS RUNG 68 id 4 r 3 hi -
FS CLEAR 69 tile (11, 7) peck 8
FS RUNG 69 id 4 r 3 hi -
FS SEAL 71 tile (11, 6) n 7
FS STAT 80 id 4 at (12, 7) need 3 orth 3 ti 16 ammo 24 sen 0 hp 40 covden 0 eco 1 lost 0
FS CLEAR 85 tile (11, 7) peck 1
FS RUNG 85 id 4 r 3 hi -
FS CLEAR 86 tile (11, 7) peck 2
FS RUNG 86 id 4 r 3 hi -
FS CLEARED 87 tile (11, 7) n 1
FS SEAL 87 tile (11, 7) n 8
FS SEALCLR 87 tile (11, 7) lag 0
FS SEAL 89 tile (11, 6) n 9
FS SEAL 97 tile (11, 6) n 10
FS STAT 100 id 4 at (12, 6) need 1 orth 1 ti 56 ammo 24 sen 0 hp 40 covden 0 eco 1 lost 0
FS SEAL 105 tile (11, 6) n 11
FS EVICTOR 108 at (12, 5) ucov 0 cov 2 unseal 1 obs 10
FS RUNG 108 id 4 r 2 hi -
FS GATE 109 sig (20, 26, (9, 6), (9, 18)) ok 1
FS SEAL 113 tile (11, 6) n 12
FS STAT 120 id 4 at (12, 6) need 1 orth 1 ti 83 ammo 24 sen 0 hp 40 covden 0 eco 1 lost 0
FS SEAL 121 tile (11, 6) n 13
FS SENTINEL 125 at (13, 6) face WEST tgt (9, 6) score 16 n 1 onring 0 lost 0 gate (1, 1, 10) onsray 0 olddsq -1
FS RUNG 125 id 4 r 4 hi -
FS PHASE 126 id 4 ph 5 d 4 at (12, 6)
FS SEAL 129 tile (11, 6) n 14
FS SEAL 137 tile (11, 6) n 15
FS STAT 140 id 4 at (12, 6) need 1 orth 1 ti 18 ammo 5 sen 1 hp 40 covden 0 eco 1 lost 0
FS SEAL 145 tile (11, 6) n 16
FS SEAL 153 tile (11, 6) n 17
FS STAT 160 id 4 at (12, 6) need 1 orth 1 ti 18 ammo 17 sen 1 hp 40 covden 0 eco 1 lost 0
FS SEAL 161 tile (11, 6) n 18
FS SEAL 169 tile (11, 6) n 19
FS SEAL 177 tile (11, 6) n 20
FS STAT 180 id 4 at (12, 6) need 1 orth 1 ti 18 ammo 10 sen 1 hp 40 covden 0 eco 1 lost 0
FS SEAL 185 tile (11, 6) n 21
