Running match: parent vs _v488beltbreak2
  Map: atoll.map26  Seed: 46  Replay: 
scratchpad/s51_v522_build/grid/b16/repparent/atoll_s46_A.replay26  TLE: 10ms
Completed turn 0
Completed turn 100
Completed turn 200
Completed turn 300
Completed turn 400
Completed turn 500
Completed turn 600
Completed turn 700
Completed turn 800
Completed turn 900
Replay written to 
scratchpad/s51_v522_build/grid/b16/repparent/atoll_s46_A.replay26

  Winner: _v488beltbreak2  (Titanium collected (tiebreak), turn 1000)

                        parent     _v488beltbreak2  
  Titanium     90 (4970 mined)    422 (7410 mined)  
  Units                     15                  23  
  Buildings                 20                  22  

