Running match: iPRES vs _v488beltbreak2
  Map: drakkarfjord.map26  Seed: 501  Replay: 
scratchpad/s51_v520_build/iso/b1/repiPRES/drakkarfjord_s501_A.replay26  TLE: 
10ms
Completed turn 0
Completed turn 100
Completed turn 200
Completed turn 300
Completed turn 400
Completed turn 500
Completed turn 600
Completed turn 700
Completed turn 800
Completed turn 900
Replay written to 
scratchpad/s51_v520_build/iso/b1/repiPRES/drakkarfjord_s501_A.replay26

  Winner: _v488beltbreak2  (Titanium collected (tiebreak), turn 1000)

                           iPRES       _v488beltbreak2  
  Titanium     7984 (9520 mined)    9688 (11290 mined)  
  Units                       12                    17  
  Buildings                   98                   117  

