Running match: iLADDER vs _v488beltbreak2
  Map: drakkarfjord.map26  Seed: 524  Replay: 
scratchpad/s51_v521_build/iso/b8/repiLADDER/drakkarfjord_s524_A.replay26  TLE: 
10ms
Completed turn 0
Completed turn 100
Completed turn 200
Completed turn 300
Completed turn 400
Completed turn 500
Completed turn 600
Completed turn 700
Completed turn 800
Completed turn 900
Replay written to 
scratchpad/s51_v521_build/iso/b8/repiLADDER/drakkarfjord_s524_A.replay26

  Winner: iLADDER  (Titanium collected (tiebreak), turn 1000)

                      iLADDER    _v488beltbreak2  
  Titanium     67 (660 mined)     54 (190 mined)  
  Units                     9                  8  
  Buildings                20                 86  

