Running match: iLADDER vs _v488beltbreak2
  Map: nordkap.map26  Seed: 522  Replay: 
scratchpad/s51_v521_build/iso/b8/repiLADDER/nordkap_s522_A.replay26  TLE: 10ms
Completed turn 0
Completed turn 100
Completed turn 200
Completed turn 300
Completed turn 400
Completed turn 500
Completed turn 600
Completed turn 700
Completed turn 800
Completed turn 900
Replay written to 
scratchpad/s51_v521_build/iso/b8/repiLADDER/nordkap_s522_A.replay26

  Winner: iLADDER  (Titanium collected (tiebreak), turn 1000)

                      iLADDER    _v488beltbreak2  
  Titanium     33 (390 mined)     69 (120 mined)  
  Units                     5                  9  
  Buildings                19                 62  

