Update available: 2.3.6 -> 2.3.8. Run: pip install --upgrade fcode
FS GATE 0 sig (18, 18, (2, 14), (14, 2)) ok 1
FS GATE 1 sig (18, 18, (2, 14), (14, 2)) ok 1
FS PHASE 1 id 4 ph 1 d 200 at (13, 4)
GF519 1 id 4 d 200 band 0 ti 434 ammo 0 gun 28 lau 28 bar 4 cd 0 lp 0 plants 0
GF519 2 id 4 d 200 band 0 ti 392 ammo 0 gun 32 lau 32 bar 4 cd 0 lp 0 plants 0
FS GATE 2 sig (18, 18, (2, 14), (14, 2)) ok 1
GF519 3 id 4 d 200 band 0 ti 311 ammo 0 gun 37 lau 37 bar 5 cd 0 lp 0 plants 0
FS GATE 3 sig (18, 18, (2, 14), (14, 2)) ok 1
GF519 4 id 4 d 200 band 0 ti 311 ammo 0 gun 37 lau 37 bar 5 cd 0 lp 0 plants 0
FS GATE 4 sig (18, 18, (2, 14), (14, 2)) ok 1
APPT520 CLAIM 4 id 11
FS PHASE 4 id 11 ph 1 d 221 at (13, 3)
GF519 4 id 11 d 221 band 0 ti 311 ammo 0 gun 37 lau 37 bar 5 cd 0 lp 0 plants 0
GF519 5 id 4 d 200 band 0 ti 311 ammo 0 gun 37 lau 37 bar 5 cd 0 lp 0 plants 0
FS HOPBUILD 5 at (13, 4) lch (13, 5) T (1, 16)
GF519 5 id 11 d 202 band 0 ti 274 ammo 0 gun 39 lau 39 bar 5 cd 0 lp 0 plants 0
GF519 6 id 4 d 200 band 0 ti 284 ammo 0 gun 39 lau 39 bar 5 cd 0 lp 1 plants 0
GF519 6 id 11 d 181 band 0 ti 284 ammo 0 gun 39 lau 39 bar 5 cd 0 lp 1 plants 0
FS GATE 6 sig (18, 18, (2, 14), (14, 2)) ok 1
FS THROW 6 from (13, 4) to (9, 8) T (1, 16) body 4 n 1 dsq 72
GF519 7 id 4 d 72 band 1 ti 284 ammo 0 gun 39 lau 39 bar 5 cd 0 lp 0 plants 0
FS HOPBUILD 7 at (9, 8) lch (9, 9) T (1, 16)
GF519 7 id 11 d 162 band 0 ti 245 ammo 0 gun 41 lau 41 bar 6 cd 0 lp 1 plants 0
FS THROW 7 from (12, 6) to (10, 9) T (1, 16) body 11 n 2 dsq 74
GF519 8 id 4 d 72 band 1 ti 255 ammo 0 gun 39 lau 39 bar 5 cd 0 lp 1 plants 0
GF519 8 id 11 d 74 band 1 ti 216 ammo 0 gun 40 lau 40 bar 6 cd 0 lp 1 plants 0
FS GATE 8 sig (18, 18, (2, 14), (14, 2)) ok 1
FS THROW 8 from (8, 8) to (5, 12) T (1, 16) body 4 n 1 dsq 8
FS ARRIVE 9 id 4 body 1 at (5, 12) dsq 8
ARC520 CLAIM 9 id 4 body 1 arc 1 at (5, 12)
FS PHASE 9 id 4 ph 2 d 8 at (5, 12)
GF519 9 id 11 d 65 band 1 ti 194 ammo 16 gun 40 lau 40 bar 6 cd 0 lp 1 plants 0
FS THROW 9 from (9, 10) to (5, 12) T (1, 16) body 11 n 2 dsq 8
FS EVICTOR 10 at (4, 13) ucov 0 cov 1 unseal 2 obs 5
FS RUNG 10 id 4 r 2 hi -
FS ARRIVE 10 id 11 body 2 at (5, 12) dsq 8
ARC520 COLLIDE 10 id 11 body 2 peer 1 took 2 n 1
ARC520 CLAIM 10 id 11 body 2 arc 2 at (5, 12)
FS PHASE 10 id 11 ph 2 d 8 at (5, 12)
FS GATE 11 sig (18, 18, (2, 14), (14, 2)) ok 1
FS GATE 11 sig (18, 18, (2, 14), (14, 2)) ok 1
FS EVICT 11 from (3, 12) to (9, 12)
FS SEAL 12 tile (4, 14) n 1
FS DODGE 13 id 4 from (5, 14) to (6, 14) cov 1 -> 0 hit 0 hp 40
FS EVICT 13 from (3, 12) to (9, 12)
GF519 PLANT 14 id 4 d 9 ti 78
FS DODGE 16 id 4 from (5, 14) to (6, 14) cov 1 -> 0 hit 0 hp 22
FS SEAL 16 tile (3, 13) n 1
FS DODGE 18 id 4 from (5, 14) to (6, 14) cov 1 -> 0 hit 0 hp 4
FS SEAL 18 tile (2, 13) n 2
FS STAT 20 id 4 at (7, 14) need 7 orth 6 ti 10 ammo 16 sen 0 hp 4 covden 0 eco 1 lost 0
FS STAT 20 id 11 at (2, 11) need 6 orth 5 ti 10 ammo 16 sen 0 hp 40 covden 0 eco 1 lost 0
FS EVICT 21 from (3, 12) to (9, 12)
FS SEAL 22 tile (1, 13) n 3
FS DODGE 26 id 4 from (6, 13) to (6, 14) cov 1 -> 0 hit 0 hp 4
FS SEAL 26 tile (1, 14) n 4
FS DODGE 28 id 4 from (6, 15) to (6, 16) cov 2 -> 0 hit 0 hp 4
FS DODGE 30 id 4 from (5, 16) to (4, 16) cov 2 -> 0 hit 0 hp 4
FS SEAL 31 tile (4, 15) n 2
FS CLEAR 34 tile (3, 16) peck 1
FS RUNG 34 id 4 r 3 hi -
FS CLEAR 34 tile (1, 15) peck 1
FS RUNG 34 id 11 r 3 hi -
FS CLEAR 35 tile (3, 16) peck 2
FS RUNG 35 id 4 r 3 hi -
FS CLEAR 35 tile (1, 15) peck 2
FS RUNG 35 id 11 r 3 hi -
FS CLEAR 36 tile (3, 16) peck 3
FS RUNG 36 id 4 r 3 hi -
FS CLEAR 36 tile (1, 15) peck 3
FS RUNG 36 id 11 r 3 hi -
FS CLEAR 37 tile (3, 16) peck 4
FS RUNG 37 id 4 r 3 hi -
FS CLEAR 37 tile (1, 15) peck 4
FS RUNG 37 id 11 r 3 hi -
FS CLEAR 38 tile (3, 16) peck 5
FS RUNG 38 id 4 r 3 hi -
FS CLEAR 38 tile (1, 15) peck 5
FS RUNG 38 id 11 r 3 hi -
FS CLEAR 39 tile (3, 16) peck 6
FS RUNG 39 id 4 r 3 hi -
FS CLEAR 39 tile (1, 15) peck 6
FS RUNG 39 id 11 r 3 hi -
FS STAT 40 id 4 at (4, 16) need 3 orth 3 ti 64 ammo 24 sen 0 hp 4 covden 0 eco 1 lost 0
FS CLEAR 40 tile (3, 16) peck 7
FS RUNG 40 id 4 r 3 hi -
FS STAT 40 id 11 at (0, 15) need 3 orth 3 ti 62 ammo 24 sen 0 hp 40 covden 0 eco 1 lost 0
FS CLEAR 40 tile (1, 15) peck 7
FS RUNG 40 id 11 r 3 hi -
FS CLEAR 41 tile (3, 16) peck 8
FS RUNG 41 id 4 r 3 hi -
FS CLEAR 41 tile (1, 15) peck 8
FS RUNG 41 id 11 r 3 hi -
FS EVICT 42 from (3, 12) to (9, 12)
FS SEAL 43 tile (2, 16) n 3
FS CLEAR 45 tile (3, 16) peck 1
FS RUNG 45 id 4 r 3 hi -
FS CLEAR 46 tile (3, 16) peck 2
FS RUNG 46 id 4 r 3 hi -
FS CLEAR 46 tile (1, 15) peck 1
FS RUNG 46 id 11 r 3 hi -
FS EVICT 46 from (5, 12) to (0, 16)
FS CLEARED 47 tile (3, 16) n 1
FS SEAL 47 tile (3, 16) n 4
FS SEALCLR 47 tile (3, 16) lag 0
FS CLEAR 47 tile (1, 15) peck 2
FS RUNG 47 id 11 r 3 hi -
FS CLEAR 48 tile (1, 15) peck 3
FS RUNG 48 id 11 r 3 hi -
FS CLEAR 49 tile (1, 15) peck 4
FS RUNG 49 id 11 r 3 hi -
FS CLEAR 50 tile (1, 15) peck 5
FS RUNG 50 id 11 r 3 hi -
FS CLEAR 51 tile (1, 15) peck 6
FS RUNG 51 id 11 r 3 hi -
FS CLEAR 52 tile (1, 15) peck 7
FS RUNG 52 id 11 r 3 hi -
FS CLEAR 53 tile (1, 15) peck 8
FS RUNG 53 id 11 r 3 hi -
FS STAT 60 id 4 at (5, 17) need 5 orth 4 ti 57 ammo 24 sen 0 hp 4 covden 0 eco 1 lost 0
FS STAT 60 id 11 at (3, 12) need 2 orth 2 ti 57 ammo 24 sen 0 hp 40 covden 0 eco 1 lost 0
FS CLEAR 66 tile (1, 15) peck 1
FS RUNG 66 id 11 r 3 hi -
FS EVICT 66 from (3, 12) to (9, 12)
FS CLEAR 67 tile (1, 15) peck 2
FS RUNG 67 id 11 r 3 hi -
FS SENTINEL 68 at (0, 14) face EAST tgt (3, 14) score 9 n 1 onring 0 lost 0 gate (1, 1, 9) onsray 0 olddsq -1
FS PHASE 69 id 11 ph 5 d 4 at (0, 15)
FS PHASE 70 id 4 ph 5 d 8 at (5, 17)
FS EVICT 70 from (5, 12) to (0, 16)
FS EVICT 73 from (3, 12) to (9, 12)
FS EVICT 74 from (4, 14) to (5, 8)
FS EVICT 77 from (5, 12) to (8, 10)
FS EVICT 78 from (5, 12) to (0, 16)
FS STAT 80 id 4 at (6, 16) need 5 orth 4 ti 16 ammo 60 sen 1 hp 4 covden 0 eco 1 lost 0
FS STAT 80 id 11 at (1, 16) need 2 orth 2 ti 16 ammo 60 sen 1 hp 40 covden 0 eco 1 lost 0
FS EVICT 84 from (5, 12) to (8, 10)
FS EVICT 88 from (5, 12) to (0, 16)
FS EVICT 91 from (5, 12) to (8, 10)
FS EVICT 98 from (5, 12) to (8, 10)
FS STAT 100 id 4 at (6, 16) need 5 orth 4 ti 16 ammo 110 sen 1 hp 4 covden 0 eco 1 lost 0
FS EVICT 105 from (5, 12) to (0, 16)
FS STAT 120 id 4 at (6, 16) need 5 orth 4 ti 26 ammo 150 sen 1 hp 4 covden 0 eco 1 lost 0
FS EVICT 133 from (4, 14) to (5, 8)
FS STAT 140 id 4 at (5, 16) need 3 orth 2 ti 16 ammo 132 sen 1 hp 4 covden 0 eco 1 lost 0
FS STAT 160 id 4 at (5, 16) need 3 orth 2 ti 16 ammo 142 sen 1 hp 4 covden 0 eco 1 lost 0
