Update available: 2.3.6 -> 2.3.8. Run: pip install --upgrade fcode
FS GATE 0 sig (30, 30, (2, 24), (26, 4)) ok 1
FS GATE 1 sig (30, 30, (2, 24), (26, 4)) ok 1
FS PHASE 1 id 4 ph 1 d 808 at (25, 6)
GF519 1 id 4 d 808 band 0 ti 434 ammo 0 gun 28 lau 28 bar 4 cd 0 lp 0 plants 0
GF519 2 id 4 d 808 band 0 ti 392 ammo 0 gun 32 lau 32 bar 4 cd 0 lp 0 plants 0
FS GATE 2 sig (30, 30, (2, 24), (26, 4)) ok 1
GF519 3 id 4 d 808 band 0 ti 344 ammo 0 gun 36 lau 36 bar 5 cd 0 lp 0 plants 0
FS GATE 3 sig (30, 30, (2, 24), (26, 4)) ok 1
GF519 4 id 4 d 808 band 0 ti 354 ammo 0 gun 36 lau 36 bar 5 cd 0 lp 0 plants 0
FS GATE 4 sig (30, 30, (2, 24), (26, 4)) ok 1
APPT520 CLAIM 4 id 10
FS PHASE 4 id 10 ph 1 d 845 at (25, 5)
GF519 4 id 10 d 845 band 0 ti 354 ammo 0 gun 36 lau 36 bar 5 cd 0 lp 0 plants 0
GF519 5 id 4 d 808 band 0 ti 354 ammo 0 gun 36 lau 36 bar 5 cd 0 lp 0 plants 0
FS HOPBUILD 5 at (25, 6) lch (24, 6) T (1, 26)
GF519 5 id 10 d 802 band 0 ti 318 ammo 0 gun 38 lau 38 bar 5 cd 0 lp 1 plants 0
GF519 6 id 4 d 808 band 0 ti 318 ammo 0 gun 38 lau 38 bar 5 cd 0 lp 1 plants 0
GF519 6 id 10 d 761 band 0 ti 318 ammo 0 gun 38 lau 38 bar 5 cd 0 lp 1 plants 0
FS GATE 6 sig (30, 30, (2, 24), (26, 4)) ok 1
FS THROW 6 from (25, 7) to (20, 9) T (1, 26) body 4 n 1 dsq 514
GF519 7 id 4 d 514 band 0 ti 318 ammo 0 gun 38 lau 38 bar 5 cd 0 lp 0 plants 0
FS HOPBUILD 7 at (20, 9) lch (19, 9) T (1, 26)
GF519 7 id 10 d 724 band 0 ti 280 ammo 0 gun 40 lau 40 bar 6 cd 0 lp 1 plants 0
FS THROW 7 from (23, 7) to (21, 10) T (1, 26) body 10 n 2 dsq 520
GF519 8 id 4 d 514 band 0 ti 290 ammo 0 gun 38 lau 38 bar 5 cd 0 lp 1 plants 0
GF519 8 id 10 d 520 band 0 ti 290 ammo 0 gun 38 lau 38 bar 5 cd 0 lp 0 plants 0
FS GATE 8 sig (30, 30, (2, 24), (26, 4)) ok 1
FS THROW 8 from (20, 10) to (15, 12) T (1, 26) body 4 n 1 dsq 288
GF519 9 id 4 d 288 band 0 ti 290 ammo 0 gun 38 lau 38 bar 5 cd 0 lp 0 plants 0
FS HOPBUILD 9 at (15, 12) lch (15, 13) T (1, 26)
GF519 9 id 10 d 549 band 0 ti 212 ammo 0 gun 41 lau 41 bar 6 cd 0 lp 0 plants 0
FS THROW 9 from (20, 9) to (16, 13) T (1, 26) body 10 n 2 dsq 290
GF519 10 id 4 d 288 band 0 ti 212 ammo 0 gun 39 lau 39 bar 5 cd 0 lp 1 plants 0
GF519 10 id 10 d 290 band 0 ti 207 ammo 0 gun 39 lau 39 bar 5 cd 0 lp 1 plants 0
FS GATE 10 sig (30, 30, (2, 24), (26, 4)) ok 1
FS THROW 10 from (14, 12) to (11, 16) T (1, 26) body 4 n 1 dsq 128
GF519 11 id 4 d 128 band 0 ti 207 ammo 0 gun 39 lau 39 bar 5 cd 0 lp 0 plants 0
FS HOPBUILD 11 at (11, 16) lch (11, 17) T (1, 26)
GF519 11 id 10 d 269 band 0 ti 168 ammo 0 gun 41 lau 41 bar 6 cd 0 lp 1 plants 0
FS THROW 11 from (15, 14) to (11, 15) T (1, 26) body 10 n 2 dsq 145
GF519 12 id 4 d 128 band 0 ti 178 ammo 0 gun 39 lau 39 bar 5 cd 0 lp 1 plants 0
GF519 12 id 10 d 145 band 0 ti 173 ammo 0 gun 39 lau 39 bar 5 cd 0 lp 0 plants 0
FS GATE 12 sig (30, 30, (2, 24), (26, 4)) ok 1
FS THROW 12 from (10, 16) to (7, 20) T (1, 26) body 4 n 1 dsq 32
GF519 13 id 4 d 32 band 1 ti 173 ammo 0 gun 39 lau 39 bar 5 cd 0 lp 0 plants 0
TERM520 13 id 4 at (7, 20) n 2 pick (6, 20) arcs 2 cov 0 covbest 0 conflict 0 dsq 25
FS HOPBUILD 13 at (7, 20) lch (6, 20) T (1, 26)
GF519 13 id 10 d 128 band 0 ti 87 ammo 0 gun 42 lau 42 bar 6 cd 0 lp 1 plants 0
FS THROW 13 from (10, 16) to (8, 21) T (1, 26) body 10 n 2 dsq 34
GF519 14 id 4 d 32 band 1 ti 71 ammo 16 gun 40 lau 40 bar 6 cd 0 lp 1 plants 0
GF519 14 id 10 d 34 band 1 ti 65 ammo 16 gun 40 lau 40 bar 6 cd 0 lp 0 plants 0
FS GATE 14 sig (30, 30, (2, 24), (26, 4)) ok 1
SPLIT520 14 lch (6, 20) body 4 arc 2 to (2, 23) dsq 1 walk 2 n 1
FS SPLIT 14 arc 2 to (2, 23) body 4 walk 2
FS ARRIVE 15 id 4 body 1 at (2, 23) dsq 1
ARC520 CLAIM 15 id 4 body 1 arc 1 at (2, 23)
FS PHASE 15 id 4 ph 2 d 1 at (2, 23)
FS SEAL 15 tile (3, 23) n 1
GF519 15 id 10 d 41 band 1 ti 53 ammo 16 gun 41 lau 41 bar 6 cd 0 lp 0 plants 0
SPLIT520 15 lch (6, 20) body 10 arc 1 to (2, 22) dsq 4 walk 1 n 2
FS SPLIT 15 arc 1 to (2, 22) body 10 walk 1
FS SEAL 16 tile (1, 23) n 2
FS ARRIVE 16 id 10 body 2 at (2, 22) dsq 4
ARC520 COLLIDE 16 id 10 body 2 peer 1 took 2 n 1
ARC520 CLAIM 16 id 10 body 2 arc 2 at (2, 22)
FS PHASE 16 id 10 ph 2 d 4 at (2, 22)
FS DODGE 18 id 4 from (2, 22) to (3, 22) cov 1 -> 0 hit 0 hp 22
FS STAT 20 id 4 at (4, 22) need 7 orth 7 ti 41 ammo 16 sen 0 hp 22 covden 0 eco 0 lost 0
FS STAT 20 id 10 at (0, 24) need 7 orth 7 ti 41 ammo 16 sen 0 hp 40 covden 0 eco 0 lost 0
FS SEAL 20 tile (1, 24) n 1
FS SEAL 21 tile (4, 24) n 3
FS SEAL 22 tile (1, 25) n 2
FS SEAL 25 tile (4, 25) n 4
FS SEAL 25 tile (2, 26) n 3
FS SEAL 28 tile (3, 26) n 5
FS SEAL 28 tile (2, 26) n 4
FS SEAL 39 tile (2, 26) n 5
FS STAT 40 id 4 at (2, 27) need 1 orth 1 ti 85 ammo 16 sen 0 hp 22 covden 0 eco 1 lost 0
FS STAT 40 id 10 at (1, 26) need 1 orth 1 ti 85 ammo 16 sen 0 hp 40 covden 0 eco 1 lost 0
FS SEAL 44 tile (2, 26) n 6
FS SEAL 49 tile (2, 26) n 7
FS SEAL 54 tile (2, 26) n 8
FS DODGE 59 id 10 from (2, 22) to (3, 22) cov 1 -> 0 hit 0 hp 40
FS STAT 60 id 4 at (1, 26) need 1 orth 1 ti 66 ammo 24 sen 0 hp 22 covden 0 eco 1 lost 0
FS STAT 60 id 10 at (3, 22) need 1 orth 1 ti 52 ammo 24 sen 0 hp 40 covden 0 eco 1 lost 0
FS DODGE 61 id 10 from (2, 22) to (3, 22) cov 1 -> 0 hit 0 hp 40
FS DODGE 63 id 10 from (2, 22) to (1, 22) cov 1 -> 0 hit 0 hp 40
FS DODGE 71 id 10 from (2, 22) to (3, 22) cov 1 -> 0 hit 0 hp 40
FS DODGE 73 id 10 from (2, 22) to (3, 22) cov 1 -> 0 hit 0 hp 40
FS DODGE 75 id 10 from (2, 22) to (3, 22) cov 1 -> 0 hit 0 hp 40
FS SENTINEL 76 at (0, 22) face SOUTHEAST tgt (3, 25) score 18 n 1 onring 0 lost 0 gate (1, 1, 24) onsray 0 olddsq -1
FS PHASE 76 id 10 ph 5 d 4 at (3, 22)
FS PHASE 77 id 4 ph 5 d 5 at (1, 22)
FS DODGE 77 id 10 from (2, 22) to (3, 22) cov 1 -> 0 hit 0 hp 40
FS DODGE 79 id 4 from (2, 22) to (1, 22) cov 1 -> 0 hit 0 hp 22
FS STAT 80 id 4 at (1, 22) need 1 orth 1 ti 16 ammo 53 sen 1 hp 22 covden 0 eco 1 lost 0
FS STAT 80 id 10 at (2, 22) need 1 orth 1 ti 16 ammo 53 sen 1 hp 40 covden 0 eco 1 lost 0
FS DODGE 80 id 10 from (2, 22) to (3, 22) cov 1 -> 0 hit 0 hp 40
FS DODGE 82 id 4 from (2, 22) to (1, 22) cov 1 -> 0 hit 0 hp 22
FS DODGE 83 id 10 from (2, 22) to (3, 22) cov 1 -> 0 hit 0 hp 40
FS DODGE 85 id 4 from (2, 22) to (1, 22) cov 1 -> 0 hit 0 hp 22
FS SEAL 86 tile (2, 23) n 6
FS PHASE 87 id 4 ph 4 d 5 at (1, 22)
FS PHASE 87 id 10 ph 4 d 4 at (2, 22)
FS DODGE 87 id 10 from (2, 22) to (3, 22) cov 1 -> 0 hit 0 hp 40
FS SEAL 89 tile (4, 23) n 7
FS STAT 100 id 4 at (6, 20) need 7 orth 6 ti 16 ammo 100 sen 1 hp 22 covden 0 eco 1 lost 0
FS STAT 100 id 10 at (4, 22) need 1 orth 0 ti 16 ammo 100 sen 1 hp 40 covden 0 eco 1 lost 0
FS SEAL 108 tile (4, 26) n 9
FS SEAL 113 tile (2, 26) n 10
FS STAT 120 id 4 at (1, 26) need 1 orth 1 ti 16 ammo 36 sen 1 hp 22 covden 0 eco 1 lost 0
FS STAT 120 id 10 at (3, 27) need 1 orth 1 ti 16 ammo 36 sen 1 hp 40 covden 0 eco 1 lost 0
FS SEAL 122 tile (2, 26) n 11
FS SEAL 133 tile (2, 26) n 12
FS STAT 140 id 4 at (1, 26) need 1 orth 1 ti 16 ammo 12 sen 1 hp 22 covden 0 eco 1 lost 0
FS STAT 140 id 10 at (3, 27) need 1 orth 1 ti 16 ammo 12 sen 1 hp 40 covden 0 eco 1 lost 0
FS SEAL 150 tile (2, 26) n 13
FS STAT 160 id 4 at (1, 27) need 2 orth 1 ti 36 ammo 5 sen 1 hp 22 covden 0 eco 1 lost 0
FS STAT 160 id 10 at (5, 27) need 3 orth 2 ti 36 ammo 5 sen 1 hp 40 covden 0 eco 1 lost 0
FS SEAL 161 tile (2, 26) n 14
FS SEAL 174 tile (2, 26) n 15
FS STAT 180 id 4 at (1, 27) need 2 orth 1 ti 72 ammo 5 sen 1 hp 22 covden 0 eco 1 lost 0
FS STAT 180 id 10 at (5, 27) need 3 orth 2 ti 72 ammo 5 sen 1 hp 40 covden 0 eco 1 lost 0
FS SEAL 189 tile (2, 26) n 16
FS STAT 200 id 4 at (1, 26) need 1 orth 1 ti 102 ammo 18 sen 1 hp 22 covden 0 eco 1 lost 0
FS STAT 200 id 10 at (3, 27) need 1 orth 1 ti 102 ammo 18 sen 1 hp 40 covden 0 eco 1 lost 0
FS SEAL 202 tile (2, 26) n 17
FS SEAL 213 tile (2, 26) n 18
FS STAT 220 id 4 at (1, 26) need 1 orth 1 ti 16 ammo 50 sen 1 hp 22 covden 0 eco 1 lost 0
FS STAT 220 id 10 at (3, 27) need 1 orth 1 ti 16 ammo 50 sen 1 hp 40 covden 0 eco 1 lost 0
FS SEAL 230 tile (2, 26) n 19
FS STAT 240 id 4 at (1, 27) need 2 orth 1 ti 16 ammo 13 sen 1 hp 22 covden 0 eco 1 lost 0
FS STAT 240 id 10 at (5, 27) need 3 orth 2 ti 16 ammo 13 sen 1 hp 40 covden 0 eco 1 lost 0
FS SEAL 241 tile (2, 26) n 20
FS SEAL 254 tile (2, 26) n 21
FS STAT 260 id 4 at (1, 27) need 2 orth 1 ti 39 ammo 6 sen 1 hp 22 covden 0 eco 1 lost 0
FS STAT 260 id 10 at (5, 27) need 3 orth 2 ti 39 ammo 6 sen 1 hp 40 covden 0 eco 1 lost 0
FS SEAL 269 tile (2, 26) n 22
FS STAT 280 id 4 at (1, 26) need 1 orth 1 ti 82 ammo 6 sen 1 hp 22 covden 0 eco 1 lost 0
FS STAT 280 id 10 at (3, 27) need 1 orth 1 ti 82 ammo 6 sen 1 hp 40 covden 0 eco 1 lost 0
FS SEAL 282 tile (2, 26) n 23
FS SEAL 293 tile (2, 26) n 24
FS STAT 300 id 4 at (1, 26) need 1 orth 1 ti 102 ammo 12 sen 1 hp 22 covden 0 eco 1 lost 0
FS STAT 300 id 10 at (3, 27) need 1 orth 1 ti 102 ammo 12 sen 1 hp 40 covden 0 eco 1 lost 0
FS SEAL 310 tile (2, 26) n 25
FS STAT 320 id 4 at (1, 27) need 2 orth 1 ti 16 ammo 51 sen 1 hp 22 covden 0 eco 1 lost 0
FS STAT 320 id 10 at (5, 27) need 3 orth 2 ti 16 ammo 51 sen 1 hp 40 covden 0 eco 1 lost 0
FS SEAL 321 tile (2, 26) n 26
FS SEAL 334 tile (2, 26) n 27
FS STAT 340 id 4 at (1, 27) need 2 orth 1 ti 16 ammo 17 sen 1 hp 22 covden 0 eco 1 lost 0
FS STAT 340 id 10 at (5, 27) need 3 orth 2 ti 16 ammo 17 sen 1 hp 40 covden 0 eco 1 lost 0
FS SEAL 349 tile (2, 26) n 28
FS STAT 360 id 4 at (1, 26) need 1 orth 1 ti 39 ammo 17 sen 1 hp 22 covden 0 eco 1 lost 0
FS STAT 360 id 10 at (3, 27) need 1 orth 1 ti 39 ammo 17 sen 1 hp 40 covden 0 eco 1 lost 0
FS SEAL 362 tile (2, 26) n 29
FS SEAL 373 tile (2, 26) n 30
FS STAT 380 id 4 at (1, 26) need 1 orth 1 ti 75 ammo 7 sen 1 hp 22 covden 0 eco 1 lost 0
FS STAT 380 id 10 at (3, 27) need 1 orth 1 ti 75 ammo 7 sen 1 hp 40 covden 0 eco 1 lost 0
FS SEAL 390 tile (2, 26) n 31
FS STAT 400 id 4 at (1, 27) need 2 orth 1 ti 102 ammo 13 sen 1 hp 22 covden 0 eco 1 lost 0
FS STAT 400 id 10 at (5, 27) need 3 orth 2 ti 102 ammo 13 sen 1 hp 40 covden 0 eco 1 lost 0
FS SEAL 401 tile (2, 26) n 32
FS SEAL 414 tile (2, 26) n 33
FS STAT 420 id 4 at (1, 27) need 2 orth 1 ti 75 ammo 56 sen 1 hp 22 covden 0 eco 1 lost 0
FS STAT 420 id 10 at (5, 27) need 3 orth 2 ti 75 ammo 56 sen 1 hp 40 covden 0 eco 1 lost 0
FS SEAL 429 tile (2, 26) n 34
FS STAT 440 id 4 at (1, 26) need 1 orth 1 ti 102 ammo 12 sen 1 hp 22 covden 0 eco 1 lost 0
FS STAT 440 id 10 at (3, 27) need 1 orth 1 ti 102 ammo 12 sen 1 hp 40 covden 0 eco 1 lost 0
FS SEAL 442 tile (2, 26) n 35
FS SEAL 453 tile (2, 26) n 36
FS SENTINEL 457 at (0, 27) face NORTHEAST tgt (3, 24) score 18 n 2 onring 0 lost 0 gate (1, 1, 24) onsray 0 olddsq -1
FS RUNG 457 id 4 r 4 hi -
FS STAT 460 id 4 at (1, 27) need 2 orth 1 ti 16 ammo 14 sen 1 hp 22 covden 0 eco 1 lost 0
FS STAT 460 id 10 at (5, 27) need 3 orth 2 ti 16 ammo 14 sen 1 hp 40 covden 0 eco 1 lost 0
FS SEAL 469 tile (2, 26) n 37
FS STAT 480 id 4 at (1, 26) need 1 orth 1 ti 16 ammo 16 sen 2 hp 22 covden 0 eco 1 lost 0
FS STAT 480 id 10 at (5, 27) need 3 orth 2 ti 16 ammo 16 sen 1 hp 40 covden 0 eco 1 lost 0
FS SEAL 482 tile (2, 26) n 38
FS SEAL 493 tile (2, 26) n 39
FS STAT 500 id 4 at (1, 26) need 1 orth 1 ti 16 ammo 10 sen 2 hp 22 covden 0 eco 1 lost 0
FS STAT 500 id 10 at (5, 27) need 3 orth 2 ti 16 ammo 10 sen 1 hp 40 covden 0 eco 1 lost 0
FS SEAL 510 tile (2, 26) n 40
FS STAT 520 id 4 at (1, 27) need 2 orth 1 ti 16 ammo 12 sen 1 hp 22 covden 0 eco 1 lost 0
FS STAT 520 id 10 at (5, 27) need 3 orth 2 ti 16 ammo 12 sen 1 hp 40 covden 0 eco 1 lost 0
FS SEAL 521 tile (2, 26) n 41
FS SEAL 534 tile (2, 26) n 42
FS STAT 540 id 4 at (1, 27) need 2 orth 1 ti 16 ammo 16 sen 1 hp 22 covden 0 eco 1 lost 0
FS STAT 540 id 10 at (5, 27) need 3 orth 2 ti 16 ammo 16 sen 1 hp 40 covden 0 eco 1 lost 0
FS SEAL 549 tile (2, 26) n 43
FS STAT 560 id 4 at (1, 26) need 1 orth 1 ti 16 ammo 18 sen 2 hp 22 covden 0 eco 1 lost 0
FS STAT 560 id 10 at (5, 27) need 3 orth 2 ti 16 ammo 18 sen 1 hp 40 covden 0 eco 1 lost 0
FS SEAL 562 tile (2, 26) n 44
FS SEAL 573 tile (2, 26) n 45
FS STAT 580 id 4 at (1, 26) need 1 orth 1 ti 16 ammo 12 sen 2 hp 22 covden 0 eco 1 lost 0
FS STAT 580 id 10 at (5, 27) need 3 orth 2 ti 16 ammo 12 sen 1 hp 40 covden 0 eco 1 lost 0
FS SEAL 590 tile (2, 26) n 46
FS STAT 600 id 4 at (1, 27) need 2 orth 1 ti 16 ammo 14 sen 1 hp 22 covden 0 eco 1 lost 0
FS STAT 600 id 10 at (5, 27) need 3 orth 2 ti 16 ammo 14 sen 1 hp 40 covden 0 eco 1 lost 0
FS SEAL 601 tile (2, 26) n 47
FS SEAL 614 tile (2, 26) n 48
FS STAT 620 id 4 at (1, 27) need 2 orth 1 ti 16 ammo 18 sen 1 hp 22 covden 0 eco 1 lost 0
FS STAT 620 id 10 at (5, 27) need 3 orth 2 ti 16 ammo 18 sen 1 hp 40 covden 0 eco 1 lost 0
FS SEAL 625 tile (2, 26) n 49
FS SEAL 638 tile (2, 26) n 50
FS STAT 640 id 4 at (1, 27) need 2 orth 1 ti 16 ammo 2 sen 1 hp 22 covden 0 eco 1 lost 0
FS STAT 640 id 10 at (5, 27) need 3 orth 2 ti 16 ammo 2 sen 1 hp 40 covden 0 eco 1 lost 0
FS SEAL 650 tile (2, 26) n 51
FS STAT 660 id 4 at (1, 27) need 2 orth 1 ti 16 ammo 14 sen 1 hp 22 covden 0 eco 1 lost 0
FS STAT 660 id 10 at (5, 27) need 3 orth 2 ti 16 ammo 14 sen 1 hp 40 covden 0 eco 1 lost 0
FS SEAL 661 tile (2, 26) n 52
FS SEAL 674 tile (2, 26) n 53
FS STAT 680 id 4 at (1, 27) need 1 orth 1 ti 16 ammo 18 sen 1 hp 22 covden 0 eco 1 lost 0
FS STAT 680 id 10 at (5, 27) need 3 orth 2 ti 16 ammo 18 sen 1 hp 40 covden 0 eco 1 lost 0
FS SEAL 685 tile (2, 26) n 54
FS SEAL 698 tile (2, 26) n 55
FS STAT 700 id 4 at (1, 27) need 2 orth 1 ti 16 ammo 2 sen 1 hp 22 covden 0 eco 1 lost 0
FS STAT 700 id 10 at (5, 27) need 3 orth 2 ti 16 ammo 2 sen 1 hp 40 covden 0 eco 1 lost 0
FS SEAL 709 tile (2, 26) n 56
FS STAT 720 id 4 at (1, 27) need 2 orth 1 ti 16 ammo 14 sen 1 hp 22 covden 0 eco 1 lost 0
FS STAT 720 id 10 at (5, 27) need 3 orth 2 ti 16 ammo 14 sen 1 hp 40 covden 0 eco 1 lost 0
FS SEAL 721 tile (2, 26) n 57
FS SEAL 734 tile (2, 26) n 58
FS STAT 740 id 4 at (1, 27) need 1 orth 1 ti 16 ammo 18 sen 1 hp 22 covden 0 eco 1 lost 0
FS STAT 740 id 10 at (5, 27) need 3 orth 2 ti 16 ammo 18 sen 1 hp 40 covden 0 eco 1 lost 0
FS SEAL 745 tile (2, 26) n 59
FS SEAL 758 tile (2, 26) n 60
FS STAT 760 id 4 at (1, 27) need 2 orth 1 ti 16 ammo 2 sen 1 hp 22 covden 0 eco 1 lost 0
FS STAT 760 id 10 at (5, 27) need 3 orth 2 ti 16 ammo 2 sen 1 hp 40 covden 0 eco 1 lost 0
FS SEAL 769 tile (2, 26) n 61
FS STAT 780 id 4 at (1, 27) need 2 orth 1 ti 16 ammo 14 sen 1 hp 22 covden 0 eco 1 lost 0
FS STAT 780 id 10 at (5, 27) need 3 orth 2 ti 16 ammo 14 sen 1 hp 40 covden 0 eco 1 lost 0
FS SEAL 781 tile (2, 26) n 62
FS SEAL 794 tile (2, 26) n 63
FS STAT 800 id 4 at (1, 27) need 1 orth 1 ti 16 ammo 18 sen 1 hp 22 covden 0 eco 1 lost 0
FS STAT 800 id 10 at (5, 27) need 3 orth 2 ti 16 ammo 18 sen 1 hp 40 covden 0 eco 1 lost 0
FS SEAL 805 tile (2, 26) n 64
FS SEAL 818 tile (2, 26) n 65
FS STAT 820 id 4 at (1, 27) need 2 orth 1 ti 16 ammo 2 sen 1 hp 22 covden 0 eco 1 lost 0
FS STAT 820 id 10 at (5, 27) need 3 orth 2 ti 16 ammo 2 sen 1 hp 40 covden 0 eco 1 lost 0
FS SEAL 829 tile (2, 26) n 66
FS STAT 840 id 4 at (1, 27) need 2 orth 1 ti 16 ammo 14 sen 1 hp 22 covden 0 eco 1 lost 0
FS STAT 840 id 10 at (5, 27) need 3 orth 2 ti 16 ammo 14 sen 1 hp 40 covden 0 eco 1 lost 0
FS SEAL 841 tile (2, 26) n 67
FS SEAL 854 tile (2, 26) n 68
FS STAT 860 id 4 at (1, 27) need 1 orth 1 ti 16 ammo 18 sen 1 hp 22 covden 0 eco 1 lost 0
FS STAT 860 id 10 at (5, 27) need 3 orth 2 ti 16 ammo 18 sen 1 hp 40 covden 0 eco 1 lost 0
FS SEAL 865 tile (2, 26) n 69
FS SEAL 878 tile (2, 26) n 70
FS STAT 880 id 4 at (1, 27) need 2 orth 1 ti 16 ammo 2 sen 1 hp 22 covden 0 eco 1 lost 0
FS STAT 880 id 10 at (5, 27) need 3 orth 2 ti 16 ammo 2 sen 1 hp 40 covden 0 eco 1 lost 0
FS SEAL 889 tile (2, 26) n 71
FS STAT 900 id 4 at (1, 27) need 2 orth 1 ti 16 ammo 14 sen 1 hp 22 covden 0 eco 1 lost 0
FS STAT 900 id 10 at (5, 27) need 3 orth 2 ti 16 ammo 14 sen 1 hp 40 covden 0 eco 1 lost 0
FS SEAL 901 tile (2, 26) n 72
FS SEAL 914 tile (2, 26) n 73
FS STAT 920 id 4 at (1, 27) need 1 orth 1 ti 16 ammo 18 sen 1 hp 22 covden 0 eco 1 lost 0
FS STAT 920 id 10 at (5, 27) need 3 orth 2 ti 16 ammo 18 sen 1 hp 40 covden 0 eco 1 lost 0
FS SEAL 925 tile (2, 26) n 74
FS SEAL 938 tile (2, 26) n 75
FS STAT 940 id 4 at (1, 27) need 2 orth 1 ti 16 ammo 2 sen 1 hp 22 covden 0 eco 1 lost 0
FS STAT 940 id 10 at (5, 27) need 3 orth 2 ti 16 ammo 2 sen 1 hp 40 covden 0 eco 1 lost 0
FS SEAL 949 tile (2, 26) n 76
FS STAT 960 id 4 at (1, 27) need 2 orth 1 ti 26 ammo 4 sen 1 hp 22 covden 0 eco 1 lost 0
FS STAT 960 id 10 at (5, 27) need 3 orth 2 ti 26 ammo 4 sen 1 hp 40 covden 0 eco 1 lost 0
FS STAT 980 id 4 at (1, 26) need 1 orth 1 ti 11 ammo 4 sen 2 hp 22 covden 0 eco 1 lost 0
FS STAT 980 id 10 at (5, 27) need 3 orth 2 ti 11 ammo 4 sen 1 hp 40 covden 0 eco 1 lost 0
