Update available: 2.3.6 -> 2.3.8. Run: pip install --upgrade fcode
FS GATE 0 sig (20, 26, (9, 6), (9, 18)) ok 1
FS GATE 1 sig (20, 26, (9, 6), (9, 18)) ok 1
FS PHASE 1 id 3 ph 1 d 100 at (9, 8)
GF519 1 id 3 d 100 band 1 ti 434 ammo 0 gun 28 lau 28 bar 4 cd 0 lp 0 plants 0
GF519 2 id 3 d 100 band 1 ti 392 ammo 0 gun 32 lau 32 bar 4 cd 0 lp 0 plants 0
FS GATE 2 sig (20, 26, (9, 6), (9, 18)) ok 1
GF519 3 id 3 d 100 band 1 ti 344 ammo 0 gun 36 lau 36 bar 5 cd 0 lp 0 plants 0
FS GATE 3 sig (20, 26, (9, 6), (9, 18)) ok 1
GF519 4 id 3 d 100 band 1 ti 354 ammo 0 gun 36 lau 36 bar 5 cd 0 lp 0 plants 0
FS GATE 4 sig (20, 26, (9, 6), (9, 18)) ok 1
APPT520 CLAIM 4 id 9
FS PHASE 4 id 9 ph 1 d 101 at (8, 8)
GF519 4 id 9 d 101 band 1 ti 318 ammo 0 gun 37 lau 37 bar 5 cd 0 lp 0 plants 0
GF519 5 id 3 d 100 band 1 ti 318 ammo 0 gun 37 lau 37 bar 5 cd 0 lp 0 plants 0
FS HOPBUILD 5 at (9, 8) lch (9, 9) T (11, 20)
GF519 5 id 9 d 82 band 1 ti 276 ammo 0 gun 39 lau 39 bar 5 cd 0 lp 1 plants 0
GF519 6 id 3 d 100 band 1 ti 276 ammo 0 gun 39 lau 39 bar 5 cd 0 lp 1 plants 0
GF519 6 id 9 d 82 band 1 ti 276 ammo 0 gun 39 lau 39 bar 5 cd 0 lp 1 plants 0
FS GATE 6 sig (20, 26, (9, 6), (9, 18)) ok 1
FS THROW 6 from (10, 8) to (10, 14) T (11, 20) body 3 n 1 dsq 16
GF519 7 id 3 d 16 band 1 ti 276 ammo 0 gun 39 lau 39 bar 5 cd 0 lp 0 plants 0
TERM520 7 id 3 at (10, 14) n 2 pick (10, 15) arcs 2 cov 0 covbest 0 conflict 0 dsq 9
FS HOPBUILD 7 at (10, 14) lch (10, 15) T (11, 20)
GF519 7 id 9 d 82 band 1 ti 231 ammo 0 gun 41 lau 41 bar 6 cd 0 lp 1 plants 0
FS THROW 7 from (8, 9) to (9, 14) T (11, 20) body 9 n 2 dsq 16
GF519 8 id 3 d 16 band 1 ti 241 ammo 0 gun 39 lau 39 bar 5 cd 0 lp 1 plants 0
GF519 8 id 9 d 16 band 1 ti 236 ammo 0 gun 39 lau 39 bar 5 cd 0 lp 1 plants 0
FS GATE 8 sig (20, 26, (9, 6), (9, 18)) ok 1
SPLIT520 8 lch (10, 15) body 3 arc 2 to (7, 19) dsq 4 walk 1 n 1
FS SPLIT 8 arc 2 to (7, 19) body 3 walk 1
FS ARRIVE 9 id 3 body 1 at (7, 19) dsq 4
ARC520 CLAIM 9 id 3 body 1 arc 2 at (7, 19)
FS PHASE 9 id 3 ph 2 d 4 at (7, 19)
FS EVICTOR 9 at (7, 18) ucov 0 cov 1 unseal 1 obs 2
FS RUNG 9 id 3 r 2 hi -
GF519 9 id 9 d 9 band 1 ti 197 ammo 0 gun 41 lau 41 bar 6 cd 0 lp 1 plants 0
SPLIT520 9 lch (10, 15) body 9 arc 1 to (9, 17) dsq 1 walk 0 n 2
FS SPLIT 9 arc 1 to (9, 17) body 9 walk 0
FS SEAL 10 tile (8, 19) n 1
FS ARRIVE 10 id 9 body 2 at (9, 17) dsq 1
ARC520 CLAIM 10 id 9 body 2 arc 1 at (9, 17)
FS PHASE 10 id 9 ph 2 d 1 at (9, 17)
FS SEAL 10 tile (10, 17) n 1
FS GATE 10 sig (20, 26, (9, 6), (9, 18)) ok 1
FS EVICT 10 from (8, 17) to (2, 17)
FS SEAL 11 tile (8, 17) n 2
FS GATE 11 sig (20, 26, (9, 6), (9, 18)) ok 1
FS SEAL 15 tile (9, 20) n 2
FS SEAL 16 tile (9, 17) n 3
FS DODGE 18 id 9 from (10, 16) to (11, 16) cov 1 -> 0 hit 0 hp 22
FS SEAL 19 tile (10, 20) n 3
FS STAT 20 id 3 at (10, 21) need 3 orth 3 ti 10 ammo 4 sen 0 hp 40 covden 0 eco 1 lost 0
FS STAT 20 id 9 at (11, 17) need 3 orth 3 ti 10 ammo 4 sen 0 hp 4 covden 0 eco 1 lost 0
FS DODGE 20 id 9 from (11, 17) to (11, 18) cov 1 -> 0 hit 0 hp 4
FS SEAL 23 tile (11, 19) n 4
FS CLEAR 27 tile (11, 18) peck 1
FS RUNG 27 id 9 r 3 hi -
FS CLEAR 28 tile (11, 18) peck 2
FS RUNG 28 id 9 r 3 hi -
FS CLEAR 29 tile (11, 18) peck 3
FS RUNG 29 id 9 r 3 hi -
FS CLEAR 30 tile (11, 18) peck 4
FS RUNG 30 id 9 r 3 hi -
FS CLEAR 31 tile (11, 18) peck 5
FS RUNG 31 id 9 r 3 hi -
FS CLEAR 32 tile (11, 18) peck 6
FS RUNG 32 id 9 r 3 hi -
FS CLEAR 33 tile (11, 18) peck 7
FS RUNG 33 id 9 r 3 hi -
FS CLEAR 34 tile (11, 18) peck 8
FS RUNG 34 id 9 r 3 hi -
FS CLEAR 35 tile (11, 18) peck 1
FS RUNG 35 id 3 r 3 hi -
FS CLEAR 36 tile (11, 18) peck 2
FS RUNG 36 id 3 r 3 hi -
FS CLEARED 36 tile (11, 18) n 1
FS CLEARED 37 tile (11, 18) n 1
FS SEAL 37 tile (11, 18) n 5
FS SEALCLR 37 tile (11, 18) lag 0
FS EVICTOR 39 at (12, 17) ucov 0 cov 2 unseal 0 obs 3
FS RUNG 39 id 9 r 2 hi -
FS STAT 40 id 3 at (11, 17) need 1 orth 1 ti 19 ammo 24 sen 0 hp 40 covden 0 eco 1 lost 0
FS STAT 40 id 9 at (12, 16) need 3 orth 3 ti 19 ammo 24 sen 0 hp 4 covden 0 eco 1 lost 0
FS GATE 40 sig (20, 26, (9, 6), (9, 18)) ok 1
FS STAT 60 id 3 at (11, 17) need 1 orth 1 ti 119 ammo 24 sen 0 hp 40 covden 0 eco 1 lost 0
FS STAT 60 id 9 at (11, 16) need 1 orth 1 ti 67 ammo 24 sen 0 hp 4 covden 0 eco 1 lost 0
FS SENTINEL 72 at (12, 16) face SOUTHWEST tgt (9, 19) score 18 n 1 onring 0 lost 0 gate (1, 1, 13) onsray 0 olddsq -1
FS PHASE 73 id 3 ph 5 d 2 at (11, 17)
FS PHASE 73 id 9 ph 5 d 5 at (11, 16)
FS EVICT 77 from (7, 17) to (6, 23)
FS STAT 80 id 3 at (11, 17) need 1 orth 1 ti 16 ammo 22 sen 1 hp 40 covden 0 eco 1 lost 0
FS STAT 80 id 9 at (11, 16) need 1 orth 1 ti 16 ammo 22 sen 1 hp 4 covden 0 eco 1 lost 0
FS EVICT 84 from (7, 17) to (6, 23)
FS STAT 100 id 3 at (11, 17) need 1 orth 1 ti 16 ammo 12 sen 1 hp 40 covden 0 eco 1 lost 0
FS STAT 100 id 9 at (11, 16) need 1 orth 1 ti 16 ammo 12 sen 1 hp 4 covden 0 eco 1 lost 0
FS STAT 120 id 3 at (11, 17) need 1 orth 1 ti 16 ammo 12 sen 1 hp 40 covden 0 eco 1 lost 0
FS STAT 120 id 9 at (11, 16) need 1 orth 1 ti 16 ammo 12 sen 1 hp 4 covden 0 eco 1 lost 0
FS STAT 140 id 3 at (11, 17) need 1 orth 1 ti 16 ammo 12 sen 1 hp 40 covden 0 eco 1 lost 0
FS STAT 140 id 9 at (11, 16) need 1 orth 1 ti 16 ammo 12 sen 1 hp 4 covden 0 eco 1 lost 0
FS STAT 160 id 3 at (11, 17) need 1 orth 1 ti 16 ammo 12 sen 1 hp 40 covden 0 eco 1 lost 0
FS STAT 160 id 9 at (11, 16) need 1 orth 1 ti 16 ammo 12 sen 1 hp 4 covden 0 eco 1 lost 0
