Running match: _v488beltbreak2 vs _v516teardown
  Map: glacierkeep.map26  Seed: 37  Replay: 
scratchpad/s51_v516_build/grid/b13/rep516/glacierkeep_s37_B.replay26  TLE: 10ms
Completed turn 0
Completed turn 100
Completed turn 200
Completed turn 300
Completed turn 400
Completed turn 500
Completed turn 600
Completed turn 700
Completed turn 800
Completed turn 900
Replay written to 
scratchpad/s51_v516_build/grid/b13/rep516/glacierkeep_s37_B.replay26

  Winner: _v516teardown  (Titanium collected (tiebreak), turn 1000)

               _v488beltbreak2    _v516teardown  
  Titanium        33 (0 mined)    27 (50 mined)  
  Units                      8                5  
  Buildings                 21               23  

