Running match: _v488beltbreak2 vs parent
  Map: nordkap.map26  Seed: 2  Replay: 
scratchpad/s51_v522_build/grid/b1/repparent/nordkap_s2_B.replay26  TLE: 10ms
Completed turn 0
Completed turn 100
Completed turn 200
Completed turn 300
Completed turn 400
Completed turn 500
Completed turn 600
Completed turn 700
Completed turn 800
Completed turn 900
Replay written to 
scratchpad/s51_v522_build/grid/b1/repparent/nordkap_s2_B.replay26

  Winner: _v488beltbreak2  (Titanium stored (tiebreak), turn 1000)

               _v488beltbreak2            parent  
  Titanium     122 (110 mined)    90 (110 mined)  
  Units                     11                 1  
  Buildings                 34                25  

