Running match: _v488beltbreak2 vs parent
  Map: drakkarfjord.map26  Seed: 34  Replay: 
scratchpad/s51_v520_build/grid/b12/repparent/drakkarfjord_s34_B.replay26  TLE: 
10ms
Completed turn 0
Completed turn 100
Completed turn 200
Completed turn 300
Completed turn 400
Completed turn 500
Completed turn 600
Completed turn 700
Completed turn 800
Completed turn 900
Replay written to 
scratchpad/s51_v520_build/grid/b12/repparent/drakkarfjord_s34_B.replay26

  Winner: _v488beltbreak2  (Core destroyed, turn 902)

                  _v488beltbreak2                parent  
  Titanium     6211 (14350 mined)    5928 (11350 mined)  
  Units                        48                    25  
  Buildings                   108                    78  

