Running match: _v488beltbreak2 vs v522
  Map: atoll.map26  Seed: 829  Replay: 
scratchpad/s51_v522_build/iso2/b10/repv522/atoll_s829_B.replay26  TLE: 10ms
Completed turn 0
Completed turn 100
Completed turn 200
Completed turn 300
Completed turn 400
Completed turn 500
Completed turn 600
Completed turn 700
Completed turn 800
Completed turn 900
Replay written to 
scratchpad/s51_v522_build/iso2/b10/repv522/atoll_s829_B.replay26

  Winner: _v488beltbreak2  (Core destroyed, turn 999)

               _v488beltbreak2                 v522  
  Titanium     43 (4480 mined)    2933 (7220 mined)  
  Units                     17                   24  
  Buildings                 22                   14  

