Update available: 2.3.6 -> 2.3.8. Run: pip install --upgrade fcode
TWIN517 68 at (12, 29) hold 0 live 1 floor 4 rebuy 24 ti 21 cost 79 n 1
FIREDISC517 69 at (12, 29) hp 500 ti 21 ammo 24 win 0 shots 0 net None code 0 twin 0 peer 0 pub 1 hold 0 held 0 heldfund 0 resets 0 viol 0
FIREDISC517 70 at (12, 29) hp 482 ti 16 ammo 19 win 1 shots 1 net None code 0 twin 0 peer 0 pub 1 hold 0 held 0 heldfund 0 resets 0 viol 0
FIREDISC517 71 at (12, 29) hp 482 ti 16 ammo 29 win 1 shots 1 net None code 0 twin 0 peer 0 pub 1 hold 0 held 0 heldfund 0 resets 0 viol 0
FIREDISC517 72 at (12, 29) hp 464 ti 16 ammo 29 win 2 shots 2 net None code 0 twin 0 peer 0 pub 1 hold 0 held 0 heldfund 0 resets 0 viol 0
FIREDISC517 73 at (12, 29) hp 464 ti 16 ammo 29 win 2 shots 2 net None code 0 twin 0 peer 0 pub 1 hold 0 held 0 heldfund 0 resets 0 viol 0
FIREDISC517 74 at (12, 29) hp 446 ti 8 ammo 19 win 3 shots 3 net None code 0 twin 0 peer 0 pub 1 hold 0 held 0 heldfund 0 resets 0 viol 0
FIREDISC517 75 at (12, 29) hp 446 ti 16 ammo 21 win 3 shots 3 net None code 0 twin 0 peer 0 pub 1 hold 0 held 0 heldfund 0 resets 0 viol 0
FIREDISC517 76 at (12, 29) hp 428 ti 16 ammo 21 win 4 shots 4 net 72 code 6 twin 0 peer 0 pub 1 hold 0 held 0 heldfund 0 resets 0 viol 0
FIREDISC517 77 at (12, 29) hp 428 ti 16 ammo 21 win 4 shots 4 net 72 code 6 twin 0 peer 0 pub 1 hold 0 held 0 heldfund 0 resets 0 viol 0
FIREDISC517 78 at (12, 29) hp 410 ti 16 ammo 11 win 4 shots 5 net 72 code 6 twin 0 peer 0 pub 1 hold 0 held 0 heldfund 0 resets 0 viol 0
FIREDISC517 79 at (12, 29) hp 410 ti 16 ammo 21 win 4 shots 5 net 72 code 6 twin 0 peer 0 pub 1 hold 0 held 0 heldfund 0 resets 0 viol 0
FIREDISC517 80 at (12, 29) hp 392 ti 16 ammo 21 win 4 shots 6 net 72 code 6 twin 0 peer 0 pub 1 hold 0 held 0 heldfund 0 resets 0 viol 0
FIREDISC517 81 at (12, 29) hp 392 ti 16 ammo 21 win 4 shots 6 net 72 code 6 twin 0 peer 0 pub 1 hold 0 held 0 heldfund 0 resets 0 viol 0
FIREDISC517 82 at (12, 29) hp 374 ti 16 ammo 11 win 4 shots 7 net 72 code 6 twin 0 peer 0 pub 1 hold 0 held 0 heldfund 0 resets 0 viol 0
FIREDISC517 83 at (12, 29) hp 374 ti 8 ammo 21 win 4 shots 7 net 72 code 6 twin 0 peer 0 pub 1 hold 0 held 0 heldfund 0 resets 0 viol 0
FIREDISC517 84 at (12, 29) hp 356 ti 16 ammo 13 win 4 shots 8 net 72 code 6 twin 0 peer 0 pub 1 hold 0 held 0 heldfund 0 resets 0 viol 0
FIREDISC517 85 at (12, 29) hp 356 ti 16 ammo 13 win 4 shots 8 net 72 code 6 twin 0 peer 0 pub 1 hold 0 held 0 heldfund 0 resets 0 viol 0
FIREDISC517 86 at (12, 29) hp 338 ti 16 ammo 3 win 4 shots 9 net 72 code 6 twin 0 peer 0 pub 1 hold 0 held 0 heldfund 0 resets 0 viol 0
FIREDISC517 87 at (12, 29) hp 338 ti 16 ammo 13 win 4 shots 9 net 72 code 6 twin 0 peer 0 pub 1 hold 0 held 0 heldfund 0 resets 0 viol 0
FIREDISC517 88 at (12, 29) hp 320 ti 16 ammo 13 win 4 shots 10 net 72 code 6 twin 0 peer 0 pub 1 hold 0 held 0 heldfund 0 resets 0 viol 0
FIREDISC517 89 at (12, 29) hp 320 ti 16 ammo 13 win 4 shots 10 net 72 code 6 twin 0 peer 0 pub 1 hold 0 held 0 heldfund 0 resets 0 viol 0
FIREDISC517 90 at (12, 29) hp 302 ti 16 ammo 3 win 4 shots 11 net 72 code 6 twin 0 peer 0 pub 1 hold 0 held 0 heldfund 0 resets 0 viol 0
FIREDISC517 91 at (12, 29) hp 302 ti 16 ammo 13 win 4 shots 11 net 72 code 6 twin 0 peer 0 pub 1 hold 0 held 0 heldfund 0 resets 0 viol 0
FIREDISC517 92 at (12, 29) hp 284 ti 16 ammo 13 win 4 shots 12 net 72 code 6 twin 0 peer 0 pub 1 hold 0 held 0 heldfund 0 resets 0 viol 0
FIREDISC517 93 at (12, 29) hp 284 ti 16 ammo 13 win 4 shots 12 net 72 code 6 twin 0 peer 0 pub 1 hold 0 held 0 heldfund 0 resets 0 viol 0
FIREDISC517 94 at (12, 29) hp 266 ti 16 ammo 3 win 4 shots 13 net 72 code 6 twin 0 peer 0 pub 1 hold 0 held 0 heldfund 0 resets 0 viol 0
FIREDISC517 95 at (12, 29) hp 266 ti 16 ammo 13 win 4 shots 13 net 72 code 6 twin 0 peer 0 pub 1 hold 0 held 0 heldfund 0 resets 0 viol 0
FIREDISC517 96 at (12, 29) hp 248 ti 16 ammo 13 win 4 shots 14 net 72 code 6 twin 0 peer 0 pub 1 hold 0 held 0 heldfund 0 resets 0 viol 0
FIREDISC517 97 at (12, 29) hp 248 ti 16 ammo 13 win 4 shots 14 net 72 code 6 twin 0 peer 0 pub 1 hold 0 held 0 heldfund 0 resets 0 viol 0
FIREDISC517 98 at (12, 29) hp 230 ti 16 ammo 3 win 4 shots 15 net 72 code 6 twin 0 peer 0 pub 1 hold 0 held 0 heldfund 0 resets 0 viol 0
FIREDISC517 99 at (12, 29) hp 230 ti 16 ammo 13 win 4 shots 15 net 72 code 6 twin 0 peer 0 pub 1 hold 0 held 0 heldfund 0 resets 0 viol 0
FIREDISC517 100 at (12, 29) hp 212 ti 16 ammo 13 win 4 shots 16 net 72 code 6 twin 0 peer 0 pub 1 hold 0 held 0 heldfund 0 resets 0 viol 0
FIREDISC517 101 at (12, 29) hp 212 ti 16 ammo 13 win 4 shots 16 net 72 code 6 twin 0 peer 0 pub 1 hold 0 held 0 heldfund 0 resets 0 viol 0
FIREDISC517 102 at (12, 29) hp 194 ti 16 ammo 3 win 4 shots 17 net 72 code 6 twin 0 peer 0 pub 1 hold 0 held 0 heldfund 0 resets 0 viol 0
FIREDISC517 103 at (12, 29) hp 194 ti 16 ammo 13 win 4 shots 17 net 72 code 6 twin 0 peer 0 pub 1 hold 0 held 0 heldfund 0 resets 0 viol 0
FIREDISC517 104 at (12, 29) hp 176 ti 16 ammo 13 win 4 shots 18 net 72 code 6 twin 0 peer 0 pub 1 hold 0 held 0 heldfund 0 resets 0 viol 0
FIREDISC517 105 at (12, 29) hp 176 ti 16 ammo 13 win 4 shots 18 net 72 code 6 twin 0 peer 0 pub 1 hold 0 held 0 heldfund 0 resets 0 viol 0
FIREDISC517 106 at (12, 29) hp 158 ti 16 ammo 3 win 4 shots 19 net 72 code 6 twin 0 peer 0 pub 1 hold 0 held 0 heldfund 0 resets 0 viol 0
FIREDISC517 107 at (12, 29) hp 158 ti 16 ammo 13 win 4 shots 19 net 72 code 6 twin 0 peer 0 pub 1 hold 0 held 0 heldfund 0 resets 0 viol 0
FIREDISC517 108 at (12, 29) hp 140 ti 16 ammo 13 win 4 shots 20 net 72 code 6 twin 0 peer 0 pub 1 hold 0 held 0 heldfund 0 resets 0 viol 0
FIREDISC517 109 at (12, 29) hp 140 ti 16 ammo 13 win 4 shots 20 net 72 code 6 twin 0 peer 0 pub 1 hold 0 held 0 heldfund 0 resets 0 viol 0
FIREDISC517 110 at (12, 29) hp 122 ti 16 ammo 3 win 4 shots 21 net 72 code 6 twin 0 peer 0 pub 1 hold 0 held 0 heldfund 0 resets 0 viol 0
FIREDISC517 111 at (12, 29) hp 122 ti 16 ammo 13 win 4 shots 21 net 72 code 6 twin 0 peer 0 pub 1 hold 0 held 0 heldfund 0 resets 0 viol 0
FIREDISC517 112 at (12, 29) hp 104 ti 16 ammo 13 win 4 shots 22 net 72 code 6 twin 0 peer 0 pub 1 hold 0 held 0 heldfund 0 resets 0 viol 0
FIREDISC517 113 at (12, 29) hp 104 ti 16 ammo 13 win 4 shots 22 net 72 code 6 twin 0 peer 0 pub 1 hold 0 held 0 heldfund 0 resets 0 viol 0
FIREDISC517 114 at (12, 29) hp 86 ti 16 ammo 3 win 4 shots 23 net 72 code 6 twin 0 peer 0 pub 1 hold 0 held 0 heldfund 0 resets 0 viol 0
FIREDISC517 115 at (12, 29) hp 86 ti 16 ammo 13 win 4 shots 23 net 72 code 6 twin 0 peer 0 pub 1 hold 0 held 0 heldfund 0 resets 0 viol 0
FIREDISC517 116 at (12, 29) hp 68 ti 16 ammo 13 win 4 shots 24 net 72 code 6 twin 0 peer 0 pub 1 hold 0 held 0 heldfund 0 resets 0 viol 0
FIREDISC517 117 at (12, 29) hp 68 ti 16 ammo 13 win 4 shots 24 net 72 code 6 twin 0 peer 0 pub 1 hold 0 held 0 heldfund 0 resets 0 viol 0
FIREDISC517 118 at (12, 29) hp 50 ti 16 ammo 3 win 4 shots 25 net 72 code 6 twin 0 peer 0 pub 1 hold 0 held 0 heldfund 0 resets 0 viol 0
FIREDISC517 119 at (12, 29) hp 50 ti 16 ammo 13 win 4 shots 25 net 72 code 6 twin 0 peer 0 pub 1 hold 0 held 0 heldfund 0 resets 0 viol 0
FIREDISC517 120 at (12, 29) hp 32 ti 16 ammo 13 win 4 shots 26 net 72 code 6 twin 0 peer 0 pub 1 hold 0 held 0 heldfund 0 resets 0 viol 0
FIREDISC517 121 at (12, 29) hp 32 ti 16 ammo 13 win 4 shots 26 net 72 code 6 twin 0 peer 0 pub 1 hold 0 held 0 heldfund 0 resets 0 viol 0
FIREDISC517 122 at (12, 29) hp 14 ti 16 ammo 3 win 4 shots 27 net 72 code 6 twin 0 peer 0 pub 1 hold 0 held 0 heldfund 0 resets 0 viol 0
FIREDISC517 123 at (12, 29) hp 14 ti 16 ammo 13 win 4 shots 27 net 72 code 6 twin 0 peer 0 pub 1 hold 0 held 0 heldfund 0 resets 0 viol 0
