Running match: _v488beltbreak2 vs parent515
  Map: drakkarfjord.map26  Seed: 1  Replay: 
scratchpad/s51_v516_build/mech/parent515/rep/drakkarfjord_s1_B.replay26  TLE: 
10ms
Completed turn 0
Completed turn 100
Completed turn 200
Completed turn 300
Completed turn 400
Completed turn 500
Completed turn 600
Completed turn 700
Completed turn 800
Completed turn 900
Replay written to 
scratchpad/s51_v516_build/mech/parent515/rep/drakkarfjord_s1_B.replay26

  Winner: _v488beltbreak2  (Titanium collected (tiebreak), turn 1000)

               _v488beltbreak2         parent515  
  Titanium      89 (630 mined)    27 (420 mined)  
  Units                      6                10  
  Buildings                118                27  

