Running match: parent vs _v488beltbreak2
  Map: drakkarfjord.map26  Seed: 102  Replay: 
scratchpad/s51_v519_build/fo/b1/repparent/drakkarfjord_s102_A.replay26  TLE: 
10ms
Completed turn 0
Completed turn 100
Completed turn 200
Completed turn 300
Completed turn 400
Completed turn 500
Completed turn 600
Completed turn 700
Completed turn 800
Completed turn 900
Replay written to 
scratchpad/s51_v519_build/fo/b1/repparent/drakkarfjord_s102_A.replay26

  Winner: _v488beltbreak2  (Titanium collected (tiebreak), turn 1000)

                         parent      _v488beltbreak2  
  Titanium     260 (2030 mined)    4359 (8950 mined)  
  Units                       9                   28  
  Buildings                  78                  162  

