Running match: _v488beltbreak2 vs parent
  Map: atoll.map26  Seed: 117  Replay: 
scratchpad/s51_v520_build/grid/b39/repparent/atoll_s117_B.replay26  TLE: 10ms
Completed turn 0
Completed turn 100
Completed turn 200
Completed turn 300
Completed turn 400
Completed turn 500
Completed turn 600
Completed turn 700
Completed turn 800
Completed turn 900
Replay written to 
scratchpad/s51_v520_build/grid/b39/repparent/atoll_s117_B.replay26

  Winner: parent  (Core destroyed, turn 913)

               _v488beltbreak2            parent  
  Titanium      11 (190 mined)    18 (950 mined)  
  Units                      9                10  
  Buildings                 25                23  

