Running match: _v488beltbreak2 vs parent
  Map: nordkap.map26  Seed: 117  Replay: 
scratchpad/s51_v520_build/grid/b39/repparent/nordkap_s117_B.replay26  TLE: 10ms
Completed turn 0
Completed turn 100
Completed turn 200
Completed turn 300
Completed turn 400
Completed turn 500
Completed turn 600
Completed turn 700
Completed turn 800
Completed turn 900
Replay written to 
scratchpad/s51_v520_build/grid/b39/repparent/nordkap_s117_B.replay26

  Winner: parent  (Titanium collected (tiebreak), turn 1000)

               _v488beltbreak2              parent  
  Titanium     64 (2780 mined)    185 (5410 mined)  
  Units                      8                  11  
  Buildings                 42                  58  

