Running match: _v468kladturbo vs _v518fastsent
  Map: archipelago.map26  Seed: 20  Replay: 
scratchpad/s51_v518_build/gated/d2/_v518fastsent/rep/archipelago_s20_B.replay26 
TLE: 10ms
Completed turn 0
Completed turn 100
Completed turn 200
Completed turn 300
Completed turn 400
Completed turn 500
Completed turn 600
Completed turn 700
Completed turn 800
Completed turn 900
Replay written to 
scratchpad/s51_v518_build/gated/d2/_v518fastsent/rep/archipelago_s20_B.replay26

  Winner: _v518fastsent  (Titanium collected (tiebreak), turn 1000)

                 _v468kladturbo      _v518fastsent  
  Titanium     125 (5070 mined)    36 (5100 mined)  
  Units                       9                  9  
  Buildings                  18                 27  

