Update available: 2.3.6 -> 2.3.8. Run: pip install --upgrade fcode
CREW523 0 site mag slotfs 0 merged 0 won 0 n 0 of 1
CREW523 0 site budget slotfs 0 merged 0 won 0 n 0 of 2
CREW523 0 site spawn slotfs 0 merged 0 won 0 n 0 of 3
CREW523 1 site mag slotfs 0 merged 0 won 0 n 0 of 4
CREW523 1 site budget slotfs 0 merged 0 won 0 n 0 of 5
CREW523 1 site spawn slotfs 0 merged 0 won 0 n 0 of 6
CREW523 2 site mag slotfs 1 merged 1 won 0 n 0 of 7
CREW523 2 site budget slotfs 1 merged 1 won 0 n 0 of 8
CREW523 2 site spawn slotfs 1 merged 1 won 0 n 0 of 9
CREW523 3 site mag slotfs 1 merged 1 won 0 n 0 of 10
CREW523 3 site budget slotfs 1 merged 1 won 0 n 0 of 11
CREW523 3 site spawn slotfs 1 merged 1 won 0 n 0 of 12
CREW523 4 site mag slotfs 1 merged 1 won 0 n 0 of 13
CREW523 4 site budget slotfs 1 merged 1 won 0 n 0 of 14
CREW523 5 site mag slotfs 1 merged 1 won 0 n 0 of 15
CREW523 5 site budget slotfs 1 merged 1 won 0 n 0 of 16
CREW523 6 site mag slotfs 1 merged 1 won 0 n 0 of 17
CREW523 6 site budget slotfs 1 merged 1 won 0 n 0 of 18
CREW523 7 site mag slotfs 1 merged 1 won 0 n 0 of 19
CREW523 7 site budget slotfs 1 merged 1 won 0 n 0 of 20
CREW523 8 site mag slotfs 1 merged 1 won 0 n 0 of 21
CREW523 8 site budget slotfs 1 merged 1 won 0 n 0 of 22
CREW523 9 site mag slotfs 1 merged 1 won 0 n 0 of 23
CREW523 9 site budget slotfs 1 merged 1 won 0 n 0 of 24
CREW523 10 site mag slotfs 1 merged 1 won 0 n 0 of 25
CREW523 10 site budget slotfs 1 merged 1 won 0 n 0 of 26
CREW523 11 site mag slotfs 1 merged 1 won 0 n 0 of 27
CREW523 11 site budget slotfs 1 merged 1 won 0 n 0 of 28
PH523 11 id 10 body 2 arc 1 orth 8 own 0 merged 0 arcclosed 0 ph 2
CREW523 12 site mag slotfs 1 merged 2 won 1 n 1 of 29
CREW523 12 site budget slotfs 1 merged 2 won 1 n 2 of 30
CREW523 12 site spawn slotfs 1 merged 2 won 1 n 3 of 31
PH523 12 id 10 body 2 arc 1 orth 8 own 0 merged 0 arcclosed 0 ph 2
CREW523 13 site mag slotfs 1 merged 2 won 1 n 4 of 32
CREW523 13 site budget slotfs 1 merged 2 won 1 n 5 of 33
CREW523 13 site spawn slotfs 1 merged 2 won 1 n 6 of 34
PH523 13 id 10 body 2 arc 1 orth 8 own 0 merged 0 arcclosed 0 ph 2
CREW523 14 site mag slotfs 1 merged 2 won 1 n 7 of 35
CREW523 14 site budget slotfs 1 merged 2 won 1 n 8 of 36
CREW523 14 site spawn slotfs 1 merged 2 won 1 n 9 of 37
PH523 14 id 4 body 1 arc 2 orth 7 own 0 merged 0 arcclosed 0 ph 2
PH523 14 id 10 body 2 arc 1 orth 7 own 0 merged 0 arcclosed 0 ph 2
CREW523 15 site mag slotfs 2 merged 2 won 0 n 9 of 38
CREW523 15 site budget slotfs 2 merged 2 won 0 n 9 of 39
CREW523 15 site spawn slotfs 2 merged 2 won 0 n 9 of 40
PH523 15 id 4 body 1 arc 2 orth 6 own 0 merged 0 arcclosed 0 ph 2
PH523 15 id 10 body 2 arc 1 orth 7 own 0 merged 0 arcclosed 0 ph 2
CREW523 16 site mag slotfs 2 merged 2 won 0 n 9 of 41
CREW523 16 site budget slotfs 2 merged 2 won 0 n 9 of 42
CREW523 16 site spawn slotfs 2 merged 2 won 0 n 9 of 43
PH523 16 id 4 body 1 arc 2 orth 6 own 0 merged 0 arcclosed 0 ph 2
PH523 16 id 10 body 2 arc 1 orth 6 own 0 merged 0 arcclosed 0 ph 2
CREW523 17 site mag slotfs 2 merged 2 won 0 n 9 of 44
CREW523 17 site budget slotfs 2 merged 2 won 0 n 9 of 45
CREW523 17 site spawn slotfs 2 merged 2 won 0 n 9 of 46
PH523 17 id 4 body 1 arc 2 orth 6 own 0 merged 0 arcclosed 0 ph 2
PH523 17 id 10 body 2 arc 1 orth 6 own 0 merged 0 arcclosed 0 ph 2
CREW523 18 site mag slotfs 2 merged 2 won 0 n 9 of 47
CREW523 18 site budget slotfs 2 merged 2 won 0 n 9 of 48
CREW523 18 site spawn slotfs 2 merged 2 won 0 n 9 of 49
PH523 18 id 4 body 1 arc 2 orth 6 own 0 merged 0 arcclosed 0 ph 2
PH523 18 id 10 body 2 arc 1 orth 6 own 0 merged 0 arcclosed 0 ph 2
CREW523 19 site mag slotfs 2 merged 2 won 0 n 9 of 50
CREW523 19 site budget slotfs 2 merged 2 won 0 n 9 of 51
CREW523 19 site spawn slotfs 2 merged 2 won 0 n 9 of 52
PH523 19 id 4 body 1 arc 2 orth 6 own 0 merged 0 arcclosed 0 ph 2
PH523 19 id 10 body 2 arc 1 orth 6 own 0 merged 0 arcclosed 0 ph 2
CREW523 20 site mag slotfs 2 merged 2 won 0 n 9 of 53
CREW523 20 site budget slotfs 2 merged 2 won 0 n 9 of 54
CREW523 20 site spawn slotfs 2 merged 2 won 0 n 9 of 55
PH523 20 id 4 body 1 arc 2 orth 6 own 0 merged 0 arcclosed 0 ph 2
PH523 20 id 10 body 2 arc 1 orth 6 own 0 merged 0 arcclosed 0 ph 2
CREW523 21 site mag slotfs 2 merged 2 won 0 n 9 of 56
CREW523 21 site budget slotfs 2 merged 2 won 0 n 9 of 57
CREW523 21 site spawn slotfs 2 merged 2 won 0 n 9 of 58
PH523 21 id 4 body 1 arc 2 orth 6 own 0 merged 0 arcclosed 0 ph 2
PH523 21 id 10 body 2 arc 1 orth 6 own 0 merged 0 arcclosed 0 ph 2
CREW523 22 site mag slotfs 2 merged 2 won 0 n 9 of 59
CREW523 22 site budget slotfs 2 merged 2 won 0 n 9 of 60
CREW523 22 site spawn slotfs 2 merged 2 won 0 n 9 of 61
PH523 22 id 4 body 1 arc 2 orth 6 own 0 merged 0 arcclosed 0 ph 2
PH523 22 id 10 body 2 arc 1 orth 6 own 0 merged 0 arcclosed 0 ph 2
CREW523 23 site mag slotfs 2 merged 2 won 0 n 9 of 62
CREW523 23 site budget slotfs 2 merged 2 won 0 n 9 of 63
CREW523 23 site spawn slotfs 2 merged 2 won 0 n 9 of 64
PH523 23 id 4 body 1 arc 2 orth 6 own 0 merged 0 arcclosed 0 ph 2
PH523 23 id 10 body 2 arc 1 orth 6 own 0 merged 0 arcclosed 0 ph 2
CREW523 24 site mag slotfs 2 merged 2 won 0 n 9 of 65
CREW523 24 site budget slotfs 2 merged 2 won 0 n 9 of 66
CREW523 24 site spawn slotfs 2 merged 2 won 0 n 9 of 67
PH523 24 id 4 body 1 arc 2 orth 6 own 0 merged 0 arcclosed 0 ph 2
PH523 24 id 10 body 2 arc 1 orth 6 own 0 merged 0 arcclosed 0 ph 2
CREW523 25 site mag slotfs 2 merged 2 won 0 n 9 of 68
CREW523 25 site budget slotfs 2 merged 2 won 0 n 9 of 69
CREW523 25 site spawn slotfs 2 merged 2 won 0 n 9 of 70
PH523 25 id 4 body 1 arc 2 orth 6 own 0 merged 0 arcclosed 0 ph 2
PH523 25 id 10 body 2 arc 1 orth 6 own 0 merged 0 arcclosed 0 ph 2
CREW523 26 site mag slotfs 2 merged 2 won 0 n 9 of 71
CREW523 26 site budget slotfs 2 merged 2 won 0 n 9 of 72
CREW523 26 site spawn slotfs 2 merged 2 won 0 n 9 of 73
PH523 26 id 4 body 1 arc 2 orth 6 own 0 merged 0 arcclosed 0 ph 2
PH523 26 id 10 body 2 arc 1 orth 6 own 0 merged 0 arcclosed 0 ph 2
CREW523 27 site mag slotfs 2 merged 2 won 0 n 9 of 74
CREW523 27 site budget slotfs 2 merged 2 won 0 n 9 of 75
CREW523 27 site spawn slotfs 2 merged 2 won 0 n 9 of 76
PH523 27 id 4 body 1 arc 2 orth 6 own 0 merged 0 arcclosed 0 ph 2
PH523 27 id 10 body 2 arc 1 orth 6 own 0 merged 0 arcclosed 0 ph 2
CREW523 28 site mag slotfs 2 merged 2 won 0 n 9 of 77
CREW523 28 site budget slotfs 2 merged 2 won 0 n 9 of 78
CREW523 28 site spawn slotfs 2 merged 2 won 0 n 9 of 79
PH523 28 id 4 body 1 arc 2 orth 6 own 0 merged 0 arcclosed 0 ph 2
PH523 28 id 10 body 2 arc 1 orth 6 own 0 merged 0 arcclosed 0 ph 2
CREW523 29 site mag slotfs 2 merged 2 won 0 n 9 of 80
CREW523 29 site budget slotfs 2 merged 2 won 0 n 9 of 81
CREW523 29 site spawn slotfs 2 merged 2 won 0 n 9 of 82
PH523 29 id 4 body 1 arc 2 orth 6 own 0 merged 0 arcclosed 0 ph 2
PH523 29 id 10 body 2 arc 1 orth 6 own 0 merged 0 arcclosed 0 ph 2
CREW523 30 site mag slotfs 2 merged 2 won 0 n 9 of 83
CREW523 30 site budget slotfs 2 merged 2 won 0 n 9 of 84
CREW523 30 site spawn slotfs 2 merged 2 won 0 n 9 of 85
PH523 30 id 4 body 1 arc 2 orth 5 own 0 merged 0 arcclosed 0 ph 2
PH523 30 id 10 body 2 arc 1 orth 5 own 0 merged 0 arcclosed 0 ph 2
CREW523 31 site mag slotfs 2 merged 2 won 0 n 9 of 86
CREW523 31 site budget slotfs 2 merged 2 won 0 n 9 of 87
CREW523 31 site spawn slotfs 2 merged 2 won 0 n 9 of 88
PH523 31 id 4 body 1 arc 2 orth 5 own 0 merged 0 arcclosed 0 ph 2
PH523 31 id 10 body 2 arc 1 orth 5 own 0 merged 0 arcclosed 0 ph 2
CREW523 32 site mag slotfs 2 merged 2 won 0 n 9 of 89
CREW523 32 site budget slotfs 2 merged 2 won 0 n 9 of 90
CREW523 32 site spawn slotfs 2 merged 2 won 0 n 9 of 91
PH523 32 id 4 body 1 arc 2 orth 5 own 0 merged 0 arcclosed 0 ph 2
PH523 32 id 10 body 2 arc 1 orth 5 own 0 merged 0 arcclosed 0 ph 2
CREW523 33 site mag slotfs 2 merged 2 won 0 n 9 of 92
CREW523 33 site budget slotfs 2 merged 2 won 0 n 9 of 93
CREW523 33 site spawn slotfs 2 merged 2 won 0 n 9 of 94
PH523 33 id 4 body 1 arc 2 orth 5 own 0 merged 0 arcclosed 0 ph 2
PH523 33 id 10 body 2 arc 1 orth 5 own 0 merged 0 arcclosed 0 ph 2
CREW523 34 site mag slotfs 2 merged 2 won 0 n 9 of 95
CREW523 34 site budget slotfs 2 merged 2 won 0 n 9 of 96
CREW523 34 site spawn slotfs 2 merged 2 won 0 n 9 of 97
PH523 34 id 4 body 1 arc 2 orth 5 own 0 merged 0 arcclosed 0 ph 2
PH523 34 id 10 body 2 arc 1 orth 5 own 0 merged 0 arcclosed 0 ph 2
CREW523 35 site mag slotfs 2 merged 2 won 0 n 9 of 98
CREW523 35 site budget slotfs 2 merged 2 won 0 n 9 of 99
CREW523 35 site spawn slotfs 2 merged 2 won 0 n 9 of 100
PH523 35 id 4 body 1 arc 2 orth 5 own 0 merged 0 arcclosed 0 ph 2
PH523 35 id 10 body 2 arc 1 orth 5 own 0 merged 0 arcclosed 0 ph 2
CREW523 36 site mag slotfs 2 merged 2 won 0 n 9 of 101
CREW523 36 site budget slotfs 2 merged 2 won 0 n 9 of 102
CREW523 36 site spawn slotfs 2 merged 2 won 0 n 9 of 103
PH523 36 id 4 body 1 arc 2 orth 5 own 0 merged 0 arcclosed 0 ph 2
PH523 36 id 10 body 2 arc 1 orth 4 own 0 merged 0 arcclosed 0 ph 2
CREW523 37 site mag slotfs 2 merged 2 won 0 n 9 of 104
CREW523 37 site budget slotfs 2 merged 2 won 0 n 9 of 105
CREW523 37 site spawn slotfs 2 merged 2 won 0 n 9 of 106
PH523 37 id 4 body 1 arc 2 orth 4 own 0 merged 0 arcclosed 0 ph 2
PH523 37 id 10 body 2 arc 1 orth 4 own 0 merged 0 arcclosed 0 ph 2
CREW523 38 site mag slotfs 2 merged 2 won 0 n 9 of 107
CREW523 38 site budget slotfs 2 merged 2 won 0 n 9 of 108
CREW523 38 site spawn slotfs 2 merged 2 won 0 n 9 of 109
PH523 38 id 4 body 1 arc 2 orth 4 own 0 merged 0 arcclosed 0 ph 2
PH523 38 id 10 body 2 arc 1 orth 4 own 0 merged 0 arcclosed 0 ph 2
CREW523 39 site mag slotfs 2 merged 2 won 0 n 9 of 110
CREW523 39 site budget slotfs 2 merged 2 won 0 n 9 of 111
CREW523 39 site spawn slotfs 2 merged 2 won 0 n 9 of 112
PH523 39 id 4 body 1 arc 2 orth 4 own 0 merged 0 arcclosed 0 ph 2
PH523 39 id 10 body 2 arc 1 orth 4 own 0 merged 0 arcclosed 0 ph 2
CREW523 40 site mag slotfs 2 merged 2 won 0 n 9 of 113
CREW523 40 site budget slotfs 2 merged 2 won 0 n 9 of 114
CREW523 40 site spawn slotfs 2 merged 2 won 0 n 9 of 115
PH523 40 id 4 body 1 arc 2 orth 4 own 0 merged 0 arcclosed 0 ph 2
PH523 40 id 10 body 2 arc 1 orth 4 own 0 merged 0 arcclosed 0 ph 2
CREW523 41 site mag slotfs 2 merged 2 won 0 n 9 of 116
CREW523 41 site budget slotfs 2 merged 2 won 0 n 9 of 117
CREW523 41 site spawn slotfs 2 merged 2 won 0 n 9 of 118
PH523 41 id 4 body 1 arc 2 orth 5 own 0 merged 0 arcclosed 0 ph 2
PH523 41 id 10 body 2 arc 1 orth 4 own 0 merged 0 arcclosed 0 ph 2
CREW523 42 site mag slotfs 2 merged 2 won 0 n 9 of 119
CREW523 42 site budget slotfs 2 merged 2 won 0 n 9 of 120
CREW523 42 site spawn slotfs 2 merged 2 won 0 n 9 of 121
PH523 42 id 4 body 1 arc 2 orth 5 own 0 merged 0 arcclosed 0 ph 2
PH523 42 id 10 body 2 arc 1 orth 4 own 0 merged 0 arcclosed 0 ph 2
CREW523 43 site mag slotfs 2 merged 2 won 0 n 9 of 122
CREW523 43 site budget slotfs 2 merged 2 won 0 n 9 of 123
CREW523 43 site spawn slotfs 2 merged 2 won 0 n 9 of 124
PH523 43 id 4 body 1 arc 2 orth 5 own 0 merged 0 arcclosed 0 ph 2
PH523 43 id 10 body 2 arc 1 orth 4 own 0 merged 0 arcclosed 0 ph 2
CREW523 44 site mag slotfs 2 merged 2 won 0 n 9 of 125
CREW523 44 site budget slotfs 2 merged 2 won 0 n 9 of 126
CREW523 44 site spawn slotfs 2 merged 2 won 0 n 9 of 127
PH523 44 id 4 body 1 arc 2 orth 4 own 0 merged 0 arcclosed 0 ph 2
PH523 44 id 10 body 2 arc 1 orth 5 own 0 merged 0 arcclosed 0 ph 2
CREW523 45 site mag slotfs 2 merged 2 won 0 n 9 of 128
CREW523 45 site budget slotfs 2 merged 2 won 0 n 9 of 129
CREW523 45 site spawn slotfs 2 merged 2 won 0 n 9 of 130
PH523 45 id 4 body 1 arc 2 orth 4 own 0 merged 0 arcclosed 0 ph 2
PH523 45 id 10 body 2 arc 1 orth 5 own 0 merged 0 arcclosed 0 ph 2
CREW523 46 site mag slotfs 2 merged 2 won 0 n 9 of 131
CREW523 46 site budget slotfs 2 merged 2 won 0 n 9 of 132
CREW523 46 site spawn slotfs 2 merged 2 won 0 n 9 of 133
PH523 46 id 4 body 1 arc 2 orth 4 own 0 merged 0 arcclosed 0 ph 2
PH523 46 id 10 body 2 arc 1 orth 4 own 0 merged 0 arcclosed 0 ph 2
CREW523 47 site mag slotfs 2 merged 2 won 0 n 9 of 134
CREW523 47 site budget slotfs 2 merged 2 won 0 n 9 of 135
CREW523 47 site spawn slotfs 2 merged 2 won 0 n 9 of 136
PH523 47 id 4 body 1 arc 2 orth 4 own 0 merged 0 arcclosed 0 ph 2
PH523 47 id 10 body 2 arc 1 orth 4 own 0 merged 0 arcclosed 0 ph 2
CREW523 48 site mag slotfs 2 merged 2 won 0 n 9 of 137
CREW523 48 site budget slotfs 2 merged 2 won 0 n 9 of 138
CREW523 48 site spawn slotfs 2 merged 2 won 0 n 9 of 139
PH523 48 id 4 body 1 arc 2 orth 4 own 0 merged 0 arcclosed 0 ph 2
PH523 48 id 10 body 2 arc 1 orth 4 own 0 merged 0 arcclosed 0 ph 2
CREW523 49 site mag slotfs 2 merged 2 won 0 n 9 of 140
CREW523 49 site budget slotfs 2 merged 2 won 0 n 9 of 141
CREW523 49 site spawn slotfs 2 merged 2 won 0 n 9 of 142
PH523 49 id 4 body 1 arc 2 orth 3 own 0 merged 0 arcclosed 0 ph 2
PH523 49 id 10 body 2 arc 1 orth 3 own 0 merged 0 arcclosed 0 ph 2
CREW523 50 site mag slotfs 2 merged 2 won 0 n 9 of 143
CREW523 50 site budget slotfs 2 merged 2 won 0 n 9 of 144
CREW523 50 site spawn slotfs 2 merged 2 won 0 n 9 of 145
PH523 50 id 4 body 1 arc 2 orth 3 own 0 merged 0 arcclosed 0 ph 2
PH523 50 id 10 body 2 arc 1 orth 3 own 0 merged 0 arcclosed 0 ph 2
CREW523 51 site mag slotfs 2 merged 2 won 0 n 9 of 146
CREW523 51 site budget slotfs 2 merged 2 won 0 n 9 of 147
CREW523 51 site spawn slotfs 2 merged 2 won 0 n 9 of 148
PH523 51 id 4 body 1 arc 2 orth 3 own 0 merged 0 arcclosed 0 ph 2
PH523 51 id 10 body 2 arc 1 orth 3 own 0 merged 0 arcclosed 0 ph 2
CREW523 52 site mag slotfs 2 merged 2 won 0 n 9 of 149
CREW523 52 site budget slotfs 2 merged 2 won 0 n 9 of 150
CREW523 52 site spawn slotfs 2 merged 2 won 0 n 9 of 151
PH523 52 id 4 body 1 arc 2 orth 3 own 0 merged 0 arcclosed 0 ph 2
PH523 52 id 10 body 2 arc 1 orth 2 own 0 merged 0 arcclosed 0 ph 2
CREW523 53 site mag slotfs 2 merged 2 won 0 n 9 of 152
CREW523 53 site budget slotfs 2 merged 2 won 0 n 9 of 153
CREW523 53 site spawn slotfs 2 merged 2 won 0 n 9 of 154
PH523 53 id 4 body 1 arc 2 orth 1 own 0 merged 0 arcclosed 0 ph 2
PH523 53 id 10 body 2 arc 1 orth 1 own 0 merged 0 arcclosed 0 ph 2
CREW523 54 site mag slotfs 2 merged 2 won 0 n 9 of 155
CREW523 54 site budget slotfs 2 merged 2 won 0 n 9 of 156
CREW523 54 site spawn slotfs 2 merged 2 won 0 n 9 of 157
PH523 54 id 4 body 1 arc 2 orth 1 own 0 merged 0 arcclosed 0 ph 2
PH523 54 id 10 body 2 arc 1 orth 1 own 0 merged 0 arcclosed 0 ph 2
CREW523 55 site mag slotfs 2 merged 2 won 0 n 9 of 158
CREW523 55 site budget slotfs 2 merged 2 won 0 n 9 of 159
CREW523 55 site spawn slotfs 2 merged 2 won 0 n 9 of 160
PH523 55 id 4 body 1 arc 2 orth 1 own 0 merged 0 arcclosed 0 ph 2
PH523 55 id 10 body 2 arc 1 orth 1 own 0 merged 0 arcclosed 0 ph 2
CREW523 56 site mag slotfs 2 merged 2 won 0 n 9 of 161
CREW523 56 site budget slotfs 2 merged 2 won 0 n 9 of 162
CREW523 56 site spawn slotfs 2 merged 2 won 0 n 9 of 163
PH523 56 id 4 body 1 arc 2 orth 1 own 0 merged 0 arcclosed 0 ph 2
PH523 56 id 10 body 2 arc 1 orth 1 own 0 merged 0 arcclosed 0 ph 2
CREW523 57 site mag slotfs 2 merged 2 won 0 n 9 of 164
CREW523 57 site budget slotfs 2 merged 2 won 0 n 9 of 165
CREW523 57 site spawn slotfs 2 merged 2 won 0 n 9 of 166
PH523 57 id 4 body 1 arc 2 orth 1 own 0 merged 0 arcclosed 0 ph 2
PH523 57 id 10 body 2 arc 1 orth 1 own 0 merged 0 arcclosed 0 ph 2
CREW523 58 site mag slotfs 2 merged 2 won 0 n 9 of 167
CREW523 58 site budget slotfs 2 merged 2 won 0 n 9 of 168
CREW523 58 site spawn slotfs 2 merged 2 won 0 n 9 of 169
PH523 58 id 4 body 1 arc 2 orth 1 own 0 merged 0 arcclosed 0 ph 2
PH523 58 id 10 body 2 arc 1 orth 1 own 0 merged 0 arcclosed 0 ph 2
CREW523 59 site mag slotfs 2 merged 2 won 0 n 9 of 170
CREW523 59 site budget slotfs 2 merged 2 won 0 n 9 of 171
CREW523 59 site spawn slotfs 2 merged 2 won 0 n 9 of 172
PH523 59 id 4 body 1 arc 2 orth 1 own 0 merged 0 arcclosed 0 ph 2
PH523 59 id 10 body 2 arc 1 orth 1 own 0 merged 0 arcclosed 0 ph 2
CREW523 60 site mag slotfs 2 merged 2 won 0 n 9 of 173
CREW523 60 site budget slotfs 2 merged 2 won 0 n 9 of 174
CREW523 60 site spawn slotfs 2 merged 2 won 0 n 9 of 175
PH523 60 id 4 body 1 arc 2 orth 1 own 0 merged 0 arcclosed 0 ph 2
PH523 60 id 10 body 2 arc 1 orth 1 own 0 merged 0 arcclosed 0 ph 2
CREW523 61 site mag slotfs 2 merged 2 won 0 n 9 of 176
CREW523 61 site budget slotfs 2 merged 2 won 0 n 9 of 177
CREW523 61 site spawn slotfs 2 merged 2 won 0 n 9 of 178
PH523 61 id 4 body 1 arc 2 orth 3 own 0 merged 0 arcclosed 0 ph 2
PH523 61 id 10 body 2 arc 1 orth 1 own 0 merged 0 arcclosed 0 ph 2
CREW523 62 site mag slotfs 2 merged 2 won 0 n 9 of 179
CREW523 62 site budget slotfs 2 merged 2 won 0 n 9 of 180
CREW523 62 site spawn slotfs 2 merged 2 won 0 n 9 of 181
PH523 62 id 4 body 1 arc 2 orth 1 own 0 merged 0 arcclosed 0 ph 2
PH523 62 id 10 body 2 arc 1 orth 1 own 0 merged 0 arcclosed 0 ph 2
CREW523 63 site mag slotfs 2 merged 2 won 0 n 9 of 182
CREW523 63 site budget slotfs 2 merged 2 won 0 n 9 of 183
CREW523 63 site spawn slotfs 2 merged 2 won 0 n 9 of 184
PH523 63 id 4 body 1 arc 2 orth 1 own 0 merged 0 arcclosed 0 ph 2
PH523 63 id 10 body 2 arc 1 orth 1 own 0 merged 0 arcclosed 0 ph 2
CREW523 64 site mag slotfs 2 merged 2 won 0 n 9 of 185
CREW523 64 site budget slotfs 2 merged 2 won 0 n 9 of 186
CREW523 64 site spawn slotfs 2 merged 2 won 0 n 9 of 187
PH523 64 id 4 body 1 arc 2 orth 1 own 0 merged 0 arcclosed 0 ph 2
PH523 64 id 10 body 2 arc 1 orth 1 own 0 merged 0 arcclosed 0 ph 2
CREW523 65 site mag slotfs 2 merged 2 won 0 n 9 of 188
CREW523 65 site budget slotfs 2 merged 2 won 0 n 9 of 189
CREW523 65 site spawn slotfs 2 merged 2 won 0 n 9 of 190
PH523 65 id 4 body 1 arc 2 orth 1 own 0 merged 0 arcclosed 0 ph 2
PH523 65 id 10 body 2 arc 1 orth 0 own 1 merged 1 arcclosed 0 ph 3
CREW523 66 site mag slotfs 2 merged 3 won 1 n 10 of 191
CREW523 66 site budget slotfs 2 merged 3 won 1 n 11 of 192
CREW523 66 site spawn slotfs 2 merged 3 won 1 n 12 of 193
PH523 66 id 4 body 1 arc 2 orth 0 own 1 merged 1 arcclosed 0 ph 3
PH523 66 id 10 body 2 arc 1 orth 0 own 1 merged 1 arcclosed 0 ph 3
CREW523 67 site mag slotfs 3 merged 3 won 0 n 12 of 194
CREW523 67 site budget slotfs 3 merged 3 won 0 n 12 of 195
CREW523 67 site spawn slotfs 3 merged 3 won 0 n 12 of 196
PH523 67 id 4 body 1 arc 2 orth 2 own 0 merged 1 arcclosed 0 ph 3
SALT523 67 id 4 orth 2 own 0 union 1 n 1 ownN 2
SALT523 67 id 4 orth 2 own 0 union 1 n 2 ownN 2
PH523 67 id 10 body 2 arc 1 orth 0 own 1 merged 1 arcclosed 0 ph 3
CREW523 68 site mag slotfs 3 merged 3 won 0 n 12 of 197
CREW523 68 site budget slotfs 3 merged 3 won 0 n 12 of 198
CREW523 68 site spawn slotfs 3 merged 3 won 0 n 12 of 199
PH523 68 id 4 body 1 arc 2 orth 3 own 0 merged 1 arcclosed 0 ph 3
SALT523 68 id 4 orth 3 own 0 union 1 n 3 ownN 2
SALT523 68 id 4 orth 3 own 0 union 1 n 4 ownN 2
PH523 68 id 10 body 2 arc 1 orth 0 own 1 merged 1 arcclosed 0 ph 3
CREW523 69 site mag slotfs 3 merged 3 won 0 n 12 of 200
CREW523 69 site budget slotfs 3 merged 3 won 0 n 12 of 201
CREW523 69 site spawn slotfs 3 merged 3 won 0 n 12 of 202
PH523 69 id 4 body 1 arc 2 orth 0 own 1 merged 1 arcclosed 0 ph 3
PH523 69 id 10 body 2 arc 1 orth 0 own 1 merged 1 arcclosed 0 ph 3
CREW523 70 site mag slotfs 3 merged 3 won 0 n 12 of 203
CREW523 70 site budget slotfs 3 merged 3 won 0 n 12 of 204
CREW523 70 site spawn slotfs 3 merged 3 won 0 n 12 of 205
PH523 70 id 4 body 1 arc 2 orth 0 own 1 merged 1 arcclosed 0 ph 3
PH523 70 id 10 body 2 arc 1 orth 2 own 0 merged 1 arcclosed 0 ph 3
SALT523 70 id 10 orth 2 own 0 union 1 n 1 ownN 9
SALT523 70 id 10 orth 2 own 0 union 1 n 2 ownN 9
CREW523 71 site mag slotfs 3 merged 3 won 0 n 12 of 206
CREW523 71 site budget slotfs 3 merged 3 won 0 n 12 of 207
CREW523 71 site spawn slotfs 3 merged 3 won 0 n 12 of 208
PH523 71 id 4 body 1 arc 2 orth 2 own 0 merged 1 arcclosed 0 ph 3
SALT523 71 id 4 orth 2 own 0 union 1 n 5 ownN 6
SALT523 71 id 4 orth 2 own 0 union 1 n 6 ownN 6
PH523 71 id 10 body 2 arc 1 orth 0 own 1 merged 1 arcclosed 0 ph 3
CREW523 72 site mag slotfs 3 merged 3 won 0 n 12 of 209
CREW523 72 site budget slotfs 3 merged 3 won 0 n 12 of 210
CREW523 72 site spawn slotfs 3 merged 3 won 0 n 12 of 211
PH523 72 id 4 body 1 arc 2 orth 0 own 1 merged 1 arcclosed 0 ph 3
PH523 72 id 10 body 2 arc 1 orth 2 own 0 merged 1 arcclosed 0 ph 3
SALT523 72 id 10 orth 2 own 0 union 1 n 3 ownN 11
SALT523 72 id 10 orth 2 own 0 union 1 n 4 ownN 11
CREW523 73 site mag slotfs 3 merged 3 won 0 n 12 of 212
CREW523 73 site budget slotfs 3 merged 3 won 0 n 12 of 213
CREW523 73 site spawn slotfs 3 merged 3 won 0 n 12 of 214
PH523 73 id 4 body 1 arc 2 orth 2 own 0 merged 1 arcclosed 0 ph 3
SALT523 73 id 4 orth 2 own 0 union 1 n 7 ownN 8
SALT523 73 id 4 orth 2 own 0 union 1 n 8 ownN 8
PH523 73 id 10 body 2 arc 1 orth 0 own 1 merged 1 arcclosed 0 ph 3
CREW523 74 site mag slotfs 3 merged 3 won 0 n 12 of 215
CREW523 74 site budget slotfs 3 merged 3 won 0 n 12 of 216
CREW523 74 site spawn slotfs 3 merged 3 won 0 n 12 of 217
PH523 74 id 4 body 1 arc 2 orth 0 own 1 merged 1 arcclosed 0 ph 3
PH523 74 id 10 body 2 arc 1 orth 2 own 0 merged 1 arcclosed 0 ph 3
SALT523 74 id 10 orth 2 own 0 union 1 n 5 ownN 13
SALT523 74 id 10 orth 2 own 0 union 1 n 6 ownN 13
CREW523 75 site mag slotfs 3 merged 3 won 0 n 12 of 218
CREW523 75 site budget slotfs 3 merged 3 won 0 n 12 of 219
CREW523 75 site spawn slotfs 3 merged 3 won 0 n 12 of 220
PH523 75 id 4 body 1 arc 2 orth 2 own 0 merged 1 arcclosed 0 ph 3
SALT523 75 id 4 orth 2 own 0 union 1 n 9 ownN 10
SALT523 75 id 4 orth 2 own 0 union 1 n 10 ownN 10
PH523 75 id 10 body 2 arc 1 orth 0 own 1 merged 1 arcclosed 0 ph 3
CREW523 76 site mag slotfs 3 merged 3 won 0 n 12 of 221
CREW523 76 site budget slotfs 3 merged 3 won 0 n 12 of 222
CREW523 76 site spawn slotfs 3 merged 3 won 0 n 12 of 223
PH523 76 id 4 body 1 arc 2 orth 0 own 1 merged 1 arcclosed 0 ph 3
PH523 76 id 10 body 2 arc 1 orth 2 own 0 merged 1 arcclosed 0 ph 3
SALT523 76 id 10 orth 2 own 0 union 1 n 7 ownN 15
SALT523 76 id 10 orth 2 own 0 union 1 n 8 ownN 15
CREW523 77 site mag slotfs 3 merged 3 won 0 n 12 of 224
CREW523 77 site budget slotfs 3 merged 3 won 0 n 12 of 225
CREW523 77 site spawn slotfs 3 merged 3 won 0 n 12 of 226
PH523 77 id 4 body 1 arc 2 orth 2 own 0 merged 1 arcclosed 0 ph 3
SALT523 77 id 4 orth 2 own 0 union 1 n 11 ownN 12
SALT523 77 id 4 orth 2 own 0 union 1 n 12 ownN 12
PH523 77 id 10 body 2 arc 1 orth 0 own 1 merged 1 arcclosed 0 ph 3
CREW523 78 site mag slotfs 3 merged 3 won 0 n 12 of 227
CREW523 78 site budget slotfs 3 merged 3 won 0 n 12 of 228
CREW523 78 site spawn slotfs 3 merged 3 won 0 n 12 of 229
PH523 78 id 4 body 1 arc 2 orth 0 own 1 merged 1 arcclosed 0 ph 3
PH523 78 id 10 body 2 arc 1 orth 2 own 0 merged 1 arcclosed 0 ph 3
SALT523 78 id 10 orth 2 own 0 union 1 n 9 ownN 17
SALT523 78 id 10 orth 2 own 0 union 1 n 10 ownN 17
CREW523 79 site mag slotfs 3 merged 3 won 0 n 12 of 230
CREW523 79 site budget slotfs 3 merged 3 won 0 n 12 of 231
CREW523 79 site spawn slotfs 3 merged 3 won 0 n 12 of 232
PH523 79 id 4 body 1 arc 2 orth 2 own 0 merged 1 arcclosed 0 ph 3
SALT523 79 id 4 orth 2 own 0 union 1 n 13 ownN 14
SALT523 79 id 4 orth 2 own 0 union 1 n 14 ownN 14
PH523 79 id 10 body 2 arc 1 orth 0 own 1 merged 1 arcclosed 0 ph 3
CREW523 80 site mag slotfs 3 merged 3 won 0 n 12 of 233
CREW523 80 site budget slotfs 3 merged 3 won 0 n 12 of 234
CREW523 80 site spawn slotfs 3 merged 3 won 0 n 12 of 235
PH523 80 id 4 body 1 arc 2 orth 0 own 1 merged 1 arcclosed 0 ph 3
PH523 80 id 10 body 2 arc 1 orth 2 own 0 merged 1 arcclosed 0 ph 3
SALT523 80 id 10 orth 2 own 0 union 1 n 11 ownN 19
SALT523 80 id 10 orth 2 own 0 union 1 n 12 ownN 19
CREW523 81 site mag slotfs 3 merged 3 won 0 n 12 of 236
CREW523 81 site budget slotfs 3 merged 3 won 0 n 12 of 237
CREW523 81 site spawn slotfs 3 merged 3 won 0 n 12 of 238
PH523 81 id 4 body 1 arc 2 orth 2 own 0 merged 1 arcclosed 0 ph 3
SALT523 81 id 4 orth 2 own 0 union 1 n 15 ownN 16
SALT523 81 id 4 orth 2 own 0 union 1 n 16 ownN 16
PH523 81 id 10 body 2 arc 1 orth 0 own 1 merged 1 arcclosed 0 ph 3
CREW523 82 site mag slotfs 3 merged 3 won 0 n 12 of 239
CREW523 82 site budget slotfs 3 merged 3 won 0 n 12 of 240
CREW523 82 site spawn slotfs 3 merged 3 won 0 n 12 of 241
PH523 82 id 4 body 1 arc 2 orth 0 own 1 merged 1 arcclosed 0 ph 3
PH523 82 id 10 body 2 arc 1 orth 2 own 0 merged 1 arcclosed 0 ph 3
SALT523 82 id 10 orth 2 own 0 union 1 n 13 ownN 21
SALT523 82 id 10 orth 2 own 0 union 1 n 14 ownN 21
CREW523 83 site mag slotfs 3 merged 3 won 0 n 12 of 242
CREW523 83 site budget slotfs 3 merged 3 won 0 n 12 of 243
CREW523 83 site spawn slotfs 3 merged 3 won 0 n 12 of 244
PH523 83 id 4 body 1 arc 2 orth 2 own 0 merged 1 arcclosed 0 ph 3
SALT523 83 id 4 orth 2 own 0 union 1 n 17 ownN 18
SALT523 83 id 4 orth 2 own 0 union 1 n 18 ownN 18
PH523 83 id 10 body 2 arc 1 orth 0 own 1 merged 1 arcclosed 0 ph 3
CREW523 84 site mag slotfs 3 merged 3 won 0 n 12 of 245
CREW523 84 site budget slotfs 3 merged 3 won 0 n 12 of 246
CREW523 84 site spawn slotfs 3 merged 3 won 0 n 12 of 247
PH523 84 id 4 body 1 arc 2 orth 0 own 1 merged 1 arcclosed 0 ph 3
PH523 84 id 10 body 2 arc 1 orth 2 own 0 merged 1 arcclosed 0 ph 3
SALT523 84 id 10 orth 2 own 0 union 1 n 15 ownN 23
SALT523 84 id 10 orth 2 own 0 union 1 n 16 ownN 23
CREW523 85 site mag slotfs 3 merged 3 won 0 n 12 of 248
CREW523 85 site budget slotfs 3 merged 3 won 0 n 12 of 249
CREW523 85 site spawn slotfs 3 merged 3 won 0 n 12 of 250
PH523 85 id 4 body 1 arc 2 orth 2 own 0 merged 1 arcclosed 0 ph 3
SALT523 85 id 4 orth 2 own 0 union 1 n 19 ownN 20
SALT523 85 id 4 orth 2 own 0 union 1 n 20 ownN 20
PH523 85 id 10 body 2 arc 1 orth 0 own 1 merged 1 arcclosed 0 ph 3
CREW523 86 site mag slotfs 3 merged 3 won 0 n 12 of 251
CREW523 86 site budget slotfs 3 merged 3 won 0 n 12 of 252
CREW523 86 site spawn slotfs 3 merged 3 won 0 n 12 of 253
PH523 86 id 4 body 1 arc 2 orth 0 own 1 merged 1 arcclosed 0 ph 3
PH523 86 id 10 body 2 arc 1 orth 2 own 0 merged 1 arcclosed 0 ph 3
SALT523 86 id 10 orth 2 own 0 union 1 n 17 ownN 25
SALT523 86 id 10 orth 2 own 0 union 1 n 18 ownN 25
CREW523 87 site mag slotfs 3 merged 3 won 0 n 12 of 254
CREW523 87 site budget slotfs 3 merged 3 won 0 n 12 of 255
CREW523 87 site spawn slotfs 3 merged 3 won 0 n 12 of 256
PH523 87 id 4 body 1 arc 2 orth 2 own 0 merged 1 arcclosed 0 ph 3
SALT523 87 id 4 orth 2 own 0 union 1 n 21 ownN 22
SALT523 87 id 4 orth 2 own 0 union 1 n 22 ownN 22
PH523 87 id 10 body 2 arc 1 orth 0 own 1 merged 1 arcclosed 0 ph 3
CREW523 88 site mag slotfs 3 merged 3 won 0 n 12 of 257
CREW523 88 site budget slotfs 3 merged 3 won 0 n 12 of 258
CREW523 88 site spawn slotfs 3 merged 3 won 0 n 12 of 259
PH523 88 id 4 body 1 arc 2 orth 0 own 1 merged 1 arcclosed 0 ph 3
PH523 88 id 10 body 2 arc 1 orth 2 own 0 merged 1 arcclosed 0 ph 3
SALT523 88 id 10 orth 2 own 0 union 1 n 19 ownN 27
SALT523 88 id 10 orth 2 own 0 union 1 n 20 ownN 27
CREW523 89 site mag slotfs 3 merged 3 won 0 n 12 of 260
CREW523 89 site budget slotfs 3 merged 3 won 0 n 12 of 261
CREW523 89 site spawn slotfs 3 merged 3 won 0 n 12 of 262
PH523 89 id 4 body 1 arc 2 orth 2 own 0 merged 1 arcclosed 0 ph 3
SALT523 89 id 4 orth 2 own 0 union 1 n 23 ownN 24
SALT523 89 id 4 orth 2 own 0 union 1 n 24 ownN 24
PH523 89 id 10 body 2 arc 1 orth 0 own 1 merged 1 arcclosed 0 ph 3
CREW523 90 site mag slotfs 3 merged 3 won 0 n 12 of 263
CREW523 90 site budget slotfs 3 merged 3 won 0 n 12 of 264
CREW523 90 site spawn slotfs 3 merged 3 won 0 n 12 of 265
PH523 90 id 4 body 1 arc 2 orth 0 own 1 merged 1 arcclosed 0 ph 3
PH523 90 id 10 body 2 arc 1 orth 2 own 0 merged 1 arcclosed 0 ph 3
SALT523 90 id 10 orth 2 own 0 union 1 n 21 ownN 29
SALT523 90 id 10 orth 2 own 0 union 1 n 22 ownN 29
CREW523 91 site mag slotfs 3 merged 3 won 0 n 12 of 266
CREW523 91 site budget slotfs 3 merged 3 won 0 n 12 of 267
CREW523 91 site spawn slotfs 3 merged 3 won 0 n 12 of 268
PH523 91 id 4 body 1 arc 2 orth 2 own 0 merged 1 arcclosed 0 ph 3
SALT523 91 id 4 orth 2 own 0 union 1 n 25 ownN 26
SALT523 91 id 4 orth 2 own 0 union 1 n 26 ownN 26
PH523 91 id 10 body 2 arc 1 orth 0 own 1 merged 1 arcclosed 0 ph 3
CREW523 92 site mag slotfs 3 merged 3 won 0 n 12 of 269
CREW523 92 site budget slotfs 3 merged 3 won 0 n 12 of 270
CREW523 92 site spawn slotfs 3 merged 3 won 0 n 12 of 271
PH523 92 id 4 body 1 arc 2 orth 0 own 1 merged 1 arcclosed 0 ph 3
PH523 92 id 10 body 2 arc 1 orth 2 own 0 merged 1 arcclosed 0 ph 3
SALT523 92 id 10 orth 2 own 0 union 1 n 23 ownN 31
SALT523 92 id 10 orth 2 own 0 union 1 n 24 ownN 31
CREW523 93 site mag slotfs 3 merged 3 won 0 n 12 of 272
CREW523 93 site budget slotfs 3 merged 3 won 0 n 12 of 273
CREW523 93 site spawn slotfs 3 merged 3 won 0 n 12 of 274
PH523 93 id 4 body 1 arc 2 orth 2 own 0 merged 1 arcclosed 0 ph 3
SALT523 93 id 4 orth 2 own 0 union 1 n 27 ownN 28
SALT523 93 id 4 orth 2 own 0 union 1 n 28 ownN 28
PH523 93 id 10 body 2 arc 1 orth 0 own 1 merged 1 arcclosed 0 ph 3
CREW523 94 site mag slotfs 3 merged 3 won 0 n 12 of 275
CREW523 94 site budget slotfs 3 merged 3 won 0 n 12 of 276
CREW523 94 site spawn slotfs 3 merged 3 won 0 n 12 of 277
PH523 94 id 4 body 1 arc 2 orth 0 own 1 merged 1 arcclosed 0 ph 3
PH523 94 id 10 body 2 arc 1 orth 2 own 0 merged 1 arcclosed 0 ph 3
SALT523 94 id 10 orth 2 own 0 union 1 n 25 ownN 33
SALT523 94 id 10 orth 2 own 0 union 1 n 26 ownN 33
CREW523 95 site mag slotfs 3 merged 3 won 0 n 12 of 278
CREW523 95 site budget slotfs 3 merged 3 won 0 n 12 of 279
CREW523 95 site spawn slotfs 3 merged 3 won 0 n 12 of 280
PH523 95 id 4 body 1 arc 2 orth 2 own 0 merged 1 arcclosed 0 ph 3
SALT523 95 id 4 orth 2 own 0 union 1 n 29 ownN 30
SALT523 95 id 4 orth 2 own 0 union 1 n 30 ownN 30
PH523 95 id 10 body 2 arc 1 orth 0 own 1 merged 1 arcclosed 0 ph 3
CREW523 96 site mag slotfs 3 merged 3 won 0 n 12 of 281
CREW523 96 site budget slotfs 3 merged 3 won 0 n 12 of 282
CREW523 96 site spawn slotfs 3 merged 3 won 0 n 12 of 283
PH523 96 id 4 body 1 arc 2 orth 0 own 1 merged 1 arcclosed 0 ph 3
PH523 96 id 10 body 2 arc 1 orth 2 own 0 merged 1 arcclosed 0 ph 3
SALT523 96 id 10 orth 2 own 0 union 1 n 27 ownN 35
SALT523 96 id 10 orth 2 own 0 union 1 n 28 ownN 35
CREW523 97 site mag slotfs 3 merged 3 won 0 n 12 of 284
CREW523 97 site budget slotfs 3 merged 3 won 0 n 12 of 285
CREW523 97 site spawn slotfs 3 merged 3 won 0 n 12 of 286
PH523 97 id 4 body 1 arc 2 orth 2 own 0 merged 1 arcclosed 0 ph 3
SALT523 97 id 4 orth 2 own 0 union 1 n 31 ownN 32
SALT523 97 id 4 orth 2 own 0 union 1 n 32 ownN 32
PH523 97 id 10 body 2 arc 1 orth 0 own 1 merged 1 arcclosed 0 ph 3
CREW523 98 site mag slotfs 3 merged 3 won 0 n 12 of 287
CREW523 98 site budget slotfs 3 merged 3 won 0 n 12 of 288
CREW523 98 site spawn slotfs 3 merged 3 won 0 n 12 of 289
PH523 98 id 4 body 1 arc 2 orth 0 own 1 merged 1 arcclosed 0 ph 3
PH523 98 id 10 body 2 arc 1 orth 2 own 0 merged 1 arcclosed 0 ph 3
SALT523 98 id 10 orth 2 own 0 union 1 n 29 ownN 37
SALT523 98 id 10 orth 2 own 0 union 1 n 30 ownN 37
CREW523 99 site mag slotfs 3 merged 3 won 0 n 12 of 290
CREW523 99 site budget slotfs 3 merged 3 won 0 n 12 of 291
CREW523 99 site spawn slotfs 3 merged 3 won 0 n 12 of 292
PH523 99 id 4 body 1 arc 2 orth 2 own 0 merged 1 arcclosed 0 ph 3
SALT523 99 id 4 orth 2 own 0 union 1 n 33 ownN 34
SALT523 99 id 4 orth 2 own 0 union 1 n 34 ownN 34
PH523 99 id 10 body 2 arc 1 orth 0 own 1 merged 1 arcclosed 0 ph 3
CREW523 100 site mag slotfs 3 merged 3 won 0 n 12 of 293
CREW523 100 site budget slotfs 3 merged 3 won 0 n 12 of 294
CREW523 100 site spawn slotfs 3 merged 3 won 0 n 12 of 295
PH523 100 id 4 body 1 arc 2 orth 0 own 1 merged 1 arcclosed 0 ph 3
PH523 100 id 10 body 2 arc 1 orth 2 own 0 merged 1 arcclosed 0 ph 3
SALT523 100 id 10 orth 2 own 0 union 1 n 31 ownN 39
SALT523 100 id 10 orth 2 own 0 union 1 n 32 ownN 39
CREW523 101 site mag slotfs 3 merged 3 won 0 n 12 of 296
CREW523 101 site budget slotfs 3 merged 3 won 0 n 12 of 297
CREW523 101 site spawn slotfs 3 merged 3 won 0 n 12 of 298
PH523 101 id 4 body 1 arc 2 orth 2 own 0 merged 1 arcclosed 0 ph 3
SALT523 101 id 4 orth 2 own 0 union 1 n 35 ownN 36
SALT523 101 id 4 orth 2 own 0 union 1 n 36 ownN 36
PH523 101 id 10 body 2 arc 1 orth 0 own 1 merged 1 arcclosed 0 ph 3
CREW523 102 site mag slotfs 3 merged 3 won 0 n 12 of 299
CREW523 102 site budget slotfs 3 merged 3 won 0 n 12 of 300
CREW523 102 site spawn slotfs 3 merged 3 won 0 n 12 of 301
PH523 102 id 4 body 1 arc 2 orth 0 own 1 merged 1 arcclosed 0 ph 3
PH523 102 id 10 body 2 arc 1 orth 2 own 0 merged 1 arcclosed 0 ph 3
SALT523 102 id 10 orth 2 own 0 union 1 n 33 ownN 41
SALT523 102 id 10 orth 2 own 0 union 1 n 34 ownN 41
CREW523 103 site mag slotfs 3 merged 3 won 0 n 12 of 302
CREW523 103 site budget slotfs 3 merged 3 won 0 n 12 of 303
CREW523 103 site spawn slotfs 3 merged 3 won 0 n 12 of 304
PH523 103 id 4 body 1 arc 2 orth 2 own 0 merged 1 arcclosed 0 ph 3
SALT523 103 id 4 orth 2 own 0 union 1 n 37 ownN 38
SALT523 103 id 4 orth 2 own 0 union 1 n 38 ownN 38
PH523 103 id 10 body 2 arc 1 orth 0 own 1 merged 1 arcclosed 0 ph 3
CREW523 104 site mag slotfs 3 merged 3 won 0 n 12 of 305
CREW523 104 site budget slotfs 3 merged 3 won 0 n 12 of 306
CREW523 104 site spawn slotfs 3 merged 3 won 0 n 12 of 307
PH523 104 id 4 body 1 arc 2 orth 0 own 1 merged 1 arcclosed 0 ph 3
PH523 104 id 10 body 2 arc 1 orth 2 own 0 merged 1 arcclosed 0 ph 3
SALT523 104 id 10 orth 2 own 0 union 1 n 35 ownN 43
SALT523 104 id 10 orth 2 own 0 union 1 n 36 ownN 43
CREW523 105 site mag slotfs 3 merged 3 won 0 n 12 of 308
CREW523 105 site budget slotfs 3 merged 3 won 0 n 12 of 309
CREW523 105 site spawn slotfs 3 merged 3 won 0 n 12 of 310
PH523 105 id 4 body 1 arc 2 orth 2 own 0 merged 1 arcclosed 0 ph 3
SALT523 105 id 4 orth 2 own 0 union 1 n 39 ownN 40
SALT523 105 id 4 orth 2 own 0 union 1 n 40 ownN 40
PH523 105 id 10 body 2 arc 1 orth 0 own 1 merged 1 arcclosed 0 ph 3
CREW523 106 site mag slotfs 3 merged 3 won 0 n 12 of 311
CREW523 106 site budget slotfs 3 merged 3 won 0 n 12 of 312
CREW523 106 site spawn slotfs 3 merged 3 won 0 n 12 of 313
PH523 106 id 4 body 1 arc 2 orth 0 own 1 merged 1 arcclosed 0 ph 3
PH523 106 id 10 body 2 arc 1 orth 2 own 0 merged 1 arcclosed 0 ph 3
SALT523 106 id 10 orth 2 own 0 union 1 n 37 ownN 45
SALT523 106 id 10 orth 2 own 0 union 1 n 38 ownN 45
CREW523 107 site mag slotfs 3 merged 3 won 0 n 12 of 314
CREW523 107 site budget slotfs 3 merged 3 won 0 n 12 of 315
CREW523 107 site spawn slotfs 3 merged 3 won 0 n 12 of 316
PH523 107 id 4 body 1 arc 2 orth 2 own 0 merged 1 arcclosed 0 ph 3
SALT523 107 id 4 orth 2 own 0 union 1 n 41 ownN 42
SALT523 107 id 4 orth 2 own 0 union 1 n 42 ownN 42
PH523 107 id 10 body 2 arc 1 orth 0 own 1 merged 1 arcclosed 0 ph 3
CREW523 108 site mag slotfs 3 merged 3 won 0 n 12 of 317
CREW523 108 site budget slotfs 3 merged 3 won 0 n 12 of 318
CREW523 108 site spawn slotfs 3 merged 3 won 0 n 12 of 319
PH523 108 id 4 body 1 arc 2 orth 0 own 1 merged 1 arcclosed 0 ph 3
PH523 108 id 10 body 2 arc 1 orth 2 own 0 merged 1 arcclosed 0 ph 3
SALT523 108 id 10 orth 2 own 0 union 1 n 39 ownN 47
SALT523 108 id 10 orth 2 own 0 union 1 n 40 ownN 47
CREW523 109 site mag slotfs 3 merged 3 won 0 n 12 of 320
CREW523 109 site budget slotfs 3 merged 3 won 0 n 12 of 321
CREW523 109 site spawn slotfs 3 merged 3 won 0 n 12 of 322
PH523 109 id 4 body 1 arc 2 orth 2 own 0 merged 1 arcclosed 0 ph 3
SALT523 109 id 4 orth 2 own 0 union 1 n 43 ownN 44
SALT523 109 id 4 orth 2 own 0 union 1 n 44 ownN 44
PH523 109 id 10 body 2 arc 1 orth 0 own 1 merged 1 arcclosed 0 ph 3
CREW523 110 site mag slotfs 3 merged 3 won 0 n 12 of 323
CREW523 110 site budget slotfs 3 merged 3 won 0 n 12 of 324
CREW523 110 site spawn slotfs 3 merged 3 won 0 n 12 of 325
PH523 110 id 4 body 1 arc 2 orth 0 own 1 merged 1 arcclosed 0 ph 3
PH523 110 id 10 body 2 arc 1 orth 2 own 0 merged 1 arcclosed 0 ph 3
SALT523 110 id 10 orth 2 own 0 union 1 n 41 ownN 49
SALT523 110 id 10 orth 2 own 0 union 1 n 42 ownN 49
CREW523 111 site mag slotfs 3 merged 3 won 0 n 12 of 326
CREW523 111 site budget slotfs 3 merged 3 won 0 n 12 of 327
CREW523 111 site spawn slotfs 3 merged 3 won 0 n 12 of 328
PH523 111 id 4 body 1 arc 2 orth 2 own 0 merged 1 arcclosed 0 ph 3
SALT523 111 id 4 orth 2 own 0 union 1 n 45 ownN 46
SALT523 111 id 4 orth 2 own 0 union 1 n 46 ownN 46
PH523 111 id 10 body 2 arc 1 orth 0 own 1 merged 1 arcclosed 0 ph 3
CREW523 112 site mag slotfs 3 merged 3 won 0 n 12 of 329
CREW523 112 site budget slotfs 3 merged 3 won 0 n 12 of 330
CREW523 112 site spawn slotfs 3 merged 3 won 0 n 12 of 331
PH523 112 id 4 body 1 arc 2 orth 0 own 1 merged 1 arcclosed 0 ph 3
PH523 112 id 10 body 2 arc 1 orth 2 own 0 merged 1 arcclosed 0 ph 3
SALT523 112 id 10 orth 2 own 0 union 1 n 43 ownN 51
SALT523 112 id 10 orth 2 own 0 union 1 n 44 ownN 51
CREW523 113 site mag slotfs 3 merged 3 won 0 n 12 of 332
CREW523 113 site budget slotfs 3 merged 3 won 0 n 12 of 333
CREW523 113 site spawn slotfs 3 merged 3 won 0 n 12 of 334
PH523 113 id 4 body 1 arc 2 orth 2 own 0 merged 1 arcclosed 0 ph 3
SALT523 113 id 4 orth 2 own 0 union 1 n 47 ownN 48
SALT523 113 id 4 orth 2 own 0 union 1 n 48 ownN 48
PH523 113 id 10 body 2 arc 1 orth 0 own 1 merged 1 arcclosed 0 ph 3
CREW523 114 site mag slotfs 3 merged 3 won 0 n 12 of 335
CREW523 114 site budget slotfs 3 merged 3 won 0 n 12 of 336
CREW523 114 site spawn slotfs 3 merged 3 won 0 n 12 of 337
PH523 114 id 4 body 1 arc 2 orth 0 own 1 merged 1 arcclosed 0 ph 3
PH523 114 id 10 body 2 arc 1 orth 2 own 0 merged 1 arcclosed 0 ph 3
SALT523 114 id 10 orth 2 own 0 union 1 n 45 ownN 53
SALT523 114 id 10 orth 2 own 0 union 1 n 46 ownN 53
CREW523 115 site mag slotfs 3 merged 3 won 0 n 12 of 338
CREW523 115 site budget slotfs 3 merged 3 won 0 n 12 of 339
CREW523 115 site spawn slotfs 3 merged 3 won 0 n 12 of 340
PH523 115 id 4 body 1 arc 2 orth 2 own 0 merged 1 arcclosed 0 ph 3
SALT523 115 id 4 orth 2 own 0 union 1 n 49 ownN 50
SALT523 115 id 4 orth 2 own 0 union 1 n 50 ownN 50
PH523 115 id 10 body 2 arc 1 orth 0 own 1 merged 1 arcclosed 0 ph 3
CREW523 116 site mag slotfs 3 merged 3 won 0 n 12 of 341
CREW523 116 site budget slotfs 3 merged 3 won 0 n 12 of 342
CREW523 116 site spawn slotfs 3 merged 3 won 0 n 12 of 343
PH523 116 id 4 body 1 arc 2 orth 0 own 1 merged 1 arcclosed 0 ph 3
PH523 116 id 10 body 2 arc 1 orth 2 own 0 merged 1 arcclosed 0 ph 3
SALT523 116 id 10 orth 2 own 0 union 1 n 47 ownN 55
SALT523 116 id 10 orth 2 own 0 union 1 n 48 ownN 55
CREW523 117 site mag slotfs 3 merged 3 won 0 n 12 of 344
CREW523 117 site budget slotfs 3 merged 3 won 0 n 12 of 345
CREW523 117 site spawn slotfs 3 merged 3 won 0 n 12 of 346
PH523 117 id 4 body 1 arc 2 orth 2 own 0 merged 1 arcclosed 0 ph 3
SALT523 117 id 4 orth 2 own 0 union 1 n 51 ownN 52
SALT523 117 id 4 orth 2 own 0 union 1 n 52 ownN 52
PH523 117 id 10 body 2 arc 1 orth 0 own 1 merged 1 arcclosed 0 ph 3
CREW523 118 site mag slotfs 3 merged 3 won 0 n 12 of 347
CREW523 118 site budget slotfs 3 merged 3 won 0 n 12 of 348
CREW523 118 site spawn slotfs 3 merged 3 won 0 n 12 of 349
PH523 118 id 4 body 1 arc 2 orth 0 own 1 merged 1 arcclosed 0 ph 3
PH523 118 id 10 body 2 arc 1 orth 2 own 0 merged 1 arcclosed 0 ph 3
SALT523 118 id 10 orth 2 own 0 union 1 n 49 ownN 57
SALT523 118 id 10 orth 2 own 0 union 1 n 50 ownN 57
CREW523 119 site mag slotfs 3 merged 3 won 0 n 12 of 350
CREW523 119 site budget slotfs 3 merged 3 won 0 n 12 of 351
CREW523 119 site spawn slotfs 3 merged 3 won 0 n 12 of 352
PH523 119 id 4 body 1 arc 2 orth 2 own 0 merged 1 arcclosed 0 ph 3
SALT523 119 id 4 orth 2 own 0 union 1 n 53 ownN 54
SALT523 119 id 4 orth 2 own 0 union 1 n 54 ownN 54
PH523 119 id 10 body 2 arc 1 orth 0 own 1 merged 1 arcclosed 0 ph 3
CREW523 120 site mag slotfs 3 merged 3 won 0 n 12 of 353
CREW523 120 site budget slotfs 3 merged 3 won 0 n 12 of 354
CREW523 120 site spawn slotfs 3 merged 3 won 0 n 12 of 355
PH523 120 id 4 body 1 arc 2 orth 0 own 1 merged 1 arcclosed 0 ph 3
PH523 120 id 10 body 2 arc 1 orth 2 own 0 merged 1 arcclosed 0 ph 3
SALT523 120 id 10 orth 2 own 0 union 1 n 51 ownN 59
SALT523 120 id 10 orth 2 own 0 union 1 n 52 ownN 59
CREW523 121 site mag slotfs 3 merged 3 won 0 n 12 of 356
CREW523 121 site budget slotfs 3 merged 3 won 0 n 12 of 357
CREW523 121 site spawn slotfs 3 merged 3 won 0 n 12 of 358
PH523 121 id 4 body 1 arc 2 orth 2 own 0 merged 1 arcclosed 0 ph 3
SALT523 121 id 4 orth 2 own 0 union 1 n 55 ownN 56
SALT523 121 id 4 orth 2 own 0 union 1 n 56 ownN 56
PH523 121 id 10 body 2 arc 1 orth 0 own 1 merged 1 arcclosed 0 ph 3
CREW523 122 site mag slotfs 3 merged 3 won 0 n 12 of 359
CREW523 122 site budget slotfs 3 merged 3 won 0 n 12 of 360
CREW523 122 site spawn slotfs 3 merged 3 won 0 n 12 of 361
PH523 122 id 4 body 1 arc 2 orth 0 own 1 merged 1 arcclosed 0 ph 3
PH523 122 id 10 body 2 arc 1 orth 2 own 0 merged 1 arcclosed 0 ph 3
SALT523 122 id 10 orth 2 own 0 union 1 n 53 ownN 61
SALT523 122 id 10 orth 2 own 0 union 1 n 54 ownN 61
CREW523 123 site mag slotfs 3 merged 3 won 0 n 12 of 362
CREW523 123 site budget slotfs 3 merged 3 won 0 n 12 of 363
CREW523 123 site spawn slotfs 3 merged 3 won 0 n 12 of 364
PH523 123 id 4 body 1 arc 2 orth 2 own 0 merged 1 arcclosed 0 ph 3
SALT523 123 id 4 orth 2 own 0 union 1 n 57 ownN 58
SALT523 123 id 4 orth 2 own 0 union 1 n 58 ownN 58
PH523 123 id 10 body 2 arc 1 orth 0 own 1 merged 1 arcclosed 0 ph 3
CREW523 124 site mag slotfs 3 merged 3 won 0 n 12 of 365
CREW523 124 site budget slotfs 3 merged 3 won 0 n 12 of 366
CREW523 124 site spawn slotfs 3 merged 3 won 0 n 12 of 367
PH523 124 id 4 body 1 arc 2 orth 0 own 1 merged 1 arcclosed 0 ph 3
PH523 124 id 10 body 2 arc 1 orth 2 own 0 merged 1 arcclosed 0 ph 3
SALT523 124 id 10 orth 2 own 0 union 1 n 55 ownN 63
SALT523 124 id 10 orth 2 own 0 union 1 n 56 ownN 63
CREW523 125 site mag slotfs 3 merged 3 won 0 n 12 of 368
CREW523 125 site budget slotfs 3 merged 3 won 0 n 12 of 369
CREW523 125 site spawn slotfs 3 merged 3 won 0 n 12 of 370
PH523 125 id 4 body 1 arc 2 orth 2 own 0 merged 1 arcclosed 0 ph 3
SALT523 125 id 4 orth 2 own 0 union 1 n 59 ownN 60
SALT523 125 id 4 orth 2 own 0 union 1 n 60 ownN 60
PH523 125 id 10 body 2 arc 1 orth 0 own 1 merged 1 arcclosed 0 ph 3
CREW523 126 site mag slotfs 3 merged 3 won 0 n 12 of 371
CREW523 126 site budget slotfs 3 merged 3 won 0 n 12 of 372
CREW523 126 site spawn slotfs 3 merged 3 won 0 n 12 of 373
PH523 126 id 4 body 1 arc 2 orth 0 own 1 merged 1 arcclosed 0 ph 3
PH523 126 id 10 body 2 arc 1 orth 2 own 0 merged 1 arcclosed 0 ph 3
SALT523 126 id 10 orth 2 own 0 union 1 n 57 ownN 65
SALT523 126 id 10 orth 2 own 0 union 1 n 58 ownN 65
CREW523 127 site mag slotfs 3 merged 3 won 0 n 12 of 374
CREW523 127 site budget slotfs 3 merged 3 won 0 n 12 of 375
CREW523 127 site spawn slotfs 3 merged 3 won 0 n 12 of 376
PH523 127 id 4 body 1 arc 2 orth 2 own 0 merged 1 arcclosed 0 ph 3
SALT523 127 id 4 orth 2 own 0 union 1 n 61 ownN 62
SALT523 127 id 4 orth 2 own 0 union 1 n 62 ownN 62
PH523 127 id 10 body 2 arc 1 orth 0 own 1 merged 1 arcclosed 0 ph 3
CREW523 128 site mag slotfs 3 merged 3 won 0 n 12 of 377
CREW523 128 site budget slotfs 3 merged 3 won 0 n 12 of 378
CREW523 128 site spawn slotfs 3 merged 3 won 0 n 12 of 379
PH523 128 id 4 body 1 arc 2 orth 0 own 1 merged 1 arcclosed 0 ph 3
PH523 128 id 10 body 2 arc 1 orth 2 own 0 merged 1 arcclosed 0 ph 3
SALT523 128 id 10 orth 2 own 0 union 1 n 59 ownN 67
SALT523 128 id 10 orth 2 own 0 union 1 n 60 ownN 67
CREW523 129 site mag slotfs 3 merged 3 won 0 n 12 of 380
CREW523 129 site budget slotfs 3 merged 3 won 0 n 12 of 381
CREW523 129 site spawn slotfs 3 merged 3 won 0 n 12 of 382
PH523 129 id 4 body 1 arc 2 orth 2 own 0 merged 1 arcclosed 0 ph 3
SALT523 129 id 4 orth 2 own 0 union 1 n 63 ownN 64
SALT523 129 id 4 orth 2 own 0 union 1 n 64 ownN 64
PH523 129 id 10 body 2 arc 1 orth 0 own 1 merged 1 arcclosed 0 ph 3
CREW523 130 site mag slotfs 3 merged 3 won 0 n 12 of 383
CREW523 130 site budget slotfs 3 merged 3 won 0 n 12 of 384
CREW523 130 site spawn slotfs 3 merged 3 won 0 n 12 of 385
PH523 130 id 4 body 1 arc 2 orth 0 own 1 merged 1 arcclosed 0 ph 3
PH523 130 id 10 body 2 arc 1 orth 2 own 0 merged 1 arcclosed 0 ph 3
SALT523 130 id 10 orth 2 own 0 union 1 n 61 ownN 69
SALT523 130 id 10 orth 2 own 0 union 1 n 62 ownN 69
CREW523 131 site mag slotfs 3 merged 3 won 0 n 12 of 386
CREW523 131 site budget slotfs 3 merged 3 won 0 n 12 of 387
CREW523 131 site spawn slotfs 3 merged 3 won 0 n 12 of 388
PH523 131 id 4 body 1 arc 2 orth 2 own 0 merged 1 arcclosed 0 ph 3
SALT523 131 id 4 orth 2 own 0 union 1 n 65 ownN 66
SALT523 131 id 4 orth 2 own 0 union 1 n 66 ownN 66
PH523 131 id 10 body 2 arc 1 orth 0 own 1 merged 1 arcclosed 0 ph 3
CREW523 132 site mag slotfs 3 merged 3 won 0 n 12 of 389
CREW523 132 site budget slotfs 3 merged 3 won 0 n 12 of 390
CREW523 132 site spawn slotfs 3 merged 3 won 0 n 12 of 391
PH523 132 id 4 body 1 arc 2 orth 0 own 1 merged 1 arcclosed 0 ph 3
PH523 132 id 10 body 2 arc 1 orth 2 own 0 merged 1 arcclosed 0 ph 3
SALT523 132 id 10 orth 2 own 0 union 1 n 63 ownN 71
SALT523 132 id 10 orth 2 own 0 union 1 n 64 ownN 71
CREW523 133 site mag slotfs 3 merged 3 won 0 n 12 of 392
CREW523 133 site budget slotfs 3 merged 3 won 0 n 12 of 393
CREW523 133 site spawn slotfs 3 merged 3 won 0 n 12 of 394
PH523 133 id 4 body 1 arc 2 orth 2 own 0 merged 1 arcclosed 0 ph 3
SALT523 133 id 4 orth 2 own 0 union 1 n 67 ownN 68
SALT523 133 id 4 orth 2 own 0 union 1 n 68 ownN 68
PH523 133 id 10 body 2 arc 1 orth 0 own 1 merged 1 arcclosed 0 ph 3
CREW523 134 site mag slotfs 3 merged 3 won 0 n 12 of 395
CREW523 134 site budget slotfs 3 merged 3 won 0 n 12 of 396
CREW523 134 site spawn slotfs 3 merged 3 won 0 n 12 of 397
PH523 134 id 4 body 1 arc 2 orth 0 own 1 merged 1 arcclosed 0 ph 3
PH523 134 id 10 body 2 arc 1 orth 2 own 0 merged 1 arcclosed 0 ph 3
SALT523 134 id 10 orth 2 own 0 union 1 n 65 ownN 73
SALT523 134 id 10 orth 2 own 0 union 1 n 66 ownN 73
CREW523 135 site mag slotfs 3 merged 3 won 0 n 12 of 398
CREW523 135 site budget slotfs 3 merged 3 won 0 n 12 of 399
CREW523 135 site spawn slotfs 3 merged 3 won 0 n 12 of 400
PH523 135 id 4 body 1 arc 2 orth 2 own 0 merged 1 arcclosed 0 ph 3
SALT523 135 id 4 orth 2 own 0 union 1 n 69 ownN 70
SALT523 135 id 4 orth 2 own 0 union 1 n 70 ownN 70
PH523 135 id 10 body 2 arc 1 orth 0 own 1 merged 1 arcclosed 0 ph 3
CREW523 136 site mag slotfs 3 merged 3 won 0 n 12 of 401
CREW523 136 site budget slotfs 3 merged 3 won 0 n 12 of 402
CREW523 136 site spawn slotfs 3 merged 3 won 0 n 12 of 403
PH523 136 id 4 body 1 arc 2 orth 0 own 1 merged 1 arcclosed 0 ph 3
PH523 136 id 10 body 2 arc 1 orth 2 own 0 merged 1 arcclosed 0 ph 3
SALT523 136 id 10 orth 2 own 0 union 1 n 67 ownN 75
SALT523 136 id 10 orth 2 own 0 union 1 n 68 ownN 75
CREW523 137 site mag slotfs 3 merged 3 won 0 n 12 of 404
CREW523 137 site budget slotfs 3 merged 3 won 0 n 12 of 405
CREW523 137 site spawn slotfs 3 merged 3 won 0 n 12 of 406
PH523 137 id 4 body 1 arc 2 orth 2 own 0 merged 1 arcclosed 0 ph 3
SALT523 137 id 4 orth 2 own 0 union 1 n 71 ownN 72
SALT523 137 id 4 orth 2 own 0 union 1 n 72 ownN 72
PH523 137 id 10 body 2 arc 1 orth 0 own 1 merged 1 arcclosed 0 ph 3
CREW523 138 site mag slotfs 3 merged 3 won 0 n 12 of 407
CREW523 138 site budget slotfs 3 merged 3 won 0 n 12 of 408
CREW523 138 site spawn slotfs 3 merged 3 won 0 n 12 of 409
PH523 138 id 4 body 1 arc 2 orth 0 own 1 merged 1 arcclosed 0 ph 3
PH523 138 id 10 body 2 arc 1 orth 2 own 0 merged 1 arcclosed 0 ph 3
SALT523 138 id 10 orth 2 own 0 union 1 n 69 ownN 77
SALT523 138 id 10 orth 2 own 0 union 1 n 70 ownN 77
CREW523 139 site mag slotfs 3 merged 3 won 0 n 12 of 410
CREW523 139 site budget slotfs 3 merged 3 won 0 n 12 of 411
CREW523 139 site spawn slotfs 3 merged 3 won 0 n 12 of 412
PH523 139 id 4 body 1 arc 2 orth 2 own 0 merged 1 arcclosed 0 ph 3
SALT523 139 id 4 orth 2 own 0 union 1 n 73 ownN 74
SALT523 139 id 4 orth 2 own 0 union 1 n 74 ownN 74
PH523 139 id 10 body 2 arc 1 orth 0 own 1 merged 1 arcclosed 0 ph 3
CREW523 140 site mag slotfs 3 merged 3 won 0 n 12 of 413
CREW523 140 site budget slotfs 3 merged 3 won 0 n 12 of 414
CREW523 140 site spawn slotfs 3 merged 3 won 0 n 12 of 415
PH523 140 id 4 body 1 arc 2 orth 0 own 1 merged 1 arcclosed 0 ph 3
PH523 140 id 10 body 2 arc 1 orth 2 own 0 merged 1 arcclosed 0 ph 3
SALT523 140 id 10 orth 2 own 0 union 1 n 71 ownN 79
SALT523 140 id 10 orth 2 own 0 union 1 n 72 ownN 79
CREW523 141 site mag slotfs 3 merged 3 won 0 n 12 of 416
CREW523 141 site budget slotfs 3 merged 3 won 0 n 12 of 417
CREW523 141 site spawn slotfs 3 merged 3 won 0 n 12 of 418
PH523 141 id 4 body 1 arc 2 orth 2 own 0 merged 1 arcclosed 0 ph 3
SALT523 141 id 4 orth 2 own 0 union 1 n 75 ownN 76
SALT523 141 id 4 orth 2 own 0 union 1 n 76 ownN 76
PH523 141 id 10 body 2 arc 1 orth 0 own 1 merged 1 arcclosed 0 ph 3
CREW523 142 site mag slotfs 3 merged 3 won 0 n 12 of 419
CREW523 142 site budget slotfs 3 merged 3 won 0 n 12 of 420
CREW523 142 site spawn slotfs 3 merged 3 won 0 n 12 of 421
PH523 142 id 4 body 1 arc 2 orth 0 own 1 merged 1 arcclosed 0 ph 3
PH523 142 id 10 body 2 arc 1 orth 2 own 0 merged 1 arcclosed 0 ph 3
SALT523 142 id 10 orth 2 own 0 union 1 n 73 ownN 81
SALT523 142 id 10 orth 2 own 0 union 1 n 74 ownN 81
CREW523 143 site mag slotfs 3 merged 3 won 0 n 12 of 422
CREW523 143 site budget slotfs 3 merged 3 won 0 n 12 of 423
CREW523 143 site spawn slotfs 3 merged 3 won 0 n 12 of 424
PH523 143 id 4 body 1 arc 2 orth 2 own 0 merged 1 arcclosed 0 ph 3
SALT523 143 id 4 orth 2 own 0 union 1 n 77 ownN 78
SALT523 143 id 4 orth 2 own 0 union 1 n 78 ownN 78
PH523 143 id 10 body 2 arc 1 orth 0 own 1 merged 1 arcclosed 0 ph 3
CREW523 144 site mag slotfs 3 merged 3 won 0 n 12 of 425
CREW523 144 site budget slotfs 3 merged 3 won 0 n 12 of 426
CREW523 144 site spawn slotfs 3 merged 3 won 0 n 12 of 427
PH523 144 id 4 body 1 arc 2 orth 0 own 1 merged 1 arcclosed 0 ph 3
PH523 144 id 10 body 2 arc 1 orth 2 own 0 merged 1 arcclosed 0 ph 3
SALT523 144 id 10 orth 2 own 0 union 1 n 75 ownN 83
SALT523 144 id 10 orth 2 own 0 union 1 n 76 ownN 83
CREW523 145 site mag slotfs 3 merged 3 won 0 n 12 of 428
CREW523 145 site budget slotfs 3 merged 3 won 0 n 12 of 429
CREW523 145 site spawn slotfs 3 merged 3 won 0 n 12 of 430
PH523 145 id 4 body 1 arc 2 orth 2 own 0 merged 1 arcclosed 0 ph 3
SALT523 145 id 4 orth 2 own 0 union 1 n 79 ownN 80
SALT523 145 id 4 orth 2 own 0 union 1 n 80 ownN 80
PH523 145 id 10 body 2 arc 1 orth 0 own 1 merged 1 arcclosed 0 ph 3
CREW523 146 site mag slotfs 3 merged 3 won 0 n 12 of 431
CREW523 146 site budget slotfs 3 merged 3 won 0 n 12 of 432
CREW523 146 site spawn slotfs 3 merged 3 won 0 n 12 of 433
PH523 146 id 4 body 1 arc 2 orth 0 own 1 merged 1 arcclosed 0 ph 3
PH523 146 id 10 body 2 arc 1 orth 2 own 0 merged 1 arcclosed 0 ph 3
SALT523 146 id 10 orth 2 own 0 union 1 n 77 ownN 85
SALT523 146 id 10 orth 2 own 0 union 1 n 78 ownN 85
CREW523 147 site mag slotfs 3 merged 3 won 0 n 12 of 434
CREW523 147 site budget slotfs 3 merged 3 won 0 n 12 of 435
CREW523 147 site spawn slotfs 3 merged 3 won 0 n 12 of 436
PH523 147 id 4 body 1 arc 2 orth 2 own 0 merged 1 arcclosed 0 ph 3
SALT523 147 id 4 orth 2 own 0 union 1 n 81 ownN 82
SALT523 147 id 4 orth 2 own 0 union 1 n 82 ownN 82
PH523 147 id 10 body 2 arc 1 orth 0 own 1 merged 1 arcclosed 0 ph 3
CREW523 148 site mag slotfs 3 merged 3 won 0 n 12 of 437
CREW523 148 site budget slotfs 3 merged 3 won 0 n 12 of 438
CREW523 148 site spawn slotfs 3 merged 3 won 0 n 12 of 439
PH523 148 id 4 body 1 arc 2 orth 0 own 1 merged 1 arcclosed 0 ph 3
PH523 148 id 10 body 2 arc 1 orth 2 own 0 merged 1 arcclosed 0 ph 3
SALT523 148 id 10 orth 2 own 0 union 1 n 79 ownN 87
SALT523 148 id 10 orth 2 own 0 union 1 n 80 ownN 87
CREW523 149 site mag slotfs 3 merged 3 won 0 n 12 of 440
CREW523 149 site budget slotfs 3 merged 3 won 0 n 12 of 441
CREW523 149 site spawn slotfs 3 merged 3 won 0 n 12 of 442
PH523 149 id 4 body 1 arc 2 orth 2 own 0 merged 1 arcclosed 0 ph 3
SALT523 149 id 4 orth 2 own 0 union 1 n 83 ownN 84
SALT523 149 id 4 orth 2 own 0 union 1 n 84 ownN 84
PH523 149 id 10 body 2 arc 1 orth 0 own 1 merged 1 arcclosed 0 ph 3
CREW523 150 site mag slotfs 3 merged 3 won 0 n 12 of 443
CREW523 150 site budget slotfs 3 merged 3 won 0 n 12 of 444
CREW523 150 site spawn slotfs 3 merged 3 won 0 n 12 of 445
PH523 150 id 4 body 1 arc 2 orth 0 own 1 merged 1 arcclosed 0 ph 3
PH523 150 id 10 body 2 arc 1 orth 2 own 0 merged 1 arcclosed 0 ph 3
SALT523 150 id 10 orth 2 own 0 union 1 n 81 ownN 89
SALT523 150 id 10 orth 2 own 0 union 1 n 82 ownN 89
CREW523 151 site mag slotfs 3 merged 3 won 0 n 12 of 446
CREW523 151 site budget slotfs 3 merged 3 won 0 n 12 of 447
CREW523 151 site spawn slotfs 3 merged 3 won 0 n 12 of 448
PH523 151 id 4 body 1 arc 2 orth 2 own 0 merged 1 arcclosed 0 ph 3
SALT523 151 id 4 orth 2 own 0 union 1 n 85 ownN 86
SALT523 151 id 4 orth 2 own 0 union 1 n 86 ownN 86
PH523 151 id 10 body 2 arc 1 orth 0 own 1 merged 1 arcclosed 0 ph 3
CREW523 152 site mag slotfs 3 merged 3 won 0 n 12 of 449
CREW523 152 site budget slotfs 3 merged 3 won 0 n 12 of 450
CREW523 152 site spawn slotfs 3 merged 3 won 0 n 12 of 451
PH523 152 id 4 body 1 arc 2 orth 0 own 1 merged 1 arcclosed 0 ph 3
PH523 152 id 10 body 2 arc 1 orth 2 own 0 merged 1 arcclosed 0 ph 3
SALT523 152 id 10 orth 2 own 0 union 1 n 83 ownN 91
SALT523 152 id 10 orth 2 own 0 union 1 n 84 ownN 91
CREW523 153 site mag slotfs 3 merged 3 won 0 n 12 of 452
CREW523 153 site budget slotfs 3 merged 3 won 0 n 12 of 453
CREW523 153 site spawn slotfs 3 merged 3 won 0 n 12 of 454
PH523 153 id 4 body 1 arc 2 orth 2 own 0 merged 1 arcclosed 0 ph 3
SALT523 153 id 4 orth 2 own 0 union 1 n 87 ownN 88
SALT523 153 id 4 orth 2 own 0 union 1 n 88 ownN 88
PH523 153 id 10 body 2 arc 1 orth 0 own 1 merged 1 arcclosed 0 ph 3
CREW523 154 site mag slotfs 3 merged 3 won 0 n 12 of 455
CREW523 154 site budget slotfs 3 merged 3 won 0 n 12 of 456
CREW523 154 site spawn slotfs 3 merged 3 won 0 n 12 of 457
PH523 154 id 4 body 1 arc 2 orth 0 own 1 merged 1 arcclosed 0 ph 3
PH523 154 id 10 body 2 arc 1 orth 2 own 0 merged 1 arcclosed 0 ph 3
SALT523 154 id 10 orth 2 own 0 union 1 n 85 ownN 93
SALT523 154 id 10 orth 2 own 0 union 1 n 86 ownN 93
CREW523 155 site mag slotfs 3 merged 3 won 0 n 12 of 458
CREW523 155 site budget slotfs 3 merged 3 won 0 n 12 of 459
CREW523 155 site spawn slotfs 3 merged 3 won 0 n 12 of 460
PH523 155 id 4 body 1 arc 2 orth 2 own 0 merged 1 arcclosed 0 ph 3
SALT523 155 id 4 orth 2 own 0 union 1 n 89 ownN 90
SALT523 155 id 4 orth 2 own 0 union 1 n 90 ownN 90
PH523 155 id 10 body 2 arc 1 orth 0 own 1 merged 1 arcclosed 0 ph 3
CREW523 156 site mag slotfs 3 merged 3 won 0 n 12 of 461
CREW523 156 site budget slotfs 3 merged 3 won 0 n 12 of 462
CREW523 156 site spawn slotfs 3 merged 3 won 0 n 12 of 463
PH523 156 id 4 body 1 arc 2 orth 0 own 1 merged 1 arcclosed 0 ph 3
PH523 156 id 10 body 2 arc 1 orth 2 own 0 merged 1 arcclosed 0 ph 3
SALT523 156 id 10 orth 2 own 0 union 1 n 87 ownN 95
SALT523 156 id 10 orth 2 own 0 union 1 n 88 ownN 95
CREW523 157 site mag slotfs 3 merged 3 won 0 n 12 of 464
CREW523 157 site budget slotfs 3 merged 3 won 0 n 12 of 465
CREW523 157 site spawn slotfs 3 merged 3 won 0 n 12 of 466
PH523 157 id 4 body 1 arc 2 orth 2 own 0 merged 1 arcclosed 0 ph 3
SALT523 157 id 4 orth 2 own 0 union 1 n 91 ownN 92
SALT523 157 id 4 orth 2 own 0 union 1 n 92 ownN 92
PH523 157 id 10 body 2 arc 1 orth 0 own 1 merged 1 arcclosed 0 ph 3
CREW523 158 site mag slotfs 3 merged 3 won 0 n 12 of 467
CREW523 158 site budget slotfs 3 merged 3 won 0 n 12 of 468
CREW523 158 site spawn slotfs 3 merged 3 won 0 n 12 of 469
PH523 158 id 4 body 1 arc 2 orth 0 own 1 merged 1 arcclosed 0 ph 3
PH523 158 id 10 body 2 arc 1 orth 2 own 0 merged 1 arcclosed 0 ph 3
SALT523 158 id 10 orth 2 own 0 union 1 n 89 ownN 97
SALT523 158 id 10 orth 2 own 0 union 1 n 90 ownN 97
CREW523 159 site mag slotfs 3 merged 3 won 0 n 12 of 470
CREW523 159 site budget slotfs 3 merged 3 won 0 n 12 of 471
CREW523 159 site spawn slotfs 3 merged 3 won 0 n 12 of 472
PH523 159 id 4 body 1 arc 2 orth 2 own 0 merged 1 arcclosed 0 ph 3
SALT523 159 id 4 orth 2 own 0 union 1 n 93 ownN 94
SALT523 159 id 4 orth 2 own 0 union 1 n 94 ownN 94
PH523 159 id 10 body 2 arc 1 orth 0 own 1 merged 1 arcclosed 0 ph 3
CREW523 160 site mag slotfs 3 merged 3 won 0 n 12 of 473
CREW523 160 site budget slotfs 3 merged 3 won 0 n 12 of 474
CREW523 160 site spawn slotfs 3 merged 3 won 0 n 12 of 475
PH523 160 id 4 body 1 arc 2 orth 0 own 1 merged 1 arcclosed 0 ph 3
PH523 160 id 10 body 2 arc 1 orth 2 own 0 merged 1 arcclosed 0 ph 3
SALT523 160 id 10 orth 2 own 0 union 1 n 91 ownN 99
SALT523 160 id 10 orth 2 own 0 union 1 n 92 ownN 99
