Update available: 2.3.6 -> 2.3.8. Run: pip install --upgrade fcode
FS GATE 0 sig (20, 26, (9, 6), (9, 18)) ok 1
FS GATE 1 sig (20, 26, (9, 6), (9, 18)) ok 1
FS PHASE 1 id 3 ph 1 d 100 at (9, 8)
FS HOPBUILD 1 at (9, 8) lch (9, 9) T (11, 20)
FS GATE 2 sig (20, 26, (9, 6), (9, 18)) ok 1
FS GATE 2 sig (20, 26, (9, 6), (9, 18)) ok 1
FS THROW 2 from (10, 8) to (10, 14) T (11, 20) body 3 n 1 dsq 16
FS HOPBUILD 3 at (10, 14) lch (10, 15) T (11, 20)
FS GATE 3 sig (20, 26, (9, 6), (9, 18)) ok 1
FS GATE 4 sig (20, 26, (9, 6), (9, 18)) ok 1
FS THROW 4 from (10, 14) to (11, 20) T (11, 20) body 3 n 1 dsq 2
FS ARRIVE 5 id 3 body 1 at (11, 20) dsq 2
FS PHASE 5 id 3 ph 2 d 2 at (11, 20)
FS SEAL 5 tile (11, 19) n 1
FS SEAL 6 tile (10, 20) n 2
FS DODGE 7 id 3 from (11, 20) to (12, 20) cov 1 -> 0 hit 0 hp 40
FS GATE 7 sig (20, 26, (9, 6), (9, 18)) ok 1
FS GATE 8 sig (20, 26, (9, 6), (9, 18)) ok 1
FS GATE 9 sig (20, 26, (9, 6), (9, 18)) ok 1
FS DODGE 11 id 3 from (11, 20) to (12, 20) cov 1 -> 0 hit 0 hp 22
FS DOORSEEN 12 id 8 at (11, 9) rank 1
FS DOORSEEN 12 id 16 at (11, 9) rank 1
FS DOORSEEN 12 id 20 at (11, 9) rank 1
FS DOOR 13 id 8 at (11, 9) n 1
FS DOOR 13 id 20 at (11, 9) n 1
FS DOOR 14 id 8 at (11, 9) n 2
FS DOOR 14 id 16 at (11, 9) n 1
FS DOOR 14 id 20 at (11, 9) n 2
FS DOOR 15 id 8 at (11, 9) n 3
FS DOOR 15 id 16 at (11, 9) n 2
FS DOOR 15 id 20 at (11, 9) n 3
FS STAT 20 id 3 at (12, 18) need 6 orth 5 ti 36 ammo 24 sen 0 hp 22 covden 0 eco 0 lost 0
FS CLEAR 24 tile (11, 18) peck 1
FS RUNG 24 id 3 r 3 hi -
FS STAT 40 id 3 at (12, 18) need 6 orth 5 ti 12 ammo 12 sen 0 hp 34 covden 0 eco 0 lost 0
FS STAT 60 id 3 at (12, 18) need 6 orth 5 ti 36 ammo 24 sen 0 hp 34 covden 0 eco 0 lost 0
FS CLEAR 71 tile (11, 18) peck 1
FS RUNG 71 id 3 r 3 hi -
FS CLEAR 72 tile (11, 18) peck 2
FS RUNG 72 id 3 r 3 hi -
FS CLEAR 75 tile (11, 18) peck 3
FS RUNG 75 id 3 r 3 hi -
FS CLEAR 76 tile (11, 18) peck 4
FS RUNG 76 id 3 r 3 hi -
FS STAT 80 id 3 at (12, 18) need 6 orth 5 ti 58 ammo 24 sen 0 hp 34 covden 0 eco 0 lost 0
FS CLEAR 80 tile (11, 18) peck 1
FS RUNG 80 id 3 r 3 hi -
FS DODGE 82 id 3 from (12, 18) to (12, 19) cov 1 -> 0 hit 0 hp 34
FS DODGE 85 id 3 from (11, 20) to (12, 20) cov 1 -> 0 hit 0 hp 16
FS DOORSEEN 185 id 20 at (7, 7) rank 1
FS DOORSEEN 188 id 8 at (7, 7) rank 0
FS DOOR 190 id 20 at (7, 7) n 4
FS DOOR 191 id 20 at (7, 7) n 5
FS DOOR 192 id 20 at (7, 7) n 6
FS DOOR 193 id 20 at (7, 7) n 7
FS DOOR 196 id 20 at (7, 7) n 8
FS DOOR 197 id 20 at (7, 7) n 9
FS DOOR 200 id 20 at (7, 7) n 10
FS DOOR 201 id 20 at (7, 7) n 11
FS DOOR 203 id 20 at (7, 7) n 12
FS DOOR 204 id 20 at (7, 7) n 13
FS DOOR 205 id 20 at (7, 7) n 14
FS DOOR 207 id 20 at (7, 7) n 15
FS DOOR 208 id 20 at (7, 7) n 16
FS DOOR 209 id 20 at (7, 7) n 17
FS DOOR 212 id 20 at (7, 7) n 18
FS DOOR 213 id 20 at (7, 7) n 19
FS DOOR 216 id 20 at (7, 7) n 20
FS DOOR 217 id 20 at (7, 7) n 21
FS DOOR 220 id 20 at (7, 7) n 22
FS DOOR 221 id 20 at (7, 7) n 23
FS DOOR 225 id 20 at (7, 7) n 24
