Update available: 2.3.6 -> 2.3.8. Run: pip install --upgrade fcode
TIWATCH518 0 ti 500 ammo 0 scale 100 units 1 sen 30 bar 3 beat 0 hold 0
TIWATCH518 1 ti 470 ammo 0 scale 120 units 2 sen 36 bar 3 beat 0 hold 0
TIWATCH518 2 ti 406 ammo 0 scale 150 units 4 sen 45 bar 4 beat 0 hold 0
TIWATCH518 3 ti 327 ammo 0 scale 165 units 4 sen 49 bar 4 beat 0 hold 0
TIWATCH518 4 ti 294 ammo 0 scale 177 units 5 sen 53 bar 5 beat 0 hold 0
TIWATCH518 5 ti 294 ammo 0 scale 167 units 4 sen 50 bar 5 beat 0 hold 0
GATE515 5 salt 0 eco 0 orth 8 floor 0
GAP518 5 id 3 code GATE live 0 salt 0 eco 0 ti 294 sen 50 bar 5 need 9 orth 8 floor 0
GATE515 5 salt 0 eco 0 orth 8 floor 0
GATE515 5 salt 0 eco 0 orth 8 floor 0
TIWATCH518 6 ti 304 ammo 0 scale 167 units 4 sen 50 bar 5 beat 0 hold 0
GATE515 6 salt 0 eco 0 orth 8 floor 0
GAP518 6 id 3 code GATE live 0 salt 0 eco 0 ti 254 sen 56 bar 5 need 9 orth 8 floor 0
GATE515 6 salt 0 eco 0 orth 8 floor 0
GATE515 6 salt 0 eco 0 orth 8 floor 0
TIWATCH518 7 ti 217 ammo 0 scale 192 units 5 sen 57 bar 5 beat 0 hold 0
TICONV518 7 amt 16 floor 52
GATE515 7 salt 0 eco 0 orth 8 floor 0
GAP518 7 id 3 code GATE live 0 salt 0 eco 0 ti 144 sen 63 bar 6 need 9 orth 8 floor 0
GATE515 7 salt 0 eco 0 orth 8 floor 0
TIWATCH518 8 ti 142 ammo 16 scale 214 units 6 sen 64 bar 6 beat 0 hold 0
GATE515 8 salt 0 eco 1 orth 7 floor 0
GAP518 8 id 3 code BUSY23 live 0 salt 0 eco 1 ti 142 sen 64 bar 6 need 8 orth 7 floor 0
GATE515 8 salt 0 eco 1 orth 7 floor 0
TWIN517 8 at (14, 6) hold 0 live 1 floor 4 rebuy 24 ti 78 cost 64 n 1
SENT515 8 at (14, 6) n 1 gate (8, 0, 1, 7) latch (1, 1, 7)
EARLY518 8 id 3 ti 142 need 8 orth 7 rung1 0 pend 0 n 1
TIWATCH518 9 ti 71 ammo 16 scale 235 units 7 sen 70 bar 7 beat 0 hold 0
TICONV518 9 amt 16 floor 46
GAP518 9 id 3 code HAVE live 1 salt -1 eco -1 ti 55 sen 70 bar 7 need 8 orth 7 floor 0
GATE515 9 salt 0 eco 1 orth 7 floor 0
TIWATCH518 10 ti 65 ammo 22 scale 235 units 7 sen 70 bar 7 beat 1 hold 0
TICONV518 10 amt 30 floor 14
GAP518 10 id 3 code HAVE live 1 salt -1 eco -1 ti 35 sen 70 bar 7 need 8 orth 7 floor 0
GATE515 10 salt 0 eco 1 orth 7 floor 0
TIWATCH518 11 ti 45 ammo 52 scale 235 units 7 sen 70 bar 7 beat 1 hold 0
TICONV518 11 amt 30 floor 14
GAP518 11 id 3 code HAVE live 1 salt -1 eco -1 ti 15 sen 70 bar 7 need 8 orth 7 floor 0
TIWATCH518 12 ti 18 ammo 72 scale 235 units 7 sen 70 bar 7 beat 1 hold 0
TICONV518 12 amt 4 floor 14
GAP518 12 id 3 code HAVE live 1 salt -1 eco -1 ti 14 sen 70 bar 7 need 8 orth 7 floor 0
TIWATCH518 13 ti 7 ammo 76 scale 236 units 7 sen 70 bar 7 beat 1 hold 0
GAP518 13 id 3 code HAVE live 1 salt -1 eco -1 ti 7 sen 70 bar 7 need 7 orth 6 floor 0
GATE515 13 salt 0 eco 1 orth 6 floor 0
TIWATCH518 14 ti 17 ammo 66 scale 236 units 7 sen 70 bar 7 beat 1 hold 0
TICONV518 14 amt 3 floor 14
GAP518 14 id 3 code HAVE live 1 salt -1 eco -1 ti 14 sen 70 bar 7 need 7 orth 6 floor 0
GATE515 14 salt 0 eco 1 orth 6 floor 0
TIWATCH518 15 ti 24 ammo 69 scale 236 units 7 sen 70 bar 7 beat 1 hold 0
TICONV518 15 amt 10 floor 14
GAP518 15 id 3 code HAVE live 1 salt -1 eco -1 ti 14 sen 70 bar 7 need 7 orth 6 floor 0
GATE515 15 salt 0 eco 1 orth 6 floor 0
TIWATCH518 16 ti 24 ammo 69 scale 235 units 7 sen 70 bar 7 beat 1 hold 0
TICONV518 16 amt 10 floor 14
GAP518 16 id 3 code HAVE live 1 salt -1 eco -1 ti 14 sen 70 bar 7 need 8 orth 7 floor 0
GATE515 16 salt 0 eco 1 orth 7 floor 0
TIWATCH518 17 ti 14 ammo 79 scale 215 units 6 sen 64 bar 6 beat 1 hold 1
TWINRES518 17 ti 14 ammo 79 sen 64 bar 6 res 82 floor 82 bind 1 rounds 1 until 47
TWINGATE517 17 atring 1 live 1 ti 14 ammo 79 cost 64 bought 1 orth 7
GAP518 17 id 3 code HAVE live 1 salt -1 eco -1 ti 14 sen 64 bar 6 need 8 orth 7 floor 0
GATE515 17 salt 0 eco 1 orth 7 floor 0
TIWATCH518 18 ti 24 ammo 79 scale 215 units 6 sen 64 bar 6 beat 1 hold 1
TWINRES518 18 ti 24 ammo 79 sen 64 bar 6 res 82 floor 82 bind 2 rounds 2 until 48
TWINGATE517 18 atring 1 live 1 ti 24 ammo 79 cost 64 bought 1 orth 7
GAP518 18 id 3 code HAVE live 1 salt -1 eco -1 ti 24 sen 64 bar 6 need 8 orth 7 floor 0
GATE515 18 salt 0 eco 1 orth 7 floor 0
TIWATCH518 19 ti 34 ammo 79 scale 215 units 6 sen 64 bar 6 beat 1 hold 1
TWINRES518 19 ti 34 ammo 79 sen 64 bar 6 res 82 floor 82 bind 3 rounds 3 until 49
TWINGATE517 19 atring 1 live 1 ti 34 ammo 79 cost 64 bought 1 orth 7
GAP518 19 id 3 code HAVE live 1 salt -1 eco -1 ti 34 sen 64 bar 6 need 8 orth 7 floor 0
GATE515 19 salt 0 eco 1 orth 7 floor 0
TIWATCH518 20 ti 44 ammo 79 scale 215 units 6 sen 64 bar 6 beat 0 hold 0
GATE515 20 salt 0 eco 1 orth 7 floor 0
GAP518 20 id 3 code FUND live 0 salt 0 eco 1 ti 44 sen 64 bar 6 need 8 orth 7 floor 0
GATE515 20 salt 0 eco 1 orth 7 floor 0
GATE515 20 salt 0 eco 1 orth 7 floor 0
TIWATCH518 21 ti 1 ammo 79 scale 220 units 6 sen 66 bar 6 beat 0 hold 0
GATE515 21 salt 0 eco 1 orth 7 floor 0
GAP518 21 id 3 code FUND live 0 salt 0 eco 1 ti 1 sen 66 bar 6 need 8 orth 7 floor 0
GATE515 21 salt 0 eco 1 orth 7 floor 0
GATE515 21 salt 0 eco 1 orth 7 floor 0
TIWATCH518 22 ti 11 ammo 79 scale 220 units 6 sen 66 bar 6 beat 0 hold 0
GATE515 22 salt 0 eco 1 orth 7 floor 0
GAP518 22 id 3 code FUND live 0 salt 0 eco 1 ti 11 sen 66 bar 6 need 8 orth 7 floor 0
GATE515 22 salt 0 eco 1 orth 7 floor 0
TIWATCH518 23 ti 15 ammo 79 scale 221 units 6 sen 66 bar 6 beat 0 hold 0
GATE515 23 salt 0 eco 1 orth 6 floor 0
GAP518 23 id 3 code FUND live 0 salt 0 eco 1 ti 15 sen 66 bar 6 need 7 orth 6 floor 0
GATE515 23 salt 0 eco 1 orth 6 floor 0
GATE515 23 salt 0 eco 1 orth 6 floor 0
TIWATCH518 24 ti 25 ammo 79 scale 221 units 6 sen 66 bar 6 beat 0 hold 0
GATE515 24 salt 0 eco 1 orth 6 floor 0
GAP518 24 id 3 code FUND live 0 salt 0 eco 1 ti 25 sen 66 bar 6 need 7 orth 6 floor 0
GATE515 24 salt 0 eco 1 orth 6 floor 0
GATE515 24 salt 0 eco 1 orth 6 floor 0
TIWATCH518 25 ti 19 ammo 79 scale 222 units 6 sen 66 bar 6 beat 0 hold 0
GATE515 25 salt 0 eco 1 orth 6 floor 0
GAP518 25 id 3 code FUND live 0 salt 0 eco 1 ti 19 sen 66 bar 6 need 7 orth 6 floor 0
GATE515 25 salt 0 eco 1 orth 6 floor 0
GATE515 25 salt 0 eco 1 orth 6 floor 0
TIWATCH518 26 ti 29 ammo 79 scale 222 units 6 sen 66 bar 6 beat 0 hold 0
GATE515 26 salt 0 eco 1 orth 6 floor 0
GAP518 26 id 3 code FUND live 0 salt 0 eco 1 ti 29 sen 66 bar 6 need 7 orth 6 floor 0
GATE515 26 salt 0 eco 1 orth 6 floor 0
GATE515 26 salt 0 eco 1 orth 6 floor 0
TIWATCH518 27 ti 33 ammo 79 scale 223 units 6 sen 66 bar 6 beat 0 hold 0
GATE515 27 salt 0 eco 1 orth 6 floor 0
GAP518 27 id 3 code FUND live 0 salt 0 eco 1 ti 33 sen 66 bar 6 need 7 orth 6 floor 0
GATE515 27 salt 0 eco 1 orth 6 floor 0
GATE515 27 salt 0 eco 1 orth 6 floor 0
TIWATCH518 28 ti 43 ammo 79 scale 223 units 6 sen 66 bar 6 beat 0 hold 0
GATE515 28 salt 0 eco 1 orth 6 floor 0
GAP518 28 id 3 code FUND live 0 salt 0 eco 1 ti 43 sen 66 bar 6 need 7 orth 6 floor 0
GATE515 28 salt 0 eco 1 orth 6 floor 0
GATE515 28 salt 0 eco 1 orth 6 floor 0
TIWATCH518 29 ti 37 ammo 79 scale 204 units 5 sen 61 bar 6 beat 0 hold 0
TIWATCH518 30 ti 47 ammo 79 scale 204 units 5 sen 61 bar 6 beat 0 hold 0
TIWATCH518 31 ti 10 ammo 79 scale 225 units 6 sen 67 bar 6 beat 0 hold 0
TIWATCH518 32 ti 20 ammo 75 scale 225 units 6 sen 67 bar 6 beat 0 hold 0
TIWATCH518 33 ti 4 ammo 75 scale 226 units 6 sen 67 bar 6 beat 0 hold 0
TIWATCH518 34 ti 14 ammo 71 scale 226 units 6 sen 67 bar 6 beat 0 hold 0
TIWATCH518 35 ti 18 ammo 67 scale 227 units 6 sen 68 bar 6 beat 0 hold 0
TIWATCH518 36 ti 28 ammo 63 scale 227 units 6 sen 68 bar 6 beat 0 hold 0
TIWATCH518 37 ti 22 ammo 59 scale 228 units 6 sen 68 bar 6 beat 0 hold 0
TIWATCH518 38 ti 32 ammo 55 scale 228 units 6 sen 68 bar 6 beat 0 hold 0
TICONV518 38 amt 5 floor 12
TIWATCH518 39 ti 31 ammo 60 scale 229 units 6 sen 68 bar 6 beat 0 hold 0
TIWATCH518 40 ti 41 ammo 60 scale 229 units 6 sen 68 bar 6 beat 0 hold 0
TIWATCH518 41 ti 35 ammo 60 scale 230 units 6 sen 69 bar 6 beat 0 hold 0
TIWATCH518 42 ti 45 ammo 60 scale 230 units 6 sen 69 bar 6 beat 0 hold 0
TIWATCH518 43 ti 49 ammo 60 scale 211 units 5 sen 63 bar 6 beat 0 hold 0
TIWATCH518 44 ti 17 ammo 60 scale 231 units 6 sen 69 bar 6 beat 0 hold 0
TIWATCH518 45 ti 11 ammo 56 scale 232 units 6 sen 69 bar 6 beat 0 hold 0
TIWATCH518 46 ti 11 ammo 56 scale 232 units 6 sen 69 bar 6 beat 0 hold 0
TIWATCH518 47 ti 15 ammo 52 scale 233 units 6 sen 69 bar 6 beat 0 hold 0
TIWATCH518 48 ti 35 ammo 48 scale 233 units 6 sen 69 bar 6 beat 0 hold 0
TICONV518 48 amt 12 floor 12
TIWATCH518 49 ti 33 ammo 56 scale 233 units 6 sen 69 bar 6 beat 0 hold 0
TICONV518 49 amt 4 floor 12
TIWATCH518 50 ti 49 ammo 56 scale 233 units 6 sen 69 bar 6 beat 0 hold 0
TICONV518 50 amt 4 floor 12
TIWATCH518 51 ti 65 ammo 56 scale 233 units 6 sen 69 bar 6 beat 0 hold 0
TICONV518 51 amt 4 floor 12
TIWATCH518 52 ti 25 ammo 56 scale 253 units 7 sen 75 bar 7 beat 0 hold 0
TICONV518 52 amt 4 floor 12
TIWATCH518 53 ti 31 ammo 52 scale 253 units 7 sen 75 bar 7 beat 0 hold 0
TICONV518 53 amt 8 floor 12
TIWATCH518 54 ti 43 ammo 52 scale 253 units 7 sen 75 bar 7 beat 0 hold 0
TICONV518 54 amt 8 floor 12
TIWATCH518 55 ti 45 ammo 52 scale 253 units 7 sen 75 bar 7 beat 0 hold 0
TICONV518 55 amt 8 floor 12
TIWATCH518 56 ti 57 ammo 52 scale 253 units 7 sen 75 bar 7 beat 0 hold 0
TICONV518 56 amt 8 floor 12
TIWATCH518 57 ti 49 ammo 56 scale 253 units 7 sen 75 bar 7 beat 0 hold 0
TICONV518 57 amt 4 floor 12
TIWATCH518 58 ti 55 ammo 52 scale 253 units 7 sen 75 bar 7 beat 0 hold 0
TICONV518 58 amt 8 floor 12
TIWATCH518 59 ti 57 ammo 56 scale 253 units 7 sen 75 bar 7 beat 0 hold 0
TICONV518 59 amt 4 floor 12
TIWATCH518 60 ti 13 ammo 60 scale 258 units 7 sen 77 bar 7 beat 0 hold 0
TIWATCH518 61 ti 23 ammo 60 scale 258 units 7 sen 77 bar 7 beat 0 hold 0
TIWATCH518 62 ti 36 ammo 60 scale 259 units 7 sen 77 bar 7 beat 0 hold 0
TIWATCH518 63 ti 46 ammo 60 scale 259 units 7 sen 77 bar 7 beat 0 hold 0
TIWATCH518 64 ti 66 ammo 60 scale 258 units 7 sen 77 bar 7 beat 0 hold 0
TIWATCH518 65 ti 76 ammo 60 scale 258 units 7 sen 77 bar 7 beat 0 hold 0
TIWATCH518 66 ti 35 ammo 60 scale 278 units 8 sen 83 bar 8 beat 0 hold 0
TIWATCH518 67 ti 45 ammo 56 scale 278 units 8 sen 83 bar 8 beat 0 hold 0
TICONV518 67 amt 4 floor 12
TIWATCH518 68 ti 41 ammo 60 scale 278 units 8 sen 83 bar 8 beat 0 hold 0
TIWATCH518 69 ti 51 ammo 56 scale 278 units 8 sen 83 bar 8 beat 0 hold 0
TICONV518 69 amt 4 floor 12
TIWATCH518 70 ti 47 ammo 60 scale 278 units 8 sen 83 bar 8 beat 0 hold 0
TIWATCH518 71 ti 57 ammo 56 scale 277 units 8 sen 83 bar 8 beat 0 hold 0
TICONV518 71 amt 4 floor 12
TIWATCH518 72 ti 63 ammo 56 scale 277 units 8 sen 83 bar 8 beat 0 hold 0
TICONV518 72 amt 4 floor 12
TIWATCH518 73 ti 49 ammo 56 scale 277 units 8 sen 83 bar 8 beat 0 hold 0
TICONV518 73 amt 4 floor 12
TIWATCH518 74 ti 55 ammo 48 scale 277 units 8 sen 83 bar 8 beat 0 hold 0
TICONV518 74 amt 12 floor 12
TIWATCH518 75 ti 53 ammo 52 scale 277 units 8 sen 83 bar 8 beat 0 hold 0
TICONV518 75 amt 8 floor 12
TIWATCH518 76 ti 37 ammo 52 scale 278 units 8 sen 83 bar 8 beat 0 hold 0
TICONV518 76 amt 8 floor 12
TIWATCH518 77 ti 29 ammo 52 scale 278 units 8 sen 83 bar 8 beat 0 hold 0
TICONV518 77 amt 8 floor 12
TIWATCH518 78 ti 23 ammo 56 scale 279 units 8 sen 83 bar 8 beat 0 hold 0
TICONV518 78 amt 4 floor 12
TIWATCH518 79 ti 29 ammo 56 scale 279 units 8 sen 83 bar 8 beat 0 hold 0
TICONV518 79 amt 4 floor 12
TIWATCH518 80 ti 35 ammo 56 scale 279 units 8 sen 83 bar 8 beat 0 hold 0
TICONV518 80 amt 4 floor 12
TIWATCH518 81 ti 31 ammo 56 scale 279 units 8 sen 83 bar 8 beat 0 hold 0
TICONV518 81 amt 4 floor 12
TIWATCH518 82 ti 37 ammo 56 scale 279 units 8 sen 83 bar 8 beat 0 hold 0
TICONV518 82 amt 4 floor 12
TIWATCH518 83 ti 43 ammo 56 scale 279 units 8 sen 83 bar 8 beat 0 hold 0
TICONV518 83 amt 4 floor 12
TIWATCH518 84 ti 39 ammo 56 scale 279 units 8 sen 83 bar 8 beat 0 hold 0
TICONV518 84 amt 4 floor 12
TIWATCH518 85 ti 45 ammo 60 scale 279 units 8 sen 83 bar 8 beat 0 hold 0
TIWATCH518 86 ti 65 ammo 60 scale 279 units 8 sen 83 bar 8 beat 0 hold 0
TIWATCH518 87 ti 85 ammo 60 scale 279 units 8 sen 83 bar 8 beat 0 hold 0
TIWATCH518 88 ti 22 ammo 60 scale 299 units 9 sen 89 bar 8 beat 0 hold 0
TIWATCH518 89 ti 32 ammo 60 scale 299 units 9 sen 89 bar 8 beat 0 hold 0
TIWATCH518 90 ti 52 ammo 60 scale 299 units 9 sen 89 bar 8 beat 0 hold 0
TIWATCH518 91 ti 72 ammo 60 scale 299 units 9 sen 89 bar 8 beat 0 hold 0
TIWATCH518 92 ti 82 ammo 60 scale 299 units 9 sen 89 bar 8 beat 0 hold 0
TIWATCH518 93 ti 92 ammo 60 scale 299 units 9 sen 89 bar 8 beat 0 hold 0
TIWATCH518 94 ti 112 ammo 60 scale 299 units 9 sen 89 bar 8 beat 0 hold 0
TIWATCH518 95 ti 132 ammo 60 scale 299 units 9 sen 89 bar 8 beat 0 hold 0
TIWATCH518 96 ti 152 ammo 60 scale 299 units 9 sen 89 bar 8 beat 0 hold 0
TIWATCH518 97 ti 73 ammo 60 scale 319 units 10 sen 95 bar 9 beat 0 hold 0
TIWATCH518 98 ti 20 ammo 60 scale 329 units 11 sen 98 bar 9 beat 0 hold 0
TIWATCH518 99 ti 40 ammo 60 scale 319 units 10 sen 95 bar 9 beat 0 hold 0
TIWATCH518 100 ti 60 ammo 60 scale 319 units 10 sen 95 bar 9 beat 0 hold 0
TIWATCH518 101 ti 70 ammo 60 scale 319 units 10 sen 95 bar 9 beat 0 hold 0
TIWATCH518 102 ti 27 ammo 60 scale 329 units 11 sen 98 bar 9 beat 0 hold 0
TIWATCH518 103 ti 47 ammo 60 scale 319 units 10 sen 95 bar 9 beat 0 hold 0
TIWATCH518 104 ti 67 ammo 60 scale 319 units 10 sen 95 bar 9 beat 0 hold 0
TIWATCH518 105 ti 67 ammo 60 scale 319 units 10 sen 95 bar 9 beat 0 hold 0
GATE515 105 salt 0 eco 1 orth 6 floor 0
GAP518 105 id 195 code FUND live 0 salt 0 eco 1 ti 67 sen 95 bar 9 need 7 orth 6 floor 0
GATE515 105 salt 0 eco 1 orth 6 floor 0
TIWATCH518 106 ti 77 ammo 60 scale 319 units 10 sen 95 bar 9 beat 0 hold 0
GATE515 106 salt 0 eco 1 orth 6 floor 0
GAP518 106 id 195 code FUND live 0 salt 0 eco 1 ti 77 sen 95 bar 9 need 7 orth 6 floor 0
GATE515 106 salt 0 eco 1 orth 6 floor 0
TIWATCH518 107 ti 95 ammo 60 scale 319 units 10 sen 95 bar 9 beat 0 hold 0
GATE515 107 salt 0 eco 1 orth 6 floor 0
GAP518 107 id 195 code FUND live 0 salt 0 eco 1 ti 95 sen 95 bar 9 need 7 orth 6 floor 0
GATE515 107 salt 0 eco 1 orth 6 floor 0
TIWATCH518 108 ti 113 ammo 60 scale 319 units 10 sen 95 bar 9 beat 0 hold 0
GATE515 108 salt 0 eco 1 orth 6 floor 0
GAP518 108 id 195 code FUND live 0 salt 0 eco 1 ti 113 sen 95 bar 9 need 7 orth 6 floor 0
GATE515 108 salt 0 eco 1 orth 6 floor 0
TIWATCH518 109 ti 121 ammo 60 scale 319 units 10 sen 95 bar 9 beat 0 hold 0
GATE515 109 salt 0 eco 1 orth 6 floor 0
GAP518 109 id 195 code FUND live 0 salt 0 eco 1 ti 121 sen 95 bar 9 need 7 orth 6 floor 0
GATE515 109 salt 0 eco 1 orth 6 floor 0
TIWATCH518 110 ti 139 ammo 60 scale 319 units 10 sen 95 bar 9 beat 0 hold 0
GATE515 110 salt 0 eco 1 orth 6 floor 0
GAP518 110 id 195 code FUND live 0 salt 0 eco 1 ti 139 sen 95 bar 9 need 7 orth 6 floor 0
GATE515 110 salt 0 eco 1 orth 6 floor 0
TIWATCH518 111 ti 157 ammo 60 scale 319 units 10 sen 95 bar 9 beat 0 hold 0
GATE515 111 salt 0 eco 1 orth 6 floor 0
GAP518 111 id 195 code FUND live 0 salt 0 eco 1 ti 157 sen 95 bar 9 need 7 orth 6 floor 0
GATE515 111 salt 0 eco 1 orth 6 floor 0
TIWATCH518 112 ti 114 ammo 60 scale 329 units 11 sen 98 bar 9 beat 0 hold 0
GATE515 112 salt 0 eco 1 orth 6 floor 0
GAP518 112 id 195 code FUND live 0 salt 0 eco 1 ti 114 sen 95 bar 9 need 7 orth 6 floor 0
GATE515 112 salt 0 eco 1 orth 6 floor 0
TIWATCH518 113 ti 112 ammo 60 scale 319 units 10 sen 95 bar 9 beat 0 hold 0
GATE515 113 salt 0 eco 1 orth 6 floor 0
GAP518 113 id 195 code FUND live 0 salt 0 eco 1 ti 17 sen 101 bar 10 need 7 orth 6 floor 0
GATE515 113 salt 0 eco 1 orth 6 floor 0
GATE515 113 salt 0 eco 1 orth 6 floor 0
TIWATCH518 114 ti 27 ammo 60 scale 319 units 10 sen 95 bar 9 beat 0 hold 0
TIWATCH518 115 ti 47 ammo 60 scale 319 units 10 sen 95 bar 9 beat 0 hold 0
TIWATCH518 116 ti 67 ammo 60 scale 319 units 10 sen 95 bar 9 beat 0 hold 0
TIWATCH518 117 ti 77 ammo 60 scale 319 units 10 sen 95 bar 9 beat 0 hold 0
TIWATCH518 118 ti 97 ammo 60 scale 319 units 10 sen 95 bar 9 beat 0 hold 0
TIWATCH518 119 ti 117 ammo 60 scale 319 units 10 sen 95 bar 9 beat 0 hold 0
TIWATCH518 120 ti 137 ammo 60 scale 319 units 10 sen 95 bar 9 beat 0 hold 0
TIWATCH518 121 ti 137 ammo 60 scale 319 units 10 sen 95 bar 9 beat 0 hold 0
TIWATCH518 122 ti 147 ammo 60 scale 319 units 10 sen 95 bar 9 beat 0 hold 0
TIWATCH518 123 ti 167 ammo 60 scale 319 units 10 sen 95 bar 9 beat 0 hold 0
TIWATCH518 124 ti 187 ammo 60 scale 319 units 10 sen 95 bar 9 beat 0 hold 0
TIWATCH518 125 ti 197 ammo 60 scale 319 units 10 sen 95 bar 9 beat 0 hold 0
TIWATCH518 126 ti 217 ammo 60 scale 319 units 10 sen 95 bar 9 beat 0 hold 0
TIWATCH518 127 ti 142 ammo 60 scale 339 units 11 sen 101 bar 10 beat 0 hold 0
TIWATCH518 128 ti 95 ammo 60 scale 349 units 12 sen 104 bar 10 beat 0 hold 0
TIWATCH518 129 ti 95 ammo 60 scale 339 units 11 sen 101 bar 10 beat 0 hold 0
TIWATCH518 130 ti 38 ammo 60 scale 349 units 12 sen 104 bar 10 beat 0 hold 0
TIWATCH518 131 ti 58 ammo 60 scale 339 units 11 sen 101 bar 10 beat 0 hold 0
TIWATCH518 132 ti 78 ammo 60 scale 339 units 11 sen 101 bar 10 beat 0 hold 0
TIWATCH518 133 ti 21 ammo 60 scale 349 units 12 sen 104 bar 10 beat 0 hold 0
TIWATCH518 134 ti 41 ammo 60 scale 339 units 11 sen 101 bar 10 beat 0 hold 0
GATE515 134 salt 0 eco 1 orth 6 floor 0
GAP518 134 id 254 code FUND live 0 salt 0 eco 1 ti 41 sen 101 bar 10 need 7 orth 6 floor 0
GATE515 134 salt 0 eco 1 orth 6 floor 0
TIWATCH518 135 ti 61 ammo 60 scale 339 units 11 sen 101 bar 10 beat 0 hold 0
GATE515 135 salt 0 eco 1 orth 6 floor 0
GAP518 135 id 254 code FUND live 0 salt 0 eco 1 ti 61 sen 101 bar 10 need 7 orth 6 floor 0
GATE515 135 salt 0 eco 1 orth 6 floor 0
TIWATCH518 136 ti 81 ammo 60 scale 339 units 11 sen 101 bar 10 beat 0 hold 0
GATE515 136 salt 0 eco 1 orth 6 floor 0
GAP518 136 id 254 code FUND live 0 salt 0 eco 1 ti 81 sen 101 bar 10 need 7 orth 6 floor 0
GATE515 136 salt 0 eco 1 orth 6 floor 0
TIWATCH518 137 ti 79 ammo 60 scale 339 units 11 sen 101 bar 10 beat 0 hold 0
GATE515 137 salt 0 eco 1 orth 6 floor 0
GAP518 137 id 254 code FUND live 0 salt 0 eco 1 ti 79 sen 101 bar 10 need 7 orth 6 floor 0
GATE515 137 salt 0 eco 1 orth 6 floor 0
GATE515 137 salt 0 eco 1 orth 6 floor 0
TIWATCH518 138 ti 89 ammo 60 scale 339 units 11 sen 101 bar 10 beat 0 hold 0
GATE515 138 salt 0 eco 1 orth 6 floor 0
GAP518 138 id 254 code FUND live 0 salt 0 eco 1 ti 89 sen 101 bar 10 need 7 orth 6 floor 0
GATE515 138 salt 0 eco 1 orth 6 floor 0
TIWATCH518 139 ti 107 ammo 60 scale 339 units 11 sen 101 bar 10 beat 0 hold 0
GATE515 139 salt 0 eco 1 orth 6 floor 0
GAP518 139 id 254 code FUND live 0 salt 0 eco 1 ti 107 sen 101 bar 10 need 7 orth 6 floor 0
GATE515 139 salt 0 eco 1 orth 6 floor 0
TIWATCH518 140 ti 125 ammo 60 scale 339 units 11 sen 101 bar 10 beat 0 hold 0
GATE515 140 salt 0 eco 1 orth 6 floor 0
GAP518 140 id 254 code FUND live 0 salt 0 eco 1 ti 125 sen 101 bar 10 need 7 orth 6 floor 0
GATE515 140 salt 0 eco 1 orth 6 floor 0
TIWATCH518 141 ti 133 ammo 60 scale 339 units 11 sen 101 bar 10 beat 0 hold 0
GATE515 141 salt 0 eco 1 orth 6 floor 0
GAP518 141 id 254 code FUND live 0 salt 0 eco 1 ti 133 sen 101 bar 10 need 7 orth 6 floor 0
GATE515 141 salt 0 eco 1 orth 6 floor 0
TIWATCH518 142 ti 151 ammo 60 scale 339 units 11 sen 101 bar 10 beat 0 hold 0
GATE515 142 salt 0 eco 1 orth 6 floor 0
GAP518 142 id 254 code FUND live 0 salt 0 eco 1 ti 151 sen 101 bar 10 need 7 orth 6 floor 0
GATE515 142 salt 0 eco 1 orth 6 floor 0
TIWATCH518 143 ti 169 ammo 60 scale 339 units 11 sen 101 bar 10 beat 0 hold 0
GATE515 143 salt 0 eco 1 orth 6 floor 0
GAP518 143 id 254 code FUND live 0 salt 0 eco 1 ti 169 sen 101 bar 10 need 7 orth 6 floor 0
GATE515 143 salt 0 eco 1 orth 6 floor 0
TIWATCH518 144 ti 122 ammo 60 scale 349 units 12 sen 104 bar 10 beat 0 hold 0
GATE515 144 salt 0 eco 1 orth 5 floor 0
GAP518 144 id 254 code FUND live 0 salt 0 eco 1 ti 122 sen 104 bar 10 need 7 orth 5 floor 0
GATE515 144 salt 0 eco 1 orth 5 floor 0
TIWATCH518 145 ti 120 ammo 60 scale 348 units 12 sen 104 bar 10 beat 0 hold 0
GATE515 145 salt 0 eco 1 orth 5 floor 0
GAP518 145 id 254 code FUND live 0 salt 0 eco 1 ti 120 sen 104 bar 10 need 7 orth 5 floor 0
GATE515 145 salt 0 eco 1 orth 5 floor 0
TIWATCH518 146 ti 128 ammo 60 scale 348 units 12 sen 104 bar 10 beat 0 hold 0
GATE515 146 salt 0 eco 1 orth 5 floor 0
GAP518 146 id 254 code FUND live 0 salt 0 eco 1 ti 128 sen 104 bar 10 need 7 orth 5 floor 0
GATE515 146 salt 0 eco 1 orth 5 floor 0
GATE515 146 salt 0 eco 1 orth 5 floor 0
TIWATCH518 147 ti 148 ammo 60 scale 348 units 12 sen 104 bar 10 beat 0 hold 0
GATE515 147 salt 0 eco 1 orth 5 floor 0
GAP518 147 id 254 code FUND live 0 salt 0 eco 1 ti 148 sen 104 bar 10 need 7 orth 5 floor 0
GATE515 147 salt 0 eco 1 orth 5 floor 0
TIWATCH518 148 ti 166 ammo 60 scale 348 units 12 sen 104 bar 10 beat 0 hold 0
GATE515 148 salt 0 eco 1 orth 5 floor 0
GAP518 148 id 254 code FUND live 0 salt 0 eco 1 ti 156 sen 104 bar 10 need 7 orth 5 floor 0
GATE515 148 salt 0 eco 1 orth 5 floor 0
TIWATCH518 149 ti 164 ammo 60 scale 349 units 12 sen 104 bar 10 beat 0 hold 0
GATE515 149 salt 0 eco 1 orth 5 floor 0
GAP518 149 id 254 code FUND live 0 salt 0 eco 1 ti 154 sen 104 bar 10 need 7 orth 5 floor 0
GATE515 149 salt 0 eco 1 orth 5 floor 0
TIWATCH518 150 ti 172 ammo 60 scale 349 units 12 sen 104 bar 10 beat 0 hold 0
GATE515 150 salt 0 eco 1 orth 5 floor 0
GAP518 150 id 254 code FUND live 0 salt 0 eco 1 ti 172 sen 104 bar 10 need 7 orth 5 floor 0
GATE515 150 salt 0 eco 1 orth 5 floor 0
TIWATCH518 151 ti 180 ammo 56 scale 339 units 11 sen 101 bar 10 beat 0 hold 0
TICONV518 151 amt 4 floor 12
GATE515 151 salt 0 eco 1 orth 6 floor 0
GAP518 151 id 254 code BUSY23 live 0 salt 0 eco 1 ti 175 sen 101 bar 10 need 7 orth 6 floor 0
GATE515 151 salt 0 eco 1 orth 6 floor 0
TWIN517 151 at (14, 0) hold 0 live 1 floor 4 rebuy 24 ti 74 cost 101 n 1
SENT515 151 at (14, 0) n 1 gate (151, 0, 1, 6) latch (1, 1, 7)
EARLY518 151 id 254 ti 175 need 7 orth 6 rung1 0 pend 0 n 1
TIWATCH518 152 ti 84 ammo 56 scale 359 units 12 sen 107 bar 10 beat 0 hold 0
TICONV518 152 amt 16 floor 12
GAP518 152 id 254 code HAVE live 1 salt -1 eco -1 ti 57 sen 107 bar 10 need 7 orth 6 floor 0
GATE515 152 salt 0 eco 1 orth 6 floor 0
TIWATCH518 153 ti 57 ammo 62 scale 358 units 12 sen 107 bar 10 beat 1 hold 0
TICONV518 153 amt 30 floor 20
GAP518 153 id 254 code HAVE live 1 salt -1 eco -1 ti 7 sen 107 bar 10 need 7 orth 6 floor 0
GATE515 153 salt 0 eco 1 orth 6 floor 0
TIWATCH518 154 ti 17 ammo 92 scale 359 units 12 sen 107 bar 10 beat 1 hold 0
GAP518 154 id 254 code HAVE live 1 salt -1 eco -1 ti 17 sen 107 bar 10 need 7 orth 6 floor 0
GATE515 154 salt 0 eco 1 orth 6 floor 0
TIWATCH518 155 ti 27 ammo 72 scale 359 units 12 sen 107 bar 10 beat 1 hold 0
TICONV518 155 amt 7 floor 20
GAP518 155 id 254 code HAVE live 1 salt -1 eco -1 ti 20 sen 107 bar 10 need 7 orth 6 floor 0
GATE515 155 salt 0 eco 1 orth 6 floor 0
TIWATCH518 156 ti 40 ammo 75 scale 358 units 12 sen 107 bar 10 beat 1 hold 0
TICONV518 156 amt 20 floor 20
GAP518 156 id 254 code HAVE live 1 salt -1 eco -1 ti 20 sen 107 bar 10 need 7 orth 6 floor 0
GATE515 156 salt 0 eco 1 orth 6 floor 0
TIWATCH518 157 ti 30 ammo 71 scale 358 units 12 sen 107 bar 10 beat 1 hold 0
TICONV518 157 amt 10 floor 20
GAP518 157 id 254 code HAVE live 1 salt -1 eco -1 ti 20 sen 107 bar 10 need 7 orth 6 floor 0
GATE515 157 salt 0 eco 1 orth 6 floor 0
TIWATCH518 158 ti 40 ammo 77 scale 358 units 12 sen 107 bar 10 beat 1 hold 0
TICONV518 158 amt 20 floor 20
GAP518 158 id 254 code HAVE live 1 salt -1 eco -1 ti 20 sen 107 bar 10 need 7 orth 6 floor 0
GATE515 158 salt 0 eco 1 orth 6 floor 0
TIWATCH518 159 ti 30 ammo 83 scale 338 units 11 sen 101 bar 10 beat 1 hold 0
TICONV518 159 amt 10 floor 20
GAP518 159 id 254 code HAVE live 1 salt -1 eco -1 ti 20 sen 101 bar 10 need 7 orth 6 floor 0
GATE515 159 salt 0 eco 1 orth 6 floor 0
TIWATCH518 160 ti 30 ammo 93 scale 338 units 11 sen 101 bar 10 beat 1 hold 0
TICONV518 160 amt 10 floor 20
GAP518 160 id 254 code HAVE live 1 salt -1 eco -1 ti 10 sen 101 bar 10 need 7 orth 6 floor 0
GATE515 160 salt 0 eco 1 orth 6 floor 0
TIWATCH518 161 ti 20 ammo 103 scale 338 units 11 sen 101 bar 10 beat 0 hold 0
GATE515 161 salt 0 eco 1 orth 6 floor 0
GAP518 161 id 254 code FUND live 0 salt 0 eco 1 ti 10 sen 101 bar 10 need 7 orth 6 floor 0
GATE515 161 salt 0 eco 1 orth 6 floor 0
GATE515 161 salt 0 eco 1 orth 6 floor 0
TIWATCH518 162 ti 20 ammo 103 scale 338 units 11 sen 101 bar 10 beat 0 hold 0
GATE515 162 salt 0 eco 1 orth 6 floor 0
GAP518 162 id 254 code FUND live 0 salt 0 eco 1 ti 20 sen 101 bar 10 need 7 orth 6 floor 0
GATE515 162 salt 0 eco 1 orth 6 floor 0
GATE515 162 salt 0 eco 1 orth 6 floor 0
TIWATCH518 163 ti 30 ammo 103 scale 338 units 11 sen 101 bar 10 beat 0 hold 0
GATE515 163 salt 0 eco 1 orth 6 floor 0
GAP518 163 id 254 code FUND live 0 salt 0 eco 1 ti 30 sen 101 bar 10 need 7 orth 6 floor 0
GATE515 163 salt 0 eco 1 orth 6 floor 0
GATE515 163 salt 0 eco 1 orth 6 floor 0
TIWATCH518 164 ti 40 ammo 103 scale 318 units 10 sen 95 bar 9 beat 0 hold 0
TIWATCH518 165 ti 40 ammo 103 scale 318 units 10 sen 95 bar 9 beat 0 hold 0
TIWATCH518 166 ti 50 ammo 103 scale 318 units 10 sen 95 bar 9 beat 0 hold 0
TIWATCH518 167 ti 60 ammo 103 scale 318 units 10 sen 95 bar 9 beat 0 hold 0
TIWATCH518 168 ti 70 ammo 103 scale 318 units 10 sen 95 bar 9 beat 0 hold 0
TIWATCH518 169 ti 70 ammo 103 scale 318 units 10 sen 95 bar 9 beat 0 hold 0
TIWATCH518 170 ti 80 ammo 103 scale 318 units 10 sen 95 bar 9 beat 0 hold 0
TIWATCH518 171 ti 27 ammo 103 scale 338 units 11 sen 101 bar 10 beat 0 hold 0
TIWATCH518 172 ti 37 ammo 103 scale 338 units 11 sen 101 bar 10 beat 0 hold 0
TIWATCH518 173 ti 37 ammo 103 scale 338 units 11 sen 101 bar 10 beat 0 hold 0
TIWATCH518 174 ti 47 ammo 103 scale 338 units 11 sen 101 bar 10 beat 0 hold 0
TIWATCH518 175 ti 57 ammo 103 scale 338 units 11 sen 101 bar 10 beat 0 hold 0
TIWATCH518 176 ti 67 ammo 103 scale 338 units 11 sen 101 bar 10 beat 0 hold 0
TIWATCH518 177 ti 67 ammo 103 scale 338 units 11 sen 101 bar 10 beat 0 hold 0
TIWATCH518 178 ti 77 ammo 103 scale 338 units 11 sen 101 bar 10 beat 0 hold 0
TIWATCH518 179 ti 87 ammo 103 scale 338 units 11 sen 101 bar 10 beat 0 hold 0
TIWATCH518 180 ti 97 ammo 103 scale 338 units 11 sen 101 bar 10 beat 0 hold 0
TIWATCH518 181 ti 97 ammo 103 scale 338 units 11 sen 101 bar 10 beat 0 hold 0
TIWATCH518 182 ti 107 ammo 103 scale 338 units 11 sen 101 bar 10 beat 0 hold 0
TIWATCH518 183 ti 117 ammo 103 scale 338 units 11 sen 101 bar 10 beat 0 hold 0
TIWATCH518 184 ti 127 ammo 103 scale 338 units 11 sen 101 bar 10 beat 0 hold 0
TIWATCH518 185 ti 127 ammo 103 scale 338 units 11 sen 101 bar 10 beat 0 hold 0
TIWATCH518 186 ti 137 ammo 103 scale 338 units 11 sen 101 bar 10 beat 0 hold 0
TIWATCH518 187 ti 147 ammo 103 scale 338 units 11 sen 101 bar 10 beat 0 hold 0
TIWATCH518 188 ti 157 ammo 103 scale 338 units 11 sen 101 bar 10 beat 0 hold 0
TIWATCH518 189 ti 157 ammo 103 scale 338 units 11 sen 101 bar 10 beat 0 hold 0
TIWATCH518 190 ti 167 ammo 103 scale 338 units 11 sen 101 bar 10 beat 0 hold 0
TIWATCH518 191 ti 76 ammo 103 scale 358 units 12 sen 107 bar 10 beat 0 hold 0
TIWATCH518 192 ti 86 ammo 103 scale 358 units 12 sen 107 bar 10 beat 0 hold 0
TIWATCH518 193 ti 15 ammo 103 scale 368 units 13 sen 110 bar 11 beat 0 hold 0
TIWATCH518 194 ti 25 ammo 103 scale 358 units 12 sen 107 bar 10 beat 0 hold 0
TIWATCH518 195 ti 35 ammo 103 scale 358 units 12 sen 107 bar 10 beat 0 hold 0
TIWATCH518 196 ti 45 ammo 103 scale 358 units 12 sen 107 bar 10 beat 0 hold 0
TIWATCH518 197 ti 45 ammo 103 scale 358 units 12 sen 107 bar 10 beat 0 hold 0
TIWATCH518 198 ti 55 ammo 103 scale 358 units 12 sen 107 bar 10 beat 0 hold 0
TIWATCH518 199 ti 65 ammo 103 scale 358 units 12 sen 107 bar 10 beat 0 hold 0
TIWATCH518 200 ti 75 ammo 103 scale 358 units 12 sen 107 bar 10 beat 0 hold 0
TIWATCH518 201 ti 75 ammo 103 scale 358 units 12 sen 107 bar 10 beat 0 hold 0
TIWATCH518 202 ti 85 ammo 103 scale 358 units 12 sen 107 bar 10 beat 0 hold 0
TIWATCH518 203 ti 24 ammo 103 scale 368 units 13 sen 110 bar 11 beat 0 hold 0
TIWATCH518 204 ti 34 ammo 103 scale 358 units 12 sen 107 bar 10 beat 0 hold 0
GATE515 204 salt 0 eco 1 orth 6 floor 0
GAP518 204 id 356 code FUND live 0 salt 0 eco 1 ti 34 sen 107 bar 10 need 7 orth 6 floor 0
GATE515 204 salt 0 eco 1 orth 6 floor 0
TIWATCH518 205 ti 34 ammo 103 scale 358 units 12 sen 107 bar 10 beat 0 hold 0
GATE515 205 salt 0 eco 1 orth 6 floor 0
GAP518 205 id 356 code FUND live 0 salt 0 eco 1 ti 34 sen 107 bar 10 need 7 orth 6 floor 0
GATE515 205 salt 0 eco 1 orth 6 floor 0
TIWATCH518 206 ti 44 ammo 103 scale 358 units 12 sen 107 bar 10 beat 0 hold 0
TIWATCH518 207 ti 54 ammo 103 scale 338 units 11 sen 101 bar 10 beat 0 hold 0
TIWATCH518 208 ti 54 ammo 103 scale 339 units 11 sen 101 bar 10 beat 0 hold 0
TIWATCH518 209 ti 53 ammo 103 scale 339 units 11 sen 101 bar 10 beat 0 hold 0
TIWATCH518 210 ti 62 ammo 103 scale 339 units 11 sen 101 bar 10 beat 0 hold 0
TIWATCH518 211 ti 71 ammo 103 scale 339 units 11 sen 101 bar 10 beat 0 hold 0
TIWATCH518 212 ti 80 ammo 103 scale 339 units 11 sen 101 bar 10 beat 0 hold 0
TIWATCH518 213 ti 79 ammo 103 scale 338 units 11 sen 101 bar 10 beat 0 hold 0
TIWATCH518 214 ti 79 ammo 103 scale 339 units 11 sen 101 bar 10 beat 0 hold 0
TIWATCH518 215 ti 98 ammo 103 scale 339 units 11 sen 101 bar 10 beat 0 hold 0
TIWATCH518 216 ti 117 ammo 103 scale 339 units 11 sen 101 bar 10 beat 0 hold 0
TIWATCH518 217 ti 126 ammo 103 scale 339 units 11 sen 101 bar 10 beat 0 hold 0
TIWATCH518 218 ti 145 ammo 103 scale 339 units 11 sen 101 bar 10 beat 0 hold 0
TIWATCH518 219 ti 154 ammo 103 scale 338 units 11 sen 101 bar 10 beat 0 hold 0
TIWATCH518 220 ti 154 ammo 103 scale 339 units 11 sen 101 bar 10 beat 0 hold 0
TIWATCH518 221 ti 163 ammo 103 scale 339 units 11 sen 101 bar 10 beat 0 hold 0
TIWATCH518 222 ti 81 ammo 103 scale 359 units 12 sen 107 bar 10 beat 0 hold 0
TIWATCH518 223 ti 29 ammo 103 scale 369 units 13 sen 110 bar 11 beat 0 hold 0
TIWATCH518 224 ti 48 ammo 103 scale 359 units 12 sen 107 bar 10 beat 0 hold 0
TIWATCH518 225 ti 47 ammo 103 scale 357 units 12 sen 107 bar 10 beat 0 hold 0
TIWATCH518 226 ti 47 ammo 103 scale 358 units 12 sen 107 bar 10 beat 0 hold 0
TIWATCH518 227 ti 66 ammo 103 scale 358 units 12 sen 107 bar 10 beat 0 hold 0
TIWATCH518 228 ti 85 ammo 103 scale 358 units 12 sen 107 bar 10 beat 0 hold 0
TIWATCH518 229 ti 23 ammo 103 scale 368 units 13 sen 110 bar 11 beat 0 hold 0
TIWATCH518 230 ti 42 ammo 103 scale 357 units 12 sen 107 bar 10 beat 0 hold 0
GAP518 230 id 407 code DODGE live -1 salt -1 eco -1 ti -1 sen -1 bar -1 need -1 orth -1 floor 0
TIWATCH518 231 ti 51 ammo 103 scale 356 units 12 sen 106 bar 10 beat 0 hold 0
GATE515 231 salt 0 eco 1 orth 8 floor 0
GAP518 231 id 407 code FUND live 0 salt 0 eco 1 ti 41 sen 107 bar 10 need 9 orth 8 floor 0
GATE515 231 salt 0 eco 1 orth 8 floor 0
TIWATCH518 232 ti 51 ammo 103 scale 357 units 12 sen 107 bar 10 beat 0 hold 0
GAP518 232 id 407 code DODGE live -1 salt -1 eco -1 ti -1 sen -1 bar -1 need -1 orth -1 floor 0
TIWATCH518 233 ti 60 ammo 103 scale 357 units 12 sen 107 bar 10 beat 0 hold 0
GAP518 233 id 407 code DODGE live -1 salt -1 eco -1 ti -1 sen -1 bar -1 need -1 orth -1 floor 0
TIWATCH518 234 ti 79 ammo 103 scale 357 units 12 sen 107 bar 10 beat 0 hold 0
GATE515 234 salt 0 eco 1 orth 8 floor 0
GAP518 234 id 407 code FUND live 0 salt 0 eco 1 ti 78 sen 107 bar 10 need 9 orth 8 floor 0
GATE515 234 salt 0 eco 1 orth 8 floor 0
TIWATCH518 235 ti 98 ammo 103 scale 357 units 12 sen 107 bar 10 beat 0 hold 0
GAP518 235 id 407 code DODGE live -1 salt -1 eco -1 ti -1 sen -1 bar -1 need -1 orth -1 floor 0
TIWATCH518 236 ti 117 ammo 103 scale 357 units 12 sen 107 bar 10 beat 0 hold 0
GATE515 236 salt 0 eco 1 orth 8 floor 0
GAP518 236 id 407 code FUND live 0 salt 0 eco 1 ti 116 sen 106 bar 10 need 9 orth 8 floor 0
GATE515 236 salt 0 eco 1 orth 8 floor 0
GATE515 236 salt 0 eco 1 orth 8 floor 0
TIWATCH518 237 ti 116 ammo 103 scale 356 units 12 sen 106 bar 10 beat 0 hold 0
GAP518 237 id 407 code DODGE live -1 salt -1 eco -1 ti -1 sen -1 bar -1 need -1 orth -1 floor 0
TIWATCH518 238 ti 116 ammo 103 scale 357 units 12 sen 107 bar 10 beat 0 hold 0
GATE515 238 salt 0 eco 1 orth 8 floor 0
GAP518 238 id 407 code FUND live 0 salt 0 eco 1 ti 115 sen 107 bar 10 need 9 orth 8 floor 0
GATE515 238 salt 0 eco 1 orth 8 floor 0
GATE515 238 salt 0 eco 1 orth 8 floor 0
TIWATCH518 239 ti 135 ammo 103 scale 357 units 12 sen 107 bar 10 beat 0 hold 0
GAP518 239 id 407 code DODGE live -1 salt -1 eco -1 ti -1 sen -1 bar -1 need -1 orth -1 floor 0
TIWATCH518 240 ti 154 ammo 103 scale 357 units 12 sen 107 bar 10 beat 0 hold 0
GATE515 240 salt 0 eco 1 orth 8 floor 0
GAP518 240 id 407 code FUND live 0 salt 0 eco 1 ti 153 sen 107 bar 10 need 9 orth 8 floor 0
GATE515 240 salt 0 eco 1 orth 8 floor 0
GATE515 240 salt 0 eco 1 orth 8 floor 0
TIWATCH518 241 ti 163 ammo 103 scale 357 units 12 sen 107 bar 10 beat 0 hold 0
GAP518 241 id 407 code DODGE live -1 salt -1 eco -1 ti -1 sen -1 bar -1 need -1 orth -1 floor 0
TIWATCH518 242 ti 182 ammo 103 scale 357 units 12 sen 107 bar 10 beat 0 hold 0
GATE515 242 salt 0 eco 1 orth 8 floor 0
GAP518 242 id 407 code FUND live 0 salt 0 eco 1 ti 181 sen 106 bar 10 need 9 orth 8 floor 0
GATE515 242 salt 0 eco 1 orth 8 floor 0
GATE515 242 salt 0 eco 1 orth 8 floor 0
TIWATCH518 243 ti 191 ammo 103 scale 356 units 12 sen 106 bar 10 beat 0 hold 0
TIWATCH518 244 ti 191 ammo 103 scale 337 units 11 sen 101 bar 10 beat 0 hold 0
TIWATCH518 245 ti 200 ammo 103 scale 337 units 11 sen 101 bar 10 beat 0 hold 0
TIWATCH518 246 ti 219 ammo 103 scale 337 units 11 sen 101 bar 10 beat 0 hold 0
TIWATCH518 247 ti 238 ammo 103 scale 337 units 11 sen 101 bar 10 beat 0 hold 0
TIWATCH518 248 ti 257 ammo 103 scale 337 units 11 sen 101 bar 10 beat 0 hold 0
TIWATCH518 249 ti 155 ammo 103 scale 356 units 12 sen 106 bar 10 beat 0 hold 0
TIWATCH518 250 ti 84 ammo 103 scale 367 units 13 sen 110 bar 11 beat 0 hold 0
TIWATCH518 251 ti 103 ammo 103 scale 357 units 12 sen 107 bar 10 beat 0 hold 0
TIWATCH518 252 ti 122 ammo 103 scale 357 units 12 sen 107 bar 10 beat 0 hold 0
TIWATCH518 253 ti 60 ammo 103 scale 367 units 13 sen 110 bar 11 beat 0 hold 0
TIWATCH518 254 ti 79 ammo 103 scale 357 units 12 sen 107 bar 10 beat 0 hold 0
TIWATCH518 255 ti 17 ammo 103 scale 366 units 13 sen 109 bar 10 beat 0 hold 0
TIWATCH518 256 ti 17 ammo 103 scale 357 units 12 sen 107 bar 10 beat 0 hold 0
GAP518 256 id 460 code DODGE live -1 salt -1 eco -1 ti -1 sen -1 bar -1 need -1 orth -1 floor 0
TIWATCH518 257 ti 27 ammo 103 scale 357 units 12 sen 107 bar 10 beat 0 hold 0
GAP518 257 id 460 code DODGE live -1 salt -1 eco -1 ti -1 sen -1 bar -1 need -1 orth -1 floor 0
TIWATCH518 258 ti 47 ammo 103 scale 357 units 12 sen 107 bar 10 beat 0 hold 0
GAP518 258 id 460 code DODGE live -1 salt -1 eco -1 ti -1 sen -1 bar -1 need -1 orth -1 floor 0
TIWATCH518 259 ti 66 ammo 103 scale 357 units 12 sen 107 bar 10 beat 0 hold 0
GATE515 259 salt 0 eco 1 orth 8 floor 0
GAP518 259 id 460 code FUND live 0 salt 0 eco 1 ti 65 sen 106 bar 10 need 9 orth 8 floor 0
GATE515 259 salt 0 eco 1 orth 8 floor 0
TIWATCH518 260 ti 85 ammo 103 scale 356 units 12 sen 106 bar 10 beat 0 hold 0
GATE515 260 salt 0 eco 1 orth 7 floor 0
GAP518 260 id 460 code FUND live 0 salt 0 eco 1 ti 75 sen 107 bar 10 need 8 orth 7 floor 0
GATE515 260 salt 0 eco 1 orth 7 floor 0
TIWATCH518 261 ti 75 ammo 103 scale 357 units 12 sen 107 bar 10 beat 0 hold 0
GATE515 261 salt 0 eco 1 orth 7 floor 0
GAP518 261 id 460 code FUND live 0 salt 0 eco 1 ti 74 sen 107 bar 10 need 8 orth 7 floor 0
GATE515 261 salt 0 eco 1 orth 7 floor 0
TIWATCH518 262 ti 84 ammo 103 scale 357 units 12 sen 107 bar 10 beat 0 hold 0
GAP518 262 id 460 code DODGE live -1 salt -1 eco -1 ti -1 sen -1 bar -1 need -1 orth -1 floor 0
TIWATCH518 263 ti 103 ammo 103 scale 357 units 12 sen 107 bar 10 beat 0 hold 0
GATE515 263 salt 0 eco 1 orth 7 floor 0
GAP518 263 id 460 code FUND live 0 salt 0 eco 1 ti 102 sen 107 bar 10 need 8 orth 7 floor 0
GATE515 263 salt 0 eco 1 orth 7 floor 0
TIWATCH518 264 ti 112 ammo 103 scale 358 units 12 sen 107 bar 10 beat 0 hold 0
GATE515 264 salt 0 eco 1 orth 6 floor 0
GAP518 264 id 460 code FUND live 0 salt 0 eco 1 ti 111 sen 107 bar 10 need 7 orth 6 floor 0
GATE515 264 salt 0 eco 1 orth 6 floor 0
TIWATCH518 265 ti 119 ammo 103 scale 358 units 12 sen 107 bar 10 beat 0 hold 0
GATE515 265 salt 0 eco 1 orth 6 floor 0
GAP518 265 id 460 code FUND live 0 salt 0 eco 1 ti 118 sen 107 bar 10 need 7 orth 6 floor 0
GATE515 265 salt 0 eco 1 orth 6 floor 0
TIWATCH518 266 ti 126 ammo 103 scale 357 units 12 sen 107 bar 10 beat 0 hold 0
GATE515 266 salt 0 eco 1 orth 6 floor 0
GAP518 266 id 460 code FUND live 0 salt 0 eco 1 ti 116 sen 107 bar 10 need 7 orth 6 floor 0
GATE515 266 salt 0 eco 1 orth 6 floor 0
TIWATCH518 267 ti 124 ammo 103 scale 358 units 12 sen 107 bar 10 beat 0 hold 0
GATE515 267 salt 0 eco 1 orth 6 floor 0
GAP518 267 id 460 code FUND live 0 salt 0 eco 1 ti 123 sen 107 bar 10 need 7 orth 6 floor 0
GATE515 267 salt 0 eco 1 orth 6 floor 0
TIWATCH518 268 ti 141 ammo 103 scale 358 units 12 sen 107 bar 10 beat 0 hold 0
GATE515 268 salt 0 eco 1 orth 6 floor 0
GAP518 268 id 460 code FUND live 0 salt 0 eco 1 ti 140 sen 107 bar 10 need 7 orth 6 floor 0
GATE515 268 salt 0 eco 1 orth 6 floor 0
TIWATCH518 269 ti 148 ammo 103 scale 358 units 12 sen 107 bar 10 beat 0 hold 0
GATE515 269 salt 0 eco 1 orth 6 floor 0
GAP518 269 id 460 code FUND live 0 salt 0 eco 1 ti 147 sen 107 bar 10 need 7 orth 6 floor 0
GATE515 269 salt 0 eco 1 orth 6 floor 0
TIWATCH518 270 ti 165 ammo 103 scale 358 units 12 sen 107 bar 10 beat 0 hold 0
GATE515 270 salt 0 eco 1 orth 6 floor 0
GAP518 270 id 460 code FUND live 0 salt 0 eco 1 ti 164 sen 107 bar 10 need 7 orth 6 floor 0
GATE515 270 salt 0 eco 1 orth 6 floor 0
TIWATCH518 271 ti 182 ammo 103 scale 358 units 12 sen 107 bar 10 beat 0 hold 0
GATE515 271 salt 0 eco 1 orth 7 floor 0
GAP518 271 id 460 code FUND live 0 salt 0 eco 1 ti 181 sen 106 bar 10 need 8 orth 7 floor 0
GATE515 271 salt 0 eco 1 orth 7 floor 0
TIWATCH518 272 ti 181 ammo 103 scale 357 units 12 sen 107 bar 10 beat 0 hold 0
GATE515 272 salt 0 eco 1 orth 6 floor 0
GAP518 272 id 460 code FUND live 0 salt 0 eco 1 ti 171 sen 107 bar 10 need 7 orth 6 floor 0
GATE515 272 salt 0 eco 1 orth 6 floor 0
TIWATCH518 273 ti 169 ammo 103 scale 358 units 12 sen 107 bar 10 beat 0 hold 0
GATE515 273 salt 0 eco 1 orth 6 floor 0
GAP518 273 id 460 code FUND live 0 salt 0 eco 1 ti 168 sen 107 bar 10 need 7 orth 6 floor 0
GATE515 273 salt 0 eco 1 orth 6 floor 0
GATE515 273 salt 0 eco 1 orth 6 floor 0
TIWATCH518 274 ti 188 ammo 103 scale 358 units 12 sen 107 bar 10 beat 0 hold 0
GAP518 274 id 460 code DODGE live -1 salt -1 eco -1 ti -1 sen -1 bar -1 need -1 orth -1 floor 0
TIWATCH518 275 ti 207 ammo 103 scale 358 units 12 sen 107 bar 10 beat 0 hold 0
GAP518 275 id 460 code DODGE live -1 salt -1 eco -1 ti -1 sen -1 bar -1 need -1 orth -1 floor 0
TIWATCH518 276 ti 226 ammo 103 scale 358 units 12 sen 107 bar 10 beat 0 hold 0
GAP518 276 id 460 code DODGE live -1 salt -1 eco -1 ti -1 sen -1 bar -1 need -1 orth -1 floor 0
TIWATCH518 277 ti 235 ammo 103 scale 357 units 12 sen 107 bar 10 beat 0 hold 0
GATE515 277 salt 0 eco 1 orth 8 floor 0
GAP518 277 id 460 code SITE live 0 salt 0 eco 1 ti 234 sen 106 bar 10 need 9 orth 8 floor 0
GATE515 277 salt 0 eco 1 orth 8 floor 0
TIWATCH518 278 ti 242 ammo 103 scale 356 units 12 sen 106 bar 10 beat 0 hold 0
GATE515 278 salt 0 eco 1 orth 8 floor 0
GAP518 278 id 460 code SITE live 0 salt 0 eco 1 ti 232 sen 107 bar 10 need 9 orth 8 floor 0
GATE515 278 salt 0 eco 1 orth 8 floor 0
TIWATCH518 279 ti 240 ammo 99 scale 357 units 12 sen 107 bar 10 beat 0 hold 0
GATE515 279 salt 0 eco 1 orth 8 floor 0
GAP518 279 id 460 code SITE live 0 salt 0 eco 1 ti 230 sen 107 bar 10 need 9 orth 8 floor 0
GATE515 279 salt 0 eco 1 orth 8 floor 0
TIWATCH518 280 ti 248 ammo 99 scale 357 units 12 sen 107 bar 10 beat 0 hold 0
GATE515 280 salt 0 eco 1 orth 8 floor 0
GAP518 280 id 460 code SITE live 0 salt 0 eco 1 ti 248 sen 107 bar 10 need 9 orth 8 floor 0
GATE515 280 salt 0 eco 1 orth 8 floor 0
TIWATCH518 281 ti 256 ammo 95 scale 357 units 12 sen 107 bar 10 beat 0 hold 0
GATE515 281 salt 0 eco 1 orth 8 floor 0
GAP518 281 id 460 code FUND live 0 salt 0 eco 1 ti 149 sen 113 bar 11 need 9 orth 8 floor 0
GATE515 281 salt 0 eco 1 orth 8 floor 0
TIWATCH518 282 ti 167 ammo 91 scale 377 units 13 sen 113 bar 11 beat 0 hold 0
GATE515 282 salt 0 eco 1 orth 8 floor 0
GAP518 282 id 460 code FUND live 0 salt 0 eco 1 ti 167 sen 113 bar 11 need 9 orth 8 floor 0
GATE515 282 salt 0 eco 1 orth 8 floor 0
TIWATCH518 283 ti 185 ammo 91 scale 377 units 13 sen 113 bar 11 beat 0 hold 0
GATE515 283 salt 0 eco 1 orth 8 floor 0
GAP518 283 id 460 code FUND live 0 salt 0 eco 1 ti 185 sen 113 bar 11 need 9 orth 8 floor 0
GATE515 283 salt 0 eco 1 orth 8 floor 0
TIWATCH518 284 ti 193 ammo 91 scale 377 units 13 sen 113 bar 11 beat 0 hold 0
GAP518 284 id 460 code DODGE live -1 salt -1 eco -1 ti -1 sen -1 bar -1 need -1 orth -1 floor 0
TIWATCH518 285 ti 193 ammo 91 scale 377 units 13 sen 113 bar 11 beat 0 hold 0
GATE515 285 salt 0 eco 1 orth 8 floor 0
GAP518 285 id 460 code FUND live 0 salt 0 eco 1 ti 193 sen 112 bar 11 need 9 orth 8 floor 0
GATE515 285 salt 0 eco 1 orth 8 floor 0
TIWATCH518 286 ti 211 ammo 91 scale 376 units 13 sen 112 bar 11 beat 0 hold 0
GATE515 286 salt 0 eco 1 orth 8 floor 0
GAP518 286 id 460 code FUND live 0 salt 0 eco 1 ti 211 sen 112 bar 11 need 9 orth 8 floor 0
GATE515 286 salt 0 eco 1 orth 8 floor 0
TIWATCH518 287 ti 229 ammo 91 scale 376 units 13 sen 112 bar 11 beat 0 hold 0
GATE515 287 salt 0 eco 1 orth 8 floor 0
GAP518 287 id 460 code SITE live 0 salt 0 eco 1 ti 219 sen 112 bar 11 need 9 orth 8 floor 0
GATE515 287 salt 0 eco 1 orth 8 floor 0
TIWATCH518 288 ti 237 ammo 91 scale 376 units 13 sen 112 bar 11 beat 0 hold 0
GATE515 288 salt 0 eco 1 orth 8 floor 0
GAP518 288 id 460 code SITE live 0 salt 0 eco 1 ti 237 sen 112 bar 11 need 9 orth 8 floor 0
GATE515 288 salt 0 eco 1 orth 8 floor 0
TIWATCH518 289 ti 245 ammo 91 scale 376 units 13 sen 112 bar 11 beat 0 hold 0
GATE515 289 salt 0 eco 1 orth 8 floor 0
GAP518 289 id 460 code SITE live 0 salt 0 eco 1 ti 245 sen 112 bar 11 need 9 orth 8 floor 0
GATE515 289 salt 0 eco 1 orth 8 floor 0
TIWATCH518 290 ti 253 ammo 91 scale 376 units 13 sen 112 bar 11 beat 0 hold 0
GATE515 290 salt 0 eco 1 orth 8 floor 0
GAP518 290 id 460 code SITE live 0 salt 0 eco 1 ti 253 sen 112 bar 11 need 9 orth 8 floor 0
GATE515 290 salt 0 eco 1 orth 8 floor 0
TIWATCH518 291 ti 271 ammo 91 scale 376 units 13 sen 112 bar 11 beat 0 hold 0
GAP518 291 id 460 code DODGE live -1 salt -1 eco -1 ti -1 sen -1 bar -1 need -1 orth -1 floor 0
TIWATCH518 292 ti 169 ammo 91 scale 396 units 14 sen 118 bar 11 beat 0 hold 0
GATE515 292 salt 0 eco 1 orth 8 floor 0
GAP518 292 id 460 code FUND live 0 salt 0 eco 1 ti 169 sen 118 bar 11 need 9 orth 8 floor 0
GATE515 292 salt 0 eco 1 orth 8 floor 0
TIWATCH518 293 ti 167 ammo 91 scale 396 units 14 sen 118 bar 11 beat 0 hold 0
GATE515 293 salt 0 eco 1 orth 8 floor 0
GAP518 293 id 460 code FUND live 0 salt 0 eco 1 ti 167 sen 118 bar 11 need 9 orth 8 floor 0
GATE515 293 salt 0 eco 1 orth 8 floor 0
TIWATCH518 294 ti 175 ammo 91 scale 396 units 14 sen 118 bar 11 beat 0 hold 0
GATE515 294 salt 0 eco 1 orth 8 floor 0
GAP518 294 id 460 code FUND live 0 salt 0 eco 1 ti 175 sen 118 bar 11 need 9 orth 8 floor 0
GATE515 294 salt 0 eco 1 orth 8 floor 0
TIWATCH518 295 ti 183 ammo 91 scale 396 units 14 sen 118 bar 11 beat 0 hold 0
GATE515 295 salt 0 eco 1 orth 8 floor 0
GAP518 295 id 460 code FUND live 0 salt 0 eco 1 ti 183 sen 118 bar 11 need 9 orth 8 floor 0
GATE515 295 salt 0 eco 1 orth 8 floor 0
TIWATCH518 296 ti 182 ammo 91 scale 397 units 14 sen 119 bar 11 beat 0 hold 0
GATE515 296 salt 0 eco 1 orth 7 floor 0
GAP518 296 id 460 code FUND live 0 salt 0 eco 1 ti 182 sen 119 bar 11 need 8 orth 7 floor 0
GATE515 296 salt 0 eco 1 orth 7 floor 0
TIWATCH518 297 ti 101 ammo 91 scale 417 units 15 sen 125 bar 12 beat 0 hold 0
GATE515 297 salt 0 eco 1 orth 7 floor 0
GAP518 297 id 460 code FUND live 0 salt 0 eco 1 ti 101 sen 125 bar 12 need 8 orth 7 floor 0
GATE515 297 salt 0 eco 1 orth 7 floor 0
GATE515 297 salt 0 eco 1 orth 7 floor 0
TIWATCH518 298 ti 111 ammo 87 scale 417 units 15 sen 125 bar 12 beat 0 hold 0
GAP518 298 id 460 code DODGE live -1 salt -1 eco -1 ti -1 sen -1 bar -1 need -1 orth -1 floor 0
TIWATCH518 299 ti 121 ammo 83 scale 416 units 15 sen 124 bar 12 beat 0 hold 0
GAP518 299 id 460 code DODGE live -1 salt -1 eco -1 ti -1 sen -1 bar -1 need -1 orth -1 floor 0
TIWATCH518 300 ti 131 ammo 79 scale 416 units 15 sen 124 bar 12 beat 0 hold 0
TIWATCH518 301 ti 131 ammo 79 scale 396 units 14 sen 118 bar 11 beat 0 hold 0
TIWATCH518 302 ti 141 ammo 79 scale 396 units 14 sen 118 bar 11 beat 0 hold 0
TIWATCH518 303 ti 151 ammo 79 scale 396 units 14 sen 118 bar 11 beat 0 hold 0
TIWATCH518 304 ti 82 ammo 79 scale 416 units 15 sen 124 bar 12 beat 0 hold 0
TIWATCH518 305 ti 82 ammo 75 scale 416 units 15 sen 124 bar 12 beat 0 hold 0
TICONV518 305 amt 5 floor 12
TIWATCH518 306 ti 87 ammo 76 scale 416 units 15 sen 124 bar 12 beat 0 hold 0
TICONV518 306 amt 4 floor 12
TIWATCH518 307 ti 93 ammo 76 scale 416 units 15 sen 124 bar 12 beat 0 hold 0
TICONV518 307 amt 4 floor 12
TIWATCH518 308 ti 99 ammo 76 scale 396 units 14 sen 118 bar 11 beat 0 hold 0
TICONV518 308 amt 4 floor 12
TIWATCH518 309 ti 95 ammo 76 scale 396 units 14 sen 118 bar 11 beat 0 hold 0
TICONV518 309 amt 4 floor 12
TIWATCH518 310 ti 101 ammo 76 scale 396 units 14 sen 118 bar 11 beat 0 hold 0
TICONV518 310 amt 4 floor 12
TIWATCH518 311 ti 107 ammo 76 scale 396 units 14 sen 118 bar 11 beat 0 hold 0
TICONV518 311 amt 4 floor 12
TIWATCH518 312 ti 113 ammo 76 scale 396 units 14 sen 118 bar 11 beat 0 hold 0
TICONV518 312 amt 4 floor 12
TIWATCH518 313 ti 109 ammo 76 scale 396 units 14 sen 118 bar 11 beat 0 hold 0
TICONV518 313 amt 4 floor 12
TIWATCH518 314 ti 105 ammo 80 scale 396 units 14 sen 118 bar 11 beat 0 hold 0
TIWATCH518 315 ti 115 ammo 76 scale 376 units 13 sen 112 bar 11 beat 0 hold 0
TICONV518 315 amt 4 floor 12
TIWATCH518 316 ti 121 ammo 76 scale 376 units 13 sen 112 bar 11 beat 0 hold 0
TICONV518 316 amt 4 floor 12
TIWATCH518 317 ti 107 ammo 76 scale 376 units 13 sen 112 bar 11 beat 0 hold 0
TICONV518 317 amt 4 floor 12
TIWATCH518 318 ti 113 ammo 72 scale 376 units 13 sen 112 bar 11 beat 0 hold 0
TICONV518 318 amt 8 floor 12
TIWATCH518 319 ti 115 ammo 72 scale 376 units 13 sen 112 bar 11 beat 0 hold 0
TICONV518 319 amt 8 floor 12
TIWATCH518 320 ti 117 ammo 72 scale 376 units 13 sen 112 bar 11 beat 0 hold 0
TICONV518 320 amt 8 floor 12
TIWATCH518 321 ti 99 ammo 76 scale 376 units 13 sen 112 bar 11 beat 0 hold 0
TICONV518 321 amt 4 floor 12
TIWATCH518 322 ti 105 ammo 80 scale 376 units 13 sen 112 bar 11 beat 0 hold 0
TIWATCH518 323 ti 115 ammo 80 scale 376 units 13 sen 112 bar 11 beat 0 hold 0
TIWATCH518 324 ti 125 ammo 80 scale 376 units 13 sen 112 bar 11 beat 0 hold 0
TIWATCH518 325 ti 125 ammo 80 scale 376 units 13 sen 112 bar 11 beat 0 hold 0
TIWATCH518 326 ti 135 ammo 80 scale 376 units 13 sen 112 bar 11 beat 0 hold 0
TIWATCH518 327 ti 145 ammo 80 scale 376 units 13 sen 112 bar 11 beat 0 hold 0
TIWATCH518 328 ti 155 ammo 80 scale 376 units 13 sen 112 bar 11 beat 0 hold 0
TIWATCH518 329 ti 145 ammo 80 scale 376 units 13 sen 112 bar 11 beat 0 hold 0
TIWATCH518 330 ti 155 ammo 76 scale 376 units 13 sen 112 bar 11 beat 0 hold 0
TICONV518 330 amt 4 floor 12
TIWATCH518 331 ti 161 ammo 76 scale 376 units 13 sen 112 bar 11 beat 0 hold 0
TICONV518 331 amt 4 floor 12
TIWATCH518 332 ti 167 ammo 76 scale 376 units 13 sen 112 bar 11 beat 0 hold 0
TICONV518 332 amt 4 floor 12
TIWATCH518 333 ti 163 ammo 76 scale 376 units 13 sen 112 bar 11 beat 0 hold 0
TICONV518 333 amt 4 floor 12
TIWATCH518 334 ti 57 ammo 76 scale 396 units 14 sen 118 bar 11 beat 0 hold 0
TICONV518 334 amt 4 floor 12
TIWATCH518 335 ti 63 ammo 66 scale 396 units 14 sen 118 bar 11 beat 0 hold 0
TICONV518 335 amt 14 floor 12
TIWATCH518 336 ti 59 ammo 76 scale 396 units 14 sen 118 bar 11 beat 0 hold 0
TICONV518 336 amt 4 floor 12
TIWATCH518 337 ti 55 ammo 70 scale 396 units 14 sen 118 bar 11 beat 0 hold 0
TICONV518 337 amt 10 floor 12
TIWATCH518 338 ti 54 ammo 80 scale 396 units 14 sen 118 bar 11 beat 0 hold 0
TIWATCH518 339 ti 63 ammo 70 scale 396 units 14 sen 118 bar 11 beat 0 hold 0
TICONV518 339 amt 10 floor 12
TIWATCH518 340 ti 62 ammo 80 scale 396 units 14 sen 118 bar 11 beat 0 hold 0
TIWATCH518 341 ti 62 ammo 70 scale 396 units 14 sen 118 bar 11 beat 0 hold 0
TICONV518 341 amt 10 floor 12
TIWATCH518 342 ti 62 ammo 80 scale 396 units 14 sen 118 bar 11 beat 0 hold 0
TIWATCH518 343 ti 72 ammo 80 scale 396 units 14 sen 118 bar 11 beat 0 hold 0
TIWATCH518 344 ti 82 ammo 80 scale 396 units 14 sen 118 bar 11 beat 0 hold 0
TIWATCH518 345 ti 3 ammo 80 scale 416 units 15 sen 124 bar 12 beat 0 hold 0
TIWATCH518 346 ti 13 ammo 80 scale 416 units 15 sen 124 bar 12 beat 0 hold 0
TIWATCH518 347 ti 23 ammo 80 scale 416 units 15 sen 124 bar 12 beat 0 hold 0
TIWATCH518 348 ti 33 ammo 80 scale 416 units 15 sen 124 bar 12 beat 0 hold 0
TIWATCH518 349 ti 33 ammo 80 scale 416 units 15 sen 124 bar 12 beat 0 hold 0
TIWATCH518 350 ti 43 ammo 80 scale 416 units 15 sen 124 bar 12 beat 0 hold 0
TIWATCH518 351 ti 53 ammo 80 scale 416 units 15 sen 124 bar 12 beat 0 hold 0
TIWATCH518 352 ti 63 ammo 80 scale 416 units 15 sen 124 bar 12 beat 0 hold 0
TIWATCH518 353 ti 51 ammo 80 scale 417 units 15 sen 125 bar 12 beat 0 hold 0
TIWATCH518 354 ti 60 ammo 80 scale 417 units 15 sen 125 bar 12 beat 0 hold 0
TIWATCH518 355 ti 69 ammo 80 scale 417 units 15 sen 125 bar 12 beat 0 hold 0
TIWATCH518 356 ti 78 ammo 80 scale 417 units 15 sen 125 bar 12 beat 0 hold 0
TIWATCH518 357 ti 77 ammo 80 scale 417 units 15 sen 125 bar 12 beat 0 hold 0
TIWATCH518 358 ti 86 ammo 80 scale 416 units 15 sen 124 bar 12 beat 0 hold 0
TIWATCH518 359 ti 84 ammo 80 scale 417 units 15 sen 125 bar 12 beat 0 hold 0
TIWATCH518 360 ti 103 ammo 80 scale 417 units 15 sen 125 bar 12 beat 0 hold 0
TIWATCH518 361 ti 29 ammo 80 scale 437 units 16 sen 131 bar 13 beat 0 hold 0
TIWATCH518 362 ti 48 ammo 80 scale 437 units 16 sen 131 bar 13 beat 0 hold 0
TIWATCH518 363 ti 67 ammo 80 scale 437 units 16 sen 131 bar 13 beat 0 hold 0
TIWATCH518 364 ti 76 ammo 80 scale 436 units 16 sen 130 bar 13 beat 0 hold 0
TIWATCH518 365 ti 63 ammo 80 scale 437 units 16 sen 131 bar 13 beat 0 hold 0
TIWATCH518 366 ti 82 ammo 80 scale 437 units 16 sen 131 bar 13 beat 0 hold 0
TIWATCH518 367 ti 101 ammo 80 scale 437 units 16 sen 131 bar 13 beat 0 hold 0
TIWATCH518 368 ti 120 ammo 76 scale 437 units 16 sen 131 bar 13 beat 0 hold 0
TICONV518 368 amt 4 floor 12
TIWATCH518 369 ti 125 ammo 76 scale 437 units 16 sen 131 bar 13 beat 0 hold 0
TICONV518 369 amt 4 floor 12
TIWATCH518 370 ti 130 ammo 80 scale 436 units 16 sen 130 bar 13 beat 0 hold 0
TIWATCH518 371 ti 127 ammo 80 scale 437 units 16 sen 131 bar 13 beat 0 hold 0
TIWATCH518 372 ti 146 ammo 80 scale 437 units 16 sen 131 bar 13 beat 0 hold 0
TIWATCH518 373 ti 155 ammo 80 scale 437 units 16 sen 131 bar 13 beat 0 hold 0
TIWATCH518 374 ti 174 ammo 80 scale 437 units 16 sen 131 bar 13 beat 0 hold 0
TIWATCH518 375 ti 193 ammo 80 scale 437 units 16 sen 131 bar 13 beat 0 hold 0
TIWATCH518 376 ti 71 ammo 80 scale 456 units 17 sen 136 bar 13 beat 0 hold 0
TIWATCH518 377 ti 58 ammo 80 scale 457 units 17 sen 137 bar 13 beat 0 hold 0
TIWATCH518 378 ti 77 ammo 80 scale 457 units 17 sen 137 bar 13 beat 0 hold 0
TIWATCH518 379 ti 96 ammo 80 scale 457 units 17 sen 137 bar 13 beat 0 hold 0
TIWATCH518 380 ti 115 ammo 80 scale 457 units 17 sen 137 bar 13 beat 0 hold 0
TIWATCH518 381 ti 124 ammo 80 scale 457 units 17 sen 137 bar 13 beat 0 hold 0
TIWATCH518 382 ti 133 ammo 80 scale 456 units 17 sen 136 bar 13 beat 0 hold 0
TIWATCH518 383 ti 130 ammo 80 scale 457 units 17 sen 137 bar 13 beat 0 hold 0
TIWATCH518 384 ti 149 ammo 80 scale 457 units 17 sen 137 bar 13 beat 0 hold 0
TIWATCH518 385 ti 158 ammo 80 scale 457 units 17 sen 137 bar 13 beat 0 hold 0
TIWATCH518 386 ti 177 ammo 80 scale 457 units 17 sen 137 bar 13 beat 0 hold 0
TIWATCH518 387 ti 196 ammo 80 scale 457 units 17 sen 137 bar 13 beat 0 hold 0
TIWATCH518 388 ti 205 ammo 80 scale 456 units 17 sen 136 bar 13 beat 0 hold 0
TIWATCH518 389 ti 192 ammo 80 scale 457 units 17 sen 137 bar 13 beat 0 hold 0
TIWATCH518 390 ti 211 ammo 80 scale 457 units 17 sen 137 bar 13 beat 0 hold 0
TIWATCH518 391 ti 230 ammo 80 scale 457 units 17 sen 137 bar 13 beat 0 hold 0
TIWATCH518 392 ti 249 ammo 80 scale 457 units 17 sen 137 bar 13 beat 0 hold 0
TIWATCH518 393 ti 258 ammo 80 scale 457 units 17 sen 137 bar 13 beat 0 hold 0
TIWATCH518 394 ti 267 ammo 80 scale 456 units 17 sen 136 bar 13 beat 0 hold 0
TIWATCH518 395 ti 264 ammo 80 scale 457 units 17 sen 137 bar 13 beat 0 hold 0
TIWATCH518 396 ti 283 ammo 80 scale 457 units 17 sen 137 bar 13 beat 0 hold 0
TIWATCH518 397 ti 292 ammo 80 scale 457 units 17 sen 137 bar 13 beat 0 hold 0
TIWATCH518 398 ti 311 ammo 80 scale 457 units 17 sen 137 bar 13 beat 0 hold 0
TIWATCH518 399 ti 330 ammo 80 scale 457 units 17 sen 137 bar 13 beat 0 hold 0
TIWATCH518 400 ti 339 ammo 80 scale 456 units 17 sen 136 bar 13 beat 0 hold 0
TIWATCH518 401 ti 326 ammo 80 scale 457 units 17 sen 137 bar 13 beat 0 hold 0
TIWATCH518 402 ti 345 ammo 80 scale 457 units 17 sen 137 bar 13 beat 0 hold 0
TIWATCH518 403 ti 364 ammo 80 scale 457 units 17 sen 137 bar 13 beat 0 hold 0
TIWATCH518 404 ti 383 ammo 80 scale 457 units 17 sen 137 bar 13 beat 0 hold 0
TIWATCH518 405 ti 382 ammo 80 scale 457 units 17 sen 137 bar 13 beat 0 hold 0
TIWATCH518 406 ti 391 ammo 80 scale 456 units 17 sen 136 bar 13 beat 0 hold 0
TIWATCH518 407 ti 388 ammo 80 scale 457 units 17 sen 137 bar 13 beat 0 hold 0
TIWATCH518 408 ti 407 ammo 80 scale 457 units 17 sen 137 bar 13 beat 0 hold 0
TIWATCH518 409 ti 279 ammo 80 scale 477 units 18 sen 143 bar 14 beat 0 hold 0
TIWATCH518 410 ti 155 ammo 76 scale 497 units 19 sen 149 bar 14 beat 0 hold 0
TICONV518 410 amt 4 floor 46
TIWATCH518 411 ti 170 ammo 76 scale 497 units 19 sen 149 bar 14 beat 0 hold 0
TICONV518 411 amt 4 floor 46
TIWATCH518 412 ti 175 ammo 80 scale 496 units 19 sen 148 bar 14 beat 0 hold 0
TIWATCH518 413 ti 161 ammo 80 scale 497 units 19 sen 149 bar 14 beat 0 hold 0
TIWATCH518 414 ti 180 ammo 80 scale 497 units 19 sen 149 bar 14 beat 0 hold 0
TIWATCH518 415 ti 199 ammo 80 scale 497 units 19 sen 149 bar 14 beat 0 hold 0
TIWATCH518 416 ti 218 ammo 80 scale 497 units 19 sen 149 bar 14 beat 0 hold 0
TIWATCH518 417 ti 227 ammo 80 scale 497 units 19 sen 149 bar 14 beat 0 hold 0
TIWATCH518 418 ti 236 ammo 80 scale 496 units 19 sen 148 bar 14 beat 0 hold 0
TIWATCH518 419 ti 232 ammo 80 scale 497 units 19 sen 149 bar 14 beat 0 hold 0
TIWATCH518 420 ti 251 ammo 80 scale 497 units 19 sen 149 bar 14 beat 0 hold 0
TIWATCH518 421 ti 260 ammo 80 scale 497 units 19 sen 149 bar 14 beat 0 hold 0
TIWATCH518 422 ti 130 ammo 80 scale 517 units 20 sen 155 bar 15 beat 0 hold 0
TIWATCH518 423 ti 149 ammo 80 scale 517 units 20 sen 155 bar 15 beat 0 hold 0
TIWATCH518 424 ti 158 ammo 80 scale 516 units 20 sen 154 bar 15 beat 0 hold 0
TIWATCH518 425 ti 143 ammo 80 scale 517 units 20 sen 155 bar 15 beat 0 hold 0
TIWATCH518 426 ti 162 ammo 80 scale 517 units 20 sen 155 bar 15 beat 0 hold 0
TIWATCH518 427 ti 181 ammo 80 scale 517 units 20 sen 155 bar 15 beat 0 hold 0
TIWATCH518 428 ti 200 ammo 80 scale 517 units 20 sen 155 bar 15 beat 0 hold 0
TIWATCH518 429 ti 199 ammo 80 scale 517 units 20 sen 155 bar 15 beat 0 hold 0
TIWATCH518 430 ti 208 ammo 80 scale 516 units 20 sen 154 bar 15 beat 0 hold 0
TIWATCH518 431 ti 203 ammo 80 scale 517 units 20 sen 155 bar 15 beat 0 hold 0
TIWATCH518 432 ti 222 ammo 80 scale 517 units 20 sen 155 bar 15 beat 0 hold 0
TIWATCH518 433 ti 231 ammo 80 scale 517 units 20 sen 155 bar 15 beat 0 hold 0
TIWATCH518 434 ti 250 ammo 80 scale 517 units 20 sen 155 bar 15 beat 0 hold 0
TIWATCH518 435 ti 269 ammo 80 scale 517 units 20 sen 155 bar 15 beat 0 hold 0
TIWATCH518 436 ti 278 ammo 80 scale 516 units 20 sen 154 bar 15 beat 0 hold 0
TIWATCH518 437 ti 263 ammo 80 scale 517 units 20 sen 155 bar 15 beat 0 hold 0
TIWATCH518 438 ti 127 ammo 80 scale 537 units 21 sen 161 bar 16 beat 0 hold 0
TIWATCH518 439 ti 146 ammo 70 scale 537 units 21 sen 161 bar 16 beat 1 hold 0
TICONV518 439 amt 30 floor 32
TIWATCH518 440 ti 135 ammo 100 scale 537 units 21 sen 161 bar 16 beat 1 hold 0
TICONV518 440 amt 30 floor 32
TIWATCH518 441 ti 114 ammo 120 scale 537 units 21 sen 161 bar 16 beat 1 hold 0
TICONV518 441 amt 30 floor 32
TIWATCH518 442 ti 93 ammo 150 scale 517 units 20 sen 155 bar 15 beat 1 hold 0
TIWATCH518 443 ti 102 ammo 140 scale 517 units 20 sen 155 bar 15 beat 1 hold 0
TICONV518 443 amt 30 floor 30
TIWATCH518 444 ti 91 ammo 170 scale 516 units 20 sen 154 bar 15 beat 1 hold 0
TIWATCH518 445 ti 86 ammo 146 scale 517 units 20 sen 155 bar 15 beat 1 hold 0
TICONV518 445 amt 30 floor 30
TIWATCH518 446 ti 75 ammo 176 scale 517 units 20 sen 155 bar 15 beat 1 hold 0
TIWATCH518 447 ti 94 ammo 166 scale 517 units 20 sen 155 bar 15 beat 1 hold 0
TIWATCH518 448 ti 113 ammo 166 scale 517 units 20 sen 155 bar 15 beat 1 hold 0
TIWATCH518 449 ti 122 ammo 156 scale 517 units 20 sen 155 bar 15 beat 1 hold 0
TIWATCH518 450 ti 131 ammo 156 scale 516 units 20 sen 154 bar 15 beat 1 hold 0
TIWATCH518 451 ti 126 ammo 146 scale 517 units 20 sen 155 bar 15 beat 1 hold 0
TICONV518 451 amt 30 floor 30
TIWATCH518 452 ti 115 ammo 176 scale 517 units 20 sen 155 bar 15 beat 1 hold 0
TIWATCH518 453 ti 124 ammo 166 scale 517 units 20 sen 155 bar 15 beat 1 hold 0
TIWATCH518 454 ti 143 ammo 166 scale 517 units 20 sen 155 bar 15 beat 1 hold 0
TIWATCH518 455 ti 162 ammo 156 scale 517 units 20 sen 155 bar 15 beat 1 hold 0
TICONV518 455 amt 3 floor 159
TIWATCH518 456 ti 168 ammo 159 scale 516 units 20 sen 154 bar 15 beat 1 hold 0
TICONV518 456 amt 10 floor 158
TIWATCH518 457 ti 143 ammo 159 scale 517 units 20 sen 155 bar 15 beat 1 hold 0
TIWATCH518 458 ti 162 ammo 159 scale 517 units 20 sen 155 bar 15 beat 1 hold 0
TICONV518 458 amt 3 floor 159
TIWATCH518 459 ti 178 ammo 152 scale 517 units 20 sen 155 bar 15 beat 1 hold 0
TICONV518 459 amt 19 floor 159
TIWATCH518 460 ti 178 ammo 171 scale 517 units 20 sen 155 bar 15 beat 1 hold 0
TICONV518 460 amt 19 floor 159
TIWATCH518 461 ti 158 ammo 180 scale 517 units 20 sen 155 bar 15 beat 1 hold 0
TIWATCH518 462 ti 167 ammo 180 scale 516 units 20 sen 154 bar 15 beat 1 hold 0
TICONV518 462 amt 9 floor 158
TIWATCH518 463 ti 153 ammo 179 scale 517 units 20 sen 155 bar 15 beat 1 hold 0
TIWATCH518 464 ti 172 ammo 179 scale 517 units 20 sen 155 bar 15 beat 1 hold 0
TICONV518 464 amt 13 floor 159
TIWATCH518 465 ti 168 ammo 182 scale 517 units 20 sen 155 bar 15 beat 1 hold 0
TICONV518 465 amt 9 floor 159
TIWATCH518 466 ti 178 ammo 191 scale 517 units 20 sen 155 bar 15 beat 1 hold 0
TICONV518 466 amt 19 floor 159
TIWATCH518 467 ti 178 ammo 200 scale 517 units 20 sen 155 bar 15 beat 1 hold 0
TICONV518 467 amt 19 floor 159
TIWATCH518 468 ti 168 ammo 219 scale 516 units 20 sen 154 bar 15 beat 1 hold 0
TICONV518 468 amt 10 floor 158
TIWATCH518 469 ti 143 ammo 219 scale 517 units 20 sen 155 bar 15 beat 1 hold 0
TIWATCH518 470 ti 162 ammo 219 scale 517 units 20 sen 155 bar 15 beat 1 hold 0
TICONV518 470 amt 3 floor 159
TIWATCH518 471 ti 178 ammo 212 scale 517 units 20 sen 155 bar 15 beat 1 hold 0
TICONV518 471 amt 19 floor 159
TIWATCH518 472 ti 178 ammo 231 scale 517 units 20 sen 155 bar 15 beat 1 hold 0
TICONV518 472 amt 19 floor 159
TIWATCH518 473 ti 168 ammo 240 scale 517 units 20 sen 155 bar 15 beat 1 hold 0
TICONV518 473 amt 9 floor 159
TIWATCH518 474 ti 168 ammo 249 scale 516 units 20 sen 154 bar 15 beat 1 hold 0
TICONV518 474 amt 10 floor 158
TIWATCH518 475 ti 153 ammo 249 scale 517 units 20 sen 155 bar 15 beat 1 hold 0
TIWATCH518 476 ti 172 ammo 249 scale 517 units 20 sen 155 bar 15 beat 1 hold 0
TICONV518 476 amt 13 floor 159
TIWATCH518 477 ti 168 ammo 252 scale 517 units 20 sen 155 bar 15 beat 1 hold 0
TICONV518 477 amt 9 floor 159
TIWATCH518 478 ti 178 ammo 261 scale 517 units 20 sen 155 bar 15 beat 1 hold 0
TICONV518 478 amt 19 floor 159
TIWATCH518 479 ti 178 ammo 270 scale 517 units 20 sen 155 bar 15 beat 1 hold 0
TICONV518 479 amt 19 floor 159
TIWATCH518 480 ti 168 ammo 289 scale 516 units 20 sen 154 bar 15 beat 1 hold 0
TICONV518 480 amt 10 floor 158
TIWATCH518 481 ti 143 ammo 289 scale 517 units 20 sen 155 bar 15 beat 1 hold 0
TIWATCH518 482 ti 162 ammo 289 scale 517 units 20 sen 155 bar 15 beat 1 hold 0
TICONV518 482 amt 3 floor 159
TIWATCH518 483 ti 178 ammo 282 scale 517 units 20 sen 155 bar 15 beat 1 hold 0
TICONV518 483 amt 18 floor 159
TIWATCH518 484 ti 179 ammo 300 scale 517 units 20 sen 155 bar 15 beat 1 hold 0
TIWATCH518 485 ti 178 ammo 290 scale 517 units 20 sen 155 bar 15 beat 1 hold 0
TICONV518 485 amt 10 floor 159
TIWATCH518 486 ti 177 ammo 300 scale 516 units 20 sen 154 bar 15 beat 1 hold 0
TIWATCH518 487 ti 172 ammo 290 scale 517 units 20 sen 155 bar 15 beat 1 hold 0
TICONV518 487 amt 10 floor 159
TIWATCH518 488 ti 181 ammo 300 scale 517 units 20 sen 155 bar 15 beat 1 hold 0
TIWATCH518 489 ti 190 ammo 290 scale 517 units 20 sen 155 bar 15 beat 1 hold 0
TICONV518 489 amt 10 floor 159
TIWATCH518 490 ti 199 ammo 300 scale 517 units 20 sen 155 bar 15 beat 1 hold 0
TIWATCH518 491 ti 218 ammo 290 scale 517 units 20 sen 155 bar 15 beat 1 hold 0
TICONV518 491 amt 10 floor 159
TIWATCH518 492 ti 217 ammo 300 scale 516 units 20 sen 154 bar 15 beat 1 hold 0
TIWATCH518 493 ti 202 ammo 290 scale 517 units 20 sen 155 bar 15 beat 1 hold 0
TICONV518 493 amt 10 floor 159
TIWATCH518 494 ti 211 ammo 300 scale 517 units 20 sen 155 bar 15 beat 1 hold 0
TIWATCH518 495 ti 230 ammo 290 scale 517 units 20 sen 155 bar 15 beat 1 hold 0
TICONV518 495 amt 10 floor 159
TIWATCH518 496 ti 239 ammo 300 scale 517 units 20 sen 155 bar 15 beat 1 hold 0
TIWATCH518 497 ti 248 ammo 290 scale 517 units 20 sen 155 bar 15 beat 1 hold 0
TICONV518 497 amt 10 floor 159
TIWATCH518 498 ti 247 ammo 300 scale 516 units 20 sen 154 bar 15 beat 1 hold 0
TIWATCH518 499 ti 242 ammo 290 scale 517 units 20 sen 155 bar 15 beat 1 hold 0
TICONV518 499 amt 10 floor 159
TIWATCH518 500 ti 251 ammo 300 scale 517 units 20 sen 155 bar 15 beat 1 hold 0
TIWATCH518 501 ti 260 ammo 290 scale 517 units 20 sen 155 bar 15 beat 1 hold 0
TICONV518 501 amt 10 floor 159
TIWATCH518 502 ti 269 ammo 300 scale 517 units 20 sen 155 bar 15 beat 1 hold 0
TIWATCH518 503 ti 288 ammo 290 scale 517 units 20 sen 155 bar 15 beat 1 hold 0
TICONV518 503 amt 10 floor 159
TIWATCH518 504 ti 287 ammo 300 scale 516 units 20 sen 154 bar 15 beat 1 hold 0
TIWATCH518 505 ti 272 ammo 290 scale 517 units 20 sen 155 bar 15 beat 1 hold 0
TICONV518 505 amt 10 floor 159
TIWATCH518 506 ti 281 ammo 300 scale 517 units 20 sen 155 bar 15 beat 1 hold 0
TIWATCH518 507 ti 300 ammo 290 scale 517 units 20 sen 155 bar 15 beat 1 hold 0
TICONV518 507 amt 10 floor 159
TIWATCH518 508 ti 309 ammo 300 scale 517 units 20 sen 155 bar 15 beat 1 hold 0
TIWATCH518 509 ti 308 ammo 290 scale 517 units 20 sen 155 bar 15 beat 1 hold 0
TICONV518 509 amt 10 floor 159
TIWATCH518 510 ti 307 ammo 300 scale 516 units 20 sen 154 bar 15 beat 1 hold 0
TIWATCH518 511 ti 302 ammo 290 scale 517 units 20 sen 155 bar 15 beat 1 hold 0
TICONV518 511 amt 10 floor 159
TIWATCH518 512 ti 311 ammo 300 scale 517 units 20 sen 155 bar 15 beat 1 hold 0
TIWATCH518 513 ti 320 ammo 290 scale 517 units 20 sen 155 bar 15 beat 1 hold 0
TICONV518 513 amt 10 floor 159
TIWATCH518 514 ti 329 ammo 300 scale 517 units 20 sen 155 bar 15 beat 1 hold 0
TIWATCH518 515 ti 348 ammo 290 scale 517 units 20 sen 155 bar 15 beat 1 hold 0
TICONV518 515 amt 10 floor 159
TIWATCH518 516 ti 347 ammo 300 scale 517 units 20 sen 155 bar 15 beat 1 hold 0
TIWATCH518 517 ti 346 ammo 290 scale 517 units 20 sen 155 bar 15 beat 1 hold 0
TICONV518 517 amt 10 floor 159
TIWATCH518 518 ti 355 ammo 300 scale 517 units 20 sen 155 bar 15 beat 1 hold 0
TIWATCH518 519 ti 374 ammo 290 scale 517 units 20 sen 155 bar 15 beat 1 hold 0
TICONV518 519 amt 10 floor 159
TIWATCH518 520 ti 383 ammo 300 scale 516 units 20 sen 154 bar 15 beat 1 hold 0
TIWATCH518 521 ti 378 ammo 290 scale 517 units 20 sen 155 bar 15 beat 1 hold 0
TICONV518 521 amt 10 floor 159
TIWATCH518 522 ti 377 ammo 300 scale 517 units 20 sen 155 bar 15 beat 1 hold 0
TIWATCH518 523 ti 396 ammo 290 scale 517 units 20 sen 155 bar 15 beat 1 hold 0
TICONV518 523 amt 10 floor 159
TIWATCH518 524 ti 405 ammo 300 scale 517 units 20 sen 155 bar 15 beat 1 hold 0
TIWATCH518 525 ti 404 ammo 290 scale 517 units 20 sen 155 bar 15 beat 1 hold 0
TICONV518 525 amt 10 floor 159
TIWATCH518 526 ti 403 ammo 300 scale 517 units 20 sen 155 bar 15 beat 1 hold 0
TIWATCH518 527 ti 412 ammo 290 scale 517 units 20 sen 155 bar 15 beat 1 hold 0
TICONV518 527 amt 10 floor 159
TIWATCH518 528 ti 421 ammo 300 scale 517 units 20 sen 155 bar 15 beat 1 hold 0
TIWATCH518 529 ti 430 ammo 290 scale 517 units 20 sen 155 bar 15 beat 1 hold 0
TICONV518 529 amt 10 floor 159
TIWATCH518 530 ti 439 ammo 300 scale 517 units 20 sen 155 bar 15 beat 1 hold 0
TIWATCH518 531 ti 458 ammo 290 scale 517 units 20 sen 155 bar 15 beat 1 hold 0
TICONV518 531 amt 10 floor 159
TIWATCH518 532 ti 467 ammo 300 scale 516 units 20 sen 154 bar 15 beat 1 hold 0
TIWATCH518 533 ti 452 ammo 290 scale 517 units 20 sen 155 bar 15 beat 1 hold 0
TICONV518 533 amt 10 floor 159
TIWATCH518 534 ti 461 ammo 300 scale 517 units 20 sen 155 bar 15 beat 1 hold 0
TIWATCH518 535 ti 480 ammo 290 scale 517 units 20 sen 155 bar 15 beat 1 hold 0
TICONV518 535 amt 10 floor 159
TIWATCH518 536 ti 489 ammo 300 scale 517 units 20 sen 155 bar 15 beat 1 hold 0
TIWATCH518 537 ti 498 ammo 290 scale 517 units 20 sen 155 bar 15 beat 1 hold 0
TICONV518 537 amt 10 floor 159
TIWATCH518 538 ti 497 ammo 300 scale 517 units 20 sen 155 bar 15 beat 1 hold 0
TIWATCH518 539 ti 506 ammo 290 scale 517 units 20 sen 155 bar 15 beat 1 hold 0
TICONV518 539 amt 10 floor 159
TIWATCH518 540 ti 515 ammo 300 scale 517 units 20 sen 155 bar 15 beat 1 hold 0
TIWATCH518 541 ti 524 ammo 290 scale 517 units 20 sen 155 bar 15 beat 1 hold 0
TICONV518 541 amt 10 floor 159
TIWATCH518 542 ti 533 ammo 300 scale 517 units 20 sen 155 bar 15 beat 1 hold 0
TIWATCH518 543 ti 552 ammo 290 scale 517 units 20 sen 155 bar 15 beat 1 hold 0
TICONV518 543 amt 10 floor 159
TIWATCH518 544 ti 561 ammo 300 scale 516 units 20 sen 154 bar 15 beat 1 hold 0
TIWATCH518 545 ti 556 ammo 290 scale 517 units 20 sen 155 bar 15 beat 1 hold 0
TICONV518 545 amt 10 floor 159
TIWATCH518 546 ti 555 ammo 300 scale 517 units 20 sen 155 bar 15 beat 1 hold 0
TIWATCH518 547 ti 574 ammo 290 scale 517 units 20 sen 155 bar 15 beat 1 hold 0
TICONV518 547 amt 10 floor 159
TIWATCH518 548 ti 583 ammo 300 scale 517 units 20 sen 155 bar 15 beat 1 hold 0
TIWATCH518 549 ti 582 ammo 290 scale 517 units 20 sen 155 bar 15 beat 1 hold 0
TICONV518 549 amt 10 floor 159
TIWATCH518 550 ti 581 ammo 300 scale 517 units 20 sen 155 bar 15 beat 1 hold 0
TIWATCH518 551 ti 590 ammo 290 scale 517 units 20 sen 155 bar 15 beat 1 hold 0
TICONV518 551 amt 10 floor 159
TIWATCH518 552 ti 599 ammo 300 scale 517 units 20 sen 155 bar 15 beat 1 hold 0
TIWATCH518 553 ti 608 ammo 290 scale 517 units 20 sen 155 bar 15 beat 1 hold 0
TICONV518 553 amt 10 floor 159
TIWATCH518 554 ti 617 ammo 300 scale 517 units 20 sen 155 bar 15 beat 1 hold 0
TIWATCH518 555 ti 636 ammo 290 scale 517 units 20 sen 155 bar 15 beat 1 hold 0
TICONV518 555 amt 10 floor 159
TIWATCH518 556 ti 645 ammo 300 scale 516 units 20 sen 154 bar 15 beat 1 hold 0
TIWATCH518 557 ti 630 ammo 290 scale 517 units 20 sen 155 bar 15 beat 1 hold 0
TICONV518 557 amt 10 floor 159
TIWATCH518 558 ti 639 ammo 300 scale 517 units 20 sen 155 bar 15 beat 1 hold 0
TIWATCH518 559 ti 658 ammo 290 scale 517 units 20 sen 155 bar 15 beat 1 hold 0
TICONV518 559 amt 10 floor 159
TIWATCH518 560 ti 667 ammo 300 scale 517 units 20 sen 155 bar 15 beat 1 hold 0
TIWATCH518 561 ti 676 ammo 290 scale 517 units 20 sen 155 bar 15 beat 1 hold 0
TICONV518 561 amt 10 floor 159
TIWATCH518 562 ti 675 ammo 300 scale 517 units 20 sen 155 bar 15 beat 1 hold 0
TIWATCH518 563 ti 684 ammo 290 scale 517 units 20 sen 155 bar 15 beat 1 hold 0
TICONV518 563 amt 10 floor 159
TIWATCH518 564 ti 693 ammo 300 scale 517 units 20 sen 155 bar 15 beat 1 hold 0
TIWATCH518 565 ti 702 ammo 290 scale 517 units 20 sen 155 bar 15 beat 1 hold 0
TICONV518 565 amt 10 floor 159
TIWATCH518 566 ti 711 ammo 300 scale 517 units 20 sen 155 bar 15 beat 1 hold 0
TIWATCH518 567 ti 575 ammo 290 scale 537 units 21 sen 161 bar 16 beat 1 hold 0
TICONV518 567 amt 10 floor 165
TIWATCH518 568 ti 584 ammo 300 scale 536 units 21 sen 160 bar 16 beat 1 hold 0
TIWATCH518 569 ti 578 ammo 290 scale 537 units 21 sen 161 bar 16 beat 1 hold 0
TICONV518 569 amt 10 floor 165
TIWATCH518 570 ti 577 ammo 300 scale 537 units 21 sen 161 bar 16 beat 1 hold 0
TIWATCH518 571 ti 596 ammo 290 scale 537 units 21 sen 161 bar 16 beat 1 hold 0
TICONV518 571 amt 10 floor 165
TIWATCH518 572 ti 605 ammo 300 scale 537 units 21 sen 161 bar 16 beat 1 hold 0
TIWATCH518 573 ti 604 ammo 290 scale 537 units 21 sen 161 bar 16 beat 1 hold 0
TICONV518 573 amt 10 floor 165
TIWATCH518 574 ti 603 ammo 300 scale 537 units 21 sen 161 bar 16 beat 1 hold 0
TIWATCH518 575 ti 612 ammo 290 scale 537 units 21 sen 161 bar 16 beat 1 hold 0
TICONV518 575 amt 10 floor 165
TIWATCH518 576 ti 621 ammo 300 scale 537 units 21 sen 161 bar 16 beat 1 hold 0
TIWATCH518 577 ti 630 ammo 290 scale 537 units 21 sen 161 bar 16 beat 1 hold 0
TICONV518 577 amt 10 floor 165
TIWATCH518 578 ti 639 ammo 300 scale 537 units 21 sen 161 bar 16 beat 1 hold 0
TIWATCH518 579 ti 657 ammo 290 scale 537 units 21 sen 161 bar 16 beat 1 hold 0
TICONV518 579 amt 10 floor 165
TIWATCH518 580 ti 665 ammo 300 scale 537 units 21 sen 161 bar 16 beat 1 hold 0
TIWATCH518 581 ti 663 ammo 290 scale 537 units 21 sen 161 bar 16 beat 1 hold 0
TICONV518 581 amt 10 floor 165
TIWATCH518 582 ti 671 ammo 300 scale 537 units 21 sen 161 bar 16 beat 1 hold 0
TIWATCH518 583 ti 689 ammo 290 scale 537 units 21 sen 161 bar 16 beat 1 hold 0
TICONV518 583 amt 10 floor 165
TIWATCH518 584 ti 697 ammo 300 scale 537 units 21 sen 161 bar 16 beat 1 hold 0
TIWATCH518 585 ti 705 ammo 290 scale 537 units 21 sen 161 bar 16 beat 1 hold 0
TICONV518 585 amt 10 floor 165
TIWATCH518 586 ti 704 ammo 300 scale 537 units 21 sen 161 bar 16 beat 1 hold 0
TIWATCH518 587 ti 563 ammo 290 scale 557 units 22 sen 167 bar 16 beat 1 hold 0
TICONV518 587 amt 10 floor 171
TIWATCH518 588 ti 573 ammo 300 scale 557 units 22 sen 167 bar 16 beat 1 hold 0
TIWATCH518 589 ti 573 ammo 290 scale 556 units 22 sen 166 bar 16 beat 1 hold 0
TICONV518 589 amt 10 floor 170
TIWATCH518 590 ti 583 ammo 300 scale 556 units 22 sen 166 bar 16 beat 1 hold 0
TIWATCH518 591 ti 603 ammo 290 scale 556 units 22 sen 166 bar 16 beat 1 hold 0
TICONV518 591 amt 10 floor 170
TIWATCH518 592 ti 613 ammo 300 scale 556 units 22 sen 166 bar 16 beat 1 hold 0
TIWATCH518 593 ti 623 ammo 290 scale 556 units 22 sen 166 bar 16 beat 1 hold 0
TICONV518 593 amt 10 floor 170
TIWATCH518 594 ti 623 ammo 300 scale 556 units 22 sen 166 bar 16 beat 1 hold 0
TIWATCH518 595 ti 633 ammo 290 scale 556 units 22 sen 166 bar 16 beat 1 hold 0
TICONV518 595 amt 10 floor 170
TIWATCH518 596 ti 467 ammo 300 scale 576 units 23 sen 172 bar 17 beat 1 hold 0
TIWATCH518 597 ti 467 ammo 280 scale 576 units 23 sen 172 bar 17 beat 1 hold 0
TICONV518 597 amt 20 floor 176
TIWATCH518 598 ti 285 ammo 300 scale 596 units 24 sen 178 bar 17 beat 1 hold 0
TIWATCH518 599 ti 295 ammo 270 scale 596 units 24 sen 178 bar 17 beat 1 hold 0
TICONV518 599 amt 30 floor 34
TIWATCH518 600 ti 97 ammo 300 scale 616 units 25 sen 184 bar 18 beat 1 hold 0
TIWATCH518 601 ti 97 ammo 260 scale 616 units 25 sen 184 bar 18 beat 1 hold 0
TICONV518 601 amt 30 floor 36
TIWATCH518 602 ti 77 ammo 290 scale 616 units 25 sen 184 bar 18 beat 1 hold 0
TICONV518 602 amt 10 floor 36
TIWATCH518 603 ti 77 ammo 260 scale 616 units 25 sen 184 bar 18 beat 1 hold 0
TICONV518 603 amt 30 floor 36
TIWATCH518 604 ti 39 ammo 290 scale 617 units 25 sen 185 bar 18 beat 1 hold 0
TICONV518 604 amt 3 floor 36
TIWATCH518 605 ti 36 ammo 253 scale 617 units 25 sen 185 bar 18 beat 1 hold 0
TIWATCH518 606 ti 46 ammo 253 scale 617 units 25 sen 185 bar 18 beat 1 hold 0
TICONV518 606 amt 10 floor 36
TIWATCH518 607 ti 46 ammo 223 scale 617 units 25 sen 185 bar 18 beat 1 hold 0
TICONV518 607 amt 10 floor 36
TIWATCH518 608 ti 46 ammo 233 scale 617 units 25 sen 185 bar 18 beat 1 hold 0
TICONV518 608 amt 10 floor 36
