Update available: 2.3.6 -> 2.3.8. Run: pip install --upgrade fcode
TIWATCH518 0 ti 500 ammo 0 scale 100 units 1 sen 30 bar 3 beat 0 hold 0
TIWATCH518 1 ti 470 ammo 0 scale 120 units 2 sen 36 bar 3 beat 0 hold 0
TIWATCH518 2 ti 406 ammo 0 scale 150 units 4 sen 45 bar 4 beat 0 hold 0
TIWATCH518 3 ti 327 ammo 0 scale 165 units 4 sen 49 bar 4 beat 0 hold 0
TIWATCH518 4 ti 294 ammo 0 scale 177 units 5 sen 53 bar 5 beat 0 hold 0
TIWATCH518 5 ti 294 ammo 0 scale 167 units 4 sen 50 bar 5 beat 0 hold 0
GATE515 5 salt 0 eco 0 orth 8 floor 0
GAP518 5 id 3 code GATE live 0 salt 0 eco 0 ti 294 sen 50 bar 5 need 9 orth 8 floor 0
GATE515 5 salt 0 eco 0 orth 8 floor 0
GATE515 5 salt 0 eco 0 orth 8 floor 0
TIWATCH518 6 ti 304 ammo 0 scale 167 units 4 sen 50 bar 5 beat 0 hold 0
GATE515 6 salt 0 eco 0 orth 8 floor 0
GAP518 6 id 3 code GATE live 0 salt 0 eco 0 ti 254 sen 56 bar 5 need 9 orth 8 floor 0
GATE515 6 salt 0 eco 0 orth 8 floor 0
TIWATCH518 7 ti 178 ammo 0 scale 202 units 6 sen 60 bar 6 beat 0 hold 0
TICONV518 7 amt 16 floor 52
GAP518 7 id 3 code DODGE live -1 salt -1 eco -1 ti -1 sen -1 bar -1 need -1 orth -1 floor 0
TIWATCH518 8 ti 106 ammo 16 scale 223 units 7 sen 66 bar 6 beat 0 hold 0
GATE515 8 salt 0 eco 1 orth 8 floor 0
GAP518 8 id 3 code FUND live 0 salt 0 eco 1 ti 106 sen 66 bar 6 need 9 orth 8 floor 0
GATE515 8 salt 0 eco 1 orth 8 floor 0
TIWATCH518 9 ti 100 ammo 16 scale 224 units 7 sen 67 bar 6 beat 0 hold 0
GATE515 9 salt 0 eco 1 orth 7 floor 0
GAP518 9 id 3 code FUND live 0 salt 0 eco 1 ti 100 sen 67 bar 6 need 8 orth 7 floor 0
GATE515 9 salt 0 eco 1 orth 7 floor 0
TIWATCH518 10 ti 98 ammo 16 scale 216 units 6 sen 64 bar 6 beat 0 hold 0
GATE515 10 salt 0 eco 1 orth 6 floor 0
GAP518 10 id 3 code FUND live 0 salt 0 eco 1 ti 98 sen 64 bar 6 need 7 orth 6 floor 0
GATE515 10 salt 0 eco 1 orth 6 floor 0
GATE515 10 salt 0 eco 1 orth 6 floor 0
TIWATCH518 11 ti 98 ammo 16 scale 216 units 6 sen 64 bar 6 beat 0 hold 0
GAP518 11 id 3 code DODGE live -1 salt -1 eco -1 ti -1 sen -1 bar -1 need -1 orth -1 floor 0
TIWATCH518 12 ti 118 ammo 16 scale 216 units 6 sen 64 bar 6 beat 0 hold 0
GAP518 12 id 3 code DODGE live -1 salt -1 eco -1 ti -1 sen -1 bar -1 need -1 orth -1 floor 0
TIWATCH518 13 ti 118 ammo 16 scale 216 units 6 sen 64 bar 6 beat 0 hold 0
GATE515 13 salt 0 eco 1 orth 6 floor 0
GAP518 13 id 3 code BUSY23 live 0 salt 0 eco 1 ti 118 sen 64 bar 6 need 7 orth 6 floor 0
GATE515 13 salt 0 eco 1 orth 6 floor 0
TWIN517 13 at (12, 3) hold 0 live 1 floor 4 rebuy 24 ti 54 cost 64 n 1
SENT515 13 at (12, 3) n 1 gate (13, 0, 1, 6) latch (1, 1, 7)
EARLY518 13 id 3 ti 118 need 7 orth 6 rung1 0 pend 0 n 1
TIWATCH518 14 ti 64 ammo 16 scale 236 units 7 sen 70 bar 7 beat 0 hold 0
GAP518 14 id 3 code HAVE live 1 salt -1 eco -1 ti 64 sen 70 bar 7 need 7 orth 6 floor 0
GATE515 14 salt 0 eco 1 orth 6 floor 0
TIWATCH518 15 ti 64 ammo 6 scale 216 units 6 sen 64 bar 6 beat 1 hold 0
TICONV518 15 amt 30 floor 12
TIWATCH518 16 ti 54 ammo 36 scale 216 units 6 sen 64 bar 6 beat 1 hold 0
TICONV518 16 amt 30 floor 12
TIWATCH518 17 ti 24 ammo 56 scale 216 units 6 sen 64 bar 6 beat 1 hold 0
TICONV518 17 amt 12 floor 12
TIWATCH518 18 ti 22 ammo 68 scale 216 units 6 sen 64 bar 6 beat 1 hold 0
TICONV518 18 amt 10 floor 12
TIWATCH518 19 ti 12 ammo 68 scale 216 units 6 sen 64 bar 6 beat 1 hold 0
TIWATCH518 20 ti 32 ammo 68 scale 216 units 6 sen 64 bar 6 beat 1 hold 0
TICONV518 20 amt 20 floor 12
TIWATCH518 21 ti 12 ammo 78 scale 216 units 6 sen 64 bar 6 beat 1 hold 0
TIWATCH518 22 ti 22 ammo 78 scale 216 units 6 sen 64 bar 6 beat 1 hold 0
TICONV518 22 amt 10 floor 12
TIWATCH518 23 ti 12 ammo 78 scale 216 units 6 sen 64 bar 6 beat 1 hold 0
TIWATCH518 24 ti 32 ammo 78 scale 216 units 6 sen 64 bar 6 beat 1 hold 0
TICONV518 24 amt 20 floor 12
TIWATCH518 25 ti 12 ammo 88 scale 216 units 6 sen 64 bar 6 beat 1 hold 0
TIWATCH518 26 ti 22 ammo 88 scale 215 units 6 sen 64 bar 6 beat 1 hold 0
TICONV518 26 amt 10 floor 12
TIWATCH518 27 ti 12 ammo 88 scale 215 units 6 sen 64 bar 6 beat 1 hold 0
TIWATCH518 28 ti 32 ammo 88 scale 215 units 6 sen 64 bar 6 beat 1 hold 0
TICONV518 28 amt 20 floor 12
TIWATCH518 29 ti 12 ammo 98 scale 215 units 6 sen 64 bar 6 beat 1 hold 0
TIWATCH518 30 ti 22 ammo 98 scale 215 units 6 sen 64 bar 6 beat 1 hold 0
TICONV518 30 amt 10 floor 12
TIWATCH518 31 ti 12 ammo 98 scale 215 units 6 sen 64 bar 6 beat 1 hold 0
TIWATCH518 32 ti 32 ammo 98 scale 215 units 6 sen 64 bar 6 beat 1 hold 0
TICONV518 32 amt 20 floor 12
TIWATCH518 33 ti 12 ammo 118 scale 215 units 6 sen 64 bar 6 beat 1 hold 1
TWINRES518 33 ti 12 ammo 118 sen 64 bar 6 res 82 floor 82 bind 1 rounds 1 until 63
TIWATCH518 34 ti 22 ammo 118 scale 215 units 6 sen 64 bar 6 beat 1 hold 1
TWINRES518 34 ti 22 ammo 118 sen 64 bar 6 res 82 floor 82 bind 2 rounds 2 until 64
TIWATCH518 35 ti 22 ammo 118 scale 215 units 6 sen 64 bar 6 beat 1 hold 1
TWINRES518 35 ti 22 ammo 118 sen 64 bar 6 res 82 floor 82 bind 3 rounds 3 until 65
TIWATCH518 36 ti 42 ammo 118 scale 215 units 6 sen 64 bar 6 beat 1 hold 1
TWINRES518 36 ti 42 ammo 118 sen 64 bar 6 res 82 floor 82 bind 4 rounds 4 until 66
TIWATCH518 37 ti 42 ammo 118 scale 215 units 6 sen 64 bar 6 beat 1 hold 1
TWINRES518 37 ti 42 ammo 118 sen 64 bar 6 res 82 floor 82 bind 5 rounds 5 until 67
TIWATCH518 38 ti 52 ammo 118 scale 215 units 6 sen 64 bar 6 beat 1 hold 1
TWINRES518 38 ti 52 ammo 118 sen 64 bar 6 res 82 floor 82 bind 6 rounds 6 until 68
TIWATCH518 39 ti 9 ammo 108 scale 220 units 6 sen 66 bar 6 beat 1 hold 1
TWINRES518 39 ti 9 ammo 108 sen 66 bar 6 res 84 floor 84 bind 7 rounds 7 until 69
TIWATCH518 40 ti 29 ammo 108 scale 220 units 6 sen 66 bar 6 beat 1 hold 1
TWINRES518 40 ti 29 ammo 108 sen 66 bar 6 res 84 floor 84 bind 8 rounds 8 until 70
TIWATCH518 41 ti 29 ammo 108 scale 220 units 6 sen 66 bar 6 beat 1 hold 1
TWINRES518 41 ti 29 ammo 108 sen 66 bar 6 res 84 floor 84 bind 9 rounds 9 until 71
TIWATCH518 42 ti 39 ammo 108 scale 220 units 6 sen 66 bar 6 beat 1 hold 1
TWINRES518 42 ti 39 ammo 108 sen 66 bar 6 res 84 floor 84 bind 10 rounds 10 until 72
TIWATCH518 43 ti 33 ammo 108 scale 221 units 6 sen 66 bar 6 beat 1 hold 1
TWINRES518 43 ti 33 ammo 108 sen 66 bar 6 res 84 floor 84 bind 11 rounds 11 until 73
TIWATCH518 44 ti 53 ammo 108 scale 221 units 6 sen 66 bar 6 beat 1 hold 1
TWINRES518 44 ti 53 ammo 108 sen 66 bar 6 res 84 floor 84 bind 12 rounds 12 until 74
TIWATCH518 45 ti 3 ammo 108 scale 227 units 6 sen 68 bar 6 beat 1 hold 1
TWINRES518 45 ti 3 ammo 108 sen 68 bar 6 res 86 floor 86 bind 13 rounds 13 until 75
TIWATCH518 46 ti 13 ammo 108 scale 227 units 6 sen 68 bar 6 beat 1 hold 1
TWINRES518 46 ti 13 ammo 108 sen 68 bar 6 res 86 floor 86 bind 14 rounds 14 until 76
TIWATCH518 47 ti 1 ammo 108 scale 229 units 6 sen 68 bar 6 beat 1 hold 1
TWINRES518 47 ti 1 ammo 108 sen 68 bar 6 res 86 floor 86 bind 15 rounds 15 until 77
TIWATCH518 48 ti 20 ammo 108 scale 229 units 6 sen 68 bar 6 beat 1 hold 1
TWINRES518 48 ti 20 ammo 108 sen 68 bar 6 res 86 floor 86 bind 16 rounds 16 until 78
TIWATCH518 49 ti 13 ammo 108 scale 230 units 6 sen 69 bar 6 beat 1 hold 1
TWINRES518 49 ti 13 ammo 108 sen 69 bar 6 res 87 floor 87 bind 17 rounds 17 until 79
TIWATCH518 50 ti 22 ammo 108 scale 230 units 6 sen 69 bar 6 beat 1 hold 1
TWINRES518 50 ti 22 ammo 108 sen 69 bar 6 res 87 floor 87 bind 18 rounds 18 until 80
TIWATCH518 51 ti 9 ammo 108 scale 232 units 6 sen 69 bar 6 beat 1 hold 1
TWINRES518 51 ti 9 ammo 108 sen 69 bar 6 res 87 floor 87 bind 19 rounds 19 until 81
TIWATCH518 52 ti 28 ammo 108 scale 232 units 6 sen 69 bar 6 beat 1 hold 1
TWINRES518 52 ti 28 ammo 108 sen 69 bar 6 res 87 floor 87 bind 20 rounds 20 until 82
TIWATCH518 53 ti 21 ammo 108 scale 233 units 6 sen 69 bar 6 beat 1 hold 1
TWINRES518 53 ti 21 ammo 108 sen 69 bar 6 res 87 floor 87 bind 21 rounds 21 until 83
TIWATCH518 54 ti 24 ammo 108 scale 234 units 6 sen 70 bar 7 beat 1 hold 1
TWINRES518 54 ti 24 ammo 108 sen 70 bar 7 res 90 floor 90 bind 22 rounds 22 until 84
TIWATCH518 55 ti 23 ammo 108 scale 234 units 6 sen 70 bar 7 beat 1 hold 1
TWINRES518 55 ti 23 ammo 108 sen 70 bar 7 res 90 floor 90 bind 23 rounds 23 until 85
TIWATCH518 56 ti 35 ammo 108 scale 235 units 6 sen 70 bar 7 beat 1 hold 1
TWINRES518 56 ti 35 ammo 108 sen 70 bar 7 res 90 floor 90 bind 24 rounds 24 until 86
TIWATCH518 57 ti 34 ammo 98 scale 235 units 6 sen 70 bar 7 beat 1 hold 1
TWINRES518 57 ti 34 ammo 98 sen 70 bar 7 res 90 floor 90 bind 25 rounds 25 until 87
TIWATCH518 58 ti 36 ammo 98 scale 236 units 6 sen 70 bar 7 beat 1 hold 0
TWINRES518 58 ti 36 ammo 98 sen 70 bar 7 res 90 floor 90 bind 26 rounds 26 until 87
TIWATCH518 59 ti 35 ammo 88 scale 236 units 6 sen 70 bar 7 beat 1 hold 0
TWINRES518 59 ti 35 ammo 88 sen 70 bar 7 res 90 floor 90 bind 27 rounds 27 until 87
TIWATCH518 60 ti 53 ammo 88 scale 236 units 6 sen 70 bar 7 beat 1 hold 0
TWINRES518 60 ti 53 ammo 88 sen 70 bar 7 res 90 floor 90 bind 28 rounds 28 until 87
TIWATCH518 61 ti 51 ammo 78 scale 236 units 6 sen 70 bar 7 beat 1 hold 0
TWINRES518 61 ti 51 ammo 78 sen 70 bar 7 res 90 floor 90 bind 29 rounds 29 until 87
TIWATCH518 62 ti 59 ammo 78 scale 236 units 6 sen 70 bar 7 beat 1 hold 0
TWINRES518 62 ti 59 ammo 78 sen 70 bar 7 res 90 floor 90 bind 30 rounds 30 until 87
TIWATCH518 63 ti 57 ammo 68 scale 236 units 6 sen 70 bar 7 beat 1 hold 0
TWINRES518 63 ti 57 ammo 68 sen 70 bar 7 res 90 floor 90 bind 31 rounds 31 until 87
TIWATCH518 64 ti 76 ammo 68 scale 236 units 6 sen 70 bar 7 beat 1 hold 0
TWINRES518 64 ti 76 ammo 68 sen 70 bar 7 res 90 floor 90 bind 32 rounds 32 until 87
TIWATCH518 65 ti 75 ammo 58 scale 236 units 6 sen 70 bar 7 beat 1 hold 0
TWINRES518 65 ti 75 ammo 58 sen 70 bar 7 res 90 floor 90 bind 33 rounds 33 until 87
TIWATCH518 66 ti 84 ammo 58 scale 236 units 6 sen 70 bar 7 beat 1 hold 0
TWINRES518 66 ti 84 ammo 58 sen 70 bar 7 res 90 floor 90 bind 34 rounds 34 until 87
TIWATCH518 67 ti 83 ammo 48 scale 236 units 6 sen 70 bar 7 beat 1 hold 0
TWINRES518 67 ti 83 ammo 48 sen 70 bar 7 res 90 floor 90 bind 35 rounds 35 until 87
TIWATCH518 68 ti 101 ammo 48 scale 216 units 5 sen 64 bar 6 beat 1 hold 0
TWINRES518 68 ti 101 ammo 48 sen 64 bar 6 res 82 floor 82 bind 36 rounds 36 until 87
TICONV518 68 amt 19 floor 82
TIWATCH518 69 ti 17 ammo 57 scale 236 units 6 sen 70 bar 7 beat 1 hold 0
TWINRES518 69 ti 17 ammo 57 sen 70 bar 7 res 90 floor 90 bind 37 rounds 37 until 87
TIWATCH518 70 ti 25 ammo 47 scale 236 units 6 sen 70 bar 7 beat 1 hold 0
TWINRES518 70 ti 25 ammo 47 sen 70 bar 7 res 90 floor 90 bind 38 rounds 38 until 87
TIWATCH518 71 ti 23 ammo 37 scale 236 units 6 sen 70 bar 7 beat 1 hold 0
TWINRES518 71 ti 23 ammo 37 sen 70 bar 7 res 90 floor 90 bind 39 rounds 39 until 87
TIWATCH518 72 ti 41 ammo 27 scale 236 units 6 sen 70 bar 7 beat 1 hold 0
TWINRES518 72 ti 41 ammo 27 sen 70 bar 7 res 90 floor 90 bind 40 rounds 40 until 87
TIWATCH518 73 ti 39 ammo 17 scale 236 units 6 sen 70 bar 7 beat 1 hold 0
TWINRES518 73 ti 39 ammo 17 sen 70 bar 7 res 90 floor 90 bind 41 rounds 41 until 87
TIWATCH518 74 ti 47 ammo 7 scale 236 units 6 sen 70 bar 7 beat 1 hold 0
TWINRES518 74 ti 47 ammo 7 sen 70 bar 7 res 90 floor 90 bind 42 rounds 42 until 87
TIWATCH518 75 ti 45 ammo 7 scale 236 units 6 sen 70 bar 7 beat 1 hold 0
TWINRES518 75 ti 45 ammo 7 sen 70 bar 7 res 90 floor 90 bind 43 rounds 43 until 87
TIWATCH518 76 ti 63 ammo 7 scale 236 units 6 sen 70 bar 7 beat 1 hold 1
TWINRES518 76 ti 63 ammo 7 sen 70 bar 7 res 90 floor 90 bind 44 rounds 44 until 106
TIWATCH518 77 ti 61 ammo 7 scale 236 units 6 sen 70 bar 7 beat 1 hold 1
TWINRES518 77 ti 61 ammo 7 sen 70 bar 7 res 90 floor 90 bind 45 rounds 45 until 107
TIWATCH518 78 ti 68 ammo 7 scale 236 units 6 sen 70 bar 7 beat 1 hold 1
TWINRES518 78 ti 68 ammo 7 sen 70 bar 7 res 90 floor 90 bind 46 rounds 46 until 108
TIWATCH518 79 ti 65 ammo 7 scale 236 units 6 sen 70 bar 7 beat 1 hold 1
TWINRES518 79 ti 65 ammo 7 sen 70 bar 7 res 90 floor 90 bind 47 rounds 47 until 109
TIWATCH518 80 ti 82 ammo 7 scale 236 units 6 sen 70 bar 7 beat 1 hold 1
TWINRES518 80 ti 82 ammo 7 sen 70 bar 7 res 90 floor 90 bind 48 rounds 48 until 110
TIWATCH518 81 ti 79 ammo 7 scale 236 units 6 sen 70 bar 7 beat 1 hold 1
TWINRES518 81 ti 79 ammo 7 sen 70 bar 7 res 90 floor 90 bind 49 rounds 49 until 111
TIWATCH518 82 ti 86 ammo 7 scale 236 units 6 sen 70 bar 7 beat 1 hold 1
TWINRES518 82 ti 86 ammo 7 sen 70 bar 7 res 90 floor 90 bind 50 rounds 50 until 112
TIWATCH518 83 ti 83 ammo 7 scale 236 units 6 sen 70 bar 7 beat 1 hold 1
TWINRES518 83 ti 83 ammo 7 sen 70 bar 7 res 90 floor 90 bind 51 rounds 51 until 113
TIWATCH518 84 ti 100 ammo 7 scale 236 units 6 sen 70 bar 7 beat 1 hold 1
TWINRES518 84 ti 100 ammo 7 sen 70 bar 7 res 90 floor 90 bind 52 rounds 52 until 114
TICONV518 84 amt 10 floor 90
TIWATCH518 85 ti 87 ammo 17 scale 236 units 6 sen 70 bar 7 beat 1 hold 1
TWINRES518 85 ti 87 ammo 17 sen 70 bar 7 res 90 floor 90 bind 53 rounds 53 until 115
TIWATCH518 86 ti 94 ammo 17 scale 236 units 6 sen 70 bar 7 beat 1 hold 1
TWINRES518 86 ti 94 ammo 17 sen 70 bar 7 res 90 floor 90 bind 54 rounds 54 until 116
TICONV518 86 amt 4 floor 90
TIWATCH518 87 ti 87 ammo 21 scale 236 units 6 sen 70 bar 7 beat 1 hold 1
TWINRES518 87 ti 87 ammo 21 sen 70 bar 7 res 90 floor 90 bind 55 rounds 55 until 117
TIWATCH518 88 ti 104 ammo 21 scale 236 units 6 sen 70 bar 7 beat 1 hold 1
TWINRES518 88 ti 104 ammo 21 sen 70 bar 7 res 90 floor 90 bind 56 rounds 56 until 118
TICONV518 88 amt 14 floor 90
TIWATCH518 89 ti 87 ammo 35 scale 236 units 6 sen 70 bar 7 beat 1 hold 1
TWINRES518 89 ti 87 ammo 35 sen 70 bar 7 res 90 floor 90 bind 57 rounds 57 until 119
TIWATCH518 90 ti 94 ammo 35 scale 236 units 6 sen 70 bar 7 beat 1 hold 1
TWINRES518 90 ti 94 ammo 35 sen 70 bar 7 res 90 floor 90 bind 58 rounds 58 until 120
TICONV518 90 amt 4 floor 90
TIWATCH518 91 ti 87 ammo 39 scale 236 units 6 sen 70 bar 7 beat 1 hold 1
TWINRES518 91 ti 87 ammo 39 sen 70 bar 7 res 90 floor 90 bind 59 rounds 59 until 121
TIWATCH518 92 ti 104 ammo 39 scale 236 units 6 sen 70 bar 7 beat 1 hold 1
TWINRES518 92 ti 104 ammo 39 sen 70 bar 7 res 90 floor 90 bind 60 rounds 60 until 122
TICONV518 92 amt 14 floor 90
TIWATCH518 93 ti 87 ammo 53 scale 236 units 6 sen 70 bar 7 beat 1 hold 1
TWINRES518 93 ti 87 ammo 53 sen 70 bar 7 res 90 floor 90 bind 61 rounds 61 until 123
TIWATCH518 94 ti 94 ammo 53 scale 236 units 6 sen 70 bar 7 beat 1 hold 1
TWINRES518 94 ti 94 ammo 53 sen 70 bar 7 res 90 floor 90 bind 62 rounds 62 until 124
TICONV518 94 amt 4 floor 90
TIWATCH518 95 ti 87 ammo 57 scale 236 units 6 sen 70 bar 7 beat 1 hold 1
TWINRES518 95 ti 87 ammo 57 sen 70 bar 7 res 90 floor 90 bind 63 rounds 63 until 125
TIWATCH518 96 ti 104 ammo 57 scale 236 units 6 sen 70 bar 7 beat 1 hold 1
TWINRES518 96 ti 104 ammo 57 sen 70 bar 7 res 90 floor 90 bind 64 rounds 64 until 126
TICONV518 96 amt 14 floor 90
TIWATCH518 97 ti 87 ammo 71 scale 236 units 6 sen 70 bar 7 beat 1 hold 1
TWINRES518 97 ti 87 ammo 71 sen 70 bar 7 res 90 floor 90 bind 65 rounds 65 until 127
TIWATCH518 98 ti 94 ammo 71 scale 236 units 6 sen 70 bar 7 beat 1 hold 1
TWINRES518 98 ti 94 ammo 71 sen 70 bar 7 res 90 floor 90 bind 66 rounds 66 until 128
TICONV518 98 amt 4 floor 90
TIWATCH518 99 ti 87 ammo 75 scale 236 units 6 sen 70 bar 7 beat 1 hold 1
TWINRES518 99 ti 87 ammo 75 sen 70 bar 7 res 90 floor 90 bind 67 rounds 67 until 129
TIWATCH518 100 ti 104 ammo 65 scale 236 units 6 sen 70 bar 7 beat 1 hold 1
TWINRES518 100 ti 104 ammo 65 sen 70 bar 7 res 90 floor 90 bind 68 rounds 68 until 130
TICONV518 100 amt 14 floor 90
TIWATCH518 101 ti 87 ammo 79 scale 236 units 6 sen 70 bar 7 beat 1 hold 0
TWINRES518 101 ti 87 ammo 79 sen 70 bar 7 res 90 floor 90 bind 69 rounds 69 until 130
TIWATCH518 102 ti 94 ammo 69 scale 236 units 6 sen 70 bar 7 beat 1 hold 0
TWINRES518 102 ti 94 ammo 69 sen 70 bar 7 res 90 floor 90 bind 70 rounds 70 until 130
TICONV518 102 amt 4 floor 90
TIWATCH518 103 ti 87 ammo 73 scale 236 units 6 sen 70 bar 7 beat 1 hold 0
TWINRES518 103 ti 87 ammo 73 sen 70 bar 7 res 90 floor 90 bind 71 rounds 71 until 130
TIWATCH518 104 ti 104 ammo 63 scale 236 units 6 sen 70 bar 7 beat 1 hold 0
TWINRES518 104 ti 104 ammo 63 sen 70 bar 7 res 90 floor 90 bind 72 rounds 72 until 130
TICONV518 104 amt 14 floor 90
TIWATCH518 105 ti 87 ammo 77 scale 236 units 6 sen 70 bar 7 beat 1 hold 0
TWINRES518 105 ti 87 ammo 77 sen 70 bar 7 res 90 floor 90 bind 73 rounds 73 until 130
TIWATCH518 106 ti 94 ammo 67 scale 236 units 6 sen 70 bar 7 beat 1 hold 0
TWINRES518 106 ti 94 ammo 67 sen 70 bar 7 res 90 floor 90 bind 74 rounds 74 until 130
TICONV518 106 amt 4 floor 90
TIWATCH518 107 ti 87 ammo 71 scale 236 units 6 sen 70 bar 7 beat 1 hold 0
TWINRES518 107 ti 87 ammo 71 sen 70 bar 7 res 90 floor 90 bind 75 rounds 75 until 130
TIWATCH518 108 ti 104 ammo 61 scale 236 units 6 sen 70 bar 7 beat 1 hold 0
TWINRES518 108 ti 104 ammo 61 sen 70 bar 7 res 90 floor 90 bind 76 rounds 76 until 130
TICONV518 108 amt 14 floor 90
TIWATCH518 109 ti 87 ammo 75 scale 236 units 6 sen 70 bar 7 beat 1 hold 0
TWINRES518 109 ti 87 ammo 75 sen 70 bar 7 res 90 floor 90 bind 77 rounds 77 until 130
TIWATCH518 110 ti 94 ammo 65 scale 236 units 6 sen 70 bar 7 beat 1 hold 0
TWINRES518 110 ti 94 ammo 65 sen 70 bar 7 res 90 floor 90 bind 78 rounds 78 until 130
TICONV518 110 amt 4 floor 90
TIWATCH518 111 ti 87 ammo 69 scale 236 units 6 sen 70 bar 7 beat 1 hold 0
TWINRES518 111 ti 87 ammo 69 sen 70 bar 7 res 90 floor 90 bind 79 rounds 79 until 130
TIWATCH518 112 ti 104 ammo 59 scale 236 units 6 sen 70 bar 7 beat 1 hold 0
TWINRES518 112 ti 104 ammo 59 sen 70 bar 7 res 90 floor 90 bind 80 rounds 80 until 130
TICONV518 112 amt 14 floor 90
TIWATCH518 113 ti 87 ammo 73 scale 236 units 6 sen 70 bar 7 beat 1 hold 0
TWINRES518 113 ti 87 ammo 73 sen 70 bar 7 res 90 floor 90 bind 81 rounds 81 until 130
TIWATCH518 114 ti 94 ammo 63 scale 236 units 6 sen 70 bar 7 beat 1 hold 0
TWINRES518 114 ti 94 ammo 63 sen 70 bar 7 res 90 floor 90 bind 82 rounds 82 until 130
TICONV518 114 amt 4 floor 90
TIWATCH518 115 ti 87 ammo 67 scale 236 units 6 sen 70 bar 7 beat 1 hold 0
TWINRES518 115 ti 87 ammo 67 sen 70 bar 7 res 90 floor 90 bind 83 rounds 83 until 130
TIWATCH518 116 ti 104 ammo 57 scale 236 units 6 sen 70 bar 7 beat 1 hold 0
TWINRES518 116 ti 104 ammo 57 sen 70 bar 7 res 90 floor 90 bind 84 rounds 84 until 130
TICONV518 116 amt 14 floor 90
TIWATCH518 117 ti 87 ammo 71 scale 236 units 6 sen 70 bar 7 beat 1 hold 0
TWINRES518 117 ti 87 ammo 71 sen 70 bar 7 res 90 floor 90 bind 85 rounds 85 until 130
TIWATCH518 118 ti 94 ammo 61 scale 236 units 6 sen 70 bar 7 beat 1 hold 0
TWINRES518 118 ti 94 ammo 61 sen 70 bar 7 res 90 floor 90 bind 86 rounds 86 until 130
TICONV518 118 amt 4 floor 90
TIWATCH518 119 ti 87 ammo 65 scale 236 units 6 sen 70 bar 7 beat 1 hold 0
TWINRES518 119 ti 87 ammo 65 sen 70 bar 7 res 90 floor 90 bind 87 rounds 87 until 130
TIWATCH518 120 ti 105 ammo 55 scale 236 units 6 sen 70 bar 7 beat 1 hold 0
TWINRES518 120 ti 105 ammo 55 sen 70 bar 7 res 90 floor 90 bind 88 rounds 88 until 130
TICONV518 120 amt 15 floor 90
TIWATCH518 121 ti 88 ammo 70 scale 236 units 6 sen 70 bar 7 beat 1 hold 0
TWINRES518 121 ti 88 ammo 70 sen 70 bar 7 res 90 floor 90 bind 89 rounds 89 until 130
TIWATCH518 122 ti 95 ammo 60 scale 236 units 6 sen 70 bar 7 beat 1 hold 0
TWINRES518 122 ti 95 ammo 60 sen 70 bar 7 res 90 floor 90 bind 90 rounds 90 until 130
TICONV518 122 amt 5 floor 90
TIWATCH518 123 ti 87 ammo 65 scale 236 units 6 sen 70 bar 7 beat 1 hold 0
TWINRES518 123 ti 87 ammo 65 sen 70 bar 7 res 90 floor 90 bind 91 rounds 91 until 130
TIWATCH518 124 ti 105 ammo 55 scale 236 units 6 sen 70 bar 7 beat 1 hold 0
TWINRES518 124 ti 105 ammo 55 sen 70 bar 7 res 90 floor 90 bind 92 rounds 92 until 130
TICONV518 124 amt 15 floor 90
TIWATCH518 125 ti 88 ammo 70 scale 236 units 6 sen 70 bar 7 beat 1 hold 0
TWINRES518 125 ti 88 ammo 70 sen 70 bar 7 res 90 floor 90 bind 93 rounds 93 until 130
TIWATCH518 126 ti 95 ammo 60 scale 236 units 6 sen 70 bar 7 beat 1 hold 0
TWINRES518 126 ti 95 ammo 60 sen 70 bar 7 res 90 floor 90 bind 94 rounds 94 until 130
TICONV518 126 amt 5 floor 90
TIWATCH518 127 ti 87 ammo 65 scale 236 units 6 sen 70 bar 7 beat 1 hold 0
TWINRES518 127 ti 87 ammo 65 sen 70 bar 7 res 90 floor 90 bind 95 rounds 95 until 130
TIWATCH518 128 ti 105 ammo 55 scale 236 units 6 sen 70 bar 7 beat 1 hold 0
TWINRES518 128 ti 105 ammo 55 sen 70 bar 7 res 90 floor 90 bind 96 rounds 96 until 130
TICONV518 128 amt 15 floor 90
TIWATCH518 129 ti 88 ammo 70 scale 236 units 6 sen 70 bar 7 beat 1 hold 0
TWINRES518 129 ti 88 ammo 70 sen 70 bar 7 res 90 floor 90 bind 97 rounds 97 until 130
TIWATCH518 130 ti 95 ammo 60 scale 236 units 6 sen 70 bar 7 beat 1 hold 0
TICONV518 130 amt 30 floor 14
TIWATCH518 131 ti 62 ammo 90 scale 236 units 6 sen 70 bar 7 beat 1 hold 0
TICONV518 131 amt 30 floor 14
TIWATCH518 132 ti 50 ammo 110 scale 236 units 6 sen 70 bar 7 beat 1 hold 0
TICONV518 132 amt 30 floor 14
TIWATCH518 133 ti 18 ammo 140 scale 236 units 6 sen 70 bar 7 beat 1 hold 0
TICONV518 133 amt 4 floor 14
TIWATCH518 134 ti 21 ammo 134 scale 236 units 6 sen 70 bar 7 beat 1 hold 0
TICONV518 134 amt 7 floor 14
TIWATCH518 135 ti 11 ammo 141 scale 236 units 6 sen 70 bar 7 beat 1 hold 0
TIWATCH518 136 ti 29 ammo 131 scale 236 units 6 sen 70 bar 7 beat 1 hold 0
TICONV518 136 amt 15 floor 14
TIWATCH518 137 ti 12 ammo 146 scale 236 units 6 sen 70 bar 7 beat 1 hold 0
TIWATCH518 138 ti 19 ammo 136 scale 236 units 6 sen 70 bar 7 beat 1 hold 0
TICONV518 138 amt 5 floor 14
TIWATCH518 139 ti 11 ammo 141 scale 236 units 6 sen 70 bar 7 beat 1 hold 0
TIWATCH518 140 ti 29 ammo 131 scale 236 units 6 sen 70 bar 7 beat 1 hold 0
TICONV518 140 amt 15 floor 14
TIWATCH518 141 ti 12 ammo 146 scale 236 units 6 sen 70 bar 7 beat 1 hold 0
TIWATCH518 142 ti 19 ammo 136 scale 236 units 6 sen 70 bar 7 beat 1 hold 0
TICONV518 142 amt 5 floor 14
TIWATCH518 143 ti 11 ammo 141 scale 236 units 6 sen 70 bar 7 beat 1 hold 0
TIWATCH518 144 ti 29 ammo 131 scale 236 units 6 sen 70 bar 7 beat 1 hold 0
TICONV518 144 amt 15 floor 14
TIWATCH518 145 ti 12 ammo 146 scale 236 units 6 sen 70 bar 7 beat 1 hold 0
TIWATCH518 146 ti 19 ammo 136 scale 236 units 6 sen 70 bar 7 beat 1 hold 0
TICONV518 146 amt 5 floor 14
TIWATCH518 147 ti 11 ammo 141 scale 236 units 6 sen 70 bar 7 beat 1 hold 0
TIWATCH518 148 ti 29 ammo 131 scale 236 units 6 sen 70 bar 7 beat 1 hold 0
TICONV518 148 amt 15 floor 14
TIWATCH518 149 ti 12 ammo 146 scale 236 units 6 sen 70 bar 7 beat 1 hold 0
TIWATCH518 150 ti 19 ammo 136 scale 236 units 6 sen 70 bar 7 beat 1 hold 0
TICONV518 150 amt 5 floor 14
TIWATCH518 151 ti 11 ammo 141 scale 236 units 6 sen 70 bar 7 beat 1 hold 0
TIWATCH518 152 ti 29 ammo 131 scale 236 units 6 sen 70 bar 7 beat 1 hold 0
TICONV518 152 amt 15 floor 14
TIWATCH518 153 ti 12 ammo 146 scale 236 units 6 sen 70 bar 7 beat 1 hold 0
TIWATCH518 154 ti 19 ammo 136 scale 236 units 6 sen 70 bar 7 beat 1 hold 0
TICONV518 154 amt 5 floor 14
TIWATCH518 155 ti 11 ammo 141 scale 236 units 6 sen 70 bar 7 beat 1 hold 0
TIWATCH518 156 ti 29 ammo 131 scale 236 units 6 sen 70 bar 7 beat 1 hold 0
TICONV518 156 amt 15 floor 14
TIWATCH518 157 ti 12 ammo 146 scale 236 units 6 sen 70 bar 7 beat 1 hold 0
TIWATCH518 158 ti 19 ammo 136 scale 236 units 6 sen 70 bar 7 beat 1 hold 0
TICONV518 158 amt 5 floor 14
TIWATCH518 159 ti 11 ammo 141 scale 236 units 6 sen 70 bar 7 beat 1 hold 0
TIWATCH518 160 ti 29 ammo 131 scale 236 units 6 sen 70 bar 7 beat 1 hold 0
TICONV518 160 amt 15 floor 14
TIWATCH518 161 ti 12 ammo 146 scale 236 units 6 sen 70 bar 7 beat 1 hold 0
TIWATCH518 162 ti 19 ammo 136 scale 236 units 6 sen 70 bar 7 beat 1 hold 0
TICONV518 162 amt 5 floor 14
TIWATCH518 163 ti 11 ammo 141 scale 236 units 6 sen 70 bar 7 beat 1 hold 0
TIWATCH518 164 ti 29 ammo 131 scale 236 units 6 sen 70 bar 7 beat 1 hold 0
TICONV518 164 amt 15 floor 14
TIWATCH518 165 ti 12 ammo 146 scale 236 units 6 sen 70 bar 7 beat 1 hold 0
TIWATCH518 166 ti 19 ammo 136 scale 236 units 6 sen 70 bar 7 beat 1 hold 0
TICONV518 166 amt 5 floor 14
TIWATCH518 167 ti 11 ammo 141 scale 236 units 6 sen 70 bar 7 beat 1 hold 0
TIWATCH518 168 ti 29 ammo 131 scale 236 units 6 sen 70 bar 7 beat 1 hold 0
TICONV518 168 amt 15 floor 14
TIWATCH518 169 ti 12 ammo 146 scale 236 units 6 sen 70 bar 7 beat 1 hold 0
TIWATCH518 170 ti 19 ammo 136 scale 236 units 6 sen 70 bar 7 beat 1 hold 0
TICONV518 170 amt 5 floor 14
TIWATCH518 171 ti 11 ammo 141 scale 236 units 6 sen 70 bar 7 beat 1 hold 0
TIWATCH518 172 ti 29 ammo 131 scale 236 units 6 sen 70 bar 7 beat 1 hold 0
TICONV518 172 amt 15 floor 14
TIWATCH518 173 ti 12 ammo 146 scale 236 units 6 sen 70 bar 7 beat 1 hold 0
TIWATCH518 174 ti 19 ammo 136 scale 236 units 6 sen 70 bar 7 beat 1 hold 0
TICONV518 174 amt 5 floor 14
TIWATCH518 175 ti 11 ammo 141 scale 236 units 6 sen 70 bar 7 beat 1 hold 0
TIWATCH518 176 ti 29 ammo 131 scale 236 units 6 sen 70 bar 7 beat 1 hold 0
TICONV518 176 amt 15 floor 14
TIWATCH518 177 ti 12 ammo 146 scale 236 units 6 sen 70 bar 7 beat 1 hold 0
TIWATCH518 178 ti 19 ammo 136 scale 236 units 6 sen 70 bar 7 beat 1 hold 0
TICONV518 178 amt 5 floor 14
TIWATCH518 179 ti 11 ammo 141 scale 236 units 6 sen 70 bar 7 beat 1 hold 0
TIWATCH518 180 ti 29 ammo 131 scale 236 units 6 sen 70 bar 7 beat 1 hold 0
TICONV518 180 amt 15 floor 14
TIWATCH518 181 ti 12 ammo 146 scale 236 units 6 sen 70 bar 7 beat 1 hold 0
TIWATCH518 182 ti 19 ammo 136 scale 236 units 6 sen 70 bar 7 beat 1 hold 0
TICONV518 182 amt 5 floor 14
TIWATCH518 183 ti 11 ammo 141 scale 236 units 6 sen 70 bar 7 beat 1 hold 0
TIWATCH518 184 ti 29 ammo 131 scale 236 units 6 sen 70 bar 7 beat 1 hold 0
TICONV518 184 amt 15 floor 14
TIWATCH518 185 ti 12 ammo 146 scale 236 units 6 sen 70 bar 7 beat 1 hold 0
TIWATCH518 186 ti 19 ammo 136 scale 236 units 6 sen 70 bar 7 beat 1 hold 0
TICONV518 186 amt 5 floor 14
TIWATCH518 187 ti 11 ammo 141 scale 236 units 6 sen 70 bar 7 beat 1 hold 0
TIWATCH518 188 ti 29 ammo 131 scale 236 units 6 sen 70 bar 7 beat 1 hold 0
TICONV518 188 amt 15 floor 14
TIWATCH518 189 ti 12 ammo 146 scale 236 units 6 sen 70 bar 7 beat 1 hold 0
TIWATCH518 190 ti 19 ammo 136 scale 236 units 6 sen 70 bar 7 beat 1 hold 0
TICONV518 190 amt 5 floor 14
TIWATCH518 191 ti 11 ammo 141 scale 236 units 6 sen 70 bar 7 beat 1 hold 0
TIWATCH518 192 ti 29 ammo 131 scale 236 units 6 sen 70 bar 7 beat 1 hold 0
TICONV518 192 amt 15 floor 14
TIWATCH518 193 ti 12 ammo 146 scale 236 units 6 sen 70 bar 7 beat 1 hold 0
TIWATCH518 194 ti 19 ammo 136 scale 236 units 6 sen 70 bar 7 beat 1 hold 0
TICONV518 194 amt 5 floor 14
TIWATCH518 195 ti 11 ammo 141 scale 236 units 6 sen 70 bar 7 beat 1 hold 0
TIWATCH518 196 ti 29 ammo 131 scale 236 units 6 sen 70 bar 7 beat 1 hold 0
TICONV518 196 amt 15 floor 14
TIWATCH518 197 ti 12 ammo 146 scale 236 units 6 sen 70 bar 7 beat 1 hold 0
TIWATCH518 198 ti 19 ammo 136 scale 236 units 6 sen 70 bar 7 beat 1 hold 0
TICONV518 198 amt 5 floor 14
TIWATCH518 199 ti 11 ammo 141 scale 236 units 6 sen 70 bar 7 beat 1 hold 0
TIWATCH518 200 ti 29 ammo 131 scale 236 units 6 sen 70 bar 7 beat 1 hold 0
TICONV518 200 amt 15 floor 14
TIWATCH518 201 ti 12 ammo 146 scale 236 units 6 sen 70 bar 7 beat 1 hold 0
TIWATCH518 202 ti 19 ammo 136 scale 236 units 6 sen 70 bar 7 beat 1 hold 0
TICONV518 202 amt 5 floor 14
TIWATCH518 203 ti 11 ammo 141 scale 236 units 6 sen 70 bar 7 beat 1 hold 0
TIWATCH518 204 ti 29 ammo 131 scale 236 units 6 sen 70 bar 7 beat 1 hold 0
TICONV518 204 amt 15 floor 14
TIWATCH518 205 ti 12 ammo 146 scale 236 units 6 sen 70 bar 7 beat 1 hold 0
TIWATCH518 206 ti 19 ammo 136 scale 236 units 6 sen 70 bar 7 beat 1 hold 0
TICONV518 206 amt 5 floor 14
TIWATCH518 207 ti 11 ammo 141 scale 236 units 6 sen 70 bar 7 beat 1 hold 0
TIWATCH518 208 ti 29 ammo 131 scale 236 units 6 sen 70 bar 7 beat 1 hold 0
TICONV518 208 amt 15 floor 14
TIWATCH518 209 ti 12 ammo 146 scale 236 units 6 sen 70 bar 7 beat 1 hold 0
TIWATCH518 210 ti 19 ammo 136 scale 236 units 6 sen 70 bar 7 beat 1 hold 0
TICONV518 210 amt 5 floor 14
TIWATCH518 211 ti 11 ammo 141 scale 236 units 6 sen 70 bar 7 beat 1 hold 0
TIWATCH518 212 ti 29 ammo 131 scale 236 units 6 sen 70 bar 7 beat 1 hold 0
TICONV518 212 amt 15 floor 14
TIWATCH518 213 ti 12 ammo 146 scale 236 units 6 sen 70 bar 7 beat 1 hold 0
TIWATCH518 214 ti 19 ammo 136 scale 236 units 6 sen 70 bar 7 beat 1 hold 0
TICONV518 214 amt 5 floor 14
TIWATCH518 215 ti 11 ammo 141 scale 236 units 6 sen 70 bar 7 beat 1 hold 0
TIWATCH518 216 ti 29 ammo 131 scale 236 units 6 sen 70 bar 7 beat 1 hold 0
TICONV518 216 amt 15 floor 14
TIWATCH518 217 ti 12 ammo 146 scale 236 units 6 sen 70 bar 7 beat 1 hold 0
TIWATCH518 218 ti 19 ammo 136 scale 236 units 6 sen 70 bar 7 beat 1 hold 0
TICONV518 218 amt 5 floor 14
TIWATCH518 219 ti 11 ammo 141 scale 236 units 6 sen 70 bar 7 beat 1 hold 0
TIWATCH518 220 ti 29 ammo 131 scale 236 units 6 sen 70 bar 7 beat 1 hold 0
TICONV518 220 amt 15 floor 14
TIWATCH518 221 ti 12 ammo 146 scale 236 units 6 sen 70 bar 7 beat 1 hold 0
TIWATCH518 222 ti 19 ammo 136 scale 236 units 6 sen 70 bar 7 beat 1 hold 0
TICONV518 222 amt 5 floor 14
TIWATCH518 223 ti 11 ammo 141 scale 236 units 6 sen 70 bar 7 beat 1 hold 0
TIWATCH518 224 ti 29 ammo 131 scale 236 units 6 sen 70 bar 7 beat 1 hold 0
TICONV518 224 amt 15 floor 14
TIWATCH518 225 ti 12 ammo 146 scale 236 units 6 sen 70 bar 7 beat 1 hold 0
TIWATCH518 226 ti 19 ammo 136 scale 236 units 6 sen 70 bar 7 beat 1 hold 0
TICONV518 226 amt 5 floor 14
TIWATCH518 227 ti 11 ammo 141 scale 236 units 6 sen 70 bar 7 beat 1 hold 0
TIWATCH518 228 ti 29 ammo 131 scale 236 units 6 sen 70 bar 7 beat 1 hold 0
TICONV518 228 amt 15 floor 14
TIWATCH518 229 ti 12 ammo 146 scale 236 units 6 sen 70 bar 7 beat 1 hold 0
TIWATCH518 230 ti 19 ammo 136 scale 236 units 6 sen 70 bar 7 beat 1 hold 0
TICONV518 230 amt 5 floor 14
TIWATCH518 231 ti 11 ammo 141 scale 236 units 6 sen 70 bar 7 beat 1 hold 0
TIWATCH518 232 ti 29 ammo 131 scale 236 units 6 sen 70 bar 7 beat 1 hold 0
TICONV518 232 amt 15 floor 14
TIWATCH518 233 ti 12 ammo 146 scale 236 units 6 sen 70 bar 7 beat 1 hold 0
TIWATCH518 234 ti 19 ammo 136 scale 236 units 6 sen 70 bar 7 beat 1 hold 0
TICONV518 234 amt 5 floor 14
TIWATCH518 235 ti 11 ammo 141 scale 236 units 6 sen 70 bar 7 beat 1 hold 0
TIWATCH518 236 ti 29 ammo 131 scale 236 units 6 sen 70 bar 7 beat 1 hold 0
TICONV518 236 amt 15 floor 14
TIWATCH518 237 ti 12 ammo 146 scale 236 units 6 sen 70 bar 7 beat 1 hold 0
TIWATCH518 238 ti 19 ammo 136 scale 236 units 6 sen 70 bar 7 beat 1 hold 0
TICONV518 238 amt 5 floor 14
TIWATCH518 239 ti 11 ammo 141 scale 236 units 6 sen 70 bar 7 beat 1 hold 0
TIWATCH518 240 ti 29 ammo 131 scale 236 units 6 sen 70 bar 7 beat 1 hold 0
TICONV518 240 amt 15 floor 14
TIWATCH518 241 ti 12 ammo 146 scale 236 units 6 sen 70 bar 7 beat 1 hold 0
TIWATCH518 242 ti 19 ammo 136 scale 236 units 6 sen 70 bar 7 beat 1 hold 0
TICONV518 242 amt 5 floor 14
TIWATCH518 243 ti 11 ammo 141 scale 236 units 6 sen 70 bar 7 beat 1 hold 0
TIWATCH518 244 ti 29 ammo 131 scale 236 units 6 sen 70 bar 7 beat 1 hold 0
TICONV518 244 amt 15 floor 14
TIWATCH518 245 ti 12 ammo 146 scale 236 units 6 sen 70 bar 7 beat 1 hold 0
TIWATCH518 246 ti 19 ammo 136 scale 236 units 6 sen 70 bar 7 beat 1 hold 0
TICONV518 246 amt 5 floor 14
TIWATCH518 247 ti 11 ammo 141 scale 236 units 6 sen 70 bar 7 beat 1 hold 0
TIWATCH518 248 ti 29 ammo 131 scale 236 units 6 sen 70 bar 7 beat 1 hold 0
TICONV518 248 amt 15 floor 14
TIWATCH518 249 ti 12 ammo 146 scale 236 units 6 sen 70 bar 7 beat 1 hold 0
TIWATCH518 250 ti 19 ammo 136 scale 236 units 6 sen 70 bar 7 beat 1 hold 0
TICONV518 250 amt 5 floor 14
TIWATCH518 251 ti 11 ammo 141 scale 236 units 6 sen 70 bar 7 beat 1 hold 0
TIWATCH518 252 ti 29 ammo 131 scale 236 units 6 sen 70 bar 7 beat 1 hold 0
TICONV518 252 amt 15 floor 14
TIWATCH518 253 ti 12 ammo 146 scale 236 units 6 sen 70 bar 7 beat 1 hold 0
TIWATCH518 254 ti 19 ammo 136 scale 236 units 6 sen 70 bar 7 beat 1 hold 0
TICONV518 254 amt 5 floor 14
TIWATCH518 255 ti 11 ammo 141 scale 236 units 6 sen 70 bar 7 beat 1 hold 0
TIWATCH518 256 ti 29 ammo 131 scale 236 units 6 sen 70 bar 7 beat 1 hold 0
TICONV518 256 amt 15 floor 14
TIWATCH518 257 ti 12 ammo 146 scale 236 units 6 sen 70 bar 7 beat 1 hold 0
TIWATCH518 258 ti 19 ammo 136 scale 236 units 6 sen 70 bar 7 beat 1 hold 0
TICONV518 258 amt 5 floor 14
TIWATCH518 259 ti 11 ammo 141 scale 236 units 6 sen 70 bar 7 beat 1 hold 0
TIWATCH518 260 ti 29 ammo 131 scale 236 units 6 sen 70 bar 7 beat 1 hold 0
TICONV518 260 amt 15 floor 14
TIWATCH518 261 ti 12 ammo 146 scale 236 units 6 sen 70 bar 7 beat 1 hold 0
TIWATCH518 262 ti 19 ammo 136 scale 236 units 6 sen 70 bar 7 beat 1 hold 0
TICONV518 262 amt 5 floor 14
TIWATCH518 263 ti 11 ammo 141 scale 236 units 6 sen 70 bar 7 beat 1 hold 0
TIWATCH518 264 ti 29 ammo 131 scale 236 units 6 sen 70 bar 7 beat 1 hold 0
TICONV518 264 amt 15 floor 14
TIWATCH518 265 ti 12 ammo 146 scale 236 units 6 sen 70 bar 7 beat 1 hold 0
TIWATCH518 266 ti 19 ammo 136 scale 236 units 6 sen 70 bar 7 beat 1 hold 0
TICONV518 266 amt 5 floor 14
TIWATCH518 267 ti 11 ammo 141 scale 236 units 6 sen 70 bar 7 beat 1 hold 0
TIWATCH518 268 ti 29 ammo 131 scale 236 units 6 sen 70 bar 7 beat 1 hold 0
TICONV518 268 amt 15 floor 14
TIWATCH518 269 ti 12 ammo 146 scale 236 units 6 sen 70 bar 7 beat 1 hold 0
TIWATCH518 270 ti 19 ammo 136 scale 236 units 6 sen 70 bar 7 beat 1 hold 0
TICONV518 270 amt 5 floor 14
TIWATCH518 271 ti 11 ammo 141 scale 236 units 6 sen 70 bar 7 beat 1 hold 0
TIWATCH518 272 ti 29 ammo 131 scale 236 units 6 sen 70 bar 7 beat 1 hold 0
TICONV518 272 amt 15 floor 14
TIWATCH518 273 ti 12 ammo 146 scale 236 units 6 sen 70 bar 7 beat 1 hold 0
TIWATCH518 274 ti 19 ammo 136 scale 236 units 6 sen 70 bar 7 beat 1 hold 0
TICONV518 274 amt 5 floor 14
TIWATCH518 275 ti 11 ammo 141 scale 236 units 6 sen 70 bar 7 beat 1 hold 0
TIWATCH518 276 ti 29 ammo 131 scale 236 units 6 sen 70 bar 7 beat 1 hold 0
TICONV518 276 amt 15 floor 14
TIWATCH518 277 ti 12 ammo 146 scale 236 units 6 sen 70 bar 7 beat 1 hold 0
TIWATCH518 278 ti 19 ammo 136 scale 236 units 6 sen 70 bar 7 beat 1 hold 0
TICONV518 278 amt 5 floor 14
TIWATCH518 279 ti 11 ammo 141 scale 236 units 6 sen 70 bar 7 beat 1 hold 0
TIWATCH518 280 ti 29 ammo 131 scale 236 units 6 sen 70 bar 7 beat 1 hold 0
TICONV518 280 amt 15 floor 14
TIWATCH518 281 ti 12 ammo 146 scale 236 units 6 sen 70 bar 7 beat 1 hold 0
TIWATCH518 282 ti 19 ammo 136 scale 236 units 6 sen 70 bar 7 beat 1 hold 0
TICONV518 282 amt 5 floor 14
TIWATCH518 283 ti 11 ammo 141 scale 236 units 6 sen 70 bar 7 beat 1 hold 0
TIWATCH518 284 ti 29 ammo 131 scale 236 units 6 sen 70 bar 7 beat 1 hold 0
TICONV518 284 amt 15 floor 14
TIWATCH518 285 ti 12 ammo 146 scale 236 units 6 sen 70 bar 7 beat 1 hold 0
TIWATCH518 286 ti 19 ammo 136 scale 236 units 6 sen 70 bar 7 beat 1 hold 0
TICONV518 286 amt 5 floor 14
TIWATCH518 287 ti 11 ammo 141 scale 236 units 6 sen 70 bar 7 beat 1 hold 0
TIWATCH518 288 ti 29 ammo 131 scale 236 units 6 sen 70 bar 7 beat 1 hold 0
TICONV518 288 amt 15 floor 14
TIWATCH518 289 ti 12 ammo 146 scale 236 units 6 sen 70 bar 7 beat 1 hold 0
TIWATCH518 290 ti 19 ammo 136 scale 236 units 6 sen 70 bar 7 beat 1 hold 0
TICONV518 290 amt 5 floor 14
TIWATCH518 291 ti 11 ammo 141 scale 236 units 6 sen 70 bar 7 beat 1 hold 0
TIWATCH518 292 ti 29 ammo 131 scale 236 units 6 sen 70 bar 7 beat 1 hold 0
TICONV518 292 amt 15 floor 14
TIWATCH518 293 ti 12 ammo 146 scale 236 units 6 sen 70 bar 7 beat 1 hold 0
TIWATCH518 294 ti 19 ammo 136 scale 236 units 6 sen 70 bar 7 beat 1 hold 0
TICONV518 294 amt 5 floor 14
TIWATCH518 295 ti 11 ammo 141 scale 236 units 6 sen 70 bar 7 beat 1 hold 0
TIWATCH518 296 ti 29 ammo 131 scale 236 units 6 sen 70 bar 7 beat 1 hold 0
TICONV518 296 amt 15 floor 14
TIWATCH518 297 ti 12 ammo 146 scale 236 units 6 sen 70 bar 7 beat 1 hold 0
TIWATCH518 298 ti 19 ammo 136 scale 236 units 6 sen 70 bar 7 beat 1 hold 0
TICONV518 298 amt 5 floor 14
TIWATCH518 299 ti 11 ammo 141 scale 236 units 6 sen 70 bar 7 beat 1 hold 0
TIWATCH518 300 ti 29 ammo 131 scale 236 units 6 sen 70 bar 7 beat 1 hold 0
TICONV518 300 amt 15 floor 14
TIWATCH518 301 ti 12 ammo 146 scale 236 units 6 sen 70 bar 7 beat 1 hold 0
TIWATCH518 302 ti 19 ammo 136 scale 236 units 6 sen 70 bar 7 beat 1 hold 0
TICONV518 302 amt 5 floor 14
TIWATCH518 303 ti 11 ammo 141 scale 236 units 6 sen 70 bar 7 beat 1 hold 0
TIWATCH518 304 ti 29 ammo 131 scale 236 units 6 sen 70 bar 7 beat 1 hold 0
TICONV518 304 amt 15 floor 14
TIWATCH518 305 ti 12 ammo 146 scale 236 units 6 sen 70 bar 7 beat 1 hold 0
TIWATCH518 306 ti 19 ammo 136 scale 236 units 6 sen 70 bar 7 beat 1 hold 0
TICONV518 306 amt 5 floor 14
TIWATCH518 307 ti 11 ammo 141 scale 236 units 6 sen 70 bar 7 beat 1 hold 0
TIWATCH518 308 ti 29 ammo 131 scale 236 units 6 sen 70 bar 7 beat 1 hold 0
TICONV518 308 amt 15 floor 14
TIWATCH518 309 ti 12 ammo 146 scale 236 units 6 sen 70 bar 7 beat 1 hold 0
TIWATCH518 310 ti 19 ammo 136 scale 236 units 6 sen 70 bar 7 beat 1 hold 0
TICONV518 310 amt 5 floor 14
TIWATCH518 311 ti 11 ammo 141 scale 236 units 6 sen 70 bar 7 beat 1 hold 0
TIWATCH518 312 ti 29 ammo 131 scale 236 units 6 sen 70 bar 7 beat 1 hold 0
TICONV518 312 amt 15 floor 14
TIWATCH518 313 ti 12 ammo 146 scale 236 units 6 sen 70 bar 7 beat 1 hold 0
TIWATCH518 314 ti 19 ammo 136 scale 236 units 6 sen 70 bar 7 beat 1 hold 0
TICONV518 314 amt 5 floor 14
TIWATCH518 315 ti 11 ammo 141 scale 236 units 6 sen 70 bar 7 beat 1 hold 0
TIWATCH518 316 ti 29 ammo 131 scale 236 units 6 sen 70 bar 7 beat 1 hold 0
TICONV518 316 amt 15 floor 14
TIWATCH518 317 ti 12 ammo 146 scale 236 units 6 sen 70 bar 7 beat 1 hold 0
TIWATCH518 318 ti 19 ammo 136 scale 236 units 6 sen 70 bar 7 beat 1 hold 0
TICONV518 318 amt 5 floor 14
TIWATCH518 319 ti 11 ammo 141 scale 236 units 6 sen 70 bar 7 beat 1 hold 0
TIWATCH518 320 ti 29 ammo 131 scale 236 units 6 sen 70 bar 7 beat 1 hold 0
TICONV518 320 amt 15 floor 14
TIWATCH518 321 ti 12 ammo 146 scale 236 units 6 sen 70 bar 7 beat 1 hold 0
TIWATCH518 322 ti 19 ammo 136 scale 236 units 6 sen 70 bar 7 beat 1 hold 0
TICONV518 322 amt 5 floor 14
TIWATCH518 323 ti 11 ammo 141 scale 236 units 6 sen 70 bar 7 beat 1 hold 0
TIWATCH518 324 ti 29 ammo 131 scale 236 units 6 sen 70 bar 7 beat 1 hold 0
TICONV518 324 amt 15 floor 14
TIWATCH518 325 ti 12 ammo 146 scale 236 units 6 sen 70 bar 7 beat 1 hold 0
TIWATCH518 326 ti 19 ammo 136 scale 236 units 6 sen 70 bar 7 beat 1 hold 0
TICONV518 326 amt 5 floor 14
TIWATCH518 327 ti 11 ammo 141 scale 236 units 6 sen 70 bar 7 beat 1 hold 0
TIWATCH518 328 ti 29 ammo 131 scale 236 units 6 sen 70 bar 7 beat 1 hold 0
TICONV518 328 amt 15 floor 14
TIWATCH518 329 ti 12 ammo 146 scale 236 units 6 sen 70 bar 7 beat 1 hold 0
TIWATCH518 330 ti 19 ammo 136 scale 236 units 6 sen 70 bar 7 beat 1 hold 0
TICONV518 330 amt 5 floor 14
TIWATCH518 331 ti 11 ammo 141 scale 236 units 6 sen 70 bar 7 beat 1 hold 0
TIWATCH518 332 ti 29 ammo 131 scale 236 units 6 sen 70 bar 7 beat 1 hold 0
TICONV518 332 amt 15 floor 14
TIWATCH518 333 ti 12 ammo 146 scale 236 units 6 sen 70 bar 7 beat 1 hold 0
TIWATCH518 334 ti 19 ammo 136 scale 236 units 6 sen 70 bar 7 beat 1 hold 0
TICONV518 334 amt 5 floor 14
TIWATCH518 335 ti 11 ammo 141 scale 236 units 6 sen 70 bar 7 beat 1 hold 0
TIWATCH518 336 ti 29 ammo 131 scale 236 units 6 sen 70 bar 7 beat 1 hold 0
TICONV518 336 amt 15 floor 14
TIWATCH518 337 ti 12 ammo 146 scale 236 units 6 sen 70 bar 7 beat 1 hold 0
TIWATCH518 338 ti 19 ammo 136 scale 236 units 6 sen 70 bar 7 beat 1 hold 0
TICONV518 338 amt 5 floor 14
TIWATCH518 339 ti 11 ammo 141 scale 236 units 6 sen 70 bar 7 beat 1 hold 0
TIWATCH518 340 ti 29 ammo 131 scale 236 units 6 sen 70 bar 7 beat 1 hold 0
TICONV518 340 amt 15 floor 14
TIWATCH518 341 ti 12 ammo 146 scale 236 units 6 sen 70 bar 7 beat 1 hold 0
TIWATCH518 342 ti 19 ammo 136 scale 236 units 6 sen 70 bar 7 beat 1 hold 0
TICONV518 342 amt 5 floor 14
TIWATCH518 343 ti 11 ammo 141 scale 236 units 6 sen 70 bar 7 beat 1 hold 0
TIWATCH518 344 ti 29 ammo 131 scale 236 units 6 sen 70 bar 7 beat 1 hold 0
TICONV518 344 amt 15 floor 14
TIWATCH518 345 ti 12 ammo 146 scale 236 units 6 sen 70 bar 7 beat 1 hold 0
TIWATCH518 346 ti 19 ammo 136 scale 236 units 6 sen 70 bar 7 beat 1 hold 0
TICONV518 346 amt 5 floor 14
TIWATCH518 347 ti 11 ammo 141 scale 236 units 6 sen 70 bar 7 beat 1 hold 0
TIWATCH518 348 ti 29 ammo 131 scale 236 units 6 sen 70 bar 7 beat 1 hold 0
TICONV518 348 amt 15 floor 14
TIWATCH518 349 ti 12 ammo 146 scale 236 units 6 sen 70 bar 7 beat 1 hold 0
TIWATCH518 350 ti 19 ammo 136 scale 236 units 6 sen 70 bar 7 beat 1 hold 0
TICONV518 350 amt 5 floor 14
TIWATCH518 351 ti 11 ammo 141 scale 236 units 6 sen 70 bar 7 beat 1 hold 0
TIWATCH518 352 ti 29 ammo 131 scale 236 units 6 sen 70 bar 7 beat 1 hold 0
TICONV518 352 amt 15 floor 14
TIWATCH518 353 ti 12 ammo 146 scale 236 units 6 sen 70 bar 7 beat 1 hold 0
TIWATCH518 354 ti 19 ammo 136 scale 236 units 6 sen 70 bar 7 beat 1 hold 0
TICONV518 354 amt 5 floor 14
TIWATCH518 355 ti 11 ammo 141 scale 236 units 6 sen 70 bar 7 beat 1 hold 0
TIWATCH518 356 ti 29 ammo 131 scale 236 units 6 sen 70 bar 7 beat 1 hold 0
TICONV518 356 amt 15 floor 14
TIWATCH518 357 ti 12 ammo 146 scale 236 units 6 sen 70 bar 7 beat 1 hold 0
TIWATCH518 358 ti 19 ammo 136 scale 236 units 6 sen 70 bar 7 beat 1 hold 0
TICONV518 358 amt 5 floor 14
TIWATCH518 359 ti 11 ammo 141 scale 236 units 6 sen 70 bar 7 beat 1 hold 0
TIWATCH518 360 ti 29 ammo 131 scale 236 units 6 sen 70 bar 7 beat 1 hold 0
TICONV518 360 amt 15 floor 14
TIWATCH518 361 ti 12 ammo 146 scale 236 units 6 sen 70 bar 7 beat 1 hold 0
TIWATCH518 362 ti 19 ammo 136 scale 236 units 6 sen 70 bar 7 beat 1 hold 0
TICONV518 362 amt 5 floor 14
TIWATCH518 363 ti 11 ammo 141 scale 236 units 6 sen 70 bar 7 beat 1 hold 0
TIWATCH518 364 ti 29 ammo 131 scale 236 units 6 sen 70 bar 7 beat 1 hold 0
TICONV518 364 amt 15 floor 14
TIWATCH518 365 ti 12 ammo 146 scale 236 units 6 sen 70 bar 7 beat 1 hold 0
TIWATCH518 366 ti 19 ammo 136 scale 236 units 6 sen 70 bar 7 beat 1 hold 0
TICONV518 366 amt 5 floor 14
TIWATCH518 367 ti 11 ammo 141 scale 236 units 6 sen 70 bar 7 beat 1 hold 0
TIWATCH518 368 ti 29 ammo 131 scale 236 units 6 sen 70 bar 7 beat 1 hold 0
TICONV518 368 amt 15 floor 14
TIWATCH518 369 ti 12 ammo 146 scale 236 units 6 sen 70 bar 7 beat 1 hold 0
TIWATCH518 370 ti 19 ammo 136 scale 236 units 6 sen 70 bar 7 beat 1 hold 0
TICONV518 370 amt 5 floor 14
TIWATCH518 371 ti 11 ammo 141 scale 236 units 6 sen 70 bar 7 beat 1 hold 0
TIWATCH518 372 ti 29 ammo 131 scale 236 units 6 sen 70 bar 7 beat 1 hold 0
TICONV518 372 amt 15 floor 14
TIWATCH518 373 ti 12 ammo 146 scale 236 units 6 sen 70 bar 7 beat 1 hold 0
TIWATCH518 374 ti 19 ammo 136 scale 236 units 6 sen 70 bar 7 beat 1 hold 0
TICONV518 374 amt 5 floor 14
TIWATCH518 375 ti 11 ammo 141 scale 236 units 6 sen 70 bar 7 beat 1 hold 0
TIWATCH518 376 ti 29 ammo 131 scale 236 units 6 sen 70 bar 7 beat 1 hold 0
TICONV518 376 amt 15 floor 14
TIWATCH518 377 ti 12 ammo 146 scale 236 units 6 sen 70 bar 7 beat 1 hold 0
TIWATCH518 378 ti 19 ammo 136 scale 236 units 6 sen 70 bar 7 beat 1 hold 0
TICONV518 378 amt 5 floor 14
TIWATCH518 379 ti 11 ammo 141 scale 236 units 6 sen 70 bar 7 beat 1 hold 0
TIWATCH518 380 ti 29 ammo 131 scale 236 units 6 sen 70 bar 7 beat 1 hold 0
TICONV518 380 amt 15 floor 14
TIWATCH518 381 ti 12 ammo 146 scale 236 units 6 sen 70 bar 7 beat 1 hold 0
TIWATCH518 382 ti 19 ammo 136 scale 236 units 6 sen 70 bar 7 beat 1 hold 0
TICONV518 382 amt 5 floor 14
TIWATCH518 383 ti 11 ammo 141 scale 236 units 6 sen 70 bar 7 beat 1 hold 0
TIWATCH518 384 ti 29 ammo 131 scale 236 units 6 sen 70 bar 7 beat 1 hold 0
TICONV518 384 amt 15 floor 14
TIWATCH518 385 ti 12 ammo 146 scale 236 units 6 sen 70 bar 7 beat 1 hold 0
TIWATCH518 386 ti 19 ammo 136 scale 236 units 6 sen 70 bar 7 beat 1 hold 0
TICONV518 386 amt 5 floor 14
TIWATCH518 387 ti 11 ammo 141 scale 236 units 6 sen 70 bar 7 beat 1 hold 0
TIWATCH518 388 ti 29 ammo 131 scale 236 units 6 sen 70 bar 7 beat 1 hold 0
TICONV518 388 amt 15 floor 14
TIWATCH518 389 ti 12 ammo 146 scale 236 units 6 sen 70 bar 7 beat 1 hold 0
TIWATCH518 390 ti 19 ammo 136 scale 236 units 6 sen 70 bar 7 beat 1 hold 0
TICONV518 390 amt 5 floor 14
TIWATCH518 391 ti 11 ammo 141 scale 236 units 6 sen 70 bar 7 beat 1 hold 0
TIWATCH518 392 ti 29 ammo 131 scale 236 units 6 sen 70 bar 7 beat 1 hold 0
TICONV518 392 amt 15 floor 14
TIWATCH518 393 ti 12 ammo 146 scale 236 units 6 sen 70 bar 7 beat 1 hold 0
TIWATCH518 394 ti 19 ammo 136 scale 236 units 6 sen 70 bar 7 beat 1 hold 0
TICONV518 394 amt 5 floor 14
TIWATCH518 395 ti 11 ammo 141 scale 236 units 6 sen 70 bar 7 beat 1 hold 0
TIWATCH518 396 ti 29 ammo 131 scale 236 units 6 sen 70 bar 7 beat 1 hold 0
TICONV518 396 amt 15 floor 14
TIWATCH518 397 ti 12 ammo 146 scale 236 units 6 sen 70 bar 7 beat 1 hold 0
TIWATCH518 398 ti 19 ammo 136 scale 236 units 6 sen 70 bar 7 beat 1 hold 0
TICONV518 398 amt 5 floor 14
TIWATCH518 399 ti 11 ammo 141 scale 236 units 6 sen 70 bar 7 beat 1 hold 0
TIWATCH518 400 ti 29 ammo 131 scale 236 units 6 sen 70 bar 7 beat 1 hold 0
TICONV518 400 amt 15 floor 14
TIWATCH518 401 ti 12 ammo 146 scale 236 units 6 sen 70 bar 7 beat 1 hold 0
TIWATCH518 402 ti 19 ammo 136 scale 236 units 6 sen 70 bar 7 beat 1 hold 0
TICONV518 402 amt 5 floor 14
TIWATCH518 403 ti 11 ammo 141 scale 236 units 6 sen 70 bar 7 beat 1 hold 0
TIWATCH518 404 ti 29 ammo 131 scale 236 units 6 sen 70 bar 7 beat 1 hold 0
TICONV518 404 amt 15 floor 14
TIWATCH518 405 ti 12 ammo 146 scale 236 units 6 sen 70 bar 7 beat 1 hold 0
TIWATCH518 406 ti 19 ammo 136 scale 236 units 6 sen 70 bar 7 beat 1 hold 0
TICONV518 406 amt 5 floor 14
TIWATCH518 407 ti 11 ammo 141 scale 236 units 6 sen 70 bar 7 beat 1 hold 0
TIWATCH518 408 ti 29 ammo 131 scale 236 units 6 sen 70 bar 7 beat 1 hold 0
TICONV518 408 amt 15 floor 14
TIWATCH518 409 ti 12 ammo 146 scale 236 units 6 sen 70 bar 7 beat 1 hold 0
TIWATCH518 410 ti 19 ammo 136 scale 236 units 6 sen 70 bar 7 beat 1 hold 0
TICONV518 410 amt 5 floor 14
TIWATCH518 411 ti 11 ammo 141 scale 236 units 6 sen 70 bar 7 beat 1 hold 0
TIWATCH518 412 ti 29 ammo 131 scale 236 units 6 sen 70 bar 7 beat 1 hold 0
TICONV518 412 amt 15 floor 14
TIWATCH518 413 ti 12 ammo 146 scale 236 units 6 sen 70 bar 7 beat 1 hold 0
TIWATCH518 414 ti 19 ammo 136 scale 236 units 6 sen 70 bar 7 beat 1 hold 0
TICONV518 414 amt 5 floor 14
TIWATCH518 415 ti 11 ammo 141 scale 236 units 6 sen 70 bar 7 beat 1 hold 0
TIWATCH518 416 ti 29 ammo 131 scale 236 units 6 sen 70 bar 7 beat 1 hold 0
TICONV518 416 amt 15 floor 14
TIWATCH518 417 ti 12 ammo 146 scale 236 units 6 sen 70 bar 7 beat 1 hold 0
TIWATCH518 418 ti 19 ammo 136 scale 236 units 6 sen 70 bar 7 beat 1 hold 0
TICONV518 418 amt 5 floor 14
TIWATCH518 419 ti 11 ammo 141 scale 236 units 6 sen 70 bar 7 beat 1 hold 0
TIWATCH518 420 ti 29 ammo 131 scale 236 units 6 sen 70 bar 7 beat 1 hold 0
TICONV518 420 amt 15 floor 14
TIWATCH518 421 ti 12 ammo 146 scale 236 units 6 sen 70 bar 7 beat 1 hold 0
TIWATCH518 422 ti 19 ammo 136 scale 236 units 6 sen 70 bar 7 beat 1 hold 0
TICONV518 422 amt 5 floor 14
TIWATCH518 423 ti 11 ammo 141 scale 236 units 6 sen 70 bar 7 beat 1 hold 0
TIWATCH518 424 ti 29 ammo 131 scale 236 units 6 sen 70 bar 7 beat 1 hold 0
TICONV518 424 amt 15 floor 14
TIWATCH518 425 ti 12 ammo 146 scale 236 units 6 sen 70 bar 7 beat 1 hold 0
TIWATCH518 426 ti 19 ammo 136 scale 236 units 6 sen 70 bar 7 beat 1 hold 0
TICONV518 426 amt 5 floor 14
TIWATCH518 427 ti 11 ammo 141 scale 236 units 6 sen 70 bar 7 beat 1 hold 0
TIWATCH518 428 ti 29 ammo 131 scale 236 units 6 sen 70 bar 7 beat 1 hold 0
TICONV518 428 amt 15 floor 14
TIWATCH518 429 ti 12 ammo 146 scale 236 units 6 sen 70 bar 7 beat 1 hold 0
TIWATCH518 430 ti 19 ammo 136 scale 236 units 6 sen 70 bar 7 beat 1 hold 0
TICONV518 430 amt 5 floor 14
TIWATCH518 431 ti 11 ammo 141 scale 236 units 6 sen 70 bar 7 beat 1 hold 0
TIWATCH518 432 ti 29 ammo 131 scale 236 units 6 sen 70 bar 7 beat 1 hold 0
TICONV518 432 amt 15 floor 14
TIWATCH518 433 ti 12 ammo 146 scale 236 units 6 sen 70 bar 7 beat 1 hold 0
TIWATCH518 434 ti 19 ammo 136 scale 236 units 6 sen 70 bar 7 beat 1 hold 0
TICONV518 434 amt 5 floor 14
TIWATCH518 435 ti 11 ammo 141 scale 236 units 6 sen 70 bar 7 beat 1 hold 0
TIWATCH518 436 ti 29 ammo 131 scale 236 units 6 sen 70 bar 7 beat 1 hold 0
TICONV518 436 amt 15 floor 14
TIWATCH518 437 ti 12 ammo 146 scale 236 units 6 sen 70 bar 7 beat 1 hold 0
TIWATCH518 438 ti 19 ammo 136 scale 236 units 6 sen 70 bar 7 beat 1 hold 0
TICONV518 438 amt 5 floor 14
TIWATCH518 439 ti 11 ammo 141 scale 236 units 6 sen 70 bar 7 beat 1 hold 0
TIWATCH518 440 ti 29 ammo 131 scale 236 units 6 sen 70 bar 7 beat 1 hold 0
TICONV518 440 amt 15 floor 14
TIWATCH518 441 ti 12 ammo 146 scale 236 units 6 sen 70 bar 7 beat 1 hold 0
TIWATCH518 442 ti 19 ammo 136 scale 236 units 6 sen 70 bar 7 beat 1 hold 0
TICONV518 442 amt 5 floor 14
TIWATCH518 443 ti 11 ammo 141 scale 236 units 6 sen 70 bar 7 beat 1 hold 0
TIWATCH518 444 ti 29 ammo 131 scale 236 units 6 sen 70 bar 7 beat 1 hold 0
TICONV518 444 amt 15 floor 14
TIWATCH518 445 ti 12 ammo 146 scale 236 units 6 sen 70 bar 7 beat 1 hold 0
TIWATCH518 446 ti 19 ammo 136 scale 236 units 6 sen 70 bar 7 beat 1 hold 0
TICONV518 446 amt 5 floor 14
TIWATCH518 447 ti 11 ammo 141 scale 236 units 6 sen 70 bar 7 beat 1 hold 0
TIWATCH518 448 ti 29 ammo 131 scale 236 units 6 sen 70 bar 7 beat 1 hold 0
TICONV518 448 amt 15 floor 14
TIWATCH518 449 ti 12 ammo 146 scale 236 units 6 sen 70 bar 7 beat 1 hold 0
TIWATCH518 450 ti 19 ammo 136 scale 236 units 6 sen 70 bar 7 beat 1 hold 0
TICONV518 450 amt 5 floor 14
TIWATCH518 451 ti 11 ammo 141 scale 236 units 6 sen 70 bar 7 beat 1 hold 0
TIWATCH518 452 ti 29 ammo 131 scale 236 units 6 sen 70 bar 7 beat 1 hold 0
TICONV518 452 amt 15 floor 14
TIWATCH518 453 ti 12 ammo 146 scale 236 units 6 sen 70 bar 7 beat 1 hold 0
TIWATCH518 454 ti 19 ammo 136 scale 236 units 6 sen 70 bar 7 beat 1 hold 0
TICONV518 454 amt 5 floor 14
TIWATCH518 455 ti 11 ammo 141 scale 236 units 6 sen 70 bar 7 beat 1 hold 0
TIWATCH518 456 ti 29 ammo 131 scale 236 units 6 sen 70 bar 7 beat 1 hold 0
TICONV518 456 amt 15 floor 14
TIWATCH518 457 ti 12 ammo 146 scale 236 units 6 sen 70 bar 7 beat 1 hold 0
TIWATCH518 458 ti 19 ammo 136 scale 236 units 6 sen 70 bar 7 beat 1 hold 0
TICONV518 458 amt 5 floor 14
TIWATCH518 459 ti 11 ammo 141 scale 236 units 6 sen 70 bar 7 beat 1 hold 0
TIWATCH518 460 ti 29 ammo 131 scale 236 units 6 sen 70 bar 7 beat 1 hold 0
TICONV518 460 amt 15 floor 14
TIWATCH518 461 ti 12 ammo 146 scale 236 units 6 sen 70 bar 7 beat 1 hold 0
TIWATCH518 462 ti 19 ammo 136 scale 236 units 6 sen 70 bar 7 beat 1 hold 0
TICONV518 462 amt 5 floor 14
TIWATCH518 463 ti 11 ammo 141 scale 236 units 6 sen 70 bar 7 beat 1 hold 0
TIWATCH518 464 ti 29 ammo 131 scale 236 units 6 sen 70 bar 7 beat 1 hold 0
TICONV518 464 amt 15 floor 14
TIWATCH518 465 ti 12 ammo 146 scale 236 units 6 sen 70 bar 7 beat 1 hold 0
TIWATCH518 466 ti 19 ammo 136 scale 236 units 6 sen 70 bar 7 beat 1 hold 0
TICONV518 466 amt 5 floor 14
TIWATCH518 467 ti 11 ammo 141 scale 236 units 6 sen 70 bar 7 beat 1 hold 0
TIWATCH518 468 ti 29 ammo 131 scale 236 units 6 sen 70 bar 7 beat 1 hold 0
TICONV518 468 amt 15 floor 14
TIWATCH518 469 ti 12 ammo 146 scale 236 units 6 sen 70 bar 7 beat 1 hold 0
TIWATCH518 470 ti 19 ammo 136 scale 236 units 6 sen 70 bar 7 beat 1 hold 0
TICONV518 470 amt 5 floor 14
TIWATCH518 471 ti 11 ammo 141 scale 236 units 6 sen 70 bar 7 beat 1 hold 0
TIWATCH518 472 ti 29 ammo 131 scale 236 units 6 sen 70 bar 7 beat 1 hold 0
TICONV518 472 amt 15 floor 14
TIWATCH518 473 ti 12 ammo 146 scale 236 units 6 sen 70 bar 7 beat 1 hold 0
TIWATCH518 474 ti 19 ammo 136 scale 236 units 6 sen 70 bar 7 beat 1 hold 0
TICONV518 474 amt 5 floor 14
TIWATCH518 475 ti 11 ammo 141 scale 236 units 6 sen 70 bar 7 beat 1 hold 0
TIWATCH518 476 ti 29 ammo 131 scale 236 units 6 sen 70 bar 7 beat 1 hold 0
TICONV518 476 amt 15 floor 14
TIWATCH518 477 ti 12 ammo 146 scale 236 units 6 sen 70 bar 7 beat 1 hold 0
TIWATCH518 478 ti 19 ammo 136 scale 236 units 6 sen 70 bar 7 beat 1 hold 0
TICONV518 478 amt 5 floor 14
TIWATCH518 479 ti 11 ammo 141 scale 236 units 6 sen 70 bar 7 beat 1 hold 0
TIWATCH518 480 ti 29 ammo 131 scale 236 units 6 sen 70 bar 7 beat 1 hold 0
TICONV518 480 amt 15 floor 14
TIWATCH518 481 ti 12 ammo 146 scale 236 units 6 sen 70 bar 7 beat 1 hold 0
