Update available: 2.3.6 -> 2.3.8. Run: pip install --upgrade fcode
TIWATCH518 0 ti 500 ammo 0 scale 100 units 1 sen 30 bar 3 beat 0 hold 0
TIWATCH518 1 ti 470 ammo 0 scale 120 units 2 sen 36 bar 3 beat 0 hold 0
TIWATCH518 2 ti 406 ammo 0 scale 150 units 4 sen 45 bar 4 beat 0 hold 0
TIWATCH518 3 ti 361 ammo 0 scale 160 units 4 sen 48 bar 4 beat 0 hold 0
TIWATCH518 4 ti 305 ammo 0 scale 175 units 5 sen 52 bar 5 beat 0 hold 0
TIWATCH518 5 ti 295 ammo 0 scale 167 units 4 sen 50 bar 5 beat 0 hold 0
TIWATCH518 6 ti 262 ammo 0 scale 177 units 5 sen 53 bar 5 beat 0 hold 0
TIWATCH518 7 ti 272 ammo 0 scale 167 units 4 sen 50 bar 5 beat 0 hold 0
TIWATCH518 8 ti 249 ammo 0 scale 177 units 5 sen 53 bar 5 beat 0 hold 0
TIWATCH518 9 ti 249 ammo 0 scale 167 units 4 sen 50 bar 5 beat 0 hold 0
TIWATCH518 10 ti 216 ammo 0 scale 177 units 5 sen 53 bar 5 beat 0 hold 0
TIWATCH518 11 ti 226 ammo 0 scale 167 units 4 sen 50 bar 5 beat 0 hold 0
TIWATCH518 12 ti 203 ammo 0 scale 177 units 5 sen 53 bar 5 beat 0 hold 0
TIWATCH518 13 ti 203 ammo 0 scale 177 units 5 sen 53 bar 5 beat 0 hold 0
TIWATCH518 14 ti 203 ammo 0 scale 177 units 5 sen 53 bar 5 beat 0 hold 0
TIWATCH518 15 ti 213 ammo 0 scale 177 units 5 sen 53 bar 5 beat 0 hold 0
TIWATCH518 16 ti 188 ammo 0 scale 182 units 5 sen 54 bar 5 beat 0 hold 0
TICONV518 16 amt 16 floor 52
TIWATCH518 17 ti 131 ammo 16 scale 188 units 5 sen 56 bar 5 beat 0 hold 0
TIWATCH518 18 ti 126 ammo 16 scale 189 units 5 sen 56 bar 5 beat 0 hold 0
TIWATCH518 19 ti 131 ammo 16 scale 190 units 5 sen 57 bar 5 beat 0 hold 0
TIWATCH518 20 ti 136 ammo 16 scale 171 units 4 sen 51 bar 5 beat 0 hold 0
TIWATCH518 21 ti 141 ammo 16 scale 172 units 4 sen 51 bar 5 beat 0 hold 0
TIWATCH518 22 ti 141 ammo 16 scale 172 units 4 sen 51 bar 5 beat 0 hold 0
TIWATCH518 23 ti 146 ammo 16 scale 173 units 4 sen 51 bar 5 beat 0 hold 0
TIWATCH518 24 ti 156 ammo 16 scale 163 units 3 sen 48 bar 4 beat 0 hold 0
TIWATCH518 25 ti 129 ammo 16 scale 169 units 3 sen 50 bar 5 beat 0 hold 0
TIWATCH518 26 ti 124 ammo 16 scale 170 units 3 sen 51 bar 5 beat 0 hold 0
TIWATCH518 27 ti 134 ammo 16 scale 170 units 3 sen 51 bar 5 beat 0 hold 0
TIWATCH518 28 ti 139 ammo 16 scale 171 units 3 sen 51 bar 5 beat 0 hold 0
TIWATCH518 29 ti 149 ammo 16 scale 171 units 3 sen 51 bar 5 beat 0 hold 0
TIWATCH518 30 ti 144 ammo 16 scale 172 units 3 sen 51 bar 5 beat 0 hold 0
TIWATCH518 31 ti 154 ammo 16 scale 172 units 3 sen 51 bar 5 beat 0 hold 0
TIWATCH518 32 ti 159 ammo 16 scale 173 units 3 sen 51 bar 5 beat 0 hold 0
TIWATCH518 33 ti 128 ammo 16 scale 193 units 4 sen 57 bar 5 beat 0 hold 0
TIWATCH518 34 ti 138 ammo 16 scale 193 units 4 sen 57 bar 5 beat 0 hold 0
TIWATCH518 35 ti 120 ammo 16 scale 203 units 5 sen 60 bar 6 beat 0 hold 0
TIWATCH518 36 ti 140 ammo 16 scale 193 units 4 sen 57 bar 5 beat 0 hold 0
TIWATCH518 37 ti 112 ammo 16 scale 203 units 5 sen 60 bar 6 beat 0 hold 0
TIWATCH518 38 ti 122 ammo 16 scale 193 units 4 sen 57 bar 5 beat 0 hold 0
TIWATCH518 39 ti 104 ammo 16 scale 203 units 5 sen 60 bar 6 beat 0 hold 0
TIWATCH518 40 ti 114 ammo 16 scale 193 units 4 sen 57 bar 5 beat 0 hold 0
TIWATCH518 41 ti 96 ammo 16 scale 203 units 5 sen 60 bar 6 beat 0 hold 0
TIWATCH518 42 ti 96 ammo 16 scale 193 units 4 sen 57 bar 5 beat 0 hold 0
TIWATCH518 43 ti 77 ammo 16 scale 203 units 5 sen 60 bar 6 beat 0 hold 0
TIWATCH518 44 ti 86 ammo 16 scale 193 units 4 sen 57 bar 5 beat 0 hold 0
TIWATCH518 45 ti 57 ammo 16 scale 198 units 5 sen 59 bar 5 beat 0 hold 0
TIWATCH518 46 ti 28 ammo 16 scale 203 units 5 sen 60 bar 6 beat 0 hold 0
TIWATCH518 47 ti 48 ammo 16 scale 203 units 5 sen 60 bar 6 beat 0 hold 0
TIWATCH518 48 ti 58 ammo 16 scale 203 units 5 sen 60 bar 6 beat 0 hold 0
TICONV518 48 amt 8 floor 12
TIWATCH518 49 ti 70 ammo 24 scale 203 units 5 sen 60 bar 6 beat 0 hold 0
TIWATCH518 50 ti 70 ammo 24 scale 183 units 4 sen 54 bar 5 beat 0 hold 0
TIWATCH518 51 ti 90 ammo 24 scale 183 units 4 sen 54 bar 5 beat 0 hold 0
TIWATCH518 52 ti 100 ammo 24 scale 173 units 3 sen 51 bar 5 beat 0 hold 0
TIWATCH518 53 ti 76 ammo 24 scale 178 units 3 sen 53 bar 5 beat 0 hold 0
TIWATCH518 54 ti 81 ammo 24 scale 174 units 3 sen 52 bar 5 beat 0 hold 0
TIWATCH518 55 ti 101 ammo 24 scale 174 units 3 sen 52 bar 5 beat 0 hold 0
TIWATCH518 56 ti 116 ammo 24 scale 175 units 3 sen 52 bar 5 beat 0 hold 0
TIWATCH518 57 ti 121 ammo 24 scale 176 units 3 sen 52 bar 5 beat 0 hold 0
TIWATCH518 58 ti 121 ammo 24 scale 176 units 3 sen 52 bar 5 beat 0 hold 0
TIWATCH518 59 ti 141 ammo 24 scale 176 units 3 sen 52 bar 5 beat 0 hold 0
TIWATCH518 60 ti 151 ammo 24 scale 176 units 3 sen 52 bar 5 beat 0 hold 0
TIWATCH518 61 ti 151 ammo 24 scale 176 units 3 sen 52 bar 5 beat 0 hold 0
TIWATCH518 62 ti 109 ammo 24 scale 196 units 4 sen 58 bar 5 beat 0 hold 0
TIWATCH518 63 ti 50 ammo 24 scale 211 units 5 sen 63 bar 6 beat 0 hold 0
TIWATCH518 64 ti 70 ammo 24 scale 201 units 4 sen 60 bar 6 beat 0 hold 0
TIWATCH518 65 ti 50 ammo 24 scale 211 units 5 sen 63 bar 6 beat 0 hold 0
TIWATCH518 66 ti 50 ammo 24 scale 199 units 4 sen 59 bar 5 beat 0 hold 0
TIWATCH518 67 ti 21 ammo 24 scale 209 units 5 sen 62 bar 6 beat 0 hold 0
TIWATCH518 68 ti 41 ammo 24 scale 199 units 4 sen 59 bar 5 beat 0 hold 0
TIWATCH518 69 ti 36 ammo 24 scale 200 units 4 sen 60 bar 6 beat 0 hold 0
TIWATCH518 70 ti 46 ammo 24 scale 200 units 4 sen 60 bar 6 beat 0 hold 0
TIWATCH518 71 ti 7 ammo 24 scale 209 units 5 sen 62 bar 6 beat 0 hold 0
TIWATCH518 72 ti 21 ammo 24 scale 200 units 4 sen 60 bar 6 beat 0 hold 0
TIWATCH518 73 ti 41 ammo 24 scale 200 units 4 sen 60 bar 6 beat 0 hold 0
TIWATCH518 74 ti 51 ammo 24 scale 200 units 4 sen 60 bar 6 beat 0 hold 0
TIWATCH518 75 ti 10 ammo 24 scale 210 units 5 sen 63 bar 6 beat 0 hold 0
TIWATCH518 76 ti 30 ammo 24 scale 199 units 4 sen 59 bar 5 beat 0 hold 0
GAP518 76 id 175 code DODGE live -1 salt -1 eco -1 ti -1 sen -1 bar -1 need -1 orth -1 floor 0
TIWATCH518 77 ti 40 ammo 24 scale 199 units 4 sen 59 bar 5 beat 0 hold 0
GATE515 77 salt 0 eco 1 orth 8 floor 0
GAP518 77 id 175 code FUND live 0 salt 0 eco 1 ti 35 sen 60 bar 6 need 8 orth 8 floor 0
GATE515 77 salt 0 eco 1 orth 8 floor 0
TIWATCH518 78 ti 45 ammo 24 scale 200 units 4 sen 60 bar 6 beat 0 hold 0
GAP518 78 id 175 code DODGE live -1 salt -1 eco -1 ti -1 sen -1 bar -1 need -1 orth -1 floor 0
TIWATCH518 79 ti 55 ammo 24 scale 200 units 4 sen 60 bar 6 beat 0 hold 0
GATE515 79 salt 0 eco 1 orth 8 floor 0
GAP518 79 id 175 code FUND live 0 salt 0 eco 1 ti 55 sen 60 bar 6 need 8 orth 8 floor 0
GATE515 79 salt 0 eco 1 orth 8 floor 0
GATE515 79 salt 0 eco 1 orth 8 floor 0
TIWATCH518 80 ti 75 ammo 24 scale 200 units 4 sen 60 bar 6 beat 0 hold 0
TIWATCH518 81 ti 94 ammo 24 scale 180 units 3 sen 54 bar 5 beat 0 hold 0
TIWATCH518 82 ti 93 ammo 24 scale 178 units 3 sen 53 bar 5 beat 0 hold 0
TIWATCH518 83 ti 88 ammo 24 scale 179 units 3 sen 53 bar 5 beat 0 hold 0
TIWATCH518 84 ti 98 ammo 24 scale 179 units 3 sen 53 bar 5 beat 0 hold 0
TIWATCH518 85 ti 108 ammo 24 scale 178 units 3 sen 53 bar 5 beat 0 hold 0
TIWATCH518 86 ti 103 ammo 24 scale 179 units 3 sen 53 bar 5 beat 0 hold 0
TIWATCH518 87 ti 103 ammo 24 scale 179 units 3 sen 53 bar 5 beat 0 hold 0
TIWATCH518 88 ti 113 ammo 24 scale 179 units 3 sen 53 bar 5 beat 0 hold 0
TIWATCH518 89 ti 122 ammo 24 scale 179 units 3 sen 53 bar 5 beat 0 hold 0
TIWATCH518 90 ti 121 ammo 24 scale 178 units 3 sen 53 bar 5 beat 0 hold 0
TIWATCH518 91 ti 116 ammo 24 scale 179 units 3 sen 53 bar 5 beat 0 hold 0
TIWATCH518 92 ti 126 ammo 24 scale 179 units 3 sen 53 bar 5 beat 0 hold 0
TIWATCH518 93 ti 83 ammo 24 scale 198 units 4 sen 59 bar 5 beat 0 hold 0
TIWATCH518 94 ti 39 ammo 24 scale 208 units 5 sen 62 bar 6 beat 0 hold 0
TIWATCH518 95 ti 39 ammo 24 scale 178 units 3 sen 53 bar 5 beat 0 hold 0
TIWATCH518 96 ti 49 ammo 24 scale 178 units 3 sen 53 bar 5 beat 0 hold 0
TIWATCH518 97 ti 14 ammo 24 scale 187 units 4 sen 56 bar 5 beat 0 hold 0
TIWATCH518 98 ti 14 ammo 24 scale 177 units 3 sen 53 bar 5 beat 0 hold 0
TIWATCH518 99 ti 14 ammo 24 scale 177 units 3 sen 53 bar 5 beat 0 hold 0
TIWATCH518 100 ti 24 ammo 24 scale 177 units 3 sen 53 bar 5 beat 0 hold 0
TIWATCH518 101 ti 24 ammo 24 scale 177 units 3 sen 53 bar 5 beat 0 hold 0
TIWATCH518 102 ti 24 ammo 24 scale 177 units 3 sen 53 bar 5 beat 0 hold 0
TIWATCH518 103 ti 19 ammo 24 scale 178 units 3 sen 53 bar 5 beat 0 hold 0
TIWATCH518 104 ti 29 ammo 24 scale 178 units 3 sen 53 bar 5 beat 0 hold 0
TIWATCH518 105 ti 29 ammo 24 scale 178 units 3 sen 53 bar 5 beat 0 hold 0
TIWATCH518 106 ti 28 ammo 24 scale 178 units 3 sen 53 bar 5 beat 0 hold 0
TIWATCH518 107 ti 27 ammo 24 scale 177 units 3 sen 53 bar 5 beat 0 hold 0
TIWATCH518 108 ti 32 ammo 24 scale 178 units 3 sen 53 bar 5 beat 0 hold 0
TIWATCH518 109 ti 32 ammo 24 scale 178 units 3 sen 53 bar 5 beat 0 hold 0
TIWATCH518 110 ti 32 ammo 24 scale 177 units 3 sen 53 bar 5 beat 0 hold 0
TIWATCH518 111 ti 32 ammo 24 scale 177 units 3 sen 53 bar 5 beat 0 hold 0
TIWATCH518 112 ti 42 ammo 24 scale 177 units 3 sen 53 bar 5 beat 0 hold 0
TIWATCH518 113 ti 7 ammo 24 scale 187 units 4 sen 56 bar 5 beat 0 hold 0
TIWATCH518 114 ti 7 ammo 24 scale 177 units 3 sen 53 bar 5 beat 0 hold 0
TIWATCH518 115 ti 7 ammo 24 scale 177 units 3 sen 53 bar 5 beat 0 hold 0
TIWATCH518 116 ti 17 ammo 24 scale 177 units 3 sen 53 bar 5 beat 0 hold 0
TIWATCH518 117 ti 17 ammo 24 scale 177 units 3 sen 53 bar 5 beat 0 hold 0
TIWATCH518 118 ti 17 ammo 24 scale 177 units 3 sen 53 bar 5 beat 0 hold 0
TIWATCH518 119 ti 17 ammo 24 scale 177 units 3 sen 53 bar 5 beat 0 hold 0
TIWATCH518 120 ti 27 ammo 24 scale 177 units 3 sen 53 bar 5 beat 0 hold 0
TIWATCH518 121 ti 27 ammo 24 scale 177 units 3 sen 53 bar 5 beat 0 hold 0
TIWATCH518 122 ti 27 ammo 24 scale 177 units 3 sen 53 bar 5 beat 0 hold 0
TIWATCH518 123 ti 27 ammo 24 scale 177 units 3 sen 53 bar 5 beat 0 hold 0
TIWATCH518 124 ti 37 ammo 24 scale 177 units 3 sen 53 bar 5 beat 0 hold 0
GATE515 124 salt 0 eco 1 orth 8 floor 0
GAP518 124 id 286 code FUND live 0 salt 0 eco 1 ti 37 sen 53 bar 5 need 8 orth 8 floor 0
GATE515 124 salt 0 eco 1 orth 8 floor 0
TIWATCH518 125 ti 37 ammo 24 scale 177 units 3 sen 53 bar 5 beat 0 hold 0
GATE515 125 salt 0 eco 1 orth 7 floor 0
GAP518 125 id 286 code FUND live 0 salt 0 eco 1 ti 37 sen 53 bar 5 need 7 orth 7 floor 0
GATE515 125 salt 0 eco 1 orth 7 floor 0
TIWATCH518 126 ti 37 ammo 24 scale 177 units 3 sen 53 bar 5 beat 0 hold 0
GATE515 126 salt 0 eco 1 orth 8 floor 0
GAP518 126 id 286 code FUND live 0 salt 0 eco 1 ti 37 sen 53 bar 5 need 8 orth 8 floor 0
GATE515 126 salt 0 eco 1 orth 8 floor 0
TIWATCH518 127 ti 37 ammo 24 scale 177 units 3 sen 53 bar 5 beat 0 hold 0
GATE515 127 salt 0 eco 1 orth 8 floor 0
GAP518 127 id 286 code FUND live 0 salt 0 eco 1 ti 37 sen 53 bar 5 need 8 orth 8 floor 0
GATE515 127 salt 0 eco 1 orth 8 floor 0
TIWATCH518 128 ti 47 ammo 24 scale 177 units 3 sen 53 bar 5 beat 0 hold 0
GATE515 128 salt 0 eco 1 orth 7 floor 0
GAP518 128 id 286 code FUND live 0 salt 0 eco 1 ti 47 sen 53 bar 5 need 7 orth 7 floor 0
GATE515 128 salt 0 eco 1 orth 7 floor 0
TIWATCH518 129 ti 42 ammo 24 scale 178 units 3 sen 53 bar 5 beat 0 hold 0
GAP518 129 id 286 code DODGE live -1 salt -1 eco -1 ti -1 sen -1 bar -1 need -1 orth -1 floor 0
TIWATCH518 130 ti 42 ammo 24 scale 178 units 3 sen 53 bar 5 beat 0 hold 0
GATE515 130 salt 0 eco 1 orth 7 floor 0
GAP518 130 id 286 code FUND live 0 salt 0 eco 1 ti 42 sen 53 bar 5 need 7 orth 7 floor 0
GATE515 130 salt 0 eco 1 orth 7 floor 0
TIWATCH518 131 ti 37 ammo 24 scale 179 units 3 sen 53 bar 5 beat 0 hold 0
GATE515 131 salt 0 eco 1 orth 6 floor 0
GAP518 131 id 286 code FUND live 0 salt 0 eco 1 ti 37 sen 53 bar 5 need 6 orth 6 floor 0
GATE515 131 salt 0 eco 1 orth 6 floor 0
GATE515 131 salt 0 eco 1 orth 6 floor 0
TIWATCH518 132 ti 47 ammo 24 scale 179 units 3 sen 53 bar 5 beat 0 hold 0
GATE515 132 salt 0 eco 1 orth 6 floor 0
GAP518 132 id 286 code FUND live 0 salt 0 eco 1 ti 47 sen 53 bar 5 need 6 orth 6 floor 0
GATE515 132 salt 0 eco 1 orth 6 floor 0
GATE515 132 salt 0 eco 1 orth 6 floor 0
TIWATCH518 133 ti 47 ammo 24 scale 179 units 3 sen 53 bar 5 beat 0 hold 0
GATE515 133 salt 0 eco 1 orth 6 floor 0
GAP518 133 id 286 code FUND live 0 salt 0 eco 1 ti 47 sen 53 bar 5 need 6 orth 6 floor 0
GATE515 133 salt 0 eco 1 orth 6 floor 0
GATE515 133 salt 0 eco 1 orth 6 floor 0
TIWATCH518 134 ti 47 ammo 24 scale 179 units 3 sen 53 bar 5 beat 0 hold 0
GAP518 134 id 286 code DODGE live -1 salt -1 eco -1 ti -1 sen -1 bar -1 need -1 orth -1 floor 0
TIWATCH518 135 ti 47 ammo 24 scale 178 units 3 sen 53 bar 5 beat 0 hold 0
GATE515 135 salt 0 eco 1 orth 6 floor 0
GAP518 135 id 286 code FUND live 0 salt 0 eco 1 ti 47 sen 53 bar 5 need 6 orth 6 floor 0
GATE515 135 salt 0 eco 1 orth 6 floor 0
TIWATCH518 136 ti 55 ammo 24 scale 178 units 3 sen 53 bar 5 beat 0 hold 0
GAP518 136 id 286 code DODGE live -1 salt -1 eco -1 ti -1 sen -1 bar -1 need -1 orth -1 floor 0
TIWATCH518 137 ti 55 ammo 24 scale 178 units 3 sen 53 bar 5 beat 0 hold 0
GATE515 137 salt 0 eco 1 orth 7 floor 0
GAP518 137 id 286 code FUND live 0 salt 0 eco 1 ti 55 sen 53 bar 5 need 7 orth 7 floor 0
GATE515 137 salt 0 eco 1 orth 7 floor 0
TIWATCH518 138 ti 50 ammo 24 scale 179 units 3 sen 53 bar 5 beat 0 hold 0
GATE515 138 salt 0 eco 1 orth 6 floor 0
GAP518 138 id 286 code FUND live 0 salt 0 eco 1 ti 50 sen 53 bar 5 need 6 orth 6 floor 0
GATE515 138 salt 0 eco 1 orth 6 floor 0
GATE515 138 salt 0 eco 1 orth 6 floor 0
TIWATCH518 139 ti 50 ammo 24 scale 179 units 3 sen 53 bar 5 beat 0 hold 0
GATE515 139 salt 0 eco 1 orth 6 floor 0
GAP518 139 id 286 code FUND live 0 salt 0 eco 1 ti 50 sen 53 bar 5 need 6 orth 6 floor 0
GATE515 139 salt 0 eco 1 orth 6 floor 0
TIWATCH518 140 ti 58 ammo 24 scale 178 units 3 sen 53 bar 5 beat 0 hold 0
GATE515 140 salt 0 eco 1 orth 7 floor 0
GAP518 140 id 286 code FUND live 0 salt 0 eco 1 ti 58 sen 53 bar 5 need 7 orth 7 floor 0
GATE515 140 salt 0 eco 1 orth 7 floor 0
TIWATCH518 141 ti 56 ammo 24 scale 178 units 3 sen 53 bar 5 beat 0 hold 0
GATE515 141 salt 0 eco 1 orth 7 floor 0
GAP518 141 id 286 code FUND live 0 salt 0 eco 1 ti 56 sen 53 bar 5 need 7 orth 7 floor 0
GATE515 141 salt 0 eco 1 orth 7 floor 0
TIWATCH518 142 ti 54 ammo 24 scale 177 units 3 sen 53 bar 5 beat 0 hold 0
GATE515 142 salt 0 eco 1 orth 8 floor 0
GAP518 142 id 286 code FUND live 0 salt 0 eco 1 ti 54 sen 53 bar 5 need 8 orth 8 floor 0
GATE515 142 salt 0 eco 1 orth 8 floor 0
TIWATCH518 143 ti 52 ammo 24 scale 177 units 3 sen 53 bar 5 beat 0 hold 0
GATE515 143 salt 0 eco 1 orth 8 floor 0
GAP518 143 id 286 code FUND live 0 salt 0 eco 1 ti 52 sen 53 bar 5 need 8 orth 8 floor 0
GATE515 143 salt 0 eco 1 orth 8 floor 0
TIWATCH518 144 ti 60 ammo 24 scale 177 units 3 sen 53 bar 5 beat 0 hold 0
GATE515 144 salt 0 eco 1 orth 8 floor 0
GAP518 144 id 286 code FUND live 0 salt 0 eco 1 ti 60 sen 53 bar 5 need 8 orth 8 floor 0
GATE515 144 salt 0 eco 1 orth 8 floor 0
TIWATCH518 145 ti 58 ammo 24 scale 177 units 3 sen 53 bar 5 beat 0 hold 0
GATE515 145 salt 0 eco 1 orth 8 floor 0
GAP518 145 id 286 code FUND live 0 salt 0 eco 1 ti 58 sen 53 bar 5 need 8 orth 8 floor 0
GATE515 145 salt 0 eco 1 orth 8 floor 0
TIWATCH518 146 ti 56 ammo 24 scale 177 units 3 sen 53 bar 5 beat 0 hold 0
GATE515 146 salt 0 eco 1 orth 8 floor 0
GAP518 146 id 286 code FUND live 0 salt 0 eco 1 ti 56 sen 53 bar 5 need 8 orth 8 floor 0
GATE515 146 salt 0 eco 1 orth 8 floor 0
TIWATCH518 147 ti 54 ammo 24 scale 177 units 3 sen 53 bar 5 beat 0 hold 0
GATE515 147 salt 0 eco 1 orth 8 floor 0
GAP518 147 id 286 code FUND live 0 salt 0 eco 1 ti 54 sen 53 bar 5 need 8 orth 8 floor 0
GATE515 147 salt 0 eco 1 orth 8 floor 0
GATE515 147 salt 0 eco 1 orth 8 floor 0
TIWATCH518 148 ti 64 ammo 24 scale 177 units 3 sen 53 bar 5 beat 0 hold 0
GAP518 148 id 286 code DODGE live -1 salt -1 eco -1 ti -1 sen -1 bar -1 need -1 orth -1 floor 0
TIWATCH518 149 ti 64 ammo 24 scale 177 units 3 sen 53 bar 5 beat 0 hold 0
GATE515 149 salt 0 eco 1 orth 8 floor 0
GAP518 149 id 286 code FUND live 0 salt 0 eco 1 ti 64 sen 53 bar 5 need 8 orth 8 floor 0
GATE515 149 salt 0 eco 1 orth 8 floor 0
TIWATCH518 150 ti 62 ammo 24 scale 177 units 3 sen 53 bar 5 beat 0 hold 0
GATE515 150 salt 0 eco 1 orth 8 floor 0
GAP518 150 id 286 code FUND live 0 salt 0 eco 1 ti 62 sen 53 bar 5 need 8 orth 8 floor 0
GATE515 150 salt 0 eco 1 orth 8 floor 0
TIWATCH518 151 ti 60 ammo 24 scale 177 units 3 sen 53 bar 5 beat 0 hold 0
GATE515 151 salt 0 eco 1 orth 8 floor 0
GAP518 151 id 286 code FUND live 0 salt 0 eco 1 ti 60 sen 53 bar 5 need 8 orth 8 floor 0
GATE515 151 salt 0 eco 1 orth 8 floor 0
TIWATCH518 152 ti 68 ammo 24 scale 177 units 3 sen 53 bar 5 beat 0 hold 0
GATE515 152 salt 0 eco 1 orth 8 floor 0
GAP518 152 id 286 code FUND live 0 salt 0 eco 1 ti 68 sen 53 bar 5 need 8 orth 8 floor 0
GATE515 152 salt 0 eco 1 orth 8 floor 0
TIWATCH518 153 ti 66 ammo 24 scale 177 units 3 sen 53 bar 5 beat 0 hold 0
GATE515 153 salt 0 eco 1 orth 8 floor 0
GAP518 153 id 286 code FUND live 0 salt 0 eco 1 ti 66 sen 53 bar 5 need 8 orth 8 floor 0
GATE515 153 salt 0 eco 1 orth 8 floor 0
TIWATCH518 154 ti 64 ammo 24 scale 177 units 3 sen 53 bar 5 beat 0 hold 0
GATE515 154 salt 0 eco 1 orth 8 floor 0
GAP518 154 id 286 code FUND live 0 salt 0 eco 1 ti 64 sen 53 bar 5 need 8 orth 8 floor 0
GATE515 154 salt 0 eco 1 orth 8 floor 0
TIWATCH518 155 ti 62 ammo 24 scale 177 units 3 sen 53 bar 5 beat 0 hold 0
GATE515 155 salt 0 eco 1 orth 8 floor 0
GAP518 155 id 286 code FUND live 0 salt 0 eco 1 ti 62 sen 53 bar 5 need 8 orth 8 floor 0
GATE515 155 salt 0 eco 1 orth 8 floor 0
TIWATCH518 156 ti 70 ammo 24 scale 177 units 3 sen 53 bar 5 beat 0 hold 0
GATE515 156 salt 0 eco 1 orth 8 floor 0
GAP518 156 id 286 code FUND live 0 salt 0 eco 1 ti 70 sen 53 bar 5 need 8 orth 8 floor 0
GATE515 156 salt 0 eco 1 orth 8 floor 0
TIWATCH518 157 ti 68 ammo 24 scale 177 units 3 sen 53 bar 5 beat 0 hold 0
GATE515 157 salt 0 eco 1 orth 8 floor 0
GAP518 157 id 286 code FUND live 0 salt 0 eco 1 ti 68 sen 53 bar 5 need 8 orth 8 floor 0
GATE515 157 salt 0 eco 1 orth 8 floor 0
TIWATCH518 158 ti 66 ammo 24 scale 157 units 2 sen 47 bar 4 beat 0 hold 0
TIWATCH518 159 ti 66 ammo 24 scale 157 units 2 sen 47 bar 4 beat 0 hold 0
TIWATCH518 160 ti 76 ammo 24 scale 157 units 2 sen 47 bar 4 beat 0 hold 0
TIWATCH518 161 ti 76 ammo 24 scale 157 units 2 sen 47 bar 4 beat 0 hold 0
TIWATCH518 162 ti 76 ammo 24 scale 157 units 2 sen 47 bar 4 beat 0 hold 0
TIWATCH518 163 ti 76 ammo 24 scale 157 units 2 sen 47 bar 4 beat 0 hold 0
TIWATCH518 164 ti 86 ammo 24 scale 157 units 2 sen 47 bar 4 beat 0 hold 0
TIWATCH518 165 ti 86 ammo 24 scale 157 units 2 sen 47 bar 4 beat 0 hold 0
TIWATCH518 166 ti 86 ammo 24 scale 157 units 2 sen 47 bar 4 beat 0 hold 0
TIWATCH518 167 ti 86 ammo 24 scale 157 units 2 sen 47 bar 4 beat 0 hold 0
TIWATCH518 168 ti 96 ammo 24 scale 157 units 2 sen 47 bar 4 beat 0 hold 0
TIWATCH518 169 ti 96 ammo 24 scale 157 units 2 sen 47 bar 4 beat 0 hold 0
TIWATCH518 170 ti 96 ammo 24 scale 157 units 2 sen 47 bar 4 beat 0 hold 0
TIWATCH518 171 ti 96 ammo 24 scale 157 units 2 sen 47 bar 4 beat 0 hold 0
TIWATCH518 172 ti 106 ammo 24 scale 157 units 2 sen 47 bar 4 beat 0 hold 0
TIWATCH518 173 ti 106 ammo 24 scale 157 units 2 sen 47 bar 4 beat 0 hold 0
TIWATCH518 174 ti 106 ammo 24 scale 157 units 2 sen 47 bar 4 beat 0 hold 0
TIWATCH518 175 ti 106 ammo 24 scale 157 units 2 sen 47 bar 4 beat 0 hold 0
TIWATCH518 176 ti 116 ammo 24 scale 157 units 2 sen 47 bar 4 beat 0 hold 0
TIWATCH518 177 ti 69 ammo 24 scale 177 units 3 sen 53 bar 5 beat 0 hold 0
TIWATCH518 178 ti 69 ammo 24 scale 177 units 3 sen 53 bar 5 beat 0 hold 0
TIWATCH518 179 ti 34 ammo 24 scale 187 units 4 sen 56 bar 5 beat 0 hold 0
TIWATCH518 180 ti 44 ammo 24 scale 177 units 3 sen 53 bar 5 beat 0 hold 0
TIWATCH518 181 ti 9 ammo 24 scale 187 units 4 sen 56 bar 5 beat 0 hold 0
TIWATCH518 182 ti 9 ammo 24 scale 177 units 3 sen 53 bar 5 beat 0 hold 0
TIWATCH518 183 ti 9 ammo 24 scale 177 units 3 sen 53 bar 5 beat 0 hold 0
TIWATCH518 184 ti 19 ammo 24 scale 177 units 3 sen 53 bar 5 beat 0 hold 0
TIWATCH518 185 ti 19 ammo 24 scale 177 units 3 sen 53 bar 5 beat 0 hold 0
TIWATCH518 186 ti 19 ammo 24 scale 177 units 3 sen 53 bar 5 beat 0 hold 0
TIWATCH518 187 ti 19 ammo 24 scale 177 units 3 sen 53 bar 5 beat 0 hold 0
TIWATCH518 188 ti 29 ammo 24 scale 177 units 3 sen 53 bar 5 beat 0 hold 0
TIWATCH518 189 ti 29 ammo 24 scale 177 units 3 sen 53 bar 5 beat 0 hold 0
TIWATCH518 190 ti 29 ammo 24 scale 177 units 3 sen 53 bar 5 beat 0 hold 0
TIWATCH518 191 ti 29 ammo 24 scale 177 units 3 sen 53 bar 5 beat 0 hold 0
TIWATCH518 192 ti 39 ammo 24 scale 177 units 3 sen 53 bar 5 beat 0 hold 0
TIWATCH518 193 ti 39 ammo 24 scale 177 units 3 sen 53 bar 5 beat 0 hold 0
TIWATCH518 194 ti 39 ammo 24 scale 177 units 3 sen 53 bar 5 beat 0 hold 0
TIWATCH518 195 ti 39 ammo 24 scale 177 units 3 sen 53 bar 5 beat 0 hold 0
TIWATCH518 196 ti 49 ammo 24 scale 177 units 3 sen 53 bar 5 beat 0 hold 0
TIWATCH518 197 ti 49 ammo 24 scale 177 units 3 sen 53 bar 5 beat 0 hold 0
TIWATCH518 198 ti 14 ammo 24 scale 187 units 4 sen 56 bar 5 beat 0 hold 0
TIWATCH518 199 ti 14 ammo 24 scale 177 units 3 sen 53 bar 5 beat 0 hold 0
TIWATCH518 200 ti 24 ammo 24 scale 177 units 3 sen 53 bar 5 beat 0 hold 0
TIWATCH518 201 ti 24 ammo 24 scale 177 units 3 sen 53 bar 5 beat 0 hold 0
TIWATCH518 202 ti 24 ammo 24 scale 177 units 3 sen 53 bar 5 beat 0 hold 0
TIWATCH518 203 ti 24 ammo 24 scale 177 units 3 sen 53 bar 5 beat 0 hold 0
TIWATCH518 204 ti 34 ammo 24 scale 177 units 3 sen 53 bar 5 beat 0 hold 0
TIWATCH518 205 ti 34 ammo 24 scale 177 units 3 sen 53 bar 5 beat 0 hold 0
TIWATCH518 206 ti 34 ammo 24 scale 177 units 3 sen 53 bar 5 beat 0 hold 0
TIWATCH518 207 ti 34 ammo 24 scale 177 units 3 sen 53 bar 5 beat 0 hold 0
TIWATCH518 208 ti 44 ammo 24 scale 177 units 3 sen 53 bar 5 beat 0 hold 0
TIWATCH518 209 ti 44 ammo 24 scale 177 units 3 sen 53 bar 5 beat 0 hold 0
TIWATCH518 210 ti 44 ammo 24 scale 177 units 3 sen 53 bar 5 beat 0 hold 0
TIWATCH518 211 ti 44 ammo 24 scale 177 units 3 sen 53 bar 5 beat 0 hold 0
TIWATCH518 212 ti 54 ammo 24 scale 177 units 3 sen 53 bar 5 beat 0 hold 0
TIWATCH518 213 ti 49 ammo 24 scale 178 units 3 sen 53 bar 5 beat 0 hold 0
TIWATCH518 214 ti 48 ammo 24 scale 178 units 3 sen 53 bar 5 beat 0 hold 0
TIWATCH518 215 ti 47 ammo 24 scale 178 units 3 sen 53 bar 5 beat 0 hold 0
TIWATCH518 216 ti 56 ammo 24 scale 178 units 3 sen 53 bar 5 beat 0 hold 0
TIWATCH518 217 ti 55 ammo 24 scale 178 units 3 sen 53 bar 5 beat 0 hold 0
TIWATCH518 218 ti 54 ammo 24 scale 177 units 3 sen 53 bar 5 beat 0 hold 0
TIWATCH518 219 ti 49 ammo 24 scale 178 units 3 sen 53 bar 5 beat 0 hold 0
TIWATCH518 220 ti 58 ammo 24 scale 178 units 3 sen 53 bar 5 beat 0 hold 0
TIWATCH518 221 ti 57 ammo 24 scale 178 units 3 sen 53 bar 5 beat 0 hold 0
TIWATCH518 222 ti 56 ammo 24 scale 178 units 3 sen 53 bar 5 beat 0 hold 0
TIWATCH518 223 ti 55 ammo 24 scale 178 units 3 sen 53 bar 5 beat 0 hold 0
TIWATCH518 224 ti 64 ammo 24 scale 177 units 3 sen 53 bar 5 beat 0 hold 0
TIWATCH518 225 ti 59 ammo 24 scale 178 units 3 sen 53 bar 5 beat 0 hold 0
TIWATCH518 226 ti 58 ammo 24 scale 178 units 3 sen 53 bar 5 beat 0 hold 0
TIWATCH518 227 ti 57 ammo 24 scale 178 units 3 sen 53 bar 5 beat 0 hold 0
TIWATCH518 228 ti 66 ammo 24 scale 178 units 3 sen 53 bar 5 beat 0 hold 0
TIWATCH518 229 ti 65 ammo 24 scale 177 units 3 sen 53 bar 5 beat 0 hold 0
TIWATCH518 230 ti 60 ammo 24 scale 178 units 3 sen 53 bar 5 beat 0 hold 0
TIWATCH518 231 ti 59 ammo 24 scale 177 units 3 sen 53 bar 5 beat 0 hold 0
TIWATCH518 232 ti 64 ammo 24 scale 178 units 3 sen 53 bar 5 beat 0 hold 0
TIWATCH518 233 ti 63 ammo 24 scale 177 units 3 sen 53 bar 5 beat 0 hold 0
TIWATCH518 234 ti 58 ammo 24 scale 178 units 3 sen 53 bar 5 beat 0 hold 0
TIWATCH518 235 ti 57 ammo 24 scale 177 units 3 sen 53 bar 5 beat 0 hold 0
TIWATCH518 236 ti 62 ammo 24 scale 178 units 3 sen 53 bar 5 beat 0 hold 0
TIWATCH518 237 ti 61 ammo 24 scale 177 units 3 sen 53 bar 5 beat 0 hold 0
TIWATCH518 238 ti 56 ammo 24 scale 178 units 3 sen 53 bar 5 beat 0 hold 0
TIWATCH518 239 ti 55 ammo 24 scale 177 units 3 sen 53 bar 5 beat 0 hold 0
TIWATCH518 240 ti 60 ammo 24 scale 178 units 3 sen 53 bar 5 beat 0 hold 0
TIWATCH518 241 ti 59 ammo 24 scale 177 units 3 sen 53 bar 5 beat 0 hold 0
TIWATCH518 242 ti 54 ammo 24 scale 178 units 3 sen 53 bar 5 beat 0 hold 0
TIWATCH518 243 ti 53 ammo 24 scale 177 units 3 sen 53 bar 5 beat 0 hold 0
TIWATCH518 244 ti 58 ammo 24 scale 178 units 3 sen 53 bar 5 beat 0 hold 0
TIWATCH518 245 ti 57 ammo 24 scale 177 units 3 sen 53 bar 5 beat 0 hold 0
TIWATCH518 246 ti 52 ammo 24 scale 178 units 3 sen 53 bar 5 beat 0 hold 0
TIWATCH518 247 ti 51 ammo 24 scale 177 units 3 sen 53 bar 5 beat 0 hold 0
TIWATCH518 248 ti 56 ammo 24 scale 178 units 3 sen 53 bar 5 beat 0 hold 0
TIWATCH518 249 ti 55 ammo 24 scale 177 units 3 sen 53 bar 5 beat 0 hold 0
TIWATCH518 250 ti 50 ammo 24 scale 178 units 3 sen 53 bar 5 beat 0 hold 0
TIWATCH518 251 ti 49 ammo 24 scale 177 units 3 sen 53 bar 5 beat 0 hold 0
TIWATCH518 252 ti 54 ammo 24 scale 178 units 3 sen 53 bar 5 beat 0 hold 0
TIWATCH518 253 ti 53 ammo 24 scale 177 units 3 sen 53 bar 5 beat 0 hold 0
TIWATCH518 254 ti 48 ammo 24 scale 178 units 3 sen 53 bar 5 beat 0 hold 0
TIWATCH518 255 ti 47 ammo 24 scale 177 units 3 sen 53 bar 5 beat 0 hold 0
TIWATCH518 256 ti 52 ammo 24 scale 178 units 3 sen 53 bar 5 beat 0 hold 0
TIWATCH518 257 ti 51 ammo 24 scale 177 units 3 sen 53 bar 5 beat 0 hold 0
TIWATCH518 258 ti 46 ammo 24 scale 178 units 3 sen 53 bar 5 beat 0 hold 0
TIWATCH518 259 ti 45 ammo 24 scale 177 units 3 sen 53 bar 5 beat 0 hold 0
TIWATCH518 260 ti 50 ammo 24 scale 178 units 3 sen 53 bar 5 beat 0 hold 0
TIWATCH518 261 ti 49 ammo 24 scale 177 units 3 sen 53 bar 5 beat 0 hold 0
TIWATCH518 262 ti 44 ammo 24 scale 178 units 3 sen 53 bar 5 beat 0 hold 0
TIWATCH518 263 ti 43 ammo 24 scale 177 units 3 sen 53 bar 5 beat 0 hold 0
TIWATCH518 264 ti 48 ammo 24 scale 178 units 3 sen 53 bar 5 beat 0 hold 0
TIWATCH518 265 ti 47 ammo 24 scale 177 units 3 sen 53 bar 5 beat 0 hold 0
TIWATCH518 266 ti 42 ammo 24 scale 178 units 3 sen 53 bar 5 beat 0 hold 0
TIWATCH518 267 ti 41 ammo 24 scale 172 units 3 sen 51 bar 5 beat 0 hold 0
TIWATCH518 268 ti 46 ammo 24 scale 173 units 3 sen 51 bar 5 beat 0 hold 0
TIWATCH518 269 ti 45 ammo 24 scale 172 units 3 sen 51 bar 5 beat 0 hold 0
TIWATCH518 270 ti 40 ammo 24 scale 173 units 3 sen 51 bar 5 beat 0 hold 0
TIWATCH518 271 ti 39 ammo 24 scale 172 units 3 sen 51 bar 5 beat 0 hold 0
TIWATCH518 272 ti 44 ammo 24 scale 173 units 3 sen 51 bar 5 beat 0 hold 0
TIWATCH518 273 ti 43 ammo 24 scale 172 units 3 sen 51 bar 5 beat 0 hold 0
TIWATCH518 274 ti 38 ammo 24 scale 173 units 3 sen 51 bar 5 beat 0 hold 0
TIWATCH518 275 ti 37 ammo 24 scale 172 units 3 sen 51 bar 5 beat 0 hold 0
TIWATCH518 276 ti 42 ammo 24 scale 153 units 2 sen 45 bar 4 beat 0 hold 0
TIWATCH518 277 ti 41 ammo 24 scale 152 units 2 sen 45 bar 4 beat 0 hold 0
TIWATCH518 278 ti 37 ammo 24 scale 153 units 2 sen 45 bar 4 beat 0 hold 0
TIWATCH518 279 ti 36 ammo 24 scale 152 units 2 sen 45 bar 4 beat 0 hold 0
TIWATCH518 280 ti 42 ammo 24 scale 153 units 2 sen 45 bar 4 beat 0 hold 0
TIWATCH518 281 ti 41 ammo 24 scale 152 units 2 sen 45 bar 4 beat 0 hold 0
TIWATCH518 282 ti 37 ammo 24 scale 153 units 2 sen 45 bar 4 beat 0 hold 0
TIWATCH518 283 ti 36 ammo 24 scale 152 units 2 sen 45 bar 4 beat 0 hold 0
TIWATCH518 284 ti 42 ammo 24 scale 153 units 2 sen 45 bar 4 beat 0 hold 0
TIWATCH518 285 ti 41 ammo 24 scale 152 units 2 sen 45 bar 4 beat 0 hold 0
TIWATCH518 286 ti 37 ammo 24 scale 153 units 2 sen 45 bar 4 beat 0 hold 0
TIWATCH518 287 ti 36 ammo 24 scale 152 units 2 sen 45 bar 4 beat 0 hold 0
TIWATCH518 288 ti 42 ammo 24 scale 153 units 2 sen 45 bar 4 beat 0 hold 0
TIWATCH518 289 ti 41 ammo 24 scale 152 units 2 sen 45 bar 4 beat 0 hold 0
TIWATCH518 290 ti 37 ammo 24 scale 153 units 2 sen 45 bar 4 beat 0 hold 0
TIWATCH518 291 ti 36 ammo 24 scale 152 units 2 sen 45 bar 4 beat 0 hold 0
