Update available: 2.3.6 -> 2.3.8. Run: pip install --upgrade fcode
RC MAP w 14 h 18 ours 6,4 theirs 6,12
V527I SEALNT 0 ph 0 fwd 0 hv 0
V527I SEALNT 1 ph 0 fwd 0 hv 0
RC SEAT 1 id 3 seat 0
RC POS 1 id 3 seat 0 role raid fs 1 body 1 pos 6,6 stuck 0
V527I SEALNT 2 ph 1 fwd 0 hv 0
RC POS 2 id 3 seat 0 role raid fs 1 body 1 pos 6,6 stuck 1
RC SEAT 2 id 5 seat 1
RC POS 2 id 5 seat 1 role expand fs 0 body 1 pos 7,3 stuck 0
V528 CONN r 2 id 5 at 7,2 chosen 3 best 3 regret 0 cands 11 role expand seat 1
V527I SEALNT 3 ph 1 fwd 0 hv 1
RC POS 3 id 3 seat 0 role raid fs 1 body 1 pos 6,6 stuck 2
RC POS 3 id 5 seat 1 role expand fs 0 body 1 pos 7,3 stuck 1
RC SEAT 3 id 7 seat 2
RC POS 3 id 7 seat 2 role expand fs 0 body 1 pos 6,3 stuck 0
V527I SEALNT 4 ph 1 fwd 0 hv 1
RC POS 4 id 3 seat 0 role raid fs 1 body 1 pos 6,6 stuck 3
RC POS 4 id 5 seat 1 role expand fs 0 body 1 pos 8,3 stuck 0
V528 PICK r 4 id 5 tgt 9,0 cs 19 bs 19 reg 0 cc 5 bc 5 cands 2 banned 0 regall 0 seat 1
RC WALK 4 id 5 role expand pos 8,3 tgt 8,0 want NORTH
RC POS 4 id 7 seat 2 role expand fs 0 body 1 pos 6,3 stuck 1
V528 PICK r 4 id 7 tgt 5,1 cs 12 bs 12 reg 0 cc 3 bc 3 cands 3 banned 0 regall 0 seat 2
RC WALK 4 id 7 role expand pos 6,3 tgt 5,2 want WEST
RC SEAT 4 id 10 seat 3
RC POS 4 id 10 seat 3 role raid fs 1 body 2 pos 5,6 stuck 0
V527I SEALNT 5 ph 1 fwd 0 hv 1
RC POS 5 id 3 seat 0 role raid fs 1 body 1 pos 6,6 stuck 4
RC POS 5 id 5 seat 1 role expand fs 0 body 1 pos 8,2 stuck 0
RC WALK 5 id 5 role expand pos 8,2 tgt 8,0 want NORTH
RC POS 5 id 7 seat 2 role expand fs 0 body 1 pos 5,3 stuck 0
RC WALK 5 id 7 role expand pos 5,3 tgt 5,2 want NORTH
RC POS 5 id 10 seat 3 role raid fs 1 body 2 pos 5,6 stuck 1
V527I SEALNT 6 ph 1 fwd 0 hv 1
RC POS 6 id 3 seat 0 role raid fs 1 body 1 pos 6,6 stuck 5
RC POS 6 id 5 seat 1 role expand fs 0 body 1 pos 8,1 stuck 0
RC WALK 6 id 5 role expand pos 8,1 tgt 8,0 want NORTH
RC POS 6 id 7 seat 2 role expand fs 0 body 1 pos 5,2 stuck 0
V528 CONN r 6 id 7 at 5,1 chosen 3 best 3 regret 0 cands 2 role expand seat 2
RC POS 6 id 10 seat 3 role raid fs 1 body 2 pos 5,6 stuck 2
V527I SEALNT 7 ph 1 fwd 0 hv 2
RC POS 7 id 3 seat 0 role raid fs 1 body 1 pos 5,12 stuck 0
RC POS 7 id 5 seat 1 role expand fs 0 body 1 pos 8,0 stuck 0
V528 CONN r 7 id 5 at 9,0 chosen 5 best 5 regret 0 cands 1 role expand seat 1
RC POS 7 id 7 seat 2 role expand fs 0 body 1 pos 5,2 stuck 1
RC POS 7 id 10 seat 3 role raid fs 1 body 2 pos 6,6 stuck 0
V527I SEALNT 8 ph 2 fwd 0 hv 3
RC POS 8 id 3 seat 0 role raid fs 1 body 1 pos 5,12 stuck 1
RC POS 8 id 5 seat 1 role expand fs 0 body 1 pos 8,0 stuck 1
RC POS 8 id 7 seat 2 role expand fs 0 body 1 pos 5,2 stuck 2
RC WALK 8 id 7 role expand pos 5,2 tgt 6,3 want EAST
RC POS 8 id 10 seat 3 role raid fs 1 body 2 pos 6,11 stuck 0
V527I SEALNT 9 ph 2 fwd 0 hv 3
RC POS 9 id 3 seat 0 role raid fs 1 body 1 pos 5,12 stuck 2
RC WALK 9 id 3 role raid pos 5,12 tgt 8,12 want EAST
RC POS 9 id 5 seat 1 role expand fs 0 body 1 pos 8,0 stuck 2
RC POS 9 id 7 seat 2 role expand fs 0 body 1 pos 6,2 stuck 0
RC POS 9 id 10 seat 3 role raid fs 1 body 2 pos 6,11 stuck 1
RC WALK 9 id 10 role raid pos 6,11 tgt 8,11 want NORTH
RC SEAT 9 id 29 seat 4
RC POS 9 id 29 seat 4 role defend fs 0 body 1 pos 8,4 stuck 0
V527I SEALNT 10 ph 2 fwd 0 hv 3
RC POS 10 id 3 seat 0 role raid fs 1 body 1 pos 5,12 stuck 4
RC WALK 10 id 3 role raid pos 5,12 tgt 8,12 want EAST
RC POS 10 id 5 seat 1 role expand fs 0 body 1 pos 8,1 stuck 0
RC POS 10 id 7 seat 2 role expand fs 0 body 1 pos 6,2 stuck 1
RC WALK 10 id 7 role expand pos 6,2 tgt 6,3 want SOUTH
RC POS 10 id 10 seat 3 role raid fs 1 body 2 pos 6,10 stuck 0
RC POS 10 id 29 seat 4 role defend fs 0 body 1 pos 8,4 stuck 1
V527I SEALNT 11 ph 2 fwd 0 hv 3
RC POS 11 id 3 seat 0 role raid fs 1 body 1 pos 5,12 stuck 6
RC WALK 11 id 3 role raid pos 5,12 tgt 5,14 want SOUTH
RC POS 11 id 5 seat 1 role expand fs 0 body 1 pos 8,1 stuck 1
RC POS 11 id 10 seat 3 role raid fs 1 body 2 pos 6,10 stuck 1
RC WALK 11 id 10 role raid pos 6,10 tgt 6,15 want EAST
RC POS 11 id 29 seat 4 role defend fs 0 body 1 pos 8,4 stuck 2
V527I SEALNT 12 ph 2 fwd 0 hv 3
RC POS 12 id 3 seat 0 role raid fs 1 body 1 pos 5,12 stuck 8
RC WALK 12 id 3 role raid pos 5,12 tgt 5,14 want SOUTH
RC POS 12 id 5 seat 1 role expand fs 0 body 1 pos 8,1 stuck 2
RC WALK 12 id 5 role expand pos 8,1 tgt 7,3 want SOUTH
RC POS 12 id 10 seat 3 role raid fs 1 body 2 pos 7,10 stuck 0
RC WALK 12 id 10 role raid pos 7,10 tgt 6,15 want EAST
RC POS 12 id 29 seat 4 role defend fs 0 body 1 pos 8,4 stuck 3
V527I SEALNT 13 ph 2 fwd 0 hv 3
RC POS 13 id 3 seat 0 role raid fs 1 body 1 pos 5,12 stuck 10
RC WALK 13 id 3 role raid pos 5,12 tgt 5,14 want SOUTH
RC POS 13 id 5 seat 1 role expand fs 0 body 1 pos 8,2 stuck 0
RC POS 13 id 10 seat 3 role raid fs 1 body 2 pos 8,10 stuck 0
RC WALK 13 id 10 role raid pos 8,10 tgt 8,11 want SOUTH
RC POS 13 id 29 seat 4 role defend fs 0 body 1 pos 8,4 stuck 4
V527I SEALNT 14 ph 2 fwd 0 hv 3
RC POS 14 id 3 seat 0 role raid fs 1 body 1 pos 5,12 stuck 12
RC WALK 14 id 3 role raid pos 5,12 tgt 8,12 want EAST
RC POS 14 id 5 seat 1 role expand fs 0 body 1 pos 8,2 stuck 1
RC WALK 14 id 5 role expand pos 8,2 tgt 7,3 want SOUTH
RC POS 14 id 10 seat 3 role raid fs 1 body 2 pos 8,11 stuck 0
V527I SEALNT 15 ph 2 fwd 0 hv 3
RC POS 15 id 3 seat 0 role raid fs 1 body 1 pos 5,12 stuck 14
RC WALK 15 id 3 role raid pos 5,12 tgt 5,14 want SOUTH
RC POS 15 id 5 seat 1 role expand fs 0 body 1 pos 8,3 stuck 0
RC POS 15 id 10 seat 3 role raid fs 1 body 2 pos 8,11 stuck 1
RC WALK 15 id 10 role raid pos 8,11 tgt 7,14 want EAST
V527I SEALNT 16 ph 2 fwd 0 hv 3
RC POS 16 id 3 seat 0 role raid fs 1 body 1 pos 5,12 stuck 16
RC WALK 16 id 3 role raid pos 5,12 tgt 5,14 want SOUTH
RC POS 16 id 5 seat 1 role expand fs 0 body 1 pos 8,3 stuck 1
RC WALK 16 id 5 role expand pos 8,3 tgt 7,3 want WEST
RC POS 16 id 10 seat 3 role raid fs 1 body 2 pos 9,11 stuck 0
RC WALK 16 id 10 role raid pos 9,11 tgt 7,14 want WEST
V527I SEALNT 17 ph 2 fwd 0 hv 3
RC POS 17 id 3 seat 0 role raid fs 1 body 1 pos 5,12 stuck 18
RC WALK 17 id 3 role raid pos 5,12 tgt 5,14 want SOUTH
RC POS 17 id 10 seat 3 role raid fs 1 body 2 pos 8,11 stuck 0
RC WALK 17 id 10 role raid pos 8,11 tgt 8,14 want EAST
RC POS 17 id 29 seat 4 role defend fs 0 body 1 pos 8,4 stuck 8
V527I SEALNT 18 ph 2 fwd 0 hv 3
RC POS 18 id 3 seat 0 role raid fs 1 body 1 pos 5,12 stuck 20
RC WALK 18 id 3 role raid pos 5,12 tgt 8,14 want EAST
RC POS 18 id 10 seat 3 role raid fs 1 body 2 pos 9,11 stuck 0
RC WALK 18 id 10 role raid pos 9,11 tgt 7,14 want WEST
RC POS 18 id 29 seat 4 role defend fs 0 body 1 pos 8,4 stuck 9
V527I SEALNT 19 ph 2 fwd 0 hv 3
RC POS 19 id 3 seat 0 role raid fs 1 body 1 pos 5,12 stuck 22
RC WALK 19 id 3 role raid pos 5,12 tgt 7,14 want EAST
RC POS 19 id 10 seat 3 role raid fs 1 body 2 pos 8,11 stuck 0
RC WALK 19 id 10 role raid pos 8,11 tgt 7,14 want EAST
RC POS 19 id 29 seat 4 role defend fs 0 body 1 pos 8,4 stuck 10
V527I SEALNT 20 ph 2 fwd 0 hv 3
RC POS 20 id 3 seat 0 role raid fs 1 body 1 pos 5,12 stuck 24
RC WALK 20 id 3 role raid pos 5,12 tgt 5,14 want SOUTH
RC POS 20 id 10 seat 3 role raid fs 1 body 2 pos 9,11 stuck 0
RC WALK 20 id 10 role raid pos 9,11 tgt 7,14 want NORTH
RC POS 20 id 29 seat 4 role defend fs 0 body 1 pos 8,4 stuck 11
V527I SEALNT 21 ph 2 fwd 0 hv 3
RC POS 21 id 3 seat 0 role raid fs 1 body 1 pos 5,12 stuck 26
RC WALK 21 id 3 role raid pos 5,12 tgt 5,14 want SOUTH
RC POS 21 id 10 seat 3 role raid fs 1 body 2 pos 9,10 stuck 0
RC WALK 21 id 10 role raid pos 9,10 tgt 7,14 want NORTH
RC POS 21 id 29 seat 4 role defend fs 0 body 1 pos 8,4 stuck 12
V527I SEALNT 22 ph 2 fwd 0 hv 3
RC POS 22 id 3 seat 0 role raid fs 1 body 1 pos 5,12 stuck 28
RC WALK 22 id 3 role raid pos 5,12 tgt 5,14 want SOUTH
RC POS 22 id 10 seat 3 role raid fs 1 body 2 pos 9,9 stuck 0
RC WALK 22 id 10 role raid pos 9,9 tgt 7,14 want SOUTH
RC POS 22 id 29 seat 4 role defend fs 0 body 1 pos 8,4 stuck 13
V527I SEALNT 23 ph 2 fwd 0 hv 3
RC POS 23 id 3 seat 0 role raid fs 1 body 1 pos 5,12 stuck 30
RC WALK 23 id 3 role raid pos 5,12 tgt 5,14 want SOUTH
RC POS 23 id 10 seat 3 role raid fs 1 body 2 pos 9,10 stuck 0
RC WALK 23 id 10 role raid pos 9,10 tgt 7,14 want WEST
RC POS 23 id 29 seat 4 role defend fs 0 body 1 pos 8,4 stuck 14
V527I SEALNT 24 ph 2 fwd 0 hv 3
RC POS 24 id 3 seat 0 role raid fs 1 body 1 pos 5,12 stuck 32
RC WALK 24 id 3 role raid pos 5,12 tgt 5,14 want SOUTH
RC POS 24 id 10 seat 3 role raid fs 1 body 2 pos 8,10 stuck 0
RC WALK 24 id 10 role raid pos 8,10 tgt 7,14 want WEST
RC POS 24 id 29 seat 4 role defend fs 0 body 1 pos 8,4 stuck 15
V527I SEALNT 25 ph 2 fwd 0 hv 3
RC POS 25 id 3 seat 0 role raid fs 1 body 1 pos 5,12 stuck 34
RC WALK 25 id 3 role raid pos 5,12 tgt 5,14 want SOUTH
RC POS 25 id 10 seat 3 role raid fs 1 body 2 pos 7,10 stuck 0
RC WALK 25 id 10 role raid pos 7,10 tgt 7,14 want WEST
RC POS 25 id 29 seat 4 role defend fs 0 body 1 pos 8,4 stuck 16
V527I SEALNT 26 ph 2 fwd 0 hv 3
RC POS 26 id 3 seat 0 role raid fs 1 body 1 pos 5,12 stuck 36
RC WALK 26 id 3 role raid pos 5,12 tgt 5,14 want SOUTH
RC POS 26 id 10 seat 3 role raid fs 1 body 2 pos 6,10 stuck 0
RC WALK 26 id 10 role raid pos 6,10 tgt 7,14 want NORTH
RC POS 26 id 29 seat 4 role defend fs 0 body 1 pos 8,4 stuck 17
V527I SEALNT 27 ph 2 fwd 0 hv 3
RC POS 27 id 3 seat 0 role raid fs 1 body 1 pos 5,12 stuck 38
RC WALK 27 id 3 role raid pos 5,12 tgt 5,14 want SOUTH
RC POS 27 id 10 seat 3 role raid fs 1 body 2 pos 6,9 stuck 0
RC WALK 27 id 10 role raid pos 6,9 tgt 7,14 want WEST
RC POS 27 id 29 seat 4 role defend fs 0 body 1 pos 8,4 stuck 18
V527I SEALNT 28 ph 2 fwd 0 hv 3
RC POS 28 id 3 seat 0 role raid fs 1 body 1 pos 5,12 stuck 40
RC WALK 28 id 3 role raid pos 5,12 tgt 5,14 want SOUTH
RC POS 28 id 10 seat 3 role raid fs 1 body 2 pos 5,9 stuck 0
RC WALK 28 id 10 role raid pos 5,9 tgt 5,14 want WEST
RC POS 28 id 29 seat 4 role defend fs 0 body 1 pos 8,4 stuck 19
V527I SEALNT 29 ph 2 fwd 0 hv 3
RC POS 29 id 3 seat 0 role raid fs 1 body 1 pos 5,12 stuck 42
RC WALK 29 id 3 role raid pos 5,12 tgt 5,14 want SOUTH
RC POS 29 id 10 seat 3 role raid fs 1 body 2 pos 4,9 stuck 0
RC WALK 29 id 10 role raid pos 4,9 tgt 5,14 want EAST
RC POS 29 id 29 seat 4 role defend fs 0 body 1 pos 8,4 stuck 20
V527I SEALNT 30 ph 2 fwd 0 hv 3
RC POS 30 id 3 seat 0 role raid fs 1 body 1 pos 5,12 stuck 44
RC WALK 30 id 3 role raid pos 5,12 tgt 5,14 want SOUTH
RC POS 30 id 10 seat 3 role raid fs 1 body 2 pos 5,9 stuck 0
RC WALK 30 id 10 role raid pos 5,9 tgt 5,14 want WEST
RC POS 30 id 29 seat 4 role defend fs 0 body 1 pos 8,4 stuck 21
V527I SEALNT 31 ph 2 fwd 0 hv 3
RC POS 31 id 3 seat 0 role raid fs 1 body 1 pos 5,12 stuck 46
RC WALK 31 id 3 role raid pos 5,12 tgt 5,14 want SOUTH
RC POS 31 id 10 seat 3 role raid fs 1 body 2 pos 4,9 stuck 0
RC WALK 31 id 10 role raid pos 4,9 tgt 5,14 want EAST
RC POS 31 id 29 seat 4 role defend fs 0 body 1 pos 8,4 stuck 22
V527I SEALNT 32 ph 2 fwd 0 hv 3
RC POS 32 id 3 seat 0 role raid fs 1 body 1 pos 5,12 stuck 48
RC WALK 32 id 3 role raid pos 5,12 tgt 5,14 want SOUTH
RC POS 32 id 10 seat 3 role raid fs 1 body 2 pos 5,9 stuck 0
RC WALK 32 id 10 role raid pos 5,9 tgt 5,14 want WEST
RC POS 32 id 29 seat 4 role defend fs 0 body 1 pos 8,4 stuck 23
V527I SEALNT 33 ph 2 fwd 0 hv 3
RC POS 33 id 3 seat 0 role raid fs 1 body 1 pos 5,12 stuck 50
RC WALK 33 id 3 role raid pos 5,12 tgt 5,14 want SOUTH
RC POS 33 id 10 seat 3 role raid fs 1 body 2 pos 4,9 stuck 0
RC WALK 33 id 10 role raid pos 4,9 tgt 5,14 want SOUTH
RC POS 33 id 29 seat 4 role defend fs 0 body 1 pos 8,4 stuck 24
V527I SEALNT 34 ph 2 fwd 0 hv 3
RC POS 34 id 3 seat 0 role raid fs 1 body 1 pos 5,12 stuck 52
RC WALK 34 id 3 role raid pos 5,12 tgt 5,14 want SOUTH
RC POS 34 id 10 seat 3 role raid fs 1 body 2 pos 4,10 stuck 0
RC WALK 34 id 10 role raid pos 4,10 tgt 5,14 want NORTH
RC POS 34 id 29 seat 4 role defend fs 0 body 1 pos 8,4 stuck 25
RC SEAT 34 id 73 seat 5
RC POS 34 id 73 seat 5 role raid fs 0 body 1 pos 5,6 stuck 0
RC WALK 34 id 73 role raid pos 5,6 tgt 5,11 want WEST
V527I SEALNT 35 ph 2 fwd 0 hv 3
RC POS 35 id 3 seat 0 role raid fs 1 body 1 pos 5,12 stuck 54
RC WALK 35 id 3 role raid pos 5,12 tgt 5,14 want SOUTH
RC POS 35 id 10 seat 3 role raid fs 1 body 2 pos 4,9 stuck 0
RC WALK 35 id 10 role raid pos 4,9 tgt 5,14 want WEST
RC POS 35 id 29 seat 4 role defend fs 0 body 1 pos 8,4 stuck 26
RC POS 35 id 73 seat 5 role raid fs 0 body 1 pos 4,6 stuck 0
RC WALK 35 id 73 role raid pos 4,6 tgt 5,11 want SOUTH
V527I SEALNT 36 ph 2 fwd 0 hv 3
RC POS 36 id 3 seat 0 role raid fs 1 body 1 pos 5,12 stuck 56
RC WALK 36 id 3 role raid pos 5,12 tgt 5,14 want SOUTH
RC POS 36 id 10 seat 3 role raid fs 1 body 2 pos 3,9 stuck 0
RC WALK 36 id 10 role raid pos 3,9 tgt 5,14 want WEST
RC POS 36 id 29 seat 4 role defend fs 0 body 1 pos 8,4 stuck 27
RC POS 36 id 73 seat 5 role raid fs 0 body 1 pos 4,7 stuck 0
RC WALK 36 id 73 role raid pos 4,7 tgt 5,11 want SOUTH
V527I SEALNT 37 ph 2 fwd 0 hv 3
RC POS 37 id 3 seat 0 role raid fs 1 body 1 pos 5,12 stuck 58
RC WALK 37 id 3 role raid pos 5,12 tgt 5,14 want SOUTH
RC POS 37 id 10 seat 3 role raid fs 1 body 2 pos 2,9 stuck 0
RC WALK 37 id 10 role raid pos 2,9 tgt 4,13 want SOUTH
RC POS 37 id 29 seat 4 role defend fs 0 body 1 pos 8,4 stuck 28
RC POS 37 id 73 seat 5 role raid fs 0 body 1 pos 4,8 stuck 0
V527I SEALNT 38 ph 2 fwd 1 hv 3
RC POS 38 id 3 seat 0 role raid fs 1 body 1 pos 5,12 stuck 60
RC WALK 38 id 3 role raid pos 5,12 tgt 5,14 want SOUTH
RC POS 38 id 10 seat 3 role raid fs 1 body 2 pos 2,10 stuck 0
RC WALK 38 id 10 role raid pos 2,10 tgt 7,10 want NORTH
RC POS 38 id 73 seat 5 role raid fs 0 body 1 pos 4,8 stuck 1
RC WALK 38 id 73 role raid pos 4,8 tgt 5,11 want WEST
V527I SEALNT 39 ph 2 fwd 1 hv 3
RC POS 39 id 3 seat 0 role raid fs 1 body 1 pos 5,12 stuck 62
RC WALK 39 id 3 role raid pos 5,12 tgt 5,14 want SOUTH
RC POS 39 id 10 seat 3 role raid fs 1 body 2 pos 2,9 stuck 0
RC WALK 39 id 10 role raid pos 2,9 tgt 4,13 want WEST
RC POS 39 id 73 seat 5 role raid fs 0 body 1 pos 3,8 stuck 0
RC WALK 39 id 73 role raid pos 3,8 tgt 5,11 want SOUTH
V527I SEALNT 40 ph 2 fwd 1 hv 3
RC POS 40 id 3 seat 0 role raid fs 1 body 1 pos 5,12 stuck 64
RC WALK 40 id 3 role raid pos 5,12 tgt 5,14 want SOUTH
RC POS 40 id 10 seat 3 role raid fs 1 body 2 pos 1,9 stuck 0
RC WALK 40 id 10 role raid pos 1,9 tgt 6,10 want EAST
RC POS 40 id 73 seat 5 role raid fs 0 body 1 pos 3,9 stuck 0
RC WALK 40 id 73 role raid pos 3,9 tgt 5,14 want SOUTH
V527I SEALNT 41 ph 2 fwd 1 hv 3
RC POS 41 id 3 seat 0 role raid fs 1 body 1 pos 5,12 stuck 66
RC WALK 41 id 3 role raid pos 5,12 tgt 5,14 want SOUTH
RC POS 41 id 10 seat 3 role raid fs 1 body 2 pos 2,9 stuck 0
RC WALK 41 id 10 role raid pos 2,9 tgt 4,13 want SOUTH
RC POS 41 id 73 seat 5 role raid fs 0 body 1 pos 3,10 stuck 0
RC WALK 41 id 73 role raid pos 3,10 tgt 5,14 want SOUTH
V527I SEALNT 42 ph 2 fwd 1 hv 3
RC POS 42 id 3 seat 0 role raid fs 1 body 1 pos 5,12 stuck 68
RC WALK 42 id 3 role raid pos 5,12 tgt 5,14 want SOUTH
RC POS 42 id 10 seat 3 role raid fs 1 body 2 pos 2,10 stuck 0
RC WALK 42 id 10 role raid pos 2,10 tgt 7,10 want EAST
RC POS 42 id 73 seat 5 role raid fs 0 body 1 pos 3,11 stuck 0
RC WALK 42 id 73 role raid pos 3,11 tgt 5,14 want WEST
V527I SEALNT 43 ph 2 fwd 1 hv 3
RC POS 43 id 3 seat 0 role raid fs 1 body 1 pos 5,12 stuck 70
RC WALK 43 id 3 role raid pos 5,12 tgt 5,14 want SOUTH
RC POS 43 id 10 seat 3 role raid fs 1 body 2 pos 3,10 stuck 0
RC WALK 43 id 10 role raid pos 3,10 tgt 5,14 want SOUTH
RC POS 43 id 73 seat 5 role raid fs 0 body 1 pos 2,11 stuck 0
RC WALK 43 id 73 role raid pos 2,11 tgt 5,14 want SOUTH
V527I SEALNT 44 ph 2 fwd 1 hv 3
RC POS 44 id 3 seat 0 role raid fs 1 body 1 pos 5,12 stuck 72
RC WALK 44 id 3 role raid pos 5,12 tgt 6,14 want SOUTH
RC POS 44 id 10 seat 3 role raid fs 1 body 2 pos 3,11 stuck 0
RC WALK 44 id 10 role raid pos 3,11 tgt 8,11 want NORTH
RC POS 44 id 73 seat 5 role raid fs 0 body 1 pos 2,12 stuck 0
RC WALK 44 id 73 role raid pos 2,12 tgt 5,14 want EAST
V527I SEALNT 45 ph 2 fwd 1 hv 3
RC POS 45 id 3 seat 0 role raid fs 1 body 1 pos 5,12 stuck 74
RC WALK 45 id 3 role raid pos 5,12 tgt 8,14 want EAST
RC POS 45 id 10 seat 3 role raid fs 1 body 2 pos 3,10 stuck 0
RC WALK 45 id 10 role raid pos 3,10 tgt 5,14 want SOUTH
RC POS 45 id 73 seat 5 role raid fs 0 body 1 pos 3,12 stuck 0
RC WALK 45 id 73 role raid pos 3,12 tgt 5,14 want SOUTH
V527I SEALNT 46 ph 2 fwd 1 hv 3
RC POS 46 id 3 seat 0 role raid fs 1 body 1 pos 5,12 stuck 76
RC WALK 46 id 3 role raid pos 5,12 tgt 8,14 want EAST
RC POS 46 id 10 seat 3 role raid fs 1 body 2 pos 3,11 stuck 0
RC WALK 46 id 10 role raid pos 3,11 tgt 8,11 want NORTH
RC POS 46 id 73 seat 5 role raid fs 0 body 1 pos 3,13 stuck 0
RC WALK 46 id 73 role raid pos 3,13 tgt 8,14 want EAST
V527I SEALNT 47 ph 2 fwd 1 hv 3
RC POS 47 id 3 seat 0 role raid fs 1 body 1 pos 5,12 stuck 78
RC WALK 47 id 3 role raid pos 5,12 tgt 8,14 want EAST
RC POS 47 id 10 seat 3 role raid fs 1 body 2 pos 3,10 stuck 0
RC WALK 47 id 10 role raid pos 3,10 tgt 5,14 want SOUTH
RC POS 47 id 73 seat 5 role raid fs 0 body 1 pos 4,13 stuck 0
RC WALK 47 id 73 role raid pos 4,13 tgt 8,14 want SOUTH
V527I SEALNT 48 ph 2 fwd 1 hv 3
RC POS 48 id 3 seat 0 role raid fs 1 body 1 pos 5,12 stuck 80
RC POS 48 id 10 seat 3 role raid fs 1 body 2 pos 3,11 stuck 0
RC WALK 48 id 10 role raid pos 3,11 tgt 8,11 want NORTH
RC POS 48 id 73 seat 5 role raid fs 0 body 1 pos 4,14 stuck 0
RC WALK 48 id 73 role raid pos 4,14 tgt 8,14 want SOUTH
V527I SEALNT 49 ph 2 fwd 1 hv 3
RC POS 49 id 3 seat 0 role raid fs 1 body 1 pos 5,12 stuck 81
RC WALK 49 id 3 role raid pos 5,12 tgt 8,14 want EAST
RC POS 49 id 10 seat 3 role raid fs 1 body 2 pos 3,10 stuck 0
RC WALK 49 id 10 role raid pos 3,10 tgt 5,14 want SOUTH
RC POS 49 id 73 seat 5 role raid fs 0 body 1 pos 4,15 stuck 0
RC WALK 49 id 73 role raid pos 4,15 tgt 8,14 want SOUTH
V527I SEALNT 50 ph 2 fwd 1 hv 3
RC POS 50 id 3 seat 0 role raid fs 1 body 1 pos 5,12 stuck 83
RC WALK 50 id 3 role raid pos 5,12 tgt 8,14 want EAST
RC POS 50 id 10 seat 3 role raid fs 1 body 2 pos 3,11 stuck 0
RC WALK 50 id 10 role raid pos 3,11 tgt 8,11 want NORTH
RC POS 50 id 73 seat 5 role raid fs 0 body 1 pos 4,16 stuck 0
RC WALK 50 id 73 role raid pos 4,16 tgt 8,14 want SOUTH
V527I SEALNT 51 ph 2 fwd 1 hv 3
RC POS 51 id 3 seat 0 role raid fs 1 body 1 pos 5,12 stuck 85
RC WALK 51 id 3 role raid pos 5,12 tgt 8,14 want EAST
RC POS 51 id 10 seat 3 role raid fs 1 body 2 pos 3,10 stuck 0
RC WALK 51 id 10 role raid pos 3,10 tgt 5,14 want SOUTH
RC POS 51 id 73 seat 5 role raid fs 0 body 1 pos 4,17 stuck 0
RC WALK 51 id 73 role raid pos 4,17 tgt 8,14 want EAST
V527I SEALNT 52 ph 2 fwd 1 hv 3
RC POS 52 id 3 seat 0 role raid fs 1 body 1 pos 5,12 stuck 87
RC WALK 52 id 3 role raid pos 5,12 tgt 8,14 want EAST
RC POS 52 id 10 seat 3 role raid fs 1 body 2 pos 3,11 stuck 0
RC WALK 52 id 10 role raid pos 3,11 tgt 8,11 want NORTH
RC POS 52 id 73 seat 5 role raid fs 0 body 1 pos 5,17 stuck 0
RC WALK 52 id 73 role raid pos 5,17 tgt 5,11 want WEST
V527I SEALNT 53 ph 2 fwd 1 hv 3
RC POS 53 id 3 seat 0 role raid fs 1 body 1 pos 5,12 stuck 89
RC WALK 53 id 3 role raid pos 5,12 tgt 8,14 want EAST
RC POS 53 id 10 seat 3 role raid fs 1 body 2 pos 3,10 stuck 0
RC WALK 53 id 10 role raid pos 3,10 tgt 5,14 want SOUTH
RC POS 53 id 73 seat 5 role raid fs 0 body 1 pos 4,17 stuck 0
RC WALK 53 id 73 role raid pos 4,17 tgt 5,11 want NORTH
V527I SEALNT 54 ph 2 fwd 1 hv 3
RC POS 54 id 3 seat 0 role raid fs 1 body 1 pos 5,12 stuck 91
RC POS 54 id 10 seat 3 role raid fs 1 body 2 pos 3,11 stuck 0
RC WALK 54 id 10 role raid pos 3,11 tgt 8,11 want NORTH
RC POS 54 id 73 seat 5 role raid fs 0 body 1 pos 4,16 stuck 0
RC WALK 54 id 73 role raid pos 4,16 tgt 5,11 want NORTH
V527I SEALNT 55 ph 2 fwd 1 hv 3
RC POS 55 id 3 seat 0 role raid fs 1 body 1 pos 5,12 stuck 92
RC WALK 55 id 3 role raid pos 5,12 tgt 5,15 want SOUTH
RC POS 55 id 10 seat 3 role raid fs 1 body 2 pos 3,10 stuck 0
RC WALK 55 id 10 role raid pos 3,10 tgt 5,14 want SOUTH
RC POS 55 id 73 seat 5 role raid fs 0 body 1 pos 4,15 stuck 0
RC WALK 55 id 73 role raid pos 4,15 tgt 5,11 want NORTH
V527I SEALNT 56 ph 2 fwd 1 hv 3
RC POS 56 id 3 seat 0 role raid fs 1 body 1 pos 5,12 stuck 94
RC WALK 56 id 3 role raid pos 5,12 tgt 5,15 want SOUTH
RC POS 56 id 10 seat 3 role raid fs 1 body 2 pos 3,11 stuck 0
RC WALK 56 id 10 role raid pos 3,11 tgt 8,11 want NORTH
RC POS 56 id 73 seat 5 role raid fs 0 body 1 pos 4,14 stuck 0
RC WALK 56 id 73 role raid pos 4,14 tgt 5,11 want NORTH
V527I SEALNT 57 ph 2 fwd 1 hv 3
RC POS 57 id 3 seat 0 role raid fs 1 body 1 pos 5,12 stuck 96
RC WALK 57 id 3 role raid pos 5,12 tgt 5,15 want SOUTH
RC POS 57 id 10 seat 3 role raid fs 1 body 2 pos 3,10 stuck 0
RC WALK 57 id 10 role raid pos 3,10 tgt 5,14 want SOUTH
RC POS 57 id 73 seat 5 role raid fs 0 body 1 pos 4,13 stuck 0
RC WALK 57 id 73 role raid pos 4,13 tgt 5,11 want WEST
V527I SEALNT 58 ph 2 fwd 1 hv 3
RC POS 58 id 3 seat 0 role raid fs 1 body 1 pos 5,12 stuck 98
RC WALK 58 id 3 role raid pos 5,12 tgt 5,15 want SOUTH
RC POS 58 id 10 seat 3 role raid fs 1 body 2 pos 3,11 stuck 0
RC WALK 58 id 10 role raid pos 3,11 tgt 8,11 want NORTH
RC POS 58 id 73 seat 5 role raid fs 0 body 1 pos 3,13 stuck 0
RC WALK 58 id 73 role raid pos 3,13 tgt 8,14 want EAST
V527I SEALNT 59 ph 2 fwd 1 hv 3
RC POS 59 id 3 seat 0 role raid fs 1 body 1 pos 5,12 stuck 100
RC WALK 59 id 3 role raid pos 5,12 tgt 5,15 want SOUTH
RC POS 59 id 10 seat 3 role raid fs 1 body 2 pos 3,10 stuck 0
RC WALK 59 id 10 role raid pos 3,10 tgt 5,14 want SOUTH
RC POS 59 id 73 seat 5 role raid fs 0 body 1 pos 4,13 stuck 0
RC WALK 59 id 73 role raid pos 4,13 tgt 8,14 want SOUTH
V527I SEALNT 60 ph 2 fwd 1 hv 3
RC POS 60 id 3 seat 0 role raid fs 1 body 1 pos 5,12 stuck 102
RC WALK 60 id 3 role raid pos 5,12 tgt 5,15 want SOUTH
RC POS 60 id 10 seat 3 role raid fs 1 body 2 pos 3,11 stuck 0
RC WALK 60 id 10 role raid pos 3,11 tgt 8,11 want NORTH
RC POS 60 id 73 seat 5 role raid fs 0 body 1 pos 4,14 stuck 0
RC WALK 60 id 73 role raid pos 4,14 tgt 8,14 want EAST
V527I SEALNT 61 ph 2 fwd 1 hv 3
RC POS 61 id 3 seat 0 role raid fs 1 body 1 pos 5,12 stuck 104
RC WALK 61 id 3 role raid pos 5,12 tgt 8,14 want EAST
RC POS 61 id 10 seat 3 role raid fs 1 body 2 pos 3,10 stuck 0
RC WALK 61 id 10 role raid pos 3,10 tgt 8,11 want NORTH
RC POS 61 id 73 seat 5 role raid fs 0 body 1 pos 5,14 stuck 0
RC WALK 61 id 73 role raid pos 5,14 tgt 8,14 want SOUTH
V527I SEALNT 62 ph 2 fwd 1 hv 3
RC POS 62 id 3 seat 0 role raid fs 1 body 1 pos 5,12 stuck 106
RC WALK 62 id 3 role raid pos 5,12 tgt 8,14 want EAST
RC POS 62 id 10 seat 3 role raid fs 1 body 2 pos 3,9 stuck 0
RC WALK 62 id 10 role raid pos 3,9 tgt 5,14 want SOUTH
RC POS 62 id 73 seat 5 role raid fs 0 body 1 pos 5,15 stuck 0
RC WALK 62 id 73 role raid pos 5,15 tgt 8,14 want EAST
V527I SEALNT 63 ph 2 fwd 1 hv 3
RC POS 63 id 3 seat 0 role raid fs 1 body 1 pos 5,12 stuck 108
RC WALK 63 id 3 role raid pos 5,12 tgt 8,14 want EAST
RC POS 63 id 10 seat 3 role raid fs 1 body 2 pos 3,10 stuck 0
RC WALK 63 id 10 role raid pos 3,10 tgt 5,14 want SOUTH
RC POS 63 id 73 seat 5 role raid fs 0 body 1 pos 6,15 stuck 0
RC WALK 63 id 73 role raid pos 6,15 tgt 8,14 want SOUTH
V527I SEALNT 64 ph 2 fwd 1 hv 3
RC POS 64 id 3 seat 0 role raid fs 1 body 1 pos 5,12 stuck 110
RC WALK 64 id 3 role raid pos 5,12 tgt 8,14 want EAST
RC POS 64 id 10 seat 3 role raid fs 1 body 2 pos 3,11 stuck 0
RC WALK 64 id 10 role raid pos 3,11 tgt 8,11 want NORTH
RC POS 64 id 73 seat 5 role raid fs 0 body 1 pos 6,16 stuck 0
RC WALK 64 id 73 role raid pos 6,16 tgt 8,14 want EAST
V527I SEALNT 65 ph 2 fwd 1 hv 3
RC POS 65 id 3 seat 0 role raid fs 1 body 1 pos 5,12 stuck 112
RC WALK 65 id 3 role raid pos 5,12 tgt 6,15 want SOUTH
RC POS 65 id 10 seat 3 role raid fs 1 body 2 pos 3,10 stuck 0
RC WALK 65 id 10 role raid pos 3,10 tgt 8,11 want NORTH
RC POS 65 id 73 seat 5 role raid fs 0 body 1 pos 7,16 stuck 0
RC WALK 65 id 73 role raid pos 7,16 tgt 8,14 want EAST
V527I SEALNT 66 ph 2 fwd 1 hv 3
RC POS 66 id 3 seat 0 role raid fs 1 body 1 pos 5,12 stuck 114
RC WALK 66 id 3 role raid pos 5,12 tgt 8,14 want EAST
RC POS 66 id 10 seat 3 role raid fs 1 body 2 pos 3,9 stuck 0
RC WALK 66 id 10 role raid pos 3,9 tgt 5,14 want SOUTH
RC POS 66 id 73 seat 5 role raid fs 0 body 1 pos 8,16 stuck 0
RC WALK 66 id 73 role raid pos 8,16 tgt 8,14 want NORTH
V527I SEALNT 67 ph 2 fwd 1 hv 3
RC POS 67 id 3 seat 0 role raid fs 1 body 1 pos 5,12 stuck 116
RC WALK 67 id 3 role raid pos 5,12 tgt 6,14 want SOUTH
RC POS 67 id 10 seat 3 role raid fs 1 body 2 pos 3,10 stuck 0
RC WALK 67 id 10 role raid pos 3,10 tgt 5,14 want SOUTH
RC POS 67 id 73 seat 5 role raid fs 0 body 1 pos 8,15 stuck 0
RC WALK 67 id 73 role raid pos 8,15 tgt 8,14 want NORTH
V527I SEALNT 68 ph 2 fwd 1 hv 3
RC POS 68 id 3 seat 0 role raid fs 1 body 1 pos 5,12 stuck 118
RC WALK 68 id 3 role raid pos 5,12 tgt 5,14 want SOUTH
RC POS 68 id 10 seat 3 role raid fs 1 body 2 pos 3,11 stuck 0
RC WALK 68 id 10 role raid pos 3,11 tgt 5,14 want SOUTH
RC POS 68 id 73 seat 5 role raid fs 0 body 1 pos 8,14 stuck 0
V527I SEALNT 69 ph 2 fwd 1 hv 3
RC POS 69 id 3 seat 0 role raid fs 1 body 1 pos 5,12 stuck 120
RC WALK 69 id 3 role raid pos 5,12 tgt 5,14 want SOUTH
RC POS 69 id 10 seat 3 role raid fs 1 body 2 pos 3,12 stuck 0
RC WALK 69 id 10 role raid pos 3,12 tgt 5,14 want SOUTH
RC POS 69 id 73 seat 5 role raid fs 0 body 1 pos 8,14 stuck 1
V527I SEALNT 70 ph 2 fwd 1 hv 3
RC POS 70 id 3 seat 0 role raid fs 1 body 1 pos 5,12 stuck 122
RC WALK 70 id 3 role raid pos 5,12 tgt 5,14 want SOUTH
RC POS 70 id 10 seat 3 role raid fs 1 body 2 pos 3,13 stuck 0
RC WALK 70 id 10 role raid pos 3,13 tgt 5,14 want EAST
RC POS 70 id 73 seat 5 role raid fs 0 body 1 pos 8,14 stuck 1
RC WALK 70 id 73 role raid pos 8,14 tgt 7,14 want WEST
V527I SEALNT 71 ph 2 fwd 1 hv 3
RC POS 71 id 3 seat 0 role raid fs 1 body 1 pos 5,12 stuck 124
RC WALK 71 id 3 role raid pos 5,12 tgt 5,14 want SOUTH
RC POS 71 id 10 seat 3 role raid fs 1 body 2 pos 4,13 stuck 0
RC WALK 71 id 10 role raid pos 4,13 tgt 5,14 want SOUTH
RC POS 71 id 73 seat 5 role raid fs 0 body 1 pos 7,14 stuck 0
V527I SEALNT 72 ph 2 fwd 1 hv 3
RC POS 72 id 3 seat 0 role raid fs 1 body 1 pos 5,12 stuck 126
RC WALK 72 id 3 role raid pos 5,12 tgt 5,14 want SOUTH
RC POS 72 id 10 seat 3 role raid fs 1 body 2 pos 4,14 stuck 0
RC POS 72 id 73 seat 5 role raid fs 0 body 1 pos 7,14 stuck 1
V527I SEALNT 73 ph 2 fwd 1 hv 3
RC POS 73 id 3 seat 0 role raid fs 1 body 1 pos 5,12 stuck 128
RC WALK 73 id 3 role raid pos 5,12 tgt 6,14 want SOUTH
RC POS 73 id 10 seat 3 role raid fs 1 body 2 pos 4,14 stuck 1
RC WALK 73 id 10 role raid pos 4,14 tgt 6,14 want SOUTH
RC POS 73 id 73 seat 5 role raid fs 0 body 1 pos 7,14 stuck 1
V527I SEALNT 74 ph 2 fwd 1 hv 3
RC POS 74 id 3 seat 0 role raid fs 1 body 1 pos 5,12 stuck 130
RC WALK 74 id 3 role raid pos 5,12 tgt 6,14 want SOUTH
RC POS 74 id 10 seat 3 role raid fs 1 body 2 pos 4,15 stuck 0
RC WALK 74 id 10 role raid pos 4,15 tgt 6,15 want EAST
RC POS 74 id 73 seat 5 role raid fs 0 body 1 pos 7,14 stuck 1
V527I SEALNT 75 ph 2 fwd 1 hv 3
RC POS 75 id 3 seat 0 role raid fs 1 body 1 pos 5,12 stuck 132
RC WALK 75 id 3 role raid pos 5,12 tgt 6,14 want SOUTH
RC POS 75 id 10 seat 3 role raid fs 1 body 2 pos 5,15 stuck 0
RC WALK 75 id 10 role raid pos 5,15 tgt 6,15 want EAST
RC POS 75 id 73 seat 5 role raid fs 0 body 1 pos 7,14 stuck 1
V527I SEALNT 76 ph 2 fwd 1 hv 3
RC POS 76 id 3 seat 0 role raid fs 1 body 1 pos 5,12 stuck 134
RC WALK 76 id 3 role raid pos 5,12 tgt 6,14 want SOUTH
RC POS 76 id 10 seat 3 role raid fs 1 body 2 pos 6,15 stuck 0
RC POS 76 id 73 seat 5 role raid fs 0 body 1 pos 7,14 stuck 1
V527I SEALNT 77 ph 2 fwd 1 hv 3
RC POS 77 id 3 seat 0 role raid fs 1 body 1 pos 5,12 stuck 136
RC WALK 77 id 3 role raid pos 5,12 tgt 6,14 want SOUTH
RC POS 77 id 10 seat 3 role raid fs 1 body 2 pos 6,15 stuck 1
RC POS 77 id 73 seat 5 role raid fs 0 body 1 pos 7,14 stuck 1
V527I SEALNT 78 ph 2 fwd 1 hv 3
RC POS 78 id 3 seat 0 role raid fs 1 body 1 pos 5,12 stuck 138
RC WALK 78 id 3 role raid pos 5,12 tgt 6,14 want SOUTH
RC POS 78 id 10 seat 3 role raid fs 1 body 2 pos 6,15 stuck 2
RC POS 78 id 73 seat 5 role raid fs 0 body 1 pos 7,14 stuck 1
V527I SEALNT 79 ph 2 fwd 1 hv 3
RC POS 79 id 3 seat 0 role raid fs 1 body 1 pos 5,12 stuck 140
RC WALK 79 id 3 role raid pos 5,12 tgt 6,14 want SOUTH
RC POS 79 id 10 seat 3 role raid fs 1 body 2 pos 6,15 stuck 3
RC POS 79 id 73 seat 5 role raid fs 0 body 1 pos 7,14 stuck 1
V527I SEALNT 80 ph 2 fwd 1 hv 3
RC POS 80 id 3 seat 0 role raid fs 1 body 1 pos 5,12 stuck 142
RC WALK 80 id 3 role raid pos 5,12 tgt 6,14 want SOUTH
RC POS 80 id 10 seat 3 role raid fs 1 body 2 pos 6,15 stuck 4
RC POS 80 id 73 seat 5 role raid fs 0 body 1 pos 7,14 stuck 1
V527I SEALNT 81 ph 2 fwd 1 hv 3
RC POS 81 id 3 seat 0 role raid fs 1 body 1 pos 5,12 stuck 144
RC POS 81 id 10 seat 3 role raid fs 1 body 2 pos 6,15 stuck 5
RC POS 81 id 73 seat 5 role raid fs 0 body 1 pos 7,14 stuck 1
V527I SEALNT 82 ph 2 fwd 1 hv 3
RC POS 82 id 3 seat 0 role raid fs 1 body 1 pos 5,12 stuck 145
RC POS 82 id 10 seat 3 role raid fs 1 body 2 pos 6,15 stuck 6
RC POS 82 id 73 seat 5 role raid fs 0 body 1 pos 7,14 stuck 1
V527I SEALNT 83 ph 2 fwd 1 hv 3
RC POS 83 id 3 seat 0 role raid fs 1 body 1 pos 5,12 stuck 146
RC POS 83 id 10 seat 3 role raid fs 1 body 2 pos 6,15 stuck 7
RC POS 83 id 73 seat 5 role raid fs 0 body 1 pos 7,14 stuck 1
V527I SEALNT 84 ph 2 fwd 1 hv 3
RC POS 84 id 3 seat 0 role raid fs 1 body 1 pos 5,12 stuck 147
RC POS 84 id 10 seat 3 role raid fs 1 body 2 pos 6,15 stuck 8
RC POS 84 id 73 seat 5 role raid fs 0 body 1 pos 7,14 stuck 1
V527I SEALNT 85 ph 2 fwd 1 hv 3
RC POS 85 id 3 seat 0 role raid fs 1 body 1 pos 5,12 stuck 148
RC POS 85 id 10 seat 3 role raid fs 1 body 2 pos 6,15 stuck 9
RC POS 85 id 73 seat 5 role raid fs 0 body 1 pos 7,14 stuck 1
V527I SEALNT 86 ph 2 fwd 1 hv 3
RC POS 86 id 3 seat 0 role raid fs 1 body 1 pos 5,12 stuck 149
RC POS 86 id 10 seat 3 role raid fs 1 body 2 pos 6,15 stuck 10
RC POS 86 id 73 seat 5 role raid fs 0 body 1 pos 7,14 stuck 1
V527I SEALNT 87 ph 2 fwd 1 hv 3
RC POS 87 id 3 seat 0 role raid fs 1 body 1 pos 5,12 stuck 150
RC POS 87 id 10 seat 3 role raid fs 1 body 2 pos 6,15 stuck 11
RC POS 87 id 73 seat 5 role raid fs 0 body 1 pos 7,14 stuck 1
V527I SEALNT 88 ph 2 fwd 1 hv 3
RC POS 88 id 3 seat 0 role raid fs 1 body 1 pos 5,12 stuck 151
RC POS 88 id 10 seat 3 role raid fs 1 body 2 pos 6,15 stuck 12
RC POS 88 id 73 seat 5 role raid fs 0 body 1 pos 7,14 stuck 1
V527I SEALNT 89 ph 2 fwd 1 hv 3
RC POS 89 id 3 seat 0 role raid fs 1 body 1 pos 5,12 stuck 152
RC POS 89 id 10 seat 3 role raid fs 1 body 2 pos 6,15 stuck 13
RC POS 89 id 73 seat 5 role raid fs 0 body 1 pos 7,14 stuck 1
V527I SEALNT 90 ph 2 fwd 1 hv 3
RC POS 90 id 3 seat 0 role raid fs 1 body 1 pos 5,12 stuck 153
RC POS 90 id 10 seat 3 role raid fs 1 body 2 pos 6,15 stuck 14
RC POS 90 id 73 seat 5 role raid fs 0 body 1 pos 7,14 stuck 1
V527I SEALNT 91 ph 2 fwd 1 hv 3
RC POS 91 id 3 seat 0 role raid fs 1 body 1 pos 5,12 stuck 154
RC POS 91 id 10 seat 3 role raid fs 1 body 2 pos 6,15 stuck 15
RC POS 91 id 73 seat 5 role raid fs 0 body 1 pos 7,14 stuck 1
V527I SEALNT 92 ph 2 fwd 1 hv 3
RC POS 92 id 3 seat 0 role raid fs 1 body 1 pos 5,12 stuck 155
RC POS 92 id 10 seat 3 role raid fs 1 body 2 pos 6,15 stuck 16
RC POS 92 id 73 seat 5 role raid fs 0 body 1 pos 7,14 stuck 1
V527I SEALNT 93 ph 2 fwd 1 hv 3
RC POS 93 id 3 seat 0 role raid fs 1 body 1 pos 5,12 stuck 156
RC POS 93 id 10 seat 3 role raid fs 1 body 2 pos 6,15 stuck 17
RC POS 93 id 73 seat 5 role raid fs 0 body 1 pos 7,14 stuck 1
V527I SEALNT 94 ph 2 fwd 1 hv 3
RC POS 94 id 3 seat 0 role raid fs 1 body 1 pos 5,12 stuck 157
RC POS 94 id 10 seat 3 role raid fs 1 body 2 pos 6,15 stuck 18
RC POS 94 id 73 seat 5 role raid fs 0 body 1 pos 7,14 stuck 1
V527I SEALNT 95 ph 2 fwd 1 hv 3
RC POS 95 id 3 seat 0 role raid fs 1 body 1 pos 5,12 stuck 158
RC POS 95 id 10 seat 3 role raid fs 1 body 2 pos 6,15 stuck 19
RC POS 95 id 73 seat 5 role raid fs 0 body 1 pos 7,14 stuck 1
V527I SEALNT 96 ph 2 fwd 1 hv 3
RC POS 96 id 3 seat 0 role raid fs 1 body 1 pos 5,12 stuck 159
RC POS 96 id 10 seat 3 role raid fs 1 body 2 pos 6,15 stuck 20
RC POS 96 id 73 seat 5 role raid fs 0 body 1 pos 7,14 stuck 1
V527I SEALNT 97 ph 2 fwd 1 hv 3
RC POS 97 id 3 seat 0 role raid fs 1 body 1 pos 5,12 stuck 160
RC POS 97 id 10 seat 3 role raid fs 1 body 2 pos 6,15 stuck 21
RC POS 97 id 29 seat 4 role defend fs 0 body 1 pos 8,4 stuck 88
RC POS 97 id 73 seat 5 role raid fs 0 body 1 pos 7,14 stuck 1
V527I SEALNT 98 ph 2 fwd 1 hv 3
RC POS 98 id 3 seat 0 role raid fs 1 body 1 pos 5,12 stuck 161
RC POS 98 id 10 seat 3 role raid fs 1 body 2 pos 6,15 stuck 22
RC POS 98 id 73 seat 5 role raid fs 0 body 1 pos 7,14 stuck 1
V527I SEALNT 99 ph 2 fwd 1 hv 3
RC POS 99 id 3 seat 0 role raid fs 1 body 1 pos 5,12 stuck 162
RC POS 99 id 10 seat 3 role raid fs 1 body 2 pos 6,15 stuck 23
RC POS 99 id 73 seat 5 role raid fs 0 body 1 pos 7,14 stuck 1
V527I SEALNT 100 ph 2 fwd 1 hv 3
RC POS 100 id 3 seat 0 role raid fs 1 body 1 pos 5,12 stuck 163
RC POS 100 id 10 seat 3 role raid fs 1 body 2 pos 6,15 stuck 24
RC POS 100 id 29 seat 4 role defend fs 0 body 1 pos 8,4 stuck 91
RC POS 100 id 73 seat 5 role raid fs 0 body 1 pos 7,14 stuck 1
V527I SEALNT 101 ph 2 fwd 1 hv 3
RC POS 101 id 3 seat 0 role raid fs 1 body 1 pos 5,12 stuck 164
RC POS 101 id 10 seat 3 role raid fs 1 body 2 pos 6,15 stuck 25
RC POS 101 id 29 seat 4 role defend fs 0 body 1 pos 8,4 stuck 92
RC POS 101 id 73 seat 5 role raid fs 0 body 1 pos 7,14 stuck 1
V527I SEALNT 102 ph 2 fwd 1 hv 3
RC POS 102 id 3 seat 0 role raid fs 1 body 1 pos 5,12 stuck 165
RC POS 102 id 7 seat 2 role expand fs 0 body 1 pos 6,3 stuck 91
RC WALK 102 id 7 role expand pos 6,3 tgt 5,4 want NORTH
RC POS 102 id 10 seat 3 role raid fs 1 body 2 pos 6,15 stuck 26
RC POS 102 id 73 seat 5 role raid fs 0 body 1 pos 7,14 stuck 1
V527I SEALNT 103 ph 2 fwd 1 hv 3
RC POS 103 id 3 seat 0 role raid fs 1 body 1 pos 5,12 stuck 166
RC POS 103 id 7 seat 2 role expand fs 0 body 1 pos 6,2 stuck 0
RC POS 103 id 10 seat 3 role raid fs 1 body 2 pos 6,15 stuck 27
RC POS 103 id 73 seat 5 role raid fs 0 body 1 pos 7,14 stuck 1
V527I SEALNT 104 ph 2 fwd 1 hv 3
RC POS 104 id 3 seat 0 role raid fs 1 body 1 pos 5,12 stuck 167
RC POS 104 id 7 seat 2 role expand fs 0 body 1 pos 6,2 stuck 1
RC WALK 104 id 7 role expand pos 6,2 tgt 8,5 want NORTH
RC POS 104 id 10 seat 3 role raid fs 1 body 2 pos 6,15 stuck 28
RC POS 104 id 29 seat 4 role defend fs 0 body 1 pos 8,4 stuck 95
RC POS 104 id 73 seat 5 role raid fs 0 body 1 pos 7,14 stuck 1
V527I SEALNT 105 ph 2 fwd 1 hv 3
RC POS 105 id 3 seat 0 role raid fs 1 body 1 pos 5,12 stuck 168
RC POS 105 id 5 seat 1 role expand fs 0 body 1 pos 7,3 stuck 88
V528 PICK r 105 id 5 tgt 5,16 cs 81 bs 81 reg 0 cc 22 bc 22 cands 1 banned 0 regall 0 seat 1
RC WALK 105 id 5 role expand pos 7,3 tgt 5,16 want EAST
RC POS 105 id 7 seat 2 role expand fs 0 body 1 pos 6,1 stuck 0
RC WALK 105 id 7 role expand pos 6,1 tgt 5,4 want SOUTH
RC POS 105 id 10 seat 3 role raid fs 1 body 2 pos 6,15 stuck 29
RC POS 105 id 29 seat 4 role defend fs 0 body 1 pos 8,4 stuck 96
RC WALK 105 id 29 role defend pos 8,4 tgt 5,3 want NORTH
RC POS 105 id 73 seat 5 role raid fs 0 body 1 pos 7,14 stuck 1
V527I SEALNT 106 ph 2 fwd 1 hv 3
RC POS 106 id 3 seat 0 role raid fs 1 body 1 pos 5,12 stuck 169
RC POS 106 id 5 seat 1 role expand fs 0 body 1 pos 8,3 stuck 0
RC WALK 106 id 5 role expand pos 8,3 tgt 5,16 want NORTH
RC POS 106 id 7 seat 2 role expand fs 0 body 1 pos 6,2 stuck 0
RC WALK 106 id 7 role expand pos 6,2 tgt 5,4 want NORTH
RC POS 106 id 10 seat 3 role raid fs 1 body 2 pos 6,15 stuck 30
RC POS 106 id 29 seat 4 role defend fs 0 body 1 pos 8,5 stuck 0
RC POS 106 id 73 seat 5 role raid fs 0 body 1 pos 7,14 stuck 1
V527I SEALNT 107 ph 2 fwd 1 hv 3
RC POS 107 id 3 seat 0 role raid fs 1 body 1 pos 5,12 stuck 170
RC POS 107 id 5 seat 1 role expand fs 0 body 1 pos 8,2 stuck 0
RC WALK 107 id 5 role expand pos 8,2 tgt 5,16 want NORTH
RC POS 107 id 7 seat 2 role expand fs 0 body 1 pos 6,1 stuck 0
RC WALK 107 id 7 role expand pos 6,1 tgt 7,3 want EAST
RC POS 107 id 10 seat 3 role raid fs 1 body 2 pos 6,15 stuck 31
RC POS 107 id 29 seat 4 role defend fs 0 body 1 pos 8,5 stuck 1
RC POS 107 id 73 seat 5 role raid fs 0 body 1 pos 7,14 stuck 1
V527I SEALNT 108 ph 2 fwd 1 hv 3
RC POS 108 id 3 seat 0 role raid fs 1 body 1 pos 5,12 stuck 171
RC POS 108 id 5 seat 1 role expand fs 0 body 1 pos 8,1 stuck 0
RC WALK 108 id 5 role expand pos 8,1 tgt 5,16 want NORTH
RC POS 108 id 7 seat 2 role expand fs 0 body 1 pos 7,1 stuck 0
RC WALK 108 id 7 role expand pos 7,1 tgt 7,3 want EAST
RC POS 108 id 10 seat 3 role raid fs 1 body 2 pos 6,15 stuck 32
RC POS 108 id 29 seat 4 role defend fs 0 body 1 pos 8,5 stuck 2
RC POS 108 id 73 seat 5 role raid fs 0 body 1 pos 7,14 stuck 1
V527I SEALNT 109 ph 2 fwd 1 hv 3
RC POS 109 id 3 seat 0 role raid fs 1 body 1 pos 5,12 stuck 172
RC POS 109 id 5 seat 1 role expand fs 0 body 1 pos 8,0 stuck 0
RC WALK 109 id 5 role expand pos 8,0 tgt 5,16 want WEST
RC POS 109 id 7 seat 2 role expand fs 0 body 1 pos 8,1 stuck 0
RC WALK 109 id 7 role expand pos 8,1 tgt 7,3 want SOUTH
RC POS 109 id 10 seat 3 role raid fs 1 body 2 pos 6,15 stuck 33
RC POS 109 id 29 seat 4 role defend fs 0 body 1 pos 8,5 stuck 3
RC POS 109 id 73 seat 5 role raid fs 0 body 1 pos 7,14 stuck 1
V527I SEALNT 110 ph 2 fwd 1 hv 3
RC POS 110 id 3 seat 0 role raid fs 1 body 1 pos 5,12 stuck 173
RC POS 110 id 5 seat 1 role expand fs 0 body 1 pos 7,0 stuck 0
RC WALK 110 id 5 role expand pos 7,0 tgt 7,3 want WEST
RC POS 110 id 7 seat 2 role expand fs 0 body 1 pos 8,2 stuck 0
RC WALK 110 id 7 role expand pos 8,2 tgt 7,3 want SOUTH
RC POS 110 id 10 seat 3 role raid fs 1 body 2 pos 6,15 stuck 34
RC POS 110 id 29 seat 4 role defend fs 0 body 1 pos 8,5 stuck 4
RC POS 110 id 73 seat 5 role raid fs 0 body 1 pos 7,14 stuck 1
V527I SEALNT 111 ph 2 fwd 1 hv 3
RC POS 111 id 3 seat 0 role raid fs 1 body 1 pos 5,12 stuck 174
RC POS 111 id 5 seat 1 role expand fs 0 body 1 pos 6,0 stuck 0
V528 PICK r 111 id 5 tgt 5,16 cs 50 bs 50 reg 0 cc 11 bc 11 cands 1 banned 0 regall 0 seat 1
RC WALK 111 id 5 role expand pos 6,0 tgt 5,16 want WEST
RC POS 111 id 7 seat 2 role expand fs 0 body 1 pos 8,3 stuck 0
RC WALK 111 id 7 role expand pos 8,3 tgt 7,3 want WEST
RC POS 111 id 10 seat 3 role raid fs 1 body 2 pos 6,15 stuck 35
RC POS 111 id 73 seat 5 role raid fs 0 body 1 pos 7,14 stuck 1
V527I SEALNT 112 ph 2 fwd 1 hv 3
RC POS 112 id 3 seat 0 role raid fs 1 body 1 pos 5,12 stuck 175
RC POS 112 id 5 seat 1 role expand fs 0 body 1 pos 5,0 stuck 0
RC WALK 112 id 5 role expand pos 5,0 tgt 6,4 want EAST
RC POS 112 id 10 seat 3 role raid fs 1 body 2 pos 6,15 stuck 36
RC POS 112 id 73 seat 5 role raid fs 0 body 1 pos 7,14 stuck 1
V527I SEALNT 113 ph 2 fwd 1 hv 3
RC POS 113 id 3 seat 0 role raid fs 1 body 1 pos 5,12 stuck 176
RC POS 113 id 5 seat 1 role expand fs 0 body 1 pos 6,0 stuck 0
RC WALK 113 id 5 role expand pos 6,0 tgt 8,4 want EAST
RC POS 113 id 10 seat 3 role raid fs 1 body 2 pos 6,15 stuck 37
RC POS 113 id 73 seat 5 role raid fs 0 body 1 pos 7,14 stuck 1
V527I SEALNT 114 ph 2 fwd 1 hv 3
RC POS 114 id 3 seat 0 role raid fs 1 body 1 pos 5,12 stuck 177
RC POS 114 id 5 seat 1 role expand fs 0 body 1 pos 7,0 stuck 0
RC WALK 114 id 5 role expand pos 7,0 tgt 8,4 want SOUTH
RC POS 114 id 10 seat 3 role raid fs 1 body 2 pos 6,15 stuck 38
RC POS 114 id 73 seat 5 role raid fs 0 body 1 pos 7,14 stuck 1
V527I SEALNT 115 ph 2 fwd 1 hv 3
RC POS 115 id 3 seat 0 role raid fs 1 body 1 pos 5,12 stuck 178
RC POS 115 id 5 seat 1 role expand fs 0 body 1 pos 7,1 stuck 0
RC WALK 115 id 5 role expand pos 7,1 tgt 8,4 want EAST
RC POS 115 id 10 seat 3 role raid fs 1 body 2 pos 6,15 stuck 39
RC POS 115 id 73 seat 5 role raid fs 0 body 1 pos 7,14 stuck 1
V527I SEALNT 116 ph 2 fwd 1 hv 3
RC POS 116 id 3 seat 0 role raid fs 1 body 1 pos 5,12 stuck 179
RC POS 116 id 5 seat 1 role expand fs 0 body 1 pos 8,1 stuck 0
RC WALK 116 id 5 role expand pos 8,1 tgt 8,4 want SOUTH
RC POS 116 id 10 seat 3 role raid fs 1 body 2 pos 6,15 stuck 40
RC POS 116 id 73 seat 5 role raid fs 0 body 1 pos 7,14 stuck 1
V527I SEALNT 117 ph 2 fwd 1 hv 3
RC POS 117 id 3 seat 0 role raid fs 1 body 1 pos 5,12 stuck 180
RC POS 117 id 5 seat 1 role expand fs 0 body 1 pos 8,2 stuck 0
RC WALK 117 id 5 role expand pos 8,2 tgt 6,4 want SOUTH
RC POS 117 id 10 seat 3 role raid fs 1 body 2 pos 6,15 stuck 41
RC POS 117 id 73 seat 5 role raid fs 0 body 1 pos 7,14 stuck 1
V527I SEALNT 118 ph 2 fwd 1 hv 3
RC POS 118 id 3 seat 0 role raid fs 1 body 1 pos 5,12 stuck 181
RC POS 118 id 5 seat 1 role expand fs 0 body 1 pos 8,3 stuck 0
RC WALK 118 id 5 role expand pos 8,3 tgt 6,4 want WEST
RC POS 118 id 10 seat 3 role raid fs 1 body 2 pos 6,15 stuck 42
RC POS 118 id 73 seat 5 role raid fs 0 body 1 pos 7,14 stuck 1
V527I SEALNT 119 ph 2 fwd 1 hv 3
RC POS 119 id 3 seat 0 role raid fs 1 body 1 pos 5,12 stuck 182
RC POS 119 id 5 seat 1 role expand fs 0 body 1 pos 8,2 stuck 0
RC WALK 119 id 5 role expand pos 8,2 tgt 6,4 want SOUTH
RC POS 119 id 10 seat 3 role raid fs 1 body 2 pos 6,15 stuck 43
RC POS 119 id 73 seat 5 role raid fs 0 body 1 pos 7,14 stuck 1
V527I SEALNT 120 ph 2 fwd 1 hv 3
RC POS 120 id 3 seat 0 role raid fs 1 body 1 pos 5,12 stuck 183
RC POS 120 id 5 seat 1 role expand fs 0 body 1 pos 8,3 stuck 0
RC WALK 120 id 5 role expand pos 8,3 tgt 6,4 want WEST
RC POS 120 id 10 seat 3 role raid fs 1 body 2 pos 6,15 stuck 44
RC POS 120 id 73 seat 5 role raid fs 0 body 1 pos 7,14 stuck 1
V527I SEALNT 121 ph 2 fwd 1 hv 3
RC POS 121 id 3 seat 0 role raid fs 1 body 1 pos 5,12 stuck 184
RC POS 121 id 5 seat 1 role expand fs 0 body 1 pos 8,2 stuck 0
RC WALK 121 id 5 role expand pos 8,2 tgt 6,4 want SOUTH
RC POS 121 id 10 seat 3 role raid fs 1 body 2 pos 6,15 stuck 45
RC POS 121 id 73 seat 5 role raid fs 0 body 1 pos 7,14 stuck 1
V527I SEALNT 122 ph 2 fwd 1 hv 3
RC POS 122 id 3 seat 0 role raid fs 1 body 1 pos 5,12 stuck 185
RC POS 122 id 5 seat 1 role expand fs 0 body 1 pos 8,3 stuck 0
RC WALK 122 id 5 role expand pos 8,3 tgt 6,4 want WEST
RC POS 122 id 10 seat 3 role raid fs 1 body 2 pos 6,15 stuck 46
RC POS 122 id 73 seat 5 role raid fs 0 body 1 pos 7,14 stuck 1
V527I SEALNT 123 ph 2 fwd 1 hv 3
RC POS 123 id 3 seat 0 role raid fs 1 body 1 pos 5,12 stuck 186
RC POS 123 id 5 seat 1 role expand fs 0 body 1 pos 8,2 stuck 0
RC WALK 123 id 5 role expand pos 8,2 tgt 6,4 want SOUTH
RC POS 123 id 10 seat 3 role raid fs 1 body 2 pos 6,15 stuck 47
RC POS 123 id 73 seat 5 role raid fs 0 body 1 pos 7,14 stuck 1
V527I SEALNT 124 ph 2 fwd 1 hv 3
RC POS 124 id 3 seat 0 role raid fs 1 body 1 pos 5,12 stuck 187
RC POS 124 id 5 seat 1 role expand fs 0 body 1 pos 8,3 stuck 0
RC WALK 124 id 5 role expand pos 8,3 tgt 6,4 want WEST
RC POS 124 id 10 seat 3 role raid fs 1 body 2 pos 6,15 stuck 48
RC POS 124 id 73 seat 5 role raid fs 0 body 1 pos 7,14 stuck 1
V527I SEALNT 125 ph 2 fwd 1 hv 3
RC POS 125 id 3 seat 0 role raid fs 1 body 1 pos 5,12 stuck 188
RC POS 125 id 5 seat 1 role expand fs 0 body 1 pos 8,2 stuck 0
RC WALK 125 id 5 role expand pos 8,2 tgt 6,4 want SOUTH
RC POS 125 id 10 seat 3 role raid fs 1 body 2 pos 6,15 stuck 49
RC POS 125 id 73 seat 5 role raid fs 0 body 1 pos 7,14 stuck 1
V527I SEALNT 126 ph 2 fwd 1 hv 3
RC POS 126 id 3 seat 0 role raid fs 1 body 1 pos 5,12 stuck 189
RC POS 126 id 5 seat 1 role expand fs 0 body 1 pos 8,3 stuck 0
RC WALK 126 id 5 role expand pos 8,3 tgt 6,4 want WEST
RC POS 126 id 10 seat 3 role raid fs 1 body 2 pos 6,15 stuck 50
RC POS 126 id 73 seat 5 role raid fs 0 body 1 pos 7,14 stuck 1
V527I SEALNT 127 ph 2 fwd 1 hv 3
RC POS 127 id 3 seat 0 role raid fs 1 body 1 pos 5,12 stuck 190
RC POS 127 id 5 seat 1 role expand fs 0 body 1 pos 8,2 stuck 0
RC WALK 127 id 5 role expand pos 8,2 tgt 6,4 want SOUTH
RC POS 127 id 10 seat 3 role raid fs 1 body 2 pos 6,15 stuck 51
RC POS 127 id 73 seat 5 role raid fs 0 body 1 pos 7,14 stuck 1
V527I SEALNT 128 ph 2 fwd 1 hv 3
RC POS 128 id 3 seat 0 role raid fs 1 body 1 pos 5,12 stuck 191
RC POS 128 id 5 seat 1 role expand fs 0 body 1 pos 8,3 stuck 0
V528 PICK r 128 id 5 tgt 5,16 cs 88 bs 88 reg 0 cc 24 bc 24 cands 1 banned 0 regall 0 seat 1
RC WALK 128 id 5 role expand pos 8,3 tgt 5,16 want NORTH
RC POS 128 id 10 seat 3 role raid fs 1 body 2 pos 6,15 stuck 52
RC POS 128 id 73 seat 5 role raid fs 0 body 1 pos 7,14 stuck 1
V527I SEALNT 129 ph 2 fwd 1 hv 3
RC POS 129 id 3 seat 0 role raid fs 1 body 1 pos 5,12 stuck 192
RC POS 129 id 5 seat 1 role expand fs 0 body 1 pos 8,2 stuck 0
RC WALK 129 id 5 role expand pos 8,2 tgt 5,16 want NORTH
RC POS 129 id 10 seat 3 role raid fs 1 body 2 pos 6,15 stuck 53
RC POS 129 id 73 seat 5 role raid fs 0 body 1 pos 7,14 stuck 1
V527I SEALNT 130 ph 2 fwd 1 hv 3
RC POS 130 id 3 seat 0 role raid fs 1 body 1 pos 5,12 stuck 193
RC POS 130 id 5 seat 1 role expand fs 0 body 1 pos 8,1 stuck 0
RC WALK 130 id 5 role expand pos 8,1 tgt 5,16 want WEST
RC POS 130 id 10 seat 3 role raid fs 1 body 2 pos 6,15 stuck 54
RC POS 130 id 73 seat 5 role raid fs 0 body 1 pos 7,14 stuck 1
V527I SEALNT 131 ph 2 fwd 1 hv 3
RC POS 131 id 3 seat 0 role raid fs 1 body 1 pos 5,12 stuck 194
RC POS 131 id 5 seat 1 role expand fs 0 body 1 pos 7,1 stuck 0
RC WALK 131 id 5 role expand pos 7,1 tgt 5,16 want WEST
RC POS 131 id 10 seat 3 role raid fs 1 body 2 pos 6,15 stuck 55
RC POS 131 id 73 seat 5 role raid fs 0 body 1 pos 7,14 stuck 1
V527I SEALNT 132 ph 2 fwd 1 hv 3
RC POS 132 id 3 seat 0 role raid fs 1 body 1 pos 5,12 stuck 195
RC POS 132 id 5 seat 1 role expand fs 0 body 1 pos 6,1 stuck 0
RC WALK 132 id 5 role expand pos 6,1 tgt 6,4 want SOUTH
RC POS 132 id 10 seat 3 role raid fs 1 body 2 pos 6,15 stuck 56
RC POS 132 id 73 seat 5 role raid fs 0 body 1 pos 7,14 stuck 1
V527I SEALNT 133 ph 2 fwd 1 hv 3
RC POS 133 id 3 seat 0 role raid fs 1 body 1 pos 5,12 stuck 196
RC POS 133 id 5 seat 1 role expand fs 0 body 1 pos 6,2 stuck 0
V528 PICK r 133 id 5 tgt 5,16 cs 81 bs 81 reg 0 cc 22 bc 22 cands 1 banned 0 regall 0 seat 1
RC WALK 133 id 5 role expand pos 6,2 tgt 5,16 want WEST
RC POS 133 id 10 seat 3 role raid fs 1 body 2 pos 6,15 stuck 57
RC POS 133 id 73 seat 5 role raid fs 0 body 1 pos 7,14 stuck 1
V527I SEALNT 134 ph 2 fwd 1 hv 3
RC POS 134 id 3 seat 0 role raid fs 1 body 1 pos 5,12 stuck 197
RC POS 134 id 5 seat 1 role expand fs 0 body 1 pos 5,2 stuck 0
RC WALK 134 id 5 role expand pos 5,2 tgt 6,4 want EAST
RC POS 134 id 10 seat 3 role raid fs 1 body 2 pos 6,15 stuck 58
RC POS 134 id 73 seat 5 role raid fs 0 body 1 pos 7,14 stuck 1
V527I SEALNT 135 ph 2 fwd 1 hv 3
RC POS 135 id 3 seat 0 role raid fs 1 body 1 pos 5,12 stuck 198
RC POS 135 id 5 seat 1 role expand fs 0 body 1 pos 6,2 stuck 0
V528 PICK r 135 id 5 tgt 5,16 cs 81 bs 81 reg 0 cc 22 bc 22 cands 1 banned 0 regall 0 seat 1
RC WALK 135 id 5 role expand pos 6,2 tgt 5,16 want WEST
RC POS 135 id 10 seat 3 role raid fs 1 body 2 pos 6,15 stuck 59
RC POS 135 id 73 seat 5 role raid fs 0 body 1 pos 7,14 stuck 1
V527I SEALNT 136 ph 2 fwd 1 hv 3
RC POS 136 id 3 seat 0 role raid fs 1 body 1 pos 5,12 stuck 199
RC POS 136 id 5 seat 1 role expand fs 0 body 1 pos 5,2 stuck 0
RC WALK 136 id 5 role expand pos 5,2 tgt 6,4 want EAST
RC POS 136 id 10 seat 3 role raid fs 1 body 2 pos 6,15 stuck 60
RC POS 136 id 73 seat 5 role raid fs 0 body 1 pos 7,14 stuck 1
V527I SEALNT 137 ph 2 fwd 1 hv 3
RC POS 137 id 3 seat 0 role raid fs 1 body 1 pos 5,12 stuck 200
RC POS 137 id 5 seat 1 role expand fs 0 body 1 pos 6,2 stuck 0
V528 PICK r 137 id 5 tgt 5,16 cs 81 bs 81 reg 0 cc 22 bc 22 cands 1 banned 0 regall 0 seat 1
RC WALK 137 id 5 role expand pos 6,2 tgt 5,16 want WEST
RC POS 137 id 10 seat 3 role raid fs 1 body 2 pos 6,15 stuck 61
RC POS 137 id 73 seat 5 role raid fs 0 body 1 pos 7,14 stuck 1
V527I SEALNT 138 ph 2 fwd 1 hv 3
RC POS 138 id 3 seat 0 role raid fs 1 body 1 pos 5,12 stuck 201
RC POS 138 id 5 seat 1 role expand fs 0 body 1 pos 5,2 stuck 0
RC WALK 138 id 5 role expand pos 5,2 tgt 6,4 want EAST
RC POS 138 id 10 seat 3 role raid fs 1 body 2 pos 6,15 stuck 62
RC POS 138 id 73 seat 5 role raid fs 0 body 1 pos 7,14 stuck 1
V527I SEALNT 139 ph 2 fwd 1 hv 3
RC POS 139 id 3 seat 0 role raid fs 1 body 1 pos 5,12 stuck 202
RC POS 139 id 5 seat 1 role expand fs 0 body 1 pos 6,2 stuck 0
V528 PICK r 139 id 5 tgt 5,16 cs 81 bs 81 reg 0 cc 22 bc 22 cands 1 banned 0 regall 0 seat 1
RC WALK 139 id 5 role expand pos 6,2 tgt 5,16 want WEST
RC POS 139 id 10 seat 3 role raid fs 1 body 2 pos 6,15 stuck 63
RC POS 139 id 73 seat 5 role raid fs 0 body 1 pos 7,14 stuck 1
V527I SEALNT 140 ph 2 fwd 1 hv 3
RC POS 140 id 3 seat 0 role raid fs 1 body 1 pos 5,12 stuck 203
RC POS 140 id 5 seat 1 role expand fs 0 body 1 pos 5,2 stuck 0
RC WALK 140 id 5 role expand pos 5,2 tgt 6,4 want EAST
RC POS 140 id 10 seat 3 role raid fs 1 body 2 pos 6,15 stuck 64
RC POS 140 id 73 seat 5 role raid fs 0 body 1 pos 7,14 stuck 1
V527I SEALNT 141 ph 2 fwd 1 hv 3
RC POS 141 id 3 seat 0 role raid fs 1 body 1 pos 5,12 stuck 204
RC POS 141 id 5 seat 1 role expand fs 0 body 1 pos 6,2 stuck 0
RC WALK 141 id 5 role expand pos 6,2 tgt 6,4 want NORTH
RC POS 141 id 10 seat 3 role raid fs 1 body 2 pos 6,15 stuck 65
RC POS 141 id 73 seat 5 role raid fs 0 body 1 pos 7,14 stuck 1
V527I SEALNT 142 ph 2 fwd 1 hv 3
RC POS 142 id 3 seat 0 role raid fs 1 body 1 pos 5,12 stuck 205
RC POS 142 id 5 seat 1 role expand fs 0 body 1 pos 6,1 stuck 0
RC WALK 142 id 5 role expand pos 6,1 tgt 6,4 want SOUTH
RC POS 142 id 10 seat 3 role raid fs 1 body 2 pos 6,15 stuck 66
RC POS 142 id 73 seat 5 role raid fs 0 body 1 pos 7,14 stuck 1
V527I SEALNT 143 ph 2 fwd 1 hv 3
RC POS 143 id 3 seat 0 role raid fs 1 body 1 pos 5,12 stuck 206
RC POS 143 id 5 seat 1 role expand fs 0 body 1 pos 6,2 stuck 0
RC WALK 143 id 5 role expand pos 6,2 tgt 6,4 want NORTH
RC POS 143 id 10 seat 3 role raid fs 1 body 2 pos 6,15 stuck 67
RC POS 143 id 73 seat 5 role raid fs 0 body 1 pos 7,14 stuck 1
V527I SEALNT 144 ph 2 fwd 1 hv 3
RC POS 144 id 3 seat 0 role raid fs 1 body 1 pos 5,12 stuck 207
RC POS 144 id 5 seat 1 role expand fs 0 body 1 pos 6,1 stuck 0
RC WALK 144 id 5 role expand pos 6,1 tgt 6,4 want SOUTH
RC POS 144 id 10 seat 3 role raid fs 1 body 2 pos 6,15 stuck 68
RC POS 144 id 73 seat 5 role raid fs 0 body 1 pos 7,14 stuck 1
V527I SEALNT 145 ph 2 fwd 1 hv 3
RC POS 145 id 3 seat 0 role raid fs 1 body 1 pos 5,12 stuck 208
RC POS 145 id 5 seat 1 role expand fs 0 body 1 pos 6,2 stuck 0
RC WALK 145 id 5 role expand pos 6,2 tgt 6,4 want NORTH
RC POS 145 id 10 seat 3 role raid fs 1 body 2 pos 6,15 stuck 69
RC POS 145 id 73 seat 5 role raid fs 0 body 1 pos 7,14 stuck 1
V527I SEALNT 146 ph 2 fwd 1 hv 3
RC POS 146 id 3 seat 0 role raid fs 1 body 1 pos 5,12 stuck 209
RC POS 146 id 5 seat 1 role expand fs 0 body 1 pos 6,1 stuck 0
RC WALK 146 id 5 role expand pos 6,1 tgt 6,4 want SOUTH
RC POS 146 id 10 seat 3 role raid fs 1 body 2 pos 6,15 stuck 70
RC POS 146 id 73 seat 5 role raid fs 0 body 1 pos 7,14 stuck 1
V527I SEALNT 147 ph 2 fwd 1 hv 3
RC POS 147 id 3 seat 0 role raid fs 1 body 1 pos 5,12 stuck 210
RC POS 147 id 5 seat 1 role expand fs 0 body 1 pos 6,2 stuck 0
RC WALK 147 id 5 role expand pos 6,2 tgt 6,4 want NORTH
RC POS 147 id 10 seat 3 role raid fs 1 body 2 pos 6,15 stuck 71
RC POS 147 id 73 seat 5 role raid fs 0 body 1 pos 7,14 stuck 1
V527I SEALNT 148 ph 2 fwd 1 hv 3
RC POS 148 id 3 seat 0 role raid fs 1 body 1 pos 5,12 stuck 211
RC POS 148 id 5 seat 1 role expand fs 0 body 1 pos 6,1 stuck 0
RC WALK 148 id 5 role expand pos 6,1 tgt 6,4 want SOUTH
RC POS 148 id 10 seat 3 role raid fs 1 body 2 pos 6,15 stuck 72
RC POS 148 id 73 seat 5 role raid fs 0 body 1 pos 7,14 stuck 1
V527I SEALNT 149 ph 2 fwd 1 hv 3
RC POS 149 id 3 seat 0 role raid fs 1 body 1 pos 5,12 stuck 212
RC POS 149 id 5 seat 1 role expand fs 0 body 1 pos 6,2 stuck 0
RC WALK 149 id 5 role expand pos 6,2 tgt 6,4 want NORTH
RC POS 149 id 10 seat 3 role raid fs 1 body 2 pos 6,15 stuck 73
RC POS 149 id 73 seat 5 role raid fs 0 body 1 pos 7,14 stuck 1
V527I SEALNT 150 ph 2 fwd 1 hv 3
RC POS 150 id 3 seat 0 role raid fs 1 body 1 pos 5,12 stuck 213
RC POS 150 id 5 seat 1 role expand fs 0 body 1 pos 6,1 stuck 0
RC WALK 150 id 5 role expand pos 6,1 tgt 6,4 want SOUTH
RC POS 150 id 10 seat 3 role raid fs 1 body 2 pos 6,15 stuck 74
RC POS 150 id 73 seat 5 role raid fs 0 body 1 pos 7,14 stuck 1
V527I SEALNT 151 ph 2 fwd 1 hv 3
RC POS 151 id 3 seat 0 role raid fs 1 body 1 pos 5,12 stuck 214
RC POS 151 id 5 seat 1 role expand fs 0 body 1 pos 6,2 stuck 0
RC WALK 151 id 5 role expand pos 6,2 tgt 6,4 want NORTH
RC POS 151 id 10 seat 3 role raid fs 1 body 2 pos 6,15 stuck 75
RC POS 151 id 73 seat 5 role raid fs 0 body 1 pos 7,14 stuck 1
V527I SEALNT 152 ph 2 fwd 1 hv 3
RC POS 152 id 3 seat 0 role raid fs 1 body 1 pos 5,12 stuck 215
RC POS 152 id 5 seat 1 role expand fs 0 body 1 pos 6,1 stuck 0
RC WALK 152 id 5 role expand pos 6,1 tgt 6,4 want SOUTH
RC POS 152 id 10 seat 3 role raid fs 1 body 2 pos 6,15 stuck 76
RC POS 152 id 73 seat 5 role raid fs 0 body 1 pos 7,14 stuck 1
