Running match: _v488beltbreak2 vs dose_parent
  Map: glacierkeep.map26  Seed: 301  Replay: 
scratchpad/s51_v529_build/dose/dose_parent_glacierkeep_s301_B.replay26  TLE: 
10ms
Completed turn 0
Completed turn 100
Completed turn 200
Completed turn 300
Completed turn 400
Completed turn 500
Completed turn 600
Completed turn 700
Completed turn 800
Replay written to 
scratchpad/s51_v529_build/dose/dose_parent_glacierkeep_s301_B.replay26

  Winner: _v488beltbreak2  (Core destroyed, turn 893)

               _v488beltbreak2     dose_parent  
  Titanium        12 (0 mined)    29 (0 mined)  
  Units                      8               4  
  Buildings                 96              90  

