Update available: 2.3.6 -> 2.3.8. Run: pip install --upgrade fcode
RC MAP w 10 h 10 ours 6,6 theirs 2,2
V527I SEALNT 0 ph 0 fwd 0 hv 0
V527I SEALNT 1 ph 0 fwd 0 hv 0
RC SEAT 1 id 4 seat 0
RC POS 1 id 4 seat 0 role raid fs 1 body 1 pos 5,5 stuck 0
RC WALK 1 id 4 role raid pos 5,5 tgt 5,3 want NORTH
V527I SEALNT 2 ph 2 fwd 0 hv 0
RC POS 2 id 4 seat 0 role raid fs 1 body 1 pos 5,4 stuck 0
RC WALK 2 id 4 role raid pos 5,4 tgt 5,3 want NORTH
RC SEAT 2 id 6 seat 1
RC POS 2 id 6 seat 1 role expand fs 0 body 1 pos 5,7 stuck 0
V528 PICK r 2 id 6 tgt 6,2 cs 15 bs 15 reg 0 cc 3 bc 3 cands 3 banned 0 regall 0 seat 1
RC WALK 2 id 6 role expand pos 5,7 tgt 6,2 want WEST
V527I SEALNT 3 ph 2 fwd 0 hv 0
RC POS 3 id 4 seat 0 role raid fs 1 body 1 pos 5,3 stuck 0
RC POS 3 id 6 seat 1 role expand fs 0 body 1 pos 4,7 stuck 0
V528 CONN r 3 id 6 at 3,7 chosen 4 best 3 regret 1 cands 3 role expand seat 1
RC SEAT 3 id 8 seat 2
RC POS 3 id 8 seat 2 role expand fs 0 body 1 pos 5,6 stuck 0
V528 PICK r 3 id 8 tgt 3,9 cs 17 bs 17 reg 0 cc 4 bc 4 cands 2 banned 0 regall 0 seat 2
RC WALK 3 id 8 role expand pos 5,6 tgt 4,9 want SOUTH
V527I SEALNT 4 ph 2 fwd 0 hv 1
RC POS 4 id 4 seat 0 role raid fs 1 body 1 pos 5,3 stuck 1
RC POS 4 id 6 seat 1 role expand fs 0 body 1 pos 4,7 stuck 1
RC POS 4 id 8 seat 2 role expand fs 0 body 1 pos 5,7 stuck 0
RC SEAT 4 id 10 seat 3
RC POS 4 id 10 seat 3 role raid fs 1 body 2 pos 5,5 stuck 0
RC WALK 4 id 10 role raid pos 5,5 tgt 3,5 want WEST
V527I SEALNT 5 ph 2 fwd 0 hv 1
RC POS 5 id 4 seat 0 role raid fs 1 body 1 pos 5,3 stuck 2
RC WALK 5 id 4 role raid pos 5,3 tgt 4,1 want EAST
RC POS 5 id 6 seat 1 role expand fs 0 body 1 pos 4,7 stuck 2
RC WALK 5 id 6 role expand pos 4,7 tgt 6,2 want NORTH
RC POS 5 id 8 seat 2 role expand fs 0 body 1 pos 5,7 stuck 1
RC WALK 5 id 8 role expand pos 5,7 tgt 4,9 want WEST
RC POS 5 id 10 seat 3 role raid fs 1 body 2 pos 4,5 stuck 0
RC WALK 5 id 10 role raid pos 4,5 tgt 4,4 want NORTH
RC SEAT 5 id 14 seat 4
RC POS 5 id 14 seat 4 role defend fs 0 body 1 pos 5,8 stuck 0
V527I SEALNT 6 ph 2 fwd 0 hv 1
RC POS 6 id 4 seat 0 role raid fs 1 body 1 pos 2,1 stuck 0
RC POS 6 id 6 seat 1 role expand fs 0 body 1 pos 4,6 stuck 0
RC WALK 6 id 6 role expand pos 4,6 tgt 6,3 want NORTH
RC POS 6 id 8 seat 2 role expand fs 0 body 1 pos 4,7 stuck 0
RC WALK 6 id 8 role expand pos 4,7 tgt 4,9 want NORTH
RC POS 6 id 10 seat 3 role raid fs 1 body 2 pos 4,4 stuck 0
RC WALK 6 id 10 role raid pos 4,4 tgt 1,4 want EAST
RC POS 6 id 14 seat 4 role defend fs 0 body 1 pos 5,8 stuck 1
RC WALK 6 id 14 role defend pos 5,8 tgt 3,5 want SOUTH
V527I SEALNT 7 ph 2 fwd 0 hv 1
RC POS 7 id 4 seat 0 role raid fs 1 body 1 pos 2,1 stuck 1
RC WALK 7 id 4 role raid pos 2,1 tgt 1,1 want WEST
RC POS 7 id 6 seat 1 role expand fs 0 body 1 pos 4,5 stuck 0
RC WALK 7 id 6 role expand pos 4,5 tgt 6,3 want EAST
RC POS 7 id 8 seat 2 role expand fs 0 body 1 pos 4,6 stuck 0
RC WALK 7 id 8 role expand pos 4,6 tgt 4,9 want NORTH
RC POS 7 id 10 seat 3 role raid fs 1 body 2 pos 5,4 stuck 0
RC WALK 7 id 10 role raid pos 5,4 tgt 3,4 want EAST
RC POS 7 id 14 seat 4 role defend fs 0 body 1 pos 5,9 stuck 0
RC WALK 7 id 14 role defend pos 5,9 tgt 3,6 want NORTH
V527I SEALNT 8 ph 5 fwd 0 hv 1
RC POS 8 id 4 seat 0 role raid fs 1 body 1 pos 1,1 stuck 0
RC POS 8 id 6 seat 1 role expand fs 0 body 1 pos 5,5 stuck 0
RC WALK 8 id 6 role expand pos 5,5 tgt 6,3 want NORTH
RC POS 8 id 8 seat 2 role expand fs 0 body 1 pos 4,5 stuck 0
RC WALK 8 id 8 role expand pos 4,5 tgt 4,9 want WEST
RC POS 8 id 10 seat 3 role raid fs 1 body 2 pos 6,4 stuck 0
RC WALK 8 id 10 role raid pos 6,4 tgt 3,4 want SOUTH
RC POS 8 id 14 seat 4 role defend fs 0 body 1 pos 5,8 stuck 0
RC WALK 8 id 14 role defend pos 5,8 tgt 4,6 want NORTH
V527I SEALNT 9 ph 5 fwd 0 hv 1
RC POS 9 id 4 seat 0 role raid fs 1 body 1 pos 1,1 stuck 1
RC POS 9 id 6 seat 1 role expand fs 0 body 1 pos 5,4 stuck 0
RC WALK 9 id 6 role expand pos 5,4 tgt 6,3 want EAST
RC POS 9 id 8 seat 2 role expand fs 0 body 1 pos 3,5 stuck 0
RC WALK 9 id 8 role expand pos 3,5 tgt 4,9 want SOUTH
RC POS 9 id 10 seat 3 role raid fs 1 body 2 pos 6,5 stuck 0
RC WALK 9 id 10 role raid pos 6,5 tgt 3,5 want EAST
RC POS 9 id 14 seat 4 role defend fs 0 body 1 pos 5,7 stuck 0
RC WALK 9 id 14 role defend pos 5,7 tgt 4,6 want WEST
V527I SEALNT 10 ph 5 fwd 0 hv 1
RC POS 10 id 4 seat 0 role raid fs 1 body 1 pos 1,1 stuck 2
RC WALK 10 id 4 role raid pos 1,1 tgt 1,4 want WEST
RC POS 10 id 6 seat 1 role expand fs 0 body 1 pos 6,4 stuck 0
RC WALK 10 id 6 role expand pos 6,4 tgt 6,3 want NORTH
RC POS 10 id 8 seat 2 role expand fs 0 body 1 pos 3,6 stuck 0
RC WALK 10 id 8 role expand pos 3,6 tgt 4,9 want WEST
RC POS 10 id 10 seat 3 role raid fs 1 body 2 pos 7,5 stuck 0
RC WALK 10 id 10 role raid pos 7,5 tgt 4,4 want EAST
RC POS 10 id 14 seat 4 role defend fs 0 body 1 pos 4,7 stuck 0
RC WALK 10 id 14 role defend pos 4,7 tgt 4,6 want CENTRE
V527I SEALNT 11 ph 5 fwd 0 hv 1
RC POS 11 id 4 seat 0 role raid fs 1 body 1 pos 0,1 stuck 0
RC WALK 11 id 4 role raid pos 0,1 tgt 0,3 want SOUTH
RC POS 11 id 6 seat 1 role expand fs 0 body 1 pos 6,3 stuck 0
V528 PICK r 11 id 6 tgt 8,1 cs 19 bs 19 reg 0 cc 5 bc 5 cands 1 banned 0 regall 0 seat 1
RC WALK 11 id 6 role expand pos 6,3 tgt 8,2 want EAST
RC POS 11 id 8 seat 2 role expand fs 0 body 1 pos 2,6 stuck 0
RC WALK 11 id 8 role expand pos 2,6 tgt 4,9 want WEST
RC POS 11 id 10 seat 3 role raid fs 1 body 2 pos 8,5 stuck 0
RC WALK 11 id 10 role raid pos 8,5 tgt 4,4 want WEST
RC POS 11 id 14 seat 4 role defend fs 0 body 1 pos 4,7 stuck 1
RC WALK 11 id 14 role defend pos 4,7 tgt 4,6 want CENTRE
V527I SEALNT 12 ph 5 fwd 0 hv 1
RC POS 12 id 4 seat 0 role raid fs 1 body 1 pos 0,2 stuck 0
RC WALK 12 id 4 role raid pos 0,2 tgt 0,3 want SOUTH
RC POS 12 id 6 seat 1 role expand fs 0 body 1 pos 7,3 stuck 0
RC WALK 12 id 6 role expand pos 7,3 tgt 8,2 want EAST
RC POS 12 id 8 seat 2 role expand fs 0 body 1 pos 1,6 stuck 0
RC WALK 12 id 8 role expand pos 1,6 tgt 4,9 want SOUTH
RC POS 12 id 10 seat 3 role raid fs 1 body 2 pos 7,5 stuck 0
RC WALK 12 id 10 role raid pos 7,5 tgt 4,4 want WEST
RC POS 12 id 14 seat 4 role defend fs 0 body 1 pos 4,7 stuck 2
RC WALK 12 id 14 role defend pos 4,7 tgt 4,6 want CENTRE
V527I SEALNT 13 ph 5 fwd 0 hv 1
RC POS 13 id 4 seat 0 role raid fs 1 body 1 pos 0,3 stuck 0
RC POS 13 id 6 seat 1 role expand fs 0 body 1 pos 8,3 stuck 0
RC WALK 13 id 6 role expand pos 8,3 tgt 8,2 want CENTRE
RC POS 13 id 8 seat 2 role expand fs 0 body 1 pos 1,7 stuck 0
RC WALK 13 id 8 role expand pos 1,7 tgt 1,8 want SOUTH
RC POS 13 id 10 seat 3 role raid fs 1 body 2 pos 6,5 stuck 0
RC WALK 13 id 10 role raid pos 6,5 tgt 4,4 want WEST
RC POS 13 id 14 seat 4 role defend fs 0 body 1 pos 4,7 stuck 3
RC WALK 13 id 14 role defend pos 4,7 tgt 4,5 want NORTH
V527I SEALNT 14 ph 5 fwd 0 hv 1
RC POS 14 id 4 seat 0 role raid fs 1 body 1 pos 0,3 stuck 1
RC WALK 14 id 4 role raid pos 0,3 tgt 1,4 want SOUTH
RC POS 14 id 6 seat 1 role expand fs 0 body 1 pos 8,3 stuck 1
RC WALK 14 id 6 role expand pos 8,3 tgt 8,2 want NORTH
RC POS 14 id 8 seat 2 role expand fs 0 body 1 pos 1,8 stuck 0
V528 PICK r 14 id 8 tgt 3,9 cs 12 bs 12 reg 0 cc 3 bc 3 cands 2 banned 0 regall 0 seat 2
RC WALK 14 id 8 role expand pos 1,8 tgt 4,9 want EAST
RC POS 14 id 10 seat 3 role raid fs 1 body 2 pos 5,5 stuck 0
RC WALK 14 id 10 role raid pos 5,5 tgt 4,4 want WEST
RC POS 14 id 14 seat 4 role defend fs 0 body 1 pos 4,6 stuck 0
RC WALK 14 id 14 role defend pos 4,6 tgt 4,5 want CENTRE
V527I SEALNT 15 ph 5 fwd 0 hv 1
RC POS 15 id 4 seat 0 role raid fs 1 body 1 pos 0,4 stuck 0
RC WALK 15 id 4 role raid pos 0,4 tgt 1,4 want EAST
RC POS 15 id 6 seat 1 role expand fs 0 body 1 pos 8,2 stuck 0
RC WALK 15 id 6 role expand pos 8,2 tgt 8,3 want SOUTH
RC POS 15 id 8 seat 2 role expand fs 0 body 1 pos 2,8 stuck 0
RC WALK 15 id 8 role expand pos 2,8 tgt 4,9 want EAST
RC POS 15 id 10 seat 3 role raid fs 1 body 2 pos 6,5 stuck 0
RC WALK 15 id 10 role raid pos 6,5 tgt 4,4 want EAST
RC POS 15 id 14 seat 4 role defend fs 0 body 1 pos 4,6 stuck 1
RC WALK 15 id 14 role defend pos 4,6 tgt 4,5 want NORTH
V527I SEALNT 16 ph 5 fwd 0 hv 1
RC POS 16 id 4 seat 0 role raid fs 1 body 1 pos 1,4 stuck 0
RC POS 16 id 6 seat 1 role expand fs 0 body 1 pos 8,3 stuck 0
RC WALK 16 id 6 role expand pos 8,3 tgt 9,5 want SOUTH
RC POS 16 id 8 seat 2 role expand fs 0 body 1 pos 3,8 stuck 0
RC WALK 16 id 8 role expand pos 3,8 tgt 4,9 want SOUTH
RC POS 16 id 10 seat 3 role raid fs 1 body 2 pos 7,5 stuck 0
RC WALK 16 id 10 role raid pos 7,5 tgt 4,4 want EAST
RC POS 16 id 14 seat 4 role defend fs 0 body 1 pos 4,5 stuck 0
RC WALK 16 id 14 role defend pos 4,5 tgt 4,9 want SOUTH
V527I SEALNT 17 ph 5 fwd 0 hv 1
RC POS 17 id 4 seat 0 role raid fs 1 body 1 pos 1,4 stuck 1
RC WALK 17 id 4 role raid pos 1,4 tgt 4,4 want SOUTH
RC POS 17 id 6 seat 1 role expand fs 0 body 1 pos 8,4 stuck 0
RC WALK 17 id 6 role expand pos 8,4 tgt 9,5 want EAST
RC POS 17 id 8 seat 2 role expand fs 0 body 1 pos 3,9 stuck 0
RC WALK 17 id 8 role expand pos 3,9 tgt 4,9 want EAST
RC POS 17 id 10 seat 3 role raid fs 1 body 2 pos 8,5 stuck 0
RC WALK 17 id 10 role raid pos 8,5 tgt 4,4 want SOUTH
RC POS 17 id 14 seat 4 role defend fs 0 body 1 pos 4,6 stuck 0
RC WALK 17 id 14 role defend pos 4,6 tgt 4,9 want SOUTH
V527I SEALNT 18 ph 5 fwd 0 hv 1
RC POS 18 id 4 seat 0 role raid fs 1 body 1 pos 1,5 stuck 0
RC WALK 18 id 4 role raid pos 1,5 tgt 3,5 want EAST
RC POS 18 id 6 seat 1 role expand fs 0 body 1 pos 9,4 stuck 0
RC WALK 18 id 6 role expand pos 9,4 tgt 9,5 want SOUTH
RC POS 18 id 8 seat 2 role expand fs 0 body 1 pos 4,9 stuck 0
V528 PICK r 18 id 8 tgt 3,9 cs 10 bs 10 reg 0 cc 3 bc 3 cands 2 banned 0 regall 0 seat 2
RC WALK 18 id 8 role expand pos 4,9 tgt 3,9 want WEST
RC POS 18 id 10 seat 3 role raid fs 1 body 2 pos 8,6 stuck 0
RC WALK 18 id 10 role raid pos 8,6 tgt 5,3 want NORTH
RC POS 18 id 14 seat 4 role defend fs 0 body 1 pos 4,7 stuck 0
RC WALK 18 id 14 role defend pos 4,7 tgt 4,9 want EAST
V527I SEALNT 19 ph 5 fwd 0 hv 1
RC POS 19 id 4 seat 0 role raid fs 1 body 1 pos 2,5 stuck 0
RC WALK 19 id 4 role raid pos 2,5 tgt 3,5 want EAST
RC POS 19 id 6 seat 1 role expand fs 0 body 1 pos 9,5 stuck 0
V528 PICK r 19 id 6 tgt 6,0 cs 1208 bs 1208 reg 0 cc 400 bc 400 cands 1 banned 0 regall 0 seat 1
RC WALK 19 id 6 role expand pos 9,5 tgt 6,0 want SOUTH
RC POS 19 id 8 seat 2 role expand fs 0 body 1 pos 3,9 stuck 0
V528 PICK r 19 id 8 tgt 3,9 cs 9 bs 9 reg 0 cc 3 bc 3 cands 2 banned 0 regall 0 seat 2
RC WALK 19 id 8 role expand pos 3,9 tgt 4,9 want EAST
RC POS 19 id 10 seat 3 role raid fs 1 body 2 pos 8,5 stuck 0
RC WALK 19 id 10 role raid pos 8,5 tgt 3,5 want SOUTH
RC POS 19 id 14 seat 4 role defend fs 0 body 1 pos 5,7 stuck 0
RC WALK 19 id 14 role defend pos 5,7 tgt 4,9 want SOUTH
V527I SEALNT 20 ph 5 fwd 0 hv 1
RC POS 20 id 4 seat 0 role raid fs 1 body 1 pos 3,5 stuck 0
RC POS 20 id 6 seat 1 role expand fs 0 body 1 pos 9,6 stuck 0
RC WALK 20 id 6 role expand pos 9,6 tgt 6,0 want NORTH
RC POS 20 id 8 seat 2 role expand fs 0 body 1 pos 4,9 stuck 0
V528 PICK r 20 id 8 tgt 3,9 cs 10 bs 10 reg 0 cc 3 bc 3 cands 2 banned 0 regall 0 seat 2
RC WALK 20 id 8 role expand pos 4,9 tgt 3,9 want WEST
RC POS 20 id 10 seat 3 role raid fs 1 body 2 pos 8,6 stuck 0
RC WALK 20 id 10 role raid pos 8,6 tgt 5,3 want NORTH
RC POS 20 id 14 seat 4 role defend fs 0 body 1 pos 5,8 stuck 0
RC WALK 20 id 14 role defend pos 5,8 tgt 4,9 want WEST
V527I SEALNT 21 ph 5 fwd 0 hv 1
RC POS 21 id 4 seat 0 role raid fs 1 body 1 pos 3,5 stuck 1
RC POS 21 id 6 seat 1 role expand fs 0 body 1 pos 9,5 stuck 0
RC WALK 21 id 6 role expand pos 9,5 tgt 6,0 want SOUTH
RC POS 21 id 8 seat 2 role expand fs 0 body 1 pos 3,9 stuck 0
V528 PICK r 21 id 8 tgt 3,9 cs 9 bs 9 reg 0 cc 3 bc 3 cands 2 banned 0 regall 0 seat 2
RC WALK 21 id 8 role expand pos 3,9 tgt 4,9 want EAST
RC POS 21 id 10 seat 3 role raid fs 1 body 2 pos 8,5 stuck 0
RC WALK 21 id 10 role raid pos 8,5 tgt 3,5 want SOUTH
RC POS 21 id 14 seat 4 role defend fs 0 body 1 pos 4,8 stuck 0
RC WALK 21 id 14 role defend pos 4,8 tgt 3,9 want WEST
V527I SEALNT 22 ph 4 fwd 0 hv 1
RC POS 22 id 4 seat 0 role raid fs 1 body 1 pos 3,5 stuck 2
RC WALK 22 id 4 role raid pos 3,5 tgt 1,5 want WEST
RC POS 22 id 6 seat 1 role expand fs 0 body 1 pos 9,6 stuck 0
RC WALK 22 id 6 role expand pos 9,6 tgt 6,0 want NORTH
RC POS 22 id 8 seat 2 role expand fs 0 body 1 pos 4,9 stuck 0
V528 PICK r 22 id 8 tgt 3,9 cs 10 bs 10 reg 0 cc 3 bc 3 cands 2 banned 0 regall 0 seat 2
RC WALK 22 id 8 role expand pos 4,9 tgt 3,9 want WEST
RC POS 22 id 10 seat 3 role raid fs 1 body 2 pos 8,6 stuck 0
RC WALK 22 id 10 role raid pos 8,6 tgt 5,3 want NORTH
RC POS 22 id 14 seat 4 role defend fs 0 body 1 pos 3,8 stuck 0
RC WALK 22 id 14 role defend pos 3,8 tgt 4,9 want EAST
V527I SEALNT 23 ph 4 fwd 0 hv 1
RC POS 23 id 4 seat 0 role raid fs 1 body 1 pos 2,5 stuck 0
RC POS 23 id 6 seat 1 role expand fs 0 body 1 pos 9,5 stuck 0
RC WALK 23 id 6 role expand pos 9,5 tgt 6,0 want SOUTH
RC POS 23 id 8 seat 2 role expand fs 0 body 1 pos 3,9 stuck 0
V528 PICK r 23 id 8 tgt 3,9 cs 9 bs 9 reg 0 cc 3 bc 3 cands 2 banned 0 regall 0 seat 2
RC WALK 23 id 8 role expand pos 3,9 tgt 4,9 want EAST
RC POS 23 id 10 seat 3 role raid fs 1 body 2 pos 8,5 stuck 0
RC WALK 23 id 10 role raid pos 8,5 tgt 3,5 want SOUTH
RC POS 23 id 14 seat 4 role defend fs 0 body 1 pos 4,8 stuck 0
RC WALK 23 id 14 role defend pos 4,8 tgt 3,9 want WEST
V527I SEALNT 24 ph 3 fwd 0 hv 1
RC POS 24 id 4 seat 0 role raid fs 1 body 1 pos 2,5 stuck 1
RC WALK 24 id 4 role raid pos 2,5 tgt 1,5 want WEST
RC POS 24 id 6 seat 1 role expand fs 0 body 1 pos 9,6 stuck 0
RC WALK 24 id 6 role expand pos 9,6 tgt 6,0 want NORTH
RC POS 24 id 8 seat 2 role expand fs 0 body 1 pos 4,9 stuck 0
V528 PICK r 24 id 8 tgt 3,9 cs 13 bs 13 reg 0 cc 4 bc 4 cands 2 banned 0 regall 0 seat 2
RC WALK 24 id 8 role expand pos 4,9 tgt 3,9 want WEST
RC POS 24 id 10 seat 3 role raid fs 1 body 2 pos 8,6 stuck 0
RC WALK 24 id 10 role raid pos 8,6 tgt 5,3 want NORTH
RC POS 24 id 14 seat 4 role defend fs 0 body 1 pos 3,8 stuck 0
RC WALK 24 id 14 role defend pos 3,8 tgt 4,9 want EAST
V527I SEALNT 25 ph 3 fwd 0 hv 1
RC POS 25 id 4 seat 0 role raid fs 1 body 1 pos 1,5 stuck 0
RC WALK 25 id 4 role raid pos 1,5 tgt 4,1 want EAST
RC POS 25 id 6 seat 1 role expand fs 0 body 1 pos 9,5 stuck 0
RC WALK 25 id 6 role expand pos 9,5 tgt 6,0 want SOUTH
RC POS 25 id 8 seat 2 role expand fs 0 body 1 pos 3,9 stuck 0
V528 PICK r 25 id 8 tgt 3,9 cs 12 bs 12 reg 0 cc 4 bc 4 cands 2 banned 0 regall 0 seat 2
RC WALK 25 id 8 role expand pos 3,9 tgt 4,9 want EAST
RC POS 25 id 10 seat 3 role raid fs 1 body 2 pos 8,5 stuck 0
RC WALK 25 id 10 role raid pos 8,5 tgt 3,5 want SOUTH
RC POS 25 id 14 seat 4 role defend fs 0 body 1 pos 4,8 stuck 0
RC WALK 25 id 14 role defend pos 4,8 tgt 3,9 want WEST
V527I SEALNT 26 ph 2 fwd 0 hv 1
RC POS 26 id 4 seat 0 role raid fs 1 body 1 pos 2,5 stuck 0
RC WALK 26 id 4 role raid pos 2,5 tgt 1,5 want WEST
RC POS 26 id 6 seat 1 role expand fs 0 body 1 pos 9,6 stuck 0
RC WALK 26 id 6 role expand pos 9,6 tgt 6,0 want NORTH
RC POS 26 id 10 seat 3 role raid fs 1 body 2 pos 8,6 stuck 0
RC WALK 26 id 10 role raid pos 8,6 tgt 5,3 want NORTH
RC POS 26 id 14 seat 4 role defend fs 0 body 1 pos 3,8 stuck 0
RC WALK 26 id 14 role defend pos 3,8 tgt 4,9 want EAST
V527I SEALNT 27 ph 3 fwd 0 hv 1
RC POS 27 id 4 seat 0 role raid fs 1 body 1 pos 1,5 stuck 0
RC WALK 27 id 4 role raid pos 1,5 tgt 4,1 want EAST
RC POS 27 id 6 seat 1 role expand fs 0 body 1 pos 9,5 stuck 0
RC WALK 27 id 6 role expand pos 9,5 tgt 6,0 want SOUTH
RC POS 27 id 10 seat 3 role raid fs 1 body 2 pos 8,5 stuck 0
RC WALK 27 id 10 role raid pos 8,5 tgt 3,5 want SOUTH
RC POS 27 id 14 seat 4 role defend fs 0 body 1 pos 4,8 stuck 0
RC WALK 27 id 14 role defend pos 4,8 tgt 4,9 want SOUTH
V527I SEALNT 28 ph 2 fwd 0 hv 1
RC POS 28 id 4 seat 0 role raid fs 1 body 1 pos 2,5 stuck 0
RC WALK 28 id 4 role raid pos 2,5 tgt 1,5 want WEST
RC POS 28 id 6 seat 1 role expand fs 0 body 1 pos 9,6 stuck 0
RC WALK 28 id 6 role expand pos 9,6 tgt 6,0 want NORTH
RC POS 28 id 10 seat 3 role raid fs 1 body 2 pos 8,6 stuck 0
RC WALK 28 id 10 role raid pos 8,6 tgt 5,3 want NORTH
RC POS 28 id 14 seat 4 role defend fs 0 body 1 pos 4,9 stuck 0
RC WALK 28 id 14 role defend pos 4,9 tgt 3,9 want WEST
V527I SEALNT 29 ph 3 fwd 0 hv 1
RC POS 29 id 4 seat 0 role raid fs 1 body 1 pos 1,5 stuck 0
RC WALK 29 id 4 role raid pos 1,5 tgt 4,1 want EAST
RC POS 29 id 6 seat 1 role expand fs 0 body 1 pos 9,5 stuck 0
RC WALK 29 id 6 role expand pos 9,5 tgt 6,0 want SOUTH
RC POS 29 id 10 seat 3 role raid fs 1 body 2 pos 8,5 stuck 0
RC WALK 29 id 10 role raid pos 8,5 tgt 3,5 want SOUTH
RC POS 29 id 14 seat 4 role defend fs 0 body 1 pos 3,9 stuck 0
RC WALK 29 id 14 role defend pos 3,9 tgt 4,9 want EAST
V527I SEALNT 30 ph 2 fwd 0 hv 1
RC POS 30 id 4 seat 0 role raid fs 1 body 1 pos 2,5 stuck 0
RC WALK 30 id 4 role raid pos 2,5 tgt 1,5 want WEST
RC POS 30 id 6 seat 1 role expand fs 0 body 1 pos 9,6 stuck 0
RC WALK 30 id 6 role expand pos 9,6 tgt 6,0 want NORTH
RC POS 30 id 10 seat 3 role raid fs 1 body 2 pos 8,6 stuck 0
RC WALK 30 id 10 role raid pos 8,6 tgt 5,3 want NORTH
RC POS 30 id 14 seat 4 role defend fs 0 body 1 pos 4,9 stuck 0
RC WALK 30 id 14 role defend pos 4,9 tgt 3,9 want WEST
V527I SEALNT 31 ph 3 fwd 0 hv 1
RC POS 31 id 4 seat 0 role raid fs 1 body 1 pos 1,5 stuck 0
RC WALK 31 id 4 role raid pos 1,5 tgt 4,1 want EAST
RC POS 31 id 6 seat 1 role expand fs 0 body 1 pos 9,5 stuck 0
RC WALK 31 id 6 role expand pos 9,5 tgt 6,0 want NORTH
RC POS 31 id 10 seat 3 role raid fs 1 body 2 pos 8,5 stuck 0
RC WALK 31 id 10 role raid pos 8,5 tgt 3,5 want SOUTH
RC POS 31 id 14 seat 4 role defend fs 0 body 1 pos 3,9 stuck 0
V527I SEALNT 32 ph 2 fwd 0 hv 1
RC POS 32 id 4 seat 0 role raid fs 1 body 1 pos 2,5 stuck 0
RC WALK 32 id 4 role raid pos 2,5 tgt 1,5 want WEST
RC POS 32 id 6 seat 1 role expand fs 0 body 1 pos 9,4 stuck 0
RC WALK 32 id 6 role expand pos 9,4 tgt 6,0 want WEST
RC POS 32 id 10 seat 3 role raid fs 1 body 2 pos 8,6 stuck 0
RC WALK 32 id 10 role raid pos 8,6 tgt 5,3 want NORTH
RC POS 32 id 14 seat 4 role defend fs 0 body 1 pos 3,9 stuck 1
RC WALK 32 id 14 role defend pos 3,9 tgt 4,9 want EAST
V527I SEALNT 33 ph 3 fwd 0 hv 1
RC POS 33 id 4 seat 0 role raid fs 1 body 1 pos 1,5 stuck 0
RC WALK 33 id 4 role raid pos 1,5 tgt 4,1 want SOUTH
RC POS 33 id 6 seat 1 role expand fs 0 body 1 pos 8,4 stuck 0
RC WALK 33 id 6 role expand pos 8,4 tgt 6,0 want WEST
RC POS 33 id 10 seat 3 role raid fs 1 body 2 pos 8,5 stuck 0
RC WALK 33 id 10 role raid pos 8,5 tgt 3,5 want SOUTH
RC POS 33 id 14 seat 4 role defend fs 0 body 1 pos 4,9 stuck 0
RC WALK 33 id 14 role defend pos 4,9 tgt 3,9 want WEST
V527I SEALNT 34 ph 2 fwd 0 hv 1
RC POS 34 id 4 seat 0 role raid fs 1 body 1 pos 1,6 stuck 0
RC WALK 34 id 4 role raid pos 1,6 tgt 1,1 want EAST
RC POS 34 id 6 seat 1 role expand fs 0 body 1 pos 7,4 stuck 0
RC WALK 34 id 6 role expand pos 7,4 tgt 5,0 want WEST
RC POS 34 id 10 seat 3 role raid fs 1 body 2 pos 8,6 stuck 0
RC WALK 34 id 10 role raid pos 8,6 tgt 5,3 want NORTH
RC POS 34 id 14 seat 4 role defend fs 0 body 1 pos 3,9 stuck 0
RC WALK 34 id 14 role defend pos 3,9 tgt 4,9 want EAST
V527I SEALNT 35 ph 2 fwd 0 hv 1
RC POS 35 id 4 seat 0 role raid fs 1 body 1 pos 2,6 stuck 0
RC WALK 35 id 4 role raid pos 2,6 tgt 2,1 want WEST
RC POS 35 id 6 seat 1 role expand fs 0 body 1 pos 6,4 stuck 0
RC WALK 35 id 6 role expand pos 6,4 tgt 5,0 want WEST
RC POS 35 id 10 seat 3 role raid fs 1 body 2 pos 8,5 stuck 0
RC WALK 35 id 10 role raid pos 8,5 tgt 3,5 want WEST
RC POS 35 id 14 seat 4 role defend fs 0 body 1 pos 4,9 stuck 0
RC WALK 35 id 14 role defend pos 4,9 tgt 6,9 want EAST
V527I SEALNT 36 ph 2 fwd 0 hv 1
RC POS 36 id 4 seat 0 role raid fs 1 body 1 pos 1,6 stuck 0
RC WALK 36 id 4 role raid pos 1,6 tgt 1,1 want EAST
RC POS 36 id 6 seat 1 role expand fs 0 body 1 pos 5,4 stuck 0
RC WALK 36 id 6 role expand pos 5,4 tgt 5,0 want NORTH
RC POS 36 id 10 seat 3 role raid fs 1 body 2 pos 7,5 stuck 0
RC WALK 36 id 10 role raid pos 7,5 tgt 2,5 want NORTH
RC POS 36 id 14 seat 4 role defend fs 0 body 1 pos 5,9 stuck 0
RC WALK 36 id 14 role defend pos 5,9 tgt 6,9 want CENTRE
V527I SEALNT 37 ph 2 fwd 0 hv 1
RC POS 37 id 4 seat 0 role raid fs 1 body 1 pos 2,6 stuck 0
RC WALK 37 id 4 role raid pos 2,6 tgt 2,1 want WEST
RC POS 37 id 6 seat 1 role expand fs 0 body 1 pos 5,3 stuck 0
RC WALK 37 id 6 role expand pos 5,3 tgt 5,0 want NORTH
RC POS 37 id 10 seat 3 role raid fs 1 body 2 pos 7,4 stuck 0
RC WALK 37 id 10 role raid pos 7,4 tgt 4,1 want SOUTH
RC POS 37 id 14 seat 4 role defend fs 0 body 1 pos 5,9 stuck 1
RC WALK 37 id 14 role defend pos 5,9 tgt 6,9 want CENTRE
V527I SEALNT 38 ph 2 fwd 0 hv 1
RC POS 38 id 4 seat 0 role raid fs 1 body 1 pos 1,6 stuck 0
RC WALK 38 id 4 role raid pos 1,6 tgt 1,1 want EAST
RC POS 38 id 6 seat 1 role expand fs 0 body 1 pos 5,4 stuck 0
RC WALK 38 id 6 role expand pos 5,4 tgt 5,0 want NORTH
RC POS 38 id 10 seat 3 role raid fs 1 body 2 pos 7,5 stuck 0
RC WALK 38 id 10 role raid pos 7,5 tgt 2,5 want NORTH
RC POS 38 id 14 seat 4 role defend fs 0 body 1 pos 5,9 stuck 2
RC WALK 38 id 14 role defend pos 5,9 tgt 6,9 want CENTRE
V527I SEALNT 39 ph 2 fwd 0 hv 1
RC POS 39 id 4 seat 0 role raid fs 1 body 1 pos 2,6 stuck 0
RC WALK 39 id 4 role raid pos 2,6 tgt 2,1 want NORTH
RC POS 39 id 6 seat 1 role expand fs 0 body 1 pos 5,3 stuck 0
RC WALK 39 id 6 role expand pos 5,3 tgt 5,0 want NORTH
RC POS 39 id 10 seat 3 role raid fs 1 body 2 pos 7,4 stuck 0
RC WALK 39 id 10 role raid pos 7,4 tgt 4,1 want SOUTH
RC POS 39 id 14 seat 4 role defend fs 0 body 1 pos 5,9 stuck 3
RC WALK 39 id 14 role defend pos 5,9 tgt 6,9 want CENTRE
V527I SEALNT 40 ph 2 fwd 0 hv 1
RC POS 40 id 4 seat 0 role raid fs 1 body 1 pos 2,5 stuck 0
RC WALK 40 id 4 role raid pos 2,5 tgt 1,5 want WEST
RC POS 40 id 6 seat 1 role expand fs 0 body 1 pos 5,4 stuck 0
RC WALK 40 id 6 role expand pos 5,4 tgt 5,0 want NORTH
RC POS 40 id 10 seat 3 role raid fs 1 body 2 pos 7,5 stuck 0
RC WALK 40 id 10 role raid pos 7,5 tgt 2,5 want NORTH
RC POS 40 id 14 seat 4 role defend fs 0 body 1 pos 5,9 stuck 4
RC WALK 40 id 14 role defend pos 5,9 tgt 6,9 want CENTRE
V527I SEALNT 41 ph 3 fwd 0 hv 1
RC POS 41 id 4 seat 0 role raid fs 1 body 1 pos 1,5 stuck 0
RC WALK 41 id 4 role raid pos 1,5 tgt 4,1 want EAST
RC POS 41 id 6 seat 1 role expand fs 0 body 1 pos 5,3 stuck 0
RC WALK 41 id 6 role expand pos 5,3 tgt 5,0 want NORTH
RC POS 41 id 10 seat 3 role raid fs 1 body 2 pos 7,4 stuck 0
RC WALK 41 id 10 role raid pos 7,4 tgt 4,1 want SOUTH
RC POS 41 id 14 seat 4 role defend fs 0 body 1 pos 5,9 stuck 5
RC WALK 41 id 14 role defend pos 5,9 tgt 4,9 want WEST
V527I SEALNT 42 ph 2 fwd 0 hv 1
RC POS 42 id 4 seat 0 role raid fs 1 body 1 pos 2,5 stuck 0
RC WALK 42 id 4 role raid pos 2,5 tgt 1,5 want WEST
RC POS 42 id 6 seat 1 role expand fs 0 body 1 pos 5,4 stuck 0
RC WALK 42 id 6 role expand pos 5,4 tgt 5,0 want NORTH
RC POS 42 id 10 seat 3 role raid fs 1 body 2 pos 7,5 stuck 0
RC WALK 42 id 10 role raid pos 7,5 tgt 2,5 want NORTH
V527I SEALNT 43 ph 3 fwd 0 hv 1
RC POS 43 id 4 seat 0 role raid fs 1 body 1 pos 1,5 stuck 0
RC WALK 43 id 4 role raid pos 1,5 tgt 4,1 want EAST
RC POS 43 id 6 seat 1 role expand fs 0 body 1 pos 5,3 stuck 0
RC WALK 43 id 6 role expand pos 5,3 tgt 5,0 want NORTH
RC POS 43 id 10 seat 3 role raid fs 1 body 2 pos 7,4 stuck 0
RC WALK 43 id 10 role raid pos 7,4 tgt 4,1 want SOUTH
V527I SEALNT 44 ph 2 fwd 0 hv 1
RC POS 44 id 4 seat 0 role raid fs 1 body 1 pos 2,5 stuck 0
RC WALK 44 id 4 role raid pos 2,5 tgt 1,5 want WEST
RC POS 44 id 6 seat 1 role expand fs 0 body 1 pos 5,4 stuck 0
RC WALK 44 id 6 role expand pos 5,4 tgt 5,0 want NORTH
RC POS 44 id 10 seat 3 role raid fs 1 body 2 pos 7,5 stuck 0
RC WALK 44 id 10 role raid pos 7,5 tgt 2,5 want NORTH
V527I SEALNT 45 ph 3 fwd 0 hv 1
RC POS 45 id 4 seat 0 role raid fs 1 body 1 pos 1,5 stuck 0
RC WALK 45 id 4 role raid pos 1,5 tgt 4,1 want EAST
RC POS 45 id 6 seat 1 role expand fs 0 body 1 pos 5,3 stuck 0
RC WALK 45 id 6 role expand pos 5,3 tgt 5,0 want NORTH
RC POS 45 id 10 seat 3 role raid fs 1 body 2 pos 7,4 stuck 0
RC WALK 45 id 10 role raid pos 7,4 tgt 4,1 want SOUTH
V527I SEALNT 46 ph 2 fwd 0 hv 1
RC POS 46 id 4 seat 0 role raid fs 1 body 1 pos 2,5 stuck 0
RC WALK 46 id 4 role raid pos 2,5 tgt 1,5 want WEST
RC POS 46 id 6 seat 1 role expand fs 0 body 1 pos 5,4 stuck 0
RC WALK 46 id 6 role expand pos 5,4 tgt 5,0 want NORTH
RC POS 46 id 10 seat 3 role raid fs 1 body 2 pos 7,5 stuck 0
RC WALK 46 id 10 role raid pos 7,5 tgt 2,5 want NORTH
V527I SEALNT 47 ph 3 fwd 0 hv 1
RC POS 47 id 4 seat 0 role raid fs 1 body 1 pos 1,5 stuck 0
RC WALK 47 id 4 role raid pos 1,5 tgt 4,1 want EAST
RC POS 47 id 6 seat 1 role expand fs 0 body 1 pos 5,3 stuck 0
RC WALK 47 id 6 role expand pos 5,3 tgt 5,0 want NORTH
RC POS 47 id 10 seat 3 role raid fs 1 body 2 pos 7,4 stuck 0
RC WALK 47 id 10 role raid pos 7,4 tgt 4,1 want SOUTH
V527I SEALNT 48 ph 2 fwd 0 hv 1
RC POS 48 id 4 seat 0 role raid fs 1 body 1 pos 2,5 stuck 0
RC WALK 48 id 4 role raid pos 2,5 tgt 1,5 want WEST
RC POS 48 id 6 seat 1 role expand fs 0 body 1 pos 5,4 stuck 0
RC WALK 48 id 6 role expand pos 5,4 tgt 5,0 want NORTH
RC POS 48 id 10 seat 3 role raid fs 1 body 2 pos 7,5 stuck 0
RC WALK 48 id 10 role raid pos 7,5 tgt 2,5 want NORTH
V527I SEALNT 49 ph 3 fwd 0 hv 1
RC POS 49 id 4 seat 0 role raid fs 1 body 1 pos 1,5 stuck 0
RC WALK 49 id 4 role raid pos 1,5 tgt 4,1 want EAST
RC POS 49 id 6 seat 1 role expand fs 0 body 1 pos 5,3 stuck 0
RC WALK 49 id 6 role expand pos 5,3 tgt 5,0 want NORTH
RC POS 49 id 10 seat 3 role raid fs 1 body 2 pos 7,4 stuck 0
RC WALK 49 id 10 role raid pos 7,4 tgt 4,1 want SOUTH
V527I SEALNT 50 ph 2 fwd 0 hv 1
RC POS 50 id 4 seat 0 role raid fs 1 body 1 pos 2,5 stuck 0
RC WALK 50 id 4 role raid pos 2,5 tgt 1,5 want WEST
RC POS 50 id 6 seat 1 role expand fs 0 body 1 pos 5,4 stuck 0
RC WALK 50 id 6 role expand pos 5,4 tgt 5,0 want NORTH
RC POS 50 id 10 seat 3 role raid fs 1 body 2 pos 7,5 stuck 0
RC WALK 50 id 10 role raid pos 7,5 tgt 2,5 want NORTH
V527I SEALNT 51 ph 3 fwd 0 hv 1
RC POS 51 id 4 seat 0 role raid fs 1 body 1 pos 1,5 stuck 0
RC WALK 51 id 4 role raid pos 1,5 tgt 4,1 want EAST
RC POS 51 id 6 seat 1 role expand fs 0 body 1 pos 5,3 stuck 0
RC WALK 51 id 6 role expand pos 5,3 tgt 5,0 want NORTH
RC POS 51 id 10 seat 3 role raid fs 1 body 2 pos 7,4 stuck 0
RC WALK 51 id 10 role raid pos 7,4 tgt 4,1 want SOUTH
V527I SEALNT 52 ph 2 fwd 0 hv 1
RC POS 52 id 4 seat 0 role raid fs 1 body 1 pos 2,5 stuck 0
RC WALK 52 id 4 role raid pos 2,5 tgt 1,5 want WEST
RC POS 52 id 6 seat 1 role expand fs 0 body 1 pos 5,4 stuck 0
RC WALK 52 id 6 role expand pos 5,4 tgt 5,0 want NORTH
RC POS 52 id 10 seat 3 role raid fs 1 body 2 pos 7,5 stuck 0
RC WALK 52 id 10 role raid pos 7,5 tgt 2,5 want NORTH
V527I SEALNT 53 ph 3 fwd 0 hv 1
RC POS 53 id 4 seat 0 role raid fs 1 body 1 pos 1,5 stuck 0
RC WALK 53 id 4 role raid pos 1,5 tgt 4,1 want EAST
RC POS 53 id 6 seat 1 role expand fs 0 body 1 pos 5,3 stuck 0
RC WALK 53 id 6 role expand pos 5,3 tgt 5,0 want NORTH
RC POS 53 id 10 seat 3 role raid fs 1 body 2 pos 7,4 stuck 0
RC WALK 53 id 10 role raid pos 7,4 tgt 4,1 want SOUTH
V527I SEALNT 54 ph 2 fwd 0 hv 1
RC POS 54 id 4 seat 0 role raid fs 1 body 1 pos 2,5 stuck 0
RC WALK 54 id 4 role raid pos 2,5 tgt 1,5 want WEST
RC POS 54 id 6 seat 1 role expand fs 0 body 1 pos 5,4 stuck 0
RC WALK 54 id 6 role expand pos 5,4 tgt 5,0 want NORTH
RC POS 54 id 10 seat 3 role raid fs 1 body 2 pos 7,5 stuck 0
RC WALK 54 id 10 role raid pos 7,5 tgt 2,5 want NORTH
V527I SEALNT 55 ph 3 fwd 0 hv 1
RC POS 55 id 4 seat 0 role raid fs 1 body 1 pos 1,5 stuck 0
RC WALK 55 id 4 role raid pos 1,5 tgt 4,1 want EAST
RC POS 55 id 6 seat 1 role expand fs 0 body 1 pos 5,3 stuck 0
RC WALK 55 id 6 role expand pos 5,3 tgt 5,0 want NORTH
RC POS 55 id 10 seat 3 role raid fs 1 body 2 pos 7,4 stuck 0
RC WALK 55 id 10 role raid pos 7,4 tgt 4,1 want SOUTH
V527I SEALNT 56 ph 2 fwd 0 hv 1
RC POS 56 id 4 seat 0 role raid fs 1 body 1 pos 2,5 stuck 0
RC WALK 56 id 4 role raid pos 2,5 tgt 1,5 want WEST
RC POS 56 id 6 seat 1 role expand fs 0 body 1 pos 5,4 stuck 0
RC WALK 56 id 6 role expand pos 5,4 tgt 5,0 want NORTH
RC POS 56 id 10 seat 3 role raid fs 1 body 2 pos 7,5 stuck 0
RC WALK 56 id 10 role raid pos 7,5 tgt 2,5 want NORTH
V527I SEALNT 57 ph 3 fwd 0 hv 1
RC POS 57 id 4 seat 0 role raid fs 1 body 1 pos 1,5 stuck 0
RC POS 57 id 6 seat 1 role expand fs 0 body 1 pos 5,3 stuck 0
RC WALK 57 id 6 role expand pos 5,3 tgt 5,0 want NORTH
RC POS 57 id 10 seat 3 role raid fs 1 body 2 pos 7,4 stuck 0
RC WALK 57 id 10 role raid pos 7,4 tgt 4,1 want SOUTH
V527I SEALNT 58 ph 2 fwd 0 hv 1
RC POS 58 id 4 seat 0 role raid fs 1 body 1 pos 1,5 stuck 1
RC POS 58 id 6 seat 1 role expand fs 0 body 1 pos 5,4 stuck 0
RC WALK 58 id 6 role expand pos 5,4 tgt 5,0 want NORTH
RC POS 58 id 10 seat 3 role raid fs 1 body 2 pos 7,5 stuck 0
RC WALK 58 id 10 role raid pos 7,5 tgt 2,5 want NORTH
V527I SEALNT 59 ph 2 fwd 0 hv 1
RC POS 59 id 4 seat 0 role raid fs 1 body 1 pos 1,5 stuck 2
RC WALK 59 id 4 role raid pos 1,5 tgt 4,1 want SOUTH
RC POS 59 id 6 seat 1 role expand fs 0 body 1 pos 5,3 stuck 0
RC WALK 59 id 6 role expand pos 5,3 tgt 5,0 want NORTH
RC POS 59 id 10 seat 3 role raid fs 1 body 2 pos 7,4 stuck 0
RC WALK 59 id 10 role raid pos 7,4 tgt 4,1 want SOUTH
V527I SEALNT 60 ph 2 fwd 0 hv 1
RC POS 60 id 4 seat 0 role raid fs 1 body 1 pos 1,1 stuck 0
RC WALK 60 id 4 role raid pos 1,1 tgt 4,0 want WEST
RC POS 60 id 6 seat 1 role expand fs 0 body 1 pos 5,4 stuck 0
RC WALK 60 id 6 role expand pos 5,4 tgt 5,0 want NORTH
RC POS 60 id 10 seat 3 role raid fs 1 body 2 pos 7,5 stuck 0
RC WALK 60 id 10 role raid pos 7,5 tgt 2,5 want NORTH
V527I SEALNT 61 ph 3 fwd 0 hv 1
RC POS 61 id 4 seat 0 role raid fs 1 body 1 pos 0,1 stuck 0
RC WALK 61 id 4 role raid pos 0,1 tgt 5,2 want SOUTH
RC POS 61 id 6 seat 1 role expand fs 0 body 1 pos 5,3 stuck 0
RC WALK 61 id 6 role expand pos 5,3 tgt 5,0 want NORTH
RC POS 61 id 10 seat 3 role raid fs 1 body 2 pos 7,4 stuck 0
RC WALK 61 id 10 role raid pos 7,4 tgt 4,1 want SOUTH
V527I SEALNT 62 ph 2 fwd 0 hv 1
RC POS 62 id 4 seat 0 role raid fs 1 body 1 pos 0,2 stuck 0
RC WALK 62 id 4 role raid pos 0,2 tgt 4,0 want SOUTH
RC POS 62 id 6 seat 1 role expand fs 0 body 1 pos 5,4 stuck 0
RC WALK 62 id 6 role expand pos 5,4 tgt 5,0 want NORTH
RC POS 62 id 10 seat 3 role raid fs 1 body 2 pos 7,5 stuck 0
RC WALK 62 id 10 role raid pos 7,5 tgt 2,5 want NORTH
V527I SEALNT 63 ph 2 fwd 0 hv 1
RC POS 63 id 4 seat 0 role raid fs 1 body 1 pos 0,3 stuck 0
RC WALK 63 id 4 role raid pos 0,3 tgt 5,2 want SOUTH
RC POS 63 id 6 seat 1 role expand fs 0 body 1 pos 5,3 stuck 0
RC WALK 63 id 6 role expand pos 5,3 tgt 5,0 want NORTH
RC POS 63 id 10 seat 3 role raid fs 1 body 2 pos 7,4 stuck 0
RC WALK 63 id 10 role raid pos 7,4 tgt 4,1 want SOUTH
V527I SEALNT 64 ph 2 fwd 0 hv 1
RC POS 64 id 4 seat 0 role raid fs 1 body 1 pos 0,4 stuck 0
RC WALK 64 id 4 role raid pos 0,4 tgt 5,4 want SOUTH
RC POS 64 id 6 seat 1 role expand fs 0 body 1 pos 5,4 stuck 0
RC WALK 64 id 6 role expand pos 5,4 tgt 5,0 want NORTH
RC POS 64 id 10 seat 3 role raid fs 1 body 2 pos 7,5 stuck 0
RC WALK 64 id 10 role raid pos 7,5 tgt 2,5 want NORTH
V527I SEALNT 65 ph 2 fwd 0 hv 1
RC POS 65 id 4 seat 0 role raid fs 1 body 1 pos 0,5 stuck 0
RC WALK 65 id 4 role raid pos 0,5 tgt 4,1 want EAST
RC POS 65 id 6 seat 1 role expand fs 0 body 1 pos 5,3 stuck 0
RC WALK 65 id 6 role expand pos 5,3 tgt 5,0 want NORTH
RC POS 65 id 10 seat 3 role raid fs 1 body 2 pos 7,4 stuck 0
RC WALK 65 id 10 role raid pos 7,4 tgt 4,1 want SOUTH
V527I SEALNT 66 ph 2 fwd 0 hv 1
RC POS 66 id 4 seat 0 role raid fs 1 body 1 pos 1,5 stuck 0
RC POS 66 id 6 seat 1 role expand fs 0 body 1 pos 5,3 stuck 2
RC WALK 66 id 6 role expand pos 5,3 tgt 5,0 want NORTH
RC POS 66 id 10 seat 3 role raid fs 1 body 2 pos 7,5 stuck 0
RC WALK 66 id 10 role raid pos 7,5 tgt 2,5 want NORTH
V527I SEALNT 67 ph 2 fwd 0 hv 1
RC POS 67 id 4 seat 0 role raid fs 1 body 1 pos 0,5 stuck 0
RC WALK 67 id 4 role raid pos 0,5 tgt 4,1 want EAST
RC POS 67 id 6 seat 1 role expand fs 0 body 1 pos 6,3 stuck 0
RC WALK 67 id 6 role expand pos 6,3 tgt 5,0 want NORTH
RC POS 67 id 10 seat 3 role raid fs 1 body 2 pos 8,5 stuck 0
RC WALK 67 id 10 role raid pos 8,5 tgt 3,5 want WEST
V527I SEALNT 68 ph 2 fwd 0 hv 1
RC POS 68 id 4 seat 0 role raid fs 1 body 1 pos 1,5 stuck 0
RC POS 68 id 6 seat 1 role expand fs 0 body 1 pos 7,3 stuck 0
RC WALK 68 id 6 role expand pos 7,3 tgt 5,0 want WEST
RC POS 68 id 10 seat 3 role raid fs 1 body 2 pos 8,4 stuck 0
RC WALK 68 id 10 role raid pos 8,4 tgt 3,4 want WEST
V527I SEALNT 69 ph 2 fwd 0 hv 1
RC POS 69 id 4 seat 0 role raid fs 1 body 1 pos 0,5 stuck 0
RC WALK 69 id 4 role raid pos 0,5 tgt 4,1 want EAST
RC POS 69 id 6 seat 1 role expand fs 0 body 1 pos 6,3 stuck 0
RC WALK 69 id 6 role expand pos 6,3 tgt 5,0 want NORTH
RC POS 69 id 10 seat 3 role raid fs 1 body 2 pos 8,3 stuck 0
RC WALK 69 id 10 role raid pos 8,3 tgt 4,1 want WEST
V527I SEALNT 70 ph 2 fwd 0 hv 1
RC POS 70 id 4 seat 0 role raid fs 1 body 1 pos 1,5 stuck 0
RC POS 70 id 6 seat 1 role expand fs 0 body 1 pos 7,3 stuck 0
RC WALK 70 id 6 role expand pos 7,3 tgt 5,0 want WEST
RC POS 70 id 10 seat 3 role raid fs 1 body 2 pos 8,2 stuck 0
RC WALK 70 id 10 role raid pos 8,2 tgt 3,1 want SOUTH
V527I SEALNT 71 ph 2 fwd 0 hv 1
RC POS 71 id 4 seat 0 role raid fs 1 body 1 pos 0,5 stuck 0
RC WALK 71 id 4 role raid pos 0,5 tgt 4,1 want EAST
RC POS 71 id 6 seat 1 role expand fs 0 body 1 pos 6,3 stuck 0
RC WALK 71 id 6 role expand pos 6,3 tgt 5,0 want NORTH
RC POS 71 id 10 seat 3 role raid fs 1 body 2 pos 9,2 stuck 0
RC WALK 71 id 10 role raid pos 9,2 tgt 4,2 want WEST
V527I SEALNT 72 ph 2 fwd 0 hv 1
RC POS 72 id 4 seat 0 role raid fs 1 body 1 pos 1,5 stuck 0
RC POS 72 id 6 seat 1 role expand fs 0 body 1 pos 7,3 stuck 0
RC WALK 72 id 6 role expand pos 7,3 tgt 5,0 want WEST
RC POS 72 id 10 seat 3 role raid fs 1 body 2 pos 9,2 stuck 2
RC WALK 72 id 10 role raid pos 9,2 tgt 4,2 want WEST
V527I SEALNT 73 ph 2 fwd 0 hv 1
RC POS 73 id 4 seat 0 role raid fs 1 body 1 pos 0,5 stuck 0
RC WALK 73 id 4 role raid pos 0,5 tgt 4,1 want EAST
RC POS 73 id 6 seat 1 role expand fs 0 body 1 pos 6,3 stuck 0
RC WALK 73 id 6 role expand pos 6,3 tgt 5,0 want NORTH
RC POS 73 id 10 seat 3 role raid fs 1 body 2 pos 8,2 stuck 0
RC WALK 73 id 10 role raid pos 8,2 tgt 4,1 want SOUTH
V527I SEALNT 74 ph 2 fwd 0 hv 1
RC POS 74 id 4 seat 0 role raid fs 1 body 1 pos 1,5 stuck 0
RC POS 74 id 6 seat 1 role expand fs 0 body 1 pos 5,3 stuck 0
RC WALK 74 id 6 role expand pos 5,3 tgt 5,0 want NORTH
RC POS 74 id 10 seat 3 role raid fs 1 body 2 pos 8,3 stuck 0
RC WALK 74 id 10 role raid pos 8,3 tgt 3,4 want SOUTH
V527I SEALNT 75 ph 2 fwd 0 hv 1
RC POS 75 id 4 seat 0 role raid fs 1 body 1 pos 0,5 stuck 0
RC WALK 75 id 4 role raid pos 0,5 tgt 4,1 want EAST
RC POS 75 id 6 seat 1 role expand fs 0 body 1 pos 5,4 stuck 0
RC WALK 75 id 6 role expand pos 5,4 tgt 5,0 want NORTH
RC POS 75 id 10 seat 3 role raid fs 1 body 2 pos 8,4 stuck 0
RC WALK 75 id 10 role raid pos 8,4 tgt 3,4 want WEST
V527I SEALNT 76 ph 2 fwd 0 hv 1
RC POS 76 id 6 seat 1 role expand fs 0 body 1 pos 6,4 stuck 0
RC WALK 76 id 6 role expand pos 6,4 tgt 5,0 want WEST
RC POS 76 id 10 seat 3 role raid fs 1 body 2 pos 7,4 stuck 0
RC WALK 76 id 10 role raid pos 7,4 tgt 1,4 want WEST
V527I SEALNT 77 ph 2 fwd 0 hv 1
RC POS 77 id 6 seat 1 role expand fs 0 body 1 pos 6,3 stuck 0
RC WALK 77 id 6 role expand pos 6,3 tgt 5,0 want NORTH
RC POS 77 id 10 seat 3 role raid fs 1 body 2 pos 6,4 stuck 0
RC WALK 77 id 10 role raid pos 6,4 tgt 1,4 want WEST
V527I SEALNT 78 ph 2 fwd 0 hv 1
RC POS 78 id 6 seat 1 role expand fs 0 body 1 pos 7,3 stuck 0
RC WALK 78 id 6 role expand pos 7,3 tgt 5,0 want EAST
RC POS 78 id 10 seat 3 role raid fs 1 body 2 pos 5,4 stuck 0
V527I SEALNT 79 ph 2 fwd 1 hv 1
RC POS 79 id 6 seat 1 role expand fs 0 body 1 pos 8,3 stuck 0
RC WALK 79 id 6 role expand pos 8,3 tgt 5,0 want SOUTH
RC POS 79 id 10 seat 3 role raid fs 1 body 2 pos 5,4 stuck 1
V527I SEALNT 80 ph 2 fwd 1 hv 1
RC POS 80 id 6 seat 1 role expand fs 0 body 1 pos 8,4 stuck 0
RC WALK 80 id 6 role expand pos 8,4 tgt 5,0 want WEST
RC POS 80 id 10 seat 3 role raid fs 1 body 2 pos 5,4 stuck 2
V527I SEALNT 81 ph 2 fwd 1 hv 1
RC POS 81 id 6 seat 1 role expand fs 0 body 1 pos 7,4 stuck 0
RC WALK 81 id 6 role expand pos 7,4 tgt 5,0 want WEST
RC POS 81 id 10 seat 3 role raid fs 1 body 2 pos 5,4 stuck 3
V527I SEALNT 82 ph 2 fwd 1 hv 1
RC POS 82 id 6 seat 1 role expand fs 0 body 1 pos 6,4 stuck 0
RC WALK 82 id 6 role expand pos 6,4 tgt 5,0 want WEST
RC POS 82 id 10 seat 3 role raid fs 1 body 2 pos 5,4 stuck 4
V527I SEALNT 83 ph 2 fwd 1 hv 1
RC POS 83 id 6 seat 1 role expand fs 0 body 1 pos 6,3 stuck 0
RC WALK 83 id 6 role expand pos 6,3 tgt 5,0 want NORTH
RC POS 83 id 10 seat 3 role raid fs 1 body 2 pos 5,4 stuck 5
V527I SEALNT 84 ph 2 fwd 1 hv 1
RC POS 84 id 6 seat 1 role expand fs 0 body 1 pos 7,3 stuck 0
RC WALK 84 id 6 role expand pos 7,3 tgt 5,0 want EAST
RC POS 84 id 10 seat 3 role raid fs 1 body 2 pos 5,4 stuck 6
V527I SEALNT 85 ph 2 fwd 1 hv 1
RC POS 85 id 6 seat 1 role expand fs 0 body 1 pos 8,3 stuck 0
RC WALK 85 id 6 role expand pos 8,3 tgt 5,0 want SOUTH
RC POS 85 id 10 seat 3 role raid fs 1 body 2 pos 5,4 stuck 7
V527I SEALNT 86 ph 2 fwd 1 hv 1
RC POS 86 id 6 seat 1 role expand fs 0 body 1 pos 8,4 stuck 0
RC WALK 86 id 6 role expand pos 8,4 tgt 5,0 want WEST
RC POS 86 id 10 seat 3 role raid fs 1 body 2 pos 5,4 stuck 8
V527I SEALNT 87 ph 2 fwd 1 hv 1
RC POS 87 id 6 seat 1 role expand fs 0 body 1 pos 7,4 stuck 0
RC WALK 87 id 6 role expand pos 7,4 tgt 5,0 want WEST
RC POS 87 id 10 seat 3 role raid fs 1 body 2 pos 5,4 stuck 9
V527I SEALNT 88 ph 2 fwd 1 hv 1
RC POS 88 id 6 seat 1 role expand fs 0 body 1 pos 6,4 stuck 0
RC WALK 88 id 6 role expand pos 6,4 tgt 5,0 want WEST
RC POS 88 id 10 seat 3 role raid fs 1 body 2 pos 5,4 stuck 10
V527I SEALNT 89 ph 2 fwd 1 hv 1
RC POS 89 id 6 seat 1 role expand fs 0 body 1 pos 6,3 stuck 0
RC WALK 89 id 6 role expand pos 6,3 tgt 5,0 want NORTH
RC POS 89 id 10 seat 3 role raid fs 1 body 2 pos 5,4 stuck 11
V527I SEALNT 90 ph 2 fwd 1 hv 1
RC POS 90 id 6 seat 1 role expand fs 0 body 1 pos 7,3 stuck 0
RC WALK 90 id 6 role expand pos 7,3 tgt 5,0 want EAST
RC POS 90 id 10 seat 3 role raid fs 1 body 2 pos 5,4 stuck 12
V527I SEALNT 91 ph 2 fwd 1 hv 1
RC POS 91 id 6 seat 1 role expand fs 0 body 1 pos 8,3 stuck 0
RC WALK 91 id 6 role expand pos 8,3 tgt 5,0 want SOUTH
RC POS 91 id 10 seat 3 role raid fs 1 body 2 pos 5,4 stuck 13
V527I SEALNT 92 ph 2 fwd 1 hv 1
RC POS 92 id 6 seat 1 role expand fs 0 body 1 pos 8,4 stuck 0
RC WALK 92 id 6 role expand pos 8,4 tgt 5,0 want WEST
RC POS 92 id 10 seat 3 role raid fs 1 body 2 pos 5,4 stuck 14
V527I SEALNT 93 ph 2 fwd 1 hv 1
RC POS 93 id 6 seat 1 role expand fs 0 body 1 pos 7,4 stuck 0
RC WALK 93 id 6 role expand pos 7,4 tgt 5,0 want WEST
RC POS 93 id 10 seat 3 role raid fs 1 body 2 pos 5,4 stuck 15
V527I SEALNT 94 ph 2 fwd 1 hv 1
RC POS 94 id 6 seat 1 role expand fs 0 body 1 pos 6,4 stuck 0
RC WALK 94 id 6 role expand pos 6,4 tgt 5,0 want NORTH
RC POS 94 id 10 seat 3 role raid fs 1 body 2 pos 5,4 stuck 16
V527I SEALNT 95 ph 2 fwd 1 hv 1
RC POS 95 id 6 seat 1 role expand fs 0 body 1 pos 6,3 stuck 0
RC WALK 95 id 6 role expand pos 6,3 tgt 5,0 want NORTH
RC POS 95 id 10 seat 3 role raid fs 1 body 2 pos 5,5 stuck 0
RC WALK 95 id 10 role raid pos 5,5 tgt 2,0 want NORTH
V527I SEALNT 96 ph 2 fwd 1 hv 1
RC POS 96 id 6 seat 1 role expand fs 0 body 1 pos 7,3 stuck 0
RC WALK 96 id 6 role expand pos 7,3 tgt 5,0 want EAST
RC POS 96 id 10 seat 3 role raid fs 1 body 2 pos 5,4 stuck 0
V527I SEALNT 97 ph 2 fwd 1 hv 1
RC POS 97 id 6 seat 1 role expand fs 0 body 1 pos 8,3 stuck 0
RC WALK 97 id 6 role expand pos 8,3 tgt 5,0 want SOUTH
RC POS 97 id 10 seat 3 role raid fs 1 body 2 pos 5,5 stuck 0
RC WALK 97 id 10 role raid pos 5,5 tgt 2,0 want NORTH
V527I SEALNT 98 ph 2 fwd 1 hv 1
RC POS 98 id 6 seat 1 role expand fs 0 body 1 pos 8,4 stuck 0
RC WALK 98 id 6 role expand pos 8,4 tgt 5,0 want WEST
RC POS 98 id 10 seat 3 role raid fs 1 body 2 pos 5,4 stuck 0
V527I SEALNT 99 ph 2 fwd 1 hv 1
RC POS 99 id 6 seat 1 role expand fs 0 body 1 pos 7,4 stuck 0
RC WALK 99 id 6 role expand pos 7,4 tgt 5,0 want WEST
RC POS 99 id 10 seat 3 role raid fs 1 body 2 pos 5,5 stuck 0
RC WALK 99 id 10 role raid pos 5,5 tgt 2,0 want NORTH
V527I SEALNT 100 ph 2 fwd 1 hv 1
RC POS 100 id 6 seat 1 role expand fs 0 body 1 pos 6,4 stuck 0
RC WALK 100 id 6 role expand pos 6,4 tgt 5,0 want NORTH
RC POS 100 id 10 seat 3 role raid fs 1 body 2 pos 5,4 stuck 0
V527I SEALNT 101 ph 2 fwd 1 hv 1
RC POS 101 id 6 seat 1 role expand fs 0 body 1 pos 6,3 stuck 0
RC WALK 101 id 6 role expand pos 6,3 tgt 5,0 want NORTH
RC POS 101 id 10 seat 3 role raid fs 1 body 2 pos 5,5 stuck 0
RC WALK 101 id 10 role raid pos 5,5 tgt 2,0 want NORTH
V527I SEALNT 102 ph 2 fwd 1 hv 1
RC POS 102 id 6 seat 1 role expand fs 0 body 1 pos 7,3 stuck 0
RC WALK 102 id 6 role expand pos 7,3 tgt 5,0 want EAST
V527I SEALNT 103 ph 2 fwd 1 hv 1
RC POS 103 id 6 seat 1 role expand fs 0 body 1 pos 8,3 stuck 0
RC WALK 103 id 6 role expand pos 8,3 tgt 5,0 want SOUTH
V527I SEALNT 104 ph 2 fwd 1 hv 1
RC POS 104 id 6 seat 1 role expand fs 0 body 1 pos 8,4 stuck 0
RC WALK 104 id 6 role expand pos 8,4 tgt 5,0 want WEST
V527I SEALNT 105 ph 2 fwd 1 hv 1
RC POS 105 id 6 seat 1 role expand fs 0 body 1 pos 7,4 stuck 0
RC WALK 105 id 6 role expand pos 7,4 tgt 5,0 want WEST
V527I SEALNT 106 ph 2 fwd 1 hv 1
RC POS 106 id 6 seat 1 role expand fs 0 body 1 pos 6,4 stuck 0
RC WALK 106 id 6 role expand pos 6,4 tgt 5,0 want NORTH
V527I SEALNT 107 ph 2 fwd 1 hv 1
RC POS 107 id 6 seat 1 role expand fs 0 body 1 pos 6,3 stuck 0
RC WALK 107 id 6 role expand pos 6,3 tgt 5,0 want NORTH
V527I SEALNT 108 ph 2 fwd 1 hv 1
RC POS 108 id 6 seat 1 role expand fs 0 body 1 pos 7,3 stuck 0
RC WALK 108 id 6 role expand pos 7,3 tgt 5,0 want EAST
V527I SEALNT 109 ph 2 fwd 1 hv 1
RC POS 109 id 6 seat 1 role expand fs 0 body 1 pos 8,3 stuck 0
RC WALK 109 id 6 role expand pos 8,3 tgt 5,0 want SOUTH
V527I SEALNT 110 ph 2 fwd 1 hv 1
RC POS 110 id 6 seat 1 role expand fs 0 body 1 pos 8,4 stuck 0
RC WALK 110 id 6 role expand pos 8,4 tgt 5,0 want WEST
V527I SEALNT 111 ph 2 fwd 1 hv 1
RC POS 111 id 6 seat 1 role expand fs 0 body 1 pos 7,4 stuck 0
RC WALK 111 id 6 role expand pos 7,4 tgt 5,0 want WEST
V527I SEALNT 112 ph 2 fwd 1 hv 1
RC POS 112 id 6 seat 1 role expand fs 0 body 1 pos 6,4 stuck 0
RC WALK 112 id 6 role expand pos 6,4 tgt 5,0 want NORTH
V527I SEALNT 113 ph 2 fwd 1 hv 1
V527I SEALNT 114 ph 2 fwd 1 hv 1
V527I SEALNT 115 ph 2 fwd 1 hv 1
V527I SEALNT 116 ph 2 fwd 1 hv 1
V527I SEALNT 117 ph 2 fwd 1 hv 1
V527I SEALNT 118 ph 2 fwd 1 hv 1
V527I SEALNT 119 ph 2 fwd 1 hv 1
V527I SEALNT 120 ph 2 fwd 1 hv 1
V527I SEALNT 121 ph 2 fwd 1 hv 1
V527I SEALNT 122 ph 2 fwd 1 hv 1
V527I SEALNT 123 ph 2 fwd 1 hv 1
V527I SEALNT 124 ph 2 fwd 1 hv 1
V527I SEALNT 125 ph 2 fwd 1 hv 1
V527I SEALNT 126 ph 2 fwd 1 hv 1
V527I SEALNT 127 ph 2 fwd 1 hv 1
V527I SEALNT 128 ph 2 fwd 1 hv 1
V527I SEALNT 129 ph 2 fwd 1 hv 1
V527I SEALNT 130 ph 2 fwd 1 hv 1
V527I SEALNT 131 ph 2 fwd 1 hv 1
V527I SEALNT 132 ph 2 fwd 1 hv 1
V527I SEALNT 133 ph 2 fwd 1 hv 1
V527I SEALNT 134 ph 2 fwd 1 hv 1
V527I SEALNT 135 ph 2 fwd 1 hv 1
V527I SEALNT 136 ph 2 fwd 1 hv 1
V527I SEALNT 137 ph 2 fwd 1 hv 1
V527I SEALNT 138 ph 2 fwd 1 hv 1
V527I SEALNT 139 ph 2 fwd 1 hv 1
V527I SEALNT 140 ph 2 fwd 1 hv 1
V527I SEALNT 141 ph 2 fwd 1 hv 1
V527I SEALNT 142 ph 2 fwd 1 hv 1
V527I SEALNT 143 ph 2 fwd 1 hv 1
V527I SEALNT 144 ph 2 fwd 1 hv 1
V527I SEALNT 145 ph 2 fwd 1 hv 1
V527I SEALNT 146 ph 2 fwd 1 hv 1
V527I SEALNT 147 ph 2 fwd 1 hv 1
V527I SEALNT 148 ph 2 fwd 1 hv 1
V527I SEALNT 149 ph 2 fwd 1 hv 1
V527I SEALNT 150 ph 2 fwd 1 hv 1
V527I SEALNT 151 ph 2 fwd 1 hv 1
V527I SEALNT 152 ph 2 fwd 1 hv 1
V527I SEALNT 153 ph 2 fwd 1 hv 1
V527I SEALNT 154 ph 2 fwd 1 hv 1
V527I SEALNT 155 ph 2 fwd 1 hv 1
V527I SEALNT 156 ph 2 fwd 1 hv 1
V527I SEALNT 157 ph 2 fwd 1 hv 1
V527I SEALNT 158 ph 2 fwd 1 hv 1
V527I SEALNT 159 ph 2 fwd 1 hv 1
V527I SEALNT 160 ph 2 fwd 1 hv 1
V527I SEALNT 161 ph 2 fwd 1 hv 1
V527I SEALNT 162 ph 2 fwd 1 hv 1
V527I SEALNT 163 ph 2 fwd 1 hv 1
V527I SEALNT 164 ph 2 fwd 1 hv 1
V527I SEALNT 165 ph 2 fwd 1 hv 1
V527I SEALNT 166 ph 2 fwd 1 hv 1
V527I SEALNT 167 ph 2 fwd 1 hv 1
V527I SEALNT 168 ph 2 fwd 1 hv 1
V527I SEALNT 169 ph 2 fwd 1 hv 1
V527I SEALNT 170 ph 2 fwd 1 hv 1
V527I SEALNT 171 ph 2 fwd 1 hv 1
V527I SEALNT 172 ph 2 fwd 1 hv 1
V527I SEALNT 173 ph 2 fwd 1 hv 1
RC SEAT 173 id 105 seat 5
RC POS 173 id 105 seat 5 role raid fs 1 body 1 pos 8,6 stuck 0
V527I SEALNT 174 ph 1 fwd 1 hv 1
RC POS 174 id 105 seat 5 role raid fs 1 body 1 pos 8,6 stuck 1
V527I SEALNT 175 ph 1 fwd 1 hv 1
RC POS 175 id 105 seat 5 role raid fs 1 body 1 pos 4,2 stuck 0
V527I SEALNT 176 ph 2 fwd 1 hv 1
RC POS 176 id 105 seat 5 role raid fs 1 body 1 pos 4,2 stuck 1
RC WALK 176 id 105 role raid pos 4,2 tgt 4,1 want NORTH
V527I SEALNT 177 ph 2 fwd 1 hv 1
RC POS 177 id 105 seat 5 role raid fs 1 body 1 pos 4,1 stuck 0
V527I SEALNT 178 ph 2 fwd 1 hv 1
RC POS 178 id 105 seat 5 role raid fs 1 body 1 pos 4,1 stuck 1
V527I SEALNT 179 ph 2 fwd 1 hv 1
RC POS 179 id 105 seat 5 role raid fs 1 body 1 pos 4,1 stuck 2
V527I SEALNT 180 ph 2 fwd 1 hv 1
RC POS 180 id 105 seat 5 role raid fs 1 body 1 pos 4,1 stuck 3
V527I SEALNT 181 ph 2 fwd 1 hv 1
RC POS 181 id 105 seat 5 role raid fs 1 body 1 pos 4,1 stuck 4
V527I SEALNT 182 ph 2 fwd 1 hv 1
RC POS 182 id 105 seat 5 role raid fs 1 body 1 pos 4,1 stuck 5
V527I SEALNT 183 ph 2 fwd 1 hv 1
RC POS 183 id 105 seat 5 role raid fs 1 body 1 pos 4,1 stuck 6
V527I SEALNT 184 ph 2 fwd 1 hv 1
RC POS 184 id 105 seat 5 role raid fs 1 body 1 pos 4,1 stuck 7
V527I SEALNT 185 ph 2 fwd 1 hv 1
RC POS 185 id 105 seat 5 role raid fs 1 body 1 pos 4,1 stuck 8
RC WALK 185 id 105 role raid pos 4,1 tgt 4,2 want SOUTH
V527I SEALNT 186 ph 2 fwd 1 hv 1
RC POS 186 id 105 seat 5 role raid fs 1 body 1 pos 4,2 stuck 0
V527I SEALNT 187 ph 2 fwd 1 hv 1
RC POS 187 id 105 seat 5 role raid fs 1 body 1 pos 4,2 stuck 1
V527I SEALNT 188 ph 2 fwd 1 hv 1
RC POS 188 id 105 seat 5 role raid fs 1 body 1 pos 4,2 stuck 2
RC WALK 188 id 105 role raid pos 4,2 tgt 1,4 want WEST
V527I SEALNT 189 ph 2 fwd 1 hv 1
RC POS 189 id 105 seat 5 role raid fs 1 body 1 pos 4,1 stuck 0
V527I SEALNT 190 ph 2 fwd 1 hv 1
V527I SEALNT 191 ph 2 fwd 1 hv 1
V527I SEALNT 192 ph 2 fwd 1 hv 1
V527I SEALNT 193 ph 2 fwd 1 hv 1
V527I SEALNT 194 ph 2 fwd 1 hv 1
V527I SEALNT 195 ph 2 fwd 1 hv 1
V527I SEALNT 196 ph 2 fwd 1 hv 1
V527I SEALNT 197 ph 2 fwd 1 hv 1
V527I SEALNT 198 ph 2 fwd 1 hv 1
V527I SEALNT 199 ph 2 fwd 1 hv 1
V527I SEALNT 200 ph 2 fwd 1 hv 1
V527I SEALNT 201 ph 2 fwd 1 hv 1
V527I SEALNT 202 ph 2 fwd 1 hv 1
V527I SEALNT 203 ph 2 fwd 1 hv 1
V527I SEALNT 204 ph 2 fwd 1 hv 1
V527I SEALNT 205 ph 2 fwd 1 hv 1
V527I SEALNT 206 ph 2 fwd 1 hv 1
V527I SEALNT 207 ph 2 fwd 1 hv 1
V527I SEALNT 208 ph 2 fwd 1 hv 1
V527I SEALNT 209 ph 2 fwd 1 hv 1
V527I SEALNT 210 ph 2 fwd 1 hv 1
V527I SEALNT 211 ph 2 fwd 1 hv 1
V527I SEALNT 212 ph 2 fwd 1 hv 1
V527I SEALNT 213 ph 2 fwd 1 hv 1
RC SEAT 213 id 144 seat 6
RC POS 213 id 144 seat 6 role raid fs 1 body 1 pos 5,5 stuck 0
RC WALK 213 id 144 role raid pos 5,5 tgt 4,3 want NORTH
V527I SEALNT 214 ph 2 fwd 1 hv 1
RC POS 214 id 144 seat 6 role raid fs 1 body 1 pos 5,4 stuck 0
V527I SEALNT 215 ph 2 fwd 1 hv 1
RC POS 215 id 144 seat 6 role raid fs 1 body 1 pos 5,5 stuck 0
RC WALK 215 id 144 role raid pos 5,5 tgt 4,3 want NORTH
V527I SEALNT 216 ph 2 fwd 1 hv 1
RC POS 216 id 144 seat 6 role raid fs 1 body 1 pos 5,4 stuck 0
V527I SEALNT 217 ph 2 fwd 1 hv 1
RC POS 217 id 144 seat 6 role raid fs 1 body 1 pos 5,5 stuck 0
RC WALK 217 id 144 role raid pos 5,5 tgt 4,3 want NORTH
V527I SEALNT 218 ph 2 fwd 1 hv 1
V527I SEALNT 219 ph 2 fwd 1 hv 1
V527I SEALNT 220 ph 2 fwd 1 hv 1
V527I SEALNT 221 ph 2 fwd 1 hv 1
V527I SEALNT 222 ph 2 fwd 1 hv 1
V527I SEALNT 223 ph 2 fwd 1 hv 1
V527I SEALNT 224 ph 2 fwd 1 hv 1
V527I SEALNT 225 ph 2 fwd 1 hv 1
V527I SEALNT 226 ph 2 fwd 1 hv 1
V527I SEALNT 227 ph 2 fwd 1 hv 1
V527I SEALNT 228 ph 2 fwd 1 hv 1
V527I SEALNT 229 ph 2 fwd 1 hv 1
V527I SEALNT 230 ph 2 fwd 1 hv 1
V527I SEALNT 231 ph 2 fwd 1 hv 1
RC SEAT 231 id 159 seat 7
RC POS 231 id 159 seat 7 role raid fs 1 body 1 pos 8,5 stuck 0
V527I SEALNT 232 ph 1 fwd 1 hv 1
RC POS 232 id 159 seat 7 role raid fs 1 body 1 pos 8,5 stuck 1
V527I SEALNT 233 ph 1 fwd 1 hv 1
RC POS 233 id 159 seat 7 role raid fs 1 body 1 pos 4,1 stuck 0
V527I SEALNT 234 ph 2 fwd 1 hv 1
RC POS 234 id 159 seat 7 role raid fs 1 body 1 pos 4,2 stuck 0
V527I SEALNT 235 ph 2 fwd 1 hv 1
RC POS 235 id 159 seat 7 role raid fs 1 body 1 pos 4,2 stuck 1
RC WALK 235 id 159 role raid pos 4,2 tgt 4,1 want NORTH
V527I SEALNT 236 ph 2 fwd 1 hv 1
V527I SEALNT 237 ph 2 fwd 1 hv 1
V527I SEALNT 238 ph 2 fwd 1 hv 1
V527I SEALNT 239 ph 2 fwd 1 hv 1
V527I SEALNT 240 ph 2 fwd 1 hv 1
V527I SEALNT 241 ph 2 fwd 1 hv 1
V527I SEALNT 242 ph 2 fwd 1 hv 1
V527I SEALNT 243 ph 2 fwd 1 hv 1
V527I SEALNT 244 ph 2 fwd 1 hv 1
V527I SEALNT 245 ph 2 fwd 1 hv 1
V527I SEALNT 246 ph 2 fwd 1 hv 1
V527I SEALNT 247 ph 2 fwd 1 hv 1
V527I SEALNT 248 ph 2 fwd 1 hv 1
V527I SEALNT 249 ph 2 fwd 1 hv 1
V527I SEALNT 250 ph 2 fwd 1 hv 1
V527I SEALNT 251 ph 2 fwd 1 hv 1
V527I SEALNT 252 ph 2 fwd 1 hv 1
V527I SEALNT 253 ph 2 fwd 1 hv 1
V527I SEALNT 254 ph 2 fwd 1 hv 1
V527I SEALNT 255 ph 2 fwd 1 hv 1
V527I SEALNT 256 ph 2 fwd 1 hv 1
V527I SEALNT 257 ph 2 fwd 1 hv 1
RC SEAT 257 id 182 seat 8
RC POS 257 id 182 seat 8 role raid fs 1 body 1 pos 8,5 stuck 0
V527I SEALNT 258 ph 1 fwd 1 hv 1
RC POS 258 id 182 seat 8 role raid fs 1 body 1 pos 8,5 stuck 1
V527I SEALNT 259 ph 1 fwd 1 hv 1
RC POS 259 id 182 seat 8 role raid fs 1 body 1 pos 4,1 stuck 0
V527I SEALNT 260 ph 2 fwd 1 hv 1
RC POS 260 id 182 seat 8 role raid fs 1 body 1 pos 4,2 stuck 0
V527I SEALNT 261 ph 2 fwd 1 hv 1
RC POS 261 id 182 seat 8 role raid fs 1 body 1 pos 4,2 stuck 1
RC WALK 261 id 182 role raid pos 4,2 tgt 4,1 want NORTH
V527I SEALNT 262 ph 2 fwd 1 hv 1
V527I SEALNT 263 ph 2 fwd 1 hv 1
V527I SEALNT 264 ph 2 fwd 1 hv 1
V527I SEALNT 265 ph 2 fwd 1 hv 1
V527I SEALNT 266 ph 2 fwd 1 hv 1
V527I SEALNT 267 ph 2 fwd 1 hv 1
V527I SEALNT 268 ph 2 fwd 1 hv 1
V527I SEALNT 269 ph 2 fwd 1 hv 1
V527I SEALNT 270 ph 2 fwd 1 hv 1
V527I SEALNT 271 ph 2 fwd 1 hv 1
V527I SEALNT 272 ph 2 fwd 1 hv 1
V527I SEALNT 273 ph 2 fwd 1 hv 1
V527I SEALNT 274 ph 2 fwd 1 hv 1
V527I SEALNT 275 ph 2 fwd 1 hv 1
