Running match: _v488beltbreak2 vs dose_ctl528
  Map: glacierkeep.map26  Seed: 302  Replay: 
scratchpad/s51_v529_build/dose/dose_ctl528_glacierkeep_s302_B.replay26  TLE: 
10ms
Completed turn 0
Completed turn 100
Completed turn 200
Completed turn 300
Completed turn 400
Completed turn 500
Completed turn 600
Completed turn 700
Completed turn 800
Completed turn 900
Replay written to 
scratchpad/s51_v529_build/dose/dose_ctl528_glacierkeep_s302_B.replay26

  Winner: _v488beltbreak2  (Titanium stored (tiebreak), turn 1000)

               _v488beltbreak2     dose_ctl528  
  Titanium        42 (0 mined)    17 (0 mined)  
  Units                      7               7  
  Buildings                 31              33  

