Update available: 2.3.6 -> 2.3.8. Run: pip install --upgrade fcode
RC MAP w 14 h 18 ours 6,4 theirs 6,12
V527I SEALNT 0 ph 0 fwd 0 hv 0
V527I SEALNT 1 ph 0 fwd 0 hv 0
RC SEAT 1 id 3 seat 0
RC POS 1 id 3 seat 0 role raid fs 1 body 1 pos 6,6 stuck 0
V527I SEALNT 2 ph 1 fwd 0 hv 0
RC POS 2 id 3 seat 0 role raid fs 1 body 1 pos 6,6 stuck 1
RC SEAT 2 id 5 seat 1
RC POS 2 id 5 seat 1 role expand fs 0 body 1 pos 7,3 stuck 0
V528 CONN r 2 id 5 at 7,2 chosen 3 best 3 regret 0 cands 11 role expand seat 1
V527I SEALNT 3 ph 1 fwd 0 hv 1
RC POS 3 id 3 seat 0 role raid fs 1 body 1 pos 6,6 stuck 2
RC POS 3 id 5 seat 1 role expand fs 0 body 1 pos 7,3 stuck 1
RC SEAT 3 id 7 seat 2
RC POS 3 id 7 seat 2 role expand fs 0 body 1 pos 6,3 stuck 0
V527I SEALNT 4 ph 1 fwd 0 hv 1
RC POS 4 id 3 seat 0 role raid fs 1 body 1 pos 6,6 stuck 3
RC POS 4 id 5 seat 1 role expand fs 0 body 1 pos 8,3 stuck 0
V528 PICK r 4 id 5 tgt 9,0 cs 19 bs 19 reg 0 cc 5 bc 5 cands 2 banned 0 regall 0 seat 1
RC WALK 4 id 5 role expand pos 8,3 tgt 8,0 want NORTH
RC POS 4 id 7 seat 2 role expand fs 0 body 1 pos 6,3 stuck 1
V528 PICK r 4 id 7 tgt 5,1 cs 12 bs 12 reg 0 cc 3 bc 3 cands 3 banned 0 regall 0 seat 2
RC WALK 4 id 7 role expand pos 6,3 tgt 5,2 want WEST
RC SEAT 4 id 10 seat 3
RC POS 4 id 10 seat 3 role raid fs 1 body 2 pos 5,6 stuck 0
V527I SEALNT 5 ph 1 fwd 0 hv 1
RC POS 5 id 3 seat 0 role raid fs 1 body 1 pos 6,6 stuck 4
RC POS 5 id 5 seat 1 role expand fs 0 body 1 pos 8,2 stuck 0
RC WALK 5 id 5 role expand pos 8,2 tgt 8,0 want NORTH
RC POS 5 id 7 seat 2 role expand fs 0 body 1 pos 5,3 stuck 0
RC WALK 5 id 7 role expand pos 5,3 tgt 5,2 want NORTH
RC POS 5 id 10 seat 3 role raid fs 1 body 2 pos 5,6 stuck 1
V527I SEALNT 6 ph 1 fwd 0 hv 1
RC POS 6 id 3 seat 0 role raid fs 1 body 1 pos 6,6 stuck 5
RC POS 6 id 5 seat 1 role expand fs 0 body 1 pos 8,1 stuck 0
RC WALK 6 id 5 role expand pos 8,1 tgt 8,0 want NORTH
RC POS 6 id 7 seat 2 role expand fs 0 body 1 pos 5,2 stuck 0
V528 CONN r 6 id 7 at 5,1 chosen 3 best 3 regret 0 cands 2 role expand seat 2
RC POS 6 id 10 seat 3 role raid fs 1 body 2 pos 5,6 stuck 2
V527I SEALNT 7 ph 1 fwd 0 hv 2
RC POS 7 id 3 seat 0 role raid fs 1 body 1 pos 5,11 stuck 0
RC POS 7 id 5 seat 1 role expand fs 0 body 1 pos 8,0 stuck 0
V528 CONN r 7 id 5 at 9,0 chosen 5 best 5 regret 0 cands 1 role expand seat 1
RC POS 7 id 7 seat 2 role expand fs 0 body 1 pos 5,2 stuck 1
RC POS 7 id 10 seat 3 role raid fs 1 body 2 pos 6,6 stuck 0
V527I SEALNT 8 ph 2 fwd 0 hv 3
RC POS 8 id 3 seat 0 role raid fs 1 body 1 pos 5,11 stuck 1
RC POS 8 id 5 seat 1 role expand fs 0 body 1 pos 8,0 stuck 1
RC POS 8 id 7 seat 2 role expand fs 0 body 1 pos 5,2 stuck 2
RC POS 8 id 10 seat 3 role raid fs 1 body 2 pos 6,11 stuck 0
V527 SELFCUT 8 n 1
V527I SEALNT 9 ph 2 fwd 0 hv 3
RC POS 9 id 3 seat 0 role raid fs 1 body 1 pos 5,11 stuck 2
V527 BUNKER HOLD 9 why trapped blk gate
RC WALK 9 id 3 role raid pos 5,11 tgt 8,11 want EAST
RC POS 9 id 5 seat 1 role expand fs 0 body 1 pos 8,0 stuck 2
RC POS 9 id 7 seat 2 role expand fs 0 body 1 pos 5,3 stuck 0
RC POS 9 id 10 seat 3 role raid fs 1 body 2 pos 6,11 stuck 1
RC WALK 9 id 10 role raid pos 6,11 tgt 6,15 want NORTH
RC SEAT 9 id 27 seat 4
RC POS 9 id 27 seat 4 role defend fs 0 body 1 pos 8,3 stuck 0
RC WALK 9 id 27 role defend pos 8,3 tgt 11,2 want SOUTH
V527I SEALNT 10 ph 2 fwd 0 hv 3
RC POS 10 id 3 seat 0 role raid fs 1 body 1 pos 5,11 stuck 4
RC POS 10 id 5 seat 1 role expand fs 0 body 1 pos 8,1 stuck 0
RC POS 10 id 7 seat 2 role expand fs 0 body 1 pos 5,3 stuck 1
RC POS 10 id 10 seat 3 role raid fs 1 body 2 pos 6,10 stuck 0
RC WALK 10 id 10 role raid pos 6,10 tgt 8,12 want NORTH
RC POS 10 id 27 seat 4 role defend fs 0 body 1 pos 8,4 stuck 0
RC WALK 10 id 27 role defend pos 8,4 tgt 11,2 want SOUTH
V527I SEALNT 11 ph 2 fwd 0 hv 3
RC POS 11 id 3 seat 0 role raid fs 1 body 1 pos 6,11 stuck 0
RC POS 11 id 5 seat 1 role expand fs 0 body 1 pos 8,1 stuck 1
RC POS 11 id 7 seat 2 role expand fs 0 body 1 pos 5,3 stuck 2
RC WALK 11 id 7 role expand pos 5,3 tgt 5,2 want NORTH
RC POS 11 id 10 seat 3 role raid fs 1 body 2 pos 6,9 stuck 0
RC WALK 11 id 10 role raid pos 6,9 tgt 8,11 want EAST
RC POS 11 id 27 seat 4 role defend fs 0 body 1 pos 8,5 stuck 0
RC WALK 11 id 27 role defend pos 8,5 tgt 11,2 want SOUTH
V527I SEALNT 12 ph 2 fwd 0 hv 3
RC POS 12 id 3 seat 0 role raid fs 1 body 1 pos 6,11 stuck 1
RC WALK 12 id 3 role raid pos 6,11 tgt 8,11 want NORTH
RC POS 12 id 5 seat 1 role expand fs 0 body 1 pos 8,1 stuck 2
RC WALK 12 id 5 role expand pos 8,1 tgt 8,3 want SOUTH
RC POS 12 id 7 seat 2 role expand fs 0 body 1 pos 5,2 stuck 0
V528 PICK r 12 id 7 tgt 12,2 cs 34 bs 34 reg 0 cc 9 bc 9 cands 2 banned 0 regall 0 seat 2
RC WALK 12 id 7 role expand pos 5,2 tgt 12,2 want EAST
RC POS 12 id 10 seat 3 role raid fs 1 body 2 pos 7,9 stuck 0
RC WALK 12 id 10 role raid pos 7,9 tgt 8,11 want SOUTH
RC POS 12 id 27 seat 4 role defend fs 0 body 1 pos 8,6 stuck 0
RC WALK 12 id 27 role defend pos 8,6 tgt 11,2 want EAST
V527I SEALNT 13 ph 2 fwd 0 hv 3
RC POS 13 id 3 seat 0 role raid fs 1 body 1 pos 6,10 stuck 0
RC POS 13 id 5 seat 1 role expand fs 0 body 1 pos 8,2 stuck 0
RC POS 13 id 7 seat 2 role expand fs 0 body 1 pos 6,2 stuck 0
RC WALK 13 id 7 role expand pos 6,2 tgt 12,2 want SOUTH
RC POS 13 id 10 seat 3 role raid fs 1 body 2 pos 7,10 stuck 0
RC WALK 13 id 10 role raid pos 7,10 tgt 8,11 want EAST
RC POS 13 id 27 seat 4 role defend fs 0 body 1 pos 9,6 stuck 0
RC WALK 13 id 27 role defend pos 9,6 tgt 11,2 want EAST
V527I SEALNT 14 ph 2 fwd 0 hv 3
RC POS 14 id 3 seat 0 role raid fs 1 body 1 pos 6,10 stuck 1
RC WALK 14 id 3 role raid pos 6,10 tgt 8,11 want EAST
RC POS 14 id 5 seat 1 role expand fs 0 body 1 pos 8,2 stuck 1
RC WALK 14 id 5 role expand pos 8,2 tgt 8,4 want SOUTH
RC POS 14 id 7 seat 2 role expand fs 0 body 1 pos 6,3 stuck 0
RC WALK 14 id 7 role expand pos 6,3 tgt 12,2 want WEST
RC POS 14 id 10 seat 3 role raid fs 1 body 2 pos 8,10 stuck 0
RC WALK 14 id 10 role raid pos 8,10 tgt 8,11 want SOUTH
RC POS 14 id 27 seat 4 role defend fs 0 body 1 pos 10,6 stuck 0
RC WALK 14 id 27 role defend pos 10,6 tgt 11,2 want NORTH
V527I SEALNT 15 ph 2 fwd 0 hv 3
RC POS 15 id 3 seat 0 role raid fs 1 body 1 pos 7,10 stuck 0
RC WALK 15 id 3 role raid pos 7,10 tgt 8,12 want WEST
RC POS 15 id 5 seat 1 role expand fs 0 body 1 pos 8,3 stuck 0
RC POS 15 id 7 seat 2 role expand fs 0 body 1 pos 5,3 stuck 0
RC WALK 15 id 7 role expand pos 5,3 tgt 12,2 want SOUTH
RC POS 15 id 10 seat 3 role raid fs 1 body 2 pos 8,11 stuck 0
V527 SELFCUT 15 n 2
RC POS 15 id 27 seat 4 role defend fs 0 body 1 pos 10,5 stuck 0
RC WALK 15 id 27 role defend pos 10,5 tgt 11,2 want NORTH
V527I SEALNT 16 ph 2 fwd 0 hv 3
RC POS 16 id 3 seat 0 role raid fs 1 body 1 pos 6,10 stuck 0
RC WALK 16 id 3 role raid pos 6,10 tgt 6,14 want NORTH
RC POS 16 id 5 seat 1 role expand fs 0 body 1 pos 8,3 stuck 1
RC WALK 16 id 5 role expand pos 8,3 tgt 8,4 want SOUTH
RC POS 16 id 7 seat 2 role expand fs 0 body 1 pos 5,4 stuck 0
RC WALK 16 id 7 role expand pos 5,4 tgt 12,2 want SOUTH
RC POS 16 id 10 seat 3 role raid fs 1 body 2 pos 8,11 stuck 1
RC WALK 16 id 10 role raid pos 8,11 tgt 8,14 want NORTH
RC POS 16 id 27 seat 4 role defend fs 0 body 1 pos 10,4 stuck 0
RC WALK 16 id 27 role defend pos 10,4 tgt 11,2 want NORTH
V527I SEALNT 17 ph 2 fwd 0 hv 3
RC POS 17 id 3 seat 0 role raid fs 1 body 1 pos 6,9 stuck 0
RC WALK 17 id 3 role raid pos 6,9 tgt 6,14 want WEST
RC POS 17 id 5 seat 1 role expand fs 0 body 1 pos 8,4 stuck 0
V528 PICK r 17 id 5 tgt 5,16 cs 48 bs 48 reg 0 cc 11 bc 11 cands 1 banned 0 regall 0 seat 1
RC WALK 17 id 5 role expand pos 8,4 tgt 5,16 want SOUTH
RC POS 17 id 7 seat 2 role expand fs 0 body 1 pos 5,5 stuck 0
RC WALK 17 id 7 role expand pos 5,5 tgt 12,2 want SOUTH
RC POS 17 id 10 seat 3 role raid fs 1 body 2 pos 8,10 stuck 0
RC WALK 17 id 10 role raid pos 8,10 tgt 8,14 want WEST
RC POS 17 id 27 seat 4 role defend fs 0 body 1 pos 10,3 stuck 0
RC WALK 17 id 27 role defend pos 10,3 tgt 11,2 want EAST
V527I SEALNT 18 ph 2 fwd 0 hv 3
RC POS 18 id 3 seat 0 role raid fs 1 body 1 pos 5,9 stuck 0
RC POS 18 id 5 seat 1 role expand fs 0 body 1 pos 8,5 stuck 0
RC WALK 18 id 5 role expand pos 8,5 tgt 5,16 want SOUTH
RC POS 18 id 7 seat 2 role expand fs 0 body 1 pos 5,6 stuck 0
RC WALK 18 id 7 role expand pos 5,6 tgt 12,2 want EAST
RC POS 18 id 10 seat 3 role raid fs 1 body 2 pos 7,10 stuck 0
RC WALK 18 id 10 role raid pos 7,10 tgt 7,14 want NORTH
RC POS 18 id 27 seat 4 role defend fs 0 body 1 pos 11,3 stuck 0
RC WALK 18 id 27 role defend pos 11,3 tgt 12,3 want EAST
V527I SEALNT 19 ph 2 fwd 0 hv 3
RC POS 19 id 3 seat 0 role raid fs 1 body 1 pos 6,9 stuck 0
RC WALK 19 id 3 role raid pos 6,9 tgt 6,14 want WEST
RC POS 19 id 5 seat 1 role expand fs 0 body 1 pos 8,6 stuck 0
RC WALK 19 id 5 role expand pos 8,6 tgt 5,16 want SOUTH
RC POS 19 id 7 seat 2 role expand fs 0 body 1 pos 6,6 stuck 0
RC WALK 19 id 7 role expand pos 6,6 tgt 12,2 want EAST
RC POS 19 id 10 seat 3 role raid fs 1 body 2 pos 7,9 stuck 0
RC WALK 19 id 10 role raid pos 7,9 tgt 7,14 want WEST
RC POS 19 id 27 seat 4 role defend fs 0 body 1 pos 12,3 stuck 0
RC WALK 19 id 27 role defend pos 12,3 tgt 11,2 want WEST
V527I SEALNT 20 ph 2 fwd 0 hv 3
RC POS 20 id 5 seat 1 role expand fs 0 body 1 pos 8,7 stuck 0
RC WALK 20 id 5 role expand pos 8,7 tgt 5,16 want SOUTH
RC POS 20 id 7 seat 2 role expand fs 0 body 1 pos 7,6 stuck 0
RC WALK 20 id 7 role expand pos 7,6 tgt 12,2 want EAST
RC POS 20 id 10 seat 3 role raid fs 1 body 2 pos 6,9 stuck 0
RC WALK 20 id 10 role raid pos 6,9 tgt 6,14 want WEST
RC POS 20 id 27 seat 4 role defend fs 0 body 1 pos 11,3 stuck 0
V528 CONN r 20 id 27 at 12,3 chosen 10 best 0 regret 10 cands 9 role defend seat 4
V527I SEALNT 21 ph 2 fwd 0 hv 4
RC POS 21 id 5 seat 1 role expand fs 0 body 1 pos 8,8 stuck 0
RC WALK 21 id 5 role expand pos 8,8 tgt 5,16 want WEST
RC POS 21 id 7 seat 2 role expand fs 0 body 1 pos 8,6 stuck 0
RC WALK 21 id 7 role expand pos 8,6 tgt 12,2 want EAST
RC POS 21 id 10 seat 3 role raid fs 1 body 2 pos 5,9 stuck 0
RC POS 21 id 27 seat 4 role defend fs 0 body 1 pos 11,3 stuck 1
V527I SEALNT 22 ph 2 fwd 0 hv 4
RC POS 22 id 5 seat 1 role expand fs 0 body 1 pos 7,8 stuck 0
RC WALK 22 id 5 role expand pos 7,8 tgt 5,16 want WEST
RC POS 22 id 7 seat 2 role expand fs 0 body 1 pos 9,6 stuck 0
RC WALK 22 id 7 role expand pos 9,6 tgt 12,2 want EAST
RC POS 22 id 10 seat 3 role raid fs 1 body 2 pos 6,9 stuck 0
RC WALK 22 id 10 role raid pos 6,9 tgt 6,14 want WEST
RC POS 22 id 27 seat 4 role defend fs 0 body 1 pos 11,3 stuck 2
V527I SEALNT 23 ph 2 fwd 0 hv 4
RC POS 23 id 5 seat 1 role expand fs 0 body 1 pos 6,8 stuck 0
RC WALK 23 id 5 role expand pos 6,8 tgt 5,16 want WEST
RC POS 23 id 7 seat 2 role expand fs 0 body 1 pos 10,6 stuck 0
RC WALK 23 id 7 role expand pos 10,6 tgt 11,2 want NORTH
RC POS 23 id 10 seat 3 role raid fs 1 body 2 pos 5,9 stuck 0
RC POS 23 id 27 seat 4 role defend fs 0 body 1 pos 10,3 stuck 0
V527I SEALNT 24 ph 2 fwd 0 hv 4
RC POS 24 id 5 seat 1 role expand fs 0 body 1 pos 5,8 stuck 0
RC WALK 24 id 5 role expand pos 5,8 tgt 5,16 want SOUTH
RC POS 24 id 7 seat 2 role expand fs 0 body 1 pos 10,5 stuck 0
RC WALK 24 id 7 role expand pos 10,5 tgt 11,2 want NORTH
RC POS 24 id 10 seat 3 role raid fs 1 body 2 pos 6,9 stuck 0
RC WALK 24 id 10 role raid pos 6,9 tgt 6,14 want NORTH
RC POS 24 id 27 seat 4 role defend fs 0 body 1 pos 10,3 stuck 1
V527I SEALNT 25 ph 2 fwd 0 hv 4
RC POS 25 id 5 seat 1 role expand fs 0 body 1 pos 5,9 stuck 0
RC WALK 25 id 5 role expand pos 5,9 tgt 5,16 want WEST
RC POS 25 id 7 seat 2 role expand fs 0 body 1 pos 10,4 stuck 0
RC WALK 25 id 7 role expand pos 10,4 tgt 11,2 want EAST
RC POS 25 id 10 seat 3 role raid fs 1 body 2 pos 6,8 stuck 0
RC WALK 25 id 10 role raid pos 6,8 tgt 6,14 want WEST
RC POS 25 id 27 seat 4 role defend fs 0 body 1 pos 10,3 stuck 2
RC WALK 25 id 27 role defend pos 10,3 tgt 10,5 want SOUTH
V527I SEALNT 26 ph 2 fwd 0 hv 4
RC POS 26 id 5 seat 1 role expand fs 0 body 1 pos 4,9 stuck 0
RC WALK 26 id 5 role expand pos 4,9 tgt 4,10 want SOUTH
RC POS 26 id 7 seat 2 role expand fs 0 body 1 pos 11,4 stuck 0
RC WALK 26 id 7 role expand pos 11,4 tgt 11,2 want NORTH
RC POS 26 id 10 seat 3 role raid fs 1 body 2 pos 5,8 stuck 0
RC WALK 26 id 10 role raid pos 5,8 tgt 5,14 want SOUTH
RC POS 26 id 27 seat 4 role defend fs 0 body 1 pos 10,4 stuck 0
V527I SEALNT 27 ph 2 fwd 0 hv 4
RC POS 27 id 5 seat 1 role expand fs 0 body 1 pos 4,10 stuck 0
V528 CONN r 27 id 5 at 3,10 chosen 7 best 0 regret 7 cands 3 role expand seat 1
RC POS 27 id 7 seat 2 role expand fs 0 body 1 pos 11,3 stuck 0
RC WALK 27 id 7 role expand pos 11,3 tgt 11,2 want NORTH
RC POS 27 id 27 seat 4 role defend fs 0 body 1 pos 10,4 stuck 1
RC WALK 27 id 27 role defend pos 10,4 tgt 10,6 want SOUTH
V527I SEALNT 28 ph 2 fwd 0 hv 5
RC POS 28 id 7 seat 2 role expand fs 0 body 1 pos 11,2 stuck 0
V528 PICK r 28 id 7 tgt 5,1 cs 7 bs 7 reg 0 cc 0 bc 0 cands 3 banned 0 regall 0 seat 2
RC WALK 28 id 7 role expand pos 11,2 tgt 12,2 want EAST
RC POS 28 id 27 seat 4 role defend fs 0 body 1 pos 10,5 stuck 0
V527I SEALNT 29 ph 2 fwd 0 hv 5
RC POS 29 id 7 seat 2 role expand fs 0 body 1 pos 12,2 stuck 0
V528 PICK r 29 id 7 tgt 5,1 cs 8 bs 8 reg 0 cc 0 bc 0 cands 3 banned 0 regall 0 seat 2
RC WALK 29 id 7 role expand pos 12,2 tgt 5,1 want WEST
RC POS 29 id 27 seat 4 role defend fs 0 body 1 pos 10,5 stuck 1
RC WALK 29 id 27 role defend pos 10,5 tgt 9,6 want SOUTH
V527I SEALNT 30 ph 2 fwd 0 hv 5
RC POS 30 id 7 seat 2 role expand fs 0 body 1 pos 11,2 stuck 0
V528 CONN r 30 id 7 at 12,2 chosen 8 best 0 regret 8 cands 2 role expand seat 2
RC POS 30 id 27 seat 4 role defend fs 0 body 1 pos 10,6 stuck 0
V527I SEALNT 31 ph 2 fwd 0 hv 6
RC POS 31 id 7 seat 2 role expand fs 0 body 1 pos 11,2 stuck 1
RC POS 31 id 27 seat 4 role defend fs 0 body 1 pos 10,6 stuck 1
RC WALK 31 id 27 role defend pos 10,6 tgt 8,6 want WEST
V527I SEALNT 32 ph 2 fwd 0 hv 6
RC POS 32 id 7 seat 2 role expand fs 0 body 1 pos 11,3 stuck 0
RC POS 32 id 27 seat 4 role defend fs 0 body 1 pos 9,6 stuck 0
V527I SEALNT 33 ph 2 fwd 0 hv 6
RC POS 33 id 7 seat 2 role expand fs 0 body 1 pos 11,3 stuck 1
RC WALK 33 id 7 role expand pos 11,3 tgt 10,4 want WEST
RC POS 33 id 27 seat 4 role defend fs 0 body 1 pos 9,6 stuck 1
RC WALK 33 id 27 role defend pos 9,6 tgt 7,6 want SOUTH
V527I SEALNT 34 ph 2 fwd 0 hv 6
RC POS 34 id 7 seat 2 role expand fs 0 body 1 pos 10,3 stuck 0
RC WALK 34 id 7 role expand pos 10,3 tgt 10,5 want SOUTH
RC POS 34 id 27 seat 4 role defend fs 0 body 1 pos 9,7 stuck 0
RC WALK 34 id 27 role defend pos 9,7 tgt 5,8 want WEST
V527I SEALNT 35 ph 2 fwd 0 hv 6
RC POS 35 id 7 seat 2 role expand fs 0 body 1 pos 10,4 stuck 0
RC WALK 35 id 7 role expand pos 10,4 tgt 10,6 want SOUTH
RC POS 35 id 27 seat 4 role defend fs 0 body 1 pos 8,7 stuck 0
RC WALK 35 id 27 role defend pos 8,7 tgt 6,8 want WEST
V527I SEALNT 36 ph 2 fwd 0 hv 6
RC POS 36 id 7 seat 2 role expand fs 0 body 1 pos 10,5 stuck 0
RC WALK 36 id 7 role expand pos 10,5 tgt 9,6 want SOUTH
RC POS 36 id 27 seat 4 role defend fs 0 body 1 pos 7,7 stuck 0
RC WALK 36 id 27 role defend pos 7,7 tgt 7,8 want CENTRE
V527I SEALNT 37 ph 2 fwd 0 hv 6
RC POS 37 id 7 seat 2 role expand fs 0 body 1 pos 10,6 stuck 0
RC WALK 37 id 7 role expand pos 10,6 tgt 8,6 want WEST
RC POS 37 id 27 seat 4 role defend fs 0 body 1 pos 7,7 stuck 1
RC WALK 37 id 27 role defend pos 7,7 tgt 6,8 want WEST
V527I SEALNT 38 ph 2 fwd 0 hv 6
RC POS 38 id 7 seat 2 role expand fs 0 body 1 pos 9,6 stuck 0
RC WALK 38 id 7 role expand pos 9,6 tgt 7,6 want SOUTH
RC POS 38 id 27 seat 4 role defend fs 0 body 1 pos 6,7 stuck 0
RC WALK 38 id 27 role defend pos 6,7 tgt 6,8 want CENTRE
V527I SEALNT 39 ph 2 fwd 0 hv 6
RC POS 39 id 7 seat 2 role expand fs 0 body 1 pos 9,7 stuck 0
RC WALK 39 id 7 role expand pos 9,7 tgt 7,6 want SOUTH
RC POS 39 id 27 seat 4 role defend fs 0 body 1 pos 6,7 stuck 1
RC WALK 39 id 27 role defend pos 6,7 tgt 7,7 want CENTRE
V527I SEALNT 40 ph 2 fwd 0 hv 6
RC POS 40 id 7 seat 2 role expand fs 0 body 1 pos 9,8 stuck 0
RC WALK 40 id 7 role expand pos 9,8 tgt 7,6 want SOUTH
RC POS 40 id 27 seat 4 role defend fs 0 body 1 pos 6,7 stuck 2
RC WALK 40 id 27 role defend pos 6,7 tgt 7,7 want CENTRE
V527I SEALNT 41 ph 2 fwd 0 hv 6
RC POS 41 id 7 seat 2 role expand fs 0 body 1 pos 9,9 stuck 0
RC WALK 41 id 7 role expand pos 9,9 tgt 7,6 want WEST
RC POS 41 id 27 seat 4 role defend fs 0 body 1 pos 6,7 stuck 3
RC WALK 41 id 27 role defend pos 6,7 tgt 7,6 want NORTH
V527I SEALNT 42 ph 2 fwd 0 hv 6
RC POS 42 id 7 seat 2 role expand fs 0 body 1 pos 8,9 stuck 0
RC WALK 42 id 7 role expand pos 8,9 tgt 7,6 want NORTH
RC POS 42 id 27 seat 4 role defend fs 0 body 1 pos 6,6 stuck 0
RC WALK 42 id 27 role defend pos 6,6 tgt 7,6 want CENTRE
V527I SEALNT 43 ph 2 fwd 0 hv 6
RC POS 43 id 7 seat 2 role expand fs 0 body 1 pos 8,8 stuck 0
RC WALK 43 id 7 role expand pos 8,8 tgt 7,6 want NORTH
RC POS 43 id 27 seat 4 role defend fs 0 body 1 pos 6,6 stuck 1
RC WALK 43 id 27 role defend pos 6,6 tgt 7,6 want CENTRE
V527I SEALNT 44 ph 2 fwd 0 hv 6
RC POS 44 id 7 seat 2 role expand fs 0 body 1 pos 8,7 stuck 0
RC WALK 44 id 7 role expand pos 8,7 tgt 7,6 want WEST
RC POS 44 id 27 seat 4 role defend fs 0 body 1 pos 6,6 stuck 2
RC WALK 44 id 27 role defend pos 6,6 tgt 7,6 want CENTRE
V527I SEALNT 45 ph 2 fwd 0 hv 6
RC POS 45 id 7 seat 2 role expand fs 0 body 1 pos 8,8 stuck 0
RC WALK 45 id 7 role expand pos 8,8 tgt 7,6 want NORTH
RC POS 45 id 27 seat 4 role defend fs 0 body 1 pos 6,6 stuck 3
RC WALK 45 id 27 role defend pos 6,6 tgt 7,6 want CENTRE
V527I SEALNT 46 ph 2 fwd 0 hv 6
RC POS 46 id 7 seat 2 role expand fs 0 body 1 pos 8,7 stuck 0
RC WALK 46 id 7 role expand pos 8,7 tgt 7,6 want WEST
RC POS 46 id 27 seat 4 role defend fs 0 body 1 pos 6,6 stuck 4
RC WALK 46 id 27 role defend pos 6,6 tgt 7,6 want CENTRE
V527I SEALNT 47 ph 2 fwd 0 hv 6
RC POS 47 id 7 seat 2 role expand fs 0 body 1 pos 8,8 stuck 0
RC WALK 47 id 7 role expand pos 8,8 tgt 7,6 want NORTH
RC POS 47 id 27 seat 4 role defend fs 0 body 1 pos 6,6 stuck 5
RC WALK 47 id 27 role defend pos 6,6 tgt 3,7 want WEST
V527I SEALNT 48 ph 2 fwd 0 hv 6
RC POS 48 id 7 seat 2 role expand fs 0 body 1 pos 8,7 stuck 0
RC WALK 48 id 7 role expand pos 8,7 tgt 7,6 want WEST
RC POS 48 id 27 seat 4 role defend fs 0 body 1 pos 5,6 stuck 0
RC WALK 48 id 27 role defend pos 5,6 tgt 4,7 want WEST
V527I SEALNT 49 ph 2 fwd 0 hv 6
RC POS 49 id 7 seat 2 role expand fs 0 body 1 pos 7,7 stuck 0
RC POS 49 id 27 seat 4 role defend fs 0 body 1 pos 4,6 stuck 0
RC WALK 49 id 27 role defend pos 4,6 tgt 4,7 want SOUTH
V527I SEALNT 50 ph 2 fwd 0 hv 6
RC POS 50 id 7 seat 2 role expand fs 0 body 1 pos 7,7 stuck 1
RC WALK 50 id 7 role expand pos 7,7 tgt 7,6 want NORTH
RC POS 50 id 27 seat 4 role defend fs 0 body 1 pos 4,7 stuck 0
RC WALK 50 id 27 role defend pos 4,7 tgt 3,7 want CENTRE
V527I SEALNT 51 ph 2 fwd 0 hv 6
RC POS 51 id 7 seat 2 role expand fs 0 body 1 pos 7,6 stuck 0
V528 PICK r 51 id 7 tgt 5,1 cs 7 bs 7 reg 0 cc 0 bc 0 cands 3 banned 0 regall 0 seat 2
RC WALK 51 id 7 role expand pos 7,6 tgt 5,1 want SOUTH
RC POS 51 id 27 seat 4 role defend fs 0 body 1 pos 4,7 stuck 1
RC WALK 51 id 27 role defend pos 4,7 tgt 3,7 want CENTRE
V527I SEALNT 52 ph 2 fwd 0 hv 6
RC POS 52 id 7 seat 2 role expand fs 0 body 1 pos 7,7 stuck 0
RC WALK 52 id 7 role expand pos 7,7 tgt 5,1 want SOUTH
RC POS 52 id 27 seat 4 role defend fs 0 body 1 pos 4,7 stuck 2
RC WALK 52 id 27 role defend pos 4,7 tgt 3,7 want CENTRE
V527I SEALNT 53 ph 2 fwd 0 hv 6
RC POS 53 id 7 seat 2 role expand fs 0 body 1 pos 7,8 stuck 0
RC WALK 53 id 7 role expand pos 7,8 tgt 5,1 want WEST
RC POS 53 id 27 seat 4 role defend fs 0 body 1 pos 4,7 stuck 3
RC WALK 53 id 27 role defend pos 4,7 tgt 3,7 want CENTRE
V527I SEALNT 54 ph 2 fwd 0 hv 6
RC POS 54 id 7 seat 2 role expand fs 0 body 1 pos 6,8 stuck 0
RC WALK 54 id 7 role expand pos 6,8 tgt 5,1 want WEST
RC POS 54 id 27 seat 4 role defend fs 0 body 1 pos 4,7 stuck 4
RC WALK 54 id 27 role defend pos 4,7 tgt 3,7 want CENTRE
V527I SEALNT 55 ph 2 fwd 0 hv 6
RC POS 55 id 7 seat 2 role expand fs 0 body 1 pos 5,8 stuck 0
RC WALK 55 id 7 role expand pos 5,8 tgt 5,1 want WEST
RC POS 55 id 27 seat 4 role defend fs 0 body 1 pos 4,7 stuck 5
RC WALK 55 id 27 role defend pos 4,7 tgt 3,7 want CENTRE
V527I SEALNT 56 ph 2 fwd 0 hv 6
RC POS 56 id 7 seat 2 role expand fs 0 body 1 pos 4,8 stuck 0
RC WALK 56 id 7 role expand pos 4,8 tgt 5,1 want WEST
RC POS 56 id 27 seat 4 role defend fs 0 body 1 pos 4,7 stuck 1
RC WALK 56 id 27 role defend pos 4,7 tgt 3,7 want CENTRE
V527I SEALNT 57 ph 2 fwd 0 hv 6
RC POS 57 id 7 seat 2 role expand fs 0 body 1 pos 3,8 stuck 0
RC WALK 57 id 7 role expand pos 3,8 tgt 5,1 want WEST
RC POS 57 id 27 seat 4 role defend fs 0 body 1 pos 4,7 stuck 2
RC WALK 57 id 27 role defend pos 4,7 tgt 3,7 want CENTRE
V527I SEALNT 58 ph 2 fwd 0 hv 6
RC POS 58 id 7 seat 2 role expand fs 0 body 1 pos 2,8 stuck 0
RC WALK 58 id 7 role expand pos 2,8 tgt 5,1 want NORTH
RC POS 58 id 27 seat 4 role defend fs 0 body 1 pos 4,7 stuck 3
RC WALK 58 id 27 role defend pos 4,7 tgt 3,7 want WEST
V527I SEALNT 59 ph 2 fwd 0 hv 6
RC POS 59 id 7 seat 2 role expand fs 0 body 1 pos 2,7 stuck 0
RC WALK 59 id 7 role expand pos 2,7 tgt 5,1 want NORTH
RC POS 59 id 27 seat 4 role defend fs 0 body 1 pos 3,7 stuck 0
RC WALK 59 id 27 role defend pos 3,7 tgt 4,7 want EAST
V527I SEALNT 60 ph 2 fwd 0 hv 6
RC POS 60 id 7 seat 2 role expand fs 0 body 1 pos 2,6 stuck 0
RC WALK 60 id 7 role expand pos 2,6 tgt 3,6 want EAST
RC POS 60 id 27 seat 4 role defend fs 0 body 1 pos 4,7 stuck 0
RC WALK 60 id 27 role defend pos 4,7 tgt 3,7 want WEST
V527I SEALNT 61 ph 2 fwd 0 hv 6
RC POS 61 id 7 seat 2 role expand fs 0 body 1 pos 3,6 stuck 0
V528 PICK r 61 id 7 tgt 5,1 cs 7 bs 7 reg 0 cc 0 bc 0 cands 3 banned 0 regall 0 seat 2
RC WALK 61 id 7 role expand pos 3,6 tgt 5,1 want NORTH
RC POS 61 id 27 seat 4 role defend fs 0 body 1 pos 3,7 stuck 0
RC WALK 61 id 27 role defend pos 3,7 tgt 6,8 want EAST
V527I SEALNT 62 ph 2 fwd 0 hv 6
RC POS 62 id 7 seat 2 role expand fs 0 body 1 pos 3,5 stuck 0
RC WALK 62 id 7 role expand pos 3,5 tgt 5,2 want NORTH
RC POS 62 id 27 seat 4 role defend fs 0 body 1 pos 4,7 stuck 0
RC WALK 62 id 27 role defend pos 4,7 tgt 7,6 want EAST
V527I SEALNT 63 ph 2 fwd 0 hv 6
RC POS 63 id 7 seat 2 role expand fs 0 body 1 pos 3,4 stuck 0
RC WALK 63 id 7 role expand pos 3,4 tgt 5,2 want EAST
RC POS 63 id 27 seat 4 role defend fs 0 body 1 pos 4,8 stuck 0
RC WALK 63 id 27 role defend pos 4,8 tgt 7,6 want EAST
V527I SEALNT 64 ph 2 fwd 0 hv 6
RC POS 64 id 7 seat 2 role expand fs 0 body 1 pos 4,4 stuck 0
RC WALK 64 id 7 role expand pos 4,4 tgt 5,2 want NORTH
RC POS 64 id 27 seat 4 role defend fs 0 body 1 pos 5,8 stuck 0
RC WALK 64 id 27 role defend pos 5,8 tgt 8,8 want EAST
V527I SEALNT 65 ph 2 fwd 0 hv 6
RC POS 65 id 7 seat 2 role expand fs 0 body 1 pos 4,3 stuck 0
RC WALK 65 id 7 role expand pos 4,3 tgt 5,2 want EAST
RC POS 65 id 27 seat 4 role defend fs 0 body 1 pos 6,8 stuck 0
RC WALK 65 id 27 role defend pos 6,8 tgt 7,8 want CENTRE
V527I SEALNT 66 ph 2 fwd 0 hv 6
RC POS 66 id 7 seat 2 role expand fs 0 body 1 pos 5,3 stuck 0
RC WALK 66 id 7 role expand pos 5,3 tgt 6,3 want EAST
RC POS 66 id 27 seat 4 role defend fs 0 body 1 pos 6,8 stuck 1
RC WALK 66 id 27 role defend pos 6,8 tgt 7,6 want NORTH
V527I SEALNT 67 ph 2 fwd 0 hv 6
RC POS 67 id 27 seat 4 role defend fs 0 body 1 pos 6,7 stuck 0
RC WALK 67 id 27 role defend pos 6,7 tgt 7,6 want EAST
V527I SEALNT 68 ph 2 fwd 0 hv 6
RC POS 68 id 27 seat 4 role defend fs 0 body 1 pos 6,8 stuck 0
V527I SEALNT 69 ph 2 fwd 0 hv 6
RC POS 69 id 27 seat 4 role defend fs 0 body 1 pos 6,8 stuck 1
RC WALK 69 id 27 role defend pos 6,8 tgt 7,6 want NORTH
V527I SEALNT 70 ph 2 fwd 0 hv 6
RC POS 70 id 27 seat 4 role defend fs 0 body 1 pos 6,7 stuck 0
RC WALK 70 id 27 role defend pos 6,7 tgt 7,6 want NORTH
V527I SEALNT 71 ph 2 fwd 0 hv 6
V527I SEALNT 72 ph 2 fwd 0 hv 6
V527I SEALNT 73 ph 2 fwd 0 hv 6
V527I SEALNT 74 ph 2 fwd 0 hv 6
V527I SEALNT 75 ph 2 fwd 0 hv 6
V527I SEALNT 76 ph 2 fwd 0 hv 6
V527I SEALNT 77 ph 2 fwd 0 hv 6
V527I SEALNT 78 ph 2 fwd 0 hv 6
V527I SEALNT 79 ph 2 fwd 0 hv 6
V527I SEALNT 80 ph 2 fwd 0 hv 6
RC POS 80 id 27 seat 4 role defend fs 0 body 1 pos 6,6 stuck 9
RC WALK 80 id 27 role defend pos 6,6 tgt 4,7 want WEST
V527I SEALNT 81 ph 2 fwd 0 hv 6
RC POS 81 id 7 seat 2 role expand fs 0 body 1 pos 6,3 stuck 14
V528 PICK r 81 id 7 tgt 12,2 cs 19 bs 19 reg 0 cc 4 bc 4 cands 2 banned 0 regall 0 seat 2
RC WALK 81 id 7 role expand pos 6,3 tgt 12,2 want WEST
RC POS 81 id 27 seat 4 role defend fs 0 body 1 pos 5,6 stuck 0
V527I SEALNT 82 ph 2 fwd 0 hv 6
RC POS 82 id 7 seat 2 role expand fs 0 body 1 pos 5,3 stuck 0
RC WALK 82 id 7 role expand pos 5,3 tgt 12,2 want SOUTH
RC POS 82 id 27 seat 4 role defend fs 0 body 1 pos 5,6 stuck 1
RC WALK 82 id 27 role defend pos 5,6 tgt 4,7 want EAST
V527I SEALNT 83 ph 2 fwd 0 hv 6
RC POS 83 id 7 seat 2 role expand fs 0 body 1 pos 5,4 stuck 0
RC WALK 83 id 7 role expand pos 5,4 tgt 12,2 want WEST
RC POS 83 id 27 seat 4 role defend fs 0 body 1 pos 6,6 stuck 0
RC WALK 83 id 27 role defend pos 6,6 tgt 4,7 want SOUTH
V527I SEALNT 84 ph 2 fwd 0 hv 6
RC POS 84 id 7 seat 2 role expand fs 0 body 1 pos 4,4 stuck 0
RC WALK 84 id 7 role expand pos 4,4 tgt 12,2 want WEST
RC POS 84 id 27 seat 4 role defend fs 0 body 1 pos 6,7 stuck 0
RC WALK 84 id 27 role defend pos 6,7 tgt 4,7 want SOUTH
V527I SEALNT 85 ph 2 fwd 0 hv 6
RC POS 85 id 7 seat 2 role expand fs 0 body 1 pos 3,4 stuck 0
RC WALK 85 id 7 role expand pos 3,4 tgt 12,2 want EAST
RC POS 85 id 27 seat 4 role defend fs 0 body 1 pos 6,8 stuck 0
RC WALK 85 id 27 role defend pos 6,8 tgt 4,7 want WEST
V527I SEALNT 86 ph 2 fwd 0 hv 6
RC POS 86 id 7 seat 2 role expand fs 0 body 1 pos 4,4 stuck 0
RC WALK 86 id 7 role expand pos 4,4 tgt 12,2 want WEST
RC POS 86 id 27 seat 4 role defend fs 0 body 1 pos 5,8 stuck 0
RC WALK 86 id 27 role defend pos 5,8 tgt 4,7 want WEST
V527I SEALNT 87 ph 2 fwd 0 hv 6
RC POS 87 id 7 seat 2 role expand fs 0 body 1 pos 3,4 stuck 0
RC WALK 87 id 7 role expand pos 3,4 tgt 12,2 want EAST
RC POS 87 id 27 seat 4 role defend fs 0 body 1 pos 4,8 stuck 0
RC WALK 87 id 27 role defend pos 4,8 tgt 4,7 want NORTH
V527I SEALNT 88 ph 2 fwd 0 hv 6
RC POS 88 id 7 seat 2 role expand fs 0 body 1 pos 4,4 stuck 0
RC WALK 88 id 7 role expand pos 4,4 tgt 12,2 want WEST
RC POS 88 id 27 seat 4 role defend fs 0 body 1 pos 4,7 stuck 0
RC WALK 88 id 27 role defend pos 4,7 tgt 3,7 want WEST
V527I SEALNT 89 ph 2 fwd 0 hv 6
RC POS 89 id 7 seat 2 role expand fs 0 body 1 pos 3,4 stuck 0
RC WALK 89 id 7 role expand pos 3,4 tgt 12,2 want EAST
RC POS 89 id 27 seat 4 role defend fs 0 body 1 pos 3,7 stuck 0
V527I SEALNT 90 ph 2 fwd 0 hv 6
RC POS 90 id 7 seat 2 role expand fs 0 body 1 pos 4,4 stuck 0
RC WALK 90 id 7 role expand pos 4,4 tgt 12,2 want EAST
RC POS 90 id 27 seat 4 role defend fs 0 body 1 pos 3,7 stuck 1
RC WALK 90 id 27 role defend pos 3,7 tgt 4,7 want EAST
V527I SEALNT 91 ph 2 fwd 0 hv 6
RC POS 91 id 7 seat 2 role expand fs 0 body 1 pos 5,4 stuck 0
RC WALK 91 id 7 role expand pos 5,4 tgt 12,2 want SOUTH
RC POS 91 id 27 seat 4 role defend fs 0 body 1 pos 4,7 stuck 0
RC WALK 91 id 27 role defend pos 4,7 tgt 3,9 want SOUTH
V527I SEALNT 92 ph 2 fwd 0 hv 6
RC POS 92 id 7 seat 2 role expand fs 0 body 1 pos 5,5 stuck 0
RC WALK 92 id 7 role expand pos 5,5 tgt 12,2 want SOUTH
RC POS 92 id 27 seat 4 role defend fs 0 body 1 pos 4,8 stuck 0
RC WALK 92 id 27 role defend pos 4,8 tgt 4,9 want CENTRE
V527I SEALNT 93 ph 2 fwd 0 hv 6
RC POS 93 id 7 seat 2 role expand fs 0 body 1 pos 5,6 stuck 0
RC WALK 93 id 7 role expand pos 5,6 tgt 12,2 want EAST
RC POS 93 id 27 seat 4 role defend fs 0 body 1 pos 4,8 stuck 1
RC WALK 93 id 27 role defend pos 4,8 tgt 4,9 want CENTRE
V527I SEALNT 94 ph 2 fwd 0 hv 6
RC POS 94 id 7 seat 2 role expand fs 0 body 1 pos 6,6 stuck 0
RC WALK 94 id 7 role expand pos 6,6 tgt 12,2 want EAST
RC POS 94 id 27 seat 4 role defend fs 0 body 1 pos 4,8 stuck 2
RC WALK 94 id 27 role defend pos 4,8 tgt 4,9 want CENTRE
V527I SEALNT 95 ph 2 fwd 0 hv 6
RC POS 95 id 7 seat 2 role expand fs 0 body 1 pos 7,6 stuck 0
RC WALK 95 id 7 role expand pos 7,6 tgt 12,2 want SOUTH
RC POS 95 id 27 seat 4 role defend fs 0 body 1 pos 4,8 stuck 3
RC WALK 95 id 27 role defend pos 4,8 tgt 4,9 want CENTRE
V527I SEALNT 96 ph 2 fwd 0 hv 6
RC POS 96 id 7 seat 2 role expand fs 0 body 1 pos 7,7 stuck 0
RC WALK 96 id 7 role expand pos 7,7 tgt 12,2 want EAST
RC POS 96 id 27 seat 4 role defend fs 0 body 1 pos 4,8 stuck 4
RC WALK 96 id 27 role defend pos 4,8 tgt 4,7 want NORTH
V527I SEALNT 97 ph 2 fwd 0 hv 6
RC POS 97 id 7 seat 2 role expand fs 0 body 1 pos 8,7 stuck 0
RC WALK 97 id 7 role expand pos 8,7 tgt 12,2 want EAST
RC POS 97 id 27 seat 4 role defend fs 0 body 1 pos 4,7 stuck 0
V528 CONN r 97 id 27 at 3,7 chosen 4 best 0 regret 4 cands 10 role defend seat 4
RC WALK 97 id 27 role defend pos 4,7 tgt 3,6 want SOUTH
V527I SEALNT 98 ph 2 fwd 0 hv 7
RC POS 98 id 7 seat 2 role expand fs 0 body 1 pos 9,7 stuck 0
RC WALK 98 id 7 role expand pos 9,7 tgt 12,2 want NORTH
RC POS 98 id 27 seat 4 role defend fs 0 body 1 pos 4,7 stuck 2
RC WALK 98 id 27 role defend pos 4,7 tgt 3,6 want SOUTH
V527I SEALNT 99 ph 2 fwd 0 hv 7
RC POS 99 id 7 seat 2 role expand fs 0 body 1 pos 9,6 stuck 0
RC WALK 99 id 7 role expand pos 9,6 tgt 12,2 want EAST
RC POS 99 id 27 seat 4 role defend fs 0 body 1 pos 4,8 stuck 0
RC WALK 99 id 27 role defend pos 4,8 tgt 3,6 want WEST
V527I SEALNT 100 ph 2 fwd 0 hv 7
RC POS 100 id 7 seat 2 role expand fs 0 body 1 pos 10,6 stuck 0
RC WALK 100 id 7 role expand pos 10,6 tgt 11,2 want NORTH
RC POS 100 id 27 seat 4 role defend fs 0 body 1 pos 3,8 stuck 0
V527I SEALNT 101 ph 2 fwd 0 hv 7
RC POS 101 id 7 seat 2 role expand fs 0 body 1 pos 10,5 stuck 0
RC WALK 101 id 7 role expand pos 10,5 tgt 11,2 want NORTH
RC POS 101 id 27 seat 4 role defend fs 0 body 1 pos 3,8 stuck 1
RC WALK 101 id 27 role defend pos 3,8 tgt 3,6 want WEST
V527I SEALNT 102 ph 2 fwd 0 hv 7
RC POS 102 id 7 seat 2 role expand fs 0 body 1 pos 10,4 stuck 0
RC WALK 102 id 7 role expand pos 10,4 tgt 11,2 want NORTH
RC POS 102 id 27 seat 4 role defend fs 0 body 1 pos 2,8 stuck 0
RC WALK 102 id 27 role defend pos 2,8 tgt 3,6 want NORTH
V527I SEALNT 103 ph 2 fwd 0 hv 7
RC POS 103 id 7 seat 2 role expand fs 0 body 1 pos 10,3 stuck 0
RC WALK 103 id 7 role expand pos 10,3 tgt 11,2 want EAST
RC POS 103 id 27 seat 4 role defend fs 0 body 1 pos 2,7 stuck 0
RC WALK 103 id 27 role defend pos 2,7 tgt 3,6 want NORTH
V527I SEALNT 104 ph 2 fwd 0 hv 7
RC POS 104 id 7 seat 2 role expand fs 0 body 1 pos 11,3 stuck 0
RC WALK 104 id 7 role expand pos 11,3 tgt 11,2 want NORTH
RC POS 104 id 27 seat 4 role defend fs 0 body 1 pos 2,6 stuck 0
V527I SEALNT 105 ph 2 fwd 0 hv 7
RC POS 105 id 7 seat 2 role expand fs 0 body 1 pos 11,2 stuck 0
V528 PICK r 105 id 7 tgt 5,1 cs 7 bs 7 reg 0 cc 0 bc 0 cands 2 banned 0 regall 0 seat 2
RC WALK 105 id 7 role expand pos 11,2 tgt 5,1 want SOUTH
RC POS 105 id 27 seat 4 role defend fs 0 body 1 pos 2,6 stuck 1
RC WALK 105 id 27 role defend pos 2,6 tgt 3,5 want EAST
V527I SEALNT 106 ph 2 fwd 0 hv 7
RC POS 106 id 7 seat 2 role expand fs 0 body 1 pos 11,3 stuck 0
RC WALK 106 id 7 role expand pos 11,3 tgt 5,1 want WEST
RC POS 106 id 27 seat 4 role defend fs 0 body 1 pos 3,6 stuck 0
V527I SEALNT 107 ph 2 fwd 0 hv 7
RC POS 107 id 7 seat 2 role expand fs 0 body 1 pos 10,3 stuck 0
RC WALK 107 id 7 role expand pos 10,3 tgt 5,1 want SOUTH
RC POS 107 id 27 seat 4 role defend fs 0 body 1 pos 3,6 stuck 1
RC WALK 107 id 27 role defend pos 3,6 tgt 3,4 want NORTH
V527I SEALNT 108 ph 2 fwd 0 hv 7
RC POS 108 id 7 seat 2 role expand fs 0 body 1 pos 10,4 stuck 0
RC WALK 108 id 7 role expand pos 10,4 tgt 5,1 want SOUTH
RC POS 108 id 27 seat 4 role defend fs 0 body 1 pos 3,5 stuck 0
V527I SEALNT 109 ph 2 fwd 0 hv 7
RC POS 109 id 7 seat 2 role expand fs 0 body 1 pos 10,5 stuck 0
RC WALK 109 id 7 role expand pos 10,5 tgt 5,1 want SOUTH
RC POS 109 id 27 seat 4 role defend fs 0 body 1 pos 3,5 stuck 1
RC WALK 109 id 27 role defend pos 3,5 tgt 4,4 want NORTH
V527I SEALNT 110 ph 2 fwd 0 hv 7
RC POS 110 id 7 seat 2 role expand fs 0 body 1 pos 10,6 stuck 0
RC WALK 110 id 7 role expand pos 10,6 tgt 5,1 want WEST
RC POS 110 id 27 seat 4 role defend fs 0 body 1 pos 3,4 stuck 0
V527I SEALNT 111 ph 2 fwd 0 hv 7
RC POS 111 id 7 seat 2 role expand fs 0 body 1 pos 9,6 stuck 0
RC WALK 111 id 7 role expand pos 9,6 tgt 5,1 want SOUTH
RC POS 111 id 27 seat 4 role defend fs 0 body 1 pos 3,4 stuck 1
RC WALK 111 id 27 role defend pos 3,4 tgt 5,4 want EAST
V527I SEALNT 112 ph 2 fwd 0 hv 7
RC POS 112 id 7 seat 2 role expand fs 0 body 1 pos 9,7 stuck 0
RC WALK 112 id 7 role expand pos 9,7 tgt 5,1 want WEST
RC POS 112 id 27 seat 4 role defend fs 0 body 1 pos 4,4 stuck 0
RC WALK 112 id 27 role defend pos 4,4 tgt 5,4 want EAST
V527I SEALNT 113 ph 2 fwd 0 hv 7
RC POS 113 id 7 seat 2 role expand fs 0 body 1 pos 8,7 stuck 0
RC WALK 113 id 7 role expand pos 8,7 tgt 5,1 want WEST
RC POS 113 id 27 seat 4 role defend fs 0 body 1 pos 5,4 stuck 0
RC WALK 113 id 27 role defend pos 5,4 tgt 0,5 want WEST
V527I SEALNT 114 ph 2 fwd 0 hv 7
RC POS 114 id 7 seat 2 role expand fs 0 body 1 pos 7,7 stuck 0
RC WALK 114 id 7 role expand pos 7,7 tgt 5,1 want NORTH
RC POS 114 id 27 seat 4 role defend fs 0 body 1 pos 4,4 stuck 0
RC WALK 114 id 27 role defend pos 4,4 tgt 0,5 want WEST
V527I SEALNT 115 ph 2 fwd 0 hv 7
RC POS 115 id 7 seat 2 role expand fs 0 body 1 pos 7,6 stuck 0
RC WALK 115 id 7 role expand pos 7,6 tgt 5,1 want WEST
RC POS 115 id 27 seat 4 role defend fs 0 body 1 pos 3,4 stuck 0
RC WALK 115 id 27 role defend pos 3,4 tgt 0,5 want WEST
V527I SEALNT 116 ph 2 fwd 0 hv 7
RC POS 116 id 7 seat 2 role expand fs 0 body 1 pos 6,6 stuck 0
RC WALK 116 id 7 role expand pos 6,6 tgt 5,1 want WEST
RC POS 116 id 27 seat 4 role defend fs 0 body 1 pos 2,4 stuck 0
V527I SEALNT 117 ph 2 fwd 0 hv 7
RC POS 117 id 7 seat 2 role expand fs 0 body 1 pos 5,6 stuck 0
RC WALK 117 id 7 role expand pos 5,6 tgt 5,1 want NORTH
RC POS 117 id 27 seat 4 role defend fs 0 body 1 pos 2,4 stuck 1
RC WALK 117 id 27 role defend pos 2,4 tgt 0,5 want WEST
V527I SEALNT 118 ph 2 fwd 0 hv 7
RC POS 118 id 7 seat 2 role expand fs 0 body 1 pos 5,5 stuck 0
RC WALK 118 id 7 role expand pos 5,5 tgt 5,2 want NORTH
RC POS 118 id 27 seat 4 role defend fs 0 body 1 pos 1,4 stuck 0
RC WALK 118 id 27 role defend pos 1,4 tgt 0,5 want WEST
V527I SEALNT 119 ph 2 fwd 0 hv 7
RC POS 119 id 7 seat 2 role expand fs 0 body 1 pos 5,4 stuck 0
RC WALK 119 id 7 role expand pos 5,4 tgt 5,2 want NORTH
RC POS 119 id 27 seat 4 role defend fs 0 body 1 pos 0,4 stuck 0
RC WALK 119 id 27 role defend pos 0,4 tgt 0,5 want SOUTH
V527I SEALNT 120 ph 2 fwd 0 hv 7
RC POS 120 id 7 seat 2 role expand fs 0 body 1 pos 5,3 stuck 0
RC WALK 120 id 7 role expand pos 5,3 tgt 5,2 want NORTH
RC POS 120 id 27 seat 4 role defend fs 0 body 1 pos 0,5 stuck 0
RC WALK 120 id 27 role defend pos 0,5 tgt 0,0 want NORTH
V527I SEALNT 121 ph 2 fwd 0 hv 7
RC POS 121 id 7 seat 2 role expand fs 0 body 1 pos 5,2 stuck 0
V528 PICK r 121 id 7 tgt 12,2 cs 16 bs 16 reg 0 cc 3 bc 3 cands 2 banned 0 regall 0 seat 2
RC WALK 121 id 7 role expand pos 5,2 tgt 12,2 want EAST
RC POS 121 id 27 seat 4 role defend fs 0 body 1 pos 0,4 stuck 0
RC WALK 121 id 27 role defend pos 0,4 tgt 0,0 want NORTH
V527I SEALNT 122 ph 2 fwd 0 hv 7
RC POS 122 id 7 seat 2 role expand fs 0 body 1 pos 6,2 stuck 0
RC WALK 122 id 7 role expand pos 6,2 tgt 12,2 want SOUTH
RC POS 122 id 27 seat 4 role defend fs 0 body 1 pos 0,3 stuck 0
RC WALK 122 id 27 role defend pos 0,3 tgt 0,0 want NORTH
V527I SEALNT 123 ph 2 fwd 0 hv 7
RC POS 123 id 7 seat 2 role expand fs 0 body 1 pos 6,3 stuck 0
RC WALK 123 id 7 role expand pos 6,3 tgt 12,2 want WEST
RC POS 123 id 27 seat 4 role defend fs 0 body 1 pos 0,2 stuck 0
RC WALK 123 id 27 role defend pos 0,2 tgt 0,0 want NORTH
V527I SEALNT 124 ph 2 fwd 0 hv 7
RC POS 124 id 7 seat 2 role expand fs 0 body 1 pos 5,3 stuck 0
RC WALK 124 id 7 role expand pos 5,3 tgt 12,2 want SOUTH
RC POS 124 id 27 seat 4 role defend fs 0 body 1 pos 0,1 stuck 0
RC WALK 124 id 27 role defend pos 0,1 tgt 0,0 want NORTH
V527I SEALNT 125 ph 2 fwd 0 hv 7
RC POS 125 id 7 seat 2 role expand fs 0 body 1 pos 5,4 stuck 0
RC WALK 125 id 7 role expand pos 5,4 tgt 12,2 want SOUTH
RC POS 125 id 27 seat 4 role defend fs 0 body 1 pos 0,0 stuck 0
RC WALK 125 id 27 role defend pos 0,0 tgt 3,0 want EAST
V527I SEALNT 126 ph 2 fwd 0 hv 7
RC POS 126 id 7 seat 2 role expand fs 0 body 1 pos 5,5 stuck 0
RC WALK 126 id 7 role expand pos 5,5 tgt 12,2 want SOUTH
RC POS 126 id 27 seat 4 role defend fs 0 body 1 pos 1,0 stuck 0
RC WALK 126 id 27 role defend pos 1,0 tgt 3,0 want EAST
V527I SEALNT 127 ph 2 fwd 0 hv 7
RC POS 127 id 7 seat 2 role expand fs 0 body 1 pos 5,6 stuck 0
RC WALK 127 id 7 role expand pos 5,6 tgt 12,2 want EAST
RC POS 127 id 27 seat 4 role defend fs 0 body 1 pos 2,0 stuck 0
RC WALK 127 id 27 role defend pos 2,0 tgt 3,0 want CENTRE
V527I SEALNT 128 ph 2 fwd 0 hv 7
RC POS 128 id 7 seat 2 role expand fs 0 body 1 pos 6,6 stuck 0
RC WALK 128 id 7 role expand pos 6,6 tgt 12,2 want EAST
RC POS 128 id 27 seat 4 role defend fs 0 body 1 pos 2,0 stuck 1
RC WALK 128 id 27 role defend pos 2,0 tgt 3,0 want CENTRE
V527I SEALNT 129 ph 2 fwd 0 hv 7
RC POS 129 id 7 seat 2 role expand fs 0 body 1 pos 7,6 stuck 0
RC WALK 129 id 7 role expand pos 7,6 tgt 12,2 want SOUTH
RC POS 129 id 27 seat 4 role defend fs 0 body 1 pos 2,0 stuck 2
RC WALK 129 id 27 role defend pos 2,0 tgt 3,0 want CENTRE
V527I SEALNT 130 ph 2 fwd 0 hv 7
RC POS 130 id 7 seat 2 role expand fs 0 body 1 pos 7,7 stuck 0
RC WALK 130 id 7 role expand pos 7,7 tgt 12,2 want EAST
RC POS 130 id 27 seat 4 role defend fs 0 body 1 pos 2,0 stuck 3
RC WALK 130 id 27 role defend pos 2,0 tgt 3,0 want CENTRE
V527I SEALNT 131 ph 2 fwd 0 hv 7
RC POS 131 id 7 seat 2 role expand fs 0 body 1 pos 8,7 stuck 0
RC WALK 131 id 7 role expand pos 8,7 tgt 12,2 want EAST
RC POS 131 id 27 seat 4 role defend fs 0 body 1 pos 2,0 stuck 4
RC WALK 131 id 27 role defend pos 2,0 tgt 3,0 want CENTRE
V527I SEALNT 132 ph 2 fwd 0 hv 7
RC POS 132 id 7 seat 2 role expand fs 0 body 1 pos 9,7 stuck 0
RC WALK 132 id 7 role expand pos 9,7 tgt 12,2 want NORTH
RC POS 132 id 27 seat 4 role defend fs 0 body 1 pos 2,0 stuck 5
RC WALK 132 id 27 role defend pos 2,0 tgt 8,0 want SOUTH
V527I SEALNT 133 ph 2 fwd 0 hv 7
RC POS 133 id 7 seat 2 role expand fs 0 body 1 pos 9,6 stuck 0
RC WALK 133 id 7 role expand pos 9,6 tgt 12,2 want EAST
RC POS 133 id 27 seat 4 role defend fs 0 body 1 pos 2,1 stuck 0
RC WALK 133 id 27 role defend pos 2,1 tgt 8,0 want EAST
V527I SEALNT 134 ph 2 fwd 0 hv 7
RC POS 134 id 7 seat 2 role expand fs 0 body 1 pos 10,6 stuck 0
RC WALK 134 id 7 role expand pos 10,6 tgt 11,2 want NORTH
RC POS 134 id 27 seat 4 role defend fs 0 body 1 pos 3,1 stuck 0
RC WALK 134 id 27 role defend pos 3,1 tgt 8,0 want EAST
V527I SEALNT 135 ph 2 fwd 0 hv 7
RC POS 135 id 7 seat 2 role expand fs 0 body 1 pos 10,5 stuck 0
RC WALK 135 id 7 role expand pos 10,5 tgt 11,2 want NORTH
RC POS 135 id 27 seat 4 role defend fs 0 body 1 pos 4,1 stuck 0
RC WALK 135 id 27 role defend pos 4,1 tgt 8,0 want NORTH
V527I SEALNT 136 ph 2 fwd 0 hv 7
RC POS 136 id 7 seat 2 role expand fs 0 body 1 pos 10,4 stuck 0
RC WALK 136 id 7 role expand pos 10,4 tgt 11,2 want NORTH
RC POS 136 id 27 seat 4 role defend fs 0 body 1 pos 4,0 stuck 0
RC WALK 136 id 27 role defend pos 4,0 tgt 8,0 want EAST
V527I SEALNT 137 ph 2 fwd 0 hv 7
RC POS 137 id 7 seat 2 role expand fs 0 body 1 pos 10,3 stuck 0
RC WALK 137 id 7 role expand pos 10,3 tgt 11,2 want EAST
RC POS 137 id 27 seat 4 role defend fs 0 body 1 pos 5,0 stuck 0
RC WALK 137 id 27 role defend pos 5,0 tgt 8,0 want EAST
V527I SEALNT 138 ph 2 fwd 0 hv 7
RC POS 138 id 7 seat 2 role expand fs 0 body 1 pos 11,3 stuck 0
RC WALK 138 id 7 role expand pos 11,3 tgt 7,3 want WEST
RC POS 138 id 27 seat 4 role defend fs 0 body 1 pos 6,0 stuck 0
RC WALK 138 id 27 role defend pos 6,0 tgt 6,3 want SOUTH
V527I SEALNT 139 ph 2 fwd 0 hv 7
RC POS 139 id 7 seat 2 role expand fs 0 body 1 pos 10,3 stuck 0
RC WALK 139 id 7 role expand pos 10,3 tgt 7,3 want SOUTH
RC POS 139 id 27 seat 4 role defend fs 0 body 1 pos 6,1 stuck 0
V527I SEALNT 140 ph 2 fwd 0 hv 7
RC POS 140 id 7 seat 2 role expand fs 0 body 1 pos 10,4 stuck 0
RC WALK 140 id 7 role expand pos 10,4 tgt 7,3 want SOUTH
RC POS 140 id 27 seat 4 role defend fs 0 body 1 pos 6,1 stuck 1
RC WALK 140 id 27 role defend pos 6,1 tgt 6,3 want EAST
V527I SEALNT 141 ph 2 fwd 0 hv 7
RC POS 141 id 7 seat 2 role expand fs 0 body 1 pos 10,5 stuck 0
RC WALK 141 id 7 role expand pos 10,5 tgt 7,3 want SOUTH
RC POS 141 id 27 seat 4 role defend fs 0 body 1 pos 7,1 stuck 0
RC WALK 141 id 27 role defend pos 7,1 tgt 6,3 want EAST
V527I SEALNT 142 ph 2 fwd 0 hv 7
RC POS 142 id 7 seat 2 role expand fs 0 body 1 pos 10,6 stuck 0
RC WALK 142 id 7 role expand pos 10,6 tgt 7,3 want WEST
RC POS 142 id 27 seat 4 role defend fs 0 body 1 pos 8,1 stuck 0
RC WALK 142 id 27 role defend pos 8,1 tgt 6,3 want SOUTH
V527I SEALNT 143 ph 2 fwd 0 hv 7
RC POS 143 id 7 seat 2 role expand fs 0 body 1 pos 9,6 stuck 0
RC WALK 143 id 7 role expand pos 9,6 tgt 7,3 want SOUTH
RC POS 143 id 27 seat 4 role defend fs 0 body 1 pos 8,2 stuck 0
RC WALK 143 id 27 role defend pos 8,2 tgt 6,3 want SOUTH
V527I SEALNT 144 ph 2 fwd 0 hv 7
RC POS 144 id 7 seat 2 role expand fs 0 body 1 pos 9,7 stuck 0
RC WALK 144 id 7 role expand pos 9,7 tgt 7,3 want WEST
RC POS 144 id 27 seat 4 role defend fs 0 body 1 pos 8,3 stuck 0
RC WALK 144 id 27 role defend pos 8,3 tgt 6,3 want WEST
V527I SEALNT 145 ph 2 fwd 0 hv 7
RC POS 145 id 7 seat 2 role expand fs 0 body 1 pos 8,7 stuck 0
RC WALK 145 id 7 role expand pos 8,7 tgt 8,5 want WEST
V527I SEALNT 146 ph 2 fwd 0 hv 7
RC POS 146 id 7 seat 2 role expand fs 0 body 1 pos 7,7 stuck 0
RC WALK 146 id 7 role expand pos 7,7 tgt 8,5 want NORTH
V527I SEALNT 147 ph 2 fwd 0 hv 7
RC POS 147 id 7 seat 2 role expand fs 0 body 1 pos 7,6 stuck 0
V528 PICK r 147 id 7 tgt 5,1 cs 7 bs 7 reg 0 cc 0 bc 0 cands 3 banned 0 regall 0 seat 2
RC WALK 147 id 7 role expand pos 7,6 tgt 5,1 want WEST
RC POS 147 id 27 seat 4 role defend fs 0 body 1 pos 7,3 stuck 2
RC WALK 147 id 27 role defend pos 7,3 tgt 6,3 want WEST
V527I SEALNT 148 ph 2 fwd 0 hv 7
RC POS 148 id 7 seat 2 role expand fs 0 body 1 pos 6,6 stuck 0
RC WALK 148 id 7 role expand pos 6,6 tgt 5,1 want WEST
RC POS 148 id 27 seat 4 role defend fs 0 body 1 pos 6,3 stuck 0
RC WALK 148 id 27 role defend pos 6,3 tgt 13,0 want WEST
V527I SEALNT 149 ph 2 fwd 0 hv 7
RC POS 149 id 7 seat 2 role expand fs 0 body 1 pos 5,6 stuck 0
RC WALK 149 id 7 role expand pos 5,6 tgt 5,1 want NORTH
RC POS 149 id 27 seat 4 role defend fs 0 body 1 pos 5,3 stuck 0
RC WALK 149 id 27 role defend pos 5,3 tgt 13,0 want SOUTH
V527I SEALNT 150 ph 2 fwd 0 hv 7
RC POS 150 id 7 seat 2 role expand fs 0 body 1 pos 5,5 stuck 0
RC WALK 150 id 7 role expand pos 5,5 tgt 5,2 want SOUTH
RC POS 150 id 27 seat 4 role defend fs 0 body 1 pos 5,4 stuck 0
RC WALK 150 id 27 role defend pos 5,4 tgt 13,0 want WEST
V527I SEALNT 151 ph 2 fwd 0 hv 7
RC POS 151 id 7 seat 2 role expand fs 0 body 1 pos 5,6 stuck 0
RC WALK 151 id 7 role expand pos 5,6 tgt 5,2 want NORTH
RC POS 151 id 27 seat 4 role defend fs 0 body 1 pos 4,4 stuck 0
RC WALK 151 id 27 role defend pos 4,4 tgt 13,0 want WEST
V527I SEALNT 152 ph 2 fwd 0 hv 7
RC POS 152 id 7 seat 2 role expand fs 0 body 1 pos 5,5 stuck 0
RC WALK 152 id 7 role expand pos 5,5 tgt 5,2 want NORTH
RC POS 152 id 27 seat 4 role defend fs 0 body 1 pos 3,4 stuck 0
RC WALK 152 id 27 role defend pos 3,4 tgt 13,0 want EAST
V527I SEALNT 153 ph 2 fwd 0 hv 7
RC POS 153 id 7 seat 2 role expand fs 0 body 1 pos 5,4 stuck 0
RC WALK 153 id 7 role expand pos 5,4 tgt 5,2 want NORTH
RC POS 153 id 27 seat 4 role defend fs 0 body 1 pos 4,4 stuck 0
RC WALK 153 id 27 role defend pos 4,4 tgt 13,0 want EAST
V527I SEALNT 154 ph 2 fwd 0 hv 7
RC POS 154 id 7 seat 2 role expand fs 0 body 1 pos 5,3 stuck 0
RC WALK 154 id 7 role expand pos 5,3 tgt 5,2 want NORTH
RC POS 154 id 27 seat 4 role defend fs 0 body 1 pos 5,4 stuck 0
RC WALK 154 id 27 role defend pos 5,4 tgt 13,0 want SOUTH
V527I SEALNT 155 ph 2 fwd 0 hv 7
RC POS 155 id 7 seat 2 role expand fs 0 body 1 pos 5,2 stuck 0
V528 PICK r 155 id 7 tgt 12,2 cs 25 bs 25 reg 0 cc 6 bc 6 cands 2 banned 0 regall 0 seat 2
RC WALK 155 id 7 role expand pos 5,2 tgt 12,2 want SOUTH
RC POS 155 id 27 seat 4 role defend fs 0 body 1 pos 5,5 stuck 0
RC WALK 155 id 27 role defend pos 5,5 tgt 6,9 want SOUTH
V527I SEALNT 156 ph 2 fwd 0 hv 7
RC POS 156 id 7 seat 2 role expand fs 0 body 1 pos 5,3 stuck 0
RC WALK 156 id 7 role expand pos 5,3 tgt 12,2 want SOUTH
RC POS 156 id 27 seat 4 role defend fs 0 body 1 pos 5,6 stuck 0
RC WALK 156 id 27 role defend pos 5,6 tgt 6,9 want EAST
V527I SEALNT 157 ph 2 fwd 0 hv 7
RC POS 157 id 7 seat 2 role expand fs 0 body 1 pos 5,4 stuck 0
RC WALK 157 id 7 role expand pos 5,4 tgt 12,2 want WEST
RC POS 157 id 27 seat 4 role defend fs 0 body 1 pos 6,6 stuck 0
RC WALK 157 id 27 role defend pos 6,6 tgt 7,9 want SOUTH
RC SEAT 157 id 315 seat 5
RC POS 157 id 315 seat 5 role raid fs 1 body 1 pos 8,3 stuck 0
RC WALK 157 id 315 role raid pos 8,3 tgt 8,14 want WEST
V527I SEALNT 158 ph 1 fwd 0 hv 7
RC POS 158 id 7 seat 2 role expand fs 0 body 1 pos 4,4 stuck 0
RC WALK 158 id 7 role expand pos 4,4 tgt 12,2 want EAST
RC POS 158 id 27 seat 4 role defend fs 0 body 1 pos 6,7 stuck 0
RC WALK 158 id 27 role defend pos 6,7 tgt 7,8 want EAST
RC POS 158 id 315 seat 5 role raid fs 1 body 1 pos 7,3 stuck 0
RC WALK 158 id 315 role raid pos 7,3 tgt 8,14 want WEST
V527I SEALNT 159 ph 1 fwd 0 hv 7
RC POS 159 id 7 seat 2 role expand fs 0 body 1 pos 5,4 stuck 0
RC WALK 159 id 7 role expand pos 5,4 tgt 12,2 want WEST
RC POS 159 id 27 seat 4 role defend fs 0 body 1 pos 7,7 stuck 0
RC WALK 159 id 27 role defend pos 7,7 tgt 7,8 want CENTRE
RC POS 159 id 315 seat 5 role raid fs 1 body 1 pos 6,3 stuck 0
RC WALK 159 id 315 role raid pos 6,3 tgt 8,14 want WEST
V527I SEALNT 160 ph 1 fwd 0 hv 7
RC POS 160 id 7 seat 2 role expand fs 0 body 1 pos 4,4 stuck 0
RC WALK 160 id 7 role expand pos 4,4 tgt 12,2 want WEST
RC POS 160 id 27 seat 4 role defend fs 0 body 1 pos 7,7 stuck 1
RC WALK 160 id 27 role defend pos 7,7 tgt 7,8 want CENTRE
RC POS 160 id 315 seat 5 role raid fs 1 body 1 pos 5,3 stuck 0
RC WALK 160 id 315 role raid pos 5,3 tgt 8,14 want SOUTH
V527I SEALNT 161 ph 1 fwd 0 hv 7
RC POS 161 id 7 seat 2 role expand fs 0 body 1 pos 3,4 stuck 0
RC WALK 161 id 7 role expand pos 3,4 tgt 12,2 want EAST
RC POS 161 id 27 seat 4 role defend fs 0 body 1 pos 7,7 stuck 2
RC WALK 161 id 27 role defend pos 7,7 tgt 7,8 want CENTRE
RC POS 161 id 315 seat 5 role raid fs 1 body 1 pos 5,4 stuck 0
RC WALK 161 id 315 role raid pos 5,4 tgt 8,14 want NORTH
V527I SEALNT 162 ph 1 fwd 0 hv 7
RC POS 162 id 7 seat 2 role expand fs 0 body 1 pos 4,4 stuck 0
RC WALK 162 id 7 role expand pos 4,4 tgt 12,2 want EAST
RC POS 162 id 27 seat 4 role defend fs 0 body 1 pos 7,7 stuck 3
RC POS 162 id 315 seat 5 role raid fs 1 body 1 pos 5,3 stuck 0
RC WALK 162 id 315 role raid pos 5,3 tgt 8,14 want EAST
V527I SEALNT 163 ph 1 fwd 0 hv 7
RC POS 163 id 7 seat 2 role expand fs 0 body 1 pos 5,4 stuck 0
RC WALK 163 id 7 role expand pos 5,4 tgt 12,2 want SOUTH
RC POS 163 id 27 seat 4 role defend fs 0 body 1 pos 7,7 stuck 4
RC WALK 163 id 27 role defend pos 7,7 tgt 7,8 want CENTRE
RC POS 163 id 315 seat 5 role raid fs 1 body 1 pos 6,3 stuck 0
RC WALK 163 id 315 role raid pos 6,3 tgt 8,14 want EAST
V527I SEALNT 164 ph 1 fwd 0 hv 7
RC POS 164 id 7 seat 2 role expand fs 0 body 1 pos 5,5 stuck 0
RC WALK 164 id 7 role expand pos 5,5 tgt 12,2 want SOUTH
RC POS 164 id 27 seat 4 role defend fs 0 body 1 pos 7,7 stuck 5
RC WALK 164 id 27 role defend pos 7,7 tgt 7,9 want SOUTH
RC POS 164 id 315 seat 5 role raid fs 1 body 1 pos 7,3 stuck 0
RC WALK 164 id 315 role raid pos 7,3 tgt 8,14 want EAST
V527I SEALNT 165 ph 1 fwd 0 hv 7
RC POS 165 id 7 seat 2 role expand fs 0 body 1 pos 5,6 stuck 0
RC WALK 165 id 7 role expand pos 5,6 tgt 12,2 want EAST
RC POS 165 id 27 seat 4 role defend fs 0 body 1 pos 7,8 stuck 0
RC WALK 165 id 27 role defend pos 7,8 tgt 6,9 want SOUTH
RC POS 165 id 315 seat 5 role raid fs 1 body 1 pos 8,3 stuck 0
RC WALK 165 id 315 role raid pos 8,3 tgt 8,14 want SOUTH
V527I SEALNT 166 ph 1 fwd 0 hv 7
RC POS 166 id 7 seat 2 role expand fs 0 body 1 pos 6,6 stuck 0
RC WALK 166 id 7 role expand pos 6,6 tgt 12,2 want EAST
RC POS 166 id 27 seat 4 role defend fs 0 body 1 pos 7,9 stuck 0
RC WALK 166 id 27 role defend pos 7,9 tgt 5,9 want WEST
RC POS 166 id 315 seat 5 role raid fs 1 body 1 pos 8,4 stuck 0
RC WALK 166 id 315 role raid pos 8,4 tgt 8,14 want SOUTH
V527I SEALNT 167 ph 1 fwd 0 hv 7
RC POS 167 id 7 seat 2 role expand fs 0 body 1 pos 7,6 stuck 0
RC WALK 167 id 7 role expand pos 7,6 tgt 12,2 want EAST
RC POS 167 id 315 seat 5 role raid fs 1 body 1 pos 8,5 stuck 0
RC WALK 167 id 315 role raid pos 8,5 tgt 8,14 want NORTH
V527I SEALNT 168 ph 1 fwd 0 hv 7
RC POS 168 id 7 seat 2 role expand fs 0 body 1 pos 8,6 stuck 0
RC WALK 168 id 7 role expand pos 8,6 tgt 12,2 want EAST
RC POS 168 id 315 seat 5 role raid fs 1 body 1 pos 8,4 stuck 0
RC WALK 168 id 315 role raid pos 8,4 tgt 8,14 want SOUTH
V527I SEALNT 169 ph 1 fwd 0 hv 7
RC POS 169 id 7 seat 2 role expand fs 0 body 1 pos 9,6 stuck 0
RC WALK 169 id 7 role expand pos 9,6 tgt 12,2 want EAST
RC POS 169 id 315 seat 5 role raid fs 1 body 1 pos 8,5 stuck 0
V527I SEALNT 170 ph 1 fwd 0 hv 7
RC POS 170 id 7 seat 2 role expand fs 0 body 1 pos 10,6 stuck 0
RC WALK 170 id 7 role expand pos 10,6 tgt 11,2 want NORTH
RC POS 170 id 315 seat 5 role raid fs 1 body 1 pos 8,5 stuck 1
V527I SEALNT 171 ph 1 fwd 0 hv 7
RC POS 171 id 7 seat 2 role expand fs 0 body 1 pos 10,5 stuck 0
RC POS 171 id 315 seat 5 role raid fs 1 body 1 pos 8,11 stuck 0
RC WALK 171 id 315 role raid pos 8,11 tgt 4,13 want NORTH
V527I SEALNT 172 ph 5 fwd 0 hv 7
RC POS 172 id 7 seat 2 role expand fs 0 body 1 pos 10,5 stuck 1
RC POS 172 id 315 seat 5 role raid fs 1 body 1 pos 8,10 stuck 0
RC WALK 172 id 315 role raid pos 8,10 tgt 5,14 want WEST
V527I SEALNT 173 ph 5 fwd 0 hv 7
RC POS 173 id 7 seat 2 role expand fs 0 body 1 pos 10,5 stuck 2
RC POS 173 id 315 seat 5 role raid fs 1 body 1 pos 7,10 stuck 0
RC WALK 173 id 315 role raid pos 7,10 tgt 4,13 want WEST
V527I SEALNT 174 ph 5 fwd 0 hv 7
RC POS 174 id 7 seat 2 role expand fs 0 body 1 pos 10,5 stuck 3
RC POS 174 id 315 seat 5 role raid fs 1 body 1 pos 6,10 stuck 0
RC WALK 174 id 315 role raid pos 6,10 tgt 4,13 want NORTH
V527I SEALNT 175 ph 5 fwd 0 hv 7
RC POS 175 id 7 seat 2 role expand fs 0 body 1 pos 10,5 stuck 4
RC WALK 175 id 7 role expand pos 10,5 tgt 11,2 want NORTH
RC POS 175 id 315 seat 5 role raid fs 1 body 1 pos 6,9 stuck 0
V527I SEALNT 176 ph 5 fwd 0 hv 7
RC POS 176 id 7 seat 2 role expand fs 0 body 1 pos 10,4 stuck 0
RC WALK 176 id 7 role expand pos 10,4 tgt 11,2 want NORTH
RC POS 176 id 315 seat 5 role raid fs 1 body 1 pos 6,10 stuck 0
RC WALK 176 id 315 role raid pos 6,10 tgt 4,13 want NORTH
V527I SEALNT 177 ph 5 fwd 0 hv 7
RC POS 177 id 7 seat 2 role expand fs 0 body 1 pos 10,3 stuck 0
RC WALK 177 id 7 role expand pos 10,3 tgt 11,2 want EAST
RC POS 177 id 315 seat 5 role raid fs 1 body 1 pos 6,9 stuck 0
V527I SEALNT 178 ph 5 fwd 0 hv 7
RC POS 178 id 7 seat 2 role expand fs 0 body 1 pos 11,3 stuck 0
RC WALK 178 id 7 role expand pos 11,3 tgt 11,2 want NORTH
RC POS 178 id 315 seat 5 role raid fs 1 body 1 pos 6,10 stuck 0
RC WALK 178 id 315 role raid pos 6,10 tgt 4,13 want NORTH
V527I SEALNT 179 ph 5 fwd 0 hv 7
RC POS 179 id 7 seat 2 role expand fs 0 body 1 pos 11,2 stuck 0
V528 PICK r 179 id 7 tgt 5,1 cs 7 bs 7 reg 0 cc 0 bc 0 cands 2 banned 0 regall 0 seat 2
RC WALK 179 id 7 role expand pos 11,2 tgt 5,1 want SOUTH
V527I SEALNT 180 ph 5 fwd 0 hv 7
RC POS 180 id 7 seat 2 role expand fs 0 body 1 pos 11,3 stuck 0
RC WALK 180 id 7 role expand pos 11,3 tgt 5,1 want WEST
V527I SEALNT 181 ph 5 fwd 0 hv 7
RC POS 181 id 7 seat 2 role expand fs 0 body 1 pos 10,3 stuck 0
V527I SEALNT 182 ph 5 fwd 0 hv 7
RC POS 182 id 7 seat 2 role expand fs 0 body 1 pos 10,3 stuck 1
V527I SEALNT 183 ph 5 fwd 0 hv 7
RC POS 183 id 7 seat 2 role expand fs 0 body 1 pos 10,3 stuck 2
V527I SEALNT 184 ph 5 fwd 0 hv 7
RC POS 184 id 7 seat 2 role expand fs 0 body 1 pos 10,3 stuck 3
V527I SEALNT 185 ph 5 fwd 0 hv 7
RC POS 185 id 7 seat 2 role expand fs 0 body 1 pos 10,3 stuck 4
RC WALK 185 id 7 role expand pos 10,3 tgt 5,1 want SOUTH
V527I SEALNT 186 ph 5 fwd 0 hv 7
V527I SEALNT 187 ph 5 fwd 0 hv 7
V527I SEALNT 188 ph 5 fwd 0 hv 7
V527I SEALNT 189 ph 5 fwd 0 hv 7
V527I SEALNT 190 ph 5 fwd 0 hv 7
V527I SEALNT 191 ph 5 fwd 0 hv 7
V527I SEALNT 192 ph 5 fwd 0 hv 7
V527I SEALNT 193 ph 5 fwd 0 hv 7
V527I SEALNT 194 ph 5 fwd 0 hv 7
V527I SEALNT 195 ph 5 fwd 0 hv 7
V527I SEALNT 196 ph 5 fwd 0 hv 7
V527I SEALNT 197 ph 5 fwd 0 hv 7
V527I SEALNT 198 ph 5 fwd 0 hv 7
V527I SEALNT 199 ph 5 fwd 0 hv 7
V527I SEALNT 200 ph 5 fwd 0 hv 7
V527I SEALNT 201 ph 5 fwd 0 hv 7
RC SEAT 201 id 380 seat 6
RC POS 201 id 380 seat 6 role raid fs 1 body 1 pos 7,6 stuck 0
V527I SEALNT 202 ph 1 fwd 0 hv 7
RC POS 202 id 380 seat 6 role raid fs 1 body 1 pos 7,6 stuck 1
V527I SEALNT 203 ph 1 fwd 0 hv 7
RC POS 203 id 380 seat 6 role raid fs 1 body 1 pos 8,11 stuck 0
RC WALK 203 id 380 role raid pos 8,11 tgt 4,13 want NORTH
V527I SEALNT 204 ph 5 fwd 0 hv 7
RC POS 204 id 380 seat 6 role raid fs 1 body 1 pos 8,10 stuck 0
RC WALK 204 id 380 role raid pos 8,10 tgt 5,14 want WEST
V527I SEALNT 205 ph 5 fwd 0 hv 7
RC POS 205 id 380 seat 6 role raid fs 1 body 1 pos 7,10 stuck 0
RC WALK 205 id 380 role raid pos 7,10 tgt 4,13 want WEST
V527I SEALNT 206 ph 5 fwd 0 hv 7
RC POS 206 id 380 seat 6 role raid fs 1 body 1 pos 6,10 stuck 0
RC WALK 206 id 380 role raid pos 6,10 tgt 4,13 want NORTH
V527I SEALNT 207 ph 5 fwd 0 hv 7
RC POS 207 id 380 seat 6 role raid fs 1 body 1 pos 6,9 stuck 0
V527I SEALNT 208 ph 5 fwd 0 hv 7
RC POS 208 id 380 seat 6 role raid fs 1 body 1 pos 6,10 stuck 0
RC WALK 208 id 380 role raid pos 6,10 tgt 4,13 want NORTH
V527I SEALNT 209 ph 5 fwd 0 hv 7
RC POS 209 id 380 seat 6 role raid fs 1 body 1 pos 6,9 stuck 0
V527I SEALNT 210 ph 5 fwd 0 hv 7
RC POS 210 id 380 seat 6 role raid fs 1 body 1 pos 6,10 stuck 0
RC WALK 210 id 380 role raid pos 6,10 tgt 4,13 want NORTH
V527I SEALNT 211 ph 5 fwd 0 hv 7
V527I SEALNT 212 ph 5 fwd 0 hv 7
V527I SEALNT 213 ph 5 fwd 0 hv 7
V527I SEALNT 214 ph 5 fwd 0 hv 7
V527I SEALNT 215 ph 5 fwd 0 hv 7
V527I SEALNT 216 ph 5 fwd 0 hv 7
V527I SEALNT 217 ph 5 fwd 0 hv 7
V527I SEALNT 218 ph 5 fwd 0 hv 7
V527I SEALNT 219 ph 5 fwd 0 hv 7
V527I SEALNT 220 ph 5 fwd 0 hv 7
V527I SEALNT 221 ph 5 fwd 0 hv 7
V527I SEALNT 222 ph 5 fwd 0 hv 7
V527I SEALNT 223 ph 5 fwd 0 hv 7
V527I SEALNT 224 ph 5 fwd 0 hv 7
V527I SEALNT 225 ph 5 fwd 0 hv 7
RC SEAT 225 id 413 seat 7
RC POS 225 id 413 seat 7 role raid fs 1 body 1 pos 6,6 stuck 0
RC WALK 225 id 413 role raid pos 6,6 tgt 8,14 want EAST
V527I SEALNT 226 ph 1 fwd 0 hv 7
RC POS 226 id 413 seat 7 role raid fs 1 body 1 pos 7,6 stuck 0
V527I SEALNT 227 ph 1 fwd 0 hv 7
RC POS 227 id 413 seat 7 role raid fs 1 body 1 pos 7,6 stuck 1
V527I SEALNT 228 ph 1 fwd 0 hv 7
RC POS 228 id 413 seat 7 role raid fs 1 body 1 pos 8,11 stuck 0
RC WALK 228 id 413 role raid pos 8,11 tgt 4,13 want NORTH
V527I SEALNT 229 ph 5 fwd 0 hv 7
RC POS 229 id 413 seat 7 role raid fs 1 body 1 pos 8,10 stuck 0
RC WALK 229 id 413 role raid pos 8,10 tgt 5,14 want WEST
V527I SEALNT 230 ph 5 fwd 0 hv 7
RC POS 230 id 413 seat 7 role raid fs 1 body 1 pos 7,10 stuck 0
RC WALK 230 id 413 role raid pos 7,10 tgt 4,13 want WEST
V527I SEALNT 231 ph 5 fwd 0 hv 7
RC POS 231 id 413 seat 7 role raid fs 1 body 1 pos 6,10 stuck 0
RC WALK 231 id 413 role raid pos 6,10 tgt 4,13 want NORTH
V527I SEALNT 232 ph 5 fwd 0 hv 7
RC POS 232 id 413 seat 7 role raid fs 1 body 1 pos 6,9 stuck 0
V527I SEALNT 233 ph 5 fwd 0 hv 7
RC POS 233 id 413 seat 7 role raid fs 1 body 1 pos 6,10 stuck 0
RC WALK 233 id 413 role raid pos 6,10 tgt 4,13 want NORTH
V527I SEALNT 234 ph 5 fwd 0 hv 7
RC POS 234 id 413 seat 7 role raid fs 1 body 1 pos 6,9 stuck 0
V527I SEALNT 235 ph 5 fwd 0 hv 7
RC POS 235 id 413 seat 7 role raid fs 1 body 1 pos 6,10 stuck 0
RC WALK 235 id 413 role raid pos 6,10 tgt 4,13 want NORTH
V527I SEALNT 236 ph 5 fwd 0 hv 7
V527I SEALNT 237 ph 5 fwd 0 hv 7
V527I SEALNT 238 ph 5 fwd 0 hv 7
V527I SEALNT 239 ph 5 fwd 0 hv 7
V527I SEALNT 240 ph 5 fwd 0 hv 7
V527I SEALNT 241 ph 5 fwd 0 hv 7
V527I SEALNT 242 ph 5 fwd 0 hv 7
V527I SEALNT 243 ph 5 fwd 0 hv 7
V527I SEALNT 244 ph 5 fwd 0 hv 7
V527I SEALNT 245 ph 5 fwd 0 hv 7
V527I SEALNT 246 ph 5 fwd 0 hv 7
RC SEAT 246 id 441 seat 8
RC POS 246 id 441 seat 8 role raid fs 1 body 1 pos 5,3 stuck 0
RC WALK 246 id 441 role raid pos 5,3 tgt 8,14 want SOUTH
V527I SEALNT 247 ph 1 fwd 0 hv 7
RC POS 247 id 441 seat 8 role raid fs 1 body 1 pos 5,4 stuck 0
RC WALK 247 id 441 role raid pos 5,4 tgt 8,14 want SOUTH
V527I SEALNT 248 ph 1 fwd 0 hv 7
RC POS 248 id 441 seat 8 role raid fs 1 body 1 pos 5,5 stuck 0
V527I SEALNT 249 ph 1 fwd 0 hv 7
RC POS 249 id 441 seat 8 role raid fs 1 body 1 pos 5,5 stuck 1
V527I SEALNT 250 ph 1 fwd 0 hv 7
RC POS 250 id 441 seat 8 role raid fs 1 body 1 pos 8,10 stuck 0
RC WALK 250 id 441 role raid pos 8,10 tgt 5,14 want WEST
V527I SEALNT 251 ph 5 fwd 0 hv 7
RC POS 251 id 441 seat 8 role raid fs 1 body 1 pos 7,10 stuck 0
RC WALK 251 id 441 role raid pos 7,10 tgt 4,13 want WEST
V527I SEALNT 252 ph 5 fwd 0 hv 7
RC POS 252 id 441 seat 8 role raid fs 1 body 1 pos 6,10 stuck 0
RC WALK 252 id 441 role raid pos 6,10 tgt 4,13 want NORTH
V527I SEALNT 253 ph 5 fwd 0 hv 7
RC POS 253 id 441 seat 8 role raid fs 1 body 1 pos 6,9 stuck 0
