Update available: 2.3.6 -> 2.3.8. Run: pip install --upgrade fcode
RC MAP w 10 h 10 ours 2,2 theirs 6,6
V527I SEALNT 0 ph 0 fwd 0 hv 0
V527I SEALNT 1 ph 0 fwd 0 hv 0
RC SEAT 1 id 3 seat 0
RC POS 1 id 3 seat 0 role raid fs 1 body 1 pos 4,4 stuck 0
RC WALK 1 id 3 role raid pos 4,4 tgt 5,4 want EAST
V527I SEALNT 2 ph 2 fwd 0 hv 0
RC POS 2 id 3 seat 0 role raid fs 1 body 1 pos 5,4 stuck 0
RC SEAT 2 id 5 seat 1
RC POS 2 id 5 seat 1 role expand fs 0 body 1 pos 4,2 stuck 0
V528 PICK r 2 id 5 tgt 6,2 cs 11 bs 11 reg 0 cc 3 bc 3 cands 3 banned 0 regall 0 seat 1
RC WALK 2 id 5 role expand pos 4,2 tgt 5,2 want EAST
V527I SEALNT 3 ph 2 fwd 0 hv 0
RC POS 3 id 3 seat 0 role raid fs 1 body 1 pos 5,4 stuck 1
RC WALK 3 id 3 role raid pos 5,4 tgt 6,4 want EAST
RC POS 3 id 5 seat 1 role expand fs 0 body 1 pos 5,2 stuck 0
V528 CONN r 3 id 5 at 6,2 chosen 3 best 3 regret 0 cands 2 role expand seat 1
RC SEAT 3 id 7 seat 2
RC POS 3 id 7 seat 2 role expand fs 0 body 1 pos 4,1 stuck 0
V528 PICK r 3 id 7 tgt 6,0 cs 15 bs 15 reg 0 cc 4 bc 4 cands 3 banned 0 regall 0 seat 2
RC WALK 3 id 7 role expand pos 4,1 tgt 5,0 want EAST
V527I SEALNT 4 ph 2 fwd 0 hv 1
RC POS 4 id 3 seat 0 role raid fs 1 body 1 pos 6,4 stuck 0
RC POS 4 id 5 seat 1 role expand fs 0 body 1 pos 5,2 stuck 1
RC POS 4 id 7 seat 2 role expand fs 0 body 1 pos 5,1 stuck 0
RC SEAT 4 id 10 seat 3
RC POS 4 id 10 seat 3 role raid fs 1 body 2 pos 4,4 stuck 0
RC WALK 4 id 10 role raid pos 4,4 tgt 7,4 want EAST
V527I SEALNT 5 ph 2 fwd 0 hv 1
RC POS 5 id 3 seat 0 role raid fs 1 body 1 pos 6,4 stuck 1
RC WALK 5 id 3 role raid pos 6,4 tgt 7,4 want EAST
RC POS 5 id 5 seat 1 role expand fs 0 body 1 pos 5,2 stuck 2
V528 PICK r 5 id 5 tgt 3,7 cs 16 bs 16 reg 0 cc 3 bc 3 cands 2 banned 0 regall 0 seat 1
RC WALK 5 id 5 role expand pos 5,2 tgt 3,7 want SOUTH
RC POS 5 id 7 seat 2 role expand fs 0 body 1 pos 5,1 stuck 1
RC WALK 5 id 7 role expand pos 5,1 tgt 5,0 want NORTH
RC POS 5 id 10 seat 3 role raid fs 1 body 2 pos 5,4 stuck 0
RC WALK 5 id 10 role raid pos 5,4 tgt 4,6 want WEST
RC SEAT 5 id 13 seat 4
RC POS 5 id 13 seat 4 role defend fs 0 body 1 pos 2,4 stuck 0
RC WALK 5 id 13 role defend pos 2,4 tgt 3,7 want SOUTH
V527I SEALNT 6 ph 2 fwd 0 hv 1
RC POS 6 id 3 seat 0 role raid fs 1 body 1 pos 7,4 stuck 0
RC POS 6 id 5 seat 1 role expand fs 0 body 1 pos 5,3 stuck 0
RC WALK 6 id 5 role expand pos 5,3 tgt 3,7 want WEST
RC POS 6 id 7 seat 2 role expand fs 0 body 1 pos 5,0 stuck 0
V528 CONN r 6 id 7 at 6,0 chosen 4 best 4 regret 0 cands 2 role expand seat 2
RC POS 6 id 10 seat 3 role raid fs 1 body 2 pos 4,4 stuck 0
RC POS 6 id 13 seat 4 role defend fs 0 body 1 pos 2,5 stuck 0
RC WALK 6 id 13 role defend pos 2,5 tgt 3,7 want SOUTH
V527I SEALNT 7 ph 2 fwd 0 hv 2
RC POS 7 id 3 seat 0 role raid fs 1 body 1 pos 7,4 stuck 1
RC WALK 7 id 3 role raid pos 7,4 tgt 7,8 want WEST
RC POS 7 id 5 seat 1 role expand fs 0 body 1 pos 4,3 stuck 0
RC WALK 7 id 5 role expand pos 4,3 tgt 3,7 want EAST
RC POS 7 id 7 seat 2 role expand fs 0 body 1 pos 5,0 stuck 1
RC POS 7 id 10 seat 3 role raid fs 1 body 2 pos 4,4 stuck 1
RC WALK 7 id 10 role raid pos 4,4 tgt 8,5 want NORTH
RC POS 7 id 13 seat 4 role defend fs 0 body 1 pos 2,6 stuck 0
RC WALK 7 id 13 role defend pos 2,6 tgt 3,6 want EAST
V527I SEALNT 8 ph 2 fwd 0 hv 2
RC POS 8 id 3 seat 0 role raid fs 1 body 1 pos 6,4 stuck 0
RC WALK 8 id 3 role raid pos 6,4 tgt 5,6 want WEST
RC POS 8 id 5 seat 1 role expand fs 0 body 1 pos 5,3 stuck 0
RC WALK 8 id 5 role expand pos 5,3 tgt 3,7 want EAST
RC POS 8 id 7 seat 2 role expand fs 0 body 1 pos 5,0 stuck 2
RC POS 8 id 10 seat 3 role raid fs 1 body 2 pos 4,3 stuck 0
RC WALK 8 id 10 role raid pos 4,3 tgt 5,6 want SOUTH
RC POS 8 id 13 seat 4 role defend fs 0 body 1 pos 3,6 stuck 0
RC WALK 8 id 13 role defend pos 3,6 tgt 1,7 want WEST
V527I SEALNT 9 ph 2 fwd 0 hv 2
RC POS 9 id 3 seat 0 role raid fs 1 body 1 pos 5,4 stuck 0
RC WALK 9 id 3 role raid pos 5,4 tgt 5,6 want WEST
RC POS 9 id 5 seat 1 role expand fs 0 body 1 pos 6,3 stuck 0
RC WALK 9 id 5 role expand pos 6,3 tgt 3,7 want EAST
RC POS 9 id 7 seat 2 role expand fs 0 body 1 pos 4,0 stuck 0
RC POS 9 id 10 seat 3 role raid fs 1 body 2 pos 4,4 stuck 0
RC WALK 9 id 10 role raid pos 4,4 tgt 4,7 want WEST
RC POS 9 id 13 seat 4 role defend fs 0 body 1 pos 2,6 stuck 0
RC WALK 9 id 13 role defend pos 2,6 tgt 1,7 want WEST
V527I SEALNT 10 ph 2 fwd 0 hv 2
RC POS 10 id 3 seat 0 role raid fs 1 body 1 pos 5,3 stuck 0
RC WALK 10 id 3 role raid pos 5,3 tgt 5,8 want SOUTH
RC POS 10 id 5 seat 1 role expand fs 0 body 1 pos 7,3 stuck 0
RC WALK 10 id 5 role expand pos 7,3 tgt 3,7 want WEST
RC POS 10 id 7 seat 2 role expand fs 0 body 1 pos 4,0 stuck 1
RC POS 10 id 10 seat 3 role raid fs 1 body 2 pos 8,7 stuck 0
RC WALK 10 id 10 role raid pos 8,7 tgt 8,8 want SOUTH
RC POS 10 id 13 seat 4 role defend fs 0 body 1 pos 1,6 stuck 0
RC WALK 10 id 13 role defend pos 1,6 tgt 1,7 want SOUTH
V527I SEALNT 11 ph 2 fwd 0 hv 2
RC POS 11 id 3 seat 0 role raid fs 1 body 1 pos 5,4 stuck 0
RC WALK 11 id 3 role raid pos 5,4 tgt 5,8 want WEST
RC POS 11 id 5 seat 1 role expand fs 0 body 1 pos 6,3 stuck 0
RC WALK 11 id 5 role expand pos 6,3 tgt 3,7 want WEST
RC POS 11 id 7 seat 2 role expand fs 0 body 1 pos 4,0 stuck 2
RC WALK 11 id 7 role expand pos 4,0 tgt 3,1 want WEST
RC POS 11 id 10 seat 3 role raid fs 1 body 2 pos 8,8 stuck 0
RC POS 11 id 13 seat 4 role defend fs 0 body 1 pos 1,7 stuck 0
V528 CONN r 11 id 13 at 1,8 chosen 5 best 0 regret 5 cands 4 role defend seat 4
V527I SEALNT 12 ph 2 fwd 0 hv 3
RC POS 12 id 3 seat 0 role raid fs 1 body 1 pos 4,4 stuck 0
RC WALK 12 id 3 role raid pos 4,4 tgt 8,6 want EAST
RC POS 12 id 5 seat 1 role expand fs 0 body 1 pos 5,3 stuck 0
RC WALK 12 id 5 role expand pos 5,3 tgt 3,6 want WEST
RC POS 12 id 7 seat 2 role expand fs 0 body 1 pos 3,0 stuck 0
RC POS 12 id 10 seat 3 role raid fs 1 body 2 pos 8,8 stuck 1
RC POS 12 id 13 seat 4 role defend fs 0 body 1 pos 1,7 stuck 1
V527I SEALNT 13 ph 2 fwd 0 hv 3
RC POS 13 id 3 seat 0 role raid fs 1 body 1 pos 5,4 stuck 0
RC WALK 13 id 3 role raid pos 5,4 tgt 4,7 want WEST
RC POS 13 id 5 seat 1 role expand fs 0 body 1 pos 4,3 stuck 0
RC WALK 13 id 5 role expand pos 4,3 tgt 3,6 want NORTH
RC POS 13 id 7 seat 2 role expand fs 0 body 1 pos 3,0 stuck 1
RC WALK 13 id 7 role expand pos 3,0 tgt 3,1 want SOUTH
RC POS 13 id 10 seat 3 role raid fs 1 body 2 pos 8,8 stuck 2
RC WALK 13 id 10 role raid pos 8,8 tgt 6,9 want NORTH
RC POS 13 id 13 seat 4 role defend fs 0 body 1 pos 1,7 stuck 2
RC WALK 13 id 13 role defend pos 1,7 tgt 3,5 want NORTH
V527I SEALNT 14 ph 2 fwd 0 hv 3
RC POS 14 id 3 seat 0 role raid fs 1 body 1 pos 4,4 stuck 0
RC WALK 14 id 3 role raid pos 4,4 tgt 8,6 want EAST
RC POS 14 id 5 seat 1 role expand fs 0 body 1 pos 4,2 stuck 0
RC WALK 14 id 5 role expand pos 4,2 tgt 3,6 want SOUTH
RC POS 14 id 7 seat 2 role expand fs 0 body 1 pos 3,1 stuck 0
V528 PICK r 14 id 7 tgt 8,1 cs 14 bs 14 reg 0 cc 3 bc 3 cands 2 banned 0 regall 0 seat 2
RC WALK 14 id 7 role expand pos 3,1 tgt 8,1 want EAST
RC POS 14 id 10 seat 3 role raid fs 1 body 2 pos 8,8 stuck 4
RC WALK 14 id 10 role raid pos 8,8 tgt 6,9 want NORTH
RC POS 14 id 13 seat 4 role defend fs 0 body 1 pos 1,6 stuck 0
RC WALK 14 id 13 role defend pos 1,6 tgt 3,6 want EAST
V527I SEALNT 15 ph 2 fwd 0 hv 3
RC POS 15 id 3 seat 0 role raid fs 1 body 1 pos 5,4 stuck 0
RC WALK 15 id 3 role raid pos 5,4 tgt 5,8 want NORTH
RC POS 15 id 5 seat 1 role expand fs 0 body 1 pos 4,3 stuck 0
RC WALK 15 id 5 role expand pos 4,3 tgt 3,6 want NORTH
RC POS 15 id 7 seat 2 role expand fs 0 body 1 pos 4,1 stuck 0
RC WALK 15 id 7 role expand pos 4,1 tgt 7,1 want EAST
RC POS 15 id 10 seat 3 role raid fs 1 body 2 pos 8,8 stuck 6
RC WALK 15 id 10 role raid pos 8,8 tgt 6,9 want NORTH
RC POS 15 id 13 seat 4 role defend fs 0 body 1 pos 2,6 stuck 0
RC WALK 15 id 13 role defend pos 2,6 tgt 3,5 want EAST
V527I SEALNT 16 ph 2 fwd 0 hv 3
RC POS 16 id 3 seat 0 role raid fs 1 body 1 pos 5,3 stuck 0
RC WALK 16 id 3 role raid pos 5,3 tgt 5,6 want SOUTH
RC POS 16 id 5 seat 1 role expand fs 0 body 1 pos 4,2 stuck 0
RC POS 16 id 7 seat 2 role expand fs 0 body 1 pos 5,1 stuck 0
RC WALK 16 id 7 role expand pos 5,1 tgt 7,1 want EAST
RC POS 16 id 10 seat 3 role raid fs 1 body 2 pos 8,8 stuck 8
RC WALK 16 id 10 role raid pos 8,8 tgt 6,9 want NORTH
RC POS 16 id 13 seat 4 role defend fs 0 body 1 pos 3,6 stuck 0
RC WALK 16 id 13 role defend pos 3,6 tgt 3,4 want NORTH
V527I SEALNT 17 ph 2 fwd 0 hv 3
RC POS 17 id 3 seat 0 role raid fs 1 body 1 pos 5,4 stuck 0
RC WALK 17 id 3 role raid pos 5,4 tgt 5,8 want NORTH
RC POS 17 id 5 seat 1 role expand fs 0 body 1 pos 4,2 stuck 1
RC WALK 17 id 5 role expand pos 4,2 tgt 3,6 want NORTH
RC POS 17 id 7 seat 2 role expand fs 0 body 1 pos 6,1 stuck 0
RC WALK 17 id 7 role expand pos 6,1 tgt 7,1 want EAST
RC POS 17 id 10 seat 3 role raid fs 1 body 2 pos 8,8 stuck 10
RC POS 17 id 13 seat 4 role defend fs 0 body 1 pos 3,5 stuck 0
RC WALK 17 id 13 role defend pos 3,5 tgt 2,4 want WEST
V527I SEALNT 18 ph 2 fwd 0 hv 3
RC POS 18 id 3 seat 0 role raid fs 1 body 1 pos 5,3 stuck 0
RC WALK 18 id 3 role raid pos 5,3 tgt 5,6 want SOUTH
RC POS 18 id 5 seat 1 role expand fs 0 body 1 pos 4,1 stuck 0
RC WALK 18 id 5 role expand pos 4,1 tgt 3,6 want WEST
RC POS 18 id 7 seat 2 role expand fs 0 body 1 pos 7,1 stuck 0
V528 PICK r 18 id 7 tgt 8,1 cs 10 bs 10 reg 0 cc 3 bc 3 cands 2 banned 0 regall 0 seat 2
RC WALK 18 id 7 role expand pos 7,1 tgt 8,1 want EAST
RC POS 18 id 10 seat 3 role raid fs 1 body 2 pos 8,8 stuck 11
RC WALK 18 id 10 role raid pos 8,8 tgt 6,9 want WEST
RC POS 18 id 13 seat 4 role defend fs 0 body 1 pos 2,5 stuck 0
RC WALK 18 id 13 role defend pos 2,5 tgt 1,4 want WEST
V527I SEALNT 19 ph 2 fwd 0 hv 3
RC POS 19 id 3 seat 0 role raid fs 1 body 1 pos 5,4 stuck 0
RC WALK 19 id 3 role raid pos 5,4 tgt 5,6 want WEST
RC POS 19 id 5 seat 1 role expand fs 0 body 1 pos 3,1 stuck 0
RC WALK 19 id 5 role expand pos 3,1 tgt 3,6 want EAST
RC POS 19 id 7 seat 2 role expand fs 0 body 1 pos 8,1 stuck 0
V528 PICK r 19 id 7 tgt 8,1 cs 9 bs 9 reg 0 cc 3 bc 3 cands 2 banned 0 regall 0 seat 2
RC WALK 19 id 7 role expand pos 8,1 tgt 7,1 want WEST
RC POS 19 id 10 seat 3 role raid fs 1 body 2 pos 8,8 stuck 13
RC WALK 19 id 10 role raid pos 8,8 tgt 6,9 want WEST
RC POS 19 id 13 seat 4 role defend fs 0 body 1 pos 1,5 stuck 0
RC WALK 19 id 13 role defend pos 1,5 tgt 1,3 want NORTH
V527I SEALNT 20 ph 2 fwd 0 hv 3
RC POS 20 id 3 seat 0 role raid fs 1 body 1 pos 4,4 stuck 0
RC WALK 20 id 3 role raid pos 4,4 tgt 4,6 want WEST
RC POS 20 id 5 seat 1 role expand fs 0 body 1 pos 4,1 stuck 0
RC WALK 20 id 5 role expand pos 4,1 tgt 3,6 want WEST
RC POS 20 id 7 seat 2 role expand fs 0 body 1 pos 7,1 stuck 0
V528 PICK r 20 id 7 tgt 8,1 cs 10 bs 10 reg 0 cc 3 bc 3 cands 2 banned 0 regall 0 seat 2
RC WALK 20 id 7 role expand pos 7,1 tgt 8,1 want EAST
RC POS 20 id 10 seat 3 role raid fs 1 body 2 pos 8,8 stuck 15
RC WALK 20 id 10 role raid pos 8,8 tgt 6,9 want WEST
RC POS 20 id 13 seat 4 role defend fs 0 body 1 pos 1,4 stuck 0
V527I SEALNT 21 ph 2 fwd 0 hv 3
RC POS 21 id 3 seat 0 role raid fs 1 body 1 pos 6,4 stuck 0
RC WALK 21 id 3 role raid pos 6,4 tgt 5,6 want WEST
RC POS 21 id 5 seat 1 role expand fs 0 body 1 pos 3,1 stuck 0
RC WALK 21 id 5 role expand pos 3,1 tgt 3,6 want EAST
RC POS 21 id 7 seat 2 role expand fs 0 body 1 pos 8,1 stuck 0
V528 PICK r 21 id 7 tgt 8,1 cs 9 bs 9 reg 0 cc 3 bc 3 cands 2 banned 0 regall 0 seat 2
RC WALK 21 id 7 role expand pos 8,1 tgt 7,1 want WEST
RC POS 21 id 10 seat 3 role raid fs 1 body 2 pos 8,8 stuck 17
RC WALK 21 id 10 role raid pos 8,8 tgt 6,9 want WEST
RC POS 21 id 13 seat 4 role defend fs 0 body 1 pos 1,4 stuck 1
RC WALK 21 id 13 role defend pos 1,4 tgt 2,5 want NORTH
V527I SEALNT 22 ph 2 fwd 0 hv 3
RC POS 22 id 3 seat 0 role raid fs 1 body 1 pos 5,4 stuck 0
RC WALK 22 id 3 role raid pos 5,4 tgt 5,6 want WEST
RC POS 22 id 5 seat 1 role expand fs 0 body 1 pos 4,1 stuck 0
RC WALK 22 id 5 role expand pos 4,1 tgt 3,6 want SOUTH
RC POS 22 id 7 seat 2 role expand fs 0 body 1 pos 7,1 stuck 0
V528 PICK r 22 id 7 tgt 8,1 cs 10 bs 10 reg 0 cc 3 bc 3 cands 2 banned 0 regall 0 seat 2
RC WALK 22 id 7 role expand pos 7,1 tgt 8,1 want CENTRE
RC POS 22 id 10 seat 3 role raid fs 1 body 2 pos 8,8 stuck 19
RC WALK 22 id 10 role raid pos 8,8 tgt 6,9 want WEST
RC POS 22 id 13 seat 4 role defend fs 0 body 1 pos 1,3 stuck 0
RC WALK 22 id 13 role defend pos 1,3 tgt 2,1 want NORTH
V527I SEALNT 23 ph 5 fwd 0 hv 3
RC POS 23 id 3 seat 0 role raid fs 1 body 1 pos 4,4 stuck 0
RC WALK 23 id 3 role raid pos 4,4 tgt 4,6 want EAST
RC POS 23 id 5 seat 1 role expand fs 0 body 1 pos 4,2 stuck 0
RC POS 23 id 7 seat 2 role expand fs 0 body 1 pos 7,1 stuck 1
RC WALK 23 id 7 role expand pos 7,1 tgt 8,1 want EAST
RC POS 23 id 10 seat 3 role raid fs 1 body 2 pos 8,8 stuck 21
RC WALK 23 id 10 role raid pos 8,8 tgt 6,9 want WEST
RC POS 23 id 13 seat 4 role defend fs 0 body 1 pos 1,2 stuck 0
RC WALK 23 id 13 role defend pos 1,2 tgt 3,1 want NORTH
V527I SEALNT 24 ph 5 fwd 0 hv 3
RC POS 24 id 3 seat 0 role raid fs 1 body 1 pos 5,4 stuck 0
RC WALK 24 id 3 role raid pos 5,4 tgt 5,6 want SOUTH
RC POS 24 id 5 seat 1 role expand fs 0 body 1 pos 4,2 stuck 1
RC WALK 24 id 5 role expand pos 4,2 tgt 3,6 want SOUTH
RC POS 24 id 7 seat 2 role expand fs 0 body 1 pos 8,1 stuck 0
V528 PICK r 24 id 7 tgt 8,1 cs 9 bs 9 reg 0 cc 3 bc 3 cands 2 banned 0 regall 0 seat 2
RC WALK 24 id 7 role expand pos 8,1 tgt 7,1 want WEST
RC POS 24 id 10 seat 3 role raid fs 1 body 2 pos 8,8 stuck 23
RC WALK 24 id 10 role raid pos 8,8 tgt 6,9 want WEST
RC POS 24 id 13 seat 4 role defend fs 0 body 1 pos 1,1 stuck 0
RC WALK 24 id 13 role defend pos 1,1 tgt 4,1 want EAST
V527I SEALNT 25 ph 5 fwd 0 hv 3
RC POS 25 id 3 seat 0 role raid fs 1 body 1 pos 4,4 stuck 0
RC WALK 25 id 3 role raid pos 4,4 tgt 4,6 want EAST
RC POS 25 id 5 seat 1 role expand fs 0 body 1 pos 4,3 stuck 0
RC WALK 25 id 5 role expand pos 4,3 tgt 3,6 want EAST
RC POS 25 id 7 seat 2 role expand fs 0 body 1 pos 7,1 stuck 0
V528 PICK r 25 id 7 tgt 8,1 cs 10 bs 10 reg 0 cc 3 bc 3 cands 2 banned 0 regall 0 seat 2
RC WALK 25 id 7 role expand pos 7,1 tgt 8,1 want CENTRE
RC POS 25 id 10 seat 3 role raid fs 1 body 2 pos 8,8 stuck 25
RC WALK 25 id 10 role raid pos 8,8 tgt 5,8 want WEST
RC POS 25 id 13 seat 4 role defend fs 0 body 1 pos 2,1 stuck 0
RC WALK 25 id 13 role defend pos 2,1 tgt 5,1 want EAST
V527I SEALNT 26 ph 5 fwd 0 hv 3
RC POS 26 id 3 seat 0 role raid fs 1 body 1 pos 5,4 stuck 0
RC WALK 26 id 3 role raid pos 5,4 tgt 5,6 want SOUTH
RC POS 26 id 5 seat 1 role expand fs 0 body 1 pos 5,3 stuck 0
RC POS 26 id 7 seat 2 role expand fs 0 body 1 pos 7,1 stuck 1
RC WALK 26 id 7 role expand pos 7,1 tgt 8,1 want CENTRE
RC POS 26 id 10 seat 3 role raid fs 1 body 2 pos 8,8 stuck 27
RC WALK 26 id 10 role raid pos 8,8 tgt 5,8 want WEST
RC POS 26 id 13 seat 4 role defend fs 0 body 1 pos 3,1 stuck 0
RC WALK 26 id 13 role defend pos 3,1 tgt 6,1 want EAST
V527I SEALNT 27 ph 5 fwd 0 hv 3
RC POS 27 id 3 seat 0 role raid fs 1 body 1 pos 4,4 stuck 0
RC WALK 27 id 3 role raid pos 4,4 tgt 4,6 want EAST
RC POS 27 id 5 seat 1 role expand fs 0 body 1 pos 5,3 stuck 1
RC WALK 27 id 5 role expand pos 5,3 tgt 3,6 want EAST
RC POS 27 id 7 seat 2 role expand fs 0 body 1 pos 7,1 stuck 2
RC WALK 27 id 7 role expand pos 7,1 tgt 8,1 want CENTRE
RC POS 27 id 10 seat 3 role raid fs 1 body 2 pos 8,8 stuck 29
RC WALK 27 id 10 role raid pos 8,8 tgt 5,8 want WEST
RC POS 27 id 13 seat 4 role defend fs 0 body 1 pos 4,1 stuck 0
RC WALK 27 id 13 role defend pos 4,1 tgt 6,1 want EAST
V527I SEALNT 28 ph 5 fwd 0 hv 3
RC POS 28 id 3 seat 0 role raid fs 1 body 1 pos 5,4 stuck 0
RC WALK 28 id 3 role raid pos 5,4 tgt 5,6 want SOUTH
RC POS 28 id 7 seat 2 role expand fs 0 body 1 pos 7,1 stuck 3
RC WALK 28 id 7 role expand pos 7,1 tgt 8,1 want CENTRE
RC POS 28 id 10 seat 3 role raid fs 1 body 2 pos 8,8 stuck 31
RC WALK 28 id 10 role raid pos 8,8 tgt 6,9 want WEST
RC POS 28 id 13 seat 4 role defend fs 0 body 1 pos 5,1 stuck 0
RC WALK 28 id 13 role defend pos 5,1 tgt 6,1 want CENTRE
V527I SEALNT 29 ph 5 fwd 0 hv 3
RC POS 29 id 3 seat 0 role raid fs 1 body 1 pos 4,4 stuck 0
RC WALK 29 id 3 role raid pos 4,4 tgt 4,6 want EAST
RC POS 29 id 7 seat 2 role expand fs 0 body 1 pos 7,1 stuck 4
RC WALK 29 id 7 role expand pos 7,1 tgt 8,1 want CENTRE
RC POS 29 id 10 seat 3 role raid fs 1 body 2 pos 8,8 stuck 33
RC WALK 29 id 10 role raid pos 8,8 tgt 6,9 want WEST
RC POS 29 id 13 seat 4 role defend fs 0 body 1 pos 5,1 stuck 1
RC WALK 29 id 13 role defend pos 5,1 tgt 6,1 want CENTRE
V527I SEALNT 30 ph 5 fwd 0 hv 3
RC POS 30 id 3 seat 0 role raid fs 1 body 1 pos 5,4 stuck 0
RC WALK 30 id 3 role raid pos 5,4 tgt 5,6 want SOUTH
RC POS 30 id 7 seat 2 role expand fs 0 body 1 pos 7,1 stuck 5
V528 PICK r 30 id 7 tgt 3,9 cs 33 bs 33 reg 0 cc 7 bc 7 cands 2 banned 1 regall 23 seat 2
RC WALK 30 id 7 role expand pos 7,1 tgt 3,9 want WEST
RC POS 30 id 10 seat 3 role raid fs 1 body 2 pos 8,8 stuck 35
RC WALK 30 id 10 role raid pos 8,8 tgt 6,9 want WEST
RC POS 30 id 13 seat 4 role defend fs 0 body 1 pos 5,1 stuck 2
RC WALK 30 id 13 role defend pos 5,1 tgt 6,1 want CENTRE
V527I SEALNT 31 ph 5 fwd 0 hv 3
RC POS 31 id 3 seat 0 role raid fs 1 body 1 pos 4,4 stuck 0
RC WALK 31 id 3 role raid pos 4,4 tgt 4,6 want EAST
RC POS 31 id 7 seat 2 role expand fs 0 body 1 pos 7,1 stuck 2
RC WALK 31 id 7 role expand pos 7,1 tgt 3,9 want WEST
RC POS 31 id 10 seat 3 role raid fs 1 body 2 pos 8,8 stuck 37
RC WALK 31 id 10 role raid pos 8,8 tgt 6,9 want WEST
RC POS 31 id 13 seat 4 role defend fs 0 body 1 pos 5,1 stuck 3
RC WALK 31 id 13 role defend pos 5,1 tgt 6,1 want CENTRE
V527I SEALNT 32 ph 5 fwd 0 hv 3
RC POS 32 id 3 seat 0 role raid fs 1 body 1 pos 5,4 stuck 0
RC WALK 32 id 3 role raid pos 5,4 tgt 5,6 want SOUTH
RC POS 32 id 7 seat 2 role expand fs 0 body 1 pos 7,1 stuck 4
RC WALK 32 id 7 role expand pos 7,1 tgt 3,9 want WEST
RC POS 32 id 10 seat 3 role raid fs 1 body 2 pos 8,8 stuck 39
RC WALK 32 id 10 role raid pos 8,8 tgt 6,9 want WEST
RC POS 32 id 13 seat 4 role defend fs 0 body 1 pos 5,1 stuck 4
V527I SEALNT 33 ph 5 fwd 0 hv 3
RC POS 33 id 3 seat 0 role raid fs 1 body 1 pos 4,4 stuck 0
RC WALK 33 id 3 role raid pos 4,4 tgt 4,6 want EAST
RC POS 33 id 7 seat 2 role expand fs 0 body 1 pos 7,1 stuck 6
V528 PICK r 33 id 7 tgt 8,1 cs 10 bs 10 reg 0 cc 3 bc 3 cands 2 banned 2 regall 0 seat 2
RC WALK 33 id 7 role expand pos 7,1 tgt 8,1 want CENTRE
RC POS 33 id 10 seat 3 role raid fs 1 body 2 pos 8,8 stuck 41
RC WALK 33 id 10 role raid pos 8,8 tgt 6,9 want WEST
RC POS 33 id 13 seat 4 role defend fs 0 body 1 pos 5,1 stuck 5
RC WALK 33 id 13 role defend pos 5,1 tgt 1,7 want WEST
V527I SEALNT 34 ph 5 fwd 0 hv 3
RC POS 34 id 3 seat 0 role raid fs 1 body 1 pos 5,4 stuck 0
RC WALK 34 id 3 role raid pos 5,4 tgt 5,6 want SOUTH
RC POS 34 id 7 seat 2 role expand fs 0 body 1 pos 7,1 stuck 1
RC WALK 34 id 7 role expand pos 7,1 tgt 8,1 want EAST
RC POS 34 id 10 seat 3 role raid fs 1 body 2 pos 8,8 stuck 43
RC WALK 34 id 10 role raid pos 8,8 tgt 6,9 want WEST
RC POS 34 id 13 seat 4 role defend fs 0 body 1 pos 4,1 stuck 0
RC WALK 34 id 13 role defend pos 4,1 tgt 1,7 want WEST
V527I SEALNT 35 ph 5 fwd 0 hv 3
RC POS 35 id 3 seat 0 role raid fs 1 body 1 pos 4,4 stuck 0
RC WALK 35 id 3 role raid pos 4,4 tgt 4,6 want EAST
RC POS 35 id 7 seat 2 role expand fs 0 body 1 pos 8,1 stuck 0
V528 PICK r 35 id 7 tgt 8,1 cs 9 bs 9 reg 0 cc 3 bc 3 cands 2 banned 2 regall 0 seat 2
RC WALK 35 id 7 role expand pos 8,1 tgt 7,1 want WEST
RC POS 35 id 10 seat 3 role raid fs 1 body 2 pos 8,8 stuck 45
RC WALK 35 id 10 role raid pos 8,8 tgt 6,9 want WEST
RC POS 35 id 13 seat 4 role defend fs 0 body 1 pos 3,1 stuck 0
RC WALK 35 id 13 role defend pos 3,1 tgt 1,7 want EAST
V527I SEALNT 36 ph 5 fwd 0 hv 3
RC POS 36 id 3 seat 0 role raid fs 1 body 1 pos 5,4 stuck 0
RC WALK 36 id 3 role raid pos 5,4 tgt 5,6 want SOUTH
RC POS 36 id 7 seat 2 role expand fs 0 body 1 pos 7,1 stuck 0
V528 PICK r 36 id 7 tgt 8,1 cs 22 bs 22 reg 0 cc 7 bc 7 cands 2 banned 2 regall 0 seat 2
RC WALK 36 id 7 role expand pos 7,1 tgt 8,1 want CENTRE
RC POS 36 id 10 seat 3 role raid fs 1 body 2 pos 8,8 stuck 47
RC WALK 36 id 10 role raid pos 8,8 tgt 6,9 want WEST
RC POS 36 id 13 seat 4 role defend fs 0 body 1 pos 4,1 stuck 0
RC WALK 36 id 13 role defend pos 4,1 tgt 1,7 want WEST
V527I SEALNT 37 ph 5 fwd 0 hv 3
RC POS 37 id 3 seat 0 role raid fs 1 body 1 pos 4,4 stuck 0
RC WALK 37 id 3 role raid pos 4,4 tgt 4,6 want EAST
RC POS 37 id 7 seat 2 role expand fs 0 body 1 pos 7,1 stuck 1
RC WALK 37 id 7 role expand pos 7,1 tgt 8,1 want CENTRE
RC POS 37 id 10 seat 3 role raid fs 1 body 2 pos 8,8 stuck 49
RC WALK 37 id 10 role raid pos 8,8 tgt 6,9 want WEST
RC POS 37 id 13 seat 4 role defend fs 0 body 1 pos 3,1 stuck 0
RC WALK 37 id 13 role defend pos 3,1 tgt 1,7 want EAST
V527I SEALNT 38 ph 5 fwd 0 hv 3
RC POS 38 id 3 seat 0 role raid fs 1 body 1 pos 5,4 stuck 0
RC WALK 38 id 3 role raid pos 5,4 tgt 5,6 want SOUTH
RC POS 38 id 7 seat 2 role expand fs 0 body 1 pos 7,1 stuck 2
RC WALK 38 id 7 role expand pos 7,1 tgt 8,1 want CENTRE
RC POS 38 id 10 seat 3 role raid fs 1 body 2 pos 8,8 stuck 51
RC WALK 38 id 10 role raid pos 8,8 tgt 6,9 want WEST
RC POS 38 id 13 seat 4 role defend fs 0 body 1 pos 4,1 stuck 0
RC WALK 38 id 13 role defend pos 4,1 tgt 1,7 want WEST
V527I SEALNT 39 ph 5 fwd 0 hv 3
RC POS 39 id 3 seat 0 role raid fs 1 body 1 pos 4,4 stuck 0
RC WALK 39 id 3 role raid pos 4,4 tgt 4,6 want EAST
RC POS 39 id 7 seat 2 role expand fs 0 body 1 pos 7,1 stuck 3
RC WALK 39 id 7 role expand pos 7,1 tgt 8,1 want CENTRE
RC POS 39 id 10 seat 3 role raid fs 1 body 2 pos 8,8 stuck 53
RC WALK 39 id 10 role raid pos 8,8 tgt 6,9 want WEST
RC POS 39 id 13 seat 4 role defend fs 0 body 1 pos 3,1 stuck 0
RC WALK 39 id 13 role defend pos 3,1 tgt 1,7 want EAST
V527I SEALNT 40 ph 5 fwd 0 hv 3
RC POS 40 id 3 seat 0 role raid fs 1 body 1 pos 5,4 stuck 0
RC WALK 40 id 3 role raid pos 5,4 tgt 5,6 want SOUTH
RC POS 40 id 7 seat 2 role expand fs 0 body 1 pos 7,1 stuck 4
RC WALK 40 id 7 role expand pos 7,1 tgt 8,1 want CENTRE
RC POS 40 id 10 seat 3 role raid fs 1 body 2 pos 8,8 stuck 55
RC WALK 40 id 10 role raid pos 8,8 tgt 6,9 want WEST
RC POS 40 id 13 seat 4 role defend fs 0 body 1 pos 4,1 stuck 0
RC WALK 40 id 13 role defend pos 4,1 tgt 1,7 want WEST
V527I SEALNT 41 ph 5 fwd 0 hv 3
RC POS 41 id 3 seat 0 role raid fs 1 body 1 pos 4,4 stuck 0
RC WALK 41 id 3 role raid pos 4,4 tgt 4,6 want EAST
RC POS 41 id 7 seat 2 role expand fs 0 body 1 pos 7,1 stuck 5
V528 PICK r 41 id 7 tgt 8,1 cs 22 bs 22 reg 0 cc 7 bc 7 cands 2 banned 2 regall 0 seat 2
RC WALK 41 id 7 role expand pos 7,1 tgt 8,1 want CENTRE
RC POS 41 id 10 seat 3 role raid fs 1 body 2 pos 8,8 stuck 57
RC WALK 41 id 10 role raid pos 8,8 tgt 6,9 want WEST
RC POS 41 id 13 seat 4 role defend fs 0 body 1 pos 3,1 stuck 0
RC WALK 41 id 13 role defend pos 3,1 tgt 1,7 want EAST
V527I SEALNT 42 ph 5 fwd 0 hv 3
RC POS 42 id 3 seat 0 role raid fs 1 body 1 pos 5,4 stuck 0
RC WALK 42 id 3 role raid pos 5,4 tgt 5,6 want SOUTH
RC POS 42 id 7 seat 2 role expand fs 0 body 1 pos 7,1 stuck 1
RC WALK 42 id 7 role expand pos 7,1 tgt 8,1 want EAST
RC POS 42 id 10 seat 3 role raid fs 1 body 2 pos 8,8 stuck 59
RC WALK 42 id 10 role raid pos 8,8 tgt 5,8 want WEST
RC POS 42 id 13 seat 4 role defend fs 0 body 1 pos 4,1 stuck 0
RC WALK 42 id 13 role defend pos 4,1 tgt 1,7 want WEST
V527I SEALNT 43 ph 5 fwd 0 hv 3
RC POS 43 id 3 seat 0 role raid fs 1 body 1 pos 4,4 stuck 0
RC WALK 43 id 3 role raid pos 4,4 tgt 4,6 want EAST
RC POS 43 id 7 seat 2 role expand fs 0 body 1 pos 8,1 stuck 0
V528 PICK r 43 id 7 tgt 8,1 cs 21 bs 21 reg 0 cc 7 bc 7 cands 2 banned 2 regall 0 seat 2
RC WALK 43 id 7 role expand pos 8,1 tgt 7,1 want WEST
RC POS 43 id 10 seat 3 role raid fs 1 body 2 pos 8,8 stuck 61
RC WALK 43 id 10 role raid pos 8,8 tgt 5,8 want WEST
RC POS 43 id 13 seat 4 role defend fs 0 body 1 pos 3,1 stuck 0
RC WALK 43 id 13 role defend pos 3,1 tgt 1,7 want EAST
V527I SEALNT 44 ph 5 fwd 0 hv 3
RC POS 44 id 3 seat 0 role raid fs 1 body 1 pos 5,4 stuck 0
RC WALK 44 id 3 role raid pos 5,4 tgt 5,6 want SOUTH
RC POS 44 id 7 seat 2 role expand fs 0 body 1 pos 7,1 stuck 0
V528 PICK r 44 id 7 tgt 8,1 cs 22 bs 22 reg 0 cc 7 bc 7 cands 2 banned 2 regall 0 seat 2
RC WALK 44 id 7 role expand pos 7,1 tgt 8,1 want CENTRE
RC POS 44 id 10 seat 3 role raid fs 1 body 2 pos 8,8 stuck 63
RC WALK 44 id 10 role raid pos 8,8 tgt 5,8 want WEST
RC POS 44 id 13 seat 4 role defend fs 0 body 1 pos 4,1 stuck 0
RC WALK 44 id 13 role defend pos 4,1 tgt 1,7 want WEST
V527I SEALNT 45 ph 5 fwd 0 hv 3
RC POS 45 id 3 seat 0 role raid fs 1 body 1 pos 4,4 stuck 0
RC WALK 45 id 3 role raid pos 4,4 tgt 4,6 want EAST
RC POS 45 id 7 seat 2 role expand fs 0 body 1 pos 7,1 stuck 1
RC WALK 45 id 7 role expand pos 7,1 tgt 8,1 want EAST
RC POS 45 id 10 seat 3 role raid fs 1 body 2 pos 8,8 stuck 65
RC WALK 45 id 10 role raid pos 8,8 tgt 6,9 want WEST
RC POS 45 id 13 seat 4 role defend fs 0 body 1 pos 3,1 stuck 0
RC WALK 45 id 13 role defend pos 3,1 tgt 1,7 want NORTH
V527I SEALNT 46 ph 5 fwd 0 hv 3
RC POS 46 id 3 seat 0 role raid fs 1 body 1 pos 5,4 stuck 0
RC WALK 46 id 3 role raid pos 5,4 tgt 5,6 want SOUTH
RC POS 46 id 7 seat 2 role expand fs 0 body 1 pos 8,1 stuck 0
V528 PICK r 46 id 7 tgt 8,1 cs 21 bs 21 reg 0 cc 7 bc 7 cands 2 banned 2 regall 0 seat 2
RC WALK 46 id 7 role expand pos 8,1 tgt 7,1 want WEST
RC POS 46 id 10 seat 3 role raid fs 1 body 2 pos 8,8 stuck 67
RC WALK 46 id 10 role raid pos 8,8 tgt 6,9 want WEST
RC POS 46 id 13 seat 4 role defend fs 0 body 1 pos 3,0 stuck 0
RC WALK 46 id 13 role defend pos 3,0 tgt 1,7 want SOUTH
V527I SEALNT 47 ph 5 fwd 0 hv 3
RC POS 47 id 3 seat 0 role raid fs 1 body 1 pos 4,4 stuck 0
RC WALK 47 id 3 role raid pos 4,4 tgt 4,6 want EAST
RC POS 47 id 7 seat 2 role expand fs 0 body 1 pos 7,1 stuck 0
V528 PICK r 47 id 7 tgt 8,1 cs 22 bs 22 reg 0 cc 7 bc 7 cands 2 banned 2 regall 0 seat 2
RC WALK 47 id 7 role expand pos 7,1 tgt 8,1 want CENTRE
RC POS 47 id 10 seat 3 role raid fs 1 body 2 pos 8,8 stuck 69
RC WALK 47 id 10 role raid pos 8,8 tgt 6,9 want WEST
RC POS 47 id 13 seat 4 role defend fs 0 body 1 pos 3,1 stuck 0
RC WALK 47 id 13 role defend pos 3,1 tgt 1,7 want NORTH
V527I SEALNT 48 ph 5 fwd 0 hv 3
RC POS 48 id 3 seat 0 role raid fs 1 body 1 pos 5,4 stuck 0
RC WALK 48 id 3 role raid pos 5,4 tgt 5,6 want SOUTH
RC POS 48 id 7 seat 2 role expand fs 0 body 1 pos 7,1 stuck 1
RC WALK 48 id 7 role expand pos 7,1 tgt 8,1 want EAST
RC POS 48 id 10 seat 3 role raid fs 1 body 2 pos 8,8 stuck 71
RC WALK 48 id 10 role raid pos 8,8 tgt 6,9 want WEST
RC POS 48 id 13 seat 4 role defend fs 0 body 1 pos 3,0 stuck 0
RC WALK 48 id 13 role defend pos 3,0 tgt 1,7 want SOUTH
V527I SEALNT 49 ph 5 fwd 0 hv 3
RC POS 49 id 3 seat 0 role raid fs 1 body 1 pos 4,4 stuck 0
RC WALK 49 id 3 role raid pos 4,4 tgt 4,6 want EAST
RC POS 49 id 7 seat 2 role expand fs 0 body 1 pos 8,1 stuck 0
V528 PICK r 49 id 7 tgt 8,1 cs 21 bs 21 reg 0 cc 7 bc 7 cands 2 banned 2 regall 0 seat 2
RC WALK 49 id 7 role expand pos 8,1 tgt 7,1 want WEST
RC POS 49 id 10 seat 3 role raid fs 1 body 2 pos 8,8 stuck 73
RC WALK 49 id 10 role raid pos 8,8 tgt 6,9 want WEST
RC POS 49 id 13 seat 4 role defend fs 0 body 1 pos 3,1 stuck 0
RC WALK 49 id 13 role defend pos 3,1 tgt 1,7 want NORTH
V527I SEALNT 50 ph 5 fwd 0 hv 3
RC POS 50 id 3 seat 0 role raid fs 1 body 1 pos 5,4 stuck 0
RC WALK 50 id 3 role raid pos 5,4 tgt 5,6 want SOUTH
RC POS 50 id 7 seat 2 role expand fs 0 body 1 pos 7,1 stuck 0
V528 PICK r 50 id 7 tgt 8,1 cs 22 bs 22 reg 0 cc 7 bc 7 cands 2 banned 2 regall 0 seat 2
RC WALK 50 id 7 role expand pos 7,1 tgt 8,1 want CENTRE
RC POS 50 id 10 seat 3 role raid fs 1 body 2 pos 8,8 stuck 75
RC WALK 50 id 10 role raid pos 8,8 tgt 6,9 want WEST
RC POS 50 id 13 seat 4 role defend fs 0 body 1 pos 3,0 stuck 0
RC WALK 50 id 13 role defend pos 3,0 tgt 1,7 want SOUTH
V527I SEALNT 51 ph 5 fwd 0 hv 3
RC POS 51 id 3 seat 0 role raid fs 1 body 1 pos 4,4 stuck 0
RC WALK 51 id 3 role raid pos 4,4 tgt 4,6 want EAST
RC POS 51 id 7 seat 2 role expand fs 0 body 1 pos 7,1 stuck 1
RC WALK 51 id 7 role expand pos 7,1 tgt 8,1 want CENTRE
RC POS 51 id 10 seat 3 role raid fs 1 body 2 pos 8,8 stuck 77
RC WALK 51 id 10 role raid pos 8,8 tgt 6,9 want WEST
RC POS 51 id 13 seat 4 role defend fs 0 body 1 pos 3,1 stuck 0
RC WALK 51 id 13 role defend pos 3,1 tgt 1,7 want NORTH
V527I SEALNT 52 ph 5 fwd 0 hv 3
RC POS 52 id 3 seat 0 role raid fs 1 body 1 pos 5,4 stuck 0
RC WALK 52 id 3 role raid pos 5,4 tgt 5,6 want SOUTH
RC POS 52 id 7 seat 2 role expand fs 0 body 1 pos 7,1 stuck 2
RC WALK 52 id 7 role expand pos 7,1 tgt 8,1 want CENTRE
RC POS 52 id 10 seat 3 role raid fs 1 body 2 pos 8,8 stuck 79
RC WALK 52 id 10 role raid pos 8,8 tgt 6,9 want WEST
RC POS 52 id 13 seat 4 role defend fs 0 body 1 pos 3,0 stuck 0
RC WALK 52 id 13 role defend pos 3,0 tgt 4,2 want SOUTH
V527I SEALNT 53 ph 5 fwd 0 hv 3
RC POS 53 id 3 seat 0 role raid fs 1 body 1 pos 4,4 stuck 0
RC WALK 53 id 3 role raid pos 4,4 tgt 4,6 want EAST
RC POS 53 id 7 seat 2 role expand fs 0 body 1 pos 7,1 stuck 3
RC WALK 53 id 7 role expand pos 7,1 tgt 8,1 want CENTRE
RC POS 53 id 10 seat 3 role raid fs 1 body 2 pos 8,8 stuck 81
RC WALK 53 id 10 role raid pos 8,8 tgt 6,9 want WEST
RC POS 53 id 13 seat 4 role defend fs 0 body 1 pos 3,1 stuck 0
RC WALK 53 id 13 role defend pos 3,1 tgt 4,2 want EAST
V527I SEALNT 54 ph 5 fwd 0 hv 3
RC POS 54 id 3 seat 0 role raid fs 1 body 1 pos 5,4 stuck 0
RC WALK 54 id 3 role raid pos 5,4 tgt 5,6 want SOUTH
RC POS 54 id 7 seat 2 role expand fs 0 body 1 pos 7,1 stuck 4
RC WALK 54 id 7 role expand pos 7,1 tgt 8,1 want CENTRE
RC POS 54 id 10 seat 3 role raid fs 1 body 2 pos 8,8 stuck 83
RC WALK 54 id 10 role raid pos 8,8 tgt 6,9 want WEST
RC POS 54 id 13 seat 4 role defend fs 0 body 1 pos 3,0 stuck 0
RC WALK 54 id 13 role defend pos 3,0 tgt 4,2 want SOUTH
V527I SEALNT 55 ph 5 fwd 0 hv 3
RC POS 55 id 3 seat 0 role raid fs 1 body 1 pos 4,4 stuck 0
RC WALK 55 id 3 role raid pos 4,4 tgt 4,6 want EAST
RC POS 55 id 7 seat 2 role expand fs 0 body 1 pos 7,1 stuck 5
V528 PICK r 55 id 7 tgt 8,1 cs 22 bs 22 reg 0 cc 7 bc 7 cands 2 banned 2 regall 0 seat 2
RC WALK 55 id 7 role expand pos 7,1 tgt 8,1 want CENTRE
RC POS 55 id 10 seat 3 role raid fs 1 body 2 pos 8,8 stuck 85
RC WALK 55 id 10 role raid pos 8,8 tgt 6,9 want WEST
RC POS 55 id 13 seat 4 role defend fs 0 body 1 pos 3,1 stuck 0
RC WALK 55 id 13 role defend pos 3,1 tgt 4,2 want EAST
V527I SEALNT 56 ph 5 fwd 0 hv 3
RC POS 56 id 3 seat 0 role raid fs 1 body 1 pos 5,4 stuck 0
RC WALK 56 id 3 role raid pos 5,4 tgt 5,6 want SOUTH
RC POS 56 id 7 seat 2 role expand fs 0 body 1 pos 7,1 stuck 1
RC WALK 56 id 7 role expand pos 7,1 tgt 8,1 want CENTRE
RC POS 56 id 10 seat 3 role raid fs 1 body 2 pos 8,8 stuck 87
RC WALK 56 id 10 role raid pos 8,8 tgt 6,9 want WEST
RC POS 56 id 13 seat 4 role defend fs 0 body 1 pos 3,0 stuck 0
RC WALK 56 id 13 role defend pos 3,0 tgt 4,2 want SOUTH
V527I SEALNT 57 ph 5 fwd 0 hv 3
RC POS 57 id 3 seat 0 role raid fs 1 body 1 pos 4,4 stuck 0
RC WALK 57 id 3 role raid pos 4,4 tgt 4,6 want EAST
RC POS 57 id 7 seat 2 role expand fs 0 body 1 pos 7,1 stuck 2
RC WALK 57 id 7 role expand pos 7,1 tgt 8,1 want CENTRE
RC POS 57 id 10 seat 3 role raid fs 1 body 2 pos 8,8 stuck 89
RC WALK 57 id 10 role raid pos 8,8 tgt 6,9 want WEST
RC POS 57 id 13 seat 4 role defend fs 0 body 1 pos 3,1 stuck 0
RC WALK 57 id 13 role defend pos 3,1 tgt 1,7 want NORTH
V527I SEALNT 58 ph 5 fwd 0 hv 3
RC POS 58 id 3 seat 0 role raid fs 1 body 1 pos 5,4 stuck 0
RC WALK 58 id 3 role raid pos 5,4 tgt 5,6 want SOUTH
RC POS 58 id 7 seat 2 role expand fs 0 body 1 pos 7,1 stuck 3
RC WALK 58 id 7 role expand pos 7,1 tgt 8,1 want CENTRE
RC POS 58 id 10 seat 3 role raid fs 1 body 2 pos 8,8 stuck 91
RC WALK 58 id 10 role raid pos 8,8 tgt 6,9 want WEST
RC POS 58 id 13 seat 4 role defend fs 0 body 1 pos 3,0 stuck 0
RC WALK 58 id 13 role defend pos 3,0 tgt 1,7 want SOUTH
V527I SEALNT 59 ph 5 fwd 0 hv 3
RC POS 59 id 3 seat 0 role raid fs 1 body 1 pos 4,4 stuck 0
RC WALK 59 id 3 role raid pos 4,4 tgt 4,6 want EAST
RC POS 59 id 7 seat 2 role expand fs 0 body 1 pos 7,1 stuck 4
RC WALK 59 id 7 role expand pos 7,1 tgt 8,1 want CENTRE
RC POS 59 id 10 seat 3 role raid fs 1 body 2 pos 8,8 stuck 93
RC WALK 59 id 10 role raid pos 8,8 tgt 6,9 want WEST
RC POS 59 id 13 seat 4 role defend fs 0 body 1 pos 3,1 stuck 0
RC WALK 59 id 13 role defend pos 3,1 tgt 1,7 want NORTH
V527I SEALNT 60 ph 5 fwd 0 hv 3
RC POS 60 id 3 seat 0 role raid fs 1 body 1 pos 5,4 stuck 0
RC WALK 60 id 3 role raid pos 5,4 tgt 5,6 want SOUTH
RC POS 60 id 7 seat 2 role expand fs 0 body 1 pos 7,1 stuck 5
V528 PICK r 60 id 7 tgt 3,9 cs 33 bs 33 reg 0 cc 7 bc 7 cands 2 banned 1 regall 11 seat 2
RC WALK 60 id 7 role expand pos 7,1 tgt 3,9 want EAST
RC POS 60 id 10 seat 3 role raid fs 1 body 2 pos 8,8 stuck 95
RC WALK 60 id 10 role raid pos 8,8 tgt 6,9 want WEST
RC POS 60 id 13 seat 4 role defend fs 0 body 1 pos 3,0 stuck 0
RC WALK 60 id 13 role defend pos 3,0 tgt 1,7 want SOUTH
V527I SEALNT 61 ph 5 fwd 0 hv 3
RC POS 61 id 3 seat 0 role raid fs 1 body 1 pos 4,4 stuck 0
RC WALK 61 id 3 role raid pos 4,4 tgt 4,6 want EAST
RC POS 61 id 7 seat 2 role expand fs 0 body 1 pos 6,1 stuck 0
RC WALK 61 id 7 role expand pos 6,1 tgt 3,9 want WEST
RC POS 61 id 10 seat 3 role raid fs 1 body 2 pos 8,8 stuck 97
RC WALK 61 id 10 role raid pos 8,8 tgt 6,9 want WEST
RC POS 61 id 13 seat 4 role defend fs 0 body 1 pos 3,1 stuck 0
RC WALK 61 id 13 role defend pos 3,1 tgt 1,7 want NORTH
V527I SEALNT 62 ph 5 fwd 0 hv 3
RC POS 62 id 3 seat 0 role raid fs 1 body 1 pos 5,4 stuck 0
RC WALK 62 id 3 role raid pos 5,4 tgt 5,6 want SOUTH
RC POS 62 id 7 seat 2 role expand fs 0 body 1 pos 5,1 stuck 0
RC WALK 62 id 7 role expand pos 5,1 tgt 3,9 want NORTH
RC POS 62 id 10 seat 3 role raid fs 1 body 2 pos 8,8 stuck 99
RC WALK 62 id 10 role raid pos 8,8 tgt 6,9 want WEST
RC POS 62 id 13 seat 4 role defend fs 0 body 1 pos 3,0 stuck 0
RC WALK 62 id 13 role defend pos 3,0 tgt 1,7 want SOUTH
V527I SEALNT 63 ph 5 fwd 0 hv 3
RC POS 63 id 3 seat 0 role raid fs 1 body 1 pos 4,4 stuck 0
RC WALK 63 id 3 role raid pos 4,4 tgt 4,6 want EAST
RC POS 63 id 7 seat 2 role expand fs 0 body 1 pos 5,0 stuck 0
RC WALK 63 id 7 role expand pos 5,0 tgt 3,9 want WEST
RC POS 63 id 10 seat 3 role raid fs 1 body 2 pos 8,8 stuck 101
RC WALK 63 id 10 role raid pos 8,8 tgt 6,9 want WEST
RC POS 63 id 13 seat 4 role defend fs 0 body 1 pos 3,1 stuck 0
RC WALK 63 id 13 role defend pos 3,1 tgt 1,7 want NORTH
V527I SEALNT 64 ph 5 fwd 0 hv 3
RC POS 64 id 3 seat 0 role raid fs 1 body 1 pos 5,4 stuck 0
RC WALK 64 id 3 role raid pos 5,4 tgt 5,6 want SOUTH
RC POS 64 id 7 seat 2 role expand fs 0 body 1 pos 4,0 stuck 0
RC WALK 64 id 7 role expand pos 4,0 tgt 3,9 want WEST
RC POS 64 id 10 seat 3 role raid fs 1 body 2 pos 8,8 stuck 103
RC WALK 64 id 10 role raid pos 8,8 tgt 6,9 want WEST
RC POS 64 id 13 seat 4 role defend fs 0 body 1 pos 3,0 stuck 0
RC WALK 64 id 13 role defend pos 3,0 tgt 1,7 want SOUTH
V527I SEALNT 65 ph 5 fwd 0 hv 3
RC POS 65 id 3 seat 0 role raid fs 1 body 1 pos 4,4 stuck 0
RC WALK 65 id 3 role raid pos 4,4 tgt 4,6 want EAST
RC POS 65 id 7 seat 2 role expand fs 0 body 1 pos 4,0 stuck 2
RC WALK 65 id 7 role expand pos 4,0 tgt 3,9 want WEST
RC POS 65 id 10 seat 3 role raid fs 1 body 2 pos 8,8 stuck 105
RC WALK 65 id 10 role raid pos 8,8 tgt 6,9 want WEST
RC POS 65 id 13 seat 4 role defend fs 0 body 1 pos 3,1 stuck 0
RC WALK 65 id 13 role defend pos 3,1 tgt 1,7 want NORTH
V527I SEALNT 66 ph 5 fwd 0 hv 3
RC POS 66 id 3 seat 0 role raid fs 1 body 1 pos 5,4 stuck 0
RC WALK 66 id 3 role raid pos 5,4 tgt 5,6 want SOUTH
RC POS 66 id 7 seat 2 role expand fs 0 body 1 pos 3,0 stuck 0
RC WALK 66 id 7 role expand pos 3,0 tgt 3,9 want SOUTH
RC POS 66 id 10 seat 3 role raid fs 1 body 2 pos 8,8 stuck 107
RC WALK 66 id 10 role raid pos 8,8 tgt 6,9 want WEST
RC POS 66 id 13 seat 4 role defend fs 0 body 1 pos 2,1 stuck 0
RC WALK 66 id 13 role defend pos 2,1 tgt 1,7 want EAST
V527I SEALNT 67 ph 5 fwd 0 hv 3
RC POS 67 id 3 seat 0 role raid fs 1 body 1 pos 4,4 stuck 0
RC WALK 67 id 3 role raid pos 4,4 tgt 4,6 want EAST
RC POS 67 id 7 seat 2 role expand fs 0 body 1 pos 3,1 stuck 0
RC WALK 67 id 7 role expand pos 3,1 tgt 3,9 want NORTH
RC POS 67 id 10 seat 3 role raid fs 1 body 2 pos 8,8 stuck 109
RC WALK 67 id 10 role raid pos 8,8 tgt 6,9 want WEST
RC POS 67 id 13 seat 4 role defend fs 0 body 1 pos 2,0 stuck 0
RC WALK 67 id 13 role defend pos 2,0 tgt 1,7 want SOUTH
V527I SEALNT 68 ph 5 fwd 0 hv 3
RC POS 68 id 3 seat 0 role raid fs 1 body 1 pos 5,4 stuck 0
RC WALK 68 id 3 role raid pos 5,4 tgt 5,6 want SOUTH
RC POS 68 id 7 seat 2 role expand fs 0 body 1 pos 3,0 stuck 0
RC WALK 68 id 7 role expand pos 3,0 tgt 3,9 want SOUTH
RC POS 68 id 10 seat 3 role raid fs 1 body 2 pos 8,8 stuck 111
RC WALK 68 id 10 role raid pos 8,8 tgt 6,9 want WEST
RC POS 68 id 13 seat 4 role defend fs 0 body 1 pos 2,1 stuck 0
RC WALK 68 id 13 role defend pos 2,1 tgt 1,7 want EAST
V527I SEALNT 69 ph 5 fwd 0 hv 3
RC POS 69 id 3 seat 0 role raid fs 1 body 1 pos 4,4 stuck 0
RC WALK 69 id 3 role raid pos 4,4 tgt 4,6 want EAST
RC POS 69 id 7 seat 2 role expand fs 0 body 1 pos 3,1 stuck 0
RC WALK 69 id 7 role expand pos 3,1 tgt 3,9 want NORTH
RC POS 69 id 10 seat 3 role raid fs 1 body 2 pos 8,8 stuck 113
RC WALK 69 id 10 role raid pos 8,8 tgt 6,9 want WEST
RC POS 69 id 13 seat 4 role defend fs 0 body 1 pos 2,0 stuck 0
RC WALK 69 id 13 role defend pos 2,0 tgt 1,7 want SOUTH
V527I SEALNT 70 ph 5 fwd 0 hv 3
RC POS 70 id 3 seat 0 role raid fs 1 body 1 pos 5,4 stuck 0
RC WALK 70 id 3 role raid pos 5,4 tgt 5,6 want SOUTH
RC POS 70 id 7 seat 2 role expand fs 0 body 1 pos 3,0 stuck 0
RC WALK 70 id 7 role expand pos 3,0 tgt 3,9 want SOUTH
RC POS 70 id 10 seat 3 role raid fs 1 body 2 pos 8,8 stuck 115
RC WALK 70 id 10 role raid pos 8,8 tgt 6,9 want WEST
RC POS 70 id 13 seat 4 role defend fs 0 body 1 pos 2,1 stuck 0
RC WALK 70 id 13 role defend pos 2,1 tgt 1,7 want EAST
V527I SEALNT 71 ph 5 fwd 0 hv 3
RC POS 71 id 3 seat 0 role raid fs 1 body 1 pos 4,4 stuck 0
RC WALK 71 id 3 role raid pos 4,4 tgt 4,6 want EAST
RC POS 71 id 7 seat 2 role expand fs 0 body 1 pos 3,1 stuck 0
RC WALK 71 id 7 role expand pos 3,1 tgt 3,9 want NORTH
RC POS 71 id 10 seat 3 role raid fs 1 body 2 pos 8,8 stuck 117
RC WALK 71 id 10 role raid pos 8,8 tgt 6,9 want WEST
RC POS 71 id 13 seat 4 role defend fs 0 body 1 pos 2,0 stuck 0
RC WALK 71 id 13 role defend pos 2,0 tgt 1,7 want SOUTH
V527I SEALNT 72 ph 5 fwd 0 hv 3
RC POS 72 id 3 seat 0 role raid fs 1 body 1 pos 5,4 stuck 0
RC WALK 72 id 3 role raid pos 5,4 tgt 5,6 want SOUTH
RC POS 72 id 7 seat 2 role expand fs 0 body 1 pos 3,0 stuck 0
RC WALK 72 id 7 role expand pos 3,0 tgt 3,9 want SOUTH
RC POS 72 id 10 seat 3 role raid fs 1 body 2 pos 8,8 stuck 119
RC WALK 72 id 10 role raid pos 8,8 tgt 6,9 want WEST
RC POS 72 id 13 seat 4 role defend fs 0 body 1 pos 2,1 stuck 0
RC WALK 72 id 13 role defend pos 2,1 tgt 1,7 want EAST
V527I SEALNT 73 ph 5 fwd 0 hv 3
RC POS 73 id 3 seat 0 role raid fs 1 body 1 pos 4,4 stuck 0
RC WALK 73 id 3 role raid pos 4,4 tgt 4,6 want EAST
RC POS 73 id 7 seat 2 role expand fs 0 body 1 pos 3,1 stuck 0
RC WALK 73 id 7 role expand pos 3,1 tgt 3,9 want SOUTH
RC POS 73 id 10 seat 3 role raid fs 1 body 2 pos 8,8 stuck 121
RC WALK 73 id 10 role raid pos 8,8 tgt 6,9 want WEST
RC POS 73 id 13 seat 4 role defend fs 0 body 1 pos 2,0 stuck 0
RC WALK 73 id 13 role defend pos 2,0 tgt 1,7 want SOUTH
V527I SEALNT 74 ph 5 fwd 0 hv 3
RC POS 74 id 3 seat 0 role raid fs 1 body 1 pos 5,4 stuck 0
RC POS 74 id 7 seat 2 role expand fs 0 body 1 pos 2,1 stuck 0
RC WALK 74 id 7 role expand pos 2,1 tgt 3,9 want SOUTH
RC POS 74 id 10 seat 3 role raid fs 1 body 2 pos 8,8 stuck 123
RC WALK 74 id 10 role raid pos 8,8 tgt 6,9 want WEST
RC POS 74 id 13 seat 4 role defend fs 0 body 1 pos 3,0 stuck 0
RC WALK 74 id 13 role defend pos 3,0 tgt 1,7 want SOUTH
V527I SEALNT 75 ph 5 fwd 0 hv 3
RC POS 75 id 3 seat 0 role raid fs 1 body 1 pos 6,4 stuck 0
RC WALK 75 id 3 role raid pos 6,4 tgt 5,7 want SOUTH
RC POS 75 id 7 seat 2 role expand fs 0 body 1 pos 1,1 stuck 0
RC WALK 75 id 7 role expand pos 1,1 tgt 3,9 want EAST
RC POS 75 id 10 seat 3 role raid fs 1 body 2 pos 8,8 stuck 125
RC WALK 75 id 10 role raid pos 8,8 tgt 6,9 want WEST
RC POS 75 id 13 seat 4 role defend fs 0 body 1 pos 3,1 stuck 0
RC WALK 75 id 13 role defend pos 3,1 tgt 1,7 want SOUTH
V527I SEALNT 76 ph 5 fwd 0 hv 3
RC POS 76 id 3 seat 0 role raid fs 1 body 1 pos 5,4 stuck 0
RC POS 76 id 7 seat 2 role expand fs 0 body 1 pos 2,1 stuck 0
RC WALK 76 id 7 role expand pos 2,1 tgt 3,9 want SOUTH
RC POS 76 id 10 seat 3 role raid fs 1 body 2 pos 8,8 stuck 127
RC WALK 76 id 10 role raid pos 8,8 tgt 6,9 want WEST
RC POS 76 id 13 seat 4 role defend fs 0 body 1 pos 3,1 stuck 2
RC WALK 76 id 13 role defend pos 3,1 tgt 1,7 want SOUTH
V527I SEALNT 77 ph 5 fwd 0 hv 3
RC POS 77 id 3 seat 0 role raid fs 1 body 1 pos 6,4 stuck 0
RC WALK 77 id 3 role raid pos 6,4 tgt 5,7 want SOUTH
RC POS 77 id 7 seat 2 role expand fs 0 body 1 pos 1,1 stuck 0
RC WALK 77 id 7 role expand pos 1,1 tgt 3,9 want EAST
RC POS 77 id 10 seat 3 role raid fs 1 body 2 pos 8,8 stuck 129
RC WALK 77 id 10 role raid pos 8,8 tgt 6,9 want WEST
RC POS 77 id 13 seat 4 role defend fs 0 body 1 pos 2,1 stuck 0
RC WALK 77 id 13 role defend pos 2,1 tgt 3,1 want CENTRE
V527I SEALNT 78 ph 5 fwd 0 hv 3
RC POS 78 id 7 seat 2 role expand fs 0 body 1 pos 1,2 stuck 0
RC WALK 78 id 7 role expand pos 1,2 tgt 3,9 want NORTH
RC POS 78 id 10 seat 3 role raid fs 1 body 2 pos 8,8 stuck 131
RC WALK 78 id 10 role raid pos 8,8 tgt 6,9 want WEST
RC POS 78 id 13 seat 4 role defend fs 0 body 1 pos 2,1 stuck 1
RC WALK 78 id 13 role defend pos 2,1 tgt 3,0 want EAST
V527I SEALNT 79 ph 5 fwd 0 hv 3
RC POS 79 id 7 seat 2 role expand fs 0 body 1 pos 1,1 stuck 0
RC WALK 79 id 7 role expand pos 1,1 tgt 3,9 want EAST
RC POS 79 id 10 seat 3 role raid fs 1 body 2 pos 8,8 stuck 133
RC WALK 79 id 10 role raid pos 8,8 tgt 6,9 want WEST
RC POS 79 id 13 seat 4 role defend fs 0 body 1 pos 3,1 stuck 0
RC WALK 79 id 13 role defend pos 3,1 tgt 2,0 want NORTH
V527I SEALNT 80 ph 5 fwd 0 hv 3
RC POS 80 id 7 seat 2 role expand fs 0 body 1 pos 2,1 stuck 0
RC WALK 80 id 7 role expand pos 2,1 tgt 3,9 want SOUTH
RC POS 80 id 10 seat 3 role raid fs 1 body 2 pos 8,8 stuck 135
RC WALK 80 id 10 role raid pos 8,8 tgt 6,9 want WEST
RC POS 80 id 13 seat 4 role defend fs 0 body 1 pos 3,0 stuck 0
RC WALK 80 id 13 role defend pos 3,0 tgt 2,0 want CENTRE
V527I SEALNT 81 ph 5 fwd 0 hv 3
RC POS 81 id 7 seat 2 role expand fs 0 body 1 pos 1,1 stuck 0
RC WALK 81 id 7 role expand pos 1,1 tgt 3,9 want EAST
RC POS 81 id 10 seat 3 role raid fs 1 body 2 pos 8,8 stuck 137
RC WALK 81 id 10 role raid pos 8,8 tgt 6,9 want WEST
RC POS 81 id 13 seat 4 role defend fs 0 body 1 pos 3,0 stuck 1
RC WALK 81 id 13 role defend pos 3,0 tgt 2,1 want WEST
V527I SEALNT 82 ph 5 fwd 0 hv 3
RC POS 82 id 7 seat 2 role expand fs 0 body 1 pos 1,2 stuck 0
RC WALK 82 id 7 role expand pos 1,2 tgt 3,9 want NORTH
RC POS 82 id 10 seat 3 role raid fs 1 body 2 pos 8,8 stuck 139
RC WALK 82 id 10 role raid pos 8,8 tgt 6,9 want WEST
RC POS 82 id 13 seat 4 role defend fs 0 body 1 pos 2,0 stuck 0
RC WALK 82 id 13 role defend pos 2,0 tgt 3,1 want EAST
V527I SEALNT 83 ph 5 fwd 0 hv 3
RC POS 83 id 7 seat 2 role expand fs 0 body 1 pos 1,1 stuck 0
RC WALK 83 id 7 role expand pos 1,1 tgt 3,9 want EAST
RC POS 83 id 10 seat 3 role raid fs 1 body 2 pos 8,8 stuck 141
RC WALK 83 id 10 role raid pos 8,8 tgt 6,9 want WEST
RC POS 83 id 13 seat 4 role defend fs 0 body 1 pos 3,0 stuck 0
RC WALK 83 id 13 role defend pos 3,0 tgt 2,1 want WEST
V527I SEALNT 84 ph 5 fwd 0 hv 3
RC POS 84 id 7 seat 2 role expand fs 0 body 1 pos 1,2 stuck 0
RC WALK 84 id 7 role expand pos 1,2 tgt 3,9 want NORTH
RC POS 84 id 10 seat 3 role raid fs 1 body 2 pos 8,8 stuck 143
RC WALK 84 id 10 role raid pos 8,8 tgt 6,9 want WEST
RC POS 84 id 13 seat 4 role defend fs 0 body 1 pos 2,0 stuck 0
RC WALK 84 id 13 role defend pos 2,0 tgt 3,1 want EAST
V527I SEALNT 85 ph 5 fwd 0 hv 3
RC POS 85 id 7 seat 2 role expand fs 0 body 1 pos 1,1 stuck 0
RC WALK 85 id 7 role expand pos 1,1 tgt 3,9 want EAST
RC POS 85 id 10 seat 3 role raid fs 1 body 2 pos 8,8 stuck 145
RC WALK 85 id 10 role raid pos 8,8 tgt 6,9 want WEST
RC POS 85 id 13 seat 4 role defend fs 0 body 1 pos 3,0 stuck 0
RC WALK 85 id 13 role defend pos 3,0 tgt 1,7 want SOUTH
V527I SEALNT 86 ph 5 fwd 0 hv 3
RC POS 86 id 7 seat 2 role expand fs 0 body 1 pos 1,2 stuck 0
RC WALK 86 id 7 role expand pos 1,2 tgt 3,9 want NORTH
RC POS 86 id 10 seat 3 role raid fs 1 body 2 pos 8,8 stuck 147
RC WALK 86 id 10 role raid pos 8,8 tgt 6,9 want WEST
RC POS 86 id 13 seat 4 role defend fs 0 body 1 pos 3,1 stuck 0
RC WALK 86 id 13 role defend pos 3,1 tgt 1,7 want SOUTH
V527I SEALNT 87 ph 5 fwd 0 hv 3
RC POS 87 id 7 seat 2 role expand fs 0 body 1 pos 1,1 stuck 0
RC WALK 87 id 7 role expand pos 1,1 tgt 3,9 want EAST
RC POS 87 id 10 seat 3 role raid fs 1 body 2 pos 8,8 stuck 149
RC WALK 87 id 10 role raid pos 8,8 tgt 6,9 want WEST
RC POS 87 id 13 seat 4 role defend fs 0 body 1 pos 2,1 stuck 0
RC WALK 87 id 13 role defend pos 2,1 tgt 1,7 want SOUTH
V527I SEALNT 88 ph 5 fwd 0 hv 3
RC POS 88 id 7 seat 2 role expand fs 0 body 1 pos 1,2 stuck 0
RC WALK 88 id 7 role expand pos 1,2 tgt 3,9 want NORTH
RC POS 88 id 10 seat 3 role raid fs 1 body 2 pos 8,8 stuck 151
RC WALK 88 id 10 role raid pos 8,8 tgt 6,9 want WEST
RC POS 88 id 13 seat 4 role defend fs 0 body 1 pos 1,1 stuck 0
RC WALK 88 id 13 role defend pos 1,1 tgt 1,7 want EAST
V527I SEALNT 89 ph 5 fwd 0 hv 3
RC POS 89 id 7 seat 2 role expand fs 0 body 1 pos 0,2 stuck 0
RC WALK 89 id 7 role expand pos 0,2 tgt 3,9 want EAST
RC POS 89 id 10 seat 3 role raid fs 1 body 2 pos 8,8 stuck 153
RC WALK 89 id 10 role raid pos 8,8 tgt 6,9 want WEST
RC POS 89 id 13 seat 4 role defend fs 0 body 1 pos 2,1 stuck 0
RC WALK 89 id 13 role defend pos 2,1 tgt 1,7 want SOUTH
V527I SEALNT 90 ph 5 fwd 0 hv 3
RC POS 90 id 7 seat 2 role expand fs 0 body 1 pos 1,2 stuck 0
RC WALK 90 id 7 role expand pos 1,2 tgt 3,9 want NORTH
RC POS 90 id 10 seat 3 role raid fs 1 body 2 pos 8,8 stuck 155
RC WALK 90 id 10 role raid pos 8,8 tgt 6,9 want WEST
RC POS 90 id 13 seat 4 role defend fs 0 body 1 pos 1,1 stuck 0
RC WALK 90 id 13 role defend pos 1,1 tgt 1,7 want EAST
V527I SEALNT 91 ph 5 fwd 0 hv 3
RC POS 91 id 7 seat 2 role expand fs 0 body 1 pos 0,2 stuck 0
RC WALK 91 id 7 role expand pos 0,2 tgt 3,9 want EAST
RC POS 91 id 10 seat 3 role raid fs 1 body 2 pos 8,8 stuck 157
RC WALK 91 id 10 role raid pos 8,8 tgt 6,9 want WEST
RC POS 91 id 13 seat 4 role defend fs 0 body 1 pos 2,1 stuck 0
RC WALK 91 id 13 role defend pos 2,1 tgt 1,7 want SOUTH
V527I SEALNT 92 ph 5 fwd 0 hv 3
RC POS 92 id 7 seat 2 role expand fs 0 body 1 pos 1,2 stuck 0
RC WALK 92 id 7 role expand pos 1,2 tgt 3,9 want NORTH
RC POS 92 id 10 seat 3 role raid fs 1 body 2 pos 8,8 stuck 159
RC WALK 92 id 10 role raid pos 8,8 tgt 6,9 want WEST
RC POS 92 id 13 seat 4 role defend fs 0 body 1 pos 1,1 stuck 0
RC WALK 92 id 13 role defend pos 1,1 tgt 1,7 want EAST
V527I SEALNT 93 ph 5 fwd 0 hv 3
RC POS 93 id 7 seat 2 role expand fs 0 body 1 pos 0,2 stuck 0
RC WALK 93 id 7 role expand pos 0,2 tgt 3,9 want EAST
RC POS 93 id 10 seat 3 role raid fs 1 body 2 pos 8,8 stuck 161
RC WALK 93 id 10 role raid pos 8,8 tgt 6,9 want WEST
RC POS 93 id 13 seat 4 role defend fs 0 body 1 pos 2,1 stuck 0
V527I SEALNT 94 ph 5 fwd 0 hv 3
RC POS 94 id 7 seat 2 role expand fs 0 body 1 pos 1,2 stuck 0
RC WALK 94 id 7 role expand pos 1,2 tgt 3,9 want NORTH
RC POS 94 id 10 seat 3 role raid fs 1 body 2 pos 8,8 stuck 163
RC WALK 94 id 10 role raid pos 8,8 tgt 6,9 want WEST
RC POS 94 id 13 seat 4 role defend fs 0 body 1 pos 2,1 stuck 1
RC WALK 94 id 13 role defend pos 2,1 tgt 1,7 want SOUTH
V527I SEALNT 95 ph 5 fwd 0 hv 3
RC POS 95 id 7 seat 2 role expand fs 0 body 1 pos 1,1 stuck 0
RC WALK 95 id 7 role expand pos 1,1 tgt 3,9 want EAST
RC POS 95 id 10 seat 3 role raid fs 1 body 2 pos 8,8 stuck 165
RC WALK 95 id 10 role raid pos 8,8 tgt 6,9 want WEST
RC POS 95 id 13 seat 4 role defend fs 0 body 1 pos 2,1 stuck 3
RC WALK 95 id 13 role defend pos 2,1 tgt 1,7 want SOUTH
V527I SEALNT 96 ph 5 fwd 0 hv 3
RC POS 96 id 7 seat 2 role expand fs 0 body 1 pos 1,2 stuck 0
RC WALK 96 id 7 role expand pos 1,2 tgt 3,9 want NORTH
RC POS 96 id 10 seat 3 role raid fs 1 body 2 pos 8,8 stuck 167
RC WALK 96 id 10 role raid pos 8,8 tgt 6,9 want WEST
RC POS 96 id 13 seat 4 role defend fs 0 body 1 pos 1,1 stuck 0
RC WALK 96 id 13 role defend pos 1,1 tgt 1,7 want EAST
V527I SEALNT 97 ph 5 fwd 0 hv 3
RC POS 97 id 7 seat 2 role expand fs 0 body 1 pos 0,2 stuck 0
RC WALK 97 id 7 role expand pos 0,2 tgt 3,9 want EAST
RC POS 97 id 10 seat 3 role raid fs 1 body 2 pos 8,8 stuck 169
RC WALK 97 id 10 role raid pos 8,8 tgt 6,9 want WEST
RC POS 97 id 13 seat 4 role defend fs 0 body 1 pos 2,1 stuck 0
RC WALK 97 id 13 role defend pos 2,1 tgt 1,7 want SOUTH
V527I SEALNT 98 ph 5 fwd 0 hv 3
RC POS 98 id 7 seat 2 role expand fs 0 body 1 pos 1,2 stuck 0
RC WALK 98 id 7 role expand pos 1,2 tgt 3,9 want NORTH
RC POS 98 id 10 seat 3 role raid fs 1 body 2 pos 8,8 stuck 171
RC WALK 98 id 10 role raid pos 8,8 tgt 6,9 want WEST
RC POS 98 id 13 seat 4 role defend fs 0 body 1 pos 1,1 stuck 0
RC WALK 98 id 13 role defend pos 1,1 tgt 1,7 want EAST
V527I SEALNT 99 ph 5 fwd 0 hv 3
RC POS 99 id 7 seat 2 role expand fs 0 body 1 pos 0,2 stuck 0
RC WALK 99 id 7 role expand pos 0,2 tgt 3,9 want EAST
RC POS 99 id 10 seat 3 role raid fs 1 body 2 pos 8,8 stuck 173
RC WALK 99 id 10 role raid pos 8,8 tgt 6,9 want WEST
RC POS 99 id 13 seat 4 role defend fs 0 body 1 pos 2,1 stuck 0
RC WALK 99 id 13 role defend pos 2,1 tgt 1,7 want SOUTH
V527I SEALNT 100 ph 5 fwd 0 hv 3
RC POS 100 id 7 seat 2 role expand fs 0 body 1 pos 1,2 stuck 0
RC WALK 100 id 7 role expand pos 1,2 tgt 3,9 want NORTH
RC POS 100 id 10 seat 3 role raid fs 1 body 2 pos 8,8 stuck 175
RC WALK 100 id 10 role raid pos 8,8 tgt 6,9 want WEST
RC POS 100 id 13 seat 4 role defend fs 0 body 1 pos 1,1 stuck 0
RC WALK 100 id 13 role defend pos 1,1 tgt 1,7 want EAST
V527I SEALNT 101 ph 5 fwd 0 hv 3
RC POS 101 id 7 seat 2 role expand fs 0 body 1 pos 0,2 stuck 0
RC WALK 101 id 7 role expand pos 0,2 tgt 3,9 want EAST
RC POS 101 id 10 seat 3 role raid fs 1 body 2 pos 8,8 stuck 177
RC WALK 101 id 10 role raid pos 8,8 tgt 6,9 want WEST
RC POS 101 id 13 seat 4 role defend fs 0 body 1 pos 2,1 stuck 0
RC WALK 101 id 13 role defend pos 2,1 tgt 1,7 want SOUTH
V527I SEALNT 102 ph 5 fwd 0 hv 3
RC POS 102 id 7 seat 2 role expand fs 0 body 1 pos 1,2 stuck 0
RC WALK 102 id 7 role expand pos 1,2 tgt 3,9 want NORTH
RC POS 102 id 10 seat 3 role raid fs 1 body 2 pos 8,8 stuck 179
RC WALK 102 id 10 role raid pos 8,8 tgt 6,9 want WEST
RC POS 102 id 13 seat 4 role defend fs 0 body 1 pos 1,1 stuck 0
RC WALK 102 id 13 role defend pos 1,1 tgt 1,7 want EAST
V527I SEALNT 103 ph 5 fwd 0 hv 3
RC POS 103 id 7 seat 2 role expand fs 0 body 1 pos 0,2 stuck 0
RC WALK 103 id 7 role expand pos 0,2 tgt 3,9 want EAST
RC POS 103 id 10 seat 3 role raid fs 1 body 2 pos 8,8 stuck 181
RC WALK 103 id 10 role raid pos 8,8 tgt 6,9 want WEST
RC POS 103 id 13 seat 4 role defend fs 0 body 1 pos 2,1 stuck 0
RC WALK 103 id 13 role defend pos 2,1 tgt 1,7 want SOUTH
V527I SEALNT 104 ph 5 fwd 0 hv 3
RC POS 104 id 7 seat 2 role expand fs 0 body 1 pos 1,2 stuck 0
RC WALK 104 id 7 role expand pos 1,2 tgt 3,9 want NORTH
RC POS 104 id 10 seat 3 role raid fs 1 body 2 pos 8,8 stuck 183
RC WALK 104 id 10 role raid pos 8,8 tgt 6,9 want WEST
RC POS 104 id 13 seat 4 role defend fs 0 body 1 pos 1,1 stuck 0
RC WALK 104 id 13 role defend pos 1,1 tgt 1,7 want EAST
V527I SEALNT 105 ph 5 fwd 0 hv 3
RC POS 105 id 7 seat 2 role expand fs 0 body 1 pos 0,2 stuck 0
RC WALK 105 id 7 role expand pos 0,2 tgt 3,9 want EAST
RC POS 105 id 10 seat 3 role raid fs 1 body 2 pos 8,8 stuck 185
RC WALK 105 id 10 role raid pos 8,8 tgt 6,9 want WEST
RC POS 105 id 13 seat 4 role defend fs 0 body 1 pos 2,1 stuck 0
RC WALK 105 id 13 role defend pos 2,1 tgt 3,0 want EAST
V527I SEALNT 106 ph 5 fwd 0 hv 3
RC POS 106 id 7 seat 2 role expand fs 0 body 1 pos 1,2 stuck 0
RC WALK 106 id 7 role expand pos 1,2 tgt 3,9 want NORTH
RC POS 106 id 10 seat 3 role raid fs 1 body 2 pos 8,8 stuck 187
RC WALK 106 id 10 role raid pos 8,8 tgt 6,9 want WEST
RC POS 106 id 13 seat 4 role defend fs 0 body 1 pos 3,1 stuck 0
RC WALK 106 id 13 role defend pos 3,1 tgt 3,0 want CENTRE
V527I SEALNT 107 ph 5 fwd 0 hv 3
RC POS 107 id 7 seat 2 role expand fs 0 body 1 pos 1,1 stuck 0
RC WALK 107 id 7 role expand pos 1,1 tgt 3,9 want EAST
RC POS 107 id 10 seat 3 role raid fs 1 body 2 pos 8,8 stuck 189
RC WALK 107 id 10 role raid pos 8,8 tgt 6,9 want WEST
RC POS 107 id 13 seat 4 role defend fs 0 body 1 pos 3,1 stuck 1
RC WALK 107 id 13 role defend pos 3,1 tgt 3,0 want CENTRE
V527I SEALNT 108 ph 5 fwd 0 hv 3
RC POS 108 id 7 seat 2 role expand fs 0 body 1 pos 2,1 stuck 0
RC WALK 108 id 7 role expand pos 2,1 tgt 3,9 want SOUTH
RC POS 108 id 10 seat 3 role raid fs 1 body 2 pos 8,8 stuck 191
RC WALK 108 id 10 role raid pos 8,8 tgt 6,9 want WEST
RC POS 108 id 13 seat 4 role defend fs 0 body 1 pos 3,1 stuck 2
RC WALK 108 id 13 role defend pos 3,1 tgt 3,0 want CENTRE
V527I SEALNT 109 ph 5 fwd 0 hv 3
RC POS 109 id 7 seat 2 role expand fs 0 body 1 pos 1,1 stuck 0
RC WALK 109 id 7 role expand pos 1,1 tgt 3,9 want EAST
RC POS 109 id 10 seat 3 role raid fs 1 body 2 pos 8,8 stuck 193
RC WALK 109 id 10 role raid pos 8,8 tgt 6,9 want WEST
RC POS 109 id 13 seat 4 role defend fs 0 body 1 pos 3,1 stuck 3
RC WALK 109 id 13 role defend pos 3,1 tgt 3,0 want CENTRE
V527I SEALNT 110 ph 5 fwd 0 hv 3
RC POS 110 id 7 seat 2 role expand fs 0 body 1 pos 2,1 stuck 0
RC WALK 110 id 7 role expand pos 2,1 tgt 3,9 want SOUTH
RC POS 110 id 10 seat 3 role raid fs 1 body 2 pos 8,8 stuck 195
RC WALK 110 id 10 role raid pos 8,8 tgt 6,9 want WEST
RC POS 110 id 13 seat 4 role defend fs 0 body 1 pos 3,1 stuck 4
RC WALK 110 id 13 role defend pos 3,1 tgt 1,7 want SOUTH
V527I SEALNT 111 ph 5 fwd 0 hv 3
RC POS 111 id 7 seat 2 role expand fs 0 body 1 pos 1,1 stuck 0
RC WALK 111 id 7 role expand pos 1,1 tgt 3,9 want EAST
RC POS 111 id 10 seat 3 role raid fs 1 body 2 pos 8,8 stuck 197
RC WALK 111 id 10 role raid pos 8,8 tgt 6,9 want WEST
RC POS 111 id 13 seat 4 role defend fs 0 body 1 pos 2,1 stuck 0
RC WALK 111 id 13 role defend pos 2,1 tgt 1,7 want SOUTH
V527I SEALNT 112 ph 5 fwd 0 hv 3
RC POS 112 id 7 seat 2 role expand fs 0 body 1 pos 1,2 stuck 0
RC WALK 112 id 7 role expand pos 1,2 tgt 3,9 want NORTH
RC POS 112 id 10 seat 3 role raid fs 1 body 2 pos 8,8 stuck 199
RC WALK 112 id 10 role raid pos 8,8 tgt 6,9 want WEST
RC POS 112 id 13 seat 4 role defend fs 0 body 1 pos 1,1 stuck 0
RC WALK 112 id 13 role defend pos 1,1 tgt 1,7 want EAST
V527I SEALNT 113 ph 5 fwd 0 hv 3
RC POS 113 id 7 seat 2 role expand fs 0 body 1 pos 0,2 stuck 0
RC WALK 113 id 7 role expand pos 0,2 tgt 3,9 want SOUTH
RC POS 113 id 10 seat 3 role raid fs 1 body 2 pos 8,8 stuck 201
RC WALK 113 id 10 role raid pos 8,8 tgt 6,9 want WEST
RC POS 113 id 13 seat 4 role defend fs 0 body 1 pos 1,2 stuck 0
RC WALK 113 id 13 role defend pos 1,2 tgt 1,7 want SOUTH
V527I SEALNT 114 ph 5 fwd 0 hv 3
RC POS 114 id 7 seat 2 role expand fs 0 body 1 pos 0,3 stuck 0
RC WALK 114 id 7 role expand pos 0,3 tgt 3,9 want SOUTH
RC POS 114 id 10 seat 3 role raid fs 1 body 2 pos 8,8 stuck 203
RC WALK 114 id 10 role raid pos 8,8 tgt 6,9 want WEST
RC POS 114 id 13 seat 4 role defend fs 0 body 1 pos 1,3 stuck 0
RC WALK 114 id 13 role defend pos 1,3 tgt 1,7 want SOUTH
V527I SEALNT 115 ph 5 fwd 0 hv 3
RC POS 115 id 7 seat 2 role expand fs 0 body 1 pos 0,4 stuck 0
RC WALK 115 id 7 role expand pos 0,4 tgt 3,9 want SOUTH
RC POS 115 id 10 seat 3 role raid fs 1 body 2 pos 8,8 stuck 205
RC WALK 115 id 10 role raid pos 8,8 tgt 6,9 want WEST
RC POS 115 id 13 seat 4 role defend fs 0 body 1 pos 1,4 stuck 0
RC WALK 115 id 13 role defend pos 1,4 tgt 1,7 want SOUTH
V527I SEALNT 116 ph 5 fwd 0 hv 3
RC POS 116 id 7 seat 2 role expand fs 0 body 1 pos 0,5 stuck 0
RC WALK 116 id 7 role expand pos 0,5 tgt 3,9 want SOUTH
RC POS 116 id 10 seat 3 role raid fs 1 body 2 pos 8,8 stuck 207
RC WALK 116 id 10 role raid pos 8,8 tgt 6,9 want WEST
RC POS 116 id 13 seat 4 role defend fs 0 body 1 pos 0,4 stuck 0
RC WALK 116 id 13 role defend pos 0,4 tgt 1,7 want SOUTH
V527I SEALNT 117 ph 5 fwd 0 hv 3
RC POS 117 id 7 seat 2 role expand fs 0 body 1 pos 0,5 stuck 2
RC WALK 117 id 7 role expand pos 0,5 tgt 3,9 want SOUTH
RC POS 117 id 10 seat 3 role raid fs 1 body 2 pos 8,8 stuck 209
RC WALK 117 id 10 role raid pos 8,8 tgt 6,9 want WEST
RC POS 117 id 13 seat 4 role defend fs 0 body 1 pos 1,4 stuck 0
RC WALK 117 id 13 role defend pos 1,4 tgt 1,7 want SOUTH
V527I SEALNT 118 ph 5 fwd 0 hv 3
RC POS 118 id 7 seat 2 role expand fs 0 body 1 pos 0,4 stuck 0
RC WALK 118 id 7 role expand pos 0,4 tgt 3,9 want SOUTH
RC POS 118 id 10 seat 3 role raid fs 1 body 2 pos 8,8 stuck 211
RC WALK 118 id 10 role raid pos 8,8 tgt 6,9 want WEST
RC POS 118 id 13 seat 4 role defend fs 0 body 1 pos 1,3 stuck 0
RC WALK 118 id 13 role defend pos 1,3 tgt 1,7 want SOUTH
V527I SEALNT 119 ph 5 fwd 0 hv 3
RC POS 119 id 7 seat 2 role expand fs 0 body 1 pos 0,5 stuck 0
RC WALK 119 id 7 role expand pos 0,5 tgt 3,9 want EAST
RC POS 119 id 10 seat 3 role raid fs 1 body 2 pos 8,8 stuck 213
RC WALK 119 id 10 role raid pos 8,8 tgt 6,9 want WEST
RC POS 119 id 13 seat 4 role defend fs 0 body 1 pos 1,4 stuck 0
RC WALK 119 id 13 role defend pos 1,4 tgt 1,7 want SOUTH
V527I SEALNT 120 ph 5 fwd 0 hv 3
RC POS 120 id 7 seat 2 role expand fs 0 body 1 pos 1,5 stuck 0
RC WALK 120 id 7 role expand pos 1,5 tgt 3,9 want SOUTH
RC POS 120 id 10 seat 3 role raid fs 1 body 2 pos 8,8 stuck 215
RC WALK 120 id 10 role raid pos 8,8 tgt 6,9 want WEST
RC POS 120 id 13 seat 4 role defend fs 0 body 1 pos 0,4 stuck 0
RC WALK 120 id 13 role defend pos 0,4 tgt 1,7 want SOUTH
V527I SEALNT 121 ph 5 fwd 0 hv 3
RC POS 121 id 7 seat 2 role expand fs 0 body 1 pos 1,6 stuck 0
RC WALK 121 id 7 role expand pos 1,6 tgt 4,9 want EAST
RC POS 121 id 10 seat 3 role raid fs 1 body 2 pos 8,8 stuck 217
RC WALK 121 id 10 role raid pos 8,8 tgt 6,9 want WEST
RC POS 121 id 13 seat 4 role defend fs 0 body 1 pos 0,5 stuck 0
RC WALK 121 id 13 role defend pos 0,5 tgt 1,7 want EAST
V527I SEALNT 122 ph 5 fwd 0 hv 3
RC POS 122 id 7 seat 2 role expand fs 0 body 1 pos 2,6 stuck 0
RC WALK 122 id 7 role expand pos 2,6 tgt 3,6 want EAST
RC POS 122 id 10 seat 3 role raid fs 1 body 2 pos 8,8 stuck 219
RC WALK 122 id 10 role raid pos 8,8 tgt 6,9 want WEST
RC POS 122 id 13 seat 4 role defend fs 0 body 1 pos 1,5 stuck 0
RC WALK 122 id 13 role defend pos 1,5 tgt 1,7 want SOUTH
V527I SEALNT 123 ph 5 fwd 0 hv 3
RC POS 123 id 7 seat 2 role expand fs 0 body 1 pos 3,6 stuck 0
V528 PICK r 123 id 7 tgt 6,0 cs 9 bs 9 reg 0 cc 0 bc 0 cands 2 banned 0 regall 0 seat 2
RC WALK 123 id 7 role expand pos 3,6 tgt 3,7 want SOUTH
RC POS 123 id 10 seat 3 role raid fs 1 body 2 pos 8,8 stuck 221
RC WALK 123 id 10 role raid pos 8,8 tgt 6,9 want WEST
RC POS 123 id 13 seat 4 role defend fs 0 body 1 pos 1,6 stuck 0
V527I SEALNT 124 ph 5 fwd 0 hv 3
RC POS 124 id 7 seat 2 role expand fs 0 body 1 pos 3,7 stuck 0
V528 PICK r 124 id 7 tgt 6,0 cs 10 bs 10 reg 0 cc 0 bc 0 cands 2 banned 0 regall 0 seat 2
RC WALK 124 id 7 role expand pos 3,7 tgt 6,0 want NORTH
RC POS 124 id 10 seat 3 role raid fs 1 body 2 pos 8,8 stuck 223
RC WALK 124 id 10 role raid pos 8,8 tgt 6,9 want WEST
RC POS 124 id 13 seat 4 role defend fs 0 body 1 pos 1,6 stuck 1
V527I SEALNT 125 ph 5 fwd 0 hv 3
RC POS 125 id 7 seat 2 role expand fs 0 body 1 pos 3,6 stuck 0
RC WALK 125 id 7 role expand pos 3,6 tgt 3,7 want SOUTH
RC POS 125 id 10 seat 3 role raid fs 1 body 2 pos 8,8 stuck 225
RC WALK 125 id 10 role raid pos 8,8 tgt 6,9 want WEST
RC POS 125 id 13 seat 4 role defend fs 0 body 1 pos 1,6 stuck 2
RC WALK 125 id 13 role defend pos 1,6 tgt 2,5 want EAST
V527I SEALNT 126 ph 5 fwd 0 hv 3
RC POS 126 id 7 seat 2 role expand fs 0 body 1 pos 3,7 stuck 0
V528 PICK r 126 id 7 tgt 6,0 cs 10 bs 10 reg 0 cc 0 bc 0 cands 2 banned 0 regall 0 seat 2
RC WALK 126 id 7 role expand pos 3,7 tgt 6,0 want NORTH
RC POS 126 id 10 seat 3 role raid fs 1 body 2 pos 8,8 stuck 227
RC WALK 126 id 10 role raid pos 8,8 tgt 6,9 want WEST
RC POS 126 id 13 seat 4 role defend fs 0 body 1 pos 2,6 stuck 0
V527I SEALNT 127 ph 5 fwd 0 hv 3
RC POS 127 id 7 seat 2 role expand fs 0 body 1 pos 3,6 stuck 0
RC WALK 127 id 7 role expand pos 3,6 tgt 3,7 want SOUTH
RC POS 127 id 10 seat 3 role raid fs 1 body 2 pos 8,8 stuck 229
RC WALK 127 id 10 role raid pos 8,8 tgt 6,9 want WEST
RC POS 127 id 13 seat 4 role defend fs 0 body 1 pos 2,6 stuck 1
V527I SEALNT 128 ph 5 fwd 0 hv 3
RC POS 128 id 7 seat 2 role expand fs 0 body 1 pos 3,7 stuck 0
V528 PICK r 128 id 7 tgt 6,0 cs 10 bs 10 reg 0 cc 0 bc 0 cands 2 banned 0 regall 0 seat 2
RC WALK 128 id 7 role expand pos 3,7 tgt 6,0 want NORTH
RC POS 128 id 10 seat 3 role raid fs 1 body 2 pos 8,8 stuck 231
RC WALK 128 id 10 role raid pos 8,8 tgt 6,9 want WEST
RC POS 128 id 13 seat 4 role defend fs 0 body 1 pos 2,6 stuck 2
V527I SEALNT 129 ph 5 fwd 0 hv 3
RC POS 129 id 7 seat 2 role expand fs 0 body 1 pos 3,6 stuck 0
RC WALK 129 id 7 role expand pos 3,6 tgt 3,7 want SOUTH
RC POS 129 id 10 seat 3 role raid fs 1 body 2 pos 8,8 stuck 233
RC WALK 129 id 10 role raid pos 8,8 tgt 6,9 want WEST
RC POS 129 id 13 seat 4 role defend fs 0 body 1 pos 2,6 stuck 3
RC WALK 129 id 13 role defend pos 2,6 tgt 2,4 want NORTH
V527I SEALNT 130 ph 5 fwd 0 hv 3
RC POS 130 id 7 seat 2 role expand fs 0 body 1 pos 3,7 stuck 0
V528 PICK r 130 id 7 tgt 6,0 cs 10 bs 10 reg 0 cc 0 bc 0 cands 2 banned 0 regall 0 seat 2
RC WALK 130 id 7 role expand pos 3,7 tgt 6,0 want NORTH
RC POS 130 id 10 seat 3 role raid fs 1 body 2 pos 8,8 stuck 235
RC WALK 130 id 10 role raid pos 8,8 tgt 6,9 want WEST
RC POS 130 id 13 seat 4 role defend fs 0 body 1 pos 2,5 stuck 0
RC WALK 130 id 13 role defend pos 2,5 tgt 2,4 want CENTRE
V527I SEALNT 131 ph 5 fwd 0 hv 3
RC POS 131 id 7 seat 2 role expand fs 0 body 1 pos 3,6 stuck 0
RC WALK 131 id 7 role expand pos 3,6 tgt 3,7 want SOUTH
RC POS 131 id 10 seat 3 role raid fs 1 body 2 pos 8,8 stuck 237
RC WALK 131 id 10 role raid pos 8,8 tgt 6,9 want WEST
RC POS 131 id 13 seat 4 role defend fs 0 body 1 pos 2,5 stuck 1
RC WALK 131 id 13 role defend pos 2,5 tgt 2,4 want CENTRE
V527I SEALNT 132 ph 5 fwd 0 hv 3
RC POS 132 id 7 seat 2 role expand fs 0 body 1 pos 3,7 stuck 0
V528 PICK r 132 id 7 tgt 6,0 cs 10 bs 10 reg 0 cc 0 bc 0 cands 2 banned 0 regall 0 seat 2
RC WALK 132 id 7 role expand pos 3,7 tgt 6,0 want NORTH
RC POS 132 id 10 seat 3 role raid fs 1 body 2 pos 8,8 stuck 239
RC WALK 132 id 10 role raid pos 8,8 tgt 6,9 want WEST
RC POS 132 id 13 seat 4 role defend fs 0 body 1 pos 2,5 stuck 2
RC WALK 132 id 13 role defend pos 2,5 tgt 2,4 want CENTRE
V527I SEALNT 133 ph 5 fwd 0 hv 3
RC POS 133 id 7 seat 2 role expand fs 0 body 1 pos 3,6 stuck 0
RC WALK 133 id 7 role expand pos 3,6 tgt 3,7 want SOUTH
RC POS 133 id 10 seat 3 role raid fs 1 body 2 pos 8,8 stuck 241
RC WALK 133 id 10 role raid pos 8,8 tgt 6,9 want WEST
RC POS 133 id 13 seat 4 role defend fs 0 body 1 pos 2,5 stuck 3
RC WALK 133 id 13 role defend pos 2,5 tgt 2,4 want CENTRE
V527I SEALNT 134 ph 5 fwd 0 hv 3
RC POS 134 id 7 seat 2 role expand fs 0 body 1 pos 3,7 stuck 0
V528 PICK r 134 id 7 tgt 6,0 cs 10 bs 10 reg 0 cc 0 bc 0 cands 2 banned 0 regall 0 seat 2
RC WALK 134 id 7 role expand pos 3,7 tgt 6,0 want NORTH
RC POS 134 id 10 seat 3 role raid fs 1 body 2 pos 8,8 stuck 243
RC WALK 134 id 10 role raid pos 8,8 tgt 6,9 want WEST
RC POS 134 id 13 seat 4 role defend fs 0 body 1 pos 2,5 stuck 4
V527I SEALNT 135 ph 5 fwd 0 hv 3
RC POS 135 id 7 seat 2 role expand fs 0 body 1 pos 3,6 stuck 0
RC WALK 135 id 7 role expand pos 3,6 tgt 3,7 want SOUTH
RC POS 135 id 10 seat 3 role raid fs 1 body 2 pos 8,8 stuck 245
RC WALK 135 id 10 role raid pos 8,8 tgt 6,9 want WEST
RC POS 135 id 13 seat 4 role defend fs 0 body 1 pos 2,5 stuck 5
RC WALK 135 id 13 role defend pos 2,5 tgt 3,7 want SOUTH
V527I SEALNT 136 ph 5 fwd 0 hv 3
RC POS 136 id 7 seat 2 role expand fs 0 body 1 pos 3,7 stuck 0
V528 PICK r 136 id 7 tgt 6,0 cs 10 bs 10 reg 0 cc 0 bc 0 cands 2 banned 0 regall 0 seat 2
RC WALK 136 id 7 role expand pos 3,7 tgt 6,0 want NORTH
RC POS 136 id 10 seat 3 role raid fs 1 body 2 pos 8,8 stuck 247
RC WALK 136 id 10 role raid pos 8,8 tgt 6,9 want WEST
RC POS 136 id 13 seat 4 role defend fs 0 body 1 pos 2,6 stuck 0
RC WALK 136 id 13 role defend pos 2,6 tgt 3,7 want EAST
V527I SEALNT 137 ph 5 fwd 0 hv 3
RC POS 137 id 7 seat 2 role expand fs 0 body 1 pos 3,6 stuck 0
RC WALK 137 id 7 role expand pos 3,6 tgt 3,7 want SOUTH
RC POS 137 id 10 seat 3 role raid fs 1 body 2 pos 8,8 stuck 249
RC WALK 137 id 10 role raid pos 8,8 tgt 6,9 want WEST
RC POS 137 id 13 seat 4 role defend fs 0 body 1 pos 2,5 stuck 0
RC WALK 137 id 13 role defend pos 2,5 tgt 3,7 want SOUTH
V527I SEALNT 138 ph 5 fwd 0 hv 3
RC POS 138 id 7 seat 2 role expand fs 0 body 1 pos 3,7 stuck 0
V528 PICK r 138 id 7 tgt 6,0 cs 10 bs 10 reg 0 cc 0 bc 0 cands 2 banned 0 regall 0 seat 2
RC WALK 138 id 7 role expand pos 3,7 tgt 6,0 want NORTH
RC POS 138 id 10 seat 3 role raid fs 1 body 2 pos 8,8 stuck 251
RC WALK 138 id 10 role raid pos 8,8 tgt 6,9 want WEST
RC POS 138 id 13 seat 4 role defend fs 0 body 1 pos 2,6 stuck 0
RC WALK 138 id 13 role defend pos 2,6 tgt 3,7 want EAST
V527I SEALNT 139 ph 5 fwd 0 hv 3
RC POS 139 id 7 seat 2 role expand fs 0 body 1 pos 3,6 stuck 0
RC WALK 139 id 7 role expand pos 3,6 tgt 3,7 want SOUTH
RC POS 139 id 10 seat 3 role raid fs 1 body 2 pos 8,8 stuck 253
RC WALK 139 id 10 role raid pos 8,8 tgt 6,9 want WEST
RC POS 139 id 13 seat 4 role defend fs 0 body 1 pos 2,5 stuck 0
RC WALK 139 id 13 role defend pos 2,5 tgt 3,7 want SOUTH
V527I SEALNT 140 ph 5 fwd 0 hv 3
RC POS 140 id 7 seat 2 role expand fs 0 body 1 pos 3,7 stuck 0
V528 PICK r 140 id 7 tgt 6,0 cs 10 bs 10 reg 0 cc 0 bc 0 cands 2 banned 0 regall 0 seat 2
RC WALK 140 id 7 role expand pos 3,7 tgt 6,0 want NORTH
RC POS 140 id 10 seat 3 role raid fs 1 body 2 pos 8,8 stuck 255
RC WALK 140 id 10 role raid pos 8,8 tgt 6,9 want WEST
RC POS 140 id 13 seat 4 role defend fs 0 body 1 pos 2,6 stuck 0
RC WALK 140 id 13 role defend pos 2,6 tgt 3,7 want NORTH
V527I SEALNT 141 ph 5 fwd 0 hv 3
RC POS 141 id 7 seat 2 role expand fs 0 body 1 pos 3,6 stuck 0
RC WALK 141 id 7 role expand pos 3,6 tgt 3,7 want SOUTH
RC POS 141 id 10 seat 3 role raid fs 1 body 2 pos 8,8 stuck 257
RC WALK 141 id 10 role raid pos 8,8 tgt 6,9 want WEST
RC POS 141 id 13 seat 4 role defend fs 0 body 1 pos 2,5 stuck 0
RC WALK 141 id 13 role defend pos 2,5 tgt 3,7 want SOUTH
V527I SEALNT 142 ph 5 fwd 0 hv 3
RC POS 142 id 7 seat 2 role expand fs 0 body 1 pos 3,7 stuck 0
V528 PICK r 142 id 7 tgt 6,0 cs 10 bs 10 reg 0 cc 0 bc 0 cands 2 banned 0 regall 0 seat 2
RC WALK 142 id 7 role expand pos 3,7 tgt 6,0 want NORTH
RC POS 142 id 10 seat 3 role raid fs 1 body 2 pos 8,8 stuck 259
RC WALK 142 id 10 role raid pos 8,8 tgt 6,9 want WEST
RC POS 142 id 13 seat 4 role defend fs 0 body 1 pos 2,6 stuck 0
V527I SEALNT 143 ph 5 fwd 0 hv 3
RC POS 143 id 7 seat 2 role expand fs 0 body 1 pos 3,6 stuck 0
RC WALK 143 id 7 role expand pos 3,6 tgt 3,7 want SOUTH
RC POS 143 id 10 seat 3 role raid fs 1 body 2 pos 8,8 stuck 261
RC WALK 143 id 10 role raid pos 8,8 tgt 6,9 want WEST
RC POS 143 id 13 seat 4 role defend fs 0 body 1 pos 2,6 stuck 1
RC WALK 143 id 13 role defend pos 2,6 tgt 3,7 want EAST
V527I SEALNT 144 ph 5 fwd 0 hv 3
RC POS 144 id 7 seat 2 role expand fs 0 body 1 pos 3,7 stuck 0
V528 PICK r 144 id 7 tgt 6,0 cs 10 bs 10 reg 0 cc 0 bc 0 cands 2 banned 0 regall 0 seat 2
RC WALK 144 id 7 role expand pos 3,7 tgt 6,0 want EAST
RC POS 144 id 10 seat 3 role raid fs 1 body 2 pos 8,8 stuck 263
RC WALK 144 id 10 role raid pos 8,8 tgt 6,9 want WEST
RC POS 144 id 13 seat 4 role defend fs 0 body 1 pos 3,6 stuck 0
RC WALK 144 id 13 role defend pos 3,6 tgt 3,7 want SOUTH
V527I SEALNT 145 ph 5 fwd 0 hv 3
RC POS 145 id 7 seat 2 role expand fs 0 body 1 pos 4,7 stuck 0
RC WALK 145 id 7 role expand pos 4,7 tgt 6,0 want NORTH
RC POS 145 id 10 seat 3 role raid fs 1 body 2 pos 8,8 stuck 265
RC WALK 145 id 10 role raid pos 8,8 tgt 6,9 want WEST
RC POS 145 id 13 seat 4 role defend fs 0 body 1 pos 3,7 stuck 0
RC WALK 145 id 13 role defend pos 3,7 tgt 3,7 want CENTRE
V527I SEALNT 146 ph 5 fwd 0 hv 3
RC POS 146 id 7 seat 2 role expand fs 0 body 1 pos 4,6 stuck 0
RC WALK 146 id 7 role expand pos 4,6 tgt 6,0 want EAST
RC POS 146 id 10 seat 3 role raid fs 1 body 2 pos 8,8 stuck 267
RC WALK 146 id 10 role raid pos 8,8 tgt 6,9 want WEST
RC POS 146 id 13 seat 4 role defend fs 0 body 1 pos 3,7 stuck 1
RC WALK 146 id 13 role defend pos 3,7 tgt 3,7 want CENTRE
V527I SEALNT 147 ph 5 fwd 0 hv 3
RC POS 147 id 7 seat 2 role expand fs 0 body 1 pos 5,6 stuck 0
RC WALK 147 id 7 role expand pos 5,6 tgt 6,0 want NORTH
RC POS 147 id 10 seat 3 role raid fs 1 body 2 pos 8,8 stuck 269
RC WALK 147 id 10 role raid pos 8,8 tgt 6,9 want WEST
RC POS 147 id 13 seat 4 role defend fs 0 body 1 pos 3,7 stuck 1
RC WALK 147 id 13 role defend pos 3,7 tgt 3,7 want CENTRE
V527I SEALNT 148 ph 5 fwd 0 hv 3
RC POS 148 id 7 seat 2 role expand fs 0 body 1 pos 5,5 stuck 0
RC WALK 148 id 7 role expand pos 5,5 tgt 6,0 want NORTH
RC POS 148 id 10 seat 3 role raid fs 1 body 2 pos 8,8 stuck 271
RC WALK 148 id 10 role raid pos 8,8 tgt 6,9 want WEST
RC POS 148 id 13 seat 4 role defend fs 0 body 1 pos 3,7 stuck 1
RC WALK 148 id 13 role defend pos 3,7 tgt 3,7 want CENTRE
V527I SEALNT 149 ph 5 fwd 0 hv 3
RC POS 149 id 10 seat 3 role raid fs 1 body 2 pos 8,8 stuck 273
RC WALK 149 id 10 role raid pos 8,8 tgt 6,9 want WEST
RC POS 149 id 13 seat 4 role defend fs 0 body 1 pos 3,7 stuck 1
RC WALK 149 id 13 role defend pos 3,7 tgt 3,7 want CENTRE
V527I SEALNT 150 ph 5 fwd 0 hv 3
RC POS 150 id 10 seat 3 role raid fs 1 body 2 pos 8,8 stuck 275
RC WALK 150 id 10 role raid pos 8,8 tgt 6,9 want WEST
RC POS 150 id 13 seat 4 role defend fs 0 body 1 pos 3,7 stuck 1
RC WALK 150 id 13 role defend pos 3,7 tgt 3,7 want CENTRE
V527I SEALNT 151 ph 5 fwd 0 hv 3
RC POS 151 id 10 seat 3 role raid fs 1 body 2 pos 8,8 stuck 277
RC WALK 151 id 10 role raid pos 8,8 tgt 6,9 want WEST
RC POS 151 id 13 seat 4 role defend fs 0 body 1 pos 3,7 stuck 1
RC WALK 151 id 13 role defend pos 3,7 tgt 3,7 want CENTRE
V527I SEALNT 152 ph 5 fwd 0 hv 3
RC POS 152 id 10 seat 3 role raid fs 1 body 2 pos 8,8 stuck 279
RC WALK 152 id 10 role raid pos 8,8 tgt 6,9 want WEST
RC POS 152 id 13 seat 4 role defend fs 0 body 1 pos 3,7 stuck 1
RC WALK 152 id 13 role defend pos 3,7 tgt 3,7 want CENTRE
V527I SEALNT 153 ph 5 fwd 0 hv 3
RC POS 153 id 10 seat 3 role raid fs 1 body 2 pos 8,8 stuck 281
RC WALK 153 id 10 role raid pos 8,8 tgt 6,9 want WEST
RC POS 153 id 13 seat 4 role defend fs 0 body 1 pos 3,7 stuck 1
RC WALK 153 id 13 role defend pos 3,7 tgt 3,7 want CENTRE
V527I SEALNT 154 ph 5 fwd 0 hv 3
RC POS 154 id 10 seat 3 role raid fs 1 body 2 pos 8,8 stuck 283
RC WALK 154 id 10 role raid pos 8,8 tgt 6,9 want WEST
RC POS 154 id 13 seat 4 role defend fs 0 body 1 pos 3,7 stuck 1
RC WALK 154 id 13 role defend pos 3,7 tgt 3,7 want CENTRE
V527I SEALNT 155 ph 5 fwd 0 hv 3
RC POS 155 id 10 seat 3 role raid fs 1 body 2 pos 8,8 stuck 285
RC WALK 155 id 10 role raid pos 8,8 tgt 6,9 want WEST
RC POS 155 id 13 seat 4 role defend fs 0 body 1 pos 3,7 stuck 1
RC WALK 155 id 13 role defend pos 3,7 tgt 3,7 want CENTRE
V527I SEALNT 156 ph 5 fwd 0 hv 3
RC POS 156 id 10 seat 3 role raid fs 1 body 2 pos 8,8 stuck 287
RC WALK 156 id 10 role raid pos 8,8 tgt 6,9 want WEST
RC POS 156 id 13 seat 4 role defend fs 0 body 1 pos 3,7 stuck 1
RC WALK 156 id 13 role defend pos 3,7 tgt 3,7 want CENTRE
V527I SEALNT 157 ph 5 fwd 0 hv 3
RC POS 157 id 10 seat 3 role raid fs 1 body 2 pos 8,8 stuck 289
RC WALK 157 id 10 role raid pos 8,8 tgt 6,9 want WEST
RC POS 157 id 13 seat 4 role defend fs 0 body 1 pos 3,7 stuck 1
RC WALK 157 id 13 role defend pos 3,7 tgt 3,7 want CENTRE
V527I SEALNT 158 ph 5 fwd 0 hv 3
RC POS 158 id 10 seat 3 role raid fs 1 body 2 pos 8,8 stuck 291
RC WALK 158 id 10 role raid pos 8,8 tgt 6,9 want WEST
RC POS 158 id 13 seat 4 role defend fs 0 body 1 pos 3,7 stuck 1
RC WALK 158 id 13 role defend pos 3,7 tgt 3,7 want CENTRE
V527I SEALNT 159 ph 5 fwd 0 hv 3
RC POS 159 id 10 seat 3 role raid fs 1 body 2 pos 8,8 stuck 293
RC WALK 159 id 10 role raid pos 8,8 tgt 6,9 want WEST
RC POS 159 id 13 seat 4 role defend fs 0 body 1 pos 3,7 stuck 1
RC WALK 159 id 13 role defend pos 3,7 tgt 3,7 want CENTRE
V527I SEALNT 160 ph 5 fwd 0 hv 3
RC POS 160 id 10 seat 3 role raid fs 1 body 2 pos 8,8 stuck 295
RC WALK 160 id 10 role raid pos 8,8 tgt 6,9 want WEST
RC POS 160 id 13 seat 4 role defend fs 0 body 1 pos 3,7 stuck 1
RC WALK 160 id 13 role defend pos 3,7 tgt 3,7 want CENTRE
V527I SEALNT 161 ph 5 fwd 0 hv 3
RC POS 161 id 10 seat 3 role raid fs 1 body 2 pos 8,8 stuck 297
RC WALK 161 id 10 role raid pos 8,8 tgt 6,9 want WEST
RC POS 161 id 13 seat 4 role defend fs 0 body 1 pos 3,7 stuck 1
RC WALK 161 id 13 role defend pos 3,7 tgt 3,7 want CENTRE
V527I SEALNT 162 ph 5 fwd 0 hv 3
RC POS 162 id 10 seat 3 role raid fs 1 body 2 pos 8,8 stuck 299
RC WALK 162 id 10 role raid pos 8,8 tgt 6,9 want WEST
RC POS 162 id 13 seat 4 role defend fs 0 body 1 pos 3,7 stuck 1
RC WALK 162 id 13 role defend pos 3,7 tgt 5,6 want EAST
V527I SEALNT 163 ph 5 fwd 0 hv 3
RC POS 163 id 10 seat 3 role raid fs 1 body 2 pos 8,8 stuck 301
RC WALK 163 id 10 role raid pos 8,8 tgt 6,9 want WEST
RC POS 163 id 13 seat 4 role defend fs 0 body 1 pos 4,7 stuck 0
RC WALK 163 id 13 role defend pos 4,7 tgt 5,6 want EAST
V527I SEALNT 164 ph 5 fwd 0 hv 3
RC POS 164 id 10 seat 3 role raid fs 1 body 2 pos 8,8 stuck 303
RC WALK 164 id 10 role raid pos 8,8 tgt 6,9 want WEST
RC POS 164 id 13 seat 4 role defend fs 0 body 1 pos 5,7 stuck 0
RC WALK 164 id 13 role defend pos 5,7 tgt 5,5 want NORTH
V527I SEALNT 165 ph 5 fwd 0 hv 3
RC POS 165 id 10 seat 3 role raid fs 1 body 2 pos 8,8 stuck 305
RC WALK 165 id 10 role raid pos 8,8 tgt 6,9 want WEST
RC SEAT 165 id 171 seat 5
RC POS 165 id 171 seat 5 role raid fs 0 body 1 pos 1,4 stuck 0
RC WALK 165 id 171 role raid pos 1,4 tgt 8,5 want SOUTH
V527I SEALNT 166 ph 5 fwd 0 hv 3
RC POS 166 id 10 seat 3 role raid fs 1 body 2 pos 8,8 stuck 307
RC WALK 166 id 10 role raid pos 8,8 tgt 6,9 want WEST
RC POS 166 id 171 seat 5 role raid fs 0 body 1 pos 1,5 stuck 0
RC WALK 166 id 171 role raid pos 1,5 tgt 8,5 want EAST
V527I SEALNT 167 ph 5 fwd 0 hv 3
RC POS 167 id 10 seat 3 role raid fs 1 body 2 pos 8,8 stuck 309
RC WALK 167 id 10 role raid pos 8,8 tgt 6,9 want WEST
RC POS 167 id 171 seat 5 role raid fs 0 body 1 pos 2,5 stuck 0
RC WALK 167 id 171 role raid pos 2,5 tgt 8,5 want EAST
V527I SEALNT 168 ph 5 fwd 0 hv 3
RC POS 168 id 10 seat 3 role raid fs 1 body 2 pos 8,8 stuck 311
RC WALK 168 id 10 role raid pos 8,8 tgt 6,9 want WEST
RC POS 168 id 171 seat 5 role raid fs 0 body 1 pos 3,5 stuck 0
RC WALK 168 id 171 role raid pos 3,5 tgt 8,5 want SOUTH
V527I SEALNT 169 ph 5 fwd 0 hv 3
RC POS 169 id 10 seat 3 role raid fs 1 body 2 pos 8,8 stuck 313
RC WALK 169 id 10 role raid pos 8,8 tgt 6,9 want WEST
RC POS 169 id 171 seat 5 role raid fs 0 body 1 pos 3,6 stuck 0
RC WALK 169 id 171 role raid pos 3,6 tgt 8,5 want NORTH
V527I SEALNT 170 ph 5 fwd 0 hv 3
RC POS 170 id 10 seat 3 role raid fs 1 body 2 pos 8,8 stuck 315
RC WALK 170 id 10 role raid pos 8,8 tgt 6,9 want WEST
RC POS 170 id 171 seat 5 role raid fs 0 body 1 pos 3,5 stuck 0
RC WALK 170 id 171 role raid pos 3,5 tgt 8,5 want SOUTH
V527I SEALNT 171 ph 5 fwd 0 hv 3
RC POS 171 id 10 seat 3 role raid fs 1 body 2 pos 8,8 stuck 317
RC WALK 171 id 10 role raid pos 8,8 tgt 6,9 want WEST
RC POS 171 id 171 seat 5 role raid fs 0 body 1 pos 3,6 stuck 0
RC WALK 171 id 171 role raid pos 3,6 tgt 5,6 want EAST
V527I SEALNT 172 ph 5 fwd 0 hv 3
RC POS 172 id 10 seat 3 role raid fs 1 body 2 pos 8,8 stuck 319
RC WALK 172 id 10 role raid pos 8,8 tgt 6,9 want WEST
RC POS 172 id 171 seat 5 role raid fs 0 body 1 pos 4,6 stuck 0
V527I SEALNT 173 ph 5 fwd 1 hv 3
RC POS 173 id 10 seat 3 role raid fs 1 body 2 pos 8,8 stuck 321
RC WALK 173 id 10 role raid pos 8,8 tgt 6,9 want WEST
RC POS 173 id 171 seat 5 role raid fs 0 body 1 pos 4,6 stuck 1
V527I SEALNT 174 ph 5 fwd 1 hv 3
RC POS 174 id 10 seat 3 role raid fs 1 body 2 pos 8,8 stuck 323
RC WALK 174 id 10 role raid pos 8,8 tgt 6,9 want WEST
RC POS 174 id 171 seat 5 role raid fs 0 body 1 pos 4,6 stuck 2
V527I SEALNT 175 ph 5 fwd 1 hv 3
RC POS 175 id 10 seat 3 role raid fs 1 body 2 pos 8,8 stuck 325
RC WALK 175 id 10 role raid pos 8,8 tgt 6,9 want WEST
RC POS 175 id 171 seat 5 role raid fs 0 body 1 pos 4,6 stuck 3
V527I SEALNT 176 ph 5 fwd 1 hv 3
RC POS 176 id 10 seat 3 role raid fs 1 body 2 pos 8,8 stuck 327
RC WALK 176 id 10 role raid pos 8,8 tgt 6,9 want WEST
RC POS 176 id 171 seat 5 role raid fs 0 body 1 pos 4,6 stuck 4
V527I SEALNT 177 ph 5 fwd 1 hv 3
RC POS 177 id 10 seat 3 role raid fs 1 body 2 pos 8,8 stuck 329
RC WALK 177 id 10 role raid pos 8,8 tgt 6,9 want WEST
RC POS 177 id 171 seat 5 role raid fs 0 body 1 pos 4,6 stuck 5
V527I SEALNT 178 ph 5 fwd 1 hv 3
RC POS 178 id 10 seat 3 role raid fs 1 body 2 pos 8,8 stuck 331
RC WALK 178 id 10 role raid pos 8,8 tgt 6,9 want WEST
RC POS 178 id 171 seat 5 role raid fs 0 body 1 pos 4,6 stuck 6
V527I SEALNT 179 ph 5 fwd 1 hv 3
RC POS 179 id 10 seat 3 role raid fs 1 body 2 pos 8,8 stuck 333
RC WALK 179 id 10 role raid pos 8,8 tgt 6,9 want WEST
RC POS 179 id 171 seat 5 role raid fs 0 body 1 pos 4,6 stuck 7
RC WALK 179 id 171 role raid pos 4,6 tgt 5,7 want SOUTH
V527I SEALNT 180 ph 5 fwd 1 hv 3
RC POS 180 id 10 seat 3 role raid fs 1 body 2 pos 8,8 stuck 335
RC WALK 180 id 10 role raid pos 8,8 tgt 6,9 want WEST
RC POS 180 id 171 seat 5 role raid fs 0 body 1 pos 4,7 stuck 0
RC WALK 180 id 171 role raid pos 4,7 tgt 5,7 want EAST
V527I SEALNT 181 ph 5 fwd 1 hv 3
RC POS 181 id 10 seat 3 role raid fs 1 body 2 pos 8,8 stuck 337
RC WALK 181 id 10 role raid pos 8,8 tgt 6,9 want WEST
RC POS 181 id 171 seat 5 role raid fs 0 body 1 pos 5,7 stuck 0
V527I SEALNT 182 ph 5 fwd 1 hv 3
RC POS 182 id 10 seat 3 role raid fs 1 body 2 pos 8,8 stuck 339
RC WALK 182 id 10 role raid pos 8,8 tgt 6,9 want WEST
RC POS 182 id 171 seat 5 role raid fs 0 body 1 pos 5,7 stuck 1
V527I SEALNT 183 ph 5 fwd 1 hv 3
RC POS 183 id 10 seat 3 role raid fs 1 body 2 pos 8,8 stuck 341
RC WALK 183 id 10 role raid pos 8,8 tgt 6,9 want WEST
RC POS 183 id 171 seat 5 role raid fs 0 body 1 pos 5,7 stuck 2
V527I SEALNT 184 ph 5 fwd 1 hv 3
RC POS 184 id 10 seat 3 role raid fs 1 body 2 pos 8,8 stuck 343
RC WALK 184 id 10 role raid pos 8,8 tgt 6,9 want WEST
RC POS 184 id 171 seat 5 role raid fs 0 body 1 pos 5,7 stuck 1
V527I SEALNT 185 ph 5 fwd 1 hv 3
RC POS 185 id 10 seat 3 role raid fs 1 body 2 pos 8,8 stuck 345
RC WALK 185 id 10 role raid pos 8,8 tgt 6,9 want WEST
RC POS 185 id 171 seat 5 role raid fs 0 body 1 pos 5,7 stuck 2
V527I SEALNT 186 ph 5 fwd 1 hv 3
RC POS 186 id 10 seat 3 role raid fs 1 body 2 pos 8,8 stuck 347
RC WALK 186 id 10 role raid pos 8,8 tgt 6,9 want WEST
RC POS 186 id 171 seat 5 role raid fs 0 body 1 pos 5,7 stuck 3
V527I SEALNT 187 ph 5 fwd 1 hv 3
RC POS 187 id 10 seat 3 role raid fs 1 body 2 pos 8,8 stuck 349
RC WALK 187 id 10 role raid pos 8,8 tgt 6,9 want WEST
RC POS 187 id 171 seat 5 role raid fs 0 body 1 pos 5,7 stuck 4
V527I SEALNT 188 ph 5 fwd 1 hv 3
RC POS 188 id 10 seat 3 role raid fs 1 body 2 pos 8,8 stuck 351
RC WALK 188 id 10 role raid pos 8,8 tgt 6,9 want WEST
RC POS 188 id 171 seat 5 role raid fs 0 body 1 pos 5,7 stuck 5
V527I SEALNT 189 ph 5 fwd 1 hv 3
RC POS 189 id 10 seat 3 role raid fs 1 body 2 pos 8,8 stuck 353
RC WALK 189 id 10 role raid pos 8,8 tgt 6,9 want WEST
RC POS 189 id 171 seat 5 role raid fs 0 body 1 pos 5,7 stuck 6
V527I SEALNT 190 ph 5 fwd 1 hv 3
RC POS 190 id 10 seat 3 role raid fs 1 body 2 pos 8,8 stuck 355
RC WALK 190 id 10 role raid pos 8,8 tgt 6,9 want WEST
RC POS 190 id 171 seat 5 role raid fs 0 body 1 pos 5,7 stuck 1
V527I SEALNT 191 ph 5 fwd 1 hv 3
RC POS 191 id 10 seat 3 role raid fs 1 body 2 pos 8,8 stuck 357
RC WALK 191 id 10 role raid pos 8,8 tgt 6,9 want WEST
RC POS 191 id 171 seat 5 role raid fs 0 body 1 pos 5,7 stuck 2
V527I SEALNT 192 ph 5 fwd 1 hv 3
RC POS 192 id 10 seat 3 role raid fs 1 body 2 pos 8,8 stuck 359
RC WALK 192 id 10 role raid pos 8,8 tgt 6,9 want WEST
RC POS 192 id 171 seat 5 role raid fs 0 body 1 pos 5,7 stuck 3
V527I SEALNT 193 ph 5 fwd 1 hv 3
RC POS 193 id 10 seat 3 role raid fs 1 body 2 pos 8,8 stuck 361
RC WALK 193 id 10 role raid pos 8,8 tgt 6,9 want WEST
RC POS 193 id 171 seat 5 role raid fs 0 body 1 pos 5,7 stuck 4
V527I SEALNT 194 ph 5 fwd 1 hv 3
RC POS 194 id 10 seat 3 role raid fs 1 body 2 pos 8,8 stuck 363
RC WALK 194 id 10 role raid pos 8,8 tgt 6,9 want WEST
RC POS 194 id 171 seat 5 role raid fs 0 body 1 pos 5,7 stuck 5
V527I SEALNT 195 ph 5 fwd 1 hv 3
RC POS 195 id 10 seat 3 role raid fs 1 body 2 pos 8,8 stuck 365
RC WALK 195 id 10 role raid pos 8,8 tgt 6,9 want WEST
RC POS 195 id 171 seat 5 role raid fs 0 body 1 pos 5,7 stuck 6
V527I SEALNT 196 ph 5 fwd 1 hv 3
RC POS 196 id 10 seat 3 role raid fs 1 body 2 pos 8,8 stuck 367
RC WALK 196 id 10 role raid pos 8,8 tgt 6,9 want WEST
RC POS 196 id 171 seat 5 role raid fs 0 body 1 pos 5,7 stuck 1
V527I SEALNT 197 ph 5 fwd 1 hv 3
RC POS 197 id 10 seat 3 role raid fs 1 body 2 pos 8,8 stuck 369
RC WALK 197 id 10 role raid pos 8,8 tgt 6,9 want WEST
RC POS 197 id 171 seat 5 role raid fs 0 body 1 pos 5,7 stuck 2
V527I SEALNT 198 ph 5 fwd 1 hv 3
RC POS 198 id 10 seat 3 role raid fs 1 body 2 pos 8,8 stuck 371
RC WALK 198 id 10 role raid pos 8,8 tgt 6,9 want WEST
RC POS 198 id 171 seat 5 role raid fs 0 body 1 pos 5,7 stuck 3
V527I SEALNT 199 ph 5 fwd 1 hv 3
RC POS 199 id 10 seat 3 role raid fs 1 body 2 pos 8,8 stuck 373
RC WALK 199 id 10 role raid pos 8,8 tgt 6,9 want WEST
RC POS 199 id 171 seat 5 role raid fs 0 body 1 pos 5,7 stuck 4
V527I SEALNT 200 ph 5 fwd 1 hv 3
RC POS 200 id 10 seat 3 role raid fs 1 body 2 pos 8,8 stuck 375
RC WALK 200 id 10 role raid pos 8,8 tgt 6,9 want WEST
RC POS 200 id 171 seat 5 role raid fs 0 body 1 pos 5,7 stuck 5
V527I SEALNT 201 ph 5 fwd 1 hv 3
RC POS 201 id 10 seat 3 role raid fs 1 body 2 pos 8,8 stuck 377
RC WALK 201 id 10 role raid pos 8,8 tgt 6,9 want WEST
RC POS 201 id 171 seat 5 role raid fs 0 body 1 pos 5,7 stuck 6
V527I SEALNT 202 ph 5 fwd 1 hv 3
RC POS 202 id 10 seat 3 role raid fs 1 body 2 pos 8,8 stuck 379
RC WALK 202 id 10 role raid pos 8,8 tgt 6,9 want WEST
RC POS 202 id 171 seat 5 role raid fs 0 body 1 pos 5,7 stuck 1
V527I SEALNT 203 ph 5 fwd 1 hv 3
RC POS 203 id 10 seat 3 role raid fs 1 body 2 pos 8,8 stuck 381
RC WALK 203 id 10 role raid pos 8,8 tgt 6,9 want WEST
RC POS 203 id 171 seat 5 role raid fs 0 body 1 pos 5,7 stuck 2
V527I SEALNT 204 ph 5 fwd 1 hv 3
RC POS 204 id 10 seat 3 role raid fs 1 body 2 pos 8,8 stuck 383
RC WALK 204 id 10 role raid pos 8,8 tgt 6,9 want WEST
RC POS 204 id 171 seat 5 role raid fs 0 body 1 pos 5,7 stuck 3
V527I SEALNT 205 ph 5 fwd 1 hv 3
RC POS 205 id 10 seat 3 role raid fs 1 body 2 pos 8,8 stuck 385
RC WALK 205 id 10 role raid pos 8,8 tgt 6,9 want WEST
RC POS 205 id 171 seat 5 role raid fs 0 body 1 pos 5,7 stuck 4
V527I SEALNT 206 ph 5 fwd 1 hv 3
RC POS 206 id 10 seat 3 role raid fs 1 body 2 pos 8,8 stuck 387
RC WALK 206 id 10 role raid pos 8,8 tgt 6,9 want WEST
RC POS 206 id 171 seat 5 role raid fs 0 body 1 pos 5,7 stuck 5
V527I SEALNT 207 ph 5 fwd 1 hv 3
RC POS 207 id 10 seat 3 role raid fs 1 body 2 pos 8,8 stuck 389
RC WALK 207 id 10 role raid pos 8,8 tgt 6,9 want WEST
RC POS 207 id 171 seat 5 role raid fs 0 body 1 pos 5,7 stuck 6
V527I SEALNT 208 ph 5 fwd 1 hv 3
RC POS 208 id 10 seat 3 role raid fs 1 body 2 pos 8,8 stuck 391
RC WALK 208 id 10 role raid pos 8,8 tgt 6,9 want WEST
RC POS 208 id 171 seat 5 role raid fs 0 body 1 pos 5,7 stuck 1
V527I SEALNT 209 ph 5 fwd 1 hv 3
RC POS 209 id 10 seat 3 role raid fs 1 body 2 pos 8,8 stuck 393
RC WALK 209 id 10 role raid pos 8,8 tgt 6,9 want WEST
RC POS 209 id 171 seat 5 role raid fs 0 body 1 pos 5,7 stuck 2
V527I SEALNT 210 ph 5 fwd 1 hv 3
RC POS 210 id 10 seat 3 role raid fs 1 body 2 pos 8,8 stuck 395
RC WALK 210 id 10 role raid pos 8,8 tgt 6,9 want WEST
RC POS 210 id 171 seat 5 role raid fs 0 body 1 pos 5,7 stuck 3
V527I SEALNT 211 ph 5 fwd 1 hv 3
RC POS 211 id 10 seat 3 role raid fs 1 body 2 pos 8,8 stuck 397
RC WALK 211 id 10 role raid pos 8,8 tgt 6,9 want WEST
RC POS 211 id 171 seat 5 role raid fs 0 body 1 pos 5,7 stuck 4
V527I SEALNT 212 ph 5 fwd 1 hv 3
RC POS 212 id 10 seat 3 role raid fs 1 body 2 pos 8,8 stuck 399
RC WALK 212 id 10 role raid pos 8,8 tgt 6,9 want WEST
RC POS 212 id 171 seat 5 role raid fs 0 body 1 pos 5,7 stuck 5
V527I SEALNT 213 ph 5 fwd 1 hv 3
RC POS 213 id 10 seat 3 role raid fs 1 body 2 pos 8,8 stuck 401
RC WALK 213 id 10 role raid pos 8,8 tgt 6,9 want WEST
RC POS 213 id 171 seat 5 role raid fs 0 body 1 pos 5,7 stuck 6
V527I SEALNT 214 ph 5 fwd 1 hv 3
RC POS 214 id 10 seat 3 role raid fs 1 body 2 pos 8,8 stuck 403
RC WALK 214 id 10 role raid pos 8,8 tgt 6,9 want WEST
RC POS 214 id 171 seat 5 role raid fs 0 body 1 pos 5,7 stuck 1
V527I SEALNT 215 ph 5 fwd 1 hv 3
RC POS 215 id 10 seat 3 role raid fs 1 body 2 pos 8,8 stuck 405
RC WALK 215 id 10 role raid pos 8,8 tgt 6,9 want WEST
RC POS 215 id 171 seat 5 role raid fs 0 body 1 pos 5,7 stuck 2
V527I SEALNT 216 ph 5 fwd 1 hv 3
RC POS 216 id 10 seat 3 role raid fs 1 body 2 pos 8,8 stuck 407
RC WALK 216 id 10 role raid pos 8,8 tgt 6,9 want WEST
RC POS 216 id 171 seat 5 role raid fs 0 body 1 pos 5,7 stuck 3
V527I SEALNT 217 ph 5 fwd 1 hv 3
RC POS 217 id 10 seat 3 role raid fs 1 body 2 pos 8,8 stuck 409
RC WALK 217 id 10 role raid pos 8,8 tgt 6,9 want WEST
RC POS 217 id 171 seat 5 role raid fs 0 body 1 pos 5,7 stuck 4
V527I SEALNT 218 ph 5 fwd 1 hv 3
RC POS 218 id 10 seat 3 role raid fs 1 body 2 pos 8,8 stuck 411
RC WALK 218 id 10 role raid pos 8,8 tgt 6,9 want WEST
RC POS 218 id 171 seat 5 role raid fs 0 body 1 pos 5,7 stuck 5
V527I SEALNT 219 ph 5 fwd 1 hv 3
RC POS 219 id 10 seat 3 role raid fs 1 body 2 pos 8,8 stuck 413
RC WALK 219 id 10 role raid pos 8,8 tgt 6,9 want WEST
RC POS 219 id 171 seat 5 role raid fs 0 body 1 pos 5,7 stuck 6
V527I SEALNT 220 ph 5 fwd 1 hv 3
RC POS 220 id 10 seat 3 role raid fs 1 body 2 pos 8,8 stuck 415
RC WALK 220 id 10 role raid pos 8,8 tgt 6,9 want WEST
RC POS 220 id 171 seat 5 role raid fs 0 body 1 pos 5,7 stuck 1
V527I SEALNT 221 ph 5 fwd 1 hv 3
RC POS 221 id 10 seat 3 role raid fs 1 body 2 pos 8,8 stuck 417
RC WALK 221 id 10 role raid pos 8,8 tgt 6,9 want WEST
RC POS 221 id 171 seat 5 role raid fs 0 body 1 pos 5,7 stuck 2
V527I SEALNT 222 ph 5 fwd 1 hv 3
RC POS 222 id 10 seat 3 role raid fs 1 body 2 pos 8,8 stuck 419
RC WALK 222 id 10 role raid pos 8,8 tgt 6,9 want WEST
RC POS 222 id 171 seat 5 role raid fs 0 body 1 pos 5,7 stuck 3
V527I SEALNT 223 ph 5 fwd 1 hv 3
RC POS 223 id 10 seat 3 role raid fs 1 body 2 pos 8,8 stuck 421
RC WALK 223 id 10 role raid pos 8,8 tgt 6,9 want WEST
RC POS 223 id 171 seat 5 role raid fs 0 body 1 pos 5,7 stuck 4
V527I SEALNT 224 ph 5 fwd 1 hv 3
RC POS 224 id 10 seat 3 role raid fs 1 body 2 pos 8,8 stuck 423
RC WALK 224 id 10 role raid pos 8,8 tgt 6,9 want WEST
RC POS 224 id 171 seat 5 role raid fs 0 body 1 pos 5,7 stuck 5
V527I SEALNT 225 ph 5 fwd 1 hv 3
RC POS 225 id 10 seat 3 role raid fs 1 body 2 pos 8,8 stuck 425
RC WALK 225 id 10 role raid pos 8,8 tgt 6,9 want WEST
RC POS 225 id 171 seat 5 role raid fs 0 body 1 pos 5,7 stuck 6
V527I SEALNT 226 ph 5 fwd 1 hv 3
RC POS 226 id 10 seat 3 role raid fs 1 body 2 pos 8,8 stuck 427
RC WALK 226 id 10 role raid pos 8,8 tgt 6,9 want WEST
RC POS 226 id 171 seat 5 role raid fs 0 body 1 pos 5,7 stuck 1
V527I SEALNT 227 ph 5 fwd 1 hv 3
RC POS 227 id 10 seat 3 role raid fs 1 body 2 pos 8,8 stuck 429
RC WALK 227 id 10 role raid pos 8,8 tgt 6,9 want WEST
RC POS 227 id 171 seat 5 role raid fs 0 body 1 pos 5,7 stuck 2
