Running match: _v488beltbreak2 vs _v520pincer
  Map: drakkarfjord.map26  Seed: 19  Replay: 
scratchpad/s51_v520_build/grid/b7/repv520/drakkarfjord_s19_B.replay26  TLE: 10ms
Completed turn 0
Completed turn 100
Completed turn 200
Completed turn 300
Completed turn 400
Completed turn 500
Completed turn 600
Completed turn 700
Completed turn 800
Completed turn 900
Replay written to 
scratchpad/s51_v520_build/grid/b7/repv520/drakkarfjord_s19_B.replay26

  Winner: _v520pincer  (Titanium collected (tiebreak), turn 1000)

               _v488beltbreak2       _v520pincer  
  Titanium        40 (0 mined)    11 (300 mined)  
  Units                      7                 6  
  Buildings                 26                32  

