Update available: 2.3.6 -> 2.3.8. Run: pip install --upgrade fcode
FS GATE 0 sig (18, 18, (2, 14), (14, 2)) ok 1
FS GATE 1 sig (18, 18, (2, 14), (14, 2)) ok 1
FS PHASE 1 id 3 ph 1 d 200 at (4, 13)
FS HOPBUILD 1 at (4, 13) lch (4, 12) T (16, 1)
FS GATE 2 sig (18, 18, (2, 14), (14, 2)) ok 1
FS GATE 2 sig (18, 18, (2, 14), (14, 2)) ok 1
FS THROW 2 from (5, 13) to (8, 9) T (16, 1) body 3 n 1 dsq 72
FS HOPBUILD 3 at (8, 9) lch (8, 8) T (16, 1)
FS GATE 3 sig (18, 18, (2, 14), (14, 2)) ok 1
FS GATE 4 sig (18, 18, (2, 14), (14, 2)) ok 1
FS THROW 4 from (9, 9) to (12, 5) T (16, 1) body 3 n 1 dsq 8
FS ARRIVE 5 id 3 body 1 at (12, 5) dsq 8
FS PHASE 5 id 3 ph 2 d 8 at (12, 5)
FS SEAL 7 tile (13, 3) n 1
FS GATE 7 sig (18, 18, (2, 14), (14, 2)) ok 1
FS EVICTOR 8 at (13, 5) ucov 0 cov 2 unseal 1 obs 8
FS RUNG 8 id 3 r 2 hi -
FS GATE 8 sig (18, 18, (2, 14), (14, 2)) ok 1
FS GATE 9 sig (18, 18, (2, 14), (14, 2)) ok 1
FS EVICT 9 from (13, 4) to (12, 10)
FS SEAL 11 tile (14, 4) n 2
FS EVICTOR 12 at (13, 5) ucov 0 cov 3 unseal 2 obs 14
FS RUNG 12 id 3 r 2 hi -
FS GATE 13 sig (18, 18, (2, 14), (14, 2)) ok 1
FS SEAL 16 tile (13, 2) n 3
FS EVICTOR 17 at (12, 3) ucov 0 cov 1 unseal 2 obs 17
FS RUNG 17 id 3 r 2 hi -
FS GATE 18 sig (18, 18, (2, 14), (14, 2)) ok 1
FS EVICT 18 from (12, 4) to (7, 4)
FS EVICT 19 from (11, 4) to (17, 4)
FS STAT 20 id 3 at (11, 1) need 6 orth 5 ti 78 ammo 24 sen 0 hp 22 covden 0 eco 1 lost 0
FS CLEAR 32 tile (14, 1) peck 1
FS RUNG 32 id 3 r 3 hi -
FS CLEAR 33 tile (14, 1) peck 2
FS RUNG 33 id 3 r 3 hi -
FS STAT 40 id 3 at (13, 0) need 6 orth 5 ti 47 ammo 24 sen 0 hp 22 covden 0 eco 1 lost 0
FS CLEAR 44 tile (14, 1) peck 1
FS RUNG 44 id 3 r 3 hi -
FS EVICT 45 from (11, 2) to (11, 8)
FS CLEAR 46 tile (14, 1) peck 2
FS RUNG 46 id 3 r 3 hi -
FS CLEAR 48 tile (14, 1) peck 3
FS RUNG 48 id 3 r 3 hi -
FS CLEAR 49 tile (14, 1) peck 4
FS RUNG 49 id 3 r 3 hi -
FS CLEAR 50 tile (14, 1) peck 5
FS RUNG 50 id 3 r 3 hi -
FS CLEAR 51 tile (14, 1) peck 6
FS RUNG 51 id 3 r 3 hi -
FS CLEAR 52 tile (14, 1) peck 7
FS RUNG 52 id 3 r 3 hi -
FS CLEAR 53 tile (14, 1) peck 8
FS RUNG 53 id 3 r 3 hi -
FS CLEARED 54 tile (14, 1) n 1
FS SEAL 54 tile (14, 1) n 4
FS SEALCLR 54 tile (14, 1) lag 0
FS CLEAR 56 tile (13, 1) peck 1
FS RUNG 56 id 3 r 3 hi -
FS CLEAR 57 tile (13, 1) peck 2
FS RUNG 57 id 3 r 3 hi -
FS CLEAR 58 tile (13, 1) peck 3
FS RUNG 58 id 3 r 3 hi -
FS CLEAR 59 tile (13, 1) peck 4
FS RUNG 59 id 3 r 3 hi -
PRESKILL520 60 id 3 body 1
FS EVICT 126 from (11, 4) to (17, 4)
FS EVICT 134 from (13, 4) to (7, 4)
FS EVICT 138 from (11, 4) to (17, 4)
FS EVICT 146 from (13, 4) to (7, 4)
FS EVICT 150 from (11, 4) to (17, 4)
FS EVICT 153 from (13, 4) to (7, 4)
FS EVICT 157 from (11, 4) to (17, 4)
FS EVICT 160 from (13, 4) to (7, 4)
FS EVICT 164 from (11, 4) to (17, 4)
FS EVICT 167 from (13, 4) to (7, 4)
FS EVICT 171 from (11, 4) to (17, 4)
FS EVICT 172 from (13, 4) to (7, 4)
FS EVICT 176 from (11, 4) to (17, 4)
FS EVICT 202 from (13, 4) to (7, 4)
FS EVICT 206 from (11, 4) to (17, 2)
FS EVICT 232 from (13, 4) to (7, 4)
FS EVICT 262 from (13, 4) to (7, 2)
FS GATE 317 sig (18, 18, (2, 14), (14, 2)) ok 1
FS PHASE 317 id 350 ph 1 d 290 at (3, 16)
FS HOPBUILD 319 at (4, 15) lch (5, 15) T (16, 1)
FS GATE 320 sig (18, 18, (2, 14), (14, 2)) ok 1
FS THROW 320 from (4, 14) to (9, 12) T (16, 1) body 350 n 1 dsq 106
FS HOPBUILD 326 at (12, 10) lch (13, 10) T (16, 1)
FS GATE 327 sig (18, 18, (2, 14), (14, 2)) ok 1
FS THROW 327 from (12, 10) to (14, 5) T (16, 1) body 350 n 1 dsq 4
FS EVICT 328 from (13, 4) to (7, 3)
FS ARRIVE 328 id 350 body 1 at (14, 5) dsq 4
FS PHASE 328 id 350 ph 5 d 4 at (14, 5)
FS DODGE 328 id 350 from (14, 5) to (14, 6) cov 1 -> 0 hit 0 hp 22
FS DODGE 329 id 350 from (14, 6) to (15, 6) cov 1 -> 0 hit 0 hp 22
FS DODGE 331 id 350 from (14, 6) to (15, 6) cov 1 -> 0 hit 0 hp 15
FS DODGE 333 id 350 from (14, 6) to (15, 6) cov 1 -> 0 hit 0 hp 8
FS DODGE 335 id 350 from (14, 6) to (15, 6) cov 1 -> 0 hit 0 hp 1
FS EVICT 372 from (13, 4) to (8, 0)
FS GATE 397 sig (18, 18, (2, 14), (14, 2)) ok 1
FS PHASE 397 id 415 ph 1 d 290 at (3, 16)
FS HOPBUILD 399 at (4, 15) lch (5, 15) T (16, 1)
FS GATE 400 sig (18, 18, (2, 14), (14, 2)) ok 1
FS THROW 400 from (4, 14) to (9, 12) T (16, 1) body 415 n 1 dsq 106
FS HOPBUILD 406 at (12, 10) lch (13, 10) T (16, 1)
FS GATE 407 sig (18, 18, (2, 14), (14, 2)) ok 1
FS THROW 407 from (12, 10) to (14, 5) T (16, 1) body 415 n 1 dsq 4
FS ARRIVE 408 id 415 body 1 at (14, 5) dsq 4
FS PHASE 408 id 415 ph 5 d 4 at (14, 5)
FS DODGE 409 id 415 from (13, 5) to (13, 4) cov 2 -> 0 hit 0 hp 22
FS DODGE 411 id 415 from (12, 4) to (13, 4) cov 1 -> 0 hit 0 hp 4
FS EVICT 414 from (13, 4) to (8, 5)
FS EVICT 419 from (12, 4) to (8, 5)
FS EVICT 424 from (12, 4) to (8, 5)
FS EVICT 429 from (12, 4) to (8, 5)
FS EVICT 434 from (12, 4) to (8, 5)
FS EVICT 439 from (12, 4) to (8, 5)
FS EVICT 444 from (12, 4) to (8, 5)
FS EVICT 449 from (12, 4) to (8, 5)
FS EVICT 454 from (12, 4) to (8, 5)
FS EVICT 459 from (12, 4) to (8, 5)
FS EVICT 464 from (12, 4) to (8, 5)
FS EVICT 469 from (12, 4) to (8, 5)
FS EVICT 474 from (12, 4) to (8, 5)
FS EVICT 479 from (12, 4) to (8, 5)
FS GATE 481 sig (18, 18, (2, 14), (14, 2)) ok 1
FS PHASE 481 id 482 ph 1 d 290 at (3, 16)
FS HOPBUILD 483 at (4, 15) lch (5, 15) T (16, 1)
FS EVICT 484 from (12, 4) to (8, 5)
FS GATE 484 sig (18, 18, (2, 14), (14, 2)) ok 1
FS THROW 484 from (4, 14) to (9, 12) T (16, 1) body 482 n 1 dsq 106
FS HOPBUILD 488 at (12, 12) lch (12, 11) T (16, 1)
FS EVICT 489 from (12, 4) to (8, 5)
FS GATE 489 sig (18, 18, (2, 14), (14, 2)) ok 1
FS THROW 489 from (13, 12) to (13, 6) T (16, 1) body 482 n 1 dsq 10
FS ARRIVE 491 id 482 body 1 at (13, 5) dsq 5
FS PHASE 491 id 482 ph 5 d 5 at (13, 5)
FS DODGE 491 id 482 from (13, 5) to (13, 4) cov 2 -> 0 hit 0 hp 22
FS DODGE 493 id 482 from (12, 4) to (13, 4) cov 1 -> 0 hit 0 hp 4
FS EVICT 496 from (12, 4) to (8, 5)
FS EVICT 501 from (12, 4) to (8, 5)
FS EVICT 506 from (12, 4) to (8, 5)
FS EVICT 511 from (12, 4) to (8, 5)
FS EVICT 516 from (12, 4) to (8, 5)
FS EVICT 521 from (12, 4) to (8, 5)
FS EVICT 526 from (12, 4) to (8, 5)
FS EVICT 531 from (12, 4) to (8, 5)
FS EVICT 536 from (12, 4) to (8, 5)
FS EVICT 541 from (12, 4) to (8, 5)
FS EVICT 546 from (12, 4) to (8, 5)
FS EVICT 551 from (12, 4) to (8, 5)
FS EVICT 556 from (12, 4) to (8, 5)
FS EVICT 561 from (12, 4) to (8, 5)
FS GATE 561 sig (18, 18, (2, 14), (14, 2)) ok 1
FS PHASE 561 id 545 ph 1 d 338 at (1, 16)
FS EVICT 566 from (12, 4) to (8, 5)
FS EVICT 571 from (12, 4) to (8, 5)
FS EVICT 576 from (12, 4) to (8, 5)
FS EVICT 581 from (12, 4) to (8, 5)
FS EVICT 586 from (12, 4) to (8, 5)
FS EVICT 591 from (12, 4) to (8, 5)
FS DEGRADE 592 id 545
FS EVICT 596 from (12, 4) to (8, 5)
FS GATE 597 sig (18, 18, (2, 14), (14, 2)) ok 1
FS EVICT 601 from (12, 4) to (8, 5)
FS EVICT 606 from (12, 4) to (8, 5)
FS EVICT 611 from (12, 4) to (8, 5)
FS EVICT 616 from (13, 4) to (8, 5)
FS EVICT 617 from (11, 4) to (17, 2)
FS EVICT 621 from (12, 4) to (8, 5)
FS EVICT 626 from (12, 4) to (8, 5)
FS EVICT 631 from (12, 4) to (8, 5)
FS EVICT 636 from (12, 4) to (8, 5)
FS EVICT 641 from (12, 4) to (8, 5)
FS EVICT 646 from (12, 4) to (8, 5)
FS EVICT 651 from (12, 4) to (8, 5)
FS EVICT 656 from (12, 4) to (8, 5)
FS EVICT 660 from (11, 4) to (17, 3)
FS EVICT 662 from (13, 4) to (8, 5)
