Update available: 2.3.6 -> 2.3.8. Run: pip install --upgrade fcode
FS GATE 0 sig (30, 30, (2, 24), (26, 4)) ok 1
FS GATE 1 sig (30, 30, (2, 24), (26, 4)) ok 1
FS PHASE 1 id 4 ph 1 d 808 at (25, 6)
FS HOPBUILD 1 at (25, 6) lch (24, 6) T (1, 26)
FS GATE 2 sig (30, 30, (2, 24), (26, 4)) ok 1
FS GATE 2 sig (30, 30, (2, 24), (26, 4)) ok 1
FS THROW 2 from (25, 7) to (20, 9) T (1, 26) body 4 n 1 dsq 514
FS HOPBUILD 3 at (20, 9) lch (19, 9) T (1, 26)
FS GATE 3 sig (30, 30, (2, 24), (26, 4)) ok 1
FS GATE 4 sig (30, 30, (2, 24), (26, 4)) ok 1
FS THROW 4 from (20, 10) to (15, 12) T (1, 26) body 4 n 1 dsq 288
FS HOPBUILD 5 at (15, 12) lch (15, 13) T (1, 26)
FS GATE 6 sig (30, 30, (2, 24), (26, 4)) ok 1
FS THROW 6 from (14, 12) to (11, 16) T (1, 26) body 4 n 1 dsq 128
FS HOPBUILD 7 at (11, 16) lch (11, 17) T (1, 26)
FS GATE 8 sig (30, 30, (2, 24), (26, 4)) ok 1
FS THROW 8 from (10, 16) to (7, 20) T (1, 26) body 4 n 1 dsq 32
FS HOPBUILD 9 at (7, 20) lch (7, 21) T (1, 26)
FS GATE 10 sig (30, 30, (2, 24), (26, 4)) ok 1
FS THROW 10 from (6, 20) to (4, 25) T (1, 26) body 4 n 1 dsq 1
FS ARRIVE 11 id 4 body 1 at (4, 25) dsq 1
FS PHASE 11 id 4 ph 2 d 1 at (4, 25)
FS SEAL 11 tile (4, 24) n 1
FS SEAL 13 tile (4, 25) n 2
FS GATE 13 sig (30, 30, (2, 24), (26, 4)) ok 1
FS SEAL 14 tile (3, 26) n 3
FS GATE 14 sig (30, 30, (2, 24), (26, 4)) ok 1
FS SEAL 19 tile (4, 25) n 4
FS STAT 20 id 4 at (5, 25) need 6 orth 5 ti 21 ammo 0 sen 0 hp 22 covden 0 eco 0 lost 0
FS SEAL 24 tile (4, 25) n 5
FS SEAL 27 tile (4, 25) n 6
FS CLEAR 36 tile (3, 23) peck 1
FS RUNG 36 id 4 r 3 hi -
FS CLEAR 37 tile (3, 23) peck 2
FS RUNG 37 id 4 r 3 hi -
FS CLEAR 38 tile (3, 23) peck 3
FS RUNG 38 id 4 r 3 hi -
FS CLEAR 39 tile (3, 23) peck 4
FS RUNG 39 id 4 r 3 hi -
FS STAT 40 id 4 at (4, 23) need 7 orth 6 ti 69 ammo 24 sen 0 hp 22 covden 0 eco 1 lost 0
FS CLEAR 40 tile (3, 23) peck 5
FS RUNG 40 id 4 r 3 hi -
FS CLEAR 41 tile (3, 23) peck 6
FS RUNG 41 id 4 r 3 hi -
FS SEAL 43 tile (2, 23) n 7
FS SEAL 46 tile (2, 23) n 8
FS SEAL 53 tile (2, 23) n 9
FS CLEAR 55 tile (3, 23) peck 1
FS RUNG 55 id 4 r 3 hi -
FS CLEAR 56 tile (3, 23) peck 2
FS RUNG 56 id 4 r 3 hi -
FS DODGE 57 id 4 from (3, 22) to (3, 23) cov 1 -> 0 hit 0 hp 22
FS SEAL 58 tile (2, 23) n 10
PRESKILL520 60 id 4 body 1
FS GATE 169 sig (30, 30, (2, 24), (26, 4)) ok 1
FS PHASE 169 id 486 ph 1 d 949 at (28, 6)
FS HOPBUILD 176 at (21, 6) lch (21, 7) T (1, 26)
FS GATE 177 sig (30, 30, (2, 24), (26, 4)) ok 1
FS THROW 177 from (20, 6) to (17, 10) T (1, 26) body 486 n 1 dsq 392
FS HOPBUILD 188 at (12, 15) lch (12, 16) T (1, 26)
FS GATE 189 sig (30, 30, (2, 24), (26, 4)) ok 1
FS THROW 189 from (11, 15) to (8, 19) T (1, 26) body 486 n 1 dsq 50
FS ARRIVE 196 id 486 body 1 at (5, 22) dsq 8
FS PHASE 196 id 486 ph 2 d 8 at (5, 22)
FS DODGE 197 id 486 from (4, 22) to (3, 22) cov 1 -> 0 hit 0 hp 33
FS STAT 200 id 486 at (3, 22) need 8 orth 7 ti 107 ammo 24 sen 0 hp 33 covden 0 eco 1 lost 0
FS CLEAR 200 tile (3, 23) peck 1
FS RUNG 200 id 486 r 3 hi -
FS CLEAR 201 tile (3, 23) peck 2
FS RUNG 201 id 486 r 3 hi -
FS CLEAR 202 tile (3, 23) peck 3
FS RUNG 202 id 486 r 3 hi -
FS CLEAR 203 tile (3, 23) peck 4
FS RUNG 203 id 486 r 3 hi -
FS CLEAR 204 tile (3, 23) peck 5
FS RUNG 204 id 486 r 3 hi -
FS DODGE 205 id 486 from (3, 22) to (2, 22) cov 2 -> 0 hit 0 hp 33
FS CLEAR 206 tile (2, 23) peck 1
FS RUNG 206 id 486 r 3 hi -
FS CLEAR 207 tile (2, 23) peck 2
FS RUNG 207 id 486 r 3 hi -
FS CLEAR 208 tile (2, 23) peck 3
FS RUNG 208 id 486 r 3 hi -
FS DODGE 209 id 486 from (2, 22) to (2, 21) cov 1 -> 0 hit 0 hp 33
FS DODGE 211 id 486 from (3, 21) to (2, 21) cov 1 -> 0 hit 0 hp 33
FS DODGE 213 id 486 from (3, 21) to (3, 20) cov 2 -> 0 hit 0 hp 33
FS GATE 217 sig (30, 30, (2, 24), (26, 4)) ok 1
FS STAT 220 id 486 at (4, 23) need 8 orth 7 ti 209 ammo 24 sen 0 hp 33 covden 0 eco 1 lost 0
FS SENTINEL 220 at (4, 22) face SOUTHWEST tgt (2, 24) score -56 n 1 onring 0 lost 0 gate (1, 1, 24) onsray 0 olddsq -1
FS PHASE 221 id 486 ph 5 d 2 at (4, 23)
FS DODGE 221 id 486 from (4, 23) to (5, 23) cov 1 -> 0 hit 0 hp 33
FS DODGE 223 id 486 from (5, 24) to (6, 24) cov 1 -> 0 hit 0 hp 33
FS DODGE 225 id 486 from (5, 24) to (6, 24) cov 1 -> 0 hit 0 hp 26
FS DODGE 227 id 486 from (5, 24) to (6, 24) cov 1 -> 0 hit 0 hp 19
FS SENTDEAD 228 at (4, 22) lost 1
FS DODGE 229 id 486 from (5, 24) to (6, 24) cov 1 -> 0 hit 0 hp 12
FS PHASE 230 id 486 ph 2 d 9 at (6, 24)
FS DODGE 231 id 486 from (5, 24) to (6, 24) cov 1 -> 0 hit 0 hp 5
FS DODGE 232 id 486 from (6, 24) to (6, 25) cov 1 -> 0 hit 0 hp 5
FS GATE 248 sig (30, 30, (2, 24), (26, 4)) ok 1
FS PHASE 248 id 706 ph 1 d 949 at (28, 6)
FS THROW 262 from (18, 8) to (14, 12) T (1, 26) body 706 n 1 dsq 265
FS HOPBUILD 273 at (10, 17) lch (10, 18) T (1, 26)
FS GATE 274 sig (30, 30, (2, 24), (26, 4)) ok 1
FS THROW 274 from (9, 17) to (6, 21) T (1, 26) body 706 n 1 dsq 18
FS HOPBUILD 276 at (5, 21) lch (5, 22) T (1, 26)
FS GATE 277 sig (30, 30, (2, 24), (26, 4)) ok 1
