Update available: 2.3.6 -> 2.3.8. Run: pip install --upgrade fcode
FS GATE 0 sig (20, 26, (9, 6), (9, 18)) ok 1
FS GATE 1 sig (20, 26, (9, 6), (9, 18)) ok 1
FS PHASE 1 id 4 ph 1 d 100 at (9, 17)
FS HOPBUILD 1 at (9, 17) lch (9, 16) T (11, 5)
FS GATE 2 sig (20, 26, (9, 6), (9, 18)) ok 1
FS GATE 2 sig (20, 26, (9, 6), (9, 18)) ok 1
FS THROW 2 from (9, 17) to (10, 11) T (11, 5) body 4 n 1 dsq 16
FS HOPBUILD 3 at (10, 11) lch (10, 10) T (11, 5)
FS GATE 3 sig (20, 26, (9, 6), (9, 18)) ok 1
FS GATE 4 sig (20, 26, (9, 6), (9, 18)) ok 1
FS THROW 4 from (11, 11) to (11, 5) T (11, 5) body 4 n 1 dsq 2
FS ARRIVE 5 id 4 body 1 at (11, 5) dsq 2
FS PHASE 5 id 4 ph 2 d 2 at (11, 5)
FS SEAL 5 tile (10, 5) n 1
FS SEAL 6 tile (11, 6) n 2
FS GATE 7 sig (20, 26, (9, 6), (9, 18)) ok 1
FS GATE 8 sig (20, 26, (9, 6), (9, 18)) ok 1
FS DODGE 17 id 4 from (10, 4) to (9, 4) cov 1 -> 0 hit 0 hp 40
FS DODGE 19 id 4 from (9, 5) to (8, 5) cov 1 -> 0 hit 0 hp 40
FS STAT 20 id 4 at (8, 5) need 6 orth 6 ti 37 ammo 24 sen 0 hp 40 covden 0 eco 1 lost 0
FS SEAL 20 tile (8, 6) n 3
FS SEAL 22 tile (8, 5) n 4
FS SEAL 25 tile (8, 7) n 5
FS CLEAR 30 tile (9, 8) peck 1
FS RUNG 30 id 4 r 3 hi -
FS CLEAR 32 tile (9, 8) peck 2
FS RUNG 32 id 4 r 3 hi -
FS CLEAR 36 tile (9, 8) peck 1
FS RUNG 36 id 4 r 3 hi -
FS STAT 40 id 4 at (9, 9) need 4 orth 4 ti 40 ammo 24 sen 0 hp 40 covden 0 eco 1 lost 0
FS CLEAR 40 tile (9, 8) peck 1
FS RUNG 40 id 4 r 3 hi -
FS CLEAR 44 tile (9, 8) peck 1
FS RUNG 44 id 4 r 3 hi -
FS CLEAR 45 tile (9, 8) peck 2
FS RUNG 45 id 4 r 3 hi -
FS CLEAR 46 tile (9, 8) peck 3
FS RUNG 46 id 4 r 3 hi -
FS CLEAR 48 tile (9, 8) peck 4
FS RUNG 48 id 4 r 3 hi -
FS CLEAR 49 tile (9, 8) peck 5
FS RUNG 49 id 4 r 3 hi -
FS CLEAR 50 tile (9, 8) peck 6
FS RUNG 50 id 4 r 3 hi -
FS CLEAR 51 tile (9, 8) peck 7
FS RUNG 51 id 4 r 3 hi -
FS CLEAR 52 tile (9, 8) peck 8
FS RUNG 52 id 4 r 3 hi -
FS CLEAR 56 tile (10, 8) peck 1
FS RUNG 56 id 4 r 3 hi -
PRESKILL520 60 id 4 body 1
