Update available: 2.3.6 -> 2.3.8. Run: pip install --upgrade fcode
FS GATE 0 sig (20, 26, (9, 6), (9, 18)) ok 1
FS GATE 1 sig (20, 26, (9, 6), (9, 18)) ok 1
FS PHASE 1 id 4 ph 1 d 100 at (9, 17)
FS HOPBUILD 1 at (9, 17) lch (9, 16) T (11, 5)
FS GATE 2 sig (20, 26, (9, 6), (9, 18)) ok 1
FS GATE 2 sig (20, 26, (9, 6), (9, 18)) ok 1
FS THROW 2 from (9, 17) to (10, 11) T (11, 5) body 4 n 1 dsq 16
FS HOPBUILD 3 at (10, 11) lch (10, 10) T (11, 5)
FS GATE 3 sig (20, 26, (9, 6), (9, 18)) ok 1
FS GATE 4 sig (20, 26, (9, 6), (9, 18)) ok 1
FS THROW 4 from (11, 11) to (10, 5) T (11, 5) body 4 n 1 dsq 1
FS ARRIVE 5 id 4 body 1 at (10, 5) dsq 1
FS PHASE 5 id 4 ph 2 d 1 at (10, 5)
FS SEAL 5 tile (9, 5) n 1
FS DODGE 7 id 4 from (10, 4) to (9, 4) cov 1 -> 0 hit 0 hp 40
FS GATE 7 sig (20, 26, (9, 6), (9, 18)) ok 1
FS GATE 8 sig (20, 26, (9, 6), (9, 18)) ok 1
FS GATE 9 sig (20, 26, (9, 6), (9, 18)) ok 1
FS SEAL 10 tile (8, 5) n 2
FS SEAL 14 tile (8, 6) n 3
FS SEAL 16 tile (8, 7) n 4
FS SEAL 19 tile (9, 8) n 5
FS STAT 20 id 4 at (8, 8) need 4 orth 4 ti 44 ammo 24 sen 0 hp 40 covden 0 eco 0 lost 0
FS SEAL 25 tile (11, 7) n 6
FS STAT 40 id 4 at (11, 8) need 3 orth 3 ti 12 ammo 23 sen 0 hp 40 covden 0 eco 0 lost 0
FS CLEAR 48 tile (10, 8) peck 1
FS RUNG 48 id 4 r 3 hi -
FS CLEAR 52 tile (10, 8) peck 1
FS RUNG 52 id 4 r 3 hi -
FS CLEAR 56 tile (10, 8) peck 1
FS RUNG 56 id 4 r 3 hi -
FS CLEAR 57 tile (10, 8) peck 2
FS RUNG 57 id 4 r 3 hi -
PRESKILL520 60 id 4 body 1
