Update available: 2.3.6 -> 2.3.8. Run: pip install --upgrade fcode
FS GATE 0 sig (18, 18, (2, 14), (14, 2)) ok 1
FS GATE 1 sig (18, 18, (2, 14), (14, 2)) ok 1
FS PHASE 1 id 3 ph 1 d 290 at (3, 16)
FS HOPBUILD 1 at (3, 16) lch (4, 16) T (16, 1)
FS GATE 2 sig (18, 18, (2, 14), (14, 2)) ok 1
FS GATE 2 sig (18, 18, (2, 14), (14, 2)) ok 1
FS THROW 2 from (3, 16) to (7, 12) T (16, 1)
FS HOPBUILD 3 at (7, 12) lch (8, 12) T (16, 1)
FS GATE 3 sig (18, 18, (2, 14), (14, 2)) ok 1
FS GATE 4 sig (18, 18, (2, 14), (14, 2)) ok 1
FS THROW 4 from (7, 12) to (11, 8) T (16, 1)
FS HOPBUILD 5 at (11, 8) lch (12, 8) T (16, 1)
FS GATE 6 sig (18, 18, (2, 14), (14, 2)) ok 1
FS THROW 6 from (11, 8) to (15, 4) T (16, 1)
FS PHASE 7 id 3 ph 2 d 1 at (15, 4)
FS SEAL 7 tile (14, 4) n 1
FS EVICTOR 8 at (16, 4) cov 1
FS RUNG 8 id 3 r 2 hi -
FS GATE 9 sig (18, 18, (2, 14), (14, 2)) ok 1
FS GATE 9 sig (18, 18, (2, 14), (14, 2)) ok 1
FS EVICT 9 from (17, 4) to (11, 5)
FS DODGE 10 id 3 from (15, 5) to (14, 5) cov 1 -> 0 hit 0 hp 22
FS SEAL 13 tile (13, 3) n 2
FS EVICT 13 from (16, 3) to (17, 9)
FS SEAL 19 tile (13, 2) n 3
FS EVICT 19 from (16, 5) to (17, 9)
FS STAT 20 id 3 at (12, 2) need 6 orth 5 ti 84 ammo 125 sen 0 hp 4
FS EVICT 24 from (16, 5) to (17, 9)
FS CLEAR 25 tile (13, 1) peck 1
FS RUNG 25 id 3 r 3 hi -
FS EVICT 25 from (16, 3) to (17, 9)
FS CLEAR 26 tile (13, 1) peck 2
FS RUNG 26 id 3 r 3 hi -
FS CLEAR 27 tile (13, 1) peck 3
FS RUNG 27 id 3 r 3 hi -
FS CLEAR 28 tile (13, 1) peck 4
FS RUNG 28 id 3 r 3 hi -
FS CLEAR 29 tile (13, 1) peck 5
FS RUNG 29 id 3 r 3 hi -
FS EVICT 29 from (16, 5) to (17, 9)
FS CLEAR 30 tile (13, 1) peck 6
FS RUNG 30 id 3 r 3 hi -
FS CLEAR 31 tile (13, 1) peck 7
FS RUNG 31 id 3 r 3 hi -
FS CLEAR 32 tile (13, 1) peck 8
FS RUNG 32 id 3 r 3 hi -
FS CLEAR 34 tile (14, 1) peck 1
FS RUNG 34 id 3 r 3 hi -
FS EVICT 34 from (16, 5) to (17, 9)
FS CLEAR 35 tile (14, 1) peck 2
FS RUNG 35 id 3 r 3 hi -
FS CLEAR 36 tile (14, 1) peck 3
FS RUNG 36 id 3 r 3 hi -
FS CLEAR 37 tile (14, 1) peck 4
FS RUNG 37 id 3 r 3 hi -
FS CLEAR 38 tile (14, 1) peck 5
FS RUNG 38 id 3 r 3 hi -
FS CLEAR 39 tile (14, 1) peck 6
FS RUNG 39 id 3 r 3 hi -
FS EVICT 39 from (16, 5) to (17, 9)
FS STAT 40 id 3 at (14, 0) need 6 orth 5 ti 84 ammo 247 sen 0 hp 4
FS CLEAR 40 tile (14, 1) peck 7
FS RUNG 40 id 3 r 3 hi -
FS CLEAR 41 tile (14, 1) peck 8
FS RUNG 41 id 3 r 3 hi -
FS SEAL 43 tile (15, 1) n 4
FS CLEAR 44 tile (13, 1) peck 1
FS RUNG 44 id 3 r 3 hi -
FS EVICT 44 from (16, 5) to (17, 9)
FS CLEAR 45 tile (13, 1) peck 2
FS RUNG 45 id 3 r 3 hi -
FS CLEARED 46 tile (13, 1) n 1
FS SEAL 46 tile (13, 1) n 5
FS SEALCLR 46 tile (13, 1) lag 0
FS SEAL 47 tile (15, 1) n 6
FS CLEAR 49 tile (14, 1) peck 1
FS RUNG 49 id 3 r 3 hi -
FS EVICT 49 from (16, 5) to (17, 9)
FS CLEAR 50 tile (14, 1) peck 2
FS RUNG 50 id 3 r 3 hi -
FS CLEARED 51 tile (14, 1) n 2
FS SEAL 51 tile (14, 1) n 7
FS SEALCLR 51 tile (14, 1) lag 0
FS SENTINEL 52 at (13, 0) face SOUTHEAST tgt (15, 2) score 8 n 1 onring 0
FS RUNG 52 id 3 r 4 hi -
FS PHASE 53 id 3 ph 4 d 4 at (14, 0)
FS EVICT 54 from (15, 5) to (17, 9)
FS EVICT 55 from (17, 5) to (11, 5)
FS EVICT 59 from (15, 5) to (17, 9)
FS FORCEDEATH 60 id 3
FS EVICT 60 from (15, 5) to (17, 9)
FS EVICT 64 from (16, 5) to (17, 9)
FS EVICT 67 from (16, 5) to (17, 9)
FS EVICT 69 from (15, 5) to (17, 9)
FS EVICT 70 from (15, 5) to (17, 9)
FS EVICT 72 from (16, 5) to (17, 9)
FS GATE 73 sig (18, 18, (2, 14), (14, 2)) ok 1
FS PHASE 73 id 101 ph 1 d 338 at (1, 16)
FS EVICT 74 from (16, 5) to (17, 9)
FS EVICT 75 from (16, 5) to (17, 9)
FS EVICT 77 from (16, 5) to (17, 9)
FS EVICT 79 from (16, 5) to (17, 9)
FS EVICT 80 from (16, 5) to (17, 9)
FS EVICT 82 from (16, 5) to (17, 9)
FS EVICT 84 from (16, 5) to (17, 9)
FS EVICT 85 from (16, 5) to (17, 9)
FS EVICT 87 from (16, 5) to (17, 9)
FS EVICT 89 from (16, 5) to (17, 9)
FS EVICT 90 from (16, 5) to (17, 9)
FS EVICT 92 from (16, 5) to (17, 9)
FS EVICT 94 from (16, 5) to (17, 9)
FS EVICT 95 from (16, 5) to (17, 9)
FS EVICT 97 from (16, 5) to (17, 9)
FS PHASE 97 id 101 ph 2 d 8 at (12, 5)
FS EVICT 99 from (16, 5) to (17, 9)
FS DODGE 99 id 101 from (14, 5) to (15, 5) cov 1 -> 0 hit 0 hp 22
FS STAT 100 id 101 at (15, 5) need 4 orth 4 ti 10 ammo 136 sen 0 hp 4
FS EVICT 102 from (16, 5) to (17, 9)
FS EVICT 103 from (15, 5) to (17, 9)
FS EVICT 104 from (16, 5) to (17, 9)
FS EVICT 107 from (16, 5) to (17, 9)
