Running match: _v488beltbreak2 vs flagoff
  Map: drakkarfjord.map26  Seed: 16  Replay: 
scratchpad/s51_v518_build/fo3/b6/repf/drakkarfjord_s16_B.replay26  TLE: 10ms
Completed turn 0
Completed turn 100
Completed turn 200
Completed turn 300
Completed turn 400
Completed turn 500
Completed turn 600
Completed turn 700
Completed turn 800
Completed turn 900
Replay written to 
scratchpad/s51_v518_build/fo3/b6/repf/drakkarfjord_s16_B.replay26

  Winner: flagoff  (Titanium collected (tiebreak), turn 1000)

               _v488beltbreak2             flagoff  
  Titanium     130 (170 mined)    373 (2340 mined)  
  Units                     10                   6  
  Buildings                129                  59  

