Running match: eq_flagoff vs eq_opp
  Map: drakkarfjord.map26  Seed: 2  Replay: 
scratchpad/s51_v518_build/eq2/fo/rep/drakkarfjord_s2_A.replay26  TLE: 10ms
Completed turn 0
Completed turn 100
Completed turn 200
Completed turn 300
Completed turn 400
Completed turn 500
Completed turn 600
Completed turn 700
Completed turn 800
Completed turn 900
Replay written to 
scratchpad/s51_v518_build/eq2/fo/rep/drakkarfjord_s2_A.replay26

  Winner: eq_opp  (Titanium collected (tiebreak), turn 1000)

                     eq_flagoff              eq_opp  
  Titanium     182 (4910 mined)    736 (7180 mined)  
  Units                       9                  24  
  Buildings                 108                 132  

