atoll_s507_A	atoll	507	A	OPP	_v488beltbreak2	Titanium collected (tiebreak)	1000	0	7610	8500
atoll_s507_B	atoll	507	B	US	iMAG	Core destroyed	137	0	640	420
atoll_s508_A	atoll	508	A	OPP	_v488beltbreak2	Core destroyed	419	0	2060	2060
atoll_s508_B	atoll	508	B	US	iMAG	Core destroyed	656	0	3510	1310
atoll_s509_A	atoll	509	A	OPP	_v488beltbreak2	Core destroyed	868	0	4300	4290
atoll_s509_B	atoll	509	B	US	iMAG	Core destroyed	325	0	910	190
drakkarfjord_s507_A	drakkarfjord	507	A	US	iMAG	Titanium collected (tiebreak)	1000	0	1230	0
drakkarfjord_s507_B	drakkarfjord	507	B	US	iMAG	Core destroyed	505	0	4520	0
drakkarfjord_s508_A	drakkarfjord	508	A	US	iMAG	Core destroyed	129	0	600	0
drakkarfjord_s508_B	drakkarfjord	508	B	US	iMAG	Core destroyed	199	0	820	0
drakkarfjord_s509_A	drakkarfjord	509	A	US	iMAG	Core destroyed	599	0	5200	1830
drakkarfjord_s509_B	drakkarfjord	509	B	US	iMAG	Core destroyed	101	0	280	0
glacierkeep_s507_A	glacierkeep	507	A	US	iMAG	Core destroyed	525	0	2080	0
glacierkeep_s507_B	glacierkeep	507	B	OPP	_v488beltbreak2	Core destroyed	585	0	0	290
glacierkeep_s508_A	glacierkeep	508	A	US	iMAG	Core destroyed	120	0	310	0
glacierkeep_s508_B	glacierkeep	508	B	US	iMAG	Core destroyed	225	0	0	0
glacierkeep_s509_A	glacierkeep	509	A	US	iMAG	Core destroyed	205	0	170	0
glacierkeep_s509_B	glacierkeep	509	B	OPP	_v488beltbreak2	Core destroyed	769	0	0	0
midgard_s507_A	midgard	507	A	US	iMAG	Core destroyed	273	0	1170	600
midgard_s507_B	midgard	507	B	US	iMAG	Core destroyed	248	0	1470	580
midgard_s508_A	midgard	508	A	US	iMAG	Core destroyed	287	0	1980	570
midgard_s508_B	midgard	508	B	US	iMAG	Core destroyed	377	0	1580	770
midgard_s509_A	midgard	509	A	OPP	_v488beltbreak2	Core destroyed	281	0	690	600
midgard_s509_B	midgard	509	B	US	iMAG	Core destroyed	341	0	580	700
nordkap_s507_A	nordkap	507	A	US	iMAG	Titanium collected (tiebreak)	1000	0	230	60
nordkap_s507_B	nordkap	507	B	US	iMAG	Core destroyed	284	0	3040	350
nordkap_s508_A	nordkap	508	A	US	iMAG	Core destroyed	241	0	180	0
nordkap_s508_B	nordkap	508	B	US	iMAG	Core destroyed	386	0	2880	120
nordkap_s509_A	nordkap	509	A	US	iMAG	Core destroyed	294	0	2410	70
nordkap_s509_B	nordkap	509	B	US	iMAG	Core destroyed	373	0	110	120
yulerune_s507_A	yulerune	507	A	OPP	_v488beltbreak2	Core destroyed	709	0	390	340
yulerune_s507_B	yulerune	507	B	OPP	_v488beltbreak2	Core destroyed	452	0	410	1820
yulerune_s508_A	yulerune	508	A	OPP	_v488beltbreak2	Core destroyed	196	0	300	850
yulerune_s508_B	yulerune	508	B	US	iMAG	Core destroyed	354	0	3390	390
yulerune_s509_A	yulerune	509	A	US	iMAG	Core destroyed	142	0	910	280
yulerune_s509_B	yulerune	509	B	US	iMAG	Core destroyed	227	0	2120	860
