Running match: iSALT vs _v488beltbreak2
  Map: nordkap.map26  Seed: 823  Replay: 
scratchpad/s51_v523_build/iso/b8/repiSALT/nordkap_s823_A.replay26  TLE: 10ms
Completed turn 0
Completed turn 100
Completed turn 200
Completed turn 300
Completed turn 400
Completed turn 500
Completed turn 600
Completed turn 700
Completed turn 800
Completed turn 900
Replay written to 
scratchpad/s51_v523_build/iso/b8/repiSALT/nordkap_s823_A.replay26

  Winner: iSALT  (Titanium collected (tiebreak), turn 1000)

                        iSALT    _v488beltbreak2  
  Titanium     13 (170 mined)      62 (60 mined)  
  Units                     8                  7  
  Buildings                24                 18  

