atoll_s507_A	atoll	507	A	US	iCOREFUND	Core destroyed	273	0	340	290
atoll_s507_B	atoll	507	B	OPP	_v488beltbreak2	Titanium collected (tiebreak)	1000	0	8990	9230
atoll_s508_A	atoll	508	A	US	iCOREFUND	Core destroyed	139	0	660	250
atoll_s508_B	atoll	508	B	US	iCOREFUND	Core destroyed	187	0	610	520
atoll_s509_A	atoll	509	A	US	iCOREFUND	Core destroyed	245	0	1220	280
atoll_s509_B	atoll	509	B	US	iCOREFUND	Core destroyed	268	0	1830	2090
drakkarfjord_s507_A	drakkarfjord	507	A	US	iCOREFUND	Core destroyed	99	0	390	0
drakkarfjord_s507_B	drakkarfjord	507	B	OPP	_v488beltbreak2	Core destroyed	521	0	250	0
drakkarfjord_s508_A	drakkarfjord	508	A	US	iCOREFUND	Core destroyed	121	0	380	0
drakkarfjord_s508_B	drakkarfjord	508	B	US	iCOREFUND	Core destroyed	461	0	420	0
drakkarfjord_s509_A	drakkarfjord	509	A	US	iCOREFUND	Core destroyed	93	0	340	0
drakkarfjord_s509_B	drakkarfjord	509	B	US	iCOREFUND	Core destroyed	122	0	350	0
glacierkeep_s507_A	glacierkeep	507	A	US	iCOREFUND	Core destroyed	159	0	630	0
glacierkeep_s507_B	glacierkeep	507	B	US	iCOREFUND	Core destroyed	328	0	2320	0
glacierkeep_s508_A	glacierkeep	508	A	US	iCOREFUND	Core destroyed	165	0	170	0
glacierkeep_s508_B	glacierkeep	508	B	OPP	_v488beltbreak2	Core destroyed	954	0	0	0
glacierkeep_s509_A	glacierkeep	509	A	US	iCOREFUND	Core destroyed	124	0	260	0
glacierkeep_s509_B	glacierkeep	509	B	US	iCOREFUND	Core destroyed	228	0	260	0
midgard_s507_A	midgard	507	A	US	iCOREFUND	Core destroyed	201	0	780	720
midgard_s507_B	midgard	507	B	US	iCOREFUND	Core destroyed	254	0	1420	640
midgard_s508_A	midgard	508	A	OPP	_v488beltbreak2	Core destroyed	597	0	680	790
midgard_s508_B	midgard	508	B	US	iCOREFUND	Core destroyed	216	0	1730	460
midgard_s509_A	midgard	509	A	US	iCOREFUND	Titanium collected (tiebreak)	1000	0	2940	570
midgard_s509_B	midgard	509	B	US	iCOREFUND	Titanium collected (tiebreak)	1000	0	760	640
nordkap_s507_A	nordkap	507	A	OPP	_v488beltbreak2	Titanium collected (tiebreak)	1000	0	100	210
nordkap_s507_B	nordkap	507	B	OPP	_v488beltbreak2	Core destroyed	309	0	90	60
nordkap_s508_A	nordkap	508	A	OPP	_v488beltbreak2	Core destroyed	317	0	120	110
nordkap_s508_B	nordkap	508	B	US	iCOREFUND	Core destroyed	241	0	540	140
nordkap_s509_A	nordkap	509	A	OPP	_v488beltbreak2	Core destroyed	661	0	1770	4040
nordkap_s509_B	nordkap	509	B	US	iCOREFUND	Core destroyed	133	0	310	90
yulerune_s507_A	yulerune	507	A	OPP	_v488beltbreak2	Core destroyed	248	0	270	2130
yulerune_s507_B	yulerune	507	B	OPP	_v488beltbreak2	Core destroyed	222	0	370	2050
yulerune_s508_A	yulerune	508	A	US	iCOREFUND	Core destroyed	228	0	2160	380
yulerune_s508_B	yulerune	508	B	US	iCOREFUND	Core destroyed	161	0	700	640
yulerune_s509_A	yulerune	509	A	US	iCOREFUND	Core destroyed	212	0	2060	460
yulerune_s509_B	yulerune	509	B	US	iCOREFUND	Titanium collected (tiebreak)	1000	0	350	340
