Update available: 2.3.6 -> 2.3.8. Run: pip install --upgrade fcode
FS GATE 0 sig (20, 26, (9, 6), (9, 18)) ok 1
FS GATE 1 sig (20, 26, (9, 6), (9, 18)) ok 1
FS PHASE 1 id 3 ph 1 d 100 at (9, 8)
GF519 1 id 3 d 100 band 1 ti 434 ammo 0 gun 28 lau 28 bar 4 cd 0 lp 0 plants 0
GF519 2 id 3 d 100 band 1 ti 392 ammo 0 gun 32 lau 32 bar 4 cd 0 lp 0 plants 0
FS GATE 2 sig (20, 26, (9, 6), (9, 18)) ok 1
GF519 3 id 3 d 100 band 1 ti 344 ammo 0 gun 36 lau 36 bar 5 cd 0 lp 0 plants 0
FS GATE 3 sig (20, 26, (9, 6), (9, 18)) ok 1
GF519 4 id 3 d 100 band 1 ti 354 ammo 0 gun 36 lau 36 bar 5 cd 0 lp 0 plants 0
FS GATE 4 sig (20, 26, (9, 6), (9, 18)) ok 1
APPT520 CLAIM 4 id 9
FS PHASE 4 id 9 ph 1 d 101 at (8, 8)
GF519 4 id 9 d 101 band 1 ti 318 ammo 0 gun 37 lau 37 bar 5 cd 0 lp 0 plants 0
GF519 5 id 3 d 100 band 1 ti 318 ammo 0 gun 37 lau 37 bar 5 cd 0 lp 0 plants 0
FS HOPBUILD 5 at (9, 8) lch (9, 9) T (11, 20)
GF519 5 id 9 d 82 band 1 ti 276 ammo 0 gun 39 lau 39 bar 5 cd 0 lp 1 plants 0
GF519 6 id 3 d 100 band 1 ti 276 ammo 0 gun 39 lau 39 bar 5 cd 0 lp 1 plants 0
GF519 6 id 9 d 82 band 1 ti 276 ammo 0 gun 39 lau 39 bar 5 cd 0 lp 1 plants 0
FS GATE 6 sig (20, 26, (9, 6), (9, 18)) ok 1
FS THROW 6 from (10, 8) to (10, 14) T (11, 20) body 3 n 1 dsq 16
GF519 7 id 3 d 16 band 1 ti 276 ammo 0 gun 39 lau 39 bar 5 cd 0 lp 0 plants 0
TERM520 7 id 3 at (10, 14) n 1 pick (11, 14) arcs 2 cov 0 covbest 0 conflict 0 dsq 17
FS HOPBUILD 7 at (10, 14) lch (11, 14) T (11, 20)
GF519 7 id 9 d 82 band 1 ti 231 ammo 0 gun 41 lau 41 bar 6 cd 0 lp 1 plants 0
FS THROW 7 from (8, 9) to (9, 14) T (11, 20) body 9 n 2 dsq 16
GF519 8 id 3 d 16 band 1 ti 241 ammo 0 gun 39 lau 39 bar 5 cd 0 lp 1 plants 0
GF519 8 id 9 d 16 band 1 ti 236 ammo 0 gun 39 lau 39 bar 5 cd 0 lp 0 plants 0
FS GATE 8 sig (20, 26, (9, 6), (9, 18)) ok 1
FS THROW 8 from (10, 14) to (11, 19) T (11, 20) body 3 n 1 dsq 1
FS ARRIVE 9 id 3 body 1 at (11, 19) dsq 1
ARC520 CLAIM 9 id 3 body 1 arc 2 at (11, 19)
FS PHASE 9 id 3 ph 2 d 1 at (11, 19)
FS EVICTOR 9 at (12, 19) ucov 1 cov 0 unseal 1 obs 0
FS RUNG 9 id 3 r 2 hi -
GF519 9 id 9 d 25 band 1 ti 197 ammo 0 gun 41 lau 41 bar 6 cd 0 lp 0 plants 0
FS THROW 9 from (10, 13) to (11, 18) T (11, 20) body 9 n 2 dsq 1
FS CLEAR 10 tile (11, 18) peck 1
FS RUNG 10 id 3 r 3 hi -
FS ARRIVE 10 id 9 body 2 at (11, 18) dsq 1
ARC520 CLAIM 10 id 9 body 2 arc 1 at (11, 18)
FS PHASE 10 id 9 ph 2 d 1 at (11, 18)
FS GATE 10 sig (20, 26, (9, 6), (9, 18)) ok 1
FS CLEAR 11 tile (11, 18) peck 2
FS RUNG 11 id 3 r 3 hi -
FS SEAL 11 tile (10, 17) n 1
FS GATE 11 sig (20, 26, (9, 6), (9, 18)) ok 1
FS CLEAR 12 tile (11, 18) peck 3
FS RUNG 12 id 3 r 3 hi -
FS CLEAR 12 tile (11, 18) peck 1
FS RUNG 12 id 9 r 3 hi -
FS CLEAR 13 tile (11, 18) peck 4
FS RUNG 13 id 3 r 3 hi -
FS CLEAR 13 tile (11, 18) peck 2
FS RUNG 13 id 9 r 3 hi -
FS STAT 20 id 3 at (11, 19) need 7 orth 5 ti 26 ammo 24 sen 0 hp 40 covden 11 eco 1 lost 0
FS STAT 20 id 9 at (11, 17) need 7 orth 5 ti 26 ammo 24 sen 0 hp 40 covden 11 eco 1 lost 0
FS CLEAR 28 tile (11, 18) peck 1
FS RUNG 28 id 3 r 3 hi -
FS CLEAR 28 tile (11, 18) peck 1
FS RUNG 28 id 9 r 3 hi -
FS EVICT 28 from (12, 18) to (13, 24)
FS CLEAR 29 tile (11, 18) peck 2
FS RUNG 29 id 3 r 3 hi -
FS CLEAR 29 tile (11, 18) peck 2
FS RUNG 29 id 9 r 3 hi -
FS CLEARED 30 tile (11, 18) n 1
FS SEAL 30 tile (11, 18) n 1
FS SEALCLR 30 tile (11, 18) lag 0
FS SEAL 32 tile (11, 19) n 2
FS EVICT 32 from (13, 20) to (7, 20)
FS SEAL 33 tile (10, 20) n 3
FS SEAL 33 tile (9, 17) n 2
FS SEAL 35 tile (8, 17) n 3
FS EVICT 38 from (11, 20) to (17, 18)
FS SEAL 39 tile (9, 20) n 4
FS SEAL 39 tile (8, 18) n 4
FS STAT 40 id 3 at (9, 21) need 1 orth 1 ti 18 ammo 24 sen 0 hp 40 covden 20 eco 1 lost 0
FS STAT 40 id 9 at (7, 18) need 1 orth 1 ti 18 ammo 24 sen 0 hp 40 covden 20 eco 1 lost 0
FS SEAL 41 tile (8, 19) n 5
FS PHASE 42 id 3 ph 3 d 2 at (8, 20)
FS PHASE 42 id 9 ph 3 d 4 at (7, 19)
FS SEAL 43 tile (8, 20) n 5
FS PHASE 43 id 9 ph 2 d 9 at (6, 19)
FS PHASE 45 id 9 ph 3 d 5 at (7, 20)
FS PHASE 48 id 3 ph 2 d 8 at (7, 16)
FS PHASE 49 id 3 ph 3 d 5 at (8, 16)
FS PHASE 49 id 9 ph 2 d 8 at (7, 16)
FS PHASE 50 id 9 ph 3 d 5 at (7, 17)
FS PHASE 51 id 9 ph 2 d 8 at (7, 16)
FS CLEAR 52 tile (11, 17) peck 1
FS RUNG 52 id 3 r 3 hi -
FS PHASE 52 id 9 ph 3 d 5 at (8, 16)
FS CLEAR 53 tile (11, 17) peck 2
FS RUNG 53 id 3 r 3 hi -
FS CLEAR 54 tile (11, 17) peck 3
FS RUNG 54 id 3 r 3 hi -
FS CLEAR 55 tile (11, 17) peck 4
FS RUNG 55 id 3 r 3 hi -
FS PHASE 55 id 9 ph 2 d 9 at (10, 15)
FS CLEAR 56 tile (11, 17) peck 5
FS RUNG 56 id 3 r 3 hi -
FS PHASE 56 id 9 ph 3 d 4 at (10, 16)
FS CLEAR 57 tile (11, 17) peck 6
FS RUNG 57 id 3 r 3 hi -
FS PHASE 57 id 9 ph 2 d 9 at (10, 15)
FS CLEAR 58 tile (11, 17) peck 7
FS RUNG 58 id 3 r 3 hi -
FS PHASE 58 id 9 ph 3 d 4 at (10, 16)
FS CLEAR 59 tile (11, 17) peck 8
FS RUNG 59 id 3 r 3 hi -
FS PHASE 59 id 9 ph 2 d 9 at (10, 15)
FS STAT 60 id 3 at (11, 16) need 2 orth 0 ti 56 ammo 24 sen 0 hp 40 covden 20 eco 1 lost 0
FS PHASE 60 id 9 ph 3 d 4 at (10, 16)
FS STAT 60 id 9 at (10, 16) need 1 orth 0 ti 56 ammo 24 sen 0 hp 40 covden 20 eco 1 lost 0
FS CLEAR 61 tile (11, 17) peck 1
FS RUNG 61 id 9 r 3 hi -
FS CLEAR 62 tile (11, 17) peck 2
FS RUNG 62 id 9 r 3 hi -
FS CLEARED 63 tile (11, 17) n 2
FS CLEARED 63 tile (11, 17) n 1
FS SEAL 63 tile (11, 17) n 6
FS SEALCLR 63 tile (11, 17) lag 0
FS PHASE 66 id 3 ph 2 d 9 at (13, 18)
FS PHASE 69 id 3 ph 3 d 5 at (12, 20)
FS STAT 80 id 3 at (11, 20) need 0 orth 0 ti 85 ammo 33 sen 0 hp 40 covden 20 eco 1 lost 0
FS SENTINEL 80 at (12, 20) face NORTHWEST tgt (10, 18) score 8 n 1 onring 0 lost 0 gate (1, 1, 13) onsray 0 olddsq -1
FS PHASE 80 id 9 ph 4 d 5 at (11, 16)
FS STAT 80 id 9 at (11, 16) need 1 orth 0 ti 4 ammo 33 sen 1 hp 40 covden 20 eco 1 lost 0
FS PHASE 81 id 3 ph 4 d 2 at (11, 20)
FS STAT 100 id 3 at (11, 20) need 0 orth 0 ti 16 ammo 11 sen 1 hp 40 covden 20 eco 1 lost 0
FS STAT 100 id 9 at (12, 15) need 4 orth 4 ti 16 ammo 11 sen 1 hp 40 covden 20 eco 1 lost 0
FS STAT 120 id 3 at (11, 20) need 0 orth 0 ti 16 ammo 11 sen 1 hp 40 covden 20 eco 1 lost 0
FS STAT 120 id 9 at (12, 15) need 4 orth 4 ti 16 ammo 11 sen 1 hp 40 covden 20 eco 1 lost 0
FS SENTDEAD 134 at (12, 20) lost 1
FS DODGE 135 id 9 from (12, 16) to (11, 16) cov 1 -> 0 hit 0 hp 40
FS PHASE 137 id 3 ph 3 d 2 at (11, 20)
FS PHASE 137 id 9 ph 2 d 8 at (12, 16)
FS DODGE 137 id 9 from (12, 16) to (11, 16) cov 1 -> 0 hit 0 hp 22
FS PHASE 138 id 9 ph 3 d 5 at (11, 16)
FS PHASE 139 id 9 ph 2 d 8 at (12, 16)
FS DODGE 139 id 9 from (12, 16) to (11, 16) cov 1 -> 0 hit 0 hp 22
FS STAT 140 id 3 at (11, 20) need 0 orth 0 ti 26 ammo 11 sen 0 hp 40 covden 20 eco 1 lost 1
FS PHASE 140 id 9 ph 3 d 5 at (11, 16)
FS STAT 140 id 9 at (11, 16) need 1 orth 0 ti 26 ammo 11 sen 0 hp 22 covden 20 eco 1 lost 0
FS PHASE 141 id 9 ph 2 d 8 at (12, 16)
FS DODGE 141 id 9 from (12, 16) to (11, 16) cov 1 -> 0 hit 0 hp 4
FS PHASE 142 id 9 ph 3 d 5 at (11, 16)
FS PHASE 143 id 9 ph 2 d 8 at (12, 16)
FS DODGE 143 id 9 from (12, 16) to (11, 16) cov 1 -> 0 hit 0 hp 4
FS PHASE 144 id 9 ph 3 d 5 at (11, 16)
FS EVICT 148 from (12, 18) to (13, 24)
PRES520 151 ti 46 res 131 floor 131 bind 1 rounds 1 vacant 1 until 171
PRES520 152 ti 56 res 131 floor 131 bind 2 rounds 2 vacant 2 until 172
PRES520 153 ti 56 res 126 floor 126 bind 3 rounds 3 vacant 3 until 173
PRES520 154 ti 56 res 126 floor 126 bind 4 rounds 4 vacant 4 until 174
PRES520 155 ti 56 res 126 floor 126 bind 5 rounds 5 vacant 5 until 175
PRES520 156 ti 66 res 126 floor 126 bind 6 rounds 6 vacant 6 until 176
PRES520 157 ti 66 res 126 floor 126 bind 7 rounds 7 vacant 7 until 177
PRES520 158 ti 66 res 126 floor 126 bind 8 rounds 8 vacant 8 until 178
PRES520 159 ti 66 res 126 floor 126 bind 9 rounds 9 vacant 9 until 179
PRES520 160 ti 76 res 126 floor 126 bind 10 rounds 10 vacant 10 until 180
FS STAT 160 id 3 at (11, 20) need 0 orth 0 ti 76 ammo 11 sen 0 hp 40 covden 20 eco 1 lost 1
PRES520 161 ti 76 res 126 floor 126 bind 11 rounds 11 vacant 11 until 181
PRES520 162 ti 76 res 126 floor 126 bind 12 rounds 12 vacant 12 until 182
PRES520 163 ti 76 res 126 floor 126 bind 13 rounds 13 vacant 13 until 183
PRES520 164 ti 86 res 126 floor 126 bind 14 rounds 14 vacant 14 until 184
FS STAT 180 id 3 at (11, 20) need 0 orth 0 ti 76 ammo 61 sen 0 hp 40 covden 20 eco 1 lost 1
FS STAT 200 id 3 at (11, 20) need 0 orth 0 ti 76 ammo 111 sen 0 hp 4 covden 20 eco 1 lost 1
FS GATE 597 sig (20, 26, (9, 6), (9, 18)) ok 1
FS PHASE 597 id 296 ph 1 d 101 at (11, 8)
FS HOPBUILD 600 at (12, 10) lch (11, 10) T (11, 20)
FS GATE 601 sig (20, 26, (9, 6), (9, 18)) ok 1
FS THROW 601 from (12, 11) to (11, 15) T (11, 20) body 296 n 1 dsq 10
FS ARRIVE 603 id 296 body 1 at (11, 16) dsq 5
ARC520 CLAIM 603 id 296 body 1 arc 1 at (11, 16)
FS PHASE 603 id 296 ph 3 d 5 at (11, 16)
FS PHASE 604 id 296 ph 2 d 50 at (8, 11)
FS DODGE 607 id 296 from (8, 14) to (8, 13) cov 1 -> 0 hit 0 hp 22
FS DODGE 609 id 296 from (8, 14) to (8, 13) cov 1 -> 0 hit 0 hp 4
FS DODGE 611 id 296 from (8, 14) to (8, 13) cov 1 -> 0 hit 0 hp 4
FS GATE 626 sig (20, 26, (9, 6), (9, 18)) ok 1
FS PHASE 626 id 313 ph 1 d 101 at (11, 8)
FS HOPBUILD 627 at (12, 8) lch (11, 8) T (11, 20)
FS GATE 628 sig (20, 26, (9, 6), (9, 18)) ok 1
FS THROW 628 from (12, 9) to (10, 13) T (11, 20) body 313 n 1 dsq 25
TERM520 638 id 313 at (10, 12) n 1 pick (10, 13) arcs 2 cov 0 covbest 0 conflict 0 dsq 25
FS HOPBUILD 638 at (10, 12) lch (10, 13) T (11, 20)
FS GATE 639 sig (20, 26, (9, 6), (9, 18)) ok 1
FS THROW 639 from (10, 12) to (12, 17) T (11, 20) body 313 n 1 dsq 5
FS ARRIVE 640 id 313 body 1 at (12, 17) dsq 5
ARC520 CLAIM 640 id 313 body 1 arc 1 at (12, 17)
FS PHASE 640 id 313 ph 3 d 5 at (12, 17)
FS STAT 640 id 313 at (12, 17) need 2 orth 0 ti 30 ammo 270 sen 0 hp 22 covden 0 eco 1 lost 0
FS DODGE 640 id 313 from (12, 17) to (13, 17) cov 1 -> 0 hit 0 hp 22
FS PHASE 641 id 313 ph 2 d 10 at (13, 17)
FS PHASE 642 id 313 ph 3 d 5 at (12, 17)
FS DODGE 642 id 313 from (12, 17) to (13, 17) cov 1 -> 0 hit 0 hp 4
FS PHASE 643 id 313 ph 2 d 10 at (13, 17)
FS GATE 661 sig (20, 26, (9, 6), (9, 18)) ok 1
FS PHASE 661 id 335 ph 1 d 100 at (10, 8)
FS HOPBUILD 663 at (10, 10) lch (11, 10) T (11, 20)
FS GATE 664 sig (20, 26, (9, 6), (9, 18)) ok 1
FS THROW 664 from (10, 10) to (11, 15) T (11, 20) body 335 n 1 dsq 10
FS ARRIVE 673 id 335 body 1 at (12, 18) dsq 4
ARC520 CLAIM 673 id 335 body 1 arc 1 at (12, 18)
FS PHASE 673 id 335 ph 3 d 4 at (12, 18)
FS DODGE 673 id 335 from (12, 18) to (13, 18) cov 1 -> 0 hit 0 hp 4
FS PHASE 674 id 335 ph 2 d 9 at (13, 18)
FS PHASE 675 id 335 ph 3 d 4 at (12, 18)
FS DODGE 675 id 335 from (12, 18) to (13, 18) cov 1 -> 0 hit 0 hp 4
FS PHASE 676 id 335 ph 2 d 9 at (13, 18)
FS GATE 690 sig (20, 26, (9, 6), (9, 18)) ok 1
FS PHASE 690 id 351 ph 1 d 122 at (11, 7)
FS HOPBUILD 690 at (11, 7) lch (11, 8) T (11, 20)
FS GATE 691 sig (20, 26, (9, 6), (9, 18)) ok 1
FS THROW 691 from (11, 7) to (10, 13) T (11, 20) body 351 n 1 dsq 25
TERM520 701 id 351 at (10, 12) n 1 pick (10, 13) arcs 2 cov 0 covbest 0 conflict 0 dsq 25
FS HOPBUILD 701 at (10, 12) lch (10, 13) T (11, 20)
FS GATE 702 sig (20, 26, (9, 6), (9, 18)) ok 1
FS THROW 702 from (10, 12) to (11, 17) T (11, 20) body 351 n 1 dsq 2
FS ARRIVE 703 id 351 body 1 at (11, 17) dsq 2
ARC520 CLAIM 703 id 351 body 1 arc 1 at (11, 17)
FS PHASE 703 id 351 ph 3 d 2 at (11, 17)
FS DODGE 704 id 351 from (12, 17) to (13, 17) cov 2 -> 0 hit 0 hp 22
FS PHASE 705 id 351 ph 2 d 10 at (13, 17)
FS PHASE 707 id 351 ph 3 d 4 at (12, 18)
FS DODGE 707 id 351 from (12, 18) to (13, 18) cov 2 -> 0 hit 0 hp 4
FS PHASE 708 id 351 ph 2 d 9 at (13, 18)
FS GATE 724 sig (20, 26, (9, 6), (9, 18)) ok 1
FS PHASE 724 id 371 ph 1 d 122 at (11, 7)
FS HOPBUILD 726 at (12, 8) lch (11, 8) T (11, 20)
FS GATE 727 sig (20, 26, (9, 6), (9, 18)) ok 1
FS THROW 727 from (12, 9) to (10, 13) T (11, 20) body 371 n 1 dsq 25
TERM520 737 id 371 at (10, 12) n 1 pick (10, 13) arcs 2 cov 0 covbest 0 conflict 0 dsq 25
FS HOPBUILD 737 at (10, 12) lch (10, 13) T (11, 20)
FS GATE 738 sig (20, 26, (9, 6), (9, 18)) ok 1
FS THROW 738 from (10, 12) to (12, 17) T (11, 20) body 371 n 1 dsq 5
FS ARRIVE 739 id 371 body 1 at (12, 17) dsq 5
ARC520 CLAIM 739 id 371 body 1 arc 1 at (12, 17)
FS PHASE 739 id 371 ph 2 d 5 at (12, 17)
FS DODGE 739 id 371 from (12, 17) to (13, 17) cov 2 -> 0 hit 0 hp 40
FS STAT 740 id 371 at (13, 17) need 5 orth 4 ti 39 ammo 270 sen 0 hp 40 covden 0 eco 1 lost 0
FS DODGE 740 id 371 from (13, 17) to (13, 18) cov 1 -> 0 hit 0 hp 40
FS DODGE 742 id 371 from (12, 18) to (13, 18) cov 1 -> 0 hit 0 hp 40
FS DODGE 744 id 371 from (12, 18) to (13, 18) cov 1 -> 0 hit 0 hp 40
FS DODGE 746 id 371 from (12, 18) to (13, 18) cov 1 -> 0 hit 0 hp 40
FS DODGE 748 id 371 from (12, 18) to (13, 18) cov 1 -> 0 hit 0 hp 40
FS DODGE 750 id 371 from (12, 18) to (13, 18) cov 1 -> 0 hit 0 hp 40
FS DODGE 752 id 371 from (12, 18) to (13, 18) cov 1 -> 0 hit 0 hp 40
FS DODGE 754 id 371 from (12, 18) to (13, 18) cov 1 -> 0 hit 0 hp 40
FS DODGE 756 id 371 from (12, 18) to (13, 18) cov 1 -> 0 hit 0 hp 40
FS DODGE 758 id 371 from (12, 18) to (13, 18) cov 1 -> 0 hit 0 hp 40
FS SENTINEL 759 at (13, 19) face WEST tgt (9, 19) score 16 n 1 onring 0 lost 0 gate (1, 1, 13) onsray 0 olddsq -1
FS PHASE 760 id 371 ph 5 d 9 at (13, 18)
FS STAT 760 id 371 at (13, 18) need 4 orth 3 ti 70 ammo 270 sen 1 hp 40 covden 0 eco 1 lost 0
FS DODGE 761 id 371 from (12, 18) to (13, 18) cov 2 -> 0 hit 0 hp 40
FS DODGE 763 id 371 from (12, 18) to (13, 18) cov 2 -> 0 hit 0 hp 40
FS DODGE 765 id 371 from (12, 18) to (13, 18) cov 2 -> 0 hit 0 hp 40
FS DODGE 767 id 371 from (12, 18) to (13, 18) cov 2 -> 0 hit 0 hp 40
FS DODGE 769 id 371 from (12, 18) to (13, 18) cov 2 -> 0 hit 0 hp 40
FS DODGE 771 id 371 from (12, 18) to (13, 18) cov 2 -> 0 hit 0 hp 40
FS DODGE 773 id 371 from (12, 18) to (13, 18) cov 2 -> 0 hit 0 hp 40
FS DODGE 775 id 371 from (12, 18) to (13, 18) cov 2 -> 0 hit 0 hp 40
FS DODGE 777 id 371 from (12, 18) to (13, 18) cov 2 -> 0 hit 0 hp 33
FS DODGE 779 id 371 from (12, 18) to (13, 18) cov 2 -> 0 hit 0 hp 33
FS STAT 780 id 371 at (13, 18) need 5 orth 4 ti 90 ammo 300 sen 1 hp 33 covden 0 eco 1 lost 0
FS DODGE 781 id 371 from (12, 18) to (13, 18) cov 2 -> 0 hit 0 hp 33
FS DODGE 783 id 371 from (12, 18) to (13, 18) cov 2 -> 0 hit 0 hp 33
FS DODGE 785 id 371 from (12, 18) to (13, 18) cov 2 -> 0 hit 0 hp 26
FS DODGE 787 id 371 from (12, 18) to (13, 18) cov 2 -> 0 hit 0 hp 19
FS DODGE 789 id 371 from (12, 18) to (13, 18) cov 2 -> 0 hit 0 hp 12
FS DODGE 791 id 371 from (12, 18) to (13, 18) cov 2 -> 0 hit 0 hp 12
FS DODGE 793 id 371 from (12, 18) to (13, 18) cov 2 -> 0 hit 0 hp 5
