Update available: 2.3.6 -> 2.3.8. Run: pip install --upgrade fcode
FS GATE 0 sig (30, 30, (14, 2), (14, 26)) ok 1
FS GATE 1 sig (30, 30, (14, 2), (14, 26)) ok 1
FS PHASE 1 id 4 ph 1 d 484 at (14, 25)
GF519 1 id 4 d 484 band 0 ti 434 ammo 0 gun 28 lau 28 bar 4 cd 0 lp 0 plants 0
GF519 2 id 4 d 484 band 0 ti 392 ammo 0 gun 32 lau 32 bar 4 cd 0 lp 0 plants 0
FS GATE 2 sig (30, 30, (14, 2), (14, 26)) ok 1
GF519 3 id 4 d 484 band 0 ti 344 ammo 0 gun 36 lau 36 bar 5 cd 0 lp 0 plants 0
FS GATE 3 sig (30, 30, (14, 2), (14, 26)) ok 1
GF519 4 id 4 d 484 band 0 ti 354 ammo 0 gun 36 lau 36 bar 5 cd 0 lp 0 plants 0
FS GATE 4 sig (30, 30, (14, 2), (14, 26)) ok 1
APPT520 CLAIM 4 id 10
FS PHASE 4 id 10 ph 1 d 484 at (15, 25)
GF519 4 id 10 d 484 band 0 ti 354 ammo 0 gun 36 lau 36 bar 5 cd 0 lp 0 plants 0
GF519 5 id 4 d 484 band 0 ti 354 ammo 0 gun 36 lau 36 bar 5 cd 0 lp 0 plants 0
FS HOPBUILD 5 at (14, 25) lch (14, 24) T (16, 1)
GF519 5 id 10 d 441 band 0 ti 318 ammo 0 gun 38 lau 38 bar 5 cd 0 lp 1 plants 0
GF519 6 id 4 d 484 band 0 ti 318 ammo 0 gun 38 lau 38 bar 5 cd 0 lp 1 plants 0
GF519 6 id 10 d 400 band 0 ti 318 ammo 0 gun 38 lau 38 bar 5 cd 0 lp 1 plants 0
FS GATE 6 sig (30, 30, (14, 2), (14, 26)) ok 1
FS THROW 6 from (15, 25) to (15, 19) T (16, 1) body 4 n 1 dsq 256
GF519 7 id 4 d 256 band 0 ti 318 ammo 0 gun 38 lau 38 bar 5 cd 0 lp 0 plants 0
FS HOPBUILD 7 at (15, 19) lch (15, 18) T (16, 1)
GF519 7 id 10 d 400 band 0 ti 280 ammo 0 gun 40 lau 40 bar 6 cd 0 lp 1 plants 0
FS THROW 7 from (15, 23) to (14, 19) T (16, 1) body 10 n 2 dsq 256
GF519 8 id 4 d 256 band 0 ti 290 ammo 0 gun 38 lau 38 bar 5 cd 0 lp 1 plants 0
GF519 8 id 10 d 256 band 0 ti 290 ammo 0 gun 38 lau 38 bar 5 cd 0 lp 1 plants 0
FS GATE 8 sig (30, 30, (14, 2), (14, 26)) ok 1
FS THROW 8 from (16, 19) to (16, 13) T (16, 1) body 4 n 1 dsq 101
GF519 9 id 4 d 101 band 1 ti 290 ammo 0 gun 38 lau 38 bar 5 cd 0 lp 0 plants 0
FS HOPBUILD 9 at (16, 13) lch (16, 12) T (16, 1)
GF519 9 id 10 d 225 band 0 ti 252 ammo 0 gun 40 lau 40 bar 6 cd 0 lp 1 plants 0
FS THROW 9 from (14, 17) to (15, 13) T (16, 1) body 10 n 2 dsq 100
GF519 10 id 4 d 101 band 1 ti 252 ammo 0 gun 38 lau 38 bar 5 cd 0 lp 1 plants 0
GF519 10 id 10 d 100 band 1 ti 252 ammo 0 gun 38 lau 38 bar 5 cd 0 lp 1 plants 0
FS GATE 10 sig (30, 30, (14, 2), (14, 26)) ok 1
FS THROW 10 from (16, 13) to (16, 7) T (16, 1) body 4 n 1 dsq 17
GF519 11 id 4 d 17 band 1 ti 252 ammo 0 gun 38 lau 38 bar 5 cd 0 lp 0 plants 0
FS HOPBUILD 11 at (16, 7) lch (16, 6) T (16, 1)
GF519 11 id 10 d 81 band 1 ti 214 ammo 0 gun 40 lau 40 bar 6 cd 0 lp 1 plants 0
FS THROW 11 from (15, 11) to (15, 7) T (16, 1) body 10 n 2 dsq 16
GF519 12 id 4 d 17 band 1 ti 224 ammo 0 gun 38 lau 38 bar 5 cd 0 lp 1 plants 0
GF519 12 id 10 d 16 band 1 ti 224 ammo 0 gun 38 lau 38 bar 5 cd 0 lp 1 plants 0
FS GATE 12 sig (30, 30, (14, 2), (14, 26)) ok 1
SPLIT520 12 lch (16, 6) body 4 arc 2 to (15, 1) dsq 1 walk 1 n 1
FS SPLIT 12 arc 2 to (15, 1) body 4 walk 1
FS ARRIVE 13 id 4 body 1 at (15, 1) dsq 1
ARC520 CLAIM 13 id 4 body 1 arc 2 at (15, 1)
FS PHASE 13 id 4 ph 2 d 1 at (15, 1)
FS SEAL 13 tile (14, 1) n 1
GF519 13 id 10 d 9 band 1 ti 219 ammo 0 gun 38 lau 38 bar 5 cd 0 lp 1 plants 0
SPLIT520 13 lch (16, 6) body 10 arc 1 to (13, 3) dsq 1 walk 0 n 2
FS SPLIT 13 arc 1 to (13, 3) body 10 walk 0
FS ARRIVE 14 id 10 body 2 at (13, 3) dsq 1
ARC520 CLAIM 14 id 10 body 2 arc 1 at (13, 3)
FS PHASE 14 id 10 ph 2 d 1 at (13, 3)
FS SEAL 14 tile (13, 2) n 1
FS SEAL 15 tile (15, 1) n 2
FS DODGE 15 id 10 from (13, 3) to (13, 4) cov 1 -> 0 hit 0 hp 40
FS GATE 15 sig (30, 30, (14, 2), (14, 26)) ok 1
FS SEAL 16 tile (16, 2) n 3
FS SEAL 16 tile (13, 3) n 2
FS SEAL 17 tile (14, 4) n 3
FS SEAL 19 tile (15, 1) n 4
FS STAT 20 id 4 at (16, 1) need 3 orth 2 ti 44 ammo 5 sen 0 hp 40 covden 0 eco 0 lost 0
FS STAT 20 id 10 at (14, 5) need 3 orth 2 ti 38 ammo 5 sen 0 hp 40 covden 0 eco 0 lost 0
FS SEAL 21 tile (15, 4) n 4
FS SEAL 23 tile (16, 3) n 5
FS PHASE 23 id 10 ph 3 d 5 at (16, 5)
FS SEAL 23 tile (16, 4) n 5
FS PHASE 24 id 4 ph 3 d 4 at (17, 3)
FS PHASE 26 id 4 ph 2 d 8 at (17, 5)
FS PHASE 27 id 4 ph 3 d 5 at (17, 4)
FS PHASE 27 id 10 ph 2 d 9 at (14, 6)
FS PHASE 28 id 4 ph 2 d 8 at (17, 5)
FS PHASE 29 id 4 ph 3 d 5 at (17, 4)
FS PHASE 30 id 4 ph 2 d 8 at (17, 5)
FS PHASE 31 id 4 ph 3 d 5 at (17, 4)
FS PHASE 32 id 4 ph 2 d 8 at (17, 5)
FS PHASE 33 id 4 ph 3 d 5 at (17, 4)
FS PHASE 34 id 4 ph 2 d 8 at (17, 5)
FS PHASE 35 id 4 ph 3 d 5 at (17, 4)
FS PHASE 36 id 4 ph 2 d 8 at (17, 5)
FS PHASE 37 id 4 ph 3 d 5 at (17, 4)
FS PHASE 37 id 10 ph 3 d 5 at (12, 4)
FS PHASE 38 id 4 ph 2 d 8 at (17, 5)
FS PHASE 39 id 4 ph 3 d 5 at (17, 4)
FS PHASE 40 id 4 ph 2 d 8 at (17, 5)
FS STAT 40 id 4 at (17, 5) need 3 orth 2 ti 10 ammo 5 sen 0 hp 40 covden 0 eco 0 lost 0
FS STAT 40 id 10 at (13, 4) need 1 orth 0 ti 4 ammo 5 sen 0 hp 40 covden 0 eco 0 lost 0
FS PHASE 41 id 4 ph 3 d 5 at (17, 4)
FS PHASE 42 id 4 ph 2 d 8 at (17, 5)
FS PHASE 43 id 4 ph 3 d 5 at (17, 4)
FS PHASE 44 id 4 ph 2 d 8 at (17, 5)
FS PHASE 45 id 4 ph 3 d 5 at (17, 4)
FS PHASE 46 id 4 ph 2 d 8 at (17, 5)
FS PHASE 47 id 4 ph 3 d 5 at (17, 4)
FS PHASE 48 id 4 ph 2 d 8 at (17, 5)
FS PHASE 49 id 4 ph 3 d 5 at (17, 4)
FS PHASE 50 id 4 ph 2 d 8 at (17, 5)
FS PHASE 51 id 4 ph 3 d 5 at (17, 4)
FS PHASE 52 id 4 ph 2 d 8 at (17, 5)
FS PHASE 53 id 4 ph 3 d 5 at (17, 4)
FS SEAL 53 tile (13, 4) n 6
FS PHASE 54 id 4 ph 2 d 8 at (17, 5)
FS PHASE 55 id 4 ph 3 d 5 at (17, 4)
FS PHASE 56 id 4 ph 2 d 8 at (17, 5)
FS PHASE 57 id 4 ph 3 d 5 at (17, 4)
FS SEAL 57 tile (13, 1) n 7
FS PHASE 58 id 4 ph 2 d 10 at (18, 4)
FS PHASE 59 id 4 ph 3 d 5 at (17, 4)
FS PHASE 60 id 4 ph 2 d 10 at (18, 4)
FS STAT 60 id 4 at (18, 4) need 4 orth 3 ti 14 ammo 5 sen 0 hp 40 covden 0 eco 0 lost 0
FS STAT 60 id 10 at (12, 3) need 0 orth 0 ti 14 ammo 5 sen 0 hp 40 covden 0 eco 0 lost 0
FS PHASE 61 id 4 ph 3 d 5 at (17, 4)
FS PHASE 62 id 4 ph 2 d 10 at (18, 4)
FS PHASE 63 id 4 ph 3 d 5 at (17, 4)
FS PHASE 64 id 4 ph 2 d 8 at (17, 5)
FS PHASE 65 id 4 ph 3 d 5 at (17, 4)
FS PHASE 66 id 4 ph 2 d 10 at (18, 4)
FS PHASE 67 id 4 ph 3 d 5 at (17, 4)
FS PHASE 68 id 4 ph 2 d 8 at (17, 5)
FS PHASE 69 id 4 ph 3 d 5 at (17, 4)
FS PHASE 70 id 4 ph 2 d 8 at (17, 5)
FS PHASE 71 id 4 ph 3 d 5 at (17, 4)
FS PHASE 72 id 4 ph 2 d 8 at (17, 5)
FS PHASE 73 id 4 ph 3 d 5 at (17, 4)
FS PHASE 74 id 4 ph 2 d 8 at (17, 5)
FS PHASE 75 id 4 ph 3 d 5 at (17, 4)
FS PHASE 76 id 4 ph 2 d 8 at (17, 5)
FS PHASE 77 id 4 ph 3 d 5 at (17, 4)
FS PHASE 78 id 4 ph 2 d 8 at (17, 5)
FS PHASE 79 id 4 ph 3 d 5 at (17, 4)
FS PHASE 80 id 4 ph 2 d 8 at (17, 5)
FS STAT 80 id 4 at (17, 5) need 3 orth 2 ti 45 ammo 24 sen 0 hp 40 covden 0 eco 0 lost 0
FS STAT 80 id 10 at (12, 3) need 0 orth 0 ti 45 ammo 24 sen 0 hp 40 covden 0 eco 0 lost 0
FS PHASE 81 id 4 ph 3 d 5 at (17, 4)
FS PHASE 82 id 4 ph 2 d 8 at (17, 5)
FS PHASE 83 id 4 ph 3 d 5 at (17, 4)
FS PHASE 84 id 4 ph 2 d 8 at (17, 5)
FS PHASE 85 id 4 ph 3 d 5 at (17, 4)
FS PHASE 86 id 4 ph 2 d 8 at (17, 5)
FS PHASE 87 id 4 ph 3 d 5 at (17, 4)
FS PHASE 88 id 4 ph 2 d 8 at (17, 5)
FS PHASE 89 id 4 ph 3 d 5 at (17, 4)
FS PHASE 90 id 4 ph 2 d 8 at (17, 5)
FS PHASE 91 id 4 ph 3 d 5 at (17, 4)
FS PHASE 92 id 4 ph 2 d 8 at (17, 5)
FS SENTINEL 92 at (11, 3) face EAST tgt (15, 3) score 16 n 1 onring 0 lost 0 gate (1, 0, 54) onsray 0 olddsq -1
FS PHASE 93 id 4 ph 3 d 5 at (17, 4)
FS PHASE 93 id 10 ph 4 d 4 at (12, 3)
FS PHASE 94 id 4 ph 4 d 8 at (17, 5)
FS DODGE 94 id 10 from (12, 4) to (12, 3) cov 1 -> 0 hit 0 hp 40
FS DODGE 96 id 10 from (12, 4) to (12, 3) cov 1 -> 0 hit 0 hp 40
FS STAT 100 id 4 at (18, 4) need 4 orth 3 ti 14 ammo 15 sen 1 hp 40 covden 0 eco 0 lost 0
FS STAT 100 id 10 at (12, 4) need 0 orth 0 ti 14 ammo 15 sen 1 hp 40 covden 0 eco 0 lost 0
FS STAT 120 id 4 at (17, 5) need 4 orth 3 ti 12 ammo 17 sen 1 hp 40 covden 0 eco 0 lost 0
FS STAT 120 id 10 at (12, 4) need 1 orth 1 ti 12 ammo 17 sen 1 hp 40 covden 0 eco 0 lost 0
FS SEAL 123 tile (13, 3) n 8
FS RETREAT 137 id 10 hp 4 from (12, 4) to (11, 4)
FS RETREAT 139 id 10 hp 4 from (12, 4) to (11, 4)
FS STAT 140 id 4 at (15, 5) need 1 orth 1 ti 12 ammo 11 sen 1 hp 40 covden 0 eco 0 lost 0
FS STAT 140 id 10 at (11, 4) need 3 orth 3 ti 12 ammo 11 sen 1 hp 4 covden 0 eco 0 lost 0
PRES520 147 ti 12 res 111 floor 111 bind 1 rounds 1 vacant 1 until 167
PRES520 148 ti 22 res 111 floor 111 bind 2 rounds 2 vacant 2 until 168
PRES520 149 ti 22 res 111 floor 111 bind 3 rounds 3 vacant 3 until 169
PRES520 150 ti 22 res 111 floor 111 bind 4 rounds 4 vacant 4 until 170
PRES520 151 ti 22 res 111 floor 111 bind 5 rounds 5 vacant 5 until 171
PRES520 152 ti 32 res 111 floor 111 bind 6 rounds 6 vacant 6 until 172
PRES520 153 ti 32 res 111 floor 111 bind 7 rounds 7 vacant 7 until 173
PRES520 154 ti 32 res 111 floor 111 bind 8 rounds 8 vacant 8 until 174
PRES520 155 ti 32 res 111 floor 111 bind 9 rounds 9 vacant 9 until 175
PRES520 156 ti 42 res 111 floor 111 bind 10 rounds 10 vacant 10 until 176
PRES520 157 ti 42 res 111 floor 111 bind 11 rounds 11 vacant 11 until 177
PRES520 158 ti 42 res 111 floor 111 bind 12 rounds 12 vacant 12 until 178
PRES520 159 ti 42 res 111 floor 111 bind 13 rounds 13 vacant 13 until 179
PRES520 160 ti 52 res 111 floor 111 bind 14 rounds 14 vacant 14 until 180
FS STAT 160 id 4 at (13, 5) need 2 orth 2 ti 52 ammo 1 sen 1 hp 40 covden 0 eco 0 lost 0
FS EVICTOR 168 at (12, 4) ucov 0 cov 8 unseal 0 obs 64
FS RUNG 168 id 4 r 2 hi -
FS GATE 169 sig (30, 30, (14, 2), (14, 26)) ok 1
FS EVICT 169 from (12, 3) to (11, 9)
FS SEAL 171 tile (13, 3) n 6
FS EVICT 174 from (13, 5) to (7, 5)
FS SEAL 178 tile (15, 1) n 7
FS STAT 180 id 4 at (14, 0) need 0 orth 0 ti 48 ammo 1 sen 1 hp 22 covden 0 eco 0 lost 0
FS EVICTOR 189 at (14, 0) ucov 0 cov 56 unseal 0 obs 65
FS RUNG 189 id 4 r 2 hi -
FS GATE 190 sig (30, 30, (14, 2), (14, 26)) ok 1
FS SEAL 194 tile (13, 3) n 8
FS DODGE 196 id 4 from (12, 4) to (12, 3) cov 1 -> 0 hit 0 hp 22
FS DODGE 198 id 4 from (12, 4) to (12, 3) cov 1 -> 0 hit 0 hp 22
FS STAT 200 id 4 at (12, 4) need 1 orth 1 ti 50 ammo 1 sen 1 hp 22 covden 0 eco 0 lost 0
FS SEAL 203 tile (13, 3) n 9
FS RETREAT 205 id 4 hp 4 from (12, 4) to (11, 4)
FS RETREAT 207 id 4 hp 4 from (12, 4) to (11, 4)
FS EVICT 247 from (15, 1) to (9, 0)
FS EVICT 327 from (15, 1) to (9, 0)
