Running match: _v488beltbreak2 vs iSALT
  Map: yulerune.map26  Seed: 815  Replay: 
scratchpad/s51_v523_build/iso/b5/repiSALT/yulerune_s815_B.replay26  TLE: 10ms
Completed turn 0
Completed turn 100
Completed turn 200
Completed turn 300
Completed turn 400
Completed turn 500
Completed turn 600
Completed turn 700
Completed turn 800
Completed turn 900
Replay written to 
scratchpad/s51_v523_build/iso/b5/repiSALT/yulerune_s815_B.replay26

  Winner: _v488beltbreak2  (Titanium collected (tiebreak), turn 1000)

               _v488beltbreak2              iSALT  
  Titanium     122 (320 mined)    105 (270 mined)  
  Units                      9                  8  
  Buildings                 27                 33  

