Running match: iMAG vs _v488beltbreak2
  Map: yulerune.map26  Seed: 531  Replay: 
scratchpad/s51_v521_build/iso/b11/repiMAG/yulerune_s531_A.replay26  TLE: 10ms
Completed turn 0
Completed turn 100
Completed turn 200
Completed turn 300
Completed turn 400
Completed turn 500
Completed turn 600
Completed turn 700
Completed turn 800
Completed turn 900
Replay written to 
scratchpad/s51_v521_build/iso/b11/repiMAG/yulerune_s531_A.replay26

  Winner: iMAG  (Titanium collected (tiebreak), turn 1000)

                           iMAG    _v488beltbreak2  
  Titanium     148 (2920 mined)     93 (300 mined)  
  Units                       9                  7  
  Buildings                  44                 45  

