Running match: _v523eyes vs _v488beltbreak2
  Map: atoll.map26  Seed: 69  Replay: 
scratchpad/s51_v523_build/grid/b23/repv523/atoll_s69_A.replay26  TLE: 10ms
Completed turn 0
Completed turn 100
Completed turn 200
Completed turn 300
Completed turn 400
Completed turn 500
Completed turn 600
Completed turn 700
Completed turn 800
Completed turn 900
Replay written to 
scratchpad/s51_v523_build/grid/b23/repv523/atoll_s69_A.replay26

  Winner: _v488beltbreak2  (Titanium collected (tiebreak), turn 1000)

                       _v523eyes     _v488beltbreak2  
  Titanium     2084 (4550 mined)    534 (4950 mined)  
  Units                       12                  27  
  Buildings                   17                  23  

