Running match: _v523eyes vs _v488beltbreak2
  Map: atoll.map26  Seed: 68  Replay: 
scratchpad/s51_v523_build/grid/b23/repv523/atoll_s68_A.replay26  TLE: 10ms
Completed turn 0
Completed turn 100
Completed turn 200
Completed turn 300
Completed turn 400
Completed turn 500
Completed turn 600
Completed turn 700
Completed turn 800
Completed turn 900
Replay written to 
scratchpad/s51_v523_build/grid/b23/repv523/atoll_s68_A.replay26

  Winner: _v523eyes  (Titanium collected (tiebreak), turn 1000)

                       _v523eyes      _v488beltbreak2  
  Titanium     3558 (5490 mined)    1920 (4890 mined)  
  Units                       14                   22  
  Buildings                   15                   27  

