Running match: _v488beltbreak2 vs mF
  Map: nordkap.map26  Seed: 208  Replay: 
scratchpad/s51_v522_build/modeassert/repnordkap/nordkap_s208_B.replay26  TLE: 
10ms
Completed turn 0
Completed turn 100
Completed turn 200
Completed turn 300
Completed turn 400
Completed turn 500
Completed turn 600
Completed turn 700
Completed turn 800
Completed turn 900
Replay written to 
scratchpad/s51_v522_build/modeassert/repnordkap/nordkap_s208_B.replay26

  Winner: _v488beltbreak2  (Titanium collected (tiebreak), turn 1000)

                 _v488beltbreak2                   mF  
  Titanium     1386 (3860 mined)    2255 (2480 mined)  
  Units                       18                    4  
  Buildings                   48                   32  

