Running match: parent vs _v488beltbreak2
  Map: midgard.map26  Seed: 77  Replay: 
scratchpad/s51_v523_build/grid/b26/repparent/midgard_s77_A.replay26  TLE: 10ms
Completed turn 0
Completed turn 100
Completed turn 200
Completed turn 300
Completed turn 400
Completed turn 500
Completed turn 600
Completed turn 700
Completed turn 800
Completed turn 900
Replay written to 
scratchpad/s51_v523_build/grid/b26/repparent/midgard_s77_A.replay26

  Winner: parent  (Titanium collected (tiebreak), turn 1000)

                        parent    _v488beltbreak2  
  Titanium     60 (2860 mined)     87 (440 mined)  
  Units                      9                  5  
  Buildings                 33                 19  

