Running match: parent vs _v488beltbreak2
  Map: atoll.map26  Seed: 40  Replay: 
scratchpad/s51_v522_build/grid/b14/repparent/atoll_s40_A.replay26  TLE: 10ms
Completed turn 0
Completed turn 100
Completed turn 200
Completed turn 300
Completed turn 400
Completed turn 500
Completed turn 600
Completed turn 700
Completed turn 800
Completed turn 900
Replay written to 
scratchpad/s51_v522_build/grid/b14/repparent/atoll_s40_A.replay26

  Winner: _v488beltbreak2  (Core destroyed, turn 929)

                        parent    _v488beltbreak2  
  Titanium     16 (4610 mined)    55 (2360 mined)  
  Units                     10                 14  
  Buildings                 18                 19  

