Running match: _v488beltbreak2 vs parent
  Map: nordkap.map26  Seed: 40  Replay: 
scratchpad/s51_v522_build/grid/b14/repparent/nordkap_s40_B.replay26  TLE: 10ms
Completed turn 0
Completed turn 100
Completed turn 200
Completed turn 300
Completed turn 400
Completed turn 500
Completed turn 600
Completed turn 700
Completed turn 800
Completed turn 900
Replay written to 
scratchpad/s51_v522_build/grid/b14/repparent/nordkap_s40_B.replay26

  Winner: _v488beltbreak2  (Titanium collected (tiebreak), turn 1000)

               _v488beltbreak2             parent  
  Titanium     122 (260 mined)    118 (110 mined)  
  Units                      8                  4  
  Buildings                 69                 21  

