Update available: 2.3.6 -> 2.3.8. Run: pip install --upgrade fcode
COREAMMO r=0 ti=500 ammo=0 fs_ph=0 fs_live=0 under=0 wtop=0 bb=0 harv=0 ammo_target=16 ti_floor=52 chunk=16 bar=3 scale=100 arm=0 gate_ti=1 amt=16
FS GATE 0 sig (30, 30, (14, 2), (14, 26)) ok 1
COREAMMO r=1 ti=470 ammo=0 fs_ph=0 fs_live=0 under=0 wtop=0 bb=0 harv=0 ammo_target=16 ti_floor=52 chunk=16 bar=3 scale=120 arm=0 gate_ti=1 amt=16
FS GATE 1 sig (30, 30, (14, 2), (14, 26)) ok 1
FS PHASE 1 id 4 ph 1 d 484 at (15, 25)
FS HOPBUILD 1 at (15, 25) lch (15, 24) T (16, 1)
COREAMMO r=2 ti=406 ammo=0 fs_ph=1 fs_live=0 under=0 wtop=0 bb=0 harv=0 ammo_target=16 ti_floor=52 chunk=16 bar=4 scale=150 arm=0 gate_ti=1 amt=16
FS GATE 2 sig (30, 30, (14, 2), (14, 26)) ok 1
FS GATE 2 sig (30, 30, (14, 2), (14, 26)) ok 1
FS THROW 2 from (16, 25) to (16, 19) T (16, 1)
COREAMMO r=3 ti=361 ammo=0 fs_ph=1 fs_live=0 under=0 wtop=0 bb=0 harv=0 ammo_target=16 ti_floor=52 chunk=16 bar=4 scale=160 arm=0 gate_ti=1 amt=16
FS GATE 3 sig (30, 30, (14, 2), (14, 26)) ok 1
COREAMMO r=4 ti=371 ammo=0 fs_ph=1 fs_live=0 under=0 wtop=0 bb=0 harv=0 ammo_target=16 ti_floor=52 chunk=16 bar=4 scale=160 arm=0 gate_ti=1 amt=16
FS HOPBUILD 4 at (15, 19) lch (15, 18) T (16, 1)
COREAMMO r=5 ti=339 ammo=0 fs_ph=1 fs_live=0 under=0 wtop=0 bb=0 harv=0 ammo_target=16 ti_floor=52 chunk=16 bar=5 scale=170 arm=0 gate_ti=1 amt=16
FS GATE 5 sig (30, 30, (14, 2), (14, 26)) ok 1
FS THROW 5 from (16, 19) to (16, 13) T (16, 1)
COREAMMO r=6 ti=339 ammo=0 fs_ph=1 fs_live=0 under=0 wtop=0 bb=0 harv=0 ammo_target=16 ti_floor=52 chunk=16 bar=4 scale=160 arm=0 gate_ti=1 amt=16
FS HOPBUILD 6 at (16, 13) lch (16, 12) T (16, 1)
COREAMMO r=7 ti=307 ammo=0 fs_ph=1 fs_live=0 under=0 wtop=0 bb=0 harv=0 ammo_target=16 ti_floor=52 chunk=16 bar=5 scale=170 arm=0 gate_ti=1 amt=16
FS GATE 7 sig (30, 30, (14, 2), (14, 26)) ok 1
FS THROW 7 from (16, 13) to (16, 7) T (16, 1)
COREAMMO r=8 ti=317 ammo=0 fs_ph=1 fs_live=0 under=0 wtop=0 bb=0 harv=0 ammo_target=16 ti_floor=52 chunk=16 bar=4 scale=160 arm=0 gate_ti=1 amt=16
FS HOPBUILD 8 at (16, 7) lch (16, 6) T (16, 1)
COREAMMO r=9 ti=285 ammo=0 fs_ph=1 fs_live=0 under=0 wtop=0 bb=0 harv=0 ammo_target=16 ti_floor=52 chunk=16 bar=5 scale=170 arm=0 gate_ti=1 amt=16
FS GATE 9 sig (30, 30, (14, 2), (14, 26)) ok 1
FS THROW 9 from (16, 7) to (16, 1) T (16, 1)
COREAMMO r=10 ti=285 ammo=0 fs_ph=1 fs_live=0 under=0 wtop=0 bb=0 harv=0 ammo_target=16 ti_floor=52 chunk=16 bar=4 scale=160 arm=0 gate_ti=1 amt=16
FS PHASE 10 id 4 ph 2 d 2 at (16, 1)
FS SEAL 10 tile (15, 1) n 1
COREAMMO r=11 ti=281 ammo=0 fs_ph=2 fs_live=1 under=0 wtop=0 bb=0 harv=0 ammo_target=300 ti_floor=60 chunk=30 bar=4 scale=161 arm=1 gate_ti=1 amt=30
FS SEAL 11 tile (16, 2) n 2
COREAMMO r=12 ti=208 ammo=30 fs_ph=2 fs_live=1 under=0 wtop=0 bb=0 harv=0 ammo_target=300 ti_floor=72 chunk=30 bar=5 scale=182 arm=1 gate_ti=1 amt=30
FS SENTINEL 12 at (16, 0) face SOUTHWEST tgt (14, 2) score 8 n 1 onring 0
FS RUNG 12 id 4 r 4 hi -
FS GATE 12 sig (30, 30, (14, 2), (14, 26)) ok 1
COREAMMO r=13 ti=64 ammo=60 fs_ph=2 fs_live=1 under=0 wtop=0 bb=0 harv=0 ammo_target=300 ti_floor=84 chunk=30 bar=6 scale=222 arm=1 gate_ti=0 amt=-20
FS PHASE 13 id 4 ph 4 d 2 at (16, 1)
FS GATE 13 sig (30, 30, (14, 2), (14, 26)) ok 1
COREAMMO r=14 ti=64 ammo=50 fs_ph=4 fs_live=1 under=0 wtop=1 bb=0 harv=0 ammo_target=300 ti_floor=48 chunk=30 bar=6 scale=222 arm=1 gate_ti=1 amt=16
COREAMMO r=15 ti=48 ammo=66 fs_ph=4 fs_live=1 under=0 wtop=1 bb=0 harv=0 ammo_target=300 ti_floor=48 chunk=30 bar=6 scale=222 arm=1 gate_ti=0 amt=0
COREAMMO r=16 ti=58 ammo=56 fs_ph=4 fs_live=1 under=0 wtop=1 bb=0 harv=0 ammo_target=300 ti_floor=48 chunk=30 bar=6 scale=222 arm=1 gate_ti=1 amt=10
FS SEAL 16 tile (16, 3) n 3
COREAMMO r=17 ti=42 ammo=66 fs_ph=4 fs_live=1 under=0 wtop=1 bb=0 harv=0 ammo_target=300 ti_floor=48 chunk=30 bar=6 scale=222 arm=1 gate_ti=0 amt=-6
COREAMMO r=18 ti=42 ammo=56 fs_ph=4 fs_live=1 under=0 wtop=1 bb=0 harv=0 ammo_target=300 ti_floor=48 chunk=30 bar=6 scale=222 arm=1 gate_ti=0 amt=-6
COREAMMO r=19 ti=42 ammo=56 fs_ph=4 fs_live=1 under=0 wtop=1 bb=0 harv=0 ammo_target=300 ti_floor=48 chunk=30 bar=6 scale=222 arm=1 gate_ti=0 amt=-6
FS SEAL 19 tile (15, 4) n 4
COREAMMO r=20 ti=46 ammo=46 fs_ph=4 fs_live=1 under=0 wtop=1 bb=0 harv=0 ammo_target=300 ti_floor=48 chunk=30 bar=6 scale=223 arm=1 gate_ti=0 amt=-2
FS STAT 20 id 4 at (16, 4) need 6 orth 5 ti 46 ammo 46 sen 1 hp 22
COREAMMO r=21 ti=46 ammo=46 fs_ph=4 fs_live=1 under=0 wtop=1 bb=0 harv=0 ammo_target=300 ti_floor=48 chunk=30 bar=6 scale=223 arm=1 gate_ti=0 amt=-2
FS PHASE 21 id 4 ph 2 d 5 at (16, 5)
COREAMMO r=22 ti=46 ammo=36 fs_ph=2 fs_live=1 under=0 wtop=1 bb=0 harv=0 ammo_target=300 ti_floor=84 chunk=30 bar=6 scale=223 arm=1 gate_ti=0 amt=-38
COREAMMO r=23 ti=46 ammo=36 fs_ph=2 fs_live=1 under=0 wtop=1 bb=0 harv=0 ammo_target=300 ti_floor=84 chunk=30 bar=6 scale=223 arm=1 gate_ti=0 amt=-38
FS SEAL 23 tile (14, 4) n 5
COREAMMO r=24 ti=50 ammo=26 fs_ph=2 fs_live=1 under=0 wtop=1 bb=0 harv=0 ammo_target=300 ti_floor=84 chunk=30 bar=6 scale=224 arm=1 gate_ti=0 amt=-34
COREAMMO r=25 ti=50 ammo=26 fs_ph=2 fs_live=1 under=0 wtop=1 bb=0 harv=0 ammo_target=300 ti_floor=84 chunk=30 bar=6 scale=224 arm=1 gate_ti=0 amt=-34
COREAMMO r=26 ti=50 ammo=16 fs_ph=2 fs_live=1 under=0 wtop=1 bb=0 harv=0 ammo_target=300 ti_floor=84 chunk=30 bar=6 scale=224 arm=1 gate_ti=0 amt=-34
FS SEAL 26 tile (13, 3) n 6
COREAMMO r=27 ti=44 ammo=16 fs_ph=2 fs_live=1 under=1 wtop=1 bb=0 harv=0 ammo_target=300 ti_floor=84 chunk=30 bar=6 scale=225 arm=1 gate_ti=0 amt=-40
COREAMMO r=28 ti=54 ammo=6 fs_ph=2 fs_live=1 under=1 wtop=1 bb=0 harv=0 ammo_target=300 ti_floor=84 chunk=30 bar=6 scale=225 arm=1 gate_ti=0 amt=-30
COREAMMO r=29 ti=54 ammo=6 fs_ph=2 fs_live=1 under=1 wtop=1 bb=0 harv=0 ammo_target=300 ti_floor=84 chunk=30 bar=6 scale=225 arm=1 gate_ti=0 amt=-30
COREAMMO r=30 ti=54 ammo=6 fs_ph=2 fs_live=1 under=1 wtop=1 bb=0 harv=0 ammo_target=300 ti_floor=84 chunk=30 bar=6 scale=225 arm=1 gate_ti=0 amt=-30
FS PHASE 30 id 4 ph 4 d 4 at (12, 2)
COREAMMO r=31 ti=54 ammo=6 fs_ph=4 fs_live=1 under=1 wtop=1 bb=0 harv=0 ammo_target=300 ti_floor=48 chunk=30 bar=6 scale=225 arm=1 gate_ti=1 amt=6
FS DODGE 31 id 4 from (12, 1) to (12, 2) cov 1 -> 0 hit 0 hp 4
COREAMMO r=32 ti=58 ammo=2 fs_ph=4 fs_live=1 under=1 wtop=1 bb=0 harv=0 ammo_target=300 ti_floor=48 chunk=30 bar=6 scale=225 arm=1 gate_ti=1 amt=10
COREAMMO r=33 ti=48 ammo=12 fs_ph=4 fs_live=1 under=1 wtop=1 bb=0 harv=0 ammo_target=300 ti_floor=48 chunk=30 bar=6 scale=205 arm=1 gate_ti=0 amt=0
COREAMMO r=34 ti=48 ammo=2 fs_ph=4 fs_live=1 under=1 wtop=1 bb=0 harv=0 ammo_target=300 ti_floor=48 chunk=30 bar=6 scale=205 arm=1 gate_ti=0 amt=0
COREAMMO r=35 ti=48 ammo=2 fs_ph=4 fs_live=1 under=1 wtop=1 bb=0 harv=0 ammo_target=300 ti_floor=48 chunk=30 bar=6 scale=205 arm=1 gate_ti=0 amt=0
COREAMMO r=36 ti=58 ammo=2 fs_ph=4 fs_live=1 under=1 wtop=1 bb=0 harv=0 ammo_target=300 ti_floor=48 chunk=30 bar=6 scale=205 arm=1 gate_ti=1 amt=10
COREAMMO r=37 ti=48 ammo=2 fs_ph=4 fs_live=1 under=1 wtop=1 bb=0 harv=0 ammo_target=300 ti_floor=48 chunk=30 bar=6 scale=205 arm=1 gate_ti=0 amt=0
COREAMMO r=38 ti=48 ammo=2 fs_ph=4 fs_live=1 under=1 wtop=1 bb=0 harv=0 ammo_target=300 ti_floor=48 chunk=30 bar=6 scale=205 arm=1 gate_ti=0 amt=0
COREAMMO r=39 ti=48 ammo=2 fs_ph=4 fs_live=1 under=1 wtop=1 bb=0 harv=0 ammo_target=300 ti_floor=48 chunk=30 bar=6 scale=205 arm=1 gate_ti=0 amt=0
COREAMMO r=40 ti=58 ammo=2 fs_ph=4 fs_live=1 under=1 wtop=1 bb=0 harv=0 ammo_target=300 ti_floor=48 chunk=30 bar=6 scale=205 arm=1 gate_ti=1 amt=10
COREAMMO r=41 ti=48 ammo=2 fs_ph=4 fs_live=1 under=1 wtop=1 bb=0 harv=0 ammo_target=300 ti_floor=48 chunk=30 bar=6 scale=205 arm=1 gate_ti=0 amt=0
COREAMMO r=42 ti=48 ammo=2 fs_ph=4 fs_live=1 under=1 wtop=1 bb=0 harv=0 ammo_target=300 ti_floor=48 chunk=30 bar=6 scale=205 arm=1 gate_ti=0 amt=0
COREAMMO r=43 ti=48 ammo=2 fs_ph=4 fs_live=1 under=1 wtop=1 bb=0 harv=0 ammo_target=300 ti_floor=48 chunk=30 bar=6 scale=205 arm=1 gate_ti=0 amt=0
COREAMMO r=44 ti=58 ammo=2 fs_ph=4 fs_live=1 under=1 wtop=1 bb=0 harv=0 ammo_target=300 ti_floor=48 chunk=30 bar=6 scale=205 arm=1 gate_ti=1 amt=10
COREAMMO r=45 ti=48 ammo=2 fs_ph=4 fs_live=1 under=1 wtop=1 bb=0 harv=0 ammo_target=300 ti_floor=48 chunk=30 bar=6 scale=205 arm=1 gate_ti=0 amt=0
COREAMMO r=46 ti=7 ammo=2 fs_ph=4 fs_live=1 under=1 wtop=1 bb=0 harv=1 ammo_target=300 ti_floor=48 chunk=30 bar=6 scale=210 arm=1 gate_ti=0 amt=-41
COREAMMO r=47 ti=1 ammo=2 fs_ph=4 fs_live=1 under=1 wtop=1 bb=0 harv=1 ammo_target=300 ti_floor=48 chunk=30 bar=6 scale=211 arm=1 gate_ti=0 amt=-47
COREAMMO r=48 ti=11 ammo=2 fs_ph=4 fs_live=1 under=1 wtop=1 bb=0 harv=1 ammo_target=300 ti_floor=48 chunk=30 bar=6 scale=211 arm=1 gate_ti=0 amt=-37
COREAMMO r=49 ti=5 ammo=2 fs_ph=4 fs_live=1 under=1 wtop=1 bb=0 harv=1 ammo_target=300 ti_floor=48 chunk=30 bar=6 scale=212 arm=1 gate_ti=0 amt=-43
COREAMMO r=50 ti=5 ammo=2 fs_ph=4 fs_live=1 under=1 wtop=1 bb=0 harv=1 ammo_target=300 ti_floor=48 chunk=30 bar=6 scale=212 arm=1 gate_ti=0 amt=-43
COREAMMO r=51 ti=5 ammo=2 fs_ph=4 fs_live=1 under=1 wtop=1 bb=0 harv=1 ammo_target=300 ti_floor=48 chunk=30 bar=6 scale=212 arm=1 gate_ti=0 amt=-43
COREAMMO r=52 ti=15 ammo=2 fs_ph=4 fs_live=1 under=1 wtop=1 bb=0 harv=1 ammo_target=300 ti_floor=48 chunk=30 bar=6 scale=212 arm=1 gate_ti=0 amt=-33
COREAMMO r=53 ti=15 ammo=2 fs_ph=4 fs_live=1 under=1 wtop=1 bb=0 harv=1 ammo_target=300 ti_floor=48 chunk=30 bar=6 scale=212 arm=1 gate_ti=0 amt=-33
COREAMMO r=54 ti=9 ammo=2 fs_ph=4 fs_live=1 under=1 wtop=1 bb=0 harv=1 ammo_target=300 ti_floor=48 chunk=30 bar=6 scale=213 arm=1 gate_ti=0 amt=-39
COREAMMO r=55 ti=9 ammo=2 fs_ph=4 fs_live=1 under=1 wtop=1 bb=0 harv=1 ammo_target=300 ti_floor=48 chunk=30 bar=6 scale=213 arm=1 gate_ti=0 amt=-39
COREAMMO r=56 ti=13 ammo=2 fs_ph=4 fs_live=1 under=1 wtop=1 bb=0 harv=1 ammo_target=300 ti_floor=48 chunk=30 bar=6 scale=214 arm=1 gate_ti=0 amt=-35
COREAMMO r=57 ti=13 ammo=2 fs_ph=4 fs_live=1 under=1 wtop=1 bb=0 harv=1 ammo_target=300 ti_floor=48 chunk=30 bar=6 scale=214 arm=1 gate_ti=0 amt=-35
COREAMMO r=58 ti=7 ammo=2 fs_ph=4 fs_live=1 under=1 wtop=1 bb=0 harv=1 ammo_target=300 ti_floor=48 chunk=30 bar=6 scale=215 arm=1 gate_ti=0 amt=-41
COREAMMO r=59 ti=7 ammo=2 fs_ph=4 fs_live=1 under=1 wtop=1 bb=0 harv=1 ammo_target=300 ti_floor=48 chunk=30 bar=6 scale=215 arm=1 gate_ti=0 amt=-41
COREAMMO r=60 ti=11 ammo=2 fs_ph=4 fs_live=1 under=1 wtop=1 bb=0 harv=1 ammo_target=300 ti_floor=48 chunk=30 bar=6 scale=216 arm=1 gate_ti=0 amt=-37
COREAMMO r=61 ti=11 ammo=2 fs_ph=4 fs_live=1 under=1 wtop=1 bb=0 harv=1 ammo_target=300 ti_floor=48 chunk=30 bar=6 scale=216 arm=1 gate_ti=0 amt=-37
COREAMMO r=62 ti=5 ammo=2 fs_ph=4 fs_live=1 under=1 wtop=1 bb=0 harv=1 ammo_target=300 ti_floor=48 chunk=30 bar=6 scale=217 arm=1 gate_ti=0 amt=-43
COREAMMO r=63 ti=5 ammo=2 fs_ph=4 fs_live=1 under=1 wtop=1 bb=0 harv=1 ammo_target=300 ti_floor=48 chunk=30 bar=6 scale=217 arm=1 gate_ti=0 amt=-43
COREAMMO r=64 ti=15 ammo=2 fs_ph=4 fs_live=1 under=1 wtop=1 bb=0 harv=1 ammo_target=300 ti_floor=48 chunk=30 bar=6 scale=217 arm=1 gate_ti=0 amt=-33
COREAMMO r=65 ti=9 ammo=2 fs_ph=4 fs_live=1 under=1 wtop=1 bb=0 harv=1 ammo_target=300 ti_floor=48 chunk=30 bar=6 scale=218 arm=1 gate_ti=0 amt=-39
COREAMMO r=66 ti=9 ammo=2 fs_ph=4 fs_live=1 under=1 wtop=1 bb=0 harv=1 ammo_target=300 ti_floor=48 chunk=30 bar=6 scale=218 arm=1 gate_ti=0 amt=-39
COREAMMO r=67 ti=3 ammo=2 fs_ph=4 fs_live=1 under=1 wtop=1 bb=0 harv=1 ammo_target=300 ti_floor=48 chunk=30 bar=6 scale=219 arm=1 gate_ti=0 amt=-45
COREAMMO r=68 ti=13 ammo=2 fs_ph=4 fs_live=1 under=1 wtop=1 bb=0 harv=1 ammo_target=300 ti_floor=48 chunk=30 bar=6 scale=219 arm=1 gate_ti=0 amt=-35
COREAMMO r=69 ti=13 ammo=2 fs_ph=4 fs_live=1 under=1 wtop=1 bb=0 harv=1 ammo_target=300 ti_floor=48 chunk=30 bar=6 scale=219 arm=1 gate_ti=0 amt=-35
COREAMMO r=70 ti=13 ammo=2 fs_ph=4 fs_live=1 under=1 wtop=1 bb=0 harv=1 ammo_target=300 ti_floor=48 chunk=30 bar=6 scale=219 arm=1 gate_ti=0 amt=-35
COREAMMO r=71 ti=13 ammo=2 fs_ph=4 fs_live=1 under=1 wtop=1 bb=0 harv=1 ammo_target=300 ti_floor=48 chunk=30 bar=6 scale=219 arm=1 gate_ti=0 amt=-35
COREAMMO r=72 ti=23 ammo=2 fs_ph=4 fs_live=1 under=1 wtop=1 bb=0 harv=1 ammo_target=300 ti_floor=48 chunk=30 bar=6 scale=219 arm=1 gate_ti=0 amt=-25
COREAMMO r=73 ti=23 ammo=2 fs_ph=4 fs_live=1 under=1 wtop=1 bb=0 harv=1 ammo_target=300 ti_floor=48 chunk=30 bar=6 scale=219 arm=1 gate_ti=0 amt=-25
COREAMMO r=74 ti=23 ammo=2 fs_ph=4 fs_live=1 under=1 wtop=1 bb=0 harv=1 ammo_target=300 ti_floor=48 chunk=30 bar=6 scale=219 arm=1 gate_ti=0 amt=-25
COREAMMO r=75 ti=23 ammo=2 fs_ph=4 fs_live=1 under=1 wtop=1 bb=0 harv=1 ammo_target=300 ti_floor=48 chunk=30 bar=6 scale=219 arm=1 gate_ti=0 amt=-25
COREAMMO r=76 ti=33 ammo=2 fs_ph=4 fs_live=1 under=1 wtop=1 bb=0 harv=1 ammo_target=300 ti_floor=48 chunk=30 bar=6 scale=219 arm=1 gate_ti=0 amt=-15
COREAMMO r=77 ti=33 ammo=2 fs_ph=4 fs_live=1 under=1 wtop=1 bb=0 harv=1 ammo_target=300 ti_floor=48 chunk=30 bar=6 scale=219 arm=1 gate_ti=0 amt=-15
COREAMMO r=78 ti=33 ammo=2 fs_ph=4 fs_live=1 under=1 wtop=1 bb=0 harv=1 ammo_target=300 ti_floor=48 chunk=30 bar=6 scale=219 arm=1 gate_ti=0 amt=-15
COREAMMO r=79 ti=33 ammo=2 fs_ph=4 fs_live=1 under=1 wtop=1 bb=0 harv=1 ammo_target=300 ti_floor=48 chunk=30 bar=6 scale=219 arm=1 gate_ti=0 amt=-15
COREAMMO r=80 ti=43 ammo=2 fs_ph=4 fs_live=1 under=1 wtop=1 bb=0 harv=1 ammo_target=300 ti_floor=48 chunk=30 bar=6 scale=219 arm=1 gate_ti=0 amt=-5
COREAMMO r=81 ti=0 ammo=2 fs_ph=4 fs_live=1 under=1 wtop=1 bb=0 harv=2 ammo_target=300 ti_floor=48 chunk=30 bar=6 scale=224 arm=1 gate_ti=0 amt=-48
COREAMMO r=82 ti=0 ammo=2 fs_ph=4 fs_live=1 under=1 wtop=1 bb=0 harv=2 ammo_target=300 ti_floor=48 chunk=30 bar=6 scale=224 arm=1 gate_ti=0 amt=-48
COREAMMO r=83 ti=0 ammo=2 fs_ph=4 fs_live=1 under=1 wtop=1 bb=0 harv=2 ammo_target=300 ti_floor=48 chunk=30 bar=6 scale=224 arm=1 gate_ti=0 amt=-48
COREAMMO r=84 ti=10 ammo=2 fs_ph=4 fs_live=1 under=1 wtop=1 bb=0 harv=2 ammo_target=300 ti_floor=48 chunk=30 bar=6 scale=224 arm=1 gate_ti=0 amt=-38
COREAMMO r=85 ti=4 ammo=2 fs_ph=4 fs_live=1 under=1 wtop=1 bb=0 harv=2 ammo_target=300 ti_floor=48 chunk=30 bar=6 scale=225 arm=1 gate_ti=0 amt=-44
COREAMMO r=86 ti=4 ammo=2 fs_ph=4 fs_live=1 under=1 wtop=1 bb=0 harv=2 ammo_target=300 ti_floor=48 chunk=30 bar=6 scale=225 arm=1 gate_ti=0 amt=-44
COREAMMO r=87 ti=4 ammo=2 fs_ph=4 fs_live=1 under=1 wtop=1 bb=0 harv=2 ammo_target=300 ti_floor=48 chunk=30 bar=6 scale=225 arm=1 gate_ti=0 amt=-44
COREAMMO r=88 ti=14 ammo=2 fs_ph=4 fs_live=1 under=1 wtop=1 bb=0 harv=2 ammo_target=300 ti_floor=48 chunk=30 bar=6 scale=225 arm=1 gate_ti=0 amt=-34
COREAMMO r=89 ti=8 ammo=2 fs_ph=4 fs_live=1 under=1 wtop=1 bb=0 harv=2 ammo_target=300 ti_floor=48 chunk=30 bar=6 scale=226 arm=1 gate_ti=0 amt=-40
COREAMMO r=90 ti=8 ammo=2 fs_ph=4 fs_live=1 under=1 wtop=1 bb=0 harv=2 ammo_target=300 ti_floor=48 chunk=30 bar=6 scale=226 arm=1 gate_ti=0 amt=-40
COREAMMO r=91 ti=2 ammo=2 fs_ph=4 fs_live=1 under=1 wtop=1 bb=0 harv=2 ammo_target=300 ti_floor=48 chunk=30 bar=6 scale=227 arm=1 gate_ti=0 amt=-46
COREAMMO r=92 ti=12 ammo=2 fs_ph=4 fs_live=1 under=1 wtop=1 bb=0 harv=2 ammo_target=300 ti_floor=48 chunk=30 bar=6 scale=227 arm=1 gate_ti=0 amt=-36
COREAMMO r=93 ti=12 ammo=2 fs_ph=4 fs_live=1 under=1 wtop=1 bb=0 harv=2 ammo_target=300 ti_floor=48 chunk=30 bar=6 scale=227 arm=1 gate_ti=0 amt=-36
COREAMMO r=94 ti=12 ammo=2 fs_ph=4 fs_live=1 under=1 wtop=1 bb=0 harv=2 ammo_target=300 ti_floor=48 chunk=30 bar=6 scale=227 arm=1 gate_ti=0 amt=-36
COREAMMO r=95 ti=12 ammo=2 fs_ph=4 fs_live=1 under=1 wtop=1 bb=0 harv=2 ammo_target=300 ti_floor=48 chunk=30 bar=6 scale=227 arm=1 gate_ti=0 amt=-36
COREAMMO r=96 ti=22 ammo=2 fs_ph=4 fs_live=1 under=1 wtop=1 bb=0 harv=2 ammo_target=300 ti_floor=48 chunk=30 bar=6 scale=227 arm=1 gate_ti=0 amt=-26
COREAMMO r=97 ti=22 ammo=2 fs_ph=4 fs_live=1 under=1 wtop=1 bb=0 harv=2 ammo_target=300 ti_floor=48 chunk=30 bar=6 scale=227 arm=1 gate_ti=0 amt=-26
COREAMMO r=98 ti=22 ammo=2 fs_ph=4 fs_live=1 under=1 wtop=1 bb=0 harv=2 ammo_target=300 ti_floor=48 chunk=30 bar=6 scale=227 arm=1 gate_ti=0 amt=-26
COREAMMO r=99 ti=22 ammo=2 fs_ph=4 fs_live=1 under=1 wtop=1 bb=0 harv=2 ammo_target=300 ti_floor=48 chunk=30 bar=6 scale=227 arm=1 gate_ti=0 amt=-26
COREAMMO r=100 ti=32 ammo=2 fs_ph=4 fs_live=1 under=1 wtop=1 bb=0 harv=2 ammo_target=300 ti_floor=48 chunk=30 bar=6 scale=227 arm=1 gate_ti=0 amt=-16
COREAMMO r=101 ti=32 ammo=2 fs_ph=4 fs_live=1 under=1 wtop=1 bb=0 harv=2 ammo_target=300 ti_floor=48 chunk=30 bar=6 scale=227 arm=1 gate_ti=0 amt=-16
COREAMMO r=102 ti=32 ammo=2 fs_ph=4 fs_live=1 under=1 wtop=1 bb=0 harv=2 ammo_target=300 ti_floor=48 chunk=30 bar=6 scale=227 arm=1 gate_ti=0 amt=-16
COREAMMO r=103 ti=32 ammo=2 fs_ph=4 fs_live=1 under=1 wtop=1 bb=0 harv=2 ammo_target=300 ti_floor=48 chunk=30 bar=6 scale=227 arm=1 gate_ti=0 amt=-16
COREAMMO r=104 ti=42 ammo=2 fs_ph=4 fs_live=1 under=1 wtop=1 bb=0 harv=2 ammo_target=300 ti_floor=48 chunk=30 bar=6 scale=227 arm=1 gate_ti=0 amt=-6
COREAMMO r=105 ti=42 ammo=2 fs_ph=4 fs_live=1 under=1 wtop=1 bb=0 harv=2 ammo_target=300 ti_floor=48 chunk=30 bar=6 scale=227 arm=1 gate_ti=0 amt=-6
COREAMMO r=106 ti=42 ammo=2 fs_ph=4 fs_live=1 under=1 wtop=1 bb=0 harv=2 ammo_target=300 ti_floor=48 chunk=30 bar=6 scale=227 arm=1 gate_ti=0 amt=-6
COREAMMO r=107 ti=42 ammo=2 fs_ph=4 fs_live=1 under=1 wtop=1 bb=0 harv=2 ammo_target=300 ti_floor=48 chunk=30 bar=6 scale=227 arm=1 gate_ti=0 amt=-6
COREAMMO r=108 ti=52 ammo=2 fs_ph=4 fs_live=1 under=1 wtop=1 bb=0 harv=2 ammo_target=300 ti_floor=48 chunk=30 bar=6 scale=227 arm=1 gate_ti=1 amt=4
COREAMMO r=109 ti=3 ammo=6 fs_ph=4 fs_live=1 under=1 wtop=1 bb=0 harv=3 ammo_target=300 ti_floor=48 chunk=30 bar=6 scale=232 arm=1 gate_ti=0 amt=-45
COREAMMO r=110 ti=3 ammo=6 fs_ph=4 fs_live=1 under=1 wtop=1 bb=0 harv=3 ammo_target=300 ti_floor=48 chunk=30 bar=6 scale=232 arm=1 gate_ti=0 amt=-45
COREAMMO r=111 ti=3 ammo=6 fs_ph=4 fs_live=1 under=1 wtop=1 bb=0 harv=3 ammo_target=300 ti_floor=48 chunk=30 bar=6 scale=232 arm=1 gate_ti=0 amt=-45
COREAMMO r=112 ti=13 ammo=6 fs_ph=4 fs_live=1 under=1 wtop=1 bb=0 harv=3 ammo_target=300 ti_floor=48 chunk=30 bar=6 scale=232 arm=1 gate_ti=0 amt=-35
COREAMMO r=113 ti=13 ammo=6 fs_ph=4 fs_live=1 under=1 wtop=1 bb=0 harv=3 ammo_target=300 ti_floor=48 chunk=30 bar=6 scale=232 arm=1 gate_ti=0 amt=-35
COREAMMO r=114 ti=13 ammo=6 fs_ph=4 fs_live=1 under=1 wtop=1 bb=0 harv=3 ammo_target=300 ti_floor=48 chunk=30 bar=6 scale=232 arm=1 gate_ti=0 amt=-35
COREAMMO r=115 ti=13 ammo=6 fs_ph=4 fs_live=1 under=1 wtop=1 bb=0 harv=3 ammo_target=300 ti_floor=48 chunk=30 bar=6 scale=232 arm=1 gate_ti=0 amt=-35
COREAMMO r=116 ti=23 ammo=6 fs_ph=4 fs_live=1 under=1 wtop=1 bb=0 harv=3 ammo_target=300 ti_floor=48 chunk=30 bar=6 scale=232 arm=1 gate_ti=0 amt=-25
COREAMMO r=117 ti=23 ammo=6 fs_ph=4 fs_live=1 under=1 wtop=1 bb=0 harv=3 ammo_target=300 ti_floor=48 chunk=30 bar=6 scale=232 arm=1 gate_ti=0 amt=-25
COREAMMO r=118 ti=23 ammo=6 fs_ph=4 fs_live=1 under=1 wtop=1 bb=0 harv=3 ammo_target=300 ti_floor=48 chunk=30 bar=6 scale=232 arm=1 gate_ti=0 amt=-25
COREAMMO r=119 ti=17 ammo=6 fs_ph=4 fs_live=1 under=1 wtop=1 bb=0 harv=3 ammo_target=300 ti_floor=48 chunk=30 bar=6 scale=233 arm=1 gate_ti=0 amt=-31
COREAMMO r=120 ti=27 ammo=6 fs_ph=4 fs_live=1 under=1 wtop=1 bb=0 harv=3 ammo_target=300 ti_floor=48 chunk=30 bar=6 scale=233 arm=1 gate_ti=0 amt=-21
COREAMMO r=121 ti=21 ammo=6 fs_ph=4 fs_live=1 under=1 wtop=1 bb=0 harv=3 ammo_target=300 ti_floor=56 chunk=30 bar=7 scale=234 arm=1 gate_ti=0 amt=-35
COREAMMO r=122 ti=21 ammo=6 fs_ph=4 fs_live=1 under=1 wtop=1 bb=0 harv=3 ammo_target=300 ti_floor=56 chunk=30 bar=7 scale=234 arm=1 gate_ti=0 amt=-35
COREAMMO r=123 ti=21 ammo=6 fs_ph=4 fs_live=1 under=1 wtop=1 bb=0 harv=3 ammo_target=300 ti_floor=56 chunk=30 bar=7 scale=234 arm=1 gate_ti=0 amt=-35
COREAMMO r=124 ti=31 ammo=6 fs_ph=4 fs_live=1 under=1 wtop=1 bb=0 harv=3 ammo_target=300 ti_floor=56 chunk=30 bar=7 scale=234 arm=1 gate_ti=0 amt=-25
COREAMMO r=125 ti=24 ammo=6 fs_ph=4 fs_live=1 under=1 wtop=1 bb=0 harv=3 ammo_target=300 ti_floor=56 chunk=30 bar=7 scale=235 arm=1 gate_ti=0 amt=-32
COREAMMO r=126 ti=24 ammo=6 fs_ph=4 fs_live=1 under=1 wtop=1 bb=0 harv=3 ammo_target=300 ti_floor=56 chunk=30 bar=7 scale=235 arm=1 gate_ti=0 amt=-32
COREAMMO r=127 ti=17 ammo=6 fs_ph=4 fs_live=1 under=1 wtop=1 bb=0 harv=3 ammo_target=300 ti_floor=56 chunk=30 bar=7 scale=236 arm=1 gate_ti=0 amt=-39
COREAMMO r=128 ti=27 ammo=6 fs_ph=4 fs_live=1 under=1 wtop=1 bb=0 harv=3 ammo_target=300 ti_floor=56 chunk=30 bar=7 scale=236 arm=1 gate_ti=0 amt=-29
COREAMMO r=129 ti=20 ammo=6 fs_ph=4 fs_live=1 under=1 wtop=1 bb=0 harv=3 ammo_target=300 ti_floor=56 chunk=30 bar=7 scale=237 arm=1 gate_ti=0 amt=-36
COREAMMO r=130 ti=20 ammo=6 fs_ph=4 fs_live=1 under=1 wtop=1 bb=0 harv=3 ammo_target=300 ti_floor=56 chunk=30 bar=7 scale=237 arm=1 gate_ti=0 amt=-36
COREAMMO r=131 ti=20 ammo=6 fs_ph=4 fs_live=1 under=1 wtop=1 bb=0 harv=3 ammo_target=300 ti_floor=56 chunk=30 bar=7 scale=237 arm=1 gate_ti=0 amt=-36
COREAMMO r=132 ti=30 ammo=6 fs_ph=4 fs_live=1 under=1 wtop=1 bb=0 harv=3 ammo_target=300 ti_floor=56 chunk=30 bar=7 scale=237 arm=1 gate_ti=0 amt=-26
COREAMMO r=133 ti=23 ammo=6 fs_ph=4 fs_live=1 under=1 wtop=1 bb=0 harv=3 ammo_target=300 ti_floor=56 chunk=30 bar=7 scale=238 arm=1 gate_ti=0 amt=-33
COREAMMO r=134 ti=23 ammo=6 fs_ph=4 fs_live=1 under=1 wtop=1 bb=0 harv=3 ammo_target=300 ti_floor=56 chunk=30 bar=7 scale=238 arm=1 gate_ti=0 amt=-33
COREAMMO r=135 ti=16 ammo=6 fs_ph=4 fs_live=1 under=1 wtop=1 bb=0 harv=3 ammo_target=300 ti_floor=56 chunk=30 bar=7 scale=239 arm=1 gate_ti=0 amt=-40
COREAMMO r=136 ti=26 ammo=6 fs_ph=4 fs_live=1 under=1 wtop=1 bb=0 harv=3 ammo_target=300 ti_floor=56 chunk=30 bar=7 scale=239 arm=1 gate_ti=0 amt=-30
COREAMMO r=137 ti=19 ammo=6 fs_ph=4 fs_live=1 under=1 wtop=1 bb=0 harv=3 ammo_target=300 ti_floor=56 chunk=30 bar=7 scale=240 arm=1 gate_ti=0 amt=-37
COREAMMO r=138 ti=19 ammo=6 fs_ph=4 fs_live=1 under=1 wtop=1 bb=0 harv=3 ammo_target=300 ti_floor=56 chunk=30 bar=7 scale=240 arm=1 gate_ti=0 amt=-37
COREAMMO r=139 ti=19 ammo=6 fs_ph=4 fs_live=1 under=1 wtop=1 bb=0 harv=3 ammo_target=300 ti_floor=56 chunk=30 bar=7 scale=240 arm=1 gate_ti=0 amt=-37
COREAMMO r=140 ti=29 ammo=6 fs_ph=4 fs_live=1 under=1 wtop=1 bb=0 harv=3 ammo_target=300 ti_floor=56 chunk=30 bar=7 scale=240 arm=1 gate_ti=0 amt=-27
COREAMMO r=141 ti=22 ammo=6 fs_ph=4 fs_live=1 under=1 wtop=1 bb=0 harv=3 ammo_target=300 ti_floor=56 chunk=30 bar=7 scale=241 arm=1 gate_ti=0 amt=-34
COREAMMO r=142 ti=22 ammo=6 fs_ph=4 fs_live=1 under=1 wtop=1 bb=0 harv=3 ammo_target=300 ti_floor=56 chunk=30 bar=7 scale=241 arm=1 gate_ti=0 amt=-34
COREAMMO r=143 ti=22 ammo=6 fs_ph=4 fs_live=1 under=1 wtop=1 bb=0 harv=3 ammo_target=300 ti_floor=56 chunk=30 bar=7 scale=241 arm=1 gate_ti=0 amt=-34
COREAMMO r=144 ti=32 ammo=6 fs_ph=4 fs_live=1 under=1 wtop=1 bb=0 harv=3 ammo_target=300 ti_floor=56 chunk=30 bar=7 scale=241 arm=1 gate_ti=0 amt=-24
COREAMMO r=145 ti=25 ammo=6 fs_ph=4 fs_live=1 under=1 wtop=1 bb=0 harv=3 ammo_target=300 ti_floor=56 chunk=30 bar=7 scale=242 arm=1 gate_ti=0 amt=-31
COREAMMO r=146 ti=25 ammo=6 fs_ph=4 fs_live=1 under=1 wtop=1 bb=0 harv=3 ammo_target=300 ti_floor=56 chunk=30 bar=7 scale=242 arm=1 gate_ti=0 amt=-31
COREAMMO r=147 ti=18 ammo=6 fs_ph=4 fs_live=1 under=1 wtop=1 bb=0 harv=3 ammo_target=300 ti_floor=56 chunk=30 bar=7 scale=243 arm=1 gate_ti=0 amt=-38
COREAMMO r=148 ti=28 ammo=6 fs_ph=4 fs_live=1 under=1 wtop=1 bb=0 harv=3 ammo_target=300 ti_floor=56 chunk=30 bar=7 scale=243 arm=1 gate_ti=0 amt=-28
COREAMMO r=149 ti=21 ammo=6 fs_ph=4 fs_live=1 under=1 wtop=1 bb=0 harv=3 ammo_target=300 ti_floor=56 chunk=30 bar=7 scale=244 arm=1 gate_ti=0 amt=-35
COREAMMO r=150 ti=21 ammo=6 fs_ph=4 fs_live=1 under=1 wtop=1 bb=0 harv=3 ammo_target=300 ti_floor=56 chunk=30 bar=7 scale=244 arm=1 gate_ti=0 amt=-35
COREAMMO r=151 ti=21 ammo=6 fs_ph=4 fs_live=1 under=1 wtop=1 bb=0 harv=3 ammo_target=300 ti_floor=56 chunk=30 bar=7 scale=244 arm=1 gate_ti=0 amt=-35
COREAMMO r=152 ti=31 ammo=6 fs_ph=4 fs_live=1 under=1 wtop=1 bb=0 harv=3 ammo_target=300 ti_floor=56 chunk=30 bar=7 scale=244 arm=1 gate_ti=0 amt=-25
COREAMMO r=153 ti=31 ammo=6 fs_ph=4 fs_live=1 under=1 wtop=1 bb=0 harv=3 ammo_target=300 ti_floor=56 chunk=30 bar=7 scale=244 arm=1 gate_ti=0 amt=-25
COREAMMO r=154 ti=31 ammo=6 fs_ph=4 fs_live=1 under=1 wtop=1 bb=0 harv=3 ammo_target=300 ti_floor=56 chunk=30 bar=7 scale=244 arm=1 gate_ti=0 amt=-25
COREAMMO r=155 ti=31 ammo=6 fs_ph=4 fs_live=1 under=1 wtop=1 bb=0 harv=3 ammo_target=300 ti_floor=56 chunk=30 bar=7 scale=244 arm=1 gate_ti=0 amt=-25
COREAMMO r=156 ti=41 ammo=6 fs_ph=4 fs_live=1 under=1 wtop=1 bb=0 harv=3 ammo_target=300 ti_floor=56 chunk=30 bar=7 scale=244 arm=1 gate_ti=0 amt=-15
COREAMMO r=157 ti=41 ammo=6 fs_ph=4 fs_live=1 under=1 wtop=1 bb=0 harv=3 ammo_target=300 ti_floor=56 chunk=30 bar=7 scale=244 arm=1 gate_ti=0 amt=-15
COREAMMO r=158 ti=41 ammo=6 fs_ph=4 fs_live=1 under=1 wtop=1 bb=0 harv=3 ammo_target=300 ti_floor=56 chunk=30 bar=7 scale=244 arm=1 gate_ti=0 amt=-15
COREAMMO r=159 ti=41 ammo=6 fs_ph=4 fs_live=1 under=1 wtop=1 bb=0 harv=3 ammo_target=300 ti_floor=56 chunk=30 bar=7 scale=244 arm=1 gate_ti=0 amt=-15
COREAMMO r=160 ti=51 ammo=6 fs_ph=4 fs_live=1 under=1 wtop=1 bb=0 harv=3 ammo_target=300 ti_floor=56 chunk=30 bar=7 scale=244 arm=1 gate_ti=0 amt=-5
COREAMMO r=161 ti=51 ammo=6 fs_ph=4 fs_live=1 under=1 wtop=1 bb=0 harv=3 ammo_target=300 ti_floor=56 chunk=30 bar=7 scale=244 arm=1 gate_ti=0 amt=-5
COREAMMO r=162 ti=51 ammo=6 fs_ph=4 fs_live=1 under=1 wtop=1 bb=0 harv=3 ammo_target=300 ti_floor=56 chunk=30 bar=7 scale=244 arm=1 gate_ti=0 amt=-5
COREAMMO r=163 ti=51 ammo=6 fs_ph=4 fs_live=1 under=1 wtop=1 bb=0 harv=3 ammo_target=300 ti_floor=56 chunk=30 bar=7 scale=244 arm=1 gate_ti=0 amt=-5
COREAMMO r=164 ti=61 ammo=6 fs_ph=4 fs_live=1 under=1 wtop=1 bb=0 harv=3 ammo_target=300 ti_floor=56 chunk=30 bar=7 scale=244 arm=1 gate_ti=1 amt=5
COREAMMO r=165 ti=56 ammo=1 fs_ph=4 fs_live=1 under=1 wtop=1 bb=0 harv=3 ammo_target=300 ti_floor=56 chunk=30 bar=7 scale=244 arm=1 gate_ti=0 amt=0
COREAMMO r=166 ti=56 ammo=1 fs_ph=4 fs_live=1 under=1 wtop=1 bb=0 harv=3 ammo_target=300 ti_floor=56 chunk=30 bar=7 scale=244 arm=1 gate_ti=0 amt=0
COREAMMO r=167 ti=56 ammo=1 fs_ph=4 fs_live=1 under=1 wtop=1 bb=0 harv=3 ammo_target=300 ti_floor=56 chunk=30 bar=7 scale=244 arm=1 gate_ti=0 amt=0
COREAMMO r=168 ti=66 ammo=1 fs_ph=4 fs_live=1 under=1 wtop=1 bb=0 harv=3 ammo_target=300 ti_floor=56 chunk=30 bar=7 scale=244 arm=1 gate_ti=1 amt=10
COREAMMO r=169 ti=56 ammo=1 fs_ph=4 fs_live=1 under=1 wtop=1 bb=0 harv=3 ammo_target=300 ti_floor=56 chunk=30 bar=7 scale=244 arm=1 gate_ti=0 amt=0
COREAMMO r=170 ti=56 ammo=1 fs_ph=4 fs_live=1 under=1 wtop=1 bb=0 harv=3 ammo_target=300 ti_floor=56 chunk=30 bar=7 scale=244 arm=1 gate_ti=0 amt=0
COREAMMO r=171 ti=56 ammo=1 fs_ph=4 fs_live=1 under=1 wtop=1 bb=0 harv=3 ammo_target=300 ti_floor=56 chunk=30 bar=7 scale=244 arm=1 gate_ti=0 amt=0
COREAMMO r=172 ti=66 ammo=1 fs_ph=4 fs_live=1 under=1 wtop=1 bb=0 harv=3 ammo_target=300 ti_floor=56 chunk=30 bar=7 scale=244 arm=1 gate_ti=1 amt=10
COREAMMO r=173 ti=56 ammo=1 fs_ph=4 fs_live=1 under=1 wtop=1 bb=0 harv=3 ammo_target=300 ti_floor=56 chunk=30 bar=7 scale=244 arm=1 gate_ti=0 amt=0
COREAMMO r=174 ti=56 ammo=1 fs_ph=4 fs_live=1 under=1 wtop=1 bb=0 harv=3 ammo_target=300 ti_floor=56 chunk=30 bar=7 scale=244 arm=1 gate_ti=0 amt=0
COREAMMO r=175 ti=56 ammo=1 fs_ph=4 fs_live=1 under=1 wtop=1 bb=0 harv=3 ammo_target=300 ti_floor=56 chunk=30 bar=7 scale=244 arm=1 gate_ti=0 amt=0
COREAMMO r=176 ti=66 ammo=1 fs_ph=4 fs_live=1 under=1 wtop=1 bb=0 harv=3 ammo_target=300 ti_floor=56 chunk=30 bar=7 scale=244 arm=1 gate_ti=1 amt=10
COREAMMO r=177 ti=56 ammo=1 fs_ph=4 fs_live=1 under=1 wtop=1 bb=0 harv=3 ammo_target=300 ti_floor=56 chunk=30 bar=7 scale=244 arm=1 gate_ti=0 amt=0
COREAMMO r=178 ti=56 ammo=1 fs_ph=4 fs_live=1 under=1 wtop=1 bb=0 harv=3 ammo_target=300 ti_floor=56 chunk=30 bar=7 scale=244 arm=1 gate_ti=0 amt=0
COREAMMO r=179 ti=56 ammo=1 fs_ph=4 fs_live=1 under=1 wtop=1 bb=0 harv=3 ammo_target=300 ti_floor=56 chunk=30 bar=7 scale=244 arm=1 gate_ti=0 amt=0
COREAMMO r=180 ti=66 ammo=1 fs_ph=4 fs_live=1 under=1 wtop=1 bb=0 harv=3 ammo_target=300 ti_floor=56 chunk=30 bar=7 scale=244 arm=1 gate_ti=1 amt=10
COREAMMO r=181 ti=56 ammo=1 fs_ph=4 fs_live=1 under=1 wtop=1 bb=0 harv=3 ammo_target=300 ti_floor=56 chunk=30 bar=7 scale=244 arm=1 gate_ti=0 amt=0
COREAMMO r=182 ti=56 ammo=1 fs_ph=4 fs_live=1 under=1 wtop=1 bb=0 harv=3 ammo_target=300 ti_floor=56 chunk=30 bar=7 scale=244 arm=1 gate_ti=0 amt=0
COREAMMO r=183 ti=56 ammo=1 fs_ph=4 fs_live=1 under=1 wtop=1 bb=0 harv=3 ammo_target=300 ti_floor=56 chunk=30 bar=7 scale=244 arm=1 gate_ti=0 amt=0
COREAMMO r=184 ti=66 ammo=1 fs_ph=4 fs_live=1 under=1 wtop=1 bb=0 harv=3 ammo_target=300 ti_floor=56 chunk=30 bar=7 scale=244 arm=1 gate_ti=1 amt=10
COREAMMO r=185 ti=56 ammo=1 fs_ph=4 fs_live=1 under=1 wtop=1 bb=0 harv=3 ammo_target=300 ti_floor=56 chunk=30 bar=7 scale=244 arm=1 gate_ti=0 amt=0
COREAMMO r=186 ti=56 ammo=1 fs_ph=4 fs_live=1 under=1 wtop=1 bb=0 harv=3 ammo_target=300 ti_floor=56 chunk=30 bar=7 scale=244 arm=1 gate_ti=0 amt=0
COREAMMO r=187 ti=56 ammo=1 fs_ph=4 fs_live=1 under=1 wtop=1 bb=0 harv=3 ammo_target=300 ti_floor=56 chunk=30 bar=7 scale=244 arm=1 gate_ti=0 amt=0
COREAMMO r=188 ti=66 ammo=1 fs_ph=4 fs_live=1 under=1 wtop=1 bb=0 harv=3 ammo_target=300 ti_floor=56 chunk=30 bar=7 scale=244 arm=1 gate_ti=1 amt=10
COREAMMO r=189 ti=56 ammo=1 fs_ph=4 fs_live=1 under=1 wtop=1 bb=0 harv=3 ammo_target=300 ti_floor=56 chunk=30 bar=7 scale=244 arm=1 gate_ti=0 amt=0
COREAMMO r=190 ti=56 ammo=1 fs_ph=4 fs_live=1 under=1 wtop=1 bb=0 harv=3 ammo_target=300 ti_floor=56 chunk=30 bar=7 scale=244 arm=1 gate_ti=0 amt=0
COREAMMO r=191 ti=56 ammo=1 fs_ph=4 fs_live=1 under=1 wtop=1 bb=0 harv=3 ammo_target=300 ti_floor=56 chunk=30 bar=7 scale=244 arm=1 gate_ti=0 amt=0
COREAMMO r=192 ti=66 ammo=1 fs_ph=4 fs_live=1 under=1 wtop=1 bb=0 harv=3 ammo_target=300 ti_floor=56 chunk=30 bar=7 scale=244 arm=1 gate_ti=1 amt=10
COREAMMO r=193 ti=56 ammo=1 fs_ph=4 fs_live=1 under=1 wtop=1 bb=0 harv=3 ammo_target=300 ti_floor=56 chunk=30 bar=7 scale=244 arm=1 gate_ti=0 amt=0
COREAMMO r=194 ti=56 ammo=1 fs_ph=4 fs_live=1 under=1 wtop=1 bb=0 harv=3 ammo_target=300 ti_floor=56 chunk=30 bar=7 scale=244 arm=1 gate_ti=0 amt=0
COREAMMO r=195 ti=56 ammo=1 fs_ph=4 fs_live=1 under=1 wtop=1 bb=0 harv=3 ammo_target=300 ti_floor=56 chunk=30 bar=7 scale=244 arm=1 gate_ti=0 amt=0
COREAMMO r=196 ti=66 ammo=1 fs_ph=4 fs_live=1 under=1 wtop=1 bb=0 harv=3 ammo_target=300 ti_floor=56 chunk=30 bar=7 scale=244 arm=1 gate_ti=1 amt=10
COREAMMO r=197 ti=56 ammo=1 fs_ph=4 fs_live=1 under=1 wtop=1 bb=0 harv=3 ammo_target=300 ti_floor=56 chunk=30 bar=7 scale=244 arm=1 gate_ti=0 amt=0
COREAMMO r=198 ti=56 ammo=1 fs_ph=4 fs_live=1 under=1 wtop=1 bb=0 harv=3 ammo_target=300 ti_floor=56 chunk=30 bar=7 scale=244 arm=1 gate_ti=0 amt=0
COREAMMO r=199 ti=56 ammo=1 fs_ph=4 fs_live=1 under=1 wtop=1 bb=0 harv=3 ammo_target=300 ti_floor=56 chunk=30 bar=7 scale=244 arm=1 gate_ti=0 amt=0
COREAMMO r=200 ti=66 ammo=1 fs_ph=4 fs_live=1 under=1 wtop=1 bb=0 harv=3 ammo_target=300 ti_floor=56 chunk=30 bar=7 scale=244 arm=1 gate_ti=1 amt=10
COREAMMO r=201 ti=56 ammo=1 fs_ph=4 fs_live=1 under=1 wtop=1 bb=0 harv=3 ammo_target=300 ti_floor=56 chunk=30 bar=7 scale=244 arm=1 gate_ti=0 amt=0
COREAMMO r=202 ti=56 ammo=1 fs_ph=4 fs_live=1 under=1 wtop=1 bb=0 harv=3 ammo_target=300 ti_floor=56 chunk=30 bar=7 scale=244 arm=1 gate_ti=0 amt=0
COREAMMO r=203 ti=56 ammo=1 fs_ph=4 fs_live=1 under=1 wtop=1 bb=0 harv=3 ammo_target=300 ti_floor=56 chunk=30 bar=7 scale=244 arm=1 gate_ti=0 amt=0
COREAMMO r=204 ti=66 ammo=1 fs_ph=4 fs_live=1 under=1 wtop=1 bb=0 harv=3 ammo_target=300 ti_floor=56 chunk=30 bar=7 scale=244 arm=1 gate_ti=1 amt=10
COREAMMO r=205 ti=56 ammo=1 fs_ph=4 fs_live=1 under=1 wtop=1 bb=0 harv=3 ammo_target=300 ti_floor=56 chunk=30 bar=7 scale=244 arm=1 gate_ti=0 amt=0
COREAMMO r=206 ti=56 ammo=1 fs_ph=4 fs_live=1 under=1 wtop=1 bb=0 harv=3 ammo_target=300 ti_floor=56 chunk=30 bar=7 scale=244 arm=1 gate_ti=0 amt=0
COREAMMO r=207 ti=56 ammo=1 fs_ph=4 fs_live=1 under=1 wtop=1 bb=0 harv=3 ammo_target=300 ti_floor=56 chunk=30 bar=7 scale=244 arm=1 gate_ti=0 amt=0
COREAMMO r=208 ti=66 ammo=1 fs_ph=4 fs_live=1 under=1 wtop=1 bb=0 harv=3 ammo_target=300 ti_floor=56 chunk=30 bar=7 scale=244 arm=1 gate_ti=1 amt=10
COREAMMO r=209 ti=56 ammo=1 fs_ph=4 fs_live=1 under=1 wtop=1 bb=0 harv=3 ammo_target=300 ti_floor=56 chunk=30 bar=7 scale=244 arm=1 gate_ti=0 amt=0
COREAMMO r=210 ti=56 ammo=1 fs_ph=4 fs_live=1 under=1 wtop=1 bb=0 harv=3 ammo_target=300 ti_floor=56 chunk=30 bar=7 scale=244 arm=1 gate_ti=0 amt=0
COREAMMO r=211 ti=56 ammo=1 fs_ph=4 fs_live=1 under=1 wtop=1 bb=0 harv=3 ammo_target=300 ti_floor=56 chunk=30 bar=7 scale=244 arm=1 gate_ti=0 amt=0
COREAMMO r=212 ti=66 ammo=1 fs_ph=4 fs_live=1 under=1 wtop=1 bb=0 harv=3 ammo_target=300 ti_floor=56 chunk=30 bar=7 scale=244 arm=1 gate_ti=1 amt=10
COREAMMO r=213 ti=56 ammo=1 fs_ph=4 fs_live=1 under=1 wtop=1 bb=0 harv=3 ammo_target=300 ti_floor=56 chunk=30 bar=7 scale=244 arm=1 gate_ti=0 amt=0
COREAMMO r=214 ti=56 ammo=1 fs_ph=4 fs_live=1 under=1 wtop=1 bb=0 harv=3 ammo_target=300 ti_floor=56 chunk=30 bar=7 scale=244 arm=1 gate_ti=0 amt=0
COREAMMO r=215 ti=56 ammo=1 fs_ph=4 fs_live=1 under=1 wtop=1 bb=0 harv=3 ammo_target=300 ti_floor=56 chunk=30 bar=7 scale=244 arm=1 gate_ti=0 amt=0
COREAMMO r=216 ti=66 ammo=1 fs_ph=4 fs_live=1 under=1 wtop=1 bb=0 harv=3 ammo_target=300 ti_floor=56 chunk=30 bar=7 scale=244 arm=1 gate_ti=1 amt=10
COREAMMO r=217 ti=56 ammo=1 fs_ph=4 fs_live=1 under=1 wtop=1 bb=0 harv=3 ammo_target=300 ti_floor=56 chunk=30 bar=7 scale=244 arm=1 gate_ti=0 amt=0
COREAMMO r=218 ti=56 ammo=1 fs_ph=4 fs_live=1 under=1 wtop=1 bb=0 harv=3 ammo_target=300 ti_floor=56 chunk=30 bar=7 scale=244 arm=1 gate_ti=0 amt=0
COREAMMO r=219 ti=56 ammo=1 fs_ph=4 fs_live=1 under=1 wtop=1 bb=0 harv=3 ammo_target=300 ti_floor=56 chunk=30 bar=7 scale=244 arm=1 gate_ti=0 amt=0
COREAMMO r=220 ti=66 ammo=1 fs_ph=4 fs_live=1 under=1 wtop=1 bb=0 harv=3 ammo_target=300 ti_floor=56 chunk=30 bar=7 scale=244 arm=1 gate_ti=1 amt=10
COREAMMO r=221 ti=56 ammo=1 fs_ph=4 fs_live=1 under=1 wtop=1 bb=0 harv=3 ammo_target=300 ti_floor=56 chunk=30 bar=7 scale=244 arm=1 gate_ti=0 amt=0
COREAMMO r=222 ti=56 ammo=1 fs_ph=4 fs_live=1 under=1 wtop=1 bb=0 harv=3 ammo_target=300 ti_floor=56 chunk=30 bar=7 scale=244 arm=1 gate_ti=0 amt=0
COREAMMO r=223 ti=56 ammo=1 fs_ph=4 fs_live=1 under=1 wtop=1 bb=0 harv=3 ammo_target=300 ti_floor=56 chunk=30 bar=7 scale=244 arm=1 gate_ti=0 amt=0
COREAMMO r=224 ti=66 ammo=1 fs_ph=4 fs_live=1 under=1 wtop=1 bb=0 harv=3 ammo_target=300 ti_floor=56 chunk=30 bar=7 scale=244 arm=1 gate_ti=1 amt=10
COREAMMO r=225 ti=56 ammo=1 fs_ph=4 fs_live=1 under=1 wtop=1 bb=0 harv=3 ammo_target=300 ti_floor=56 chunk=30 bar=7 scale=244 arm=1 gate_ti=0 amt=0
COREAMMO r=226 ti=56 ammo=1 fs_ph=4 fs_live=1 under=1 wtop=1 bb=0 harv=3 ammo_target=300 ti_floor=56 chunk=30 bar=7 scale=244 arm=1 gate_ti=0 amt=0
COREAMMO r=227 ti=56 ammo=1 fs_ph=4 fs_live=1 under=1 wtop=1 bb=0 harv=3 ammo_target=300 ti_floor=56 chunk=30 bar=7 scale=244 arm=1 gate_ti=0 amt=0
COREAMMO r=228 ti=66 ammo=1 fs_ph=4 fs_live=1 under=1 wtop=1 bb=0 harv=3 ammo_target=300 ti_floor=56 chunk=30 bar=7 scale=244 arm=1 gate_ti=1 amt=10
COREAMMO r=229 ti=56 ammo=1 fs_ph=4 fs_live=1 under=1 wtop=1 bb=0 harv=3 ammo_target=300 ti_floor=56 chunk=30 bar=7 scale=244 arm=1 gate_ti=0 amt=0
COREAMMO r=230 ti=56 ammo=1 fs_ph=4 fs_live=1 under=1 wtop=1 bb=0 harv=3 ammo_target=300 ti_floor=56 chunk=30 bar=7 scale=244 arm=1 gate_ti=0 amt=0
COREAMMO r=231 ti=56 ammo=1 fs_ph=4 fs_live=1 under=1 wtop=1 bb=0 harv=3 ammo_target=300 ti_floor=56 chunk=30 bar=7 scale=244 arm=1 gate_ti=0 amt=0
COREAMMO r=232 ti=66 ammo=1 fs_ph=4 fs_live=1 under=1 wtop=1 bb=0 harv=3 ammo_target=300 ti_floor=56 chunk=30 bar=7 scale=244 arm=1 gate_ti=1 amt=10
COREAMMO r=233 ti=56 ammo=1 fs_ph=4 fs_live=1 under=1 wtop=1 bb=0 harv=3 ammo_target=300 ti_floor=56 chunk=30 bar=7 scale=244 arm=1 gate_ti=0 amt=0
COREAMMO r=234 ti=56 ammo=1 fs_ph=4 fs_live=1 under=1 wtop=1 bb=0 harv=3 ammo_target=300 ti_floor=56 chunk=30 bar=7 scale=244 arm=1 gate_ti=0 amt=0
COREAMMO r=235 ti=56 ammo=1 fs_ph=4 fs_live=1 under=1 wtop=1 bb=0 harv=3 ammo_target=300 ti_floor=56 chunk=30 bar=7 scale=244 arm=1 gate_ti=0 amt=0
COREAMMO r=236 ti=66 ammo=1 fs_ph=4 fs_live=1 under=1 wtop=1 bb=0 harv=3 ammo_target=300 ti_floor=56 chunk=30 bar=7 scale=244 arm=1 gate_ti=1 amt=10
COREAMMO r=237 ti=56 ammo=1 fs_ph=4 fs_live=1 under=1 wtop=1 bb=0 harv=3 ammo_target=300 ti_floor=56 chunk=30 bar=7 scale=244 arm=1 gate_ti=0 amt=0
COREAMMO r=238 ti=56 ammo=1 fs_ph=4 fs_live=1 under=1 wtop=1 bb=0 harv=3 ammo_target=300 ti_floor=56 chunk=30 bar=7 scale=244 arm=1 gate_ti=0 amt=0
COREAMMO r=239 ti=56 ammo=1 fs_ph=4 fs_live=1 under=1 wtop=1 bb=0 harv=3 ammo_target=300 ti_floor=56 chunk=30 bar=7 scale=244 arm=1 gate_ti=0 amt=0
COREAMMO r=240 ti=66 ammo=1 fs_ph=4 fs_live=1 under=1 wtop=1 bb=0 harv=3 ammo_target=300 ti_floor=56 chunk=30 bar=7 scale=244 arm=1 gate_ti=1 amt=10
COREAMMO r=241 ti=56 ammo=1 fs_ph=4 fs_live=1 under=1 wtop=1 bb=0 harv=3 ammo_target=300 ti_floor=56 chunk=30 bar=7 scale=244 arm=1 gate_ti=0 amt=0
COREAMMO r=242 ti=56 ammo=1 fs_ph=4 fs_live=1 under=1 wtop=1 bb=0 harv=3 ammo_target=300 ti_floor=56 chunk=30 bar=7 scale=244 arm=1 gate_ti=0 amt=0
COREAMMO r=243 ti=56 ammo=1 fs_ph=4 fs_live=1 under=1 wtop=1 bb=0 harv=3 ammo_target=300 ti_floor=56 chunk=30 bar=7 scale=244 arm=1 gate_ti=0 amt=0
COREAMMO r=244 ti=66 ammo=1 fs_ph=4 fs_live=1 under=1 wtop=1 bb=0 harv=3 ammo_target=300 ti_floor=56 chunk=30 bar=7 scale=244 arm=1 gate_ti=1 amt=10
COREAMMO r=245 ti=56 ammo=1 fs_ph=4 fs_live=1 under=1 wtop=1 bb=0 harv=3 ammo_target=300 ti_floor=56 chunk=30 bar=7 scale=244 arm=1 gate_ti=0 amt=0
COREAMMO r=246 ti=56 ammo=1 fs_ph=4 fs_live=1 under=1 wtop=1 bb=0 harv=3 ammo_target=300 ti_floor=56 chunk=30 bar=7 scale=244 arm=1 gate_ti=0 amt=0
COREAMMO r=247 ti=56 ammo=1 fs_ph=4 fs_live=1 under=1 wtop=1 bb=0 harv=3 ammo_target=300 ti_floor=56 chunk=30 bar=7 scale=244 arm=1 gate_ti=0 amt=0
COREAMMO r=248 ti=66 ammo=1 fs_ph=4 fs_live=1 under=1 wtop=1 bb=0 harv=3 ammo_target=300 ti_floor=56 chunk=30 bar=7 scale=244 arm=1 gate_ti=1 amt=10
COREAMMO r=249 ti=56 ammo=1 fs_ph=4 fs_live=1 under=1 wtop=1 bb=0 harv=3 ammo_target=300 ti_floor=56 chunk=30 bar=7 scale=244 arm=1 gate_ti=0 amt=0
COREAMMO r=250 ti=56 ammo=1 fs_ph=4 fs_live=1 under=1 wtop=1 bb=0 harv=3 ammo_target=300 ti_floor=56 chunk=30 bar=7 scale=244 arm=1 gate_ti=0 amt=0
COREAMMO r=251 ti=56 ammo=1 fs_ph=4 fs_live=1 under=1 wtop=1 bb=0 harv=3 ammo_target=300 ti_floor=56 chunk=30 bar=7 scale=244 arm=1 gate_ti=0 amt=0
COREAMMO r=252 ti=66 ammo=1 fs_ph=4 fs_live=1 under=1 wtop=1 bb=0 harv=3 ammo_target=300 ti_floor=56 chunk=30 bar=7 scale=244 arm=1 gate_ti=1 amt=10
COREAMMO r=253 ti=56 ammo=1 fs_ph=4 fs_live=1 under=1 wtop=1 bb=0 harv=3 ammo_target=300 ti_floor=56 chunk=30 bar=7 scale=244 arm=1 gate_ti=0 amt=0
COREAMMO r=254 ti=56 ammo=1 fs_ph=4 fs_live=1 under=1 wtop=1 bb=0 harv=3 ammo_target=300 ti_floor=56 chunk=30 bar=7 scale=244 arm=1 gate_ti=0 amt=0
COREAMMO r=255 ti=56 ammo=1 fs_ph=4 fs_live=1 under=1 wtop=1 bb=0 harv=3 ammo_target=300 ti_floor=56 chunk=30 bar=7 scale=244 arm=1 gate_ti=0 amt=0
COREAMMO r=256 ti=66 ammo=1 fs_ph=4 fs_live=1 under=1 wtop=1 bb=0 harv=3 ammo_target=300 ti_floor=56 chunk=30 bar=7 scale=244 arm=1 gate_ti=1 amt=10
COREAMMO r=257 ti=56 ammo=1 fs_ph=4 fs_live=1 under=1 wtop=1 bb=0 harv=3 ammo_target=300 ti_floor=56 chunk=30 bar=7 scale=244 arm=1 gate_ti=0 amt=0
COREAMMO r=258 ti=56 ammo=1 fs_ph=4 fs_live=1 under=1 wtop=1 bb=0 harv=3 ammo_target=300 ti_floor=56 chunk=30 bar=7 scale=244 arm=1 gate_ti=0 amt=0
COREAMMO r=259 ti=56 ammo=1 fs_ph=4 fs_live=1 under=1 wtop=1 bb=0 harv=3 ammo_target=300 ti_floor=56 chunk=30 bar=7 scale=244 arm=1 gate_ti=0 amt=0
COREAMMO r=260 ti=66 ammo=1 fs_ph=4 fs_live=1 under=1 wtop=1 bb=0 harv=3 ammo_target=300 ti_floor=56 chunk=30 bar=7 scale=244 arm=1 gate_ti=1 amt=10
COREAMMO r=261 ti=56 ammo=1 fs_ph=4 fs_live=1 under=1 wtop=1 bb=0 harv=3 ammo_target=300 ti_floor=56 chunk=30 bar=7 scale=244 arm=1 gate_ti=0 amt=0
COREAMMO r=262 ti=56 ammo=1 fs_ph=4 fs_live=1 under=1 wtop=1 bb=0 harv=3 ammo_target=300 ti_floor=56 chunk=30 bar=7 scale=244 arm=1 gate_ti=0 amt=0
COREAMMO r=263 ti=56 ammo=1 fs_ph=4 fs_live=1 under=1 wtop=1 bb=0 harv=3 ammo_target=300 ti_floor=56 chunk=30 bar=7 scale=244 arm=1 gate_ti=0 amt=0
COREAMMO r=264 ti=66 ammo=1 fs_ph=4 fs_live=1 under=1 wtop=1 bb=0 harv=3 ammo_target=300 ti_floor=56 chunk=30 bar=7 scale=244 arm=1 gate_ti=1 amt=10
COREAMMO r=265 ti=56 ammo=1 fs_ph=4 fs_live=1 under=1 wtop=1 bb=0 harv=3 ammo_target=300 ti_floor=56 chunk=30 bar=7 scale=244 arm=1 gate_ti=0 amt=0
COREAMMO r=266 ti=56 ammo=1 fs_ph=4 fs_live=1 under=1 wtop=1 bb=0 harv=3 ammo_target=300 ti_floor=56 chunk=30 bar=7 scale=244 arm=1 gate_ti=0 amt=0
COREAMMO r=267 ti=56 ammo=1 fs_ph=4 fs_live=1 under=1 wtop=1 bb=0 harv=3 ammo_target=300 ti_floor=56 chunk=30 bar=7 scale=244 arm=1 gate_ti=0 amt=0
COREAMMO r=268 ti=66 ammo=1 fs_ph=4 fs_live=1 under=1 wtop=1 bb=0 harv=3 ammo_target=300 ti_floor=56 chunk=30 bar=7 scale=244 arm=1 gate_ti=1 amt=10
COREAMMO r=269 ti=56 ammo=1 fs_ph=4 fs_live=1 under=1 wtop=1 bb=0 harv=3 ammo_target=300 ti_floor=56 chunk=30 bar=7 scale=244 arm=1 gate_ti=0 amt=0
COREAMMO r=270 ti=56 ammo=1 fs_ph=4 fs_live=1 under=1 wtop=1 bb=0 harv=3 ammo_target=300 ti_floor=56 chunk=30 bar=7 scale=244 arm=1 gate_ti=0 amt=0
COREAMMO r=271 ti=56 ammo=1 fs_ph=4 fs_live=1 under=1 wtop=1 bb=0 harv=3 ammo_target=300 ti_floor=56 chunk=30 bar=7 scale=244 arm=1 gate_ti=0 amt=0
COREAMMO r=272 ti=66 ammo=1 fs_ph=4 fs_live=1 under=1 wtop=1 bb=0 harv=3 ammo_target=300 ti_floor=56 chunk=30 bar=7 scale=244 arm=1 gate_ti=1 amt=10
COREAMMO r=273 ti=56 ammo=1 fs_ph=4 fs_live=1 under=1 wtop=1 bb=0 harv=3 ammo_target=300 ti_floor=56 chunk=30 bar=7 scale=244 arm=1 gate_ti=0 amt=0
COREAMMO r=274 ti=56 ammo=1 fs_ph=4 fs_live=1 under=1 wtop=1 bb=0 harv=3 ammo_target=300 ti_floor=56 chunk=30 bar=7 scale=244 arm=1 gate_ti=0 amt=0
COREAMMO r=275 ti=56 ammo=1 fs_ph=4 fs_live=1 under=1 wtop=1 bb=0 harv=3 ammo_target=300 ti_floor=56 chunk=30 bar=7 scale=244 arm=1 gate_ti=0 amt=0
COREAMMO r=276 ti=66 ammo=1 fs_ph=4 fs_live=1 under=1 wtop=1 bb=0 harv=3 ammo_target=300 ti_floor=56 chunk=30 bar=7 scale=244 arm=1 gate_ti=1 amt=10
COREAMMO r=277 ti=56 ammo=1 fs_ph=4 fs_live=1 under=1 wtop=1 bb=0 harv=3 ammo_target=300 ti_floor=56 chunk=30 bar=7 scale=244 arm=1 gate_ti=0 amt=0
COREAMMO r=278 ti=56 ammo=1 fs_ph=4 fs_live=1 under=1 wtop=1 bb=0 harv=3 ammo_target=300 ti_floor=56 chunk=30 bar=7 scale=244 arm=1 gate_ti=0 amt=0
COREAMMO r=279 ti=56 ammo=1 fs_ph=4 fs_live=1 under=1 wtop=1 bb=0 harv=3 ammo_target=300 ti_floor=56 chunk=30 bar=7 scale=244 arm=1 gate_ti=0 amt=0
COREAMMO r=280 ti=66 ammo=1 fs_ph=4 fs_live=1 under=1 wtop=1 bb=0 harv=3 ammo_target=300 ti_floor=56 chunk=30 bar=7 scale=244 arm=1 gate_ti=1 amt=10
COREAMMO r=281 ti=56 ammo=1 fs_ph=4 fs_live=1 under=1 wtop=1 bb=0 harv=3 ammo_target=300 ti_floor=56 chunk=30 bar=7 scale=244 arm=1 gate_ti=0 amt=0
COREAMMO r=282 ti=56 ammo=1 fs_ph=4 fs_live=1 under=1 wtop=1 bb=0 harv=3 ammo_target=300 ti_floor=56 chunk=30 bar=7 scale=244 arm=1 gate_ti=0 amt=0
COREAMMO r=283 ti=56 ammo=1 fs_ph=4 fs_live=1 under=1 wtop=1 bb=0 harv=3 ammo_target=300 ti_floor=56 chunk=30 bar=7 scale=244 arm=1 gate_ti=0 amt=0
COREAMMO r=284 ti=66 ammo=1 fs_ph=4 fs_live=1 under=1 wtop=1 bb=0 harv=3 ammo_target=300 ti_floor=56 chunk=30 bar=7 scale=244 arm=1 gate_ti=1 amt=10
COREAMMO r=285 ti=56 ammo=1 fs_ph=4 fs_live=1 under=1 wtop=1 bb=0 harv=3 ammo_target=300 ti_floor=56 chunk=30 bar=7 scale=244 arm=1 gate_ti=0 amt=0
COREAMMO r=286 ti=56 ammo=1 fs_ph=4 fs_live=1 under=1 wtop=1 bb=0 harv=3 ammo_target=300 ti_floor=56 chunk=30 bar=7 scale=244 arm=1 gate_ti=0 amt=0
COREAMMO r=287 ti=56 ammo=1 fs_ph=4 fs_live=1 under=1 wtop=1 bb=0 harv=3 ammo_target=300 ti_floor=56 chunk=30 bar=7 scale=244 arm=1 gate_ti=0 amt=0
COREAMMO r=288 ti=66 ammo=1 fs_ph=4 fs_live=1 under=1 wtop=1 bb=0 harv=3 ammo_target=300 ti_floor=56 chunk=30 bar=7 scale=244 arm=1 gate_ti=1 amt=10
COREAMMO r=289 ti=56 ammo=1 fs_ph=4 fs_live=1 under=1 wtop=1 bb=0 harv=3 ammo_target=300 ti_floor=56 chunk=30 bar=7 scale=244 arm=1 gate_ti=0 amt=0
COREAMMO r=290 ti=56 ammo=1 fs_ph=4 fs_live=1 under=1 wtop=1 bb=0 harv=3 ammo_target=300 ti_floor=56 chunk=30 bar=7 scale=244 arm=1 gate_ti=0 amt=0
COREAMMO r=291 ti=56 ammo=1 fs_ph=4 fs_live=1 under=1 wtop=1 bb=0 harv=3 ammo_target=300 ti_floor=56 chunk=30 bar=7 scale=244 arm=1 gate_ti=0 amt=0
COREAMMO r=292 ti=66 ammo=1 fs_ph=4 fs_live=1 under=1 wtop=1 bb=0 harv=3 ammo_target=300 ti_floor=56 chunk=30 bar=7 scale=244 arm=1 gate_ti=1 amt=10
COREAMMO r=293 ti=56 ammo=1 fs_ph=4 fs_live=1 under=1 wtop=1 bb=0 harv=3 ammo_target=300 ti_floor=56 chunk=30 bar=7 scale=244 arm=1 gate_ti=0 amt=0
COREAMMO r=294 ti=56 ammo=1 fs_ph=4 fs_live=1 under=1 wtop=1 bb=0 harv=3 ammo_target=300 ti_floor=56 chunk=30 bar=7 scale=244 arm=1 gate_ti=0 amt=0
COREAMMO r=295 ti=56 ammo=1 fs_ph=4 fs_live=1 under=1 wtop=1 bb=0 harv=3 ammo_target=300 ti_floor=56 chunk=30 bar=7 scale=244 arm=1 gate_ti=0 amt=0
COREAMMO r=296 ti=66 ammo=1 fs_ph=4 fs_live=1 under=1 wtop=1 bb=0 harv=3 ammo_target=300 ti_floor=56 chunk=30 bar=7 scale=244 arm=1 gate_ti=1 amt=10
COREAMMO r=297 ti=56 ammo=1 fs_ph=4 fs_live=1 under=1 wtop=1 bb=0 harv=3 ammo_target=300 ti_floor=56 chunk=30 bar=7 scale=244 arm=1 gate_ti=0 amt=0
COREAMMO r=298 ti=56 ammo=1 fs_ph=4 fs_live=1 under=1 wtop=1 bb=0 harv=3 ammo_target=300 ti_floor=56 chunk=30 bar=7 scale=244 arm=1 gate_ti=0 amt=0
COREAMMO r=299 ti=56 ammo=1 fs_ph=4 fs_live=1 under=1 wtop=1 bb=0 harv=3 ammo_target=300 ti_floor=56 chunk=30 bar=7 scale=244 arm=1 gate_ti=0 amt=0
COREAMMO r=300 ti=66 ammo=1 fs_ph=4 fs_live=1 under=1 wtop=1 bb=0 harv=3 ammo_target=300 ti_floor=56 chunk=30 bar=7 scale=244 arm=1 gate_ti=1 amt=10
COREAMMO r=301 ti=56 ammo=1 fs_ph=4 fs_live=1 under=1 wtop=1 bb=0 harv=3 ammo_target=300 ti_floor=56 chunk=30 bar=7 scale=244 arm=1 gate_ti=0 amt=0
COREAMMO r=302 ti=56 ammo=1 fs_ph=4 fs_live=1 under=1 wtop=1 bb=0 harv=3 ammo_target=300 ti_floor=56 chunk=30 bar=7 scale=244 arm=1 gate_ti=0 amt=0
COREAMMO r=303 ti=56 ammo=1 fs_ph=4 fs_live=1 under=1 wtop=1 bb=0 harv=3 ammo_target=300 ti_floor=56 chunk=30 bar=7 scale=244 arm=1 gate_ti=0 amt=0
COREAMMO r=304 ti=66 ammo=1 fs_ph=4 fs_live=1 under=1 wtop=1 bb=0 harv=3 ammo_target=300 ti_floor=56 chunk=30 bar=7 scale=244 arm=1 gate_ti=1 amt=10
COREAMMO r=305 ti=56 ammo=1 fs_ph=4 fs_live=1 under=1 wtop=1 bb=0 harv=3 ammo_target=300 ti_floor=56 chunk=30 bar=7 scale=244 arm=1 gate_ti=0 amt=0
COREAMMO r=306 ti=56 ammo=1 fs_ph=4 fs_live=1 under=1 wtop=1 bb=0 harv=3 ammo_target=300 ti_floor=56 chunk=30 bar=7 scale=244 arm=1 gate_ti=0 amt=0
COREAMMO r=307 ti=56 ammo=1 fs_ph=4 fs_live=1 under=1 wtop=1 bb=0 harv=3 ammo_target=300 ti_floor=56 chunk=30 bar=7 scale=244 arm=1 gate_ti=0 amt=0
COREAMMO r=308 ti=66 ammo=1 fs_ph=4 fs_live=1 under=1 wtop=1 bb=0 harv=3 ammo_target=300 ti_floor=56 chunk=30 bar=7 scale=244 arm=1 gate_ti=1 amt=10
COREAMMO r=309 ti=56 ammo=1 fs_ph=4 fs_live=1 under=1 wtop=1 bb=0 harv=3 ammo_target=300 ti_floor=56 chunk=30 bar=7 scale=244 arm=1 gate_ti=0 amt=0
COREAMMO r=310 ti=56 ammo=1 fs_ph=4 fs_live=1 under=1 wtop=1 bb=0 harv=3 ammo_target=300 ti_floor=56 chunk=30 bar=7 scale=244 arm=1 gate_ti=0 amt=0
COREAMMO r=311 ti=56 ammo=1 fs_ph=4 fs_live=1 under=1 wtop=1 bb=0 harv=3 ammo_target=300 ti_floor=56 chunk=30 bar=7 scale=244 arm=1 gate_ti=0 amt=0
COREAMMO r=312 ti=66 ammo=1 fs_ph=4 fs_live=1 under=1 wtop=1 bb=0 harv=3 ammo_target=300 ti_floor=56 chunk=30 bar=7 scale=244 arm=1 gate_ti=1 amt=10
COREAMMO r=313 ti=56 ammo=1 fs_ph=4 fs_live=1 under=1 wtop=1 bb=0 harv=3 ammo_target=300 ti_floor=56 chunk=30 bar=7 scale=244 arm=1 gate_ti=0 amt=0
COREAMMO r=314 ti=56 ammo=1 fs_ph=4 fs_live=1 under=1 wtop=1 bb=0 harv=3 ammo_target=300 ti_floor=56 chunk=30 bar=7 scale=244 arm=1 gate_ti=0 amt=0
COREAMMO r=315 ti=56 ammo=1 fs_ph=4 fs_live=1 under=1 wtop=1 bb=0 harv=3 ammo_target=300 ti_floor=56 chunk=30 bar=7 scale=244 arm=1 gate_ti=0 amt=0
COREAMMO r=316 ti=66 ammo=1 fs_ph=4 fs_live=1 under=1 wtop=1 bb=0 harv=3 ammo_target=300 ti_floor=56 chunk=30 bar=7 scale=244 arm=1 gate_ti=1 amt=10
COREAMMO r=317 ti=56 ammo=1 fs_ph=4 fs_live=1 under=1 wtop=1 bb=0 harv=3 ammo_target=300 ti_floor=56 chunk=30 bar=7 scale=244 arm=1 gate_ti=0 amt=0
COREAMMO r=318 ti=56 ammo=1 fs_ph=4 fs_live=1 under=1 wtop=1 bb=0 harv=3 ammo_target=300 ti_floor=56 chunk=30 bar=7 scale=244 arm=1 gate_ti=0 amt=0
COREAMMO r=319 ti=56 ammo=1 fs_ph=4 fs_live=1 under=1 wtop=1 bb=0 harv=3 ammo_target=300 ti_floor=56 chunk=30 bar=7 scale=244 arm=1 gate_ti=0 amt=0
COREAMMO r=320 ti=66 ammo=1 fs_ph=4 fs_live=1 under=1 wtop=1 bb=0 harv=3 ammo_target=300 ti_floor=56 chunk=30 bar=7 scale=244 arm=1 gate_ti=1 amt=10
COREAMMO r=321 ti=56 ammo=1 fs_ph=4 fs_live=1 under=1 wtop=1 bb=0 harv=3 ammo_target=300 ti_floor=56 chunk=30 bar=7 scale=244 arm=1 gate_ti=0 amt=0
COREAMMO r=322 ti=56 ammo=1 fs_ph=4 fs_live=1 under=1 wtop=1 bb=0 harv=3 ammo_target=300 ti_floor=56 chunk=30 bar=7 scale=244 arm=1 gate_ti=0 amt=0
COREAMMO r=323 ti=56 ammo=1 fs_ph=4 fs_live=1 under=1 wtop=1 bb=0 harv=3 ammo_target=300 ti_floor=56 chunk=30 bar=7 scale=244 arm=1 gate_ti=0 amt=0
COREAMMO r=324 ti=66 ammo=1 fs_ph=4 fs_live=1 under=1 wtop=1 bb=0 harv=3 ammo_target=300 ti_floor=56 chunk=30 bar=7 scale=244 arm=1 gate_ti=1 amt=10
COREAMMO r=325 ti=56 ammo=1 fs_ph=4 fs_live=1 under=1 wtop=1 bb=0 harv=3 ammo_target=300 ti_floor=56 chunk=30 bar=7 scale=244 arm=1 gate_ti=0 amt=0
COREAMMO r=326 ti=56 ammo=1 fs_ph=4 fs_live=1 under=1 wtop=1 bb=0 harv=3 ammo_target=300 ti_floor=56 chunk=30 bar=7 scale=244 arm=1 gate_ti=0 amt=0
COREAMMO r=327 ti=56 ammo=1 fs_ph=4 fs_live=1 under=1 wtop=1 bb=0 harv=3 ammo_target=300 ti_floor=56 chunk=30 bar=7 scale=244 arm=1 gate_ti=0 amt=0
COREAMMO r=328 ti=66 ammo=1 fs_ph=4 fs_live=1 under=1 wtop=1 bb=0 harv=3 ammo_target=300 ti_floor=56 chunk=30 bar=7 scale=244 arm=1 gate_ti=1 amt=10
