Update available: 2.3.6 -> 2.3.8. Run: pip install --upgrade fcode
FS GATE 0 sig (30, 30, (2, 24), (26, 4)) ok 1
FS GATE 1 sig (30, 30, (2, 24), (26, 4)) ok 1
FS PHASE 1 id 3 ph 1 d 808 at (4, 23)
FS HOPBUILD 1 at (4, 23) lch (5, 23) T (28, 3)
FS GATE 2 sig (30, 30, (2, 24), (26, 4)) ok 1
FS GATE 2 sig (30, 30, (2, 24), (26, 4)) ok 1
FS THROW 2 from (4, 22) to (9, 20) T (28, 3) body 3 n 1 dsq 514
FS HOPBUILD 3 at (9, 20) lch (10, 20) T (28, 3)
FS GATE 3 sig (30, 30, (2, 24), (26, 4)) ok 1
FS GATE 4 sig (30, 30, (2, 24), (26, 4)) ok 1
FS THROW 4 from (9, 19) to (14, 17) T (28, 3) body 3 n 1 dsq 288
FS HOPBUILD 5 at (14, 17) lch (14, 16) T (28, 3)
FS GATE 6 sig (30, 30, (2, 24), (26, 4)) ok 1
FS THROW 6 from (15, 17) to (18, 13) T (28, 3) body 3 n 1 dsq 128
FS HOPBUILD 7 at (18, 13) lch (18, 12) T (28, 3)
FS GATE 8 sig (30, 30, (2, 24), (26, 4)) ok 1
FS THROW 8 from (19, 13) to (22, 9) T (28, 3) body 3 n 1 dsq 32
FS HOPBUILD 9 at (22, 9) lch (22, 8) T (28, 3)
FS GATE 10 sig (30, 30, (2, 24), (26, 4)) ok 1
FS THROW 10 from (23, 9) to (25, 4) T (28, 3) body 3 n 1 dsq 1
FS ARRIVE 11 id 3 body 1 at (25, 4) dsq 1
FS PHASE 11 id 3 ph 2 d 1 at (25, 4)
FS SEAL 11 tile (25, 5) n 1
FS SEAL 12 tile (25, 3) n 2
FS DODGE 13 id 3 from (25, 4) to (24, 4) cov 1 -> 0 hit 0 hp 40
FS GATE 13 sig (30, 30, (2, 24), (26, 4)) ok 1
FS SEAL 14 tile (25, 4) n 3
FS GATE 14 sig (30, 30, (2, 24), (26, 4)) ok 1
FS SEAL 18 tile (26, 6) n 4
FS STAT 20 id 3 at (25, 7) need 6 orth 6 ti 30 ammo 4 sen 0 hp 40 covden 0 eco 0 lost 0
FS SEAL 22 tile (27, 6) n 5
ECO514 24 harv 2 mouth 1 held 1 conn 1 deliv 1
FS SEAL 25 tile (27, 6) n 6
FS SEAL 26 tile (28, 5) n 7
FS SEAL 30 tile (28, 4) n 8
FS SEAL 33 tile (27, 3) n 9
FS SENTINEL 35 at (29, 2) face SOUTHWEST tgt (26, 5) score 18 n 1 onring 0 lost 0 onsray 0 olddsq -1
FS RUNG 35 id 3 r 4 hi -
FS PHASE 36 id 3 ph 4 d 5 at (28, 2)
FS SEAL 38 tile (26, 3) n 10
FS STAT 40 id 3 at (25, 2) need 1 orth 1 ti 14 ammo 23 sen 1 hp 40 covden 0 eco 1 lost 0
FS PHASE 41 id 3 ph 2 d 8 at (24, 2)
FS DODGE 42 id 3 from (24, 3) to (23, 3) cov 1 -> 0 hit 0 hp 40
FS CLEAR 49 tile (25, 6) peck 1
FS RUNG 49 id 3 r 3 hi -
FS CLEAR 50 tile (25, 6) peck 2
FS RUNG 50 id 3 r 3 hi -
FS CLEAR 51 tile (25, 6) peck 3
FS RUNG 51 id 3 r 3 hi -
FS EVICTOR 52 at (24, 5) ucov 0 cov 10 unseal 0 obs 10
FS RUNG 52 id 3 r 2 hi -
FS CLEAR 53 tile (25, 6) peck 4
FS RUNG 53 id 3 r 3 hi -
FS GATE 53 sig (30, 30, (2, 24), (26, 4)) ok 1
FS EVICT 53 from (25, 4) to (19, 6)
FS EVICT 54 from (25, 4) to (19, 6)
FS EVICT 57 from (23, 6) to (23, 0)
FS EVICT 58 from (25, 6) to (19, 6)
FS SEAL 59 tile (25, 4) n 11
FS EVICT 59 from (23, 6) to (23, 0)
FS PHASE 60 id 3 ph 3 d 4 at (24, 4)
FS STAT 60 id 3 at (24, 4) need 2 orth 0 ti 28 ammo 3 sen 0 hp 40 covden 0 eco 1 lost 0
FS PHASE 61 id 3 ph 2 d 9 at (23, 4)
FS PHASE 64 id 3 ph 3 d 5 at (24, 6)
FS CLEAR 64 tile (25, 6) peck 1
FS RUNG 64 id 3 r 3 hi -
FS CLEAR 65 tile (25, 6) peck 2
FS RUNG 65 id 3 r 3 hi -
FS CLEAR 66 tile (25, 6) peck 3
FS RUNG 66 id 3 r 3 hi -
FS EVICT 66 from (25, 6) to (19, 6)
FS CLEAR 67 tile (25, 6) peck 4
FS RUNG 67 id 3 r 3 hi -
FS EVICT 70 from (23, 6) to (23, 0)
FS CLEAR 71 tile (25, 6) peck 1
FS RUNG 71 id 3 r 3 hi -
FS CLEAR 72 tile (25, 6) peck 2
FS RUNG 72 id 3 r 3 hi -
FS CLEARED 73 tile (25, 6) n 1
FS SEAL 73 tile (25, 6) n 12
FS SEALCLR 73 tile (25, 6) lag 0
FS PHASE 75 id 3 ph 2 d 8 at (24, 7)
FS PHASE 76 id 3 ph 3 d 5 at (24, 6)
FS EVICT 76 from (24, 4) to (23, 10)
FS PHASE 77 id 3 ph 2 d 8 at (24, 7)
FS EVICT 78 from (24, 4) to (23, 10)
FS EVICT 79 from (24, 4) to (23, 10)
FS STAT 80 id 3 at (23, 5) need 3 orth 3 ti 93 ammo 3 sen 0 hp 40 covden 0 eco 1 lost 0
FS EVICT 80 from (23, 6) to (23, 0)
FS SEAL 82 tile (25, 4) n 13
FS PHASE 83 id 3 ph 3 d 4 at (24, 4)
FS DODGE 84 id 3 from (24, 3) to (24, 4) cov 1 -> 0 hit 0 hp 40
FS EVICT 85 from (23, 6) to (23, 0)
FS DODGE 86 id 3 from (24, 3) to (24, 4) cov 1 -> 0 hit 0 hp 40
FS DODGE 88 id 3 from (24, 3) to (24, 4) cov 1 -> 0 hit 0 hp 40
FS PHASE 90 id 3 ph 2 d 9 at (23, 4)
FS EVICT 92 from (23, 5) to (29, 6)
FS PHASE 93 id 3 ph 3 d 5 at (24, 6)
FS PHASE 94 id 3 ph 2 d 8 at (24, 7)
FS PHASE 95 id 3 ph 3 d 5 at (24, 6)
FS PHASE 96 id 3 ph 2 d 8 at (24, 7)
FS PHASE 97 id 3 ph 3 d 5 at (24, 6)
FS PHASE 98 id 3 ph 2 d 8 at (24, 7)
FS PHASE 99 id 3 ph 3 d 5 at (24, 6)
FS PHASE 100 id 3 ph 2 d 8 at (24, 7)
FS STAT 100 id 3 at (24, 7) need 2 orth 2 ti 99 ammo 15 sen 0 hp 40 covden 0 eco 1 lost 0
FS EVICT 103 from (24, 4) to (23, 10)
FS SEAL 105 tile (25, 4) n 14
FS PHASE 106 id 3 ph 3 d 4 at (24, 4)
FS PHASE 107 id 3 ph 2 d 9 at (23, 4)
FS PHASE 108 id 3 ph 3 d 4 at (24, 4)
FS PHASE 109 id 3 ph 2 d 9 at (23, 4)
FS PHASE 110 id 3 ph 3 d 4 at (24, 4)
FS EVICT 110 from (24, 4) to (23, 10)
FS PHASE 111 id 3 ph 2 d 9 at (23, 4)
FS PHASE 112 id 3 ph 3 d 4 at (24, 4)
FS DODGE 113 id 3 from (24, 3) to (24, 4) cov 1 -> 0 hit 0 hp 40
FS DODGE 115 id 3 from (24, 3) to (24, 4) cov 1 -> 0 hit 0 hp 40
FS EVICT 115 from (24, 6) to (23, 0)
FS DODGE 117 id 3 from (24, 3) to (24, 4) cov 1 -> 0 hit 0 hp 22
FS DODGE 119 id 3 from (24, 3) to (24, 4) cov 1 -> 0 hit 0 hp 22
FS STAT 120 id 3 at (24, 4) need 1 orth 0 ti 99 ammo 11 sen 0 hp 22 covden 0 eco 1 lost 0
FS DODGE 121 id 3 from (24, 3) to (24, 4) cov 1 -> 0 hit 0 hp 22
FS DODGE 123 id 3 from (24, 3) to (24, 4) cov 1 -> 0 hit 0 hp 22
FS DODGE 125 id 3 from (24, 3) to (24, 4) cov 1 -> 0 hit 0 hp 4
FS DODGE 127 id 3 from (24, 3) to (24, 4) cov 1 -> 0 hit 0 hp 4
FS EVICT 138 from (24, 4) to (23, 10)
FS EVICT 140 from (24, 6) to (23, 0)
FS EVICT 142 from (23, 6) to (23, 0)
FS EVICT 145 from (24, 4) to (23, 10)
FS EVICT 146 from (23, 6) to (23, 0)
FS EVICT 149 from (24, 4) to (23, 10)
FS EVICT 150 from (23, 5) to (29, 6)
FS EVICT 151 from (24, 4) to (23, 10)
FS EVICT 153 from (23, 6) to (23, 0)
FS EVICT 155 from (23, 6) to (23, 0)
FS EVICT 158 from (24, 4) to (23, 10)
FS EVICT 160 from (24, 4) to (23, 10)
FS EVICT 162 from (23, 6) to (23, 0)
FS EVICT 164 from (23, 6) to (23, 0)
FS EVICT 167 from (24, 4) to (23, 10)
FS EVICT 169 from (24, 4) to (23, 10)
FS EVICT 171 from (23, 6) to (23, 0)
FS EVICT 173 from (23, 6) to (23, 0)
FS EVICT 176 from (24, 4) to (23, 10)
FS EVICT 178 from (24, 4) to (23, 10)
FS EVICT 180 from (23, 6) to (23, 0)
FS EVICT 182 from (23, 6) to (23, 0)
FS EVICT 185 from (24, 4) to (23, 10)
FS EVICT 187 from (24, 4) to (23, 10)
FS EVICT 189 from (23, 6) to (23, 0)
FS EVICT 191 from (23, 6) to (23, 0)
FS EVICT 194 from (24, 4) to (23, 10)
FS EVICT 196 from (24, 4) to (23, 10)
FS EVICT 198 from (23, 6) to (23, 0)
FS EVICT 200 from (23, 6) to (23, 0)
FS EVICT 203 from (24, 4) to (23, 10)
FS EVICT 205 from (24, 4) to (23, 10)
FS EVICT 207 from (23, 6) to (23, 0)
FS EVICT 209 from (23, 6) to (23, 0)
FS EVICT 212 from (24, 4) to (23, 10)
FS EVICT 214 from (24, 4) to (23, 10)
FS EVICT 216 from (23, 6) to (23, 0)
FS EVICT 218 from (23, 6) to (23, 0)
FS EVICT 221 from (24, 4) to (23, 10)
FS EVICT 223 from (24, 4) to (23, 10)
FS EVICT 225 from (23, 6) to (23, 0)
FS EVICT 227 from (23, 6) to (23, 0)
FS EVICT 232 from (24, 4) to (23, 10)
FS EVICT 236 from (23, 6) to (23, 0)
FS EVICT 241 from (24, 4) to (23, 10)
FS EVICT 245 from (23, 6) to (23, 0)
FS EVICT 250 from (24, 4) to (23, 10)
FS EVICT 254 from (23, 6) to (23, 0)
FS EVICT 259 from (24, 4) to (23, 10)
FS EVICT 263 from (23, 6) to (23, 0)
FS EVICT 268 from (24, 4) to (23, 10)
FS EVICT 272 from (23, 6) to (23, 0)
FS EVICT 277 from (24, 4) to (23, 10)
FS EVICT 281 from (23, 6) to (23, 0)
FS EVICT 286 from (24, 4) to (23, 10)
FS EVICT 288 from (24, 6) to (23, 0)
FS EVICT 290 from (23, 6) to (23, 0)
FS EVICT 297 from (24, 4) to (23, 10)
FS EVICT 299 from (24, 4) to (23, 10)
FS EVICT 301 from (23, 6) to (23, 0)
FS EVICT 303 from (23, 6) to (23, 0)
FS EVICT 306 from (24, 4) to (23, 10)
FS EVICT 310 from (24, 4) to (23, 10)
FS EVICT 311 from (23, 5) to (29, 6)
FS EVICT 314 from (23, 6) to (23, 0)
FS EVICT 319 from (24, 4) to (23, 10)
FS EVICT 320 from (23, 6) to (23, 0)
FS EVICT 323 from (23, 6) to (23, 0)
FS EVICT 325 from (24, 4) to (23, 10)
FS EVICT 329 from (23, 6) to (23, 0)
FS EVICT 330 from (24, 4) to (23, 10)
FS EVICT 334 from (24, 4) to (23, 10)
FS EVICT 335 from (23, 6) to (23, 0)
FS EVICT 336 from (23, 5) to (29, 6)
FS EVICT 338 from (23, 6) to (23, 0)
FS EVICT 340 from (24, 4) to (23, 10)
FS EVICT 343 from (24, 4) to (23, 10)
FS EVICT 344 from (23, 6) to (23, 0)
FS EVICT 346 from (23, 6) to (23, 0)
FS EVICT 347 from (23, 6) to (23, 0)
FS EVICT 349 from (24, 4) to (23, 10)
FS EVICT 353 from (24, 4) to (23, 10)
FS EVICT 354 from (23, 5) to (29, 6)
FS EVICT 356 from (24, 4) to (23, 10)
FS EVICT 357 from (23, 6) to (23, 0)
FS EVICT 360 from (23, 6) to (23, 0)
FS EVICT 361 from (24, 6) to (23, 0)
FS EVICT 362 from (24, 4) to (23, 10)
FS EVICT 365 from (24, 4) to (23, 10)
FS EVICT 366 from (23, 6) to (23, 0)
FS EVICT 368 from (24, 4) to (23, 10)
FS EVICT 369 from (23, 6) to (23, 0)
FS EVICT 371 from (24, 4) to (23, 10)
FS EVICT 372 from (23, 6) to (23, 0)
FS EVICT 374 from (24, 4) to (23, 10)
FS EVICT 375 from (23, 6) to (23, 0)
FS EVICT 378 from (23, 6) to (23, 0)
FS EVICT 380 from (24, 4) to (23, 10)
FS EVICT 382 from (24, 4) to (23, 10)
FS EVICT 384 from (23, 6) to (23, 0)
FS EVICT 386 from (23, 6) to (23, 0)
FS EVICT 387 from (24, 4) to (23, 10)
FS EVICT 391 from (24, 4) to (23, 10)
FS EVICT 392 from (23, 6) to (23, 0)
FS EVICT 393 from (24, 4) to (23, 10)
FS EVICT 397 from (24, 4) to (23, 10)
FS EVICT 398 from (23, 5) to (29, 6)
FS EVICT 401 from (23, 6) to (23, 0)
FS EVICT 405 from (24, 6) to (23, 0)
FS EVICT 406 from (24, 4) to (23, 10)
FS EVICT 407 from (23, 4) to (23, 10)
FS EVICT 410 from (24, 4) to (23, 10)
FS EVICT 412 from (23, 6) to (23, 0)
FS EVICT 414 from (24, 6) to (23, 0)
FS EVICT 416 from (23, 6) to (23, 0)
FS EVICT 417 from (24, 4) to (23, 10)
FS EVICT 420 from (24, 4) to (23, 10)
FS EVICT 423 from (24, 4) to (23, 10)
FS EVICT 424 from (23, 5) to (29, 6)
FS EVICT 426 from (23, 6) to (23, 0)
FS EVICT 428 from (24, 6) to (23, 0)
FS EVICT 431 from (24, 4) to (23, 10)
FS EVICT 432 from (23, 6) to (23, 0)
FS EVICT 435 from (24, 4) to (23, 10)
FS EVICT 437 from (23, 6) to (23, 0)
FS EVICT 439 from (24, 4) to (23, 10)
FS EVICT 441 from (23, 6) to (23, 0)
FS EVICT 442 from (24, 4) to (23, 10)
FS EVICT 445 from (23, 6) to (23, 0)
FS EVICT 446 from (24, 4) to (23, 10)
FS EVICT 448 from (23, 6) to (23, 0)
FS EVICT 450 from (24, 4) to (23, 10)
FS EVICT 452 from (23, 6) to (23, 0)
FS EVICT 453 from (24, 4) to (23, 10)
FS EVICT 456 from (23, 6) to (23, 0)
FS EVICT 457 from (24, 4) to (23, 10)
FS DOORSEEN 458 id 8 at (7, 22) rank 2
FS DOORSEEN 458 id 20 at (7, 22) rank 2
FS EVICT 459 from (23, 6) to (23, 0)
FS EVICT 461 from (24, 4) to (23, 10)
FS EVICT 463 from (23, 6) to (23, 0)
FS EVICT 464 from (24, 4) to (23, 10)
FS EVICT 467 from (23, 6) to (23, 0)
FS EVICT 468 from (24, 4) to (23, 10)
FS EVICT 470 from (23, 6) to (23, 0)
FS EVICT 472 from (24, 4) to (23, 10)
FS EVICT 474 from (23, 6) to (23, 0)
FS EVICT 475 from (24, 4) to (23, 10)
FS EVICT 478 from (23, 6) to (23, 0)
FS EVICT 479 from (24, 4) to (23, 10)
FS EVICT 481 from (23, 6) to (23, 0)
FS EVICT 483 from (24, 4) to (23, 10)
FS EVICT 485 from (23, 6) to (23, 0)
FS DOORSEEN 486 id 8 at (7, 27) rank 2
FS EVICT 486 from (24, 4) to (23, 10)
FS EVICT 489 from (23, 6) to (23, 0)
FS EVICT 490 from (24, 4) to (23, 10)
FS EVICT 492 from (23, 6) to (23, 0)
FS EVICT 494 from (24, 4) to (23, 10)
FS EVICT 496 from (23, 6) to (23, 0)
FS EVICT 497 from (24, 4) to (23, 10)
FS EVICT 500 from (23, 6) to (23, 0)
FS EVICT 501 from (24, 4) to (23, 10)
FS EVICT 503 from (23, 6) to (23, 0)
FS EVICT 505 from (24, 4) to (23, 10)
FS EVICT 507 from (23, 6) to (23, 0)
FS EVICT 508 from (24, 4) to (23, 10)
FS EVICT 511 from (23, 6) to (23, 0)
FS EVICT 512 from (24, 4) to (23, 10)
FS DOORSEEN 513 id 8 at (1, 27) rank 1
FS EVICT 514 from (23, 6) to (23, 0)
FS DOORSEEN 515 id 26 at (7, 22) rank 2
FS EVICT 516 from (24, 4) to (23, 10)
FS DOOR 518 id 8 at (1, 27) n 1
FS EVICT 518 from (23, 6) to (23, 0)
FS DOOR 519 id 8 at (1, 27) n 2
FS EVICT 519 from (24, 4) to (23, 10)
FS DOOR 520 id 8 at (1, 27) n 3
FS DOOR 521 id 8 at (1, 27) n 4
FS DOOR 522 id 8 at (1, 27) n 5
FS EVICT 522 from (23, 6) to (23, 0)
FS DOOR 523 id 8 at (1, 27) n 6
FS EVICT 523 from (24, 4) to (23, 10)
FS DOOR 524 id 8 at (1, 27) n 7
FS DOOR 525 id 8 at (1, 27) n 8
FS EVICT 525 from (23, 6) to (23, 0)
FS DOOR 526 id 8 at (1, 27) n 9
FS DOOR 527 id 8 at (1, 27) n 10
FS EVICT 527 from (24, 4) to (23, 10)
FS DOOR 528 id 8 at (1, 27) n 11
FS DOOR 529 id 8 at (1, 27) n 12
FS EVICT 529 from (23, 6) to (23, 0)
FS DOOR 530 id 8 at (1, 27) n 13
FS EVICT 530 from (24, 4) to (23, 10)
FS DOORSEEN 531 id 5 at (7, 22) rank 2
FS DOOR 531 id 8 at (1, 27) n 14
FS DOOR 532 id 8 at (1, 27) n 15
FS DOOR 533 id 8 at (1, 27) n 16
FS EVICT 533 from (23, 6) to (23, 0)
FS DOOR 534 id 8 at (1, 27) n 17
FS EVICT 534 from (24, 4) to (23, 10)
FS DOOR 535 id 8 at (1, 27) n 18
FS DOOR 536 id 8 at (1, 27) n 19
FS EVICT 536 from (23, 6) to (23, 0)
FS DOOR 537 id 8 at (1, 27) n 20
FS DOOR 538 id 8 at (1, 27) n 21
FS EVICT 538 from (24, 4) to (23, 10)
FS DOOR 539 id 8 at (1, 27) n 22
FS DOOR 540 id 8 at (1, 27) n 23
FS EVICT 540 from (23, 6) to (23, 0)
FS DOOR 541 id 8 at (1, 27) n 24
FS EVICT 541 from (24, 4) to (23, 10)
FS DOOR 542 id 8 at (1, 27) n 25
FS DOOR 543 id 8 at (1, 27) n 26
FS DOOR 544 id 8 at (1, 27) n 27
FS EVICT 544 from (23, 6) to (23, 0)
FS DOOR 545 id 8 at (1, 27) n 28
FS EVICT 545 from (24, 4) to (23, 10)
FS DOOR 546 id 8 at (1, 27) n 29
FS DOOR 547 id 8 at (1, 27) n 30
FS EVICT 547 from (23, 6) to (23, 0)
FS DOOR 548 id 8 at (1, 27) n 31
FS DOOR 549 id 8 at (1, 27) n 32
FS EVICT 549 from (24, 4) to (23, 10)
FS DOOR 550 id 8 at (1, 27) n 33
FS DOOR 551 id 8 at (1, 27) n 34
FS EVICT 551 from (23, 6) to (23, 0)
FS DOOR 552 id 8 at (1, 27) n 35
FS EVICT 552 from (24, 4) to (23, 10)
FS DOOR 553 id 8 at (1, 27) n 36
FS EVICT 555 from (23, 6) to (23, 0)
FS EVICT 556 from (24, 4) to (23, 10)
FS EVICT 558 from (23, 6) to (23, 0)
FS EVICT 560 from (24, 4) to (23, 10)
FS EVICT 562 from (23, 6) to (23, 0)
FS EVICT 563 from (24, 4) to (23, 10)
FS EVICT 566 from (23, 6) to (23, 0)
FS EVICT 567 from (24, 4) to (23, 10)
