Update available: 2.3.6 -> 2.3.8. Run: pip install --upgrade fcode
FS GATE 0 sig (18, 18, (2, 14), (14, 2)) ok 1
FS GATE 1 sig (18, 18, (2, 14), (14, 2)) ok 1
FS PHASE 1 id 4 ph 1 d 200 at (13, 4)
FS HOPBUILD 1 at (13, 4) lch (13, 5) T (1, 16)
FS GATE 2 sig (18, 18, (2, 14), (14, 2)) ok 1
FS GATE 2 sig (18, 18, (2, 14), (14, 2)) ok 1
FS THROW 2 from (12, 4) to (9, 8) T (1, 16) body 4 n 1 dsq 72
FS HOPBUILD 3 at (9, 8) lch (9, 9) T (1, 16)
FS GATE 3 sig (18, 18, (2, 14), (14, 2)) ok 1
FS GATE 4 sig (18, 18, (2, 14), (14, 2)) ok 1
FS THROW 4 from (8, 8) to (5, 12) T (1, 16) body 4 n 1 dsq 8
ECO514 5 harv 1 mouth 1 held 1 conn 0 deliv 1
FS ARRIVE 5 id 4 body 1 at (5, 12) dsq 8
FS PHASE 5 id 4 ph 2 d 8 at (5, 12)
FS SEAL 7 tile (3, 13) n 1
FS GATE 7 sig (18, 18, (2, 14), (14, 2)) ok 1
FS GATE 8 sig (18, 18, (2, 14), (14, 2)) ok 1
ECO514 9 harv 2 mouth 1 held 1 conn 1 deliv 1
FS SEAL 9 tile (2, 13) n 2
FS GATE 9 sig (18, 18, (2, 14), (14, 2)) ok 1
FS SEAL 11 tile (1, 13) n 3
FS SEAL 14 tile (3, 13) n 4
FS DOORSEEN 15 id 6 at (10, 7) rank 1
FS DOORSEEN 15 id 20 at (10, 7) rank 1
FS SEAL 17 tile (4, 14) n 5
FS SEAL 18 tile (3, 13) n 6
FS STAT 20 id 4 at (5, 13) need 5 orth 5 ti 100 ammo 24 sen 0 hp 22 covden 0 eco 1 lost 0
FS EVICTOR 20 at (5, 14) ucov 0 cov 2 unseal 2 obs 18
FS RUNG 20 id 4 r 2 hi -
FS GATE 21 sig (18, 18, (2, 14), (14, 2)) ok 1
FS SEAL 24 tile (3, 13) n 7
FS DOOR 25 id 20 at (10, 7) n 1
FS DOOR 26 id 20 at (10, 7) n 2
FS DOOR 27 id 20 at (10, 7) n 3
FS DOOR 28 id 20 at (10, 7) n 4
FS DOOR 29 id 20 at (10, 7) n 5
FS DOOR 30 id 20 at (10, 7) n 6
FS DOOR 31 id 20 at (10, 7) n 7
FS SEAL 32 tile (4, 15) n 8
FS DOOR 32 id 20 at (10, 7) n 8
FS DOOR 33 id 20 at (10, 7) n 9
FS DOOR 34 id 20 at (10, 7) n 10
FS DOOR 35 id 20 at (10, 7) n 11
FS DOOR 36 id 20 at (10, 7) n 12
FS DOOR 37 id 20 at (10, 7) n 13
FS DOOR 38 id 20 at (10, 7) n 14
FS CLEAR 39 tile (3, 16) peck 1
FS RUNG 39 id 4 r 3 hi -
FS DOOR 39 id 20 at (10, 7) n 15
FS STAT 40 id 4 at (4, 16) need 3 orth 3 ti 94 ammo 24 sen 0 hp 22 covden 0 eco 1 lost 0
FS CLEAR 40 tile (3, 16) peck 2
FS RUNG 40 id 4 r 3 hi -
FS DOOR 40 id 20 at (10, 7) n 16
FS CLEAR 41 tile (3, 16) peck 3
FS RUNG 41 id 4 r 3 hi -
FS DOOR 41 id 20 at (10, 7) n 17
FS CLEAR 42 tile (3, 16) peck 4
FS RUNG 42 id 4 r 3 hi -
FS DOOR 42 id 20 at (10, 7) n 18
FS CLEAR 43 tile (3, 16) peck 5
FS RUNG 43 id 4 r 3 hi -
FS DOOR 43 id 20 at (10, 7) n 19
FS DOORSEEN 43 id 21 at (10, 7) rank 0
FS CLEAR 44 tile (3, 16) peck 6
FS RUNG 44 id 4 r 3 hi -
FS DOOR 44 id 20 at (10, 7) n 20
FS CLEAR 45 tile (3, 16) peck 7
FS RUNG 45 id 4 r 3 hi -
FS STAT 60 id 4 at (4, 16) need 3 orth 3 ti 22 ammo 21 sen 0 hp 22 covden 0 eco 1 lost 0
FS CLEAR 66 tile (3, 16) peck 1
FS RUNG 66 id 4 r 3 hi -
FS CLEAR 67 tile (3, 16) peck 2
FS RUNG 67 id 4 r 3 hi -
FS CLEAR 68 tile (3, 16) peck 3
FS RUNG 68 id 4 r 3 hi -
FS CLEARED 69 tile (3, 16) n 1
FS SEAL 69 tile (3, 16) n 9
FS SEALCLR 69 tile (3, 16) lag 0
FS SEAL 74 tile (3, 16) n 10
FS SEAL 79 tile (3, 16) n 11
FS STAT 80 id 4 at (4, 16) need 2 orth 2 ti 109 ammo 24 sen 0 hp 22 covden 0 eco 1 lost 0
FS SENTINEL 80 at (4, 17) face NORTHWEST tgt (2, 15) score 8 n 1 onring 0 lost 0 gate (1, 1, 9) onsray 0 olddsq -1
FS RUNG 80 id 4 r 4 hi -
FS PHASE 81 id 4 ph 5 d 2 at (4, 16)
FS SEAL 82 tile (3, 16) n 12
FS SEAL 86 tile (3, 16) n 13
FS SEAL 90 tile (3, 16) n 14
FS EVICT 90 from (4, 13) to (10, 13)
FS SEAL 94 tile (3, 16) n 15
FS EVICT 94 from (6, 13) to (0, 13)
FS SEAL 98 tile (3, 16) n 16
FS STAT 100 id 4 at (4, 16) need 2 orth 2 ti 14 ammo 48 sen 1 hp 22 covden 0 eco 1 lost 0
FS SEAL 102 tile (3, 16) n 17
FS SEAL 106 tile (3, 16) n 18
FS SEAL 110 tile (3, 16) n 19
FS SEAL 114 tile (3, 16) n 20
FS SEAL 118 tile (3, 16) n 21
FS STAT 120 id 4 at (4, 16) need 2 orth 2 ti 48 ammo 24 sen 1 hp 22 covden 0 eco 1 lost 0
FS SEAL 122 tile (3, 16) n 22
FS EVICT 129 from (4, 13) to (10, 13)
FS EVICT 133 from (6, 13) to (0, 13)
FS EVICT 139 from (4, 13) to (10, 13)
FS EVICT 144 from (6, 13) to (0, 13)
FS EVICT 150 from (4, 13) to (10, 13)
FS EVICT 155 from (6, 14) to (0, 13)
FS EVICT 162 from (4, 13) to (10, 13)
FS GATE 163 sig (18, 18, (2, 14), (14, 2)) ok 1
FS PHASE 163 id 230 ph 1 d 338 at (16, 1)
FS GATE 166 sig (18, 18, (2, 14), (14, 2)) ok 1
FS EVICT 167 from (6, 14) to (0, 13)
FS HOPBUILD 167 at (13, 2) lch (12, 2) T (1, 16)
FS GATE 168 sig (18, 18, (2, 14), (14, 2)) ok 1
FS THROW 168 from (13, 2) to (8, 5) T (1, 16) body 230 n 1 dsq 106
FS HOPBUILD 169 at (8, 5) lch (7, 5) T (1, 16)
FS GATE 170 sig (18, 18, (2, 14), (14, 2)) ok 1
FS THROW 170 from (8, 5) to (4, 9) T (1, 16) body 230 n 1 dsq 26
FS EVICT 173 from (4, 13) to (10, 13)
FS ARRIVE 174 id 230 body 1 at (4, 12) dsq 5
FS PHASE 174 id 230 ph 2 d 5 at (4, 12)
FS CLEAR 175 tile (3, 13) peck 1
FS RUNG 175 id 230 r 3 hi -
FS CLEAR 176 tile (3, 13) peck 2
FS RUNG 176 id 230 r 3 hi -
FS CLEAR 177 tile (3, 13) peck 3
FS RUNG 177 id 230 r 3 hi -
FS EVICT 178 from (6, 14) to (0, 13)
FS CLEAR 178 tile (3, 13) peck 4
FS RUNG 178 id 230 r 3 hi -
FS GATE 192 sig (18, 18, (2, 14), (14, 2)) ok 1
FS PHASE 192 id 264 ph 1 d 269 at (16, 4)
FS HOPBUILD 192 at (16, 4) lch (16, 5) T (1, 16)
FS GATE 193 sig (18, 18, (2, 14), (14, 2)) ok 1
FS THROW 193 from (15, 4) to (12, 8) T (1, 16) body 264 n 1 dsq 117
FS HOPBUILD 194 at (12, 8) lch (11, 8) T (1, 16)
FS GATE 195 sig (18, 18, (2, 14), (14, 2)) ok 1
FS THROW 195 from (12, 9) to (8, 12) T (1, 16) body 264 n 1 dsq 29
FS ARRIVE 199 id 264 body 1 at (5, 12) dsq 8
FS PHASE 199 id 264 ph 2 d 8 at (5, 12)
FS STAT 200 id 264 at (4, 12) need 6 orth 5 ti 60 ammo 60 sen 0 hp 40 covden 0 eco 1 lost 0
FS DODGE 201 id 264 from (3, 12) to (3, 11) cov 1 -> 0 hit 0 hp 22
FS EVICT 215 from (4, 13) to (10, 13)
FS GATE 216 sig (18, 18, (2, 14), (14, 2)) ok 1
FS PHASE 216 id 291 ph 1 d 244 at (15, 4)
FS HOPBUILD 216 at (15, 4) lch (15, 5) T (1, 16)
FS GATE 217 sig (18, 18, (2, 14), (14, 2)) ok 1
FS THROW 217 from (14, 4) to (11, 8) T (1, 16) body 291 n 1 dsq 100
FS HOPBUILD 218 at (11, 8) lch (10, 8) T (1, 16)
FS GATE 219 sig (18, 18, (2, 14), (14, 2)) ok 1
FS THROW 219 from (11, 8) to (7, 12) T (1, 16) body 291 n 1 dsq 20
FS EVICT 221 from (4, 13) to (10, 13)
FS ARRIVE 223 id 291 body 1 at (5, 13) dsq 5
FS PHASE 223 id 291 ph 2 d 5 at (5, 13)
FS CLEAR 224 tile (3, 13) peck 1
FS RUNG 224 id 291 r 3 hi -
FS CLEAR 225 tile (3, 13) peck 2
FS RUNG 225 id 291 r 3 hi -
FS CLEAR 226 tile (3, 13) peck 3
FS RUNG 226 id 291 r 3 hi -
FS CLEAR 227 tile (3, 13) peck 4
FS RUNG 227 id 291 r 3 hi -
FS DODGE 228 id 291 from (4, 13) to (5, 13) cov 1 -> 0 hit 0 hp 40
FS EVICT 229 from (4, 13) to (10, 13)
FS DODGE 230 id 291 from (4, 13) to (5, 13) cov 1 -> 0 hit 0 hp 33
FS DODGE 231 id 291 from (5, 13) to (6, 13) cov 1 -> 0 hit 0 hp 33
FS DODGE 233 id 291 from (5, 13) to (6, 13) cov 1 -> 0 hit 0 hp 26
FS EVICT 234 from (6, 14) to (0, 13)
FS SENTINEL 234 at (6, 12) face SOUTHWEST tgt (3, 15) score 18 n 1 onring 0 lost 0 gate (1, 1, 9) onsray 0 olddsq -1
FS RUNG 234 id 291 r 4 hi -
FS PHASE 235 id 291 ph 5 d 10 at (6, 13)
FS DODGE 236 id 291 from (5, 13) to (4, 13) cov 1 -> 0 hit 0 hp 19
FS DODGE 238 id 291 from (3, 13) to (4, 13) cov 2 -> 0 hit 0 hp 1
FS GATE 254 sig (18, 18, (2, 14), (14, 2)) ok 1
FS PHASE 254 id 337 ph 1 d 221 at (14, 4)
FS HOPBUILD 254 at (14, 4) lch (13, 4) T (1, 16)
FS GATE 255 sig (18, 18, (2, 14), (14, 2)) ok 1
FS THROW 255 from (14, 5) to (10, 8) T (1, 16) body 337 n 1 dsq 85
FS HOPBUILD 258 at (12, 8) lch (11, 8) T (1, 16)
FS GATE 259 sig (18, 18, (2, 14), (14, 2)) ok 1
FS THROW 259 from (12, 9) to (8, 12) T (1, 16) body 337 n 1 dsq 29
FS ARRIVE 264 id 337 body 1 at (5, 13) dsq 5
FS PHASE 264 id 337 ph 2 d 5 at (5, 13)
FS DODGE 264 id 337 from (5, 13) to (4, 13) cov 1 -> 0 hit 0 hp 1
FS CLEAR 265 tile (3, 13) peck 1
FS RUNG 265 id 337 r 3 hi -
FS CLEAR 266 tile (3, 13) peck 2
FS RUNG 266 id 337 r 3 hi -
FS CLEAR 267 tile (3, 13) peck 3
FS RUNG 267 id 337 r 3 hi -
FS CLEAR 268 tile (3, 13) peck 4
FS RUNG 268 id 337 r 3 hi -
FS CLEAR 269 tile (3, 13) peck 5
FS RUNG 269 id 337 r 3 hi -
FS CLEAR 270 tile (3, 13) peck 6
FS RUNG 270 id 337 r 3 hi -
FS CLEAR 271 tile (3, 13) peck 7
FS RUNG 271 id 337 r 3 hi -
FS CLEAR 272 tile (3, 13) peck 8
FS RUNG 272 id 337 r 3 hi -
FS GATE 286 sig (18, 18, (2, 14), (14, 2)) ok 1
FS PHASE 286 id 374 ph 1 d 269 at (13, 1)
FS HOPBUILD 287 at (13, 2) lch (12, 2) T (1, 16)
FS GATE 288 sig (18, 18, (2, 14), (14, 2)) ok 1
FS THROW 288 from (13, 2) to (8, 5) T (1, 16) body 374 n 1 dsq 106
FS HOPBUILD 289 at (8, 5) lch (7, 5) T (1, 16)
FS GATE 290 sig (18, 18, (2, 14), (14, 2)) ok 1
FS THROW 290 from (8, 5) to (4, 9) T (1, 16) body 374 n 1 dsq 26
FS HOPBUILD 291 at (4, 9) lch (4, 10) T (1, 16)
FS GATE 292 sig (18, 18, (2, 14), (14, 2)) ok 1
FS THROW 292 from (4, 9) to (1, 14) T (1, 16) body 374 n 1 dsq 1
FS ARRIVE 293 id 374 body 1 at (1, 14) dsq 1
FS PHASE 293 id 374 ph 2 d 1 at (1, 14)
FS DODGE 293 id 374 from (1, 14) to (1, 15) cov 2 -> 1 hit 0 hp 40
FS DODGE 294 id 374 from (1, 15) to (0, 15) cov 1 -> 0 hit 0 hp 33
FS CLEAR 298 tile (1, 15) peck 1
FS RUNG 298 id 374 r 3 hi -
FS CLEAR 299 tile (1, 15) peck 2
FS RUNG 299 id 374 r 3 hi -
FS STAT 300 id 374 at (0, 15) need 8 orth 7 ti 81 ammo 80 sen 0 hp 33 covden 0 eco 1 lost 0
FS CLEAR 300 tile (1, 15) peck 3
FS RUNG 300 id 374 r 3 hi -
FS CLEAR 301 tile (1, 15) peck 4
FS RUNG 301 id 374 r 3 hi -
FS CLEAR 302 tile (1, 15) peck 5
FS RUNG 302 id 374 r 3 hi -
FS CLEAR 303 tile (1, 15) peck 6
FS RUNG 303 id 374 r 3 hi -
FS CLEAR 304 tile (1, 15) peck 7
FS RUNG 304 id 374 r 3 hi -
FS CLEAR 305 tile (1, 15) peck 8
FS RUNG 305 id 374 r 3 hi -
FS GATE 317 sig (18, 18, (2, 14), (14, 2)) ok 1
FS PHASE 317 id 409 ph 1 d 200 at (13, 4)
FS HOPBUILD 317 at (13, 4) lch (13, 5) T (1, 16)
FS GATE 318 sig (18, 18, (2, 14), (14, 2)) ok 1
FS THROW 318 from (13, 4) to (10, 8) T (1, 16) body 409 n 1 dsq 85
FS HOPBUILD 320 at (11, 8) lch (10, 8) T (1, 16)
FS GATE 321 sig (18, 18, (2, 14), (14, 2)) ok 1
FS THROW 321 from (11, 8) to (7, 12) T (1, 16) body 409 n 1 dsq 20
FS HOPBUILD 322 at (7, 12) lch (6, 12) T (1, 16)
FS GATE 323 sig (18, 18, (2, 14), (14, 2)) ok 1
FS THROW 323 from (7, 13) to (3, 16) T (1, 16) body 409 n 1 dsq 1
FS ARRIVE 324 id 409 body 1 at (3, 16) dsq 1
FS PHASE 324 id 409 ph 2 d 1 at (3, 16)
FS DODGE 324 id 409 from (3, 16) to (4, 16) cov 1 -> 0 hit 0 hp 4
FS GATE 338 sig (18, 18, (2, 14), (14, 2)) ok 1
FS PHASE 338 id 442 ph 1 d 313 at (16, 2)
FS HOPBUILD 339 at (16, 3) lch (16, 4) T (1, 16)
FS GATE 340 sig (18, 18, (2, 14), (14, 2)) ok 1
FS THROW 340 from (16, 3) to (12, 7) T (1, 16) body 442 n 1 dsq 130
FS HOPBUILD 342 at (12, 8) lch (11, 8) T (1, 16)
FS GATE 343 sig (18, 18, (2, 14), (14, 2)) ok 1
FS THROW 343 from (12, 9) to (8, 12) T (1, 16) body 442 n 1 dsq 29
FS DOORSEEN 394 id 9 at (12, 6) rank 1
FS DOORSEEN 394 id 20 at (12, 6) rank 1
FS DOORSEEN 394 id 21 at (12, 6) rank 1
FS GATE 398 sig (18, 18, (2, 14), (14, 2)) ok 1
FS PHASE 398 id 538 ph 1 d 313 at (16, 2)
FS HOPBUILD 400 at (17, 3) lch (17, 4) T (1, 16)
FS GATE 401 sig (18, 18, (2, 14), (14, 2)) ok 1
FS THROW 401 from (17, 3) to (13, 7) T (1, 16) body 538 n 1 dsq 149
FS HOPBUILD 402 at (13, 7) lch (12, 7) T (1, 16)
FS GATE 403 sig (18, 18, (2, 14), (14, 2)) ok 1
FS THROW 403 from (13, 8) to (8, 10) T (1, 16) body 538 n 1 dsq 41
FS HOPBUILD 404 at (8, 10) lch (7, 10) T (1, 16)
FS GATE 405 sig (18, 18, (2, 14), (14, 2)) ok 1
FS THROW 405 from (8, 10) to (3, 13) T (1, 16) body 538 n 1 dsq 1
FS ARRIVE 406 id 538 body 1 at (3, 13) dsq 1
FS PHASE 406 id 538 ph 2 d 1 at (3, 13)
FS DODGE 406 id 538 from (3, 13) to (2, 13) cov 2 -> 0 hit 0 hp 22
FS DOORSEEN 446 id 6 at (12, 6) rank 1
FS DOORSEEN 446 id 9 at (12, 6) rank 1
FS DOOR 446 id 9 at (12, 6) n 1
FS DOORSEEN 446 id 20 at (12, 6) rank 1
FS DOOR 447 id 9 at (12, 6) n 2
FS DOOR 448 id 6 at (12, 6) n 1
FS DOOR 448 id 9 at (12, 6) n 3
FS DOOR 449 id 6 at (12, 6) n 2
FS DOOR 449 id 9 at (12, 6) n 4
FS DOOR 450 id 6 at (12, 6) n 3
FS DOOR 450 id 9 at (12, 6) n 5
FS DOORSEEN 460 id 6 at (13, 4) rank 0
FS DOORSEEN 460 id 9 at (13, 4) rank 0
FS DOORSEEN 460 id 20 at (13, 4) rank 0
FS DOORSEEN 460 id 21 at (13, 4) rank 0
FS GATE 486 sig (18, 18, (2, 14), (14, 2)) ok 1
FS GATE 494 sig (18, 18, (2, 14), (14, 2)) ok 1
FS GATE 518 sig (18, 18, (2, 14), (14, 2)) ok 1
FS DOORSEEN 520 id 6 at (12, 5) rank 1
FS DOORSEEN 523 id 21 at (12, 5) rank 0
FS DOORSEEN 524 id 20 at (12, 5) rank 0
FS DOOR 525 id 6 at (12, 5) n 4
FS DOORSEEN 525 id 9 at (12, 5) rank 0
FS DOOR 526 id 6 at (12, 5) n 5
FS GATE 562 sig (18, 18, (2, 14), (14, 2)) ok 1
FS PHASE 562 id 815 ph 1 d 269 at (16, 4)
FS HOPBUILD 563 at (17, 4) lch (16, 4) T (1, 16)
FS GATE 564 sig (18, 18, (2, 14), (14, 2)) ok 1
FS THROW 564 from (17, 5) to (12, 7) T (1, 16) body 815 n 1 dsq 130
FS HOPBUILD 565 at (12, 7) lch (12, 8) T (1, 16)
FS GATE 566 sig (18, 18, (2, 14), (14, 2)) ok 1
FS THROW 566 from (12, 7) to (9, 12) T (1, 16) body 815 n 1 dsq 40
FS HOPBUILD 569 at (9, 14) lch (8, 14) T (1, 16)
FS GATE 570 sig (18, 18, (2, 14), (14, 2)) ok 1
FS THROW 570 from (9, 15) to (4, 16) T (1, 16) body 815 n 1 dsq 2
