Update available: 2.3.6 -> 2.3.8. Run: pip install --upgrade fcode
FS GATE 0 sig (30, 30, (14, 2), (14, 26)) ok 1
FS GATE 1 sig (30, 30, (14, 2), (14, 26)) ok 1
FS PHASE 1 id 4 ph 1 d 484 at (14, 25)
FS HOPBUILD 1 at (14, 25) lch (14, 24) T (16, 1)
FS GATE 2 sig (30, 30, (14, 2), (14, 26)) ok 1
FS GATE 2 sig (30, 30, (14, 2), (14, 26)) ok 1
FS THROW 2 from (15, 25) to (15, 19) T (16, 1) body 4 n 1 dsq 256
FS HOPBUILD 3 at (15, 19) lch (15, 18) T (16, 1)
FS GATE 3 sig (30, 30, (14, 2), (14, 26)) ok 1
FS GATE 4 sig (30, 30, (14, 2), (14, 26)) ok 1
FS THROW 4 from (16, 19) to (16, 13) T (16, 1) body 4 n 1 dsq 101
FS HOPBUILD 5 at (16, 13) lch (16, 12) T (16, 1)
FS GATE 6 sig (30, 30, (14, 2), (14, 26)) ok 1
FS THROW 6 from (16, 13) to (16, 7) T (16, 1) body 4 n 1 dsq 17
FS HOPBUILD 7 at (16, 7) lch (16, 6) T (16, 1)
FS GATE 8 sig (30, 30, (14, 2), (14, 26)) ok 1
FS THROW 8 from (16, 7) to (16, 1) T (16, 1) body 4 n 1 dsq 2
FS ARRIVE 9 id 4 body 1 at (16, 1) dsq 2
FS PHASE 9 id 4 ph 2 d 2 at (16, 1)
FS SEAL 9 tile (15, 1) n 1
FS SEAL 10 tile (16, 2) n 2
FS DODGE 11 id 4 from (16, 1) to (16, 0) cov 1 -> 0 hit 0 hp 40
FS GATE 11 sig (30, 30, (14, 2), (14, 26)) ok 1
FS GATE 12 sig (30, 30, (14, 2), (14, 26)) ok 1
FS GATE 13 sig (30, 30, (14, 2), (14, 26)) ok 1
FS STAT 20 id 4 at (14, 0) need 8 orth 7 ti 76 ammo 0 sen 0 hp 40 covden 0 eco 0 lost 0
FS SEAL 20 tile (14, 1) n 3
FS SEAL 22 tile (13, 1) n 4
FS SEAL 27 tile (13, 1) n 5
ECO514 32 harv 1 mouth 1 held 1 conn 0 deliv 1
FS SEAL 33 tile (13, 2) n 6
FS SEAL 35 tile (13, 3) n 7
FS SEAL 38 tile (14, 4) n 8
FS STAT 40 id 4 at (13, 5) need 3 orth 3 ti 13 ammo 24 sen 0 hp 40 covden 0 eco 0 lost 0
FS SEAL 42 tile (15, 4) n 9
FS SEAL 45 tile (16, 3) n 10
FS DODGE 51 id 4 from (16, 1) to (16, 0) cov 1 -> 0 hit 0 hp 40
FS SEAL 53 tile (15, 1) n 11
FS PHASE 54 id 4 ph 3 d 4 at (15, 0)
FS DODGE 56 id 4 from (16, 1) to (16, 0) cov 1 -> 0 hit 0 hp 40
FS DODGE 58 id 4 from (16, 1) to (16, 0) cov 1 -> 0 hit 0 hp 40
FS STAT 60 id 4 at (16, 1) need 1 orth 0 ti 46 ammo 24 sen 0 hp 40 covden 0 eco 0 lost 0
FS DODGE 60 id 4 from (16, 1) to (16, 0) cov 1 -> 0 hit 0 hp 40
FS DODGE 62 id 4 from (16, 1) to (16, 0) cov 1 -> 0 hit 0 hp 40
FS DODGE 64 id 4 from (16, 1) to (16, 0) cov 1 -> 0 hit 0 hp 40
FS DODGE 66 id 4 from (16, 1) to (16, 0) cov 1 -> 0 hit 0 hp 40
FS DODGE 68 id 4 from (16, 1) to (16, 0) cov 1 -> 0 hit 0 hp 40
FS EVICTOR 69 at (15, 0) ucov 0 cov 7 unseal 0 obs 9
FS RUNG 69 id 4 r 2 hi -
FS GATE 70 sig (30, 30, (14, 2), (14, 26)) ok 1
FS DODGE 71 id 4 from (16, 1) to (16, 0) cov 1 -> 0 hit 0 hp 40
FS DODGE 73 id 4 from (16, 1) to (16, 0) cov 1 -> 0 hit 0 hp 40
FS DODGE 75 id 4 from (16, 1) to (16, 0) cov 1 -> 0 hit 0 hp 40
FS DODGE 77 id 4 from (16, 1) to (16, 0) cov 1 -> 0 hit 0 hp 22
FS DODGE 79 id 4 from (16, 1) to (16, 0) cov 1 -> 0 hit 0 hp 22
FS STAT 80 id 4 at (16, 0) need 1 orth 0 ti 90 ammo 24 sen 0 hp 22 covden 0 eco 0 lost 0
FS DODGE 81 id 4 from (16, 1) to (16, 0) cov 1 -> 0 hit 0 hp 22
FS DODGE 83 id 4 from (16, 1) to (16, 0) cov 1 -> 0 hit 0 hp 22
FS DODGE 85 id 4 from (16, 1) to (16, 0) cov 1 -> 0 hit 0 hp 22
FS DODGE 87 id 4 from (16, 1) to (16, 0) cov 1 -> 0 hit 0 hp 22
ECO514 89 harv 2 mouth 1 held 0 conn 1 deliv 1
FS DODGE 89 id 4 from (16, 1) to (16, 0) cov 1 -> 0 hit 0 hp 4
FS DODGE 91 id 4 from (16, 1) to (16, 0) cov 1 -> 0 hit 0 hp 4
