Running match: instg vs _v468kladturbo
  Map: archipelago.map26  Seed: 206  Replay: 
scratchpad/s51_v521_build/modeassert/reparchipelago/archipelago_s206_A.replay26 
TLE: 10ms
Completed turn 0
Completed turn 100
Completed turn 200
Completed turn 300
Completed turn 400
Completed turn 500
Completed turn 600
Completed turn 700
Completed turn 800
Completed turn 900
Replay written to 
scratchpad/s51_v521_build/modeassert/reparchipelago/archipelago_s206_A.replay26

  Winner: instg  (Core destroyed, turn 941)

                         instg     _v468kladturbo  
  Titanium     16 (2610 mined)    11 (2300 mined)  
  Units                      8                  7  
  Buildings                 15                 14  

