Running match: _v488beltbreak2 vs _v522floor
  Map: glacierkeep.map26  Seed: 73  Replay: 
scratchpad/s51_v522_build/grid/b25/repv522/glacierkeep_s73_B.replay26  TLE: 10ms
Completed turn 0
Completed turn 100
Completed turn 200
Completed turn 300
Completed turn 400
Completed turn 500
Completed turn 600
Completed turn 700
Completed turn 800
Completed turn 900
Replay written to 
scratchpad/s51_v522_build/grid/b25/repv522/glacierkeep_s73_B.replay26

  Winner: _v488beltbreak2  (Harvesters (tiebreak), turn 1000)

               _v488beltbreak2       _v522floor  
  Titanium       102 (0 mined)    182 (0 mined)  
  Units                     12                5  
  Buildings                 97               91  

