Update available: 2.3.6 -> 2.3.8. Run: pip install --upgrade fcode
RC MAP w 18 h 18 ours 14,2 theirs 2,14
RC ECO 0 harvstore 0 harvseen -1 ti 500 units 1 scale 100.0
RC ECO 1 harvstore 0 harvseen -1 ti 470 units 2 scale 120.0
RC SEAT 1 id 4 seat 0
RC POS 1 id 4 seat 0 role raid fs 1 body 1 pos 13,4 stuck 0
RC TEMPO 1 id 4 body 1 born 1 lp 0 must 0 why norid ride None ti 434 lcost 28 acd 0 mcd 0 pos 13,4 dsq 200
RC ECO 2 harvstore 0 harvseen -1 ti 434 units 3 scale 140.0
RC POS 2 id 4 seat 0 role raid fs 1 body 1 pos 13,4 stuck 1
RC TEMPO 2 id 4 body 1 born 1 lp 0 must 0 why norid ride None ti 392 lcost 32 acd 0 mcd 0 pos 13,4 dsq 200
RC SEAT 2 id 6 seat 1
APPT520 CLAIM 2 id 6
RC POS 2 id 6 seat 1 role raid fs 1 body 2 pos 13,3 stuck 0
RC TEMPO 2 id 6 body 2 born 2 lp 0 must 0 why norid ride None ti 392 lcost 32 acd 0 mcd 0 pos 13,3 dsq 221
RC ECO 3 harvstore 0 harvseen -1 ti 392 units 4 scale 160.0
RC POS 3 id 4 seat 0 role raid fs 1 body 1 pos 13,4 stuck 2
RC TEMPO 3 id 4 body 1 born 1 lp 0 must 1 why near1 ride None ti 344 lcost 36 acd 0 mcd 0 pos 13,4 dsq 200
RC HOP 3 lid 11 body 1 at 13,5 dsq 181
RC POS 3 id 6 seat 1 role raid fs 1 body 2 pos 13,3 stuck 1
RC TEMPO 3 id 6 body 2 born 2 lp 0 must 1 why near0 ride None ti 308 lcost 38 acd 0 mcd 0 pos 13,3 dsq 221
RC SEAT 3 id 8 seat 2
RC POS 3 id 8 seat 2 role expand fs 0 body 1 pos 13,1 stuck 0
RC ECO 4 harvstore 1 harvseen -1 ti 280 units 6 scale 195.0
RC POS 4 id 4 seat 0 role raid fs 1 body 1 pos 13,4 stuck 3
RC TEMPO 4 id 4 body 1 born 1 lp 1 must 1 why waitexp ride None ti 280 lcost 39 acd 0 mcd 0 pos 13,4 dsq 200
RC POS 4 id 6 seat 1 role raid fs 1 body 2 pos 12,3 stuck 0
RC TEMPO 4 id 6 body 2 born 2 lp 0 must 1 why near0 ride None ti 280 lcost 39 acd 0 mcd 0 pos 12,3 dsq 202
RC POS 4 id 8 seat 2 role expand fs 0 body 1 pos 13,1 stuck 1
RC SEAT 4 id 10 seat 3
RC POS 4 id 10 seat 3 role expand fs 0 body 1 pos 13,2 stuck 0
RC THROW 4 lid 11 body 4 n 1
RC ECO 5 harvstore 1 harvseen -1 ti 270 units 6 scale 197.0
RC POS 5 id 4 seat 0 role raid fs 1 body 1 pos 9,8 stuck 0
RC TEMPO 5 id 4 body 1 born 1 lp 0 must 1 why waitexp ride 4 ti 270 lcost 39 acd 0 mcd 0 pos 9,8 dsq 72
RC HOP 5 lid 19 body 1 at 9,9 dsq 61
RC POS 5 id 6 seat 1 role raid fs 1 body 2 pos 13,3 stuck 0
RC TEMPO 5 id 6 body 2 born 2 lp 0 must 1 why waitexp ride None ti 231 lcost 41 acd 0 mcd 0 pos 13,3 dsq 221
RC POS 5 id 8 seat 2 role expand fs 0 body 1 pos 13,1 stuck 2
RC POS 5 id 10 seat 3 role expand fs 0 body 1 pos 13,2 stuck 1
RC THROW 5 lid 11 body 6 n 2
RC ECO 6 harvstore 1 harvseen -1 ti 231 units 6 scale 197.0
RC POS 6 id 4 seat 0 role raid fs 1 body 1 pos 9,8 stuck 1
RC TEMPO 6 id 4 body 1 born 1 lp 1 must 1 why waitexp ride 4 ti 231 lcost 39 acd 0 mcd 0 pos 9,8 dsq 72
RC POS 6 id 6 seat 1 role raid fs 1 body 2 pos 10,9 stuck 0
RC TEMPO 6 id 6 body 2 born 2 lp 1 must 1 why waitexp ride None ti 231 lcost 39 acd 0 mcd 0 pos 10,9 dsq 74
RC POS 6 id 8 seat 2 role expand fs 0 body 1 pos 14,1 stuck 0
RC POS 6 id 10 seat 3 role expand fs 0 body 1 pos 13,3 stuck 0
RC THROW 6 lid 19 body 4 n 1
RC ECO 7 harvstore 1 harvseen -1 ti 241 units 6 scale 197.0
RC POS 7 id 4 seat 0 role raid fs 1 body 1 pos 5,12 stuck 0
RC ARRIVE 7 id 4 body 1 dsq 8
ARC520 CLAIM 7 id 4 body 1 arc 1 at (5, 12)
RC POS 7 id 6 seat 1 role raid fs 1 body 2 pos 10,10 stuck 0
RC TEMPO 7 id 6 body 2 born 2 lp 1 must 1 why waitexp ride 6 ti 241 lcost 39 acd 0 mcd 0 pos 10,10 dsq 65
RC POS 7 id 8 seat 2 role expand fs 0 body 1 pos 15,1 stuck 0
RC POS 7 id 10 seat 3 role expand fs 0 body 1 pos 13,4 stuck 0
RC THROW 7 lid 19 body 6 n 2
RC ECO 8 harvstore 1 harvseen -1 ti 251 units 5 scale 187.0
RC POS 8 id 4 seat 0 role raid fs 1 body 1 pos 5,13 stuck 0
RC POS 8 id 6 seat 1 role raid fs 1 body 2 pos 5,12 stuck 0
RC ARRIVE 8 id 6 body 2 dsq 8
ARC520 COLLIDE 8 id 6 body 2 peer 1 took 2 n 1
ARC520 CLAIM 8 id 6 body 2 arc 2 at (5, 12)
RC POS 8 id 8 seat 2 role expand fs 0 body 1 pos 15,0 stuck 0
RC POS 8 id 10 seat 3 role expand fs 0 body 1 pos 12,4 stuck 0
RC ECO 9 harvstore 2 harvseen -1 ti 154 units 6 scale 212.0
RC POS 9 id 4 seat 0 role raid fs 1 body 1 pos 4,13 stuck 0
RC POS 9 id 6 seat 1 role raid fs 1 body 2 pos 4,12 stuck 0
RC POS 9 id 8 seat 2 role expand fs 0 body 1 pos 15,0 stuck 1
RC POS 9 id 10 seat 3 role expand fs 0 body 1 pos 12,5 stuck 0
RC SEAT 9 id 25 seat 4
RC POS 9 id 25 seat 4 role defend fs 0 body 1 pos 15,1 stuck 0
RC ECO 10 harvstore 2 harvseen -1 ti 78 units 7 scale 225.0
RC POS 10 id 4 seat 0 role raid fs 1 body 1 pos 4,13 stuck 1
RC POS 10 id 6 seat 1 role raid fs 1 body 2 pos 4,12 stuck 1
RC POS 10 id 8 seat 2 role expand fs 0 body 1 pos 15,0 stuck 2
RC POS 10 id 10 seat 3 role expand fs 0 body 1 pos 12,6 stuck 0
RC POS 10 id 25 seat 4 role defend fs 0 body 1 pos 15,1 stuck 1
RC ECO 11 harvstore 2 harvseen -1 ti 82 units 7 scale 226.0
RC POS 11 id 4 seat 0 role raid fs 1 body 1 pos 4,13 stuck 2
RC POS 11 id 6 seat 1 role raid fs 1 body 2 pos 5,12 stuck 0
RC POS 11 id 8 seat 2 role expand fs 0 body 1 pos 14,0 stuck 0
RC POS 11 id 10 seat 3 role expand fs 0 body 1 pos 12,7 stuck 0
RC POS 11 id 25 seat 4 role defend fs 0 body 1 pos 14,1 stuck 0
RC ECO 12 harvstore 2 harvseen -1 ti 102 units 7 scale 226.0
RC POS 12 id 4 seat 0 role raid fs 1 body 1 pos 5,13 stuck 0
RC POS 12 id 6 seat 1 role raid fs 1 body 2 pos 4,12 stuck 0
RC POS 12 id 8 seat 2 role expand fs 0 body 1 pos 13,0 stuck 0
RC POS 12 id 10 seat 3 role expand fs 0 body 1 pos 12,8 stuck 0
RC POS 12 id 25 seat 4 role defend fs 0 body 1 pos 13,1 stuck 0
RC ECO 13 harvstore 2 harvseen -1 ti 102 units 7 scale 226.0
RC POS 13 id 4 seat 0 role raid fs 1 body 1 pos 4,13 stuck 0
RC POS 13 id 6 seat 1 role raid fs 1 body 2 pos 5,12 stuck 0
RC POS 13 id 8 seat 2 role expand fs 0 body 1 pos 12,0 stuck 0
RC POS 13 id 10 seat 3 role expand fs 0 body 1 pos 11,8 stuck 0
RC POS 13 id 25 seat 4 role defend fs 0 body 1 pos 13,2 stuck 0
RC ECO 14 harvstore 2 harvseen -1 ti 102 units 7 scale 226.0
RC POS 14 id 4 seat 0 role raid fs 1 body 1 pos 5,13 stuck 0
RC POS 14 id 6 seat 1 role raid fs 1 body 2 pos 4,12 stuck 0
RC POS 14 id 8 seat 2 role expand fs 0 body 1 pos 11,0 stuck 0
RC POS 14 id 10 seat 3 role expand fs 0 body 1 pos 10,8 stuck 0
RC POS 14 id 25 seat 4 role defend fs 0 body 1 pos 13,3 stuck 0
RC ECO 15 harvstore 3 harvseen -1 ti 67 units 6 scale 211.0
RC POS 15 id 4 seat 0 role raid fs 1 body 1 pos 4,13 stuck 0
RC POS 15 id 8 seat 2 role expand fs 0 body 1 pos 11,1 stuck 0
RC POS 15 id 10 seat 3 role expand fs 0 body 1 pos 10,8 stuck 1
RC POS 15 id 25 seat 4 role defend fs 0 body 1 pos 13,4 stuck 0
RC ECO 16 harvstore 3 harvseen -1 ti 81 units 6 scale 212.0
RC POS 16 id 4 seat 0 role raid fs 1 body 1 pos 4,12 stuck 0
RC POS 16 id 8 seat 2 role expand fs 0 body 1 pos 11,2 stuck 0
RC POS 16 id 10 seat 3 role expand fs 0 body 1 pos 10,8 stuck 2
RC POS 16 id 25 seat 4 role defend fs 0 body 1 pos 14,4 stuck 0
RC SPLIT 16 lid 32 body 4 arc 2 n 1
SPLIT520 16 lch (3, 12) body 4 arc 2 to (1, 14) dsq 1 walk 0 n 1
RC ECO 17 harvstore 3 harvseen -1 ti 81 units 6 scale 212.0
RC POS 17 id 4 seat 0 role raid fs 1 body 1 pos 1,14 stuck 0
RC POS 17 id 8 seat 2 role expand fs 0 body 1 pos 11,3 stuck 0
RC POS 17 id 10 seat 3 role expand fs 0 body 1 pos 11,8 stuck 0
RC POS 17 id 25 seat 4 role defend fs 0 body 1 pos 13,4 stuck 0
RC ECO 18 harvstore 3 harvseen -1 ti 69 units 6 scale 214.0
RC POS 18 id 4 seat 0 role raid fs 1 body 1 pos 1,14 stuck 1
RC POS 18 id 8 seat 2 role expand fs 0 body 1 pos 11,4 stuck 0
RC POS 18 id 10 seat 3 role expand fs 0 body 1 pos 11,8 stuck 1
RC POS 18 id 25 seat 4 role defend fs 0 body 1 pos 12,4 stuck 0
RC ECO 19 harvstore 3 harvseen -1 ti 71 units 6 scale 215.0
RC POS 19 id 4 seat 0 role raid fs 1 body 1 pos 1,14 stuck 2
RC POS 19 id 8 seat 2 role expand fs 0 body 1 pos 11,5 stuck 0
RC POS 19 id 10 seat 3 role expand fs 0 body 1 pos 11,8 stuck 2
RC POS 19 id 25 seat 4 role defend fs 0 body 1 pos 12,3 stuck 0
RC ECO 20 harvstore 3 harvseen -1 ti 89 units 6 scale 215.0
RC POS 20 id 4 seat 0 role raid fs 1 body 1 pos 1,14 stuck 3
RC POS 20 id 8 seat 2 role expand fs 0 body 1 pos 10,5 stuck 0
RC POS 20 id 10 seat 3 role expand fs 0 body 1 pos 12,8 stuck 0
RC POS 20 id 25 seat 4 role defend fs 0 body 1 pos 12,2 stuck 0
RC ECO 21 harvstore 3 harvseen -1 ti 81 units 6 scale 216.0
RC POS 21 id 4 seat 0 role raid fs 1 body 1 pos 1,14 stuck 4
RC POS 21 id 8 seat 2 role expand fs 0 body 1 pos 9,5 stuck 0
RC POS 21 id 10 seat 3 role expand fs 0 body 1 pos 12,8 stuck 1
RC POS 21 id 25 seat 4 role defend fs 0 body 1 pos 13,2 stuck 0
RC ECO 22 harvstore 3 harvseen -1 ti 79 units 6 scale 216.0
RC POS 22 id 4 seat 0 role raid fs 1 body 1 pos 1,14 stuck 5
RC POS 22 id 8 seat 2 role expand fs 0 body 1 pos 8,5 stuck 0
RC POS 22 id 10 seat 3 role expand fs 0 body 1 pos 12,7 stuck 0
RC POS 22 id 25 seat 4 role defend fs 0 body 1 pos 13,1 stuck 0
RC ECO 23 harvstore 3 harvseen -1 ti 87 units 6 scale 216.0
RC POS 23 id 4 seat 0 role raid fs 1 body 1 pos 1,14 stuck 6
RC POS 23 id 8 seat 2 role expand fs 0 body 1 pos 7,5 stuck 0
RC POS 23 id 10 seat 3 role expand fs 0 body 1 pos 12,8 stuck 0
RC POS 23 id 25 seat 4 role defend fs 0 body 1 pos 13,0 stuck 0
RC ECO 24 harvstore 3 harvseen -1 ti 105 units 6 scale 211.0
RC POS 24 id 4 seat 0 role raid fs 1 body 1 pos 1,14 stuck 7
RC POS 24 id 8 seat 2 role expand fs 0 body 1 pos 8,5 stuck 0
RC POS 24 id 10 seat 3 role expand fs 0 body 1 pos 13,8 stuck 0
RC POS 24 id 25 seat 4 role defend fs 0 body 1 pos 14,0 stuck 0
RC ECO 25 harvstore 3 harvseen -1 ti 89 units 6 scale 212.0
RC POS 25 id 4 seat 0 role raid fs 1 body 1 pos 1,14 stuck 8
RC POS 25 id 8 seat 2 role expand fs 0 body 1 pos 9,5 stuck 0
RC POS 25 id 10 seat 3 role expand fs 0 body 1 pos 13,8 stuck 1
RC POS 25 id 25 seat 4 role defend fs 0 body 1 pos 15,0 stuck 0
RC ECO 26 harvstore 3 harvseen -1 ti 87 units 6 scale 212.0
RC POS 26 id 4 seat 0 role raid fs 1 body 1 pos 1,14 stuck 9
RC POS 26 id 8 seat 2 role expand fs 0 body 1 pos 10,5 stuck 0
RC POS 26 id 10 seat 3 role expand fs 0 body 1 pos 14,8 stuck 0
RC POS 26 id 25 seat 4 role defend fs 0 body 1 pos 15,1 stuck 0
RC ECO 27 harvstore 3 harvseen -1 ti 28 units 7 scale 233.0
RC POS 27 id 4 seat 0 role raid fs 1 body 1 pos 0,14 stuck 0
RC POS 27 id 8 seat 2 role expand fs 0 body 1 pos 9,5 stuck 0
RC POS 27 id 10 seat 3 role expand fs 0 body 1 pos 14,8 stuck 1
RC POS 27 id 25 seat 4 role defend fs 0 body 1 pos 15,1 stuck 1
RC ECO 28 harvstore 3 harvseen -1 ti 42 units 7 scale 234.0
RC POS 28 id 4 seat 0 role raid fs 1 body 1 pos 0,14 stuck 1
RC POS 28 id 8 seat 2 role expand fs 0 body 1 pos 8,5 stuck 0
RC POS 28 id 10 seat 3 role expand fs 0 body 1 pos 14,7 stuck 0
RC POS 28 id 25 seat 4 role defend fs 0 body 1 pos 14,1 stuck 0
RC ECO 29 harvstore 3 harvseen -1 ti 25 units 7 scale 235.0
RC POS 29 id 4 seat 0 role raid fs 1 body 1 pos 0,13 stuck 0
RC POS 29 id 8 seat 2 role expand fs 0 body 1 pos 7,5 stuck 0
RC POS 29 id 10 seat 3 role expand fs 0 body 1 pos 14,7 stuck 1
RC POS 29 id 25 seat 4 role defend fs 0 body 1 pos 13,1 stuck 0
RC ECO 30 harvstore 3 harvseen -1 ti 25 units 7 scale 235.0
RC POS 30 id 4 seat 0 role raid fs 1 body 1 pos 0,14 stuck 0
RC POS 30 id 8 seat 2 role expand fs 0 body 1 pos 6,5 stuck 0
RC POS 30 id 10 seat 3 role expand fs 0 body 1 pos 14,6 stuck 0
RC POS 30 id 25 seat 4 role defend fs 0 body 1 pos 13,2 stuck 0
RC ECO 31 harvstore 3 harvseen -1 ti 18 units 7 scale 236.0
RC POS 31 id 4 seat 0 role raid fs 1 body 1 pos 0,15 stuck 0
RC POS 31 id 8 seat 2 role expand fs 0 body 1 pos 5,5 stuck 0
RC POS 31 id 10 seat 3 role expand fs 0 body 1 pos 14,6 stuck 1
RC POS 31 id 25 seat 4 role defend fs 0 body 1 pos 12,2 stuck 0
RC ECO 32 harvstore 3 harvseen -1 ti 38 units 7 scale 236.0
RC POS 32 id 4 seat 0 role raid fs 1 body 1 pos 0,15 stuck 1
RC POS 32 id 8 seat 2 role expand fs 0 body 1 pos 5,6 stuck 0
RC POS 32 id 10 seat 3 role expand fs 0 body 1 pos 14,5 stuck 0
RC POS 32 id 25 seat 4 role defend fs 0 body 1 pos 12,3 stuck 0
RC ECO 33 harvstore 3 harvseen -1 ti 28 units 7 scale 236.0
RC POS 33 id 4 seat 0 role raid fs 1 body 1 pos 0,15 stuck 2
RC POS 33 id 8 seat 2 role expand fs 0 body 1 pos 5,7 stuck 0
RC POS 33 id 10 seat 3 role raid fs 0 body 1 pos 14,5 stuck 1
RC POS 33 id 25 seat 4 role defend fs 0 body 1 pos 12,4 stuck 0
RC ECO 34 harvstore 3 harvseen -1 ti 28 units 7 scale 236.0
RC POS 34 id 4 seat 0 role raid fs 1 body 1 pos 0,15 stuck 3
RC POS 34 id 8 seat 2 role expand fs 0 body 1 pos 5,8 stuck 0
RC POS 34 id 10 seat 3 role raid fs 0 body 1 pos 13,5 stuck 0
RC POS 34 id 25 seat 4 role defend fs 0 body 1 pos 12,5 stuck 0
RC ECO 35 harvstore 3 harvseen -1 ti 38 units 7 scale 236.0
RC POS 35 id 4 seat 0 role raid fs 1 body 1 pos 0,15 stuck 4
RC POS 35 id 8 seat 2 role expand fs 0 body 1 pos 5,9 stuck 0
RC POS 35 id 10 seat 3 role raid fs 0 body 1 pos 13,6 stuck 0
RC POS 35 id 25 seat 4 role defend fs 0 body 1 pos 13,5 stuck 0
RC ECO 36 harvstore 3 harvseen -1 ti 58 units 7 scale 236.0
RC POS 36 id 4 seat 0 role raid fs 1 body 1 pos 0,15 stuck 5
RC POS 36 id 8 seat 2 role expand fs 0 body 1 pos 6,9 stuck 0
RC POS 36 id 10 seat 3 role raid fs 0 body 1 pos 13,7 stuck 0
RC POS 36 id 25 seat 4 role defend fs 0 body 1 pos 14,5 stuck 0
RC ECO 37 harvstore 3 harvseen -1 ti 56 units 7 scale 236.0
RC POS 37 id 4 seat 0 role raid fs 1 body 1 pos 0,15 stuck 6
RC POS 37 id 8 seat 2 role expand fs 0 body 1 pos 7,9 stuck 0
RC POS 37 id 10 seat 3 role raid fs 0 body 1 pos 12,7 stuck 0
RC POS 37 id 25 seat 4 role defend fs 0 body 1 pos 15,5 stuck 0
RC ECO 38 harvstore 3 harvseen -1 ti 54 units 7 scale 236.0
RC POS 38 id 4 seat 0 role raid fs 1 body 1 pos 0,15 stuck 7
RC POS 38 id 8 seat 2 role expand fs 0 body 1 pos 7,10 stuck 0
RC POS 38 id 10 seat 3 role raid fs 0 body 1 pos 12,8 stuck 0
RC POS 38 id 25 seat 4 role defend fs 0 body 1 pos 16,5 stuck 0
RC ECO 39 harvstore 3 harvseen -1 ti 10 units 8 scale 257.0
RC POS 39 id 4 seat 0 role raid fs 1 body 1 pos 0,15 stuck 8
RC POS 39 id 8 seat 2 role expand fs 0 body 1 pos 8,10 stuck 0
RC POS 39 id 10 seat 3 role raid fs 0 body 1 pos 12,9 stuck 0
RC POS 39 id 25 seat 4 role defend fs 0 body 1 pos 16,5 stuck 1
RC ECO 40 harvstore 3 harvseen -1 ti 30 units 8 scale 257.0
RC POS 40 id 4 seat 0 role raid fs 1 body 1 pos 0,14 stuck 0
RC POS 40 id 8 seat 2 role expand fs 0 body 1 pos 9,10 stuck 0
RC POS 40 id 10 seat 3 role raid fs 0 body 1 pos 12,10 stuck 0
RC POS 40 id 25 seat 4 role defend fs 0 body 1 pos 16,5 stuck 2
RC ECO 41 harvstore 3 harvseen -1 ti 26 units 8 scale 257.0
RC POS 41 id 4 seat 0 role raid fs 1 body 1 pos 0,15 stuck 0
RC POS 41 id 8 seat 2 role expand fs 0 body 1 pos 10,10 stuck 0
RC POS 41 id 10 seat 3 role raid fs 0 body 1 pos 12,11 stuck 0
RC POS 41 id 25 seat 4 role defend fs 0 body 1 pos 16,5 stuck 3
RC ECO 42 harvstore 3 harvseen -1 ti 22 units 8 scale 257.0
RC POS 42 id 4 seat 0 role raid fs 1 body 1 pos 0,16 stuck 0
RC POS 42 id 8 seat 2 role expand fs 0 body 1 pos 10,9 stuck 0
RC POS 42 id 10 seat 3 role raid fs 0 body 1 pos 12,12 stuck 0
RC POS 42 id 25 seat 4 role defend fs 0 body 1 pos 16,5 stuck 4
RC ECO 43 harvstore 3 harvseen -1 ti 18 units 8 scale 257.0
RC POS 43 id 4 seat 0 role raid fs 1 body 1 pos 1,16 stuck 0
RC POS 43 id 8 seat 2 role expand fs 0 body 1 pos 9,9 stuck 0
RC POS 43 id 10 seat 3 role raid fs 0 body 1 pos 11,12 stuck 0
RC POS 43 id 25 seat 4 role defend fs 0 body 1 pos 16,4 stuck 0
RC ECO 44 harvstore 3 harvseen -1 ti 31 units 8 scale 258.0
RC POS 44 id 4 seat 0 role raid fs 1 body 1 pos 1,16 stuck 1
RC POS 44 id 8 seat 2 role expand fs 0 body 1 pos 9,8 stuck 0
RC POS 44 id 10 seat 3 role raid fs 0 body 1 pos 10,12 stuck 0
RC POS 44 id 25 seat 4 role defend fs 0 body 1 pos 17,4 stuck 0
RC ECO 45 harvstore 3 harvseen -1 ti 31 units 8 scale 258.0
RC POS 45 id 4 seat 0 role raid fs 1 body 1 pos 1,16 stuck 3
RC POS 45 id 8 seat 2 role expand fs 0 body 1 pos 9,9 stuck 0
RC POS 45 id 10 seat 3 role raid fs 0 body 1 pos 9,12 stuck 0
RC POS 45 id 25 seat 4 role defend fs 0 body 1 pos 17,3 stuck 0
RC ECO 46 harvstore 3 harvseen -1 ti 31 units 8 scale 258.0
RC POS 46 id 4 seat 0 role raid fs 1 body 1 pos 1,16 stuck 5
RC POS 46 id 8 seat 2 role expand fs 0 body 1 pos 10,9 stuck 0
RC POS 46 id 10 seat 3 role raid fs 0 body 1 pos 8,12 stuck 0
RC POS 46 id 25 seat 4 role defend fs 0 body 1 pos 17,3 stuck 1
RC ECO 47 harvstore 3 harvseen -1 ti 41 units 8 scale 258.0
RC POS 47 id 4 seat 0 role raid fs 1 body 1 pos 1,16 stuck 7
RC POS 47 id 8 seat 2 role expand fs 0 body 1 pos 9,9 stuck 0
RC POS 47 id 10 seat 3 role raid fs 0 body 1 pos 7,12 stuck 0
RC POS 47 id 25 seat 4 role defend fs 0 body 1 pos 17,3 stuck 2
RC ECO 48 harvstore 3 harvseen -1 ti 61 units 8 scale 258.0
RC POS 48 id 4 seat 0 role raid fs 1 body 1 pos 1,16 stuck 9
RC POS 48 id 8 seat 2 role expand fs 0 body 1 pos 10,9 stuck 0
RC POS 48 id 10 seat 3 role raid fs 0 body 1 pos 6,12 stuck 0
RC POS 48 id 25 seat 4 role defend fs 0 body 1 pos 17,3 stuck 3
RC ECO 49 harvstore 3 harvseen -1 ti 61 units 8 scale 258.0
RC POS 49 id 4 seat 0 role raid fs 1 body 1 pos 1,16 stuck 11
RC POS 49 id 8 seat 2 role expand fs 0 body 1 pos 10,9 stuck 1
RC POS 49 id 10 seat 3 role raid fs 0 body 1 pos 5,12 stuck 0
RC POS 49 id 25 seat 4 role defend fs 0 body 1 pos 17,2 stuck 0
RC ECO 50 harvstore 3 harvseen -1 ti 61 units 8 scale 258.0
RC POS 50 id 4 seat 0 role raid fs 1 body 1 pos 1,16 stuck 13
RC POS 50 id 8 seat 2 role expand fs 0 body 1 pos 9,9 stuck 0
RC POS 50 id 10 seat 3 role raid fs 0 body 1 pos 4,12 stuck 0
RC POS 50 id 25 seat 4 role defend fs 0 body 1 pos 17,1 stuck 0
RC ECO 51 harvstore 3 harvseen -1 ti 71 units 8 scale 258.0
RC POS 51 id 4 seat 0 role raid fs 1 body 1 pos 1,16 stuck 15
RC POS 51 id 8 seat 2 role expand fs 0 body 1 pos 9,8 stuck 0
RC POS 51 id 10 seat 3 role raid fs 0 body 1 pos 4,13 stuck 0
RC POS 51 id 25 seat 4 role defend fs 0 body 1 pos 17,1 stuck 1
RC ECO 52 harvstore 3 harvseen -1 ti 91 units 8 scale 258.0
RC POS 52 id 4 seat 0 role raid fs 1 body 1 pos 0,16 stuck 0
RC POS 52 id 8 seat 2 role expand fs 0 body 1 pos 9,9 stuck 0
RC POS 52 id 10 seat 3 role raid fs 0 body 1 pos 4,13 stuck 1
RC POS 52 id 25 seat 4 role defend fs 0 body 1 pos 17,1 stuck 2
RC ECO 53 harvstore 3 harvseen -1 ti 14 units 9 scale 278.0
RC POS 53 id 4 seat 0 role raid fs 1 body 1 pos 1,16 stuck 0
RC POS 53 id 8 seat 2 role expand fs 0 body 1 pos 10,9 stuck 0
RC POS 53 id 10 seat 3 role raid fs 0 body 1 pos 5,13 stuck 0
RC POS 53 id 25 seat 4 role defend fs 0 body 1 pos 17,1 stuck 3
RC ECO 54 harvstore 3 harvseen -1 ti 14 units 9 scale 278.0
RC POS 54 id 4 seat 0 role raid fs 1 body 1 pos 1,16 stuck 2
RC POS 54 id 8 seat 2 role expand fs 0 body 1 pos 9,9 stuck 0
RC POS 54 id 10 seat 3 role raid fs 0 body 1 pos 5,14 stuck 0
RC POS 54 id 25 seat 4 role defend fs 0 body 1 pos 17,1 stuck 4
RC ECO 55 harvstore 3 harvseen -1 ti 24 units 9 scale 278.0
RC POS 55 id 4 seat 0 role raid fs 1 body 1 pos 0,16 stuck 0
RC POS 55 id 8 seat 2 role expand fs 0 body 1 pos 10,9 stuck 0
RC POS 55 id 10 seat 3 role raid fs 0 body 1 pos 5,15 stuck 0
RC POS 55 id 25 seat 4 role defend fs 0 body 1 pos 17,1 stuck 5
RC ECO 56 harvstore 3 harvseen -1 ti 26 units 9 scale 279.0
RC POS 56 id 4 seat 0 role raid fs 1 body 1 pos 1,16 stuck 0
RC POS 56 id 8 seat 2 role expand fs 0 body 1 pos 10,9 stuck 1
RC POS 56 id 10 seat 3 role raid fs 0 body 1 pos 5,15 stuck 1
RC POS 56 id 25 seat 4 role defend fs 0 body 1 pos 17,1 stuck 6
RC ECO 57 harvstore 3 harvseen -1 ti 16 units 9 scale 279.0
RC POS 57 id 4 seat 0 role raid fs 1 body 1 pos 1,16 stuck 2
RC POS 57 id 8 seat 2 role expand fs 0 body 1 pos 9,9 stuck 0
RC POS 57 id 10 seat 3 role raid fs 0 body 1 pos 6,15 stuck 0
RC POS 57 id 25 seat 4 role defend fs 0 body 1 pos 17,1 stuck 1
RC ECO 58 harvstore 3 harvseen -1 ti 16 units 9 scale 279.0
RC POS 58 id 4 seat 0 role raid fs 1 body 1 pos 0,16 stuck 0
RC POS 58 id 8 seat 2 role expand fs 0 body 1 pos 9,8 stuck 0
RC POS 58 id 10 seat 3 role raid fs 0 body 1 pos 5,15 stuck 0
RC POS 58 id 25 seat 4 role defend fs 0 body 1 pos 17,0 stuck 0
RC ECO 59 harvstore 3 harvseen -1 ti 26 units 9 scale 279.0
RC POS 59 id 4 seat 0 role raid fs 1 body 1 pos 1,16 stuck 0
RC POS 59 id 8 seat 2 role expand fs 0 body 1 pos 9,9 stuck 0
RC POS 59 id 10 seat 3 role raid fs 0 body 1 pos 6,15 stuck 0
RC POS 59 id 25 seat 4 role defend fs 0 body 1 pos 17,1 stuck 0
RC ECO 60 harvstore 3 harvseen -1 ti 46 units 9 scale 278.0
RC POS 60 id 4 seat 0 role raid fs 1 body 1 pos 1,16 stuck 2
RC POS 60 id 8 seat 2 role expand fs 0 body 1 pos 10,9 stuck 0
RC POS 60 id 10 seat 3 role raid fs 0 body 1 pos 7,15 stuck 0
RC POS 60 id 25 seat 4 role defend fs 0 body 1 pos 17,0 stuck 0
RC POS 61 id 4 seat 0 role raid fs 1 body 1 pos 1,16 stuck 3
RC POS 61 id 8 seat 2 role expand fs 0 body 1 pos 9,9 stuck 0
RC POS 61 id 10 seat 3 role raid fs 0 body 1 pos 7,16 stuck 0
RC POS 61 id 25 seat 4 role defend fs 0 body 1 pos 17,1 stuck 0
RC POS 62 id 4 seat 0 role raid fs 1 body 1 pos 1,16 stuck 5
RC POS 62 id 8 seat 2 role expand fs 0 body 1 pos 10,9 stuck 0
RC POS 62 id 10 seat 3 role raid fs 0 body 1 pos 6,16 stuck 0
RC POS 62 id 25 seat 4 role defend fs 0 body 1 pos 17,0 stuck 0
RC POS 63 id 4 seat 0 role raid fs 1 body 1 pos 0,16 stuck 0
RC POS 63 id 8 seat 2 role expand fs 0 body 1 pos 10,9 stuck 1
RC POS 63 id 10 seat 3 role raid fs 0 body 1 pos 6,15 stuck 0
RC POS 63 id 25 seat 4 role defend fs 0 body 1 pos 17,1 stuck 0
RC POS 64 id 4 seat 0 role raid fs 1 body 1 pos 1,16 stuck 0
RC POS 64 id 8 seat 2 role expand fs 0 body 1 pos 9,9 stuck 0
RC POS 64 id 10 seat 3 role raid fs 0 body 1 pos 6,14 stuck 0
RC POS 64 id 25 seat 4 role defend fs 0 body 1 pos 17,0 stuck 0
RC POS 65 id 4 seat 0 role raid fs 1 body 1 pos 1,16 stuck 2
RC POS 65 id 8 seat 2 role expand fs 0 body 1 pos 9,8 stuck 0
RC POS 65 id 25 seat 4 role defend fs 0 body 1 pos 17,0 stuck 1
RC POS 66 id 4 seat 0 role raid fs 1 body 1 pos 1,16 stuck 3
RC POS 66 id 8 seat 2 role expand fs 0 body 1 pos 9,9 stuck 0
RC POS 66 id 25 seat 4 role defend fs 0 body 1 pos 17,0 stuck 3
RC POS 67 id 4 seat 0 role raid fs 1 body 1 pos 1,16 stuck 5
RC POS 67 id 8 seat 2 role expand fs 0 body 1 pos 10,9 stuck 0
RC POS 67 id 25 seat 4 role defend fs 0 body 1 pos 17,0 stuck 5
RC POS 68 id 4 seat 0 role raid fs 1 body 1 pos 0,16 stuck 0
RC POS 68 id 8 seat 2 role expand fs 0 body 1 pos 9,9 stuck 0
RC POS 68 id 25 seat 4 role defend fs 0 body 1 pos 17,0 stuck 2
RC POS 69 id 4 seat 0 role raid fs 1 body 1 pos 1,16 stuck 0
RC POS 69 id 8 seat 2 role expand fs 0 body 1 pos 10,9 stuck 0
RC POS 69 id 25 seat 4 role defend fs 0 body 1 pos 17,0 stuck 4
RC POS 70 id 4 seat 0 role raid fs 1 body 1 pos 1,16 stuck 2
RC POS 70 id 8 seat 2 role expand fs 0 body 1 pos 10,9 stuck 1
RC POS 70 id 25 seat 4 role defend fs 0 body 1 pos 17,0 stuck 6
RC POS 71 id 4 seat 0 role raid fs 1 body 1 pos 0,16 stuck 0
RC POS 71 id 8 seat 2 role expand fs 0 body 1 pos 9,9 stuck 0
RC POS 71 id 25 seat 4 role defend fs 0 body 1 pos 17,0 stuck 2
RC POS 72 id 4 seat 0 role raid fs 1 body 1 pos 1,16 stuck 0
RC POS 72 id 8 seat 2 role expand fs 0 body 1 pos 9,8 stuck 0
RC POS 72 id 25 seat 4 role defend fs 0 body 1 pos 17,0 stuck 4
RC POS 73 id 4 seat 0 role raid fs 1 body 1 pos 1,16 stuck 1
RC POS 73 id 8 seat 2 role expand fs 0 body 1 pos 9,9 stuck 0
RC POS 73 id 25 seat 4 role defend fs 0 body 1 pos 17,0 stuck 6
RC POS 74 id 4 seat 0 role raid fs 1 body 1 pos 1,16 stuck 3
RC POS 74 id 8 seat 2 role expand fs 0 body 1 pos 10,9 stuck 0
RC POS 74 id 25 seat 4 role defend fs 0 body 1 pos 17,0 stuck 2
RC ECO 75 harvstore 3 harvseen -1 ti 37 units 9 scale 279.0
RC POS 75 id 4 seat 0 role raid fs 1 body 1 pos 1,16 stuck 5
RC POS 75 id 8 seat 2 role expand fs 0 body 1 pos 9,9 stuck 0
RC POS 75 id 25 seat 4 role defend fs 0 body 1 pos 17,0 stuck 4
RC POS 76 id 4 seat 0 role raid fs 1 body 1 pos 1,16 stuck 7
RC POS 76 id 8 seat 2 role expand fs 0 body 1 pos 10,9 stuck 0
RC POS 76 id 25 seat 4 role defend fs 0 body 1 pos 17,0 stuck 6
RC POS 77 id 4 seat 0 role raid fs 1 body 1 pos 1,16 stuck 9
RC POS 77 id 8 seat 2 role expand fs 0 body 1 pos 10,9 stuck 1
RC POS 77 id 25 seat 4 role defend fs 0 body 1 pos 17,0 stuck 2
RC POS 78 id 4 seat 0 role raid fs 1 body 1 pos 1,16 stuck 11
RC POS 78 id 8 seat 2 role expand fs 0 body 1 pos 9,9 stuck 0
RC POS 78 id 25 seat 4 role defend fs 0 body 1 pos 17,0 stuck 4
RC POS 79 id 4 seat 0 role raid fs 1 body 1 pos 0,16 stuck 0
RC POS 79 id 8 seat 2 role expand fs 0 body 1 pos 9,8 stuck 0
RC POS 79 id 25 seat 4 role defend fs 0 body 1 pos 17,0 stuck 6
RC POS 80 id 4 seat 0 role raid fs 1 body 1 pos 1,16 stuck 0
RC POS 80 id 8 seat 2 role expand fs 0 body 1 pos 9,9 stuck 0
RC POS 80 id 25 seat 4 role defend fs 0 body 1 pos 17,0 stuck 2
RC POS 81 id 4 seat 0 role raid fs 1 body 1 pos 1,16 stuck 2
RC POS 81 id 8 seat 2 role expand fs 0 body 1 pos 10,9 stuck 0
RC POS 81 id 25 seat 4 role defend fs 0 body 1 pos 17,0 stuck 4
RC POS 82 id 4 seat 0 role raid fs 1 body 1 pos 1,16 stuck 4
RC POS 82 id 8 seat 2 role expand fs 0 body 1 pos 9,9 stuck 0
RC POS 82 id 25 seat 4 role defend fs 0 body 1 pos 17,0 stuck 6
RC POS 83 id 4 seat 0 role raid fs 1 body 1 pos 1,16 stuck 6
RC POS 83 id 8 seat 2 role expand fs 0 body 1 pos 10,9 stuck 0
RC POS 83 id 25 seat 4 role defend fs 0 body 1 pos 17,0 stuck 2
RC POS 84 id 4 seat 0 role raid fs 1 body 1 pos 1,16 stuck 8
RC POS 84 id 8 seat 2 role expand fs 0 body 1 pos 10,9 stuck 1
RC POS 84 id 25 seat 4 role defend fs 0 body 1 pos 17,0 stuck 4
RC POS 85 id 4 seat 0 role raid fs 1 body 1 pos 1,16 stuck 10
RC POS 85 id 8 seat 2 role expand fs 0 body 1 pos 9,9 stuck 0
RC POS 85 id 25 seat 4 role defend fs 0 body 1 pos 17,0 stuck 6
RC POS 86 id 4 seat 0 role raid fs 1 body 1 pos 1,16 stuck 11
RC POS 86 id 8 seat 2 role expand fs 0 body 1 pos 9,8 stuck 0
RC POS 86 id 25 seat 4 role defend fs 0 body 1 pos 17,0 stuck 2
RC POS 87 id 4 seat 0 role raid fs 1 body 1 pos 1,16 stuck 13
RC POS 87 id 8 seat 2 role expand fs 0 body 1 pos 9,9 stuck 0
RC POS 87 id 25 seat 4 role defend fs 0 body 1 pos 17,0 stuck 4
RC POS 88 id 4 seat 0 role raid fs 1 body 1 pos 1,16 stuck 15
RC POS 88 id 8 seat 2 role expand fs 0 body 1 pos 10,9 stuck 0
RC POS 88 id 25 seat 4 role defend fs 0 body 1 pos 17,0 stuck 6
RC POS 89 id 4 seat 0 role raid fs 1 body 1 pos 1,16 stuck 17
RC POS 89 id 8 seat 2 role expand fs 0 body 1 pos 10,9 stuck 1
RC POS 89 id 25 seat 4 role defend fs 0 body 1 pos 17,0 stuck 1
RC POS 90 id 4 seat 0 role raid fs 1 body 1 pos 1,16 stuck 19
RC POS 90 id 8 seat 2 role expand fs 0 body 1 pos 10,8 stuck 0
RC POS 90 id 25 seat 4 role defend fs 0 body 1 pos 17,0 stuck 2
RC POS 91 id 4 seat 0 role raid fs 1 body 1 pos 1,16 stuck 20
RC POS 91 id 8 seat 2 role expand fs 0 body 1 pos 10,8 stuck 1
RC POS 91 id 25 seat 4 role defend fs 0 body 1 pos 17,0 stuck 4
RC POS 92 id 4 seat 0 role raid fs 1 body 1 pos 1,16 stuck 22
RC POS 92 id 8 seat 2 role expand fs 0 body 1 pos 11,8 stuck 0
RC POS 92 id 25 seat 4 role defend fs 0 body 1 pos 17,0 stuck 6
RC POS 93 id 4 seat 0 role raid fs 1 body 1 pos 1,16 stuck 24
RC POS 93 id 8 seat 2 role expand fs 0 body 1 pos 12,8 stuck 0
RC POS 93 id 25 seat 4 role defend fs 0 body 1 pos 17,0 stuck 2
RC POS 94 id 4 seat 0 role raid fs 1 body 1 pos 1,16 stuck 26
RC POS 94 id 8 seat 2 role expand fs 0 body 1 pos 13,8 stuck 0
RC POS 94 id 25 seat 4 role defend fs 0 body 1 pos 17,0 stuck 4
RC POS 95 id 4 seat 0 role raid fs 1 body 1 pos 1,16 stuck 28
RC POS 95 id 8 seat 2 role expand fs 0 body 1 pos 14,8 stuck 0
RC POS 95 id 25 seat 4 role defend fs 0 body 1 pos 17,0 stuck 6
RC POS 96 id 4 seat 0 role raid fs 1 body 1 pos 1,16 stuck 29
RC POS 96 id 8 seat 2 role expand fs 0 body 1 pos 14,7 stuck 0
RC POS 96 id 25 seat 4 role defend fs 0 body 1 pos 17,0 stuck 2
RC POS 97 id 4 seat 0 role raid fs 1 body 1 pos 1,16 stuck 31
RC POS 97 id 8 seat 2 role expand fs 0 body 1 pos 14,6 stuck 0
RC POS 97 id 25 seat 4 role defend fs 0 body 1 pos 17,0 stuck 4
RC POS 98 id 4 seat 0 role raid fs 1 body 1 pos 1,16 stuck 33
RC POS 98 id 8 seat 2 role expand fs 0 body 1 pos 14,5 stuck 0
RC POS 98 id 25 seat 4 role defend fs 0 body 1 pos 17,0 stuck 6
RC POS 99 id 4 seat 0 role raid fs 1 body 1 pos 1,16 stuck 35
RC POS 99 id 8 seat 2 role expand fs 0 body 1 pos 14,5 stuck 1
RC POS 99 id 25 seat 4 role defend fs 0 body 1 pos 17,0 stuck 2
RC ECO 100 harvstore 4 harvseen -1 ti 150 units 9 scale 283.0
RC POS 100 id 4 seat 0 role raid fs 1 body 1 pos 1,16 stuck 37
RC POS 100 id 8 seat 2 role expand fs 0 body 1 pos 14,5 stuck 2
RC POS 100 id 25 seat 4 role defend fs 0 body 1 pos 17,0 stuck 4
RC POS 101 id 4 seat 0 role raid fs 1 body 1 pos 1,16 stuck 38
RC POS 101 id 8 seat 2 role expand fs 0 body 1 pos 14,5 stuck 3
RC POS 101 id 25 seat 4 role defend fs 0 body 1 pos 17,0 stuck 6
RC POS 102 id 4 seat 0 role raid fs 1 body 1 pos 1,16 stuck 40
RC POS 102 id 8 seat 2 role expand fs 0 body 1 pos 14,5 stuck 4
RC POS 102 id 25 seat 4 role defend fs 0 body 1 pos 17,0 stuck 2
RC POS 103 id 4 seat 0 role raid fs 1 body 1 pos 1,16 stuck 42
RC POS 103 id 8 seat 2 role expand fs 0 body 1 pos 14,5 stuck 5
RC POS 103 id 25 seat 4 role defend fs 0 body 1 pos 17,0 stuck 4
RC POS 104 id 4 seat 0 role raid fs 1 body 1 pos 1,16 stuck 44
RC POS 104 id 8 seat 2 role expand fs 0 body 1 pos 13,5 stuck 0
RC POS 104 id 25 seat 4 role defend fs 0 body 1 pos 17,0 stuck 6
RC POS 105 id 4 seat 0 role raid fs 1 body 1 pos 1,16 stuck 46
RC POS 105 id 8 seat 2 role expand fs 0 body 1 pos 12,5 stuck 0
RC POS 105 id 25 seat 4 role defend fs 0 body 1 pos 17,0 stuck 2
RC POS 106 id 4 seat 0 role raid fs 1 body 1 pos 1,16 stuck 47
RC POS 106 id 8 seat 2 role expand fs 0 body 1 pos 12,6 stuck 0
RC POS 106 id 25 seat 4 role defend fs 0 body 1 pos 17,0 stuck 4
RC POS 107 id 4 seat 0 role raid fs 1 body 1 pos 1,16 stuck 49
RC POS 107 id 8 seat 2 role expand fs 0 body 1 pos 12,7 stuck 0
RC POS 107 id 25 seat 4 role defend fs 0 body 1 pos 17,0 stuck 6
RC POS 108 id 4 seat 0 role raid fs 1 body 1 pos 1,16 stuck 51
RC POS 108 id 8 seat 2 role expand fs 0 body 1 pos 12,8 stuck 0
RC POS 108 id 25 seat 4 role defend fs 0 body 1 pos 17,0 stuck 2
RC POS 109 id 4 seat 0 role raid fs 1 body 1 pos 1,16 stuck 53
RC POS 109 id 8 seat 2 role expand fs 0 body 1 pos 11,8 stuck 0
RC POS 109 id 25 seat 4 role defend fs 0 body 1 pos 17,0 stuck 4
RC POS 110 id 4 seat 0 role raid fs 1 body 1 pos 1,16 stuck 55
RC POS 110 id 8 seat 2 role expand fs 0 body 1 pos 10,8 stuck 0
RC POS 110 id 25 seat 4 role defend fs 0 body 1 pos 17,0 stuck 6
RC POS 111 id 4 seat 0 role raid fs 1 body 1 pos 1,16 stuck 56
RC POS 111 id 8 seat 2 role expand fs 0 body 1 pos 10,8 stuck 1
RC POS 111 id 25 seat 4 role defend fs 0 body 1 pos 17,0 stuck 2
RC POS 112 id 4 seat 0 role raid fs 1 body 1 pos 1,16 stuck 58
RC POS 112 id 8 seat 2 role expand fs 0 body 1 pos 11,8 stuck 0
RC POS 112 id 25 seat 4 role defend fs 0 body 1 pos 17,0 stuck 4
RC POS 113 id 4 seat 0 role raid fs 1 body 1 pos 1,16 stuck 60
RC POS 113 id 8 seat 2 role expand fs 0 body 1 pos 12,8 stuck 0
RC POS 113 id 25 seat 4 role defend fs 0 body 1 pos 17,0 stuck 6
RC POS 114 id 4 seat 0 role raid fs 1 body 1 pos 1,16 stuck 62
RC POS 114 id 8 seat 2 role expand fs 0 body 1 pos 13,8 stuck 0
RC POS 114 id 25 seat 4 role defend fs 0 body 1 pos 17,0 stuck 2
RC POS 115 id 4 seat 0 role raid fs 1 body 1 pos 1,16 stuck 64
RC POS 115 id 8 seat 2 role expand fs 0 body 1 pos 14,8 stuck 0
RC POS 115 id 25 seat 4 role defend fs 0 body 1 pos 17,0 stuck 4
RC POS 116 id 4 seat 0 role raid fs 1 body 1 pos 1,16 stuck 65
RC POS 116 id 8 seat 2 role expand fs 0 body 1 pos 14,7 stuck 0
RC POS 116 id 25 seat 4 role defend fs 0 body 1 pos 17,0 stuck 6
RC POS 117 id 4 seat 0 role raid fs 1 body 1 pos 1,16 stuck 67
RC POS 117 id 8 seat 2 role expand fs 0 body 1 pos 14,6 stuck 0
RC POS 117 id 25 seat 4 role defend fs 0 body 1 pos 17,0 stuck 1
RC POS 118 id 4 seat 0 role raid fs 1 body 1 pos 1,16 stuck 69
RC POS 118 id 8 seat 2 role expand fs 0 body 1 pos 14,5 stuck 0
RC POS 118 id 25 seat 4 role defend fs 0 body 1 pos 17,0 stuck 2
RC POS 119 id 4 seat 0 role raid fs 1 body 1 pos 1,16 stuck 71
RC POS 119 id 8 seat 2 role expand fs 0 body 1 pos 14,5 stuck 1
RC POS 119 id 25 seat 4 role defend fs 0 body 1 pos 17,0 stuck 4
RC POS 120 id 4 seat 0 role raid fs 1 body 1 pos 1,16 stuck 73
RC POS 120 id 8 seat 2 role expand fs 0 body 1 pos 14,5 stuck 2
RC POS 120 id 25 seat 4 role defend fs 0 body 1 pos 17,0 stuck 6
RC POS 121 id 4 seat 0 role raid fs 1 body 1 pos 1,16 stuck 74
RC POS 121 id 8 seat 2 role expand fs 0 body 1 pos 14,5 stuck 3
RC POS 121 id 25 seat 4 role defend fs 0 body 1 pos 17,0 stuck 2
RC POS 122 id 4 seat 0 role raid fs 1 body 1 pos 1,16 stuck 76
RC POS 122 id 8 seat 2 role expand fs 0 body 1 pos 14,5 stuck 4
RC POS 122 id 25 seat 4 role defend fs 0 body 1 pos 17,0 stuck 4
RC POS 123 id 4 seat 0 role raid fs 1 body 1 pos 1,16 stuck 78
RC POS 123 id 8 seat 2 role expand fs 0 body 1 pos 14,5 stuck 5
RC POS 123 id 25 seat 4 role defend fs 0 body 1 pos 17,0 stuck 6
RC POS 124 id 4 seat 0 role raid fs 1 body 1 pos 1,16 stuck 80
RC POS 124 id 8 seat 2 role expand fs 0 body 1 pos 13,5 stuck 0
RC POS 124 id 25 seat 4 role defend fs 0 body 1 pos 17,0 stuck 2
RC ECO 125 harvstore 5 harvseen -1 ti 148 units 10 scale 308.0
RC POS 125 id 4 seat 0 role raid fs 1 body 1 pos 1,16 stuck 82
RC POS 125 id 8 seat 2 role expand fs 0 body 1 pos 14,5 stuck 0
RC POS 125 id 25 seat 4 role defend fs 0 body 1 pos 17,0 stuck 4
RC SEAT 125 id 194 seat 5
APPT520 CLAIM 125 id 194
RC POS 125 id 194 seat 5 role raid fs 1 body 2 pos 13,2 stuck 0
RC POS 126 id 4 seat 0 role raid fs 1 body 1 pos 1,16 stuck 83
RC POS 126 id 8 seat 2 role expand fs 0 body 1 pos 13,5 stuck 0
RC POS 126 id 25 seat 4 role defend fs 0 body 1 pos 17,0 stuck 6
RC POS 126 id 194 seat 5 role raid fs 1 body 2 pos 13,2 stuck 1
RC POS 127 id 4 seat 0 role raid fs 1 body 1 pos 1,16 stuck 85
RC POS 127 id 8 seat 2 role expand fs 0 body 1 pos 14,5 stuck 0
RC POS 127 id 25 seat 4 role defend fs 0 body 1 pos 17,0 stuck 2
RC POS 127 id 194 seat 5 role raid fs 1 body 2 pos 13,2 stuck 2
RC POS 128 id 4 seat 0 role raid fs 1 body 1 pos 1,16 stuck 87
RC POS 128 id 8 seat 2 role expand fs 0 body 1 pos 13,5 stuck 0
RC POS 128 id 25 seat 4 role defend fs 0 body 1 pos 17,0 stuck 4
RC POS 128 id 194 seat 5 role raid fs 1 body 2 pos 13,2 stuck 3
RC POS 129 id 4 seat 0 role raid fs 1 body 1 pos 1,16 stuck 89
RC POS 129 id 8 seat 2 role expand fs 0 body 1 pos 14,5 stuck 0
RC POS 129 id 25 seat 4 role defend fs 0 body 1 pos 17,0 stuck 6
RC POS 129 id 194 seat 5 role raid fs 1 body 2 pos 13,2 stuck 4
RC POS 130 id 4 seat 0 role raid fs 1 body 1 pos 1,16 stuck 91
RC POS 130 id 8 seat 2 role expand fs 0 body 1 pos 13,5 stuck 0
RC POS 130 id 25 seat 4 role defend fs 0 body 1 pos 17,0 stuck 2
RC POS 130 id 194 seat 5 role raid fs 1 body 2 pos 13,2 stuck 5
RC POS 131 id 4 seat 0 role raid fs 1 body 1 pos 1,16 stuck 92
RC POS 131 id 8 seat 2 role expand fs 0 body 1 pos 14,5 stuck 0
RC POS 131 id 25 seat 4 role defend fs 0 body 1 pos 17,0 stuck 4
RC POS 131 id 194 seat 5 role raid fs 1 body 2 pos 13,2 stuck 6
RC HOP 131 lid 203 body 2 at 12,2 dsq 225
RC POS 132 id 4 seat 0 role raid fs 1 body 1 pos 1,16 stuck 94
RC POS 132 id 8 seat 2 role expand fs 0 body 1 pos 13,5 stuck 0
RC POS 132 id 25 seat 4 role defend fs 0 body 1 pos 17,0 stuck 6
RC POS 132 id 194 seat 5 role raid fs 1 body 2 pos 13,2 stuck 7
RC THROW 132 lid 203 body 194 n 1
RC POS 133 id 4 seat 0 role raid fs 1 body 1 pos 1,16 stuck 96
RC POS 133 id 8 seat 2 role expand fs 0 body 1 pos 14,5 stuck 0
RC POS 133 id 25 seat 4 role defend fs 0 body 1 pos 17,0 stuck 2
RC POS 133 id 194 seat 5 role raid fs 1 body 2 pos 8,5 stuck 0
RC POS 134 id 4 seat 0 role raid fs 1 body 1 pos 1,16 stuck 98
RC POS 134 id 8 seat 2 role expand fs 0 body 1 pos 13,5 stuck 0
RC POS 134 id 25 seat 4 role defend fs 0 body 1 pos 17,0 stuck 4
RC POS 134 id 194 seat 5 role raid fs 1 body 2 pos 7,5 stuck 0
RC POS 135 id 4 seat 0 role raid fs 1 body 1 pos 1,16 stuck 100
RC POS 135 id 8 seat 2 role expand fs 0 body 1 pos 14,5 stuck 0
RC POS 135 id 25 seat 4 role defend fs 0 body 1 pos 17,0 stuck 6
RC POS 135 id 194 seat 5 role raid fs 1 body 2 pos 6,5 stuck 0
RC POS 136 id 4 seat 0 role raid fs 1 body 1 pos 1,16 stuck 101
RC POS 136 id 8 seat 2 role expand fs 0 body 1 pos 13,5 stuck 0
RC POS 136 id 25 seat 4 role defend fs 0 body 1 pos 17,0 stuck 2
RC POS 136 id 194 seat 5 role raid fs 1 body 2 pos 5,5 stuck 0
RC POS 137 id 4 seat 0 role raid fs 1 body 1 pos 1,16 stuck 103
RC POS 137 id 8 seat 2 role expand fs 0 body 1 pos 13,4 stuck 0
RC POS 137 id 25 seat 4 role defend fs 0 body 1 pos 17,0 stuck 4
RC POS 137 id 194 seat 5 role raid fs 1 body 2 pos 5,6 stuck 0
RC POS 138 id 4 seat 0 role raid fs 1 body 1 pos 1,16 stuck 105
RC POS 138 id 8 seat 2 role expand fs 0 body 1 pos 12,4 stuck 0
RC POS 138 id 25 seat 4 role defend fs 0 body 1 pos 17,0 stuck 6
RC POS 138 id 194 seat 5 role raid fs 1 body 2 pos 5,7 stuck 0
RC HOP 138 lid 211 body 2 at 5,8 dsq 40
RC POS 139 id 4 seat 0 role raid fs 1 body 1 pos 1,16 stuck 107
RC POS 139 id 8 seat 2 role expand fs 0 body 1 pos 12,3 stuck 0
RC POS 139 id 25 seat 4 role defend fs 0 body 1 pos 17,0 stuck 2
RC POS 139 id 194 seat 5 role raid fs 1 body 2 pos 5,7 stuck 1
RC THROW 139 lid 211 body 194 n 1
RC POS 140 id 4 seat 0 role raid fs 1 body 1 pos 1,16 stuck 109
RC POS 140 id 8 seat 2 role expand fs 0 body 1 pos 12,2 stuck 0
RC POS 140 id 25 seat 4 role defend fs 0 body 1 pos 17,0 stuck 4
RC POS 140 id 194 seat 5 role raid fs 1 body 2 pos 2,12 stuck 0
RC ARRIVE 140 id 194 body 2 dsq 4
ARC520 COLLIDE 140 id 194 body 2 peer 1 took 2 n 1
ARC520 CLAIM 140 id 194 body 2 arc 2 at (2, 12)
RC POS 141 id 4 seat 0 role raid fs 1 body 1 pos 1,16 stuck 110
RC POS 141 id 8 seat 2 role expand fs 0 body 1 pos 13,2 stuck 0
RC POS 141 id 25 seat 4 role defend fs 0 body 1 pos 17,0 stuck 6
RC POS 141 id 194 seat 5 role raid fs 1 body 2 pos 2,12 stuck 1
RC POS 142 id 4 seat 0 role raid fs 1 body 1 pos 1,16 stuck 112
RC POS 142 id 8 seat 2 role expand fs 0 body 1 pos 13,1 stuck 0
RC POS 142 id 25 seat 4 role defend fs 0 body 1 pos 17,0 stuck 1
RC POS 142 id 194 seat 5 role raid fs 1 body 2 pos 1,12 stuck 0
RC POS 143 id 4 seat 0 role raid fs 1 body 1 pos 1,16 stuck 114
RC POS 143 id 8 seat 2 role expand fs 0 body 1 pos 14,1 stuck 0
RC POS 143 id 25 seat 4 role defend fs 0 body 1 pos 17,0 stuck 1
RC POS 143 id 194 seat 5 role raid fs 1 body 2 pos 0,12 stuck 0
RC POS 144 id 4 seat 0 role raid fs 1 body 1 pos 1,16 stuck 116
RC POS 144 id 8 seat 2 role expand fs 0 body 1 pos 15,1 stuck 0
RC POS 144 id 25 seat 4 role defend fs 0 body 1 pos 17,0 stuck 2
RC POS 144 id 194 seat 5 role raid fs 1 body 2 pos 0,13 stuck 0
RC POS 145 id 4 seat 0 role raid fs 1 body 1 pos 1,16 stuck 118
RC POS 145 id 8 seat 2 role expand fs 0 body 1 pos 15,0 stuck 0
RC POS 145 id 25 seat 4 role defend fs 0 body 1 pos 17,0 stuck 4
RC POS 145 id 194 seat 5 role raid fs 1 body 2 pos 0,13 stuck 1
RC POS 146 id 4 seat 0 role raid fs 1 body 1 pos 1,16 stuck 119
RC POS 146 id 8 seat 2 role expand fs 0 body 1 pos 15,1 stuck 0
RC POS 146 id 25 seat 4 role defend fs 0 body 1 pos 17,0 stuck 6
RC POS 146 id 194 seat 5 role raid fs 1 body 2 pos 0,14 stuck 0
RC POS 147 id 4 seat 0 role raid fs 1 body 1 pos 1,16 stuck 121
RC POS 147 id 8 seat 2 role expand fs 0 body 1 pos 14,1 stuck 0
RC POS 147 id 25 seat 4 role defend fs 0 body 1 pos 17,0 stuck 2
RC POS 147 id 194 seat 5 role raid fs 1 body 2 pos 0,14 stuck 1
RC POS 148 id 4 seat 0 role raid fs 1 body 1 pos 1,16 stuck 123
RC POS 148 id 8 seat 2 role expand fs 0 body 1 pos 13,1 stuck 0
RC POS 148 id 25 seat 4 role defend fs 0 body 1 pos 17,0 stuck 4
RC POS 148 id 194 seat 5 role raid fs 1 body 2 pos 0,13 stuck 0
RC POS 149 id 4 seat 0 role raid fs 1 body 1 pos 1,16 stuck 125
RC POS 149 id 8 seat 2 role expand fs 0 body 1 pos 13,2 stuck 0
RC POS 149 id 25 seat 4 role defend fs 0 body 1 pos 17,0 stuck 6
RC POS 149 id 194 seat 5 role raid fs 1 body 2 pos 0,14 stuck 0
RC ECO 150 harvstore 5 harvseen -1 ti 18 units 11 scale 330.0
RC POS 150 id 4 seat 0 role raid fs 1 body 1 pos 1,16 stuck 127
RC POS 150 id 8 seat 2 role expand fs 0 body 1 pos 12,2 stuck 0
RC POS 150 id 25 seat 4 role defend fs 0 body 1 pos 17,0 stuck 2
RC POS 150 id 194 seat 5 role raid fs 1 body 2 pos 0,14 stuck 1
RC POS 151 id 4 seat 0 role raid fs 1 body 1 pos 1,16 stuck 128
RC POS 151 id 8 seat 2 role expand fs 0 body 1 pos 12,3 stuck 0
RC POS 151 id 25 seat 4 role defend fs 0 body 1 pos 17,0 stuck 4
RC POS 151 id 194 seat 5 role raid fs 1 body 2 pos 0,13 stuck 0
RC POS 152 id 4 seat 0 role raid fs 1 body 1 pos 1,16 stuck 130
RC POS 152 id 8 seat 2 role expand fs 0 body 1 pos 12,4 stuck 0
RC POS 152 id 25 seat 4 role defend fs 0 body 1 pos 17,0 stuck 6
RC POS 152 id 194 seat 5 role raid fs 1 body 2 pos 0,14 stuck 0
RC POS 153 id 4 seat 0 role raid fs 1 body 1 pos 1,16 stuck 132
RC POS 153 id 8 seat 2 role expand fs 0 body 1 pos 12,5 stuck 0
RC POS 153 id 25 seat 4 role defend fs 0 body 1 pos 17,0 stuck 2
RC POS 153 id 194 seat 5 role raid fs 1 body 2 pos 0,13 stuck 0
RC POS 154 id 4 seat 0 role raid fs 1 body 1 pos 1,16 stuck 134
RC POS 154 id 8 seat 2 role expand fs 0 body 1 pos 12,6 stuck 0
RC POS 154 id 25 seat 4 role defend fs 0 body 1 pos 17,0 stuck 4
RC POS 154 id 194 seat 5 role raid fs 1 body 2 pos 0,14 stuck 0
RC POS 155 id 4 seat 0 role raid fs 1 body 1 pos 1,16 stuck 136
RC POS 155 id 8 seat 2 role expand fs 0 body 1 pos 12,7 stuck 0
RC POS 155 id 25 seat 4 role defend fs 0 body 1 pos 17,0 stuck 6
RC POS 155 id 194 seat 5 role raid fs 1 body 2 pos 0,14 stuck 1
RC POS 156 id 4 seat 0 role raid fs 1 body 1 pos 1,16 stuck 137
RC POS 156 id 8 seat 2 role expand fs 0 body 1 pos 12,8 stuck 0
RC POS 156 id 25 seat 4 role defend fs 0 body 1 pos 17,0 stuck 2
RC POS 156 id 194 seat 5 role raid fs 1 body 2 pos 0,13 stuck 0
RC POS 157 id 4 seat 0 role raid fs 1 body 1 pos 1,16 stuck 139
RC POS 157 id 8 seat 2 role expand fs 0 body 1 pos 11,8 stuck 0
RC POS 157 id 25 seat 4 role defend fs 0 body 1 pos 17,0 stuck 4
RC POS 157 id 194 seat 5 role raid fs 1 body 2 pos 0,14 stuck 0
RC POS 158 id 4 seat 0 role raid fs 1 body 1 pos 1,16 stuck 141
RC POS 158 id 8 seat 2 role expand fs 0 body 1 pos 10,8 stuck 0
RC POS 158 id 25 seat 4 role defend fs 0 body 1 pos 17,0 stuck 6
RC POS 158 id 194 seat 5 role raid fs 1 body 2 pos 0,13 stuck 0
RC POS 159 id 4 seat 0 role raid fs 1 body 1 pos 1,16 stuck 143
RC POS 159 id 8 seat 2 role expand fs 0 body 1 pos 10,9 stuck 0
RC POS 159 id 25 seat 4 role defend fs 0 body 1 pos 17,0 stuck 2
RC POS 159 id 194 seat 5 role raid fs 1 body 2 pos 0,14 stuck 0
RC POS 160 id 4 seat 0 role raid fs 1 body 1 pos 1,16 stuck 145
RC POS 160 id 8 seat 2 role expand fs 0 body 1 pos 10,10 stuck 0
RC POS 160 id 25 seat 4 role defend fs 0 body 1 pos 17,0 stuck 4
RC POS 160 id 194 seat 5 role raid fs 1 body 2 pos 0,14 stuck 1
RC POS 161 id 4 seat 0 role raid fs 1 body 1 pos 1,16 stuck 146
RC POS 161 id 8 seat 2 role expand fs 0 body 1 pos 9,10 stuck 0
RC POS 161 id 25 seat 4 role defend fs 0 body 1 pos 17,0 stuck 6
RC POS 161 id 194 seat 5 role raid fs 1 body 2 pos 0,13 stuck 0
RC POS 162 id 4 seat 0 role raid fs 1 body 1 pos 1,16 stuck 148
RC POS 162 id 8 seat 2 role expand fs 0 body 1 pos 8,10 stuck 0
RC POS 162 id 25 seat 4 role defend fs 0 body 1 pos 17,0 stuck 2
RC POS 162 id 194 seat 5 role raid fs 1 body 2 pos 0,14 stuck 0
RC POS 163 id 4 seat 0 role raid fs 1 body 1 pos 1,16 stuck 150
RC POS 163 id 8 seat 2 role expand fs 0 body 1 pos 9,10 stuck 0
RC POS 163 id 25 seat 4 role defend fs 0 body 1 pos 17,0 stuck 4
RC POS 163 id 194 seat 5 role raid fs 1 body 2 pos 0,13 stuck 0
RC POS 164 id 4 seat 0 role raid fs 1 body 1 pos 1,16 stuck 152
RC POS 164 id 8 seat 2 role expand fs 0 body 1 pos 10,10 stuck 0
RC POS 164 id 25 seat 4 role defend fs 0 body 1 pos 17,0 stuck 6
RC POS 164 id 194 seat 5 role raid fs 1 body 2 pos 0,14 stuck 0
RC POS 165 id 4 seat 0 role raid fs 1 body 1 pos 1,16 stuck 154
RC POS 165 id 8 seat 2 role expand fs 0 body 1 pos 10,9 stuck 0
RC POS 165 id 25 seat 4 role defend fs 0 body 1 pos 17,0 stuck 2
RC POS 165 id 194 seat 5 role raid fs 1 body 2 pos 0,14 stuck 1
RC POS 166 id 4 seat 0 role raid fs 1 body 1 pos 1,16 stuck 155
RC POS 166 id 8 seat 2 role expand fs 0 body 1 pos 10,8 stuck 0
RC POS 166 id 25 seat 4 role defend fs 0 body 1 pos 17,0 stuck 4
RC POS 166 id 194 seat 5 role raid fs 1 body 2 pos 0,13 stuck 0
RC POS 167 id 4 seat 0 role raid fs 1 body 1 pos 1,16 stuck 157
RC POS 167 id 8 seat 2 role expand fs 0 body 1 pos 11,8 stuck 0
RC POS 167 id 25 seat 4 role defend fs 0 body 1 pos 17,0 stuck 6
RC POS 167 id 194 seat 5 role raid fs 1 body 2 pos 0,14 stuck 0
RC POS 168 id 4 seat 0 role raid fs 1 body 1 pos 1,16 stuck 159
RC POS 168 id 8 seat 2 role expand fs 0 body 1 pos 12,8 stuck 0
RC POS 168 id 25 seat 4 role defend fs 0 body 1 pos 17,0 stuck 1
RC POS 168 id 194 seat 5 role raid fs 1 body 2 pos 0,13 stuck 0
RC POS 169 id 4 seat 0 role raid fs 1 body 1 pos 1,16 stuck 161
RC POS 169 id 8 seat 2 role expand fs 0 body 1 pos 12,7 stuck 0
RC POS 169 id 25 seat 4 role defend fs 0 body 1 pos 17,0 stuck 2
RC POS 169 id 194 seat 5 role raid fs 1 body 2 pos 0,14 stuck 0
RC POS 170 id 4 seat 0 role raid fs 1 body 1 pos 1,16 stuck 163
RC POS 170 id 8 seat 2 role expand fs 0 body 1 pos 12,6 stuck 0
RC POS 170 id 25 seat 4 role defend fs 0 body 1 pos 17,0 stuck 4
RC POS 170 id 194 seat 5 role raid fs 1 body 2 pos 0,14 stuck 1
RC POS 171 id 4 seat 0 role raid fs 1 body 1 pos 1,16 stuck 164
RC POS 171 id 8 seat 2 role expand fs 0 body 1 pos 12,5 stuck 0
RC POS 171 id 25 seat 4 role defend fs 0 body 1 pos 17,0 stuck 6
RC POS 171 id 194 seat 5 role raid fs 1 body 2 pos 0,13 stuck 0
RC POS 172 id 4 seat 0 role raid fs 1 body 1 pos 1,16 stuck 166
RC POS 172 id 8 seat 2 role expand fs 0 body 1 pos 12,4 stuck 0
RC POS 172 id 25 seat 4 role defend fs 0 body 1 pos 17,0 stuck 2
RC POS 172 id 194 seat 5 role raid fs 1 body 2 pos 0,14 stuck 0
RC POS 173 id 4 seat 0 role raid fs 1 body 1 pos 1,16 stuck 168
RC POS 173 id 8 seat 2 role expand fs 0 body 1 pos 12,3 stuck 0
RC POS 173 id 25 seat 4 role defend fs 0 body 1 pos 17,0 stuck 4
RC POS 173 id 194 seat 5 role raid fs 1 body 2 pos 0,13 stuck 0
RC POS 174 id 4 seat 0 role raid fs 1 body 1 pos 1,16 stuck 170
RC POS 174 id 8 seat 2 role expand fs 0 body 1 pos 12,2 stuck 0
RC POS 174 id 25 seat 4 role defend fs 0 body 1 pos 17,0 stuck 6
RC POS 174 id 194 seat 5 role raid fs 1 body 2 pos 0,14 stuck 0
RC ECO 175 harvstore 5 harvseen -1 ti 28 units 11 scale 330.0
RC POS 175 id 4 seat 0 role raid fs 1 body 1 pos 1,16 stuck 172
RC POS 175 id 8 seat 2 role expand fs 0 body 1 pos 13,2 stuck 0
RC POS 175 id 25 seat 4 role defend fs 0 body 1 pos 17,0 stuck 2
RC POS 175 id 194 seat 5 role raid fs 1 body 2 pos 0,14 stuck 1
RC POS 176 id 4 seat 0 role raid fs 1 body 1 pos 1,16 stuck 173
RC POS 176 id 8 seat 2 role expand fs 0 body 1 pos 13,1 stuck 0
RC POS 176 id 25 seat 4 role defend fs 0 body 1 pos 17,0 stuck 4
RC POS 176 id 194 seat 5 role raid fs 1 body 2 pos 0,13 stuck 0
RC POS 177 id 4 seat 0 role raid fs 1 body 1 pos 1,16 stuck 175
RC POS 177 id 8 seat 2 role expand fs 0 body 1 pos 14,1 stuck 0
RC POS 177 id 25 seat 4 role defend fs 0 body 1 pos 17,0 stuck 6
RC POS 177 id 194 seat 5 role raid fs 1 body 2 pos 0,14 stuck 0
RC POS 178 id 4 seat 0 role raid fs 1 body 1 pos 1,16 stuck 177
RC POS 178 id 8 seat 2 role expand fs 0 body 1 pos 15,1 stuck 0
RC POS 178 id 25 seat 4 role defend fs 0 body 1 pos 17,0 stuck 2
RC POS 178 id 194 seat 5 role raid fs 1 body 2 pos 0,13 stuck 0
RC POS 179 id 4 seat 0 role raid fs 1 body 1 pos 1,16 stuck 179
RC POS 179 id 8 seat 2 role expand fs 0 body 1 pos 15,0 stuck 0
RC POS 179 id 25 seat 4 role defend fs 0 body 1 pos 17,0 stuck 4
RC POS 179 id 194 seat 5 role raid fs 1 body 2 pos 0,14 stuck 0
RC POS 180 id 4 seat 0 role raid fs 1 body 1 pos 1,16 stuck 181
RC POS 180 id 8 seat 2 role expand fs 0 body 1 pos 15,1 stuck 0
RC POS 180 id 25 seat 4 role defend fs 0 body 1 pos 17,0 stuck 6
RC POS 180 id 194 seat 5 role raid fs 1 body 2 pos 0,14 stuck 1
RC POS 181 id 4 seat 0 role raid fs 1 body 1 pos 1,16 stuck 182
RC POS 181 id 8 seat 2 role expand fs 0 body 1 pos 14,1 stuck 0
RC POS 181 id 25 seat 4 role defend fs 0 body 1 pos 17,0 stuck 2
RC POS 181 id 194 seat 5 role raid fs 1 body 2 pos 0,13 stuck 0
RC POS 182 id 4 seat 0 role raid fs 1 body 1 pos 1,16 stuck 184
RC POS 182 id 8 seat 2 role expand fs 0 body 1 pos 13,1 stuck 0
RC POS 182 id 25 seat 4 role defend fs 0 body 1 pos 17,0 stuck 4
RC POS 182 id 194 seat 5 role raid fs 1 body 2 pos 0,14 stuck 0
RC POS 183 id 4 seat 0 role raid fs 1 body 1 pos 1,16 stuck 186
RC POS 183 id 8 seat 2 role expand fs 0 body 1 pos 13,2 stuck 0
RC POS 183 id 25 seat 4 role defend fs 0 body 1 pos 17,0 stuck 6
RC POS 183 id 194 seat 5 role raid fs 1 body 2 pos 0,13 stuck 0
RC POS 184 id 4 seat 0 role raid fs 1 body 1 pos 1,16 stuck 188
RC POS 184 id 8 seat 2 role expand fs 0 body 1 pos 12,2 stuck 0
RC POS 184 id 25 seat 4 role defend fs 0 body 1 pos 17,0 stuck 2
RC POS 184 id 194 seat 5 role raid fs 1 body 2 pos 0,14 stuck 0
RC POS 185 id 4 seat 0 role raid fs 1 body 1 pos 1,16 stuck 190
RC POS 185 id 8 seat 2 role expand fs 0 body 1 pos 12,3 stuck 0
RC POS 185 id 25 seat 4 role defend fs 0 body 1 pos 17,0 stuck 4
RC POS 185 id 194 seat 5 role raid fs 1 body 2 pos 0,14 stuck 1
RC POS 186 id 4 seat 0 role raid fs 1 body 1 pos 1,16 stuck 191
RC POS 186 id 8 seat 2 role expand fs 0 body 1 pos 12,4 stuck 0
RC POS 186 id 25 seat 4 role defend fs 0 body 1 pos 17,0 stuck 6
RC POS 186 id 194 seat 5 role raid fs 1 body 2 pos 0,13 stuck 0
RC POS 187 id 4 seat 0 role raid fs 1 body 1 pos 1,16 stuck 193
RC POS 187 id 8 seat 2 role expand fs 0 body 1 pos 12,5 stuck 0
RC POS 187 id 25 seat 4 role defend fs 0 body 1 pos 17,0 stuck 2
RC POS 187 id 194 seat 5 role raid fs 1 body 2 pos 0,14 stuck 0
RC POS 188 id 4 seat 0 role raid fs 1 body 1 pos 1,16 stuck 195
RC POS 188 id 8 seat 2 role expand fs 0 body 1 pos 12,6 stuck 0
RC POS 188 id 25 seat 4 role defend fs 0 body 1 pos 17,0 stuck 4
RC POS 188 id 194 seat 5 role raid fs 1 body 2 pos 0,13 stuck 0
RC POS 189 id 4 seat 0 role raid fs 1 body 1 pos 1,16 stuck 197
RC POS 189 id 8 seat 2 role expand fs 0 body 1 pos 12,7 stuck 0
RC POS 189 id 25 seat 4 role defend fs 0 body 1 pos 17,0 stuck 6
RC POS 189 id 194 seat 5 role raid fs 1 body 2 pos 0,14 stuck 0
RC POS 190 id 4 seat 0 role raid fs 1 body 1 pos 1,16 stuck 199
RC POS 190 id 8 seat 2 role expand fs 0 body 1 pos 12,8 stuck 0
RC POS 190 id 25 seat 4 role defend fs 0 body 1 pos 17,0 stuck 2
RC POS 190 id 194 seat 5 role raid fs 1 body 2 pos 0,14 stuck 1
RC POS 191 id 4 seat 0 role raid fs 1 body 1 pos 1,16 stuck 200
RC POS 191 id 8 seat 2 role expand fs 0 body 1 pos 11,8 stuck 0
RC POS 191 id 25 seat 4 role defend fs 0 body 1 pos 17,0 stuck 4
RC POS 191 id 194 seat 5 role raid fs 1 body 2 pos 0,13 stuck 0
RC POS 192 id 4 seat 0 role raid fs 1 body 1 pos 1,16 stuck 202
RC POS 192 id 8 seat 2 role expand fs 0 body 1 pos 10,8 stuck 0
RC POS 192 id 25 seat 4 role defend fs 0 body 1 pos 17,0 stuck 6
RC POS 192 id 194 seat 5 role raid fs 1 body 2 pos 0,14 stuck 0
RC POS 193 id 4 seat 0 role raid fs 1 body 1 pos 1,16 stuck 204
RC POS 193 id 8 seat 2 role expand fs 0 body 1 pos 10,9 stuck 0
RC POS 193 id 25 seat 4 role defend fs 0 body 1 pos 17,0 stuck 1
RC POS 193 id 194 seat 5 role raid fs 1 body 2 pos 0,13 stuck 0
RC POS 194 id 4 seat 0 role raid fs 1 body 1 pos 1,16 stuck 206
RC POS 194 id 8 seat 2 role expand fs 0 body 1 pos 10,10 stuck 0
RC POS 194 id 25 seat 4 role defend fs 0 body 1 pos 17,0 stuck 1
RC POS 194 id 194 seat 5 role raid fs 1 body 2 pos 0,14 stuck 0
RC POS 195 id 4 seat 0 role raid fs 1 body 1 pos 1,16 stuck 208
RC POS 195 id 8 seat 2 role expand fs 0 body 1 pos 9,10 stuck 0
RC POS 195 id 25 seat 4 role defend fs 0 body 1 pos 17,0 stuck 2
RC POS 195 id 194 seat 5 role raid fs 1 body 2 pos 0,14 stuck 1
RC POS 196 id 4 seat 0 role raid fs 1 body 1 pos 1,16 stuck 209
RC POS 196 id 8 seat 2 role expand fs 0 body 1 pos 8,10 stuck 0
RC POS 196 id 25 seat 4 role defend fs 0 body 1 pos 17,0 stuck 4
RC POS 196 id 194 seat 5 role raid fs 1 body 2 pos 0,13 stuck 0
RC POS 197 id 4 seat 0 role raid fs 1 body 1 pos 1,16 stuck 211
RC POS 197 id 8 seat 2 role expand fs 0 body 1 pos 9,10 stuck 0
RC POS 197 id 25 seat 4 role defend fs 0 body 1 pos 17,0 stuck 6
RC POS 197 id 194 seat 5 role raid fs 1 body 2 pos 0,14 stuck 0
RC POS 198 id 4 seat 0 role raid fs 1 body 1 pos 1,16 stuck 213
RC POS 198 id 8 seat 2 role expand fs 0 body 1 pos 10,10 stuck 0
RC POS 198 id 25 seat 4 role defend fs 0 body 1 pos 17,0 stuck 2
RC POS 198 id 194 seat 5 role raid fs 1 body 2 pos 0,13 stuck 0
RC POS 199 id 4 seat 0 role raid fs 1 body 1 pos 1,16 stuck 215
RC POS 199 id 8 seat 2 role expand fs 0 body 1 pos 10,9 stuck 0
RC POS 199 id 25 seat 4 role defend fs 0 body 1 pos 17,0 stuck 4
RC POS 199 id 194 seat 5 role raid fs 1 body 2 pos 0,14 stuck 0
RC ECO 200 harvstore 5 harvseen -1 ti 38 units 11 scale 330.0
RC POS 200 id 4 seat 0 role raid fs 1 body 1 pos 1,16 stuck 217
RC POS 200 id 8 seat 2 role expand fs 0 body 1 pos 10,8 stuck 0
RC POS 200 id 25 seat 4 role defend fs 0 body 1 pos 17,0 stuck 6
RC POS 200 id 194 seat 5 role raid fs 1 body 2 pos 0,14 stuck 1
RC POS 201 id 4 seat 0 role raid fs 1 body 1 pos 1,16 stuck 218
RC POS 201 id 8 seat 2 role expand fs 0 body 1 pos 11,8 stuck 0
RC POS 201 id 25 seat 4 role defend fs 0 body 1 pos 17,0 stuck 2
RC POS 201 id 194 seat 5 role raid fs 1 body 2 pos 0,13 stuck 0
RC POS 202 id 4 seat 0 role raid fs 1 body 1 pos 1,16 stuck 220
RC POS 202 id 8 seat 2 role expand fs 0 body 1 pos 12,8 stuck 0
RC POS 202 id 25 seat 4 role defend fs 0 body 1 pos 17,0 stuck 4
RC POS 202 id 194 seat 5 role raid fs 1 body 2 pos 0,14 stuck 0
RC POS 203 id 4 seat 0 role raid fs 1 body 1 pos 1,16 stuck 222
RC POS 203 id 8 seat 2 role expand fs 0 body 1 pos 12,7 stuck 0
RC POS 203 id 25 seat 4 role defend fs 0 body 1 pos 17,0 stuck 6
RC POS 203 id 194 seat 5 role raid fs 1 body 2 pos 0,13 stuck 0
RC POS 204 id 4 seat 0 role raid fs 1 body 1 pos 1,16 stuck 224
RC POS 204 id 8 seat 2 role expand fs 0 body 1 pos 12,6 stuck 0
RC POS 204 id 25 seat 4 role defend fs 0 body 1 pos 17,0 stuck 2
RC POS 204 id 194 seat 5 role raid fs 1 body 2 pos 0,14 stuck 0
RC POS 205 id 4 seat 0 role raid fs 1 body 1 pos 1,16 stuck 226
RC POS 205 id 8 seat 2 role expand fs 0 body 1 pos 12,5 stuck 0
RC POS 205 id 25 seat 4 role defend fs 0 body 1 pos 17,0 stuck 4
RC POS 205 id 194 seat 5 role raid fs 1 body 2 pos 0,14 stuck 1
RC POS 206 id 4 seat 0 role raid fs 1 body 1 pos 1,16 stuck 227
RC POS 206 id 8 seat 2 role expand fs 0 body 1 pos 12,4 stuck 0
RC POS 206 id 25 seat 4 role defend fs 0 body 1 pos 17,0 stuck 6
RC POS 206 id 194 seat 5 role raid fs 1 body 2 pos 0,13 stuck 0
RC POS 207 id 4 seat 0 role raid fs 1 body 1 pos 1,16 stuck 229
RC POS 207 id 8 seat 2 role expand fs 0 body 1 pos 12,3 stuck 0
RC POS 207 id 25 seat 4 role defend fs 0 body 1 pos 17,0 stuck 2
RC POS 207 id 194 seat 5 role raid fs 1 body 2 pos 0,14 stuck 0
RC POS 208 id 4 seat 0 role raid fs 1 body 1 pos 1,16 stuck 231
RC POS 208 id 8 seat 2 role expand fs 0 body 1 pos 12,2 stuck 0
RC POS 208 id 25 seat 4 role defend fs 0 body 1 pos 17,0 stuck 4
RC POS 208 id 194 seat 5 role raid fs 1 body 2 pos 0,13 stuck 0
RC POS 209 id 4 seat 0 role raid fs 1 body 1 pos 1,16 stuck 233
RC POS 209 id 8 seat 2 role expand fs 0 body 1 pos 13,2 stuck 0
RC POS 209 id 25 seat 4 role defend fs 0 body 1 pos 17,0 stuck 6
RC POS 209 id 194 seat 5 role raid fs 1 body 2 pos 0,14 stuck 0
RC POS 210 id 4 seat 0 role raid fs 1 body 1 pos 1,16 stuck 235
RC POS 210 id 8 seat 2 role expand fs 0 body 1 pos 13,1 stuck 0
RC POS 210 id 25 seat 4 role defend fs 0 body 1 pos 17,0 stuck 2
RC POS 210 id 194 seat 5 role raid fs 1 body 2 pos 0,14 stuck 1
RC POS 211 id 4 seat 0 role raid fs 1 body 1 pos 1,16 stuck 236
RC POS 211 id 8 seat 2 role expand fs 0 body 1 pos 14,1 stuck 0
RC POS 211 id 25 seat 4 role defend fs 0 body 1 pos 17,0 stuck 4
RC POS 211 id 194 seat 5 role raid fs 1 body 2 pos 0,13 stuck 0
RC POS 212 id 4 seat 0 role raid fs 1 body 1 pos 1,16 stuck 238
RC POS 212 id 8 seat 2 role expand fs 0 body 1 pos 15,1 stuck 0
RC POS 212 id 25 seat 4 role defend fs 0 body 1 pos 17,0 stuck 6
RC POS 212 id 194 seat 5 role raid fs 1 body 2 pos 0,14 stuck 0
RC POS 213 id 4 seat 0 role raid fs 1 body 1 pos 1,16 stuck 240
RC POS 213 id 8 seat 2 role expand fs 0 body 1 pos 15,0 stuck 0
RC POS 213 id 25 seat 4 role defend fs 0 body 1 pos 17,0 stuck 2
RC POS 213 id 194 seat 5 role raid fs 1 body 2 pos 0,13 stuck 0
RC POS 214 id 4 seat 0 role raid fs 1 body 1 pos 1,16 stuck 242
RC POS 214 id 8 seat 2 role expand fs 0 body 1 pos 15,1 stuck 0
RC POS 214 id 25 seat 4 role defend fs 0 body 1 pos 17,0 stuck 4
RC POS 214 id 194 seat 5 role raid fs 1 body 2 pos 0,14 stuck 0
RC POS 215 id 4 seat 0 role raid fs 1 body 1 pos 1,16 stuck 244
RC POS 215 id 8 seat 2 role expand fs 0 body 1 pos 14,1 stuck 0
RC POS 215 id 25 seat 4 role defend fs 0 body 1 pos 17,0 stuck 6
RC POS 215 id 194 seat 5 role raid fs 1 body 2 pos 0,14 stuck 1
RC POS 216 id 4 seat 0 role raid fs 1 body 1 pos 1,16 stuck 245
RC POS 216 id 8 seat 2 role expand fs 0 body 1 pos 13,1 stuck 0
RC POS 216 id 25 seat 4 role defend fs 0 body 1 pos 17,0 stuck 2
RC POS 216 id 194 seat 5 role raid fs 1 body 2 pos 0,13 stuck 0
RC POS 217 id 4 seat 0 role raid fs 1 body 1 pos 1,16 stuck 247
RC POS 217 id 8 seat 2 role expand fs 0 body 1 pos 13,2 stuck 0
RC POS 217 id 25 seat 4 role defend fs 0 body 1 pos 17,0 stuck 4
RC POS 217 id 194 seat 5 role raid fs 1 body 2 pos 0,14 stuck 0
RC POS 218 id 4 seat 0 role raid fs 1 body 1 pos 1,16 stuck 249
RC POS 218 id 8 seat 2 role expand fs 0 body 1 pos 12,2 stuck 0
RC POS 218 id 25 seat 4 role defend fs 0 body 1 pos 17,0 stuck 6
RC POS 218 id 194 seat 5 role raid fs 1 body 2 pos 0,13 stuck 0
RC POS 219 id 4 seat 0 role raid fs 1 body 1 pos 1,16 stuck 251
RC POS 219 id 8 seat 2 role expand fs 0 body 1 pos 12,3 stuck 0
RC POS 219 id 25 seat 4 role defend fs 0 body 1 pos 17,0 stuck 1
RC POS 219 id 194 seat 5 role raid fs 1 body 2 pos 0,14 stuck 0
RC POS 220 id 4 seat 0 role raid fs 1 body 1 pos 1,16 stuck 253
RC POS 220 id 8 seat 2 role expand fs 0 body 1 pos 12,4 stuck 0
RC POS 220 id 25 seat 4 role defend fs 0 body 1 pos 17,0 stuck 1
RC POS 220 id 194 seat 5 role raid fs 1 body 2 pos 0,14 stuck 1
RC POS 221 id 4 seat 0 role raid fs 1 body 1 pos 1,16 stuck 254
RC POS 221 id 8 seat 2 role expand fs 0 body 1 pos 12,5 stuck 0
RC POS 221 id 25 seat 4 role defend fs 0 body 1 pos 17,0 stuck 2
RC POS 221 id 194 seat 5 role raid fs 1 body 2 pos 0,13 stuck 0
RC POS 222 id 4 seat 0 role raid fs 1 body 1 pos 1,16 stuck 256
RC POS 222 id 8 seat 2 role expand fs 0 body 1 pos 12,6 stuck 0
RC POS 222 id 25 seat 4 role defend fs 0 body 1 pos 17,0 stuck 4
RC POS 222 id 194 seat 5 role raid fs 1 body 2 pos 0,14 stuck 0
RC POS 223 id 4 seat 0 role raid fs 1 body 1 pos 1,16 stuck 258
RC POS 223 id 8 seat 2 role expand fs 0 body 1 pos 12,7 stuck 0
RC POS 223 id 25 seat 4 role defend fs 0 body 1 pos 17,0 stuck 6
RC POS 223 id 194 seat 5 role raid fs 1 body 2 pos 0,13 stuck 0
RC POS 224 id 4 seat 0 role raid fs 1 body 1 pos 1,16 stuck 260
RC POS 224 id 8 seat 2 role expand fs 0 body 1 pos 12,8 stuck 0
RC POS 224 id 25 seat 4 role defend fs 0 body 1 pos 17,0 stuck 2
RC POS 224 id 194 seat 5 role raid fs 1 body 2 pos 0,14 stuck 0
RC ECO 225 harvstore 5 harvseen -1 ti 18 units 11 scale 330.0
RC POS 225 id 4 seat 0 role raid fs 1 body 1 pos 1,16 stuck 262
RC POS 225 id 8 seat 2 role expand fs 0 body 1 pos 11,8 stuck 0
RC POS 225 id 25 seat 4 role defend fs 0 body 1 pos 17,0 stuck 4
RC POS 225 id 194 seat 5 role raid fs 1 body 2 pos 0,14 stuck 1
RC POS 226 id 4 seat 0 role raid fs 1 body 1 pos 1,16 stuck 263
RC POS 226 id 8 seat 2 role expand fs 0 body 1 pos 10,8 stuck 0
RC POS 226 id 25 seat 4 role defend fs 0 body 1 pos 17,0 stuck 6
RC POS 226 id 194 seat 5 role raid fs 1 body 2 pos 0,13 stuck 0
RC POS 227 id 4 seat 0 role raid fs 1 body 1 pos 1,16 stuck 265
RC POS 227 id 8 seat 2 role expand fs 0 body 1 pos 10,9 stuck 0
RC POS 227 id 25 seat 4 role defend fs 0 body 1 pos 17,0 stuck 2
RC POS 227 id 194 seat 5 role raid fs 1 body 2 pos 0,14 stuck 0
RC POS 228 id 4 seat 0 role raid fs 1 body 1 pos 1,16 stuck 267
RC POS 228 id 8 seat 2 role expand fs 0 body 1 pos 10,10 stuck 0
RC POS 228 id 25 seat 4 role defend fs 0 body 1 pos 17,0 stuck 4
RC POS 228 id 194 seat 5 role raid fs 1 body 2 pos 0,13 stuck 0
RC POS 229 id 4 seat 0 role raid fs 1 body 1 pos 1,16 stuck 269
RC POS 229 id 8 seat 2 role expand fs 0 body 1 pos 9,10 stuck 0
RC POS 229 id 25 seat 4 role defend fs 0 body 1 pos 17,0 stuck 6
RC POS 229 id 194 seat 5 role raid fs 1 body 2 pos 0,14 stuck 0
RC POS 230 id 4 seat 0 role raid fs 1 body 1 pos 1,16 stuck 271
RC POS 230 id 8 seat 2 role expand fs 0 body 1 pos 8,10 stuck 0
RC POS 230 id 25 seat 4 role defend fs 0 body 1 pos 17,0 stuck 2
RC POS 230 id 194 seat 5 role raid fs 1 body 2 pos 0,14 stuck 1
RC POS 231 id 4 seat 0 role raid fs 1 body 1 pos 1,16 stuck 272
RC POS 231 id 8 seat 2 role expand fs 0 body 1 pos 9,10 stuck 0
RC POS 231 id 25 seat 4 role defend fs 0 body 1 pos 17,0 stuck 4
RC POS 231 id 194 seat 5 role raid fs 1 body 2 pos 0,13 stuck 0
RC POS 232 id 4 seat 0 role raid fs 1 body 1 pos 1,16 stuck 274
RC POS 232 id 8 seat 2 role expand fs 0 body 1 pos 10,10 stuck 0
RC POS 232 id 25 seat 4 role defend fs 0 body 1 pos 17,0 stuck 6
RC POS 232 id 194 seat 5 role raid fs 1 body 2 pos 0,14 stuck 0
RC POS 233 id 4 seat 0 role raid fs 1 body 1 pos 1,16 stuck 276
RC POS 233 id 8 seat 2 role expand fs 0 body 1 pos 10,9 stuck 0
RC POS 233 id 25 seat 4 role defend fs 0 body 1 pos 17,0 stuck 2
RC POS 233 id 194 seat 5 role raid fs 1 body 2 pos 0,13 stuck 0
RC POS 234 id 4 seat 0 role raid fs 1 body 1 pos 1,16 stuck 278
RC POS 234 id 8 seat 2 role expand fs 0 body 1 pos 10,8 stuck 0
RC POS 234 id 25 seat 4 role defend fs 0 body 1 pos 17,0 stuck 4
RC POS 234 id 194 seat 5 role raid fs 1 body 2 pos 0,14 stuck 0
RC POS 235 id 4 seat 0 role raid fs 1 body 1 pos 1,16 stuck 280
RC POS 235 id 8 seat 2 role expand fs 0 body 1 pos 11,8 stuck 0
RC POS 235 id 25 seat 4 role defend fs 0 body 1 pos 17,0 stuck 6
RC POS 235 id 194 seat 5 role raid fs 1 body 2 pos 0,14 stuck 1
RC POS 236 id 4 seat 0 role raid fs 1 body 1 pos 1,16 stuck 281
RC POS 236 id 8 seat 2 role expand fs 0 body 1 pos 12,8 stuck 0
RC POS 236 id 25 seat 4 role defend fs 0 body 1 pos 17,0 stuck 2
RC POS 236 id 194 seat 5 role raid fs 1 body 2 pos 0,13 stuck 0
RC POS 237 id 4 seat 0 role raid fs 1 body 1 pos 1,16 stuck 283
RC POS 237 id 8 seat 2 role expand fs 0 body 1 pos 12,7 stuck 0
RC POS 237 id 25 seat 4 role defend fs 0 body 1 pos 17,0 stuck 4
RC POS 237 id 194 seat 5 role raid fs 1 body 2 pos 0,14 stuck 0
RC POS 238 id 4 seat 0 role raid fs 1 body 1 pos 1,16 stuck 285
RC POS 238 id 8 seat 2 role expand fs 0 body 1 pos 12,6 stuck 0
RC POS 238 id 25 seat 4 role defend fs 0 body 1 pos 17,0 stuck 6
RC POS 238 id 194 seat 5 role raid fs 1 body 2 pos 0,13 stuck 0
RC POS 239 id 4 seat 0 role raid fs 1 body 1 pos 1,16 stuck 287
RC POS 239 id 8 seat 2 role expand fs 0 body 1 pos 12,5 stuck 0
RC POS 239 id 25 seat 4 role defend fs 0 body 1 pos 17,0 stuck 2
RC POS 239 id 194 seat 5 role raid fs 1 body 2 pos 0,14 stuck 0
