atoll_s407_A	atoll	407	A	US	_v523eyes	Core destroyed	235	0	820	550
atoll_s407_B	atoll	407	B	OPP	_x3r0v161gungnir	Core destroyed	184	0	880	1340
atoll_s408_A	atoll	408	A	US	_v523eyes	Core destroyed	368	0	1810	0
atoll_s408_B	atoll	408	B	US	_v523eyes	Core destroyed	482	0	3690	2000
atoll_s409_A	atoll	409	A	OPP	_x3r0v161gungnir	Core destroyed	468	0	1110	1060
atoll_s409_B	atoll	409	B	OPP	_x3r0v161gungnir	Core destroyed	154	0	720	710
drakkarfjord_s407_A	drakkarfjord	407	A	US	_v523eyes	Core destroyed	248	0	400	0
drakkarfjord_s407_B	drakkarfjord	407	B	US	_v523eyes	Core destroyed	308	0	120	0
drakkarfjord_s408_A	drakkarfjord	408	A	US	_v523eyes	Core destroyed	117	0	400	0
drakkarfjord_s408_B	drakkarfjord	408	B	US	_v523eyes	Core destroyed	631	0	2090	0
drakkarfjord_s409_A	drakkarfjord	409	A	US	_v523eyes	Core destroyed	105	0	400	0
drakkarfjord_s409_B	drakkarfjord	409	B	US	_v523eyes	Core destroyed	172	0	350	0
glacierkeep_s407_A	glacierkeep	407	A	OPP	_x3r0v161gungnir	Core destroyed	461	0	0	0
glacierkeep_s407_B	glacierkeep	407	B	US	_v523eyes	Titanium stored (tiebreak)	1000	0	0	0
glacierkeep_s408_A	glacierkeep	408	A	US	_v523eyes	Core destroyed	432	0	0	0
glacierkeep_s408_B	glacierkeep	408	B	US	_v523eyes	Harvesters (tiebreak)	1000	0	0	0
glacierkeep_s409_A	glacierkeep	409	A	US	_v523eyes	Core destroyed	743	0	4110	0
glacierkeep_s409_B	glacierkeep	409	B	OPP	_x3r0v161gungnir	Core destroyed	617	0	0	0
midgard_s407_A	midgard	407	A	OPP	_x3r0v161gungnir	Core destroyed	101	0	490	880
midgard_s407_B	midgard	407	B	OPP	_x3r0v161gungnir	Core destroyed	167	0	700	1180
midgard_s408_A	midgard	408	A	US	_v523eyes	Core destroyed	377	0	5420	3240
midgard_s408_B	midgard	408	B	US	_v523eyes	Core destroyed	300	0	3410	1130
midgard_s409_A	midgard	409	A	OPP	_x3r0v161gungnir	Core destroyed	118	0	900	720
midgard_s409_B	midgard	409	B	US	_v523eyes	Core destroyed	347	0	3600	900
nordkap_s407_A	nordkap	407	A	US	_v523eyes	Core destroyed	233	0	250	350
nordkap_s407_B	nordkap	407	B	OPP	_x3r0v161gungnir	Core destroyed	228	0	160	750
nordkap_s408_A	nordkap	408	A	OPP	_x3r0v161gungnir	Core destroyed	179	0	90	420
nordkap_s408_B	nordkap	408	B	US	_v523eyes	Core destroyed	209	0	780	10
nordkap_s409_A	nordkap	409	A	US	_v523eyes	Core destroyed	252	0	1200	530
nordkap_s409_B	nordkap	409	B	US	_v523eyes	Core destroyed	326	0	1100	340
yulerune_s407_A	yulerune	407	A	OPP	_x3r0v161gungnir	Core destroyed	166	0	0	1280
yulerune_s407_B	yulerune	407	B	OPP	_x3r0v161gungnir	Core destroyed	323	0	2360	3400
yulerune_s408_A	yulerune	408	A	OPP	_x3r0v161gungnir	Core destroyed	459	0	540	1700
yulerune_s408_B	yulerune	408	B	OPP	_x3r0v161gungnir	Core destroyed	171	0	0	1060
yulerune_s409_A	yulerune	409	A	OPP	_x3r0v161gungnir	Core destroyed	133	0	280	680
yulerune_s409_B	yulerune	409	B	OPP	_x3r0v161gungnir	Core destroyed	108	0	0	790
