Running match: _v488beltbreak2 vs pinceronly
  Map: drakkarfjord.map26  Seed: 17  Replay: 
scratchpad/s51_v521_build/grid/b6/reppinceronly/drakkarfjord_s17_B.replay26  
TLE: 10ms
Completed turn 0
Completed turn 100
Completed turn 200
Completed turn 300
Completed turn 400
Completed turn 500
Completed turn 600
Completed turn 700
Completed turn 800
Completed turn 900
Replay written to 
scratchpad/s51_v521_build/grid/b6/reppinceronly/drakkarfjord_s17_B.replay26

  Winner: pinceronly  (Titanium collected (tiebreak), turn 1000)

               _v488beltbreak2        pinceronly  
  Titanium        14 (0 mined)    80 (330 mined)  
  Units                     14                 3  
  Buildings                115                93  

