Running match: _v488beltbreak2 vs iCOREFUND
  Map: glacierkeep.map26  Seed: 504  Replay: 
scratchpad/s51_v522_build/iso/b2/repiCOREFUND/glacierkeep_s504_B.replay26  TLE: 
10ms
Completed turn 0
Completed turn 100
Completed turn 200
Completed turn 300
Completed turn 400
Completed turn 500
Completed turn 600
Completed turn 700
Completed turn 800
Completed turn 900
Replay written to 
scratchpad/s51_v522_build/iso/b2/repiCOREFUND/glacierkeep_s504_B.replay26

  Winner: iCOREFUND  (Harvesters (tiebreak), turn 1000)

               _v488beltbreak2        iCOREFUND  
  Titanium        23 (0 mined)    108 (0 mined)  
  Units                      5                7  
  Buildings                 38               96  

