Running match: _v522floor vs _v488beltbreak2
  Map: yulerune.map26  Seed: 23  Replay: 
scratchpad/s51_v522_build/grid/b8/repv522/yulerune_s23_A.replay26  TLE: 10ms
Completed turn 0
Completed turn 100
Completed turn 200
Completed turn 300
Completed turn 400
Completed turn 500
Completed turn 600
Completed turn 700
Completed turn 800
Completed turn 900
Replay written to 
scratchpad/s51_v522_build/grid/b8/repv522/yulerune_s23_A.replay26

  Winner: _v488beltbreak2  (Titanium collected (tiebreak), turn 1000)

                   _v522floor     _v488beltbreak2  
  Titanium     56 (580 mined)    132 (2890 mined)  
  Units                     7                   6  
  Buildings                35                  62  

