Running match: _v488beltbreak2 vs flagoff
  Map: glacierkeep.map26  Seed: 17  Replay: 
scratchpad/s51_v523_build/grid/b6/repflagoff/glacierkeep_s17_B.replay26  TLE: 
10ms
Completed turn 0
Completed turn 100
Completed turn 200
Completed turn 300
Completed turn 400
Completed turn 500
Completed turn 600
Completed turn 700
Completed turn 800
Completed turn 900
Replay written to 
scratchpad/s51_v523_build/grid/b6/repflagoff/glacierkeep_s17_B.replay26

  Winner: flagoff  (Titanium stored (tiebreak), turn 1000)

               _v488beltbreak2          flagoff  
  Titanium        27 (0 mined)    127 (0 mined)  
  Units                      8                9  
  Buildings                 48               62  

