Running match: parentB vs _v488beltbreak2
  Map: midgard.map26  Seed: 820  Replay: 
scratchpad/s51_v522_build/iso2/b7/repparentB/midgard_s820_A.replay26  TLE: 10ms
Completed turn 0
Completed turn 100
Completed turn 200
Completed turn 300
Completed turn 400
Completed turn 500
Completed turn 600
Completed turn 700
Completed turn 800
Completed turn 900
Replay written to 
scratchpad/s51_v522_build/iso2/b7/repparentB/midgard_s820_A.replay26

  Winner: _v488beltbreak2  (Titanium collected (tiebreak), turn 1000)

                      parentB    _v488beltbreak2  
  Titanium     97 (750 mined)    22 (2590 mined)  
  Units                     7                 10  
  Buildings                38                 46  

