archipelago_s19_A	archipelago	19	A	US	parent516	Core destroyed	263	0	2020	1450
archipelago_s19_B	archipelago	19	B	US	parent516	Core destroyed	136	0	1190	710
archipelago_s20_A	archipelago	20	A	US	parent516	Core destroyed	269	0	1410	1050
archipelago_s20_B	archipelago	20	B	US	parent516	Core destroyed	150	0	950	770
archipelago_s21_A	archipelago	21	A	OPP	_v468kladturbo	Core destroyed	784	0	4390	3910
archipelago_s21_B	archipelago	21	B	OPP	_v468kladturbo	Core destroyed	589	0	2980	2890
archipelago_s22_A	archipelago	22	A	US	parent516	Core destroyed	114	0	1010	640
archipelago_s22_B	archipelago	22	B	US	parent516	Core destroyed	135	0	990	730
archipelago_s23_A	archipelago	23	A	US	parent516	Core destroyed	263	0	1880	1330
archipelago_s23_B	archipelago	23	B	US	parent516	Core destroyed	121	0	990	430
archipelago_s24_A	archipelago	24	A	US	parent516	Core destroyed	509	0	3740	3720
archipelago_s24_B	archipelago	24	B	US	parent516	Core destroyed	150	0	1640	890
archipelago_s25_A	archipelago	25	A	OPP	_v468kladturbo	Core destroyed	351	0	1670	1780
archipelago_s25_B	archipelago	25	B	US	parent516	Core destroyed	124	0	1080	810
archipelago_s26_A	archipelago	26	A	US	parent516	Core destroyed	144	0	1280	960
archipelago_s26_B	archipelago	26	B	OPP	_v468kladturbo	Core destroyed	214	0	990	1980
archipelago_s27_A	archipelago	27	A	OPP	_v468kladturbo	Core destroyed	580	0	5620	2930
archipelago_s27_B	archipelago	27	B	US	parent516	Core destroyed	259	0	2150	920
archipelago_s28_A	archipelago	28	A	US	parent516	Core destroyed	175	0	1570	1310
archipelago_s28_B	archipelago	28	B	US	parent516	Core destroyed	388	0	2930	1390
archipelago_s29_A	archipelago	29	A	OPP	_v468kladturbo	Core destroyed	219	0	1150	1630
archipelago_s29_B	archipelago	29	B	OPP	_v468kladturbo	Core destroyed	291	0	1580	2140
archipelago_s30_A	archipelago	30	A	US	parent516	Core destroyed	200	0	1840	1030
archipelago_s30_B	archipelago	30	B	US	parent516	Core destroyed	148	0	1270	760
archipelago_s31_A	archipelago	31	A	OPP	_v468kladturbo	Core destroyed	236	0	1670	1680
archipelago_s31_B	archipelago	31	B	US	parent516	Core destroyed	141	0	1200	650
archipelago_s32_A	archipelago	32	A	US	parent516	Core destroyed	317	0	2360	1570
archipelago_s32_B	archipelago	32	B	US	parent516	Core destroyed	126	0	1300	740
archipelago_s33_A	archipelago	33	A	US	parent516	Core destroyed	860	0	4500	2240
archipelago_s33_B	archipelago	33	B	US	parent516	Titanium collected (tiebreak)	1000	0	5040	5020
archipelago_s34_A	archipelago	34	A	US	parent516	Core destroyed	154	0	1410	760
archipelago_s34_B	archipelago	34	B	US	parent516	Core destroyed	354	0	4110	1210
archipelago_s35_A	archipelago	35	A	US	parent516	Core destroyed	144	0	1280	960
archipelago_s35_B	archipelago	35	B	US	parent516	Core destroyed	174	0	1700	830
archipelago_s36_A	archipelago	36	A	US	parent516	Core destroyed	293	0	2220	1570
archipelago_s36_B	archipelago	36	B	OPP	_v468kladturbo	Core destroyed	339	0	1800	2460
