Update available: 2.3.6 -> 2.3.8. Run: pip install --upgrade fcode
RC MAP w 10 h 10 ours 2,2 theirs 6,6
RC ECO 0 harvstore 0 harvseen -1 ti 500 units 1 scale 100.0
RC ECO 1 harvstore 0 harvseen -1 ti 470 units 2 scale 120.0
RC SEAT 1 id 3 seat 0
RC POS 1 id 3 seat 0 role raid fs 1 body 1 pos 4,4 stuck 0
RC ARRIVE 1 id 3 body 1 dsq 8
ARC520 CLAIM 1 id 3 body 1 arc 1 at (4, 4)
RC ECO 2 harvstore 0 harvseen -1 ti 434 units 3 scale 140.0
RC POS 2 id 3 seat 0 role raid fs 1 body 1 pos 5,4 stuck 0
RC SEAT 2 id 5 seat 1
RC POS 2 id 5 seat 1 role expand fs 0 body 1 pos 4,2 stuck 0
RC ECO 3 harvstore 0 harvseen -1 ti 388 units 4 scale 161.0
RC POS 3 id 3 seat 0 role raid fs 1 body 1 pos 5,4 stuck 1
RC POS 3 id 5 seat 1 role expand fs 0 body 1 pos 5,2 stuck 0
RC SEAT 3 id 7 seat 2
RC POS 3 id 7 seat 2 role expand fs 0 body 1 pos 4,1 stuck 0
RC ECO 4 harvstore 1 harvseen -1 ti 276 units 6 scale 196.0
RC POS 4 id 3 seat 0 role raid fs 1 body 1 pos 5,4 stuck 2
RC POS 4 id 5 seat 1 role expand fs 0 body 1 pos 5,2 stuck 1
RC POS 4 id 7 seat 2 role expand fs 0 body 1 pos 5,1 stuck 0
RC SEAT 4 id 10 seat 3
APPT520 CLAIM 4 id 10
RC POS 4 id 10 seat 3 role raid fs 1 body 2 pos 4,4 stuck 0
RC ARRIVE 4 id 10 body 2 dsq 8
ARC520 COLLIDE 4 id 10 body 2 peer 1 took 2 n 1
ARC520 CLAIM 4 id 10 body 2 arc 2 at (4, 4)
RC SPLIT 4 lid 12 body 3 arc 2 n 1
SPLIT520 4 lch (6, 4) body 3 arc 2 to (8, 6) dsq 1 walk 0 n 1
RC ECO 5 harvstore 1 harvseen -1 ti 206 units 7 scale 218.0
RC POS 5 id 3 seat 0 role raid fs 1 body 1 pos 8,6 stuck 0
RC POS 5 id 5 seat 1 role expand fs 0 body 1 pos 5,2 stuck 2
RC POS 5 id 7 seat 2 role expand fs 0 body 1 pos 5,1 stuck 1
RC POS 5 id 10 seat 3 role raid fs 1 body 2 pos 4,5 stuck 0
RC SEAT 5 id 14 seat 4
RC POS 5 id 14 seat 4 role defend fs 0 body 1 pos 3,4 stuck 0
RC ECO 6 harvstore 1 harvseen -1 ti 206 units 7 scale 218.0
RC POS 6 id 3 seat 0 role raid fs 1 body 1 pos 9,6 stuck 0
RC POS 6 id 5 seat 1 role expand fs 0 body 1 pos 4,2 stuck 0
RC POS 6 id 7 seat 2 role expand fs 0 body 1 pos 5,0 stuck 0
RC POS 6 id 10 seat 3 role raid fs 1 body 2 pos 4,6 stuck 0
RC POS 6 id 14 seat 4 role defend fs 0 body 1 pos 3,5 stuck 0
RC ECO 7 harvstore 2 harvseen -1 ti 161 units 7 scale 225.0
RC POS 7 id 3 seat 0 role raid fs 1 body 1 pos 9,6 stuck 1
RC POS 7 id 5 seat 1 role expand fs 0 body 1 pos 4,3 stuck 0
RC POS 7 id 7 seat 2 role expand fs 0 body 1 pos 5,0 stuck 1
RC POS 7 id 10 seat 3 role raid fs 1 body 2 pos 4,6 stuck 1
RC POS 7 id 14 seat 4 role defend fs 0 body 1 pos 3,6 stuck 0
RC ECO 8 harvstore 3 harvseen -1 ti 104 units 7 scale 231.0
RC POS 8 id 3 seat 0 role raid fs 1 body 1 pos 9,5 stuck 0
RC POS 8 id 5 seat 1 role expand fs 0 body 1 pos 4,4 stuck 0
RC POS 8 id 7 seat 2 role expand fs 0 body 1 pos 5,0 stuck 2
RC POS 8 id 10 seat 3 role raid fs 1 body 2 pos 4,7 stuck 0
RC POS 8 id 14 seat 4 role defend fs 0 body 1 pos 3,6 stuck 1
RC ECO 9 harvstore 3 harvseen -1 ti 21 units 8 scale 252.0
RC POS 9 id 3 seat 0 role raid fs 1 body 1 pos 8,5 stuck 0
RC POS 9 id 5 seat 1 role expand fs 0 body 1 pos 4,5 stuck 0
RC POS 9 id 7 seat 2 role expand fs 0 body 1 pos 4,0 stuck 0
RC POS 9 id 10 seat 3 role raid fs 1 body 2 pos 4,7 stuck 1
RC POS 9 id 14 seat 4 role defend fs 0 body 1 pos 3,6 stuck 2
RC ECO 10 harvstore 3 harvseen -1 ti 7 units 8 scale 254.0
RC POS 10 id 3 seat 0 role raid fs 1 body 1 pos 8,5 stuck 1
RC POS 10 id 5 seat 1 role expand fs 0 body 1 pos 4,4 stuck 0
RC POS 10 id 7 seat 2 role expand fs 0 body 1 pos 4,0 stuck 1
RC POS 10 id 10 seat 3 role raid fs 1 body 2 pos 4,8 stuck 0
RC POS 10 id 14 seat 4 role defend fs 0 body 1 pos 2,6 stuck 0
RC ECO 11 harvstore 3 harvseen -1 ti 10 units 8 scale 255.0
RC POS 11 id 3 seat 0 role raid fs 1 body 1 pos 8,4 stuck 0
RC POS 11 id 5 seat 1 role expand fs 0 body 1 pos 4,5 stuck 0
RC POS 11 id 7 seat 2 role expand fs 0 body 1 pos 4,0 stuck 2
RC POS 11 id 10 seat 3 role raid fs 1 body 2 pos 5,8 stuck 0
RC POS 11 id 14 seat 4 role defend fs 0 body 1 pos 2,5 stuck 0
RC ECO 12 harvstore 3 harvseen -1 ti 13 units 8 scale 256.0
RC POS 12 id 3 seat 0 role raid fs 1 body 1 pos 9,4 stuck 0
RC POS 12 id 5 seat 1 role expand fs 0 body 1 pos 4,6 stuck 0
RC POS 12 id 7 seat 2 role expand fs 0 body 1 pos 3,0 stuck 0
RC POS 12 id 10 seat 3 role raid fs 1 body 2 pos 5,8 stuck 1
RC POS 12 id 14 seat 4 role defend fs 0 body 1 pos 2,4 stuck 0
RC ECO 13 harvstore 3 harvseen -1 ti 6 units 8 scale 257.0
RC POS 13 id 3 seat 0 role raid fs 1 body 1 pos 8,4 stuck 0
RC POS 13 id 5 seat 1 role expand fs 0 body 1 pos 3,6 stuck 0
RC POS 13 id 7 seat 2 role expand fs 0 body 1 pos 3,0 stuck 1
RC POS 13 id 10 seat 3 role raid fs 1 body 2 pos 4,8 stuck 0
RC POS 13 id 14 seat 4 role defend fs 0 body 1 pos 1,4 stuck 0
RC ECO 14 harvstore 3 harvseen -1 ti 16 units 7 scale 237.0
RC POS 14 id 5 seat 1 role expand fs 0 body 1 pos 2,6 stuck 0
RC POS 14 id 7 seat 2 role expand fs 0 body 1 pos 3,1 stuck 0
RC POS 14 id 10 seat 3 role raid fs 1 body 2 pos 4,7 stuck 0
RC POS 14 id 14 seat 4 role defend fs 0 body 1 pos 1,3 stuck 0
RC ECO 15 harvstore 3 harvseen -1 ti 24 units 7 scale 237.0
RC POS 15 id 5 seat 1 role expand fs 0 body 1 pos 1,6 stuck 0
RC POS 15 id 7 seat 2 role expand fs 0 body 1 pos 4,1 stuck 0
RC POS 15 id 10 seat 3 role raid fs 1 body 2 pos 4,8 stuck 0
RC POS 15 id 14 seat 4 role defend fs 0 body 1 pos 1,2 stuck 0
RC ECO 16 harvstore 3 harvseen -1 ti 24 units 7 scale 237.0
RC POS 16 id 5 seat 1 role expand fs 0 body 1 pos 1,7 stuck 0
RC POS 16 id 7 seat 2 role expand fs 0 body 1 pos 5,1 stuck 0
RC POS 16 id 10 seat 3 role raid fs 1 body 2 pos 4,7 stuck 0
RC POS 16 id 14 seat 4 role defend fs 0 body 1 pos 1,1 stuck 0
RC ECO 17 harvstore 3 harvseen -1 ti 14 units 7 scale 237.0
RC POS 17 id 5 seat 1 role expand fs 0 body 1 pos 1,8 stuck 0
RC POS 17 id 7 seat 2 role expand fs 0 body 1 pos 6,1 stuck 0
RC POS 17 id 10 seat 3 role raid fs 1 body 2 pos 4,6 stuck 0
RC POS 17 id 14 seat 4 role defend fs 0 body 1 pos 2,1 stuck 0
RC ECO 18 harvstore 3 harvseen -1 ti 24 units 7 scale 237.0
RC POS 18 id 5 seat 1 role expand fs 0 body 1 pos 1,7 stuck 0
RC POS 18 id 7 seat 2 role expand fs 0 body 1 pos 7,1 stuck 0
RC POS 18 id 10 seat 3 role raid fs 1 body 2 pos 4,7 stuck 0
RC POS 18 id 14 seat 4 role defend fs 0 body 1 pos 3,1 stuck 0
RC ECO 19 harvstore 3 harvseen -1 ti 24 units 7 scale 237.0
RC POS 19 id 5 seat 1 role expand fs 0 body 1 pos 1,8 stuck 0
RC POS 19 id 7 seat 2 role expand fs 0 body 1 pos 6,1 stuck 0
RC POS 19 id 10 seat 3 role raid fs 1 body 2 pos 4,6 stuck 0
RC POS 19 id 14 seat 4 role defend fs 0 body 1 pos 4,1 stuck 0
RC ECO 20 harvstore 3 harvseen -1 ti 24 units 7 scale 237.0
RC POS 20 id 5 seat 1 role expand fs 0 body 1 pos 1,7 stuck 0
RC POS 20 id 7 seat 2 role expand fs 0 body 1 pos 5,1 stuck 0
RC POS 20 id 10 seat 3 role raid fs 1 body 2 pos 4,5 stuck 0
RC POS 20 id 14 seat 4 role defend fs 0 body 1 pos 4,1 stuck 1
RC ECO 21 harvstore 3 harvseen -1 ti 14 units 7 scale 237.0
RC POS 21 id 5 seat 1 role expand fs 0 body 1 pos 1,8 stuck 0
RC POS 21 id 7 seat 2 role expand fs 0 body 1 pos 5,2 stuck 0
RC POS 21 id 10 seat 3 role raid fs 1 body 2 pos 4,4 stuck 0
RC POS 21 id 14 seat 4 role defend fs 0 body 1 pos 4,1 stuck 2
RC ECO 22 harvstore 3 harvseen -1 ti 24 units 7 scale 237.0
RC POS 22 id 5 seat 1 role expand fs 0 body 1 pos 1,7 stuck 0
RC POS 22 id 7 seat 2 role expand fs 0 body 1 pos 5,1 stuck 0
RC POS 22 id 10 seat 3 role raid fs 1 body 2 pos 4,5 stuck 0
RC POS 22 id 14 seat 4 role defend fs 0 body 1 pos 4,1 stuck 3
RC ECO 23 harvstore 3 harvseen -1 ti 24 units 7 scale 237.0
RC POS 23 id 5 seat 1 role expand fs 0 body 1 pos 1,8 stuck 0
RC POS 23 id 7 seat 2 role expand fs 0 body 1 pos 5,2 stuck 0
RC POS 23 id 10 seat 3 role raid fs 1 body 2 pos 4,4 stuck 0
RC POS 23 id 14 seat 4 role defend fs 0 body 1 pos 4,1 stuck 4
RC ECO 24 harvstore 3 harvseen -1 ti 24 units 7 scale 237.0
RC POS 24 id 5 seat 1 role expand fs 0 body 1 pos 1,7 stuck 0
RC POS 24 id 7 seat 2 role expand fs 0 body 1 pos 5,1 stuck 0
RC POS 24 id 10 seat 3 role raid fs 1 body 2 pos 4,5 stuck 0
RC POS 24 id 14 seat 4 role defend fs 0 body 1 pos 3,1 stuck 0
RC ECO 25 harvstore 3 harvseen -1 ti 14 units 7 scale 237.0
RC POS 25 id 5 seat 1 role expand fs 0 body 1 pos 1,8 stuck 0
RC POS 25 id 7 seat 2 role expand fs 0 body 1 pos 4,1 stuck 0
RC POS 25 id 10 seat 3 role raid fs 1 body 2 pos 4,6 stuck 0
RC POS 25 id 14 seat 4 role defend fs 0 body 1 pos 2,1 stuck 0
RC ECO 26 harvstore 3 harvseen -1 ti 24 units 7 scale 237.0
RC POS 26 id 5 seat 1 role expand fs 0 body 1 pos 1,7 stuck 0
RC POS 26 id 7 seat 2 role expand fs 0 body 1 pos 3,1 stuck 0
RC POS 26 id 10 seat 3 role raid fs 1 body 2 pos 4,7 stuck 0
RC POS 26 id 14 seat 4 role defend fs 0 body 1 pos 1,1 stuck 0
RC ECO 27 harvstore 3 harvseen -1 ti 24 units 7 scale 237.0
RC POS 27 id 5 seat 1 role expand fs 0 body 1 pos 1,7 stuck 1
RC POS 27 id 7 seat 2 role expand fs 0 body 1 pos 4,1 stuck 0
RC POS 27 id 10 seat 3 role raid fs 1 body 2 pos 4,7 stuck 1
RC POS 27 id 14 seat 4 role defend fs 0 body 1 pos 1,2 stuck 0
RC ECO 28 harvstore 3 harvseen -1 ti 24 units 7 scale 236.0
RC POS 28 id 5 seat 1 role expand fs 0 body 1 pos 1,8 stuck 0
RC POS 28 id 7 seat 2 role expand fs 0 body 1 pos 3,1 stuck 0
RC POS 28 id 10 seat 3 role raid fs 1 body 2 pos 4,6 stuck 0
RC POS 28 id 14 seat 4 role defend fs 0 body 1 pos 1,3 stuck 0
RC ECO 29 harvstore 3 harvseen -1 ti 14 units 7 scale 236.0
RC POS 29 id 5 seat 1 role expand fs 0 body 1 pos 1,7 stuck 0
RC POS 29 id 7 seat 2 role expand fs 0 body 1 pos 2,1 stuck 0
RC POS 29 id 10 seat 3 role raid fs 1 body 2 pos 4,5 stuck 0
RC POS 29 id 14 seat 4 role defend fs 0 body 1 pos 1,4 stuck 0
RC ECO 30 harvstore 3 harvseen -1 ti 24 units 7 scale 236.0
RC POS 30 id 5 seat 1 role expand fs 0 body 1 pos 1,6 stuck 0
RC POS 30 id 7 seat 2 role expand fs 0 body 1 pos 1,1 stuck 0
RC POS 30 id 10 seat 3 role raid fs 1 body 2 pos 4,4 stuck 0
RC POS 30 id 14 seat 4 role defend fs 0 body 1 pos 2,4 stuck 0
RC ECO 31 harvstore 3 harvseen -1 ti 14 units 7 scale 236.0
RC POS 31 id 5 seat 1 role expand fs 0 body 1 pos 1,5 stuck 0
RC POS 31 id 7 seat 2 role expand fs 0 body 1 pos 2,1 stuck 0
RC POS 31 id 10 seat 3 role raid fs 1 body 2 pos 4,5 stuck 0
RC POS 31 id 14 seat 4 role defend fs 0 body 1 pos 2,5 stuck 0
RC ECO 32 harvstore 3 harvseen -1 ti 24 units 7 scale 236.0
RC POS 32 id 5 seat 1 role expand fs 0 body 1 pos 1,6 stuck 0
RC POS 32 id 7 seat 2 role expand fs 0 body 1 pos 1,1 stuck 0
RC POS 32 id 10 seat 3 role raid fs 1 body 2 pos 4,6 stuck 0
RC POS 32 id 14 seat 4 role defend fs 0 body 1 pos 2,6 stuck 0
RC ECO 33 harvstore 3 harvseen -1 ti 7 units 7 scale 237.0
RC POS 33 id 5 seat 1 role expand fs 0 body 1 pos 1,5 stuck 0
RC POS 33 id 7 seat 2 role expand fs 0 body 1 pos 1,2 stuck 0
RC POS 33 id 10 seat 3 role raid fs 1 body 2 pos 4,7 stuck 0
RC POS 33 id 14 seat 4 role defend fs 0 body 1 pos 2,6 stuck 1
RC ECO 34 harvstore 3 harvseen -1 ti 17 units 7 scale 237.0
RC POS 34 id 5 seat 1 role expand fs 0 body 1 pos 0,5 stuck 0
RC POS 34 id 7 seat 2 role expand fs 0 body 1 pos 1,3 stuck 0
RC POS 34 id 10 seat 3 role raid fs 1 body 2 pos 4,6 stuck 0
RC POS 34 id 14 seat 4 role defend fs 0 body 1 pos 1,6 stuck 0
RC ECO 35 harvstore 3 harvseen -1 ti 14 units 7 scale 237.0
RC POS 35 id 5 seat 1 role expand fs 0 body 1 pos 1,5 stuck 0
RC POS 35 id 7 seat 2 role expand fs 0 body 1 pos 1,4 stuck 0
RC POS 35 id 10 seat 3 role raid fs 1 body 2 pos 4,7 stuck 0
RC POS 35 id 14 seat 4 role defend fs 0 body 1 pos 2,6 stuck 0
RC ECO 36 harvstore 3 harvseen -1 ti 24 units 7 scale 237.0
RC POS 36 id 5 seat 1 role expand fs 0 body 1 pos 1,6 stuck 0
RC POS 36 id 7 seat 2 role expand fs 0 body 1 pos 1,5 stuck 0
RC POS 36 id 10 seat 3 role raid fs 1 body 2 pos 4,6 stuck 0
RC POS 36 id 14 seat 4 role defend fs 0 body 1 pos 3,6 stuck 0
RC ECO 37 harvstore 3 harvseen -1 ti 14 units 7 scale 237.0
RC POS 37 id 5 seat 1 role expand fs 0 body 1 pos 2,6 stuck 0
RC POS 37 id 7 seat 2 role expand fs 0 body 1 pos 0,5 stuck 0
RC POS 37 id 10 seat 3 role raid fs 1 body 2 pos 4,5 stuck 0
RC POS 37 id 14 seat 4 role defend fs 0 body 1 pos 4,6 stuck 0
RC ECO 38 harvstore 3 harvseen -1 ti 24 units 7 scale 237.0
RC POS 38 id 5 seat 1 role expand fs 0 body 1 pos 1,6 stuck 0
RC POS 38 id 7 seat 2 role expand fs 0 body 1 pos 0,4 stuck 0
RC POS 38 id 10 seat 3 role raid fs 1 body 2 pos 4,4 stuck 0
RC POS 38 id 14 seat 4 role defend fs 0 body 1 pos 4,7 stuck 0
RC ECO 39 harvstore 3 harvseen -1 ti 14 units 7 scale 237.0
RC POS 39 id 5 seat 1 role expand fs 0 body 1 pos 2,6 stuck 0
RC POS 39 id 7 seat 2 role expand fs 0 body 1 pos 0,3 stuck 0
RC POS 39 id 10 seat 3 role raid fs 1 body 2 pos 5,4 stuck 0
RC SPLIT 39 lid 12 body 10 arc 1 n 2
SPLIT520 39 lch (6, 4) body 10 arc 1 to (6, 5) dsq 1 walk 0 n 2
RC POS 39 id 14 seat 4 role defend fs 0 body 1 pos 4,8 stuck 0
RC ECO 40 harvstore 3 harvseen -1 ti 24 units 7 scale 237.0
RC POS 40 id 5 seat 1 role expand fs 0 body 1 pos 3,6 stuck 0
RC POS 40 id 7 seat 2 role expand fs 0 body 1 pos 0,4 stuck 0
RC POS 40 id 10 seat 3 role raid fs 1 body 2 pos 6,5 stuck 0
RC POS 40 id 14 seat 4 role defend fs 0 body 1 pos 4,7 stuck 0
RC ECO 41 harvstore 3 harvseen -1 ti 14 units 7 scale 237.0
RC POS 41 id 5 seat 1 role expand fs 0 body 1 pos 4,6 stuck 0
RC POS 41 id 7 seat 2 role expand fs 0 body 1 pos 1,4 stuck 0
RC POS 41 id 10 seat 3 role raid fs 1 body 2 pos 6,5 stuck 2
RC POS 41 id 14 seat 4 role defend fs 0 body 1 pos 4,8 stuck 0
RC ECO 42 harvstore 3 harvseen -1 ti 24 units 7 scale 237.0
RC POS 42 id 5 seat 1 role expand fs 0 body 1 pos 4,7 stuck 0
RC POS 42 id 7 seat 2 role expand fs 0 body 1 pos 2,4 stuck 0
RC POS 42 id 10 seat 3 role raid fs 1 body 2 pos 6,5 stuck 4
RC POS 42 id 14 seat 4 role defend fs 0 body 1 pos 5,8 stuck 0
RC ECO 43 harvstore 3 harvseen -1 ti 24 units 7 scale 237.0
RC POS 43 id 5 seat 1 role expand fs 0 body 1 pos 4,8 stuck 0
RC POS 43 id 7 seat 2 role expand fs 0 body 1 pos 1,4 stuck 0
RC POS 43 id 10 seat 3 role raid fs 1 body 2 pos 6,5 stuck 6
RC POS 43 id 14 seat 4 role defend fs 0 body 1 pos 5,9 stuck 0
RC ECO 44 harvstore 3 harvseen -1 ti 34 units 7 scale 237.0
RC POS 44 id 5 seat 1 role expand fs 0 body 1 pos 3,8 stuck 0
RC POS 44 id 7 seat 2 role expand fs 0 body 1 pos 2,4 stuck 0
RC POS 44 id 10 seat 3 role raid fs 1 body 2 pos 6,5 stuck 8
RC POS 44 id 14 seat 4 role defend fs 0 body 1 pos 4,9 stuck 0
RC ECO 45 harvstore 3 harvseen -1 ti 34 units 7 scale 237.0
RC POS 45 id 5 seat 1 role expand fs 0 body 1 pos 4,8 stuck 0
RC POS 45 id 7 seat 2 role expand fs 0 body 1 pos 1,4 stuck 0
RC POS 45 id 10 seat 3 role raid fs 1 body 2 pos 6,5 stuck 10
RC POS 45 id 14 seat 4 role defend fs 0 body 1 pos 5,9 stuck 0
RC ECO 46 harvstore 3 harvseen -1 ti 44 units 7 scale 237.0
RC POS 46 id 5 seat 1 role expand fs 0 body 1 pos 3,8 stuck 0
RC POS 46 id 7 seat 2 role expand fs 0 body 1 pos 1,5 stuck 0
RC POS 46 id 10 seat 3 role raid fs 1 body 2 pos 6,5 stuck 12
RC POS 46 id 14 seat 4 role defend fs 0 body 1 pos 4,9 stuck 0
RC ECO 47 harvstore 3 harvseen -1 ti 44 units 7 scale 237.0
RC POS 47 id 5 seat 1 role expand fs 0 body 1 pos 4,8 stuck 0
RC POS 47 id 7 seat 2 role expand fs 0 body 1 pos 1,6 stuck 0
RC POS 47 id 10 seat 3 role raid fs 1 body 2 pos 6,5 stuck 14
RC POS 47 id 14 seat 4 role defend fs 0 body 1 pos 5,9 stuck 0
RC ECO 48 harvstore 3 harvseen -1 ti 54 units 7 scale 237.0
RC POS 48 id 5 seat 1 role expand fs 0 body 1 pos 3,8 stuck 0
RC POS 48 id 7 seat 2 role expand fs 0 body 1 pos 1,5 stuck 0
RC POS 48 id 10 seat 3 role raid fs 1 body 2 pos 6,5 stuck 16
RC POS 48 id 14 seat 4 role defend fs 0 body 1 pos 4,9 stuck 0
RC ECO 49 harvstore 3 harvseen -1 ti 54 units 7 scale 237.0
RC POS 49 id 5 seat 1 role expand fs 0 body 1 pos 4,8 stuck 0
RC POS 49 id 7 seat 2 role expand fs 0 body 1 pos 1,6 stuck 0
RC POS 49 id 10 seat 3 role raid fs 1 body 2 pos 6,5 stuck 18
RC POS 49 id 14 seat 4 role defend fs 0 body 1 pos 5,9 stuck 0
RC ECO 50 harvstore 3 harvseen -1 ti 34 units 7 scale 237.0
RC POS 50 id 5 seat 1 role expand fs 0 body 1 pos 3,8 stuck 0
RC POS 50 id 7 seat 2 role expand fs 0 body 1 pos 1,5 stuck 0
RC POS 50 id 10 seat 3 role raid fs 1 body 2 pos 6,5 stuck 20
RC POS 50 id 14 seat 4 role defend fs 0 body 1 pos 4,9 stuck 0
RC ECO 51 harvstore 3 harvseen -1 ti 34 units 7 scale 237.0
RC POS 51 id 5 seat 1 role expand fs 0 body 1 pos 4,8 stuck 0
RC POS 51 id 7 seat 2 role expand fs 0 body 1 pos 1,6 stuck 0
RC POS 51 id 10 seat 3 role raid fs 1 body 2 pos 6,5 stuck 22
RC POS 51 id 14 seat 4 role defend fs 0 body 1 pos 5,9 stuck 0
RC ECO 52 harvstore 3 harvseen -1 ti 44 units 7 scale 237.0
RC POS 52 id 5 seat 1 role expand fs 0 body 1 pos 3,8 stuck 0
RC POS 52 id 7 seat 2 role expand fs 0 body 1 pos 1,5 stuck 0
RC POS 52 id 10 seat 3 role raid fs 1 body 2 pos 6,5 stuck 24
RC POS 52 id 14 seat 4 role defend fs 0 body 1 pos 4,9 stuck 0
RC ECO 53 harvstore 3 harvseen -1 ti 44 units 7 scale 237.0
RC POS 53 id 5 seat 1 role expand fs 0 body 1 pos 4,8 stuck 0
RC POS 53 id 7 seat 2 role expand fs 0 body 1 pos 1,6 stuck 0
RC POS 53 id 10 seat 3 role raid fs 1 body 2 pos 6,5 stuck 26
RC POS 53 id 14 seat 4 role defend fs 0 body 1 pos 5,9 stuck 0
RC ECO 54 harvstore 3 harvseen -1 ti 54 units 7 scale 237.0
RC POS 54 id 5 seat 1 role expand fs 0 body 1 pos 3,8 stuck 0
RC POS 54 id 7 seat 2 role expand fs 0 body 1 pos 1,5 stuck 0
RC POS 54 id 10 seat 3 role raid fs 1 body 2 pos 6,5 stuck 28
RC POS 54 id 14 seat 4 role defend fs 0 body 1 pos 4,9 stuck 0
RC ECO 55 harvstore 3 harvseen -1 ti 54 units 7 scale 237.0
RC POS 55 id 5 seat 1 role expand fs 0 body 1 pos 4,8 stuck 0
RC POS 55 id 7 seat 2 role expand fs 0 body 1 pos 1,4 stuck 0
RC POS 55 id 10 seat 3 role raid fs 1 body 2 pos 6,5 stuck 30
RC POS 55 id 14 seat 4 role defend fs 0 body 1 pos 5,9 stuck 0
RC ECO 56 harvstore 3 harvseen -1 ti 64 units 7 scale 237.0
RC POS 56 id 5 seat 1 role expand fs 0 body 1 pos 3,8 stuck 0
RC POS 56 id 7 seat 2 role expand fs 0 body 1 pos 1,3 stuck 0
RC POS 56 id 10 seat 3 role raid fs 1 body 2 pos 6,5 stuck 32
RC POS 56 id 14 seat 4 role defend fs 0 body 1 pos 6,9 stuck 0
RC ECO 57 harvstore 3 harvseen -1 ti 64 units 7 scale 237.0
RC POS 57 id 5 seat 1 role expand fs 0 body 1 pos 4,8 stuck 0
RC POS 57 id 7 seat 2 role expand fs 0 body 1 pos 1,4 stuck 0
RC POS 57 id 10 seat 3 role raid fs 1 body 2 pos 6,5 stuck 34
RC POS 57 id 14 seat 4 role defend fs 0 body 1 pos 5,9 stuck 0
RC ECO 58 harvstore 3 harvseen -1 ti 74 units 7 scale 237.0
RC POS 58 id 5 seat 1 role expand fs 0 body 1 pos 5,8 stuck 0
RC POS 58 id 7 seat 2 role expand fs 0 body 1 pos 1,3 stuck 0
RC POS 58 id 10 seat 3 role raid fs 1 body 2 pos 6,5 stuck 36
RC POS 58 id 14 seat 4 role defend fs 0 body 1 pos 6,9 stuck 0
RC ECO 59 harvstore 3 harvseen -1 ti 74 units 7 scale 237.0
RC POS 59 id 5 seat 1 role expand fs 0 body 1 pos 5,9 stuck 0
RC POS 59 id 7 seat 2 role expand fs 0 body 1 pos 1,4 stuck 0
RC POS 59 id 10 seat 3 role raid fs 1 body 2 pos 6,5 stuck 38
RC POS 59 id 14 seat 4 role defend fs 0 body 1 pos 7,9 stuck 0
RC ECO 60 harvstore 3 harvseen -1 ti 84 units 7 scale 237.0
RC POS 60 id 5 seat 1 role expand fs 0 body 1 pos 6,9 stuck 0
RC POS 60 id 7 seat 2 role expand fs 0 body 1 pos 1,3 stuck 0
RC POS 60 id 10 seat 3 role raid fs 1 body 2 pos 6,5 stuck 40
RC POS 60 id 14 seat 4 role defend fs 0 body 1 pos 7,8 stuck 0
RC POS 61 id 5 seat 1 role expand fs 0 body 1 pos 5,9 stuck 0
RC POS 61 id 7 seat 2 role expand fs 0 body 1 pos 1,4 stuck 0
RC POS 61 id 10 seat 3 role raid fs 1 body 2 pos 6,5 stuck 42
RC POS 61 id 14 seat 4 role defend fs 0 body 1 pos 7,9 stuck 0
RC POS 62 id 5 seat 1 role expand fs 0 body 1 pos 6,9 stuck 0
RC POS 62 id 7 seat 2 role expand fs 0 body 1 pos 1,3 stuck 0
RC POS 62 id 10 seat 3 role raid fs 1 body 2 pos 6,5 stuck 44
RC POS 62 id 14 seat 4 role defend fs 0 body 1 pos 7,8 stuck 0
RC POS 63 id 5 seat 1 role expand fs 0 body 1 pos 5,9 stuck 0
RC POS 63 id 7 seat 2 role expand fs 0 body 1 pos 1,2 stuck 0
RC POS 63 id 10 seat 3 role raid fs 1 body 2 pos 6,5 stuck 46
RC POS 63 id 14 seat 4 role defend fs 0 body 1 pos 7,9 stuck 0
RC POS 64 id 5 seat 1 role expand fs 0 body 1 pos 6,9 stuck 0
RC POS 64 id 7 seat 2 role expand fs 0 body 1 pos 1,1 stuck 0
RC POS 64 id 10 seat 3 role raid fs 1 body 2 pos 6,5 stuck 48
RC POS 64 id 14 seat 4 role defend fs 0 body 1 pos 7,8 stuck 0
RC POS 65 id 5 seat 1 role expand fs 0 body 1 pos 5,9 stuck 0
RC POS 65 id 7 seat 2 role expand fs 0 body 1 pos 2,1 stuck 0
RC POS 65 id 10 seat 3 role raid fs 1 body 2 pos 6,5 stuck 50
RC POS 65 id 14 seat 4 role defend fs 0 body 1 pos 7,9 stuck 0
RC POS 66 id 5 seat 1 role expand fs 0 body 1 pos 6,9 stuck 0
RC POS 66 id 7 seat 2 role expand fs 0 body 1 pos 3,1 stuck 0
RC POS 66 id 10 seat 3 role raid fs 1 body 2 pos 6,5 stuck 52
RC POS 66 id 14 seat 4 role defend fs 0 body 1 pos 7,8 stuck 0
RC POS 67 id 5 seat 1 role expand fs 0 body 1 pos 5,9 stuck 0
RC POS 67 id 7 seat 2 role expand fs 0 body 1 pos 3,0 stuck 0
RC POS 67 id 10 seat 3 role raid fs 1 body 2 pos 6,5 stuck 54
RC POS 67 id 14 seat 4 role defend fs 0 body 1 pos 7,9 stuck 0
RC POS 68 id 5 seat 1 role expand fs 0 body 1 pos 6,9 stuck 0
RC POS 68 id 7 seat 2 role expand fs 0 body 1 pos 4,0 stuck 0
RC POS 68 id 10 seat 3 role raid fs 1 body 2 pos 6,5 stuck 56
RC POS 68 id 14 seat 4 role defend fs 0 body 1 pos 7,8 stuck 0
RC POS 69 id 5 seat 1 role expand fs 0 body 1 pos 5,9 stuck 0
RC POS 69 id 7 seat 2 role expand fs 0 body 1 pos 5,0 stuck 0
RC POS 69 id 10 seat 3 role raid fs 1 body 2 pos 6,5 stuck 58
RC POS 69 id 14 seat 4 role defend fs 0 body 1 pos 7,9 stuck 0
RC POS 70 id 5 seat 1 role expand fs 0 body 1 pos 6,9 stuck 0
RC POS 70 id 7 seat 2 role expand fs 0 body 1 pos 4,0 stuck 0
RC POS 70 id 10 seat 3 role raid fs 1 body 2 pos 6,5 stuck 60
RC POS 70 id 14 seat 4 role defend fs 0 body 1 pos 7,8 stuck 0
RC POS 71 id 5 seat 1 role expand fs 0 body 1 pos 5,9 stuck 0
RC POS 71 id 7 seat 2 role expand fs 0 body 1 pos 3,0 stuck 0
RC POS 71 id 10 seat 3 role raid fs 1 body 2 pos 6,5 stuck 62
RC POS 71 id 14 seat 4 role defend fs 0 body 1 pos 7,9 stuck 0
RC POS 72 id 5 seat 1 role expand fs 0 body 1 pos 6,9 stuck 0
RC POS 72 id 7 seat 2 role expand fs 0 body 1 pos 4,0 stuck 0
RC POS 72 id 10 seat 3 role raid fs 1 body 2 pos 6,5 stuck 64
RC POS 72 id 14 seat 4 role defend fs 0 body 1 pos 7,8 stuck 0
RC POS 73 id 5 seat 1 role expand fs 0 body 1 pos 5,9 stuck 0
RC POS 73 id 7 seat 2 role expand fs 0 body 1 pos 3,0 stuck 0
RC POS 73 id 10 seat 3 role raid fs 1 body 2 pos 6,5 stuck 66
RC POS 73 id 14 seat 4 role defend fs 0 body 1 pos 7,9 stuck 0
RC POS 74 id 5 seat 1 role expand fs 0 body 1 pos 6,9 stuck 0
RC POS 74 id 7 seat 2 role expand fs 0 body 1 pos 3,1 stuck 0
RC POS 74 id 10 seat 3 role raid fs 1 body 2 pos 6,5 stuck 68
RC POS 74 id 14 seat 4 role defend fs 0 body 1 pos 7,8 stuck 0
RC ECO 75 harvstore 3 harvseen -1 ti 75 units 7 scale 237.0
RC POS 75 id 5 seat 1 role expand fs 0 body 1 pos 5,9 stuck 0
RC POS 75 id 7 seat 2 role expand fs 0 body 1 pos 2,1 stuck 0
RC POS 75 id 10 seat 3 role raid fs 1 body 2 pos 6,5 stuck 70
RC POS 75 id 14 seat 4 role defend fs 0 body 1 pos 7,9 stuck 0
RC POS 76 id 5 seat 1 role expand fs 0 body 1 pos 6,9 stuck 0
RC POS 76 id 7 seat 2 role expand fs 0 body 1 pos 3,1 stuck 0
RC POS 76 id 10 seat 3 role raid fs 1 body 2 pos 6,5 stuck 72
RC POS 76 id 14 seat 4 role defend fs 0 body 1 pos 7,8 stuck 0
RC POS 77 id 5 seat 1 role expand fs 0 body 1 pos 5,9 stuck 0
RC POS 77 id 7 seat 2 role expand fs 0 body 1 pos 2,1 stuck 0
RC POS 77 id 10 seat 3 role raid fs 1 body 2 pos 6,5 stuck 74
RC POS 77 id 14 seat 4 role defend fs 0 body 1 pos 7,9 stuck 0
RC POS 78 id 5 seat 1 role expand fs 0 body 1 pos 6,9 stuck 0
RC POS 78 id 7 seat 2 role expand fs 0 body 1 pos 3,1 stuck 0
RC POS 78 id 10 seat 3 role raid fs 1 body 2 pos 6,5 stuck 76
RC POS 78 id 14 seat 4 role defend fs 0 body 1 pos 7,8 stuck 0
RC POS 79 id 5 seat 1 role expand fs 0 body 1 pos 5,9 stuck 0
RC POS 79 id 7 seat 2 role expand fs 0 body 1 pos 2,1 stuck 0
RC POS 79 id 10 seat 3 role raid fs 1 body 2 pos 6,5 stuck 78
RC POS 79 id 14 seat 4 role defend fs 0 body 1 pos 7,9 stuck 0
RC POS 80 id 5 seat 1 role expand fs 0 body 1 pos 6,9 stuck 0
RC POS 80 id 7 seat 2 role expand fs 0 body 1 pos 3,1 stuck 0
RC POS 80 id 10 seat 3 role raid fs 1 body 2 pos 6,5 stuck 80
RC POS 80 id 14 seat 4 role defend fs 0 body 1 pos 7,8 stuck 0
RC POS 81 id 5 seat 1 role expand fs 0 body 1 pos 5,9 stuck 0
RC POS 81 id 7 seat 2 role expand fs 0 body 1 pos 2,1 stuck 0
RC POS 81 id 10 seat 3 role raid fs 1 body 2 pos 6,5 stuck 82
RC POS 81 id 14 seat 4 role defend fs 0 body 1 pos 7,9 stuck 0
RC POS 82 id 5 seat 1 role expand fs 0 body 1 pos 6,9 stuck 0
RC POS 82 id 7 seat 2 role expand fs 0 body 1 pos 3,1 stuck 0
RC POS 82 id 10 seat 3 role raid fs 1 body 2 pos 6,5 stuck 84
RC POS 82 id 14 seat 4 role defend fs 0 body 1 pos 7,8 stuck 0
RC POS 83 id 5 seat 1 role expand fs 0 body 1 pos 5,9 stuck 0
RC POS 83 id 7 seat 2 role expand fs 0 body 1 pos 2,1 stuck 0
RC POS 83 id 10 seat 3 role raid fs 1 body 2 pos 6,5 stuck 86
RC POS 83 id 14 seat 4 role defend fs 0 body 1 pos 8,8 stuck 0
RC POS 84 id 5 seat 1 role expand fs 0 body 1 pos 6,9 stuck 0
RC POS 84 id 7 seat 2 role expand fs 0 body 1 pos 3,1 stuck 0
RC POS 84 id 10 seat 3 role raid fs 1 body 2 pos 6,5 stuck 88
RC POS 84 id 14 seat 4 role defend fs 0 body 1 pos 7,8 stuck 0
RC POS 85 id 5 seat 1 role expand fs 0 body 1 pos 5,9 stuck 0
RC POS 85 id 7 seat 2 role expand fs 0 body 1 pos 2,1 stuck 0
RC POS 85 id 10 seat 3 role raid fs 1 body 2 pos 6,5 stuck 90
RC POS 85 id 14 seat 4 role defend fs 0 body 1 pos 8,8 stuck 0
RC POS 86 id 5 seat 1 role expand fs 0 body 1 pos 6,9 stuck 0
RC POS 86 id 7 seat 2 role expand fs 0 body 1 pos 3,1 stuck 0
RC POS 86 id 10 seat 3 role raid fs 1 body 2 pos 6,5 stuck 92
RC POS 86 id 14 seat 4 role defend fs 0 body 1 pos 8,7 stuck 0
RC POS 87 id 5 seat 1 role expand fs 0 body 1 pos 5,9 stuck 0
RC POS 87 id 7 seat 2 role expand fs 0 body 1 pos 2,1 stuck 0
RC POS 87 id 10 seat 3 role raid fs 1 body 2 pos 6,5 stuck 94
RC POS 87 id 14 seat 4 role defend fs 0 body 1 pos 9,7 stuck 0
RC POS 88 id 5 seat 1 role expand fs 0 body 1 pos 6,9 stuck 0
RC POS 88 id 7 seat 2 role expand fs 0 body 1 pos 3,1 stuck 0
RC POS 88 id 10 seat 3 role raid fs 1 body 2 pos 6,5 stuck 96
RC POS 88 id 14 seat 4 role defend fs 0 body 1 pos 9,6 stuck 0
RC POS 89 id 5 seat 1 role expand fs 0 body 1 pos 5,9 stuck 0
RC POS 89 id 7 seat 2 role expand fs 0 body 1 pos 2,1 stuck 0
RC POS 89 id 10 seat 3 role raid fs 1 body 2 pos 6,5 stuck 98
RC POS 90 id 5 seat 1 role expand fs 0 body 1 pos 6,9 stuck 0
RC POS 90 id 7 seat 2 role expand fs 0 body 1 pos 3,1 stuck 0
RC POS 90 id 10 seat 3 role raid fs 1 body 2 pos 6,5 stuck 100
RC POS 91 id 5 seat 1 role expand fs 0 body 1 pos 7,9 stuck 0
RC POS 91 id 7 seat 2 role expand fs 0 body 1 pos 2,1 stuck 0
RC POS 91 id 10 seat 3 role raid fs 1 body 2 pos 6,5 stuck 102
RC SEAT 91 id 112 seat 5
RC POS 91 id 112 seat 5 role raid fs 0 body 1 pos 2,4 stuck 0
RC POS 92 id 5 seat 1 role expand fs 0 body 1 pos 7,8 stuck 0
RC POS 92 id 7 seat 2 role expand fs 0 body 1 pos 3,1 stuck 0
RC POS 92 id 10 seat 3 role raid fs 1 body 2 pos 6,5 stuck 104
RC POS 92 id 112 seat 5 role raid fs 0 body 1 pos 2,5 stuck 0
RC POS 93 id 5 seat 1 role expand fs 0 body 1 pos 8,8 stuck 0
RC POS 93 id 7 seat 2 role expand fs 0 body 1 pos 3,0 stuck 0
RC POS 93 id 10 seat 3 role raid fs 1 body 2 pos 6,5 stuck 106
RC POS 93 id 112 seat 5 role raid fs 0 body 1 pos 2,5 stuck 1
RC POS 94 id 5 seat 1 role expand fs 0 body 1 pos 8,7 stuck 0
RC POS 94 id 7 seat 2 role expand fs 0 body 1 pos 3,1 stuck 0
RC POS 94 id 10 seat 3 role raid fs 1 body 2 pos 6,5 stuck 108
RC POS 94 id 112 seat 5 role raid fs 0 body 1 pos 3,5 stuck 0
RC POS 95 id 5 seat 1 role expand fs 0 body 1 pos 9,7 stuck 0
RC POS 95 id 7 seat 2 role expand fs 0 body 1 pos 3,0 stuck 0
RC POS 95 id 10 seat 3 role raid fs 1 body 2 pos 6,5 stuck 110
RC POS 95 id 112 seat 5 role raid fs 0 body 1 pos 4,5 stuck 0
RC POS 96 id 5 seat 1 role expand fs 0 body 1 pos 9,6 stuck 0
RC POS 96 id 7 seat 2 role expand fs 0 body 1 pos 3,1 stuck 0
RC POS 96 id 10 seat 3 role raid fs 1 body 2 pos 6,5 stuck 112
RC POS 96 id 112 seat 5 role raid fs 0 body 1 pos 4,4 stuck 0
RC POS 97 id 7 seat 2 role expand fs 0 body 1 pos 3,0 stuck 0
RC POS 97 id 10 seat 3 role raid fs 1 body 2 pos 6,5 stuck 114
RC POS 97 id 112 seat 5 role raid fs 0 body 1 pos 4,5 stuck 0
RC POS 98 id 7 seat 2 role expand fs 0 body 1 pos 3,1 stuck 0
RC POS 98 id 10 seat 3 role raid fs 1 body 2 pos 6,5 stuck 116
RC POS 98 id 112 seat 5 role raid fs 0 body 1 pos 4,5 stuck 2
RC POS 99 id 7 seat 2 role expand fs 0 body 1 pos 2,1 stuck 0
RC POS 99 id 10 seat 3 role raid fs 1 body 2 pos 6,5 stuck 118
RC POS 99 id 112 seat 5 role raid fs 0 body 1 pos 4,4 stuck 0
RC ECO 100 harvstore 3 harvseen -1 ti 58 units 6 scale 216.0
RC POS 100 id 7 seat 2 role expand fs 0 body 1 pos 1,1 stuck 0
RC POS 100 id 10 seat 3 role raid fs 1 body 2 pos 6,5 stuck 120
RC POS 100 id 112 seat 5 role raid fs 0 body 1 pos 5,4 stuck 0
RC POS 101 id 7 seat 2 role expand fs 0 body 1 pos 1,2 stuck 0
RC POS 101 id 10 seat 3 role raid fs 1 body 2 pos 6,5 stuck 122
RC POS 101 id 112 seat 5 role raid fs 0 body 1 pos 5,3 stuck 0
RC POS 102 id 7 seat 2 role expand fs 0 body 1 pos 0,2 stuck 0
RC POS 102 id 10 seat 3 role raid fs 1 body 2 pos 6,5 stuck 124
RC POS 102 id 112 seat 5 role raid fs 0 body 1 pos 6,3 stuck 0
RC POS 103 id 7 seat 2 role expand fs 0 body 1 pos 0,3 stuck 0
RC POS 103 id 10 seat 3 role raid fs 1 body 2 pos 6,5 stuck 126
RC POS 103 id 112 seat 5 role raid fs 0 body 1 pos 7,3 stuck 0
RC POS 104 id 7 seat 2 role expand fs 0 body 1 pos 0,4 stuck 0
RC POS 104 id 10 seat 3 role raid fs 1 body 2 pos 6,5 stuck 128
RC POS 104 id 112 seat 5 role raid fs 0 body 1 pos 7,4 stuck 0
RC POS 105 id 7 seat 2 role expand fs 0 body 1 pos 1,4 stuck 0
RC POS 105 id 10 seat 3 role raid fs 1 body 2 pos 6,5 stuck 130
RC POS 105 id 112 seat 5 role raid fs 0 body 1 pos 8,4 stuck 0
RC POS 106 id 7 seat 2 role expand fs 0 body 1 pos 2,4 stuck 0
RC POS 106 id 10 seat 3 role raid fs 1 body 2 pos 6,5 stuck 132
RC POS 106 id 112 seat 5 role raid fs 0 body 1 pos 8,5 stuck 0
RC POS 107 id 7 seat 2 role expand fs 0 body 1 pos 2,5 stuck 0
RC POS 107 id 10 seat 3 role raid fs 1 body 2 pos 6,5 stuck 134
RC POS 108 id 7 seat 2 role expand fs 0 body 1 pos 2,6 stuck 0
RC POS 108 id 10 seat 3 role raid fs 1 body 2 pos 6,5 stuck 136
RC POS 109 id 7 seat 2 role expand fs 0 body 1 pos 1,6 stuck 0
RC POS 109 id 10 seat 3 role raid fs 1 body 2 pos 6,5 stuck 138
RC POS 110 id 7 seat 2 role expand fs 0 body 1 pos 1,7 stuck 0
RC POS 110 id 10 seat 3 role raid fs 1 body 2 pos 6,5 stuck 140
RC POS 111 id 7 seat 2 role expand fs 0 body 1 pos 1,7 stuck 1
RC POS 111 id 10 seat 3 role raid fs 1 body 2 pos 6,5 stuck 142
RC POS 112 id 7 seat 2 role expand fs 0 body 1 pos 1,7 stuck 2
RC POS 112 id 10 seat 3 role raid fs 1 body 2 pos 6,5 stuck 144
RC POS 113 id 7 seat 2 role expand fs 0 body 1 pos 1,6 stuck 0
RC POS 113 id 10 seat 3 role raid fs 1 body 2 pos 6,5 stuck 146
RC POS 114 id 7 seat 2 role expand fs 0 body 1 pos 1,6 stuck 1
RC POS 114 id 10 seat 3 role raid fs 1 body 2 pos 6,5 stuck 148
RC POS 115 id 7 seat 2 role expand fs 0 body 1 pos 1,6 stuck 2
RC POS 115 id 10 seat 3 role raid fs 1 body 2 pos 6,5 stuck 150
RC POS 116 id 7 seat 2 role expand fs 0 body 1 pos 2,6 stuck 0
RC POS 116 id 10 seat 3 role raid fs 1 body 2 pos 6,5 stuck 152
RC POS 117 id 7 seat 2 role expand fs 0 body 1 pos 2,6 stuck 1
RC POS 117 id 10 seat 3 role raid fs 1 body 2 pos 6,5 stuck 154
RC POS 118 id 7 seat 2 role expand fs 0 body 1 pos 2,5 stuck 0
RC POS 118 id 10 seat 3 role raid fs 1 body 2 pos 6,5 stuck 156
RC POS 119 id 7 seat 2 role expand fs 0 body 1 pos 2,5 stuck 1
RC POS 119 id 10 seat 3 role raid fs 1 body 2 pos 6,5 stuck 157
RC POS 120 id 7 seat 2 role expand fs 0 body 1 pos 2,5 stuck 2
RC POS 120 id 10 seat 3 role raid fs 1 body 2 pos 6,5 stuck 159
RC POS 121 id 7 seat 2 role expand fs 0 body 1 pos 2,4 stuck 0
RC POS 121 id 10 seat 3 role raid fs 1 body 2 pos 6,5 stuck 161
RC POS 122 id 7 seat 2 role expand fs 0 body 1 pos 1,4 stuck 0
RC POS 122 id 10 seat 3 role raid fs 1 body 2 pos 6,5 stuck 163
RC POS 123 id 7 seat 2 role expand fs 0 body 1 pos 2,4 stuck 0
RC POS 123 id 10 seat 3 role raid fs 1 body 2 pos 6,5 stuck 165
RC POS 124 id 7 seat 2 role expand fs 0 body 1 pos 1,4 stuck 0
RC POS 124 id 10 seat 3 role raid fs 1 body 2 pos 6,5 stuck 167
RC ECO 125 harvstore 4 harvseen -1 ti 73 units 4 scale 197.0
RC POS 125 id 7 seat 2 role expand fs 0 body 1 pos 1,3 stuck 0
RC POS 125 id 10 seat 3 role raid fs 1 body 2 pos 6,4 stuck 0
RC POS 126 id 7 seat 2 role expand fs 0 body 1 pos 1,4 stuck 0
RC POS 126 id 10 seat 3 role raid fs 1 body 2 pos 6,5 stuck 0
RC POS 127 id 7 seat 2 role expand fs 0 body 1 pos 1,3 stuck 0
RC POS 127 id 10 seat 3 role raid fs 1 body 2 pos 6,4 stuck 0
RC POS 128 id 7 seat 2 role expand fs 0 body 1 pos 1,4 stuck 0
RC POS 128 id 10 seat 3 role raid fs 1 body 2 pos 6,5 stuck 0
RC POS 129 id 7 seat 2 role expand fs 0 body 1 pos 1,3 stuck 0
RC POS 129 id 10 seat 3 role raid fs 1 body 2 pos 6,4 stuck 0
RC POS 130 id 7 seat 2 role expand fs 0 body 1 pos 1,4 stuck 0
RC POS 130 id 10 seat 3 role raid fs 1 body 2 pos 6,5 stuck 0
RC POS 131 id 7 seat 2 role expand fs 0 body 1 pos 1,3 stuck 0
RC POS 131 id 10 seat 3 role raid fs 1 body 2 pos 6,4 stuck 0
RC POS 132 id 7 seat 2 role expand fs 0 body 1 pos 1,4 stuck 0
RC POS 132 id 10 seat 3 role raid fs 1 body 2 pos 6,4 stuck 1
RC SEAT 132 id 151 seat 6
RC POS 132 id 151 seat 6 role raid fs 0 body 1 pos 1,1 stuck 0
RC POS 133 id 7 seat 2 role expand fs 0 body 1 pos 2,4 stuck 0
RC POS 133 id 10 seat 3 role raid fs 1 body 2 pos 6,3 stuck 0
RC POS 133 id 151 seat 6 role raid fs 0 body 1 pos 2,1 stuck 0
RC POS 134 id 7 seat 2 role expand fs 0 body 1 pos 2,5 stuck 0
RC POS 134 id 10 seat 3 role raid fs 1 body 2 pos 6,4 stuck 0
RC POS 134 id 151 seat 6 role raid fs 0 body 1 pos 3,1 stuck 0
RC POS 135 id 7 seat 2 role expand fs 0 body 1 pos 2,4 stuck 0
RC POS 135 id 10 seat 3 role raid fs 1 body 2 pos 6,3 stuck 0
RC POS 135 id 151 seat 6 role raid fs 0 body 1 pos 3,0 stuck 0
RC POS 136 id 7 seat 2 role expand fs 0 body 1 pos 1,4 stuck 0
RC POS 136 id 151 seat 6 role raid fs 0 body 1 pos 3,1 stuck 0
RC POS 137 id 7 seat 2 role expand fs 0 body 1 pos 1,3 stuck 0
RC POS 137 id 151 seat 6 role raid fs 0 body 1 pos 3,0 stuck 0
RC POS 138 id 7 seat 2 role expand fs 0 body 1 pos 0,3 stuck 0
RC POS 138 id 151 seat 6 role raid fs 0 body 1 pos 4,0 stuck 0
RC POS 139 id 7 seat 2 role expand fs 0 body 1 pos 0,2 stuck 0
RC POS 139 id 151 seat 6 role raid fs 0 body 1 pos 3,0 stuck 0
RC SEAT 139 id 161 seat 7
RC POS 139 id 161 seat 7 role raid fs 0 body 1 pos 1,4 stuck 0
RC POS 140 id 7 seat 2 role expand fs 0 body 1 pos 0,3 stuck 0
RC POS 140 id 151 seat 6 role raid fs 0 body 1 pos 4,0 stuck 0
RC POS 140 id 161 seat 7 role raid fs 0 body 1 pos 2,4 stuck 0
RC POS 141 id 7 seat 2 role expand fs 0 body 1 pos 0,2 stuck 0
RC POS 141 id 151 seat 6 role raid fs 0 body 1 pos 3,0 stuck 0
RC POS 141 id 161 seat 7 role raid fs 0 body 1 pos 2,5 stuck 0
RC POS 142 id 7 seat 2 role expand fs 0 body 1 pos 0,3 stuck 0
RC POS 142 id 151 seat 6 role raid fs 0 body 1 pos 3,1 stuck 0
RC POS 142 id 161 seat 7 role raid fs 0 body 1 pos 3,5 stuck 0
RC POS 143 id 7 seat 2 role expand fs 0 body 1 pos 1,3 stuck 0
RC POS 143 id 151 seat 6 role raid fs 0 body 1 pos 3,0 stuck 0
RC POS 143 id 161 seat 7 role raid fs 0 body 1 pos 4,5 stuck 0
RC POS 144 id 7 seat 2 role expand fs 0 body 1 pos 1,2 stuck 0
RC POS 144 id 151 seat 6 role raid fs 0 body 1 pos 3,1 stuck 0
RC POS 144 id 161 seat 7 role raid fs 0 body 1 pos 3,5 stuck 0
RC POS 145 id 7 seat 2 role expand fs 0 body 1 pos 1,1 stuck 0
RC POS 145 id 151 seat 6 role raid fs 0 body 1 pos 3,0 stuck 0
RC POS 145 id 161 seat 7 role raid fs 0 body 1 pos 3,5 stuck 1
RC POS 146 id 7 seat 2 role expand fs 0 body 1 pos 2,1 stuck 0
RC POS 146 id 151 seat 6 role raid fs 0 body 1 pos 4,0 stuck 0
RC POS 146 id 161 seat 7 role raid fs 0 body 1 pos 3,6 stuck 0
RC POS 147 id 7 seat 2 role expand fs 0 body 1 pos 3,1 stuck 0
RC POS 147 id 151 seat 6 role raid fs 0 body 1 pos 3,0 stuck 0
RC POS 147 id 161 seat 7 role raid fs 0 body 1 pos 2,6 stuck 0
RC POS 148 id 7 seat 2 role expand fs 0 body 1 pos 2,1 stuck 0
RC POS 148 id 151 seat 6 role raid fs 0 body 1 pos 4,0 stuck 0
RC POS 148 id 161 seat 7 role raid fs 0 body 1 pos 3,6 stuck 0
RC POS 149 id 7 seat 2 role expand fs 0 body 1 pos 3,1 stuck 0
RC POS 149 id 151 seat 6 role raid fs 0 body 1 pos 3,0 stuck 0
RC POS 149 id 161 seat 7 role raid fs 0 body 1 pos 3,5 stuck 0
RC ECO 150 harvstore 4 harvseen -1 ti 84 units 6 scale 236.0
RC POS 150 id 7 seat 2 role expand fs 0 body 1 pos 2,1 stuck 0
RC POS 150 id 151 seat 6 role raid fs 0 body 1 pos 4,0 stuck 0
RC POS 150 id 161 seat 7 role raid fs 0 body 1 pos 2,5 stuck 0
RC POS 151 id 7 seat 2 role expand fs 0 body 1 pos 3,1 stuck 0
RC POS 151 id 151 seat 6 role raid fs 0 body 1 pos 3,0 stuck 0
RC POS 151 id 161 seat 7 role raid fs 0 body 1 pos 3,5 stuck 0
RC POS 152 id 7 seat 2 role expand fs 0 body 1 pos 2,1 stuck 0
RC POS 152 id 151 seat 6 role raid fs 0 body 1 pos 4,0 stuck 0
RC POS 152 id 161 seat 7 role raid fs 0 body 1 pos 2,5 stuck 0
RC POS 153 id 7 seat 2 role expand fs 0 body 1 pos 3,1 stuck 0
RC POS 153 id 151 seat 6 role raid fs 0 body 1 pos 3,0 stuck 0
RC POS 153 id 161 seat 7 role raid fs 0 body 1 pos 3,5 stuck 0
RC POS 154 id 7 seat 2 role expand fs 0 body 1 pos 2,1 stuck 0
RC POS 154 id 151 seat 6 role raid fs 0 body 1 pos 4,0 stuck 0
RC POS 154 id 161 seat 7 role raid fs 0 body 1 pos 2,5 stuck 0
RC POS 155 id 7 seat 2 role expand fs 0 body 1 pos 3,1 stuck 0
RC POS 155 id 151 seat 6 role raid fs 0 body 1 pos 3,0 stuck 0
RC POS 155 id 161 seat 7 role raid fs 0 body 1 pos 3,5 stuck 0
RC POS 156 id 7 seat 2 role expand fs 0 body 1 pos 2,1 stuck 0
RC POS 156 id 151 seat 6 role raid fs 0 body 1 pos 4,0 stuck 0
RC POS 156 id 161 seat 7 role raid fs 0 body 1 pos 2,5 stuck 0
RC POS 157 id 7 seat 2 role expand fs 0 body 1 pos 3,1 stuck 0
RC POS 157 id 151 seat 6 role raid fs 0 body 1 pos 3,0 stuck 0
RC POS 157 id 161 seat 7 role raid fs 0 body 1 pos 3,5 stuck 0
RC POS 158 id 7 seat 2 role expand fs 0 body 1 pos 2,1 stuck 0
RC POS 158 id 151 seat 6 role raid fs 0 body 1 pos 4,0 stuck 0
RC POS 158 id 161 seat 7 role raid fs 0 body 1 pos 2,5 stuck 0
RC POS 159 id 7 seat 2 role expand fs 0 body 1 pos 3,1 stuck 0
RC POS 159 id 151 seat 6 role raid fs 0 body 1 pos 3,0 stuck 0
RC POS 159 id 161 seat 7 role raid fs 0 body 1 pos 2,4 stuck 0
RC POS 160 id 7 seat 2 role expand fs 0 body 1 pos 2,1 stuck 0
RC POS 160 id 151 seat 6 role raid fs 0 body 1 pos 4,0 stuck 0
RC POS 160 id 161 seat 7 role raid fs 0 body 1 pos 1,4 stuck 0
RC POS 161 id 7 seat 2 role expand fs 0 body 1 pos 3,1 stuck 0
RC POS 161 id 151 seat 6 role raid fs 0 body 1 pos 3,0 stuck 0
RC POS 161 id 161 seat 7 role raid fs 0 body 1 pos 1,3 stuck 0
RC POS 162 id 7 seat 2 role expand fs 0 body 1 pos 2,1 stuck 0
RC POS 162 id 151 seat 6 role raid fs 0 body 1 pos 4,0 stuck 0
RC POS 162 id 161 seat 7 role raid fs 0 body 1 pos 1,4 stuck 0
RC POS 163 id 7 seat 2 role expand fs 0 body 1 pos 3,1 stuck 0
RC POS 163 id 151 seat 6 role raid fs 0 body 1 pos 3,0 stuck 0
RC POS 163 id 161 seat 7 role raid fs 0 body 1 pos 1,3 stuck 0
RC POS 164 id 7 seat 2 role expand fs 0 body 1 pos 2,1 stuck 0
RC POS 164 id 151 seat 6 role raid fs 0 body 1 pos 4,0 stuck 0
RC POS 164 id 161 seat 7 role raid fs 0 body 1 pos 1,4 stuck 0
RC POS 165 id 7 seat 2 role expand fs 0 body 1 pos 3,1 stuck 0
RC POS 165 id 151 seat 6 role raid fs 0 body 1 pos 3,0 stuck 0
RC POS 165 id 161 seat 7 role raid fs 0 body 1 pos 1,3 stuck 0
RC POS 166 id 7 seat 2 role expand fs 0 body 1 pos 2,1 stuck 0
RC POS 166 id 151 seat 6 role raid fs 0 body 1 pos 4,0 stuck 0
RC POS 166 id 161 seat 7 role raid fs 0 body 1 pos 1,4 stuck 0
RC POS 167 id 7 seat 2 role expand fs 0 body 1 pos 3,1 stuck 0
RC POS 167 id 151 seat 6 role raid fs 0 body 1 pos 3,0 stuck 0
RC POS 167 id 161 seat 7 role raid fs 0 body 1 pos 1,3 stuck 0
RC POS 168 id 7 seat 2 role expand fs 0 body 1 pos 2,1 stuck 0
RC POS 168 id 151 seat 6 role raid fs 0 body 1 pos 4,0 stuck 0
RC POS 168 id 161 seat 7 role raid fs 0 body 1 pos 1,4 stuck 0
RC POS 169 id 7 seat 2 role expand fs 0 body 1 pos 3,1 stuck 0
RC POS 169 id 151 seat 6 role raid fs 0 body 1 pos 3,0 stuck 0
RC POS 169 id 161 seat 7 role raid fs 0 body 1 pos 1,3 stuck 0
RC POS 170 id 7 seat 2 role expand fs 0 body 1 pos 2,1 stuck 0
RC POS 170 id 151 seat 6 role raid fs 0 body 1 pos 4,0 stuck 0
RC POS 170 id 161 seat 7 role raid fs 0 body 1 pos 1,4 stuck 0
RC POS 171 id 7 seat 2 role expand fs 0 body 1 pos 3,1 stuck 0
RC POS 171 id 151 seat 6 role raid fs 0 body 1 pos 3,0 stuck 0
RC POS 171 id 161 seat 7 role raid fs 0 body 1 pos 1,3 stuck 0
RC POS 172 id 7 seat 2 role expand fs 0 body 1 pos 2,1 stuck 0
RC POS 172 id 151 seat 6 role raid fs 0 body 1 pos 4,0 stuck 0
RC POS 172 id 161 seat 7 role raid fs 0 body 1 pos 1,4 stuck 0
RC POS 173 id 7 seat 2 role expand fs 0 body 1 pos 3,1 stuck 0
RC POS 173 id 151 seat 6 role raid fs 0 body 1 pos 3,0 stuck 0
RC POS 173 id 161 seat 7 role raid fs 0 body 1 pos 1,3 stuck 0
RC POS 174 id 7 seat 2 role expand fs 0 body 1 pos 2,1 stuck 0
RC POS 174 id 151 seat 6 role raid fs 0 body 1 pos 4,0 stuck 0
RC POS 174 id 161 seat 7 role raid fs 0 body 1 pos 1,4 stuck 0
RC ECO 175 harvstore 4 harvseen -1 ti 108 units 6 scale 235.0
RC POS 175 id 7 seat 2 role expand fs 0 body 1 pos 3,1 stuck 0
RC POS 175 id 151 seat 6 role raid fs 0 body 1 pos 3,0 stuck 0
RC POS 175 id 161 seat 7 role raid fs 0 body 1 pos 1,3 stuck 0
RC POS 176 id 7 seat 2 role expand fs 0 body 1 pos 2,1 stuck 0
RC POS 176 id 151 seat 6 role raid fs 0 body 1 pos 4,0 stuck 0
RC POS 176 id 161 seat 7 role raid fs 0 body 1 pos 1,4 stuck 0
RC POS 177 id 7 seat 2 role expand fs 0 body 1 pos 3,1 stuck 0
RC POS 177 id 151 seat 6 role raid fs 0 body 1 pos 3,0 stuck 0
RC POS 177 id 161 seat 7 role raid fs 0 body 1 pos 1,3 stuck 0
RC POS 178 id 7 seat 2 role expand fs 0 body 1 pos 2,1 stuck 0
RC POS 178 id 151 seat 6 role raid fs 0 body 1 pos 4,0 stuck 0
RC POS 178 id 161 seat 7 role raid fs 0 body 1 pos 1,4 stuck 0
RC POS 179 id 7 seat 2 role expand fs 0 body 1 pos 3,1 stuck 0
RC POS 179 id 151 seat 6 role raid fs 0 body 1 pos 3,0 stuck 0
RC POS 179 id 161 seat 7 role raid fs 0 body 1 pos 1,3 stuck 0
RC POS 180 id 7 seat 2 role expand fs 0 body 1 pos 2,1 stuck 0
RC POS 180 id 151 seat 6 role raid fs 0 body 1 pos 4,0 stuck 0
RC POS 180 id 161 seat 7 role raid fs 0 body 1 pos 1,4 stuck 0
RC POS 181 id 7 seat 2 role expand fs 0 body 1 pos 3,1 stuck 0
RC POS 181 id 151 seat 6 role raid fs 0 body 1 pos 3,0 stuck 0
RC POS 181 id 161 seat 7 role raid fs 0 body 1 pos 1,3 stuck 0
RC SEAT 181 id 205 seat 8
RC POS 181 id 205 seat 8 role raid fs 1 body 1 pos 1,1 stuck 0
RC POS 182 id 7 seat 2 role expand fs 0 body 1 pos 2,1 stuck 0
RC POS 182 id 151 seat 6 role raid fs 0 body 1 pos 4,0 stuck 0
RC POS 182 id 161 seat 7 role raid fs 0 body 1 pos 1,4 stuck 0
RC POS 182 id 205 seat 8 role raid fs 1 body 1 pos 1,2 stuck 0
RC POS 183 id 7 seat 2 role expand fs 0 body 1 pos 3,1 stuck 0
RC POS 183 id 151 seat 6 role raid fs 0 body 1 pos 3,0 stuck 0
RC POS 183 id 161 seat 7 role raid fs 0 body 1 pos 1,3 stuck 0
RC POS 183 id 205 seat 8 role raid fs 1 body 1 pos 0,2 stuck 0
RC HOP 183 lid 208 body 1 at 0,3 dsq 45
RC POS 184 id 7 seat 2 role expand fs 0 body 1 pos 2,1 stuck 0
RC POS 184 id 151 seat 6 role raid fs 0 body 1 pos 4,0 stuck 0
RC POS 184 id 161 seat 7 role raid fs 0 body 1 pos 1,4 stuck 0
RC POS 184 id 205 seat 8 role raid fs 1 body 1 pos 0,2 stuck 1
RC THROW 184 lid 208 body 205 n 1
RC POS 185 id 7 seat 2 role expand fs 0 body 1 pos 3,1 stuck 0
RC POS 185 id 151 seat 6 role raid fs 0 body 1 pos 3,0 stuck 0
RC POS 185 id 161 seat 7 role raid fs 0 body 1 pos 1,3 stuck 0
RC POS 185 id 205 seat 8 role raid fs 1 body 1 pos 5,4 stuck 0
RC ARRIVE 185 id 205 body 1 dsq 5
ARC520 CLAIM 185 id 205 body 1 arc 1 at (5, 4)
RC POS 186 id 7 seat 2 role expand fs 0 body 1 pos 2,1 stuck 0
RC POS 186 id 151 seat 6 role raid fs 0 body 1 pos 4,0 stuck 0
RC POS 186 id 161 seat 7 role raid fs 0 body 1 pos 1,4 stuck 0
RC POS 186 id 205 seat 8 role raid fs 1 body 1 pos 6,4 stuck 0
RC POS 187 id 7 seat 2 role expand fs 0 body 1 pos 3,1 stuck 0
RC POS 187 id 151 seat 6 role raid fs 0 body 1 pos 3,0 stuck 0
RC POS 187 id 161 seat 7 role raid fs 0 body 1 pos 1,3 stuck 0
RC POS 187 id 205 seat 8 role raid fs 1 body 1 pos 6,4 stuck 1
RC POS 188 id 7 seat 2 role expand fs 0 body 1 pos 2,1 stuck 0
RC POS 188 id 151 seat 6 role raid fs 0 body 1 pos 4,0 stuck 0
RC POS 188 id 161 seat 7 role raid fs 0 body 1 pos 1,4 stuck 0
RC POS 188 id 205 seat 8 role raid fs 1 body 1 pos 6,3 stuck 0
RC POS 189 id 7 seat 2 role expand fs 0 body 1 pos 3,1 stuck 0
RC POS 189 id 151 seat 6 role raid fs 0 body 1 pos 3,0 stuck 0
RC POS 189 id 161 seat 7 role raid fs 0 body 1 pos 1,3 stuck 0
RC POS 189 id 205 seat 8 role raid fs 1 body 1 pos 7,3 stuck 0
RC POS 190 id 7 seat 2 role expand fs 0 body 1 pos 2,1 stuck 0
RC POS 190 id 151 seat 6 role raid fs 0 body 1 pos 4,0 stuck 0
RC POS 190 id 161 seat 7 role raid fs 0 body 1 pos 1,4 stuck 0
RC POS 190 id 205 seat 8 role raid fs 1 body 1 pos 8,3 stuck 0
RC POS 191 id 7 seat 2 role expand fs 0 body 1 pos 3,1 stuck 0
RC POS 191 id 151 seat 6 role raid fs 0 body 1 pos 3,0 stuck 0
RC POS 191 id 161 seat 7 role raid fs 0 body 1 pos 1,3 stuck 0
RC POS 191 id 205 seat 8 role raid fs 1 body 1 pos 8,4 stuck 0
RC POS 192 id 7 seat 2 role expand fs 0 body 1 pos 2,1 stuck 0
RC POS 192 id 151 seat 6 role raid fs 0 body 1 pos 4,0 stuck 0
RC POS 192 id 161 seat 7 role raid fs 0 body 1 pos 1,4 stuck 0
RC POS 192 id 205 seat 8 role raid fs 1 body 1 pos 8,5 stuck 0
RC POS 193 id 7 seat 2 role expand fs 0 body 1 pos 3,1 stuck 0
RC POS 193 id 151 seat 6 role raid fs 0 body 1 pos 3,0 stuck 0
RC POS 193 id 161 seat 7 role raid fs 0 body 1 pos 2,4 stuck 0
RC POS 193 id 205 seat 8 role raid fs 1 body 1 pos 9,5 stuck 0
RC POS 194 id 7 seat 2 role expand fs 0 body 1 pos 2,1 stuck 0
RC POS 194 id 151 seat 6 role raid fs 0 body 1 pos 4,0 stuck 0
RC POS 194 id 161 seat 7 role raid fs 0 body 1 pos 2,5 stuck 0
RC POS 194 id 205 seat 8 role raid fs 1 body 1 pos 8,5 stuck 0
RC POS 195 id 7 seat 2 role expand fs 0 body 1 pos 3,1 stuck 0
RC POS 195 id 151 seat 6 role raid fs 0 body 1 pos 3,0 stuck 0
RC POS 195 id 161 seat 7 role raid fs 0 body 1 pos 3,5 stuck 0
RC POS 195 id 205 seat 8 role raid fs 1 body 1 pos 8,4 stuck 0
RC POS 196 id 7 seat 2 role expand fs 0 body 1 pos 2,1 stuck 0
RC POS 196 id 151 seat 6 role raid fs 0 body 1 pos 4,0 stuck 0
RC POS 196 id 161 seat 7 role raid fs 0 body 1 pos 3,6 stuck 0
RC POS 196 id 205 seat 8 role raid fs 1 body 1 pos 8,3 stuck 0
RC POS 197 id 7 seat 2 role expand fs 0 body 1 pos 1,1 stuck 0
RC POS 197 id 151 seat 6 role raid fs 0 body 1 pos 3,0 stuck 0
RC POS 197 id 161 seat 7 role raid fs 0 body 1 pos 3,5 stuck 0
RC POS 197 id 205 seat 8 role raid fs 1 body 1 pos 8,4 stuck 0
RC POS 198 id 7 seat 2 role expand fs 0 body 1 pos 1,2 stuck 0
RC POS 198 id 151 seat 6 role raid fs 0 body 1 pos 3,1 stuck 0
RC POS 198 id 161 seat 7 role raid fs 0 body 1 pos 2,5 stuck 0
RC POS 198 id 205 seat 8 role raid fs 1 body 1 pos 8,3 stuck 0
RC POS 199 id 7 seat 2 role expand fs 0 body 1 pos 1,1 stuck 0
RC POS 199 id 151 seat 6 role raid fs 0 body 1 pos 3,0 stuck 0
RC POS 199 id 161 seat 7 role raid fs 0 body 1 pos 3,5 stuck 0
RC POS 199 id 205 seat 8 role raid fs 1 body 1 pos 8,4 stuck 0
RC ECO 200 harvstore 4 harvseen -1 ti 100 units 7 scale 250.0
RC POS 200 id 7 seat 2 role expand fs 0 body 1 pos 1,2 stuck 0
RC POS 200 id 151 seat 6 role raid fs 0 body 1 pos 4,0 stuck 0
RC POS 200 id 161 seat 7 role raid fs 0 body 1 pos 3,6 stuck 0
RC POS 200 id 205 seat 8 role raid fs 1 body 1 pos 8,3 stuck 0
RC POS 201 id 7 seat 2 role expand fs 0 body 1 pos 1,1 stuck 0
RC POS 201 id 151 seat 6 role raid fs 0 body 1 pos 3,0 stuck 0
RC POS 201 id 161 seat 7 role raid fs 0 body 1 pos 3,7 stuck 0
RC POS 201 id 205 seat 8 role raid fs 1 body 1 pos 8,4 stuck 0
RC POS 202 id 7 seat 2 role expand fs 0 body 1 pos 2,1 stuck 0
RC POS 202 id 151 seat 6 role raid fs 0 body 1 pos 4,0 stuck 0
RC POS 202 id 161 seat 7 role raid fs 0 body 1 pos 4,7 stuck 0
RC POS 202 id 205 seat 8 role raid fs 1 body 1 pos 8,3 stuck 0
RC POS 203 id 7 seat 2 role expand fs 0 body 1 pos 3,1 stuck 0
RC POS 203 id 151 seat 6 role raid fs 0 body 1 pos 3,0 stuck 0
RC POS 203 id 161 seat 7 role raid fs 0 body 1 pos 4,8 stuck 0
RC POS 203 id 205 seat 8 role raid fs 1 body 1 pos 8,4 stuck 0
RC POS 204 id 7 seat 2 role expand fs 0 body 1 pos 2,1 stuck 0
RC POS 204 id 151 seat 6 role raid fs 0 body 1 pos 4,0 stuck 0
RC POS 204 id 161 seat 7 role raid fs 0 body 1 pos 4,7 stuck 0
RC POS 204 id 205 seat 8 role raid fs 1 body 1 pos 8,3 stuck 0
RC POS 205 id 7 seat 2 role expand fs 0 body 1 pos 3,1 stuck 0
RC POS 205 id 151 seat 6 role raid fs 0 body 1 pos 3,0 stuck 0
RC POS 205 id 161 seat 7 role raid fs 0 body 1 pos 4,8 stuck 0
RC POS 205 id 205 seat 8 role raid fs 1 body 1 pos 8,4 stuck 0
RC POS 206 id 7 seat 2 role expand fs 0 body 1 pos 2,1 stuck 0
RC POS 206 id 151 seat 6 role raid fs 0 body 1 pos 4,0 stuck 0
RC POS 206 id 161 seat 7 role raid fs 0 body 1 pos 4,7 stuck 0
RC POS 206 id 205 seat 8 role raid fs 1 body 1 pos 8,3 stuck 0
RC POS 207 id 7 seat 2 role expand fs 0 body 1 pos 3,1 stuck 0
RC POS 207 id 151 seat 6 role raid fs 0 body 1 pos 3,0 stuck 0
RC POS 207 id 161 seat 7 role raid fs 0 body 1 pos 4,8 stuck 0
RC POS 207 id 205 seat 8 role raid fs 1 body 1 pos 8,4 stuck 0
RC POS 208 id 7 seat 2 role expand fs 0 body 1 pos 2,1 stuck 0
RC POS 208 id 151 seat 6 role raid fs 0 body 1 pos 4,0 stuck 0
RC POS 208 id 161 seat 7 role raid fs 0 body 1 pos 4,7 stuck 0
RC POS 208 id 205 seat 8 role raid fs 1 body 1 pos 8,3 stuck 0
RC POS 209 id 7 seat 2 role expand fs 0 body 1 pos 3,1 stuck 0
RC POS 209 id 151 seat 6 role raid fs 0 body 1 pos 3,0 stuck 0
RC POS 209 id 161 seat 7 role raid fs 0 body 1 pos 4,8 stuck 0
RC POS 209 id 205 seat 8 role raid fs 1 body 1 pos 8,4 stuck 0
RC POS 210 id 7 seat 2 role expand fs 0 body 1 pos 2,1 stuck 0
RC POS 210 id 151 seat 6 role raid fs 0 body 1 pos 4,0 stuck 0
RC POS 210 id 161 seat 7 role raid fs 0 body 1 pos 4,7 stuck 0
RC POS 210 id 205 seat 8 role raid fs 1 body 1 pos 8,3 stuck 0
RC POS 211 id 7 seat 2 role expand fs 0 body 1 pos 3,1 stuck 0
RC POS 211 id 151 seat 6 role raid fs 0 body 1 pos 3,0 stuck 0
RC POS 211 id 161 seat 7 role raid fs 0 body 1 pos 4,8 stuck 0
RC POS 211 id 205 seat 8 role raid fs 1 body 1 pos 8,4 stuck 0
RC POS 212 id 7 seat 2 role expand fs 0 body 1 pos 2,1 stuck 0
RC POS 212 id 151 seat 6 role raid fs 0 body 1 pos 4,0 stuck 0
RC POS 212 id 161 seat 7 role raid fs 0 body 1 pos 4,7 stuck 0
RC POS 212 id 205 seat 8 role raid fs 1 body 1 pos 8,3 stuck 0
RC POS 213 id 7 seat 2 role expand fs 0 body 1 pos 3,1 stuck 0
RC POS 213 id 151 seat 6 role raid fs 0 body 1 pos 3,0 stuck 0
RC POS 213 id 161 seat 7 role raid fs 0 body 1 pos 4,8 stuck 0
RC POS 213 id 205 seat 8 role raid fs 1 body 1 pos 8,4 stuck 0
RC POS 214 id 7 seat 2 role expand fs 0 body 1 pos 3,1 stuck 2
RC POS 214 id 151 seat 6 role raid fs 0 body 1 pos 3,0 stuck 1
RC POS 214 id 161 seat 7 role raid fs 0 body 1 pos 4,7 stuck 0
RC POS 214 id 205 seat 8 role raid fs 1 body 1 pos 8,3 stuck 0
RC POS 215 id 7 seat 2 role expand fs 0 body 1 pos 3,1 stuck 4
RC POS 215 id 151 seat 6 role raid fs 0 body 1 pos 3,0 stuck 2
RC POS 215 id 161 seat 7 role raid fs 0 body 1 pos 4,8 stuck 0
RC POS 215 id 205 seat 8 role raid fs 1 body 1 pos 8,4 stuck 0
RC POS 216 id 7 seat 2 role expand fs 0 body 1 pos 3,1 stuck 6
RC POS 216 id 151 seat 6 role raid fs 0 body 1 pos 3,0 stuck 3
RC POS 216 id 161 seat 7 role raid fs 0 body 1 pos 4,7 stuck 0
RC POS 217 id 7 seat 2 role expand fs 0 body 1 pos 3,1 stuck 2
RC POS 217 id 151 seat 6 role raid fs 0 body 1 pos 4,0 stuck 0
RC POS 217 id 161 seat 7 role raid fs 0 body 1 pos 4,8 stuck 0
RC POS 218 id 7 seat 2 role expand fs 0 body 1 pos 3,0 stuck 0
RC POS 218 id 151 seat 6 role raid fs 0 body 1 pos 5,0 stuck 0
RC POS 218 id 161 seat 7 role raid fs 0 body 1 pos 5,8 stuck 0
RC POS 219 id 7 seat 2 role expand fs 0 body 1 pos 4,0 stuck 0
RC POS 219 id 151 seat 6 role raid fs 0 body 1 pos 5,0 stuck 1
RC POS 219 id 161 seat 7 role raid fs 0 body 1 pos 5,8 stuck 1
RC POS 220 id 7 seat 2 role expand fs 0 body 1 pos 3,0 stuck 0
RC POS 220 id 151 seat 6 role raid fs 0 body 1 pos 4,0 stuck 0
RC POS 220 id 161 seat 7 role raid fs 0 body 1 pos 5,8 stuck 2
RC POS 221 id 7 seat 2 role expand fs 0 body 1 pos 3,1 stuck 0
RC POS 221 id 151 seat 6 role raid fs 0 body 1 pos 3,0 stuck 0
RC POS 221 id 161 seat 7 role raid fs 0 body 1 pos 5,8 stuck 3
RC POS 222 id 7 seat 2 role expand fs 0 body 1 pos 3,1 stuck 2
RC POS 222 id 151 seat 6 role raid fs 0 body 1 pos 2,0 stuck 0
RC POS 222 id 161 seat 7 role raid fs 0 body 1 pos 5,8 stuck 4
RC POS 223 id 7 seat 2 role expand fs 0 body 1 pos 3,0 stuck 0
RC POS 223 id 151 seat 6 role raid fs 0 body 1 pos 2,0 stuck 2
RC POS 223 id 161 seat 7 role raid fs 0 body 1 pos 5,8 stuck 5
RC POS 224 id 7 seat 2 role expand fs 0 body 1 pos 4,0 stuck 0
RC POS 224 id 151 seat 6 role raid fs 0 body 1 pos 3,0 stuck 0
RC POS 224 id 161 seat 7 role raid fs 0 body 1 pos 5,8 stuck 6
RC ECO 225 harvstore 4 harvseen -1 ti 54 units 7 scale 250.0
RC POS 225 id 7 seat 2 role expand fs 0 body 1 pos 5,0 stuck 0
RC POS 225 id 151 seat 6 role raid fs 0 body 1 pos 3,1 stuck 0
RC POS 225 id 161 seat 7 role raid fs 0 body 1 pos 5,8 stuck 7
RC POS 226 id 7 seat 2 role expand fs 0 body 1 pos 4,0 stuck 0
RC POS 226 id 151 seat 6 role raid fs 0 body 1 pos 3,0 stuck 0
RC POS 226 id 161 seat 7 role raid fs 0 body 1 pos 5,8 stuck 8
RC POS 227 id 7 seat 2 role expand fs 0 body 1 pos 5,0 stuck 0
RC POS 227 id 151 seat 6 role raid fs 0 body 1 pos 3,1 stuck 0
RC POS 227 id 161 seat 7 role raid fs 0 body 1 pos 5,8 stuck 9
RC POS 228 id 7 seat 2 role expand fs 0 body 1 pos 4,0 stuck 0
RC POS 228 id 151 seat 6 role raid fs 0 body 1 pos 3,0 stuck 0
RC POS 228 id 161 seat 7 role raid fs 0 body 1 pos 5,8 stuck 10
RC POS 229 id 7 seat 2 role expand fs 0 body 1 pos 5,0 stuck 0
RC POS 229 id 151 seat 6 role raid fs 0 body 1 pos 3,1 stuck 0
RC POS 229 id 161 seat 7 role raid fs 0 body 1 pos 5,8 stuck 11
RC POS 230 id 7 seat 2 role expand fs 0 body 1 pos 4,0 stuck 0
RC POS 230 id 151 seat 6 role raid fs 0 body 1 pos 3,0 stuck 0
RC POS 230 id 161 seat 7 role raid fs 0 body 1 pos 5,8 stuck 12
RC POS 231 id 7 seat 2 role expand fs 0 body 1 pos 5,0 stuck 0
RC POS 231 id 151 seat 6 role raid fs 0 body 1 pos 3,1 stuck 0
RC POS 231 id 161 seat 7 role raid fs 0 body 1 pos 5,8 stuck 13
RC POS 232 id 7 seat 2 role expand fs 0 body 1 pos 4,0 stuck 0
RC POS 232 id 151 seat 6 role raid fs 0 body 1 pos 3,0 stuck 0
RC POS 232 id 161 seat 7 role raid fs 0 body 1 pos 5,8 stuck 14
RC POS 233 id 7 seat 2 role expand fs 0 body 1 pos 5,0 stuck 0
RC POS 233 id 151 seat 6 role raid fs 0 body 1 pos 3,1 stuck 0
RC POS 233 id 161 seat 7 role raid fs 0 body 1 pos 5,8 stuck 15
RC POS 234 id 7 seat 2 role expand fs 0 body 1 pos 4,0 stuck 0
RC POS 234 id 151 seat 6 role raid fs 0 body 1 pos 4,1 stuck 0
RC POS 234 id 161 seat 7 role raid fs 0 body 1 pos 4,8 stuck 0
RC POS 235 id 7 seat 2 role expand fs 0 body 1 pos 5,0 stuck 0
RC POS 235 id 151 seat 6 role raid fs 0 body 1 pos 4,0 stuck 0
RC POS 235 id 161 seat 7 role raid fs 0 body 1 pos 4,7 stuck 0
RC POS 236 id 7 seat 2 role expand fs 0 body 1 pos 5,0 stuck 2
RC POS 236 id 151 seat 6 role raid fs 0 body 1 pos 4,1 stuck 0
RC POS 236 id 161 seat 7 role raid fs 0 body 1 pos 4,8 stuck 0
RC POS 237 id 7 seat 2 role expand fs 0 body 1 pos 4,0 stuck 0
RC POS 237 id 151 seat 6 role raid fs 0 body 1 pos 3,1 stuck 0
RC POS 237 id 161 seat 7 role raid fs 0 body 1 pos 4,7 stuck 0
RC POS 238 id 7 seat 2 role expand fs 0 body 1 pos 5,0 stuck 0
RC POS 238 id 151 seat 6 role raid fs 0 body 1 pos 4,1 stuck 0
RC POS 238 id 161 seat 7 role raid fs 0 body 1 pos 4,8 stuck 0
RC POS 239 id 7 seat 2 role expand fs 0 body 1 pos 4,0 stuck 0
RC POS 239 id 151 seat 6 role raid fs 0 body 1 pos 3,1 stuck 0
RC POS 239 id 161 seat 7 role raid fs 0 body 1 pos 4,7 stuck 0
RC POS 240 id 7 seat 2 role expand fs 0 body 1 pos 5,0 stuck 0
RC POS 240 id 151 seat 6 role raid fs 0 body 1 pos 4,1 stuck 0
RC POS 240 id 161 seat 7 role raid fs 0 body 1 pos 4,8 stuck 0
RC POS 241 id 7 seat 2 role expand fs 0 body 1 pos 4,0 stuck 0
RC POS 241 id 151 seat 6 role raid fs 0 body 1 pos 3,1 stuck 0
RC POS 241 id 161 seat 7 role raid fs 0 body 1 pos 4,7 stuck 0
RC POS 242 id 7 seat 2 role expand fs 0 body 1 pos 4,1 stuck 0
RC POS 242 id 151 seat 6 role raid fs 0 body 1 pos 3,0 stuck 0
RC POS 242 id 161 seat 7 role raid fs 0 body 1 pos 4,8 stuck 0
RC POS 243 id 7 seat 2 role expand fs 0 body 1 pos 3,1 stuck 0
RC POS 243 id 151 seat 6 role raid fs 0 body 1 pos 4,0 stuck 0
RC POS 243 id 161 seat 7 role raid fs 0 body 1 pos 4,7 stuck 0
RC POS 244 id 7 seat 2 role expand fs 0 body 1 pos 4,1 stuck 0
RC POS 244 id 151 seat 6 role raid fs 0 body 1 pos 3,0 stuck 0
RC POS 244 id 161 seat 7 role raid fs 0 body 1 pos 4,8 stuck 0
RC POS 245 id 7 seat 2 role expand fs 0 body 1 pos 4,2 stuck 0
RC POS 245 id 151 seat 6 role raid fs 0 body 1 pos 4,0 stuck 0
RC POS 245 id 161 seat 7 role raid fs 0 body 1 pos 4,7 stuck 0
RC POS 246 id 7 seat 2 role expand fs 0 body 1 pos 4,2 stuck 1
RC POS 246 id 151 seat 6 role raid fs 0 body 1 pos 4,1 stuck 0
RC POS 246 id 161 seat 7 role raid fs 0 body 1 pos 4,8 stuck 0
RC POS 247 id 7 seat 2 role expand fs 0 body 1 pos 5,2 stuck 0
RC POS 247 id 151 seat 6 role raid fs 0 body 1 pos 4,2 stuck 0
RC POS 247 id 161 seat 7 role raid fs 0 body 1 pos 4,7 stuck 0
RC POS 248 id 7 seat 2 role expand fs 0 body 1 pos 5,3 stuck 0
RC POS 248 id 151 seat 6 role raid fs 0 body 1 pos 5,2 stuck 0
RC POS 248 id 161 seat 7 role raid fs 0 body 1 pos 4,8 stuck 0
RC POS 249 id 7 seat 2 role expand fs 0 body 1 pos 6,3 stuck 0
RC POS 249 id 151 seat 6 role raid fs 0 body 1 pos 5,3 stuck 0
RC POS 249 id 161 seat 7 role raid fs 0 body 1 pos 4,7 stuck 0
RC ECO 250 harvstore 4 harvseen -1 ti 71 units 7 scale 251.0
RC POS 250 id 7 seat 2 role expand fs 0 body 1 pos 7,3 stuck 0
RC POS 250 id 151 seat 6 role raid fs 0 body 1 pos 6,3 stuck 0
RC POS 250 id 161 seat 7 role raid fs 0 body 1 pos 4,8 stuck 0
RC POS 251 id 7 seat 2 role expand fs 0 body 1 pos 8,3 stuck 0
RC POS 251 id 151 seat 6 role raid fs 0 body 1 pos 7,3 stuck 0
RC POS 251 id 161 seat 7 role raid fs 0 body 1 pos 4,7 stuck 0
RC POS 252 id 7 seat 2 role expand fs 0 body 1 pos 8,2 stuck 0
RC POS 252 id 151 seat 6 role raid fs 0 body 1 pos 8,3 stuck 0
RC POS 252 id 161 seat 7 role raid fs 0 body 1 pos 4,8 stuck 0
RC POS 253 id 7 seat 2 role expand fs 0 body 1 pos 8,2 stuck 1
RC POS 253 id 151 seat 6 role raid fs 0 body 1 pos 8,4 stuck 0
RC POS 253 id 161 seat 7 role raid fs 0 body 1 pos 4,7 stuck 0
RC POS 254 id 7 seat 2 role expand fs 0 body 1 pos 9,2 stuck 0
RC POS 254 id 151 seat 6 role raid fs 0 body 1 pos 8,5 stuck 0
RC POS 254 id 161 seat 7 role raid fs 0 body 1 pos 4,8 stuck 0
RC POS 255 id 7 seat 2 role expand fs 0 body 1 pos 8,2 stuck 0
RC POS 255 id 151 seat 6 role raid fs 0 body 1 pos 8,5 stuck 1
RC POS 255 id 161 seat 7 role raid fs 0 body 1 pos 4,7 stuck 0
RC POS 256 id 7 seat 2 role expand fs 0 body 1 pos 9,2 stuck 0
RC POS 256 id 151 seat 6 role raid fs 0 body 1 pos 8,5 stuck 1
RC POS 256 id 161 seat 7 role raid fs 0 body 1 pos 4,8 stuck 0
RC POS 257 id 7 seat 2 role expand fs 0 body 1 pos 8,2 stuck 0
RC POS 257 id 151 seat 6 role raid fs 0 body 1 pos 8,5 stuck 1
RC POS 257 id 161 seat 7 role raid fs 0 body 1 pos 4,7 stuck 0
RC POS 258 id 7 seat 2 role expand fs 0 body 1 pos 9,2 stuck 0
RC POS 258 id 151 seat 6 role raid fs 0 body 1 pos 8,5 stuck 1
RC POS 258 id 161 seat 7 role raid fs 0 body 1 pos 4,8 stuck 0
RC POS 259 id 7 seat 2 role expand fs 0 body 1 pos 8,2 stuck 0
RC POS 259 id 151 seat 6 role raid fs 0 body 1 pos 8,5 stuck 1
RC POS 259 id 161 seat 7 role raid fs 0 body 1 pos 4,7 stuck 0
RC POS 260 id 7 seat 2 role expand fs 0 body 1 pos 9,2 stuck 0
RC POS 260 id 151 seat 6 role raid fs 0 body 1 pos 8,5 stuck 1
RC POS 260 id 161 seat 7 role raid fs 0 body 1 pos 4,8 stuck 0
RC POS 261 id 7 seat 2 role expand fs 0 body 1 pos 8,2 stuck 0
RC POS 261 id 151 seat 6 role raid fs 0 body 1 pos 8,5 stuck 1
RC POS 261 id 161 seat 7 role raid fs 0 body 1 pos 4,7 stuck 0
RC POS 262 id 7 seat 2 role expand fs 0 body 1 pos 9,2 stuck 0
RC POS 262 id 151 seat 6 role raid fs 0 body 1 pos 8,5 stuck 1
RC POS 262 id 161 seat 7 role raid fs 0 body 1 pos 4,8 stuck 0
RC POS 263 id 7 seat 2 role expand fs 0 body 1 pos 8,2 stuck 0
RC POS 263 id 151 seat 6 role raid fs 0 body 1 pos 8,5 stuck 1
RC POS 263 id 161 seat 7 role raid fs 0 body 1 pos 4,7 stuck 0
RC POS 264 id 7 seat 2 role expand fs 0 body 1 pos 9,2 stuck 0
RC POS 264 id 151 seat 6 role raid fs 0 body 1 pos 8,5 stuck 1
RC POS 264 id 161 seat 7 role raid fs 0 body 1 pos 4,8 stuck 0
RC POS 265 id 7 seat 2 role expand fs 0 body 1 pos 8,2 stuck 0
RC POS 265 id 151 seat 6 role raid fs 0 body 1 pos 9,5 stuck 0
RC POS 265 id 161 seat 7 role raid fs 0 body 1 pos 4,7 stuck 0
RC POS 266 id 7 seat 2 role expand fs 0 body 1 pos 9,2 stuck 0
RC POS 266 id 151 seat 6 role raid fs 0 body 1 pos 9,6 stuck 0
RC POS 266 id 161 seat 7 role raid fs 0 body 1 pos 4,8 stuck 0
RC POS 267 id 7 seat 2 role expand fs 0 body 1 pos 8,2 stuck 0
RC POS 267 id 151 seat 6 role raid fs 0 body 1 pos 9,7 stuck 0
RC POS 267 id 161 seat 7 role raid fs 0 body 1 pos 4,7 stuck 0
RC POS 268 id 7 seat 2 role expand fs 0 body 1 pos 9,2 stuck 0
RC POS 268 id 151 seat 6 role raid fs 0 body 1 pos 8,7 stuck 0
RC POS 268 id 161 seat 7 role raid fs 0 body 1 pos 4,8 stuck 0
RC POS 269 id 7 seat 2 role expand fs 0 body 1 pos 8,2 stuck 0
RC POS 269 id 151 seat 6 role raid fs 0 body 1 pos 8,7 stuck 1
RC POS 269 id 161 seat 7 role raid fs 0 body 1 pos 4,7 stuck 0
RC POS 270 id 7 seat 2 role expand fs 0 body 1 pos 9,2 stuck 0
RC POS 270 id 151 seat 6 role raid fs 0 body 1 pos 8,7 stuck 1
RC POS 270 id 161 seat 7 role raid fs 0 body 1 pos 4,8 stuck 0
RC POS 271 id 7 seat 2 role expand fs 0 body 1 pos 8,2 stuck 0
RC POS 271 id 151 seat 6 role raid fs 0 body 1 pos 8,7 stuck 1
RC POS 271 id 161 seat 7 role raid fs 0 body 1 pos 4,7 stuck 0
RC POS 272 id 7 seat 2 role expand fs 0 body 1 pos 9,2 stuck 0
RC POS 272 id 151 seat 6 role raid fs 0 body 1 pos 8,7 stuck 1
RC POS 272 id 161 seat 7 role raid fs 0 body 1 pos 4,8 stuck 0
RC POS 273 id 7 seat 2 role expand fs 0 body 1 pos 8,2 stuck 0
RC POS 273 id 151 seat 6 role raid fs 0 body 1 pos 8,7 stuck 1
RC POS 273 id 161 seat 7 role raid fs 0 body 1 pos 4,7 stuck 0
RC POS 274 id 7 seat 2 role expand fs 0 body 1 pos 9,2 stuck 0
RC POS 274 id 151 seat 6 role raid fs 0 body 1 pos 8,7 stuck 1
RC POS 274 id 161 seat 7 role raid fs 0 body 1 pos 4,8 stuck 0
RC ECO 275 harvstore 5 harvseen -1 ti 37 units 7 scale 255.0
RC POS 275 id 7 seat 2 role expand fs 0 body 1 pos 8,2 stuck 0
RC POS 275 id 151 seat 6 role raid fs 0 body 1 pos 8,7 stuck 1
RC POS 275 id 161 seat 7 role raid fs 0 body 1 pos 4,7 stuck 0
RC POS 276 id 7 seat 2 role expand fs 0 body 1 pos 9,2 stuck 0
RC POS 276 id 151 seat 6 role raid fs 0 body 1 pos 8,7 stuck 1
RC POS 276 id 161 seat 7 role raid fs 0 body 1 pos 4,8 stuck 0
RC POS 277 id 7 seat 2 role expand fs 0 body 1 pos 8,2 stuck 0
RC POS 277 id 151 seat 6 role raid fs 0 body 1 pos 8,7 stuck 1
RC POS 277 id 161 seat 7 role raid fs 0 body 1 pos 4,7 stuck 0
RC POS 278 id 7 seat 2 role expand fs 0 body 1 pos 9,2 stuck 0
RC POS 278 id 151 seat 6 role raid fs 0 body 1 pos 8,7 stuck 1
RC POS 278 id 161 seat 7 role raid fs 0 body 1 pos 4,8 stuck 0
RC POS 279 id 7 seat 2 role expand fs 0 body 1 pos 8,2 stuck 0
RC POS 279 id 151 seat 6 role raid fs 0 body 1 pos 8,7 stuck 1
RC POS 279 id 161 seat 7 role raid fs 0 body 1 pos 4,7 stuck 0
RC POS 280 id 7 seat 2 role expand fs 0 body 1 pos 8,3 stuck 0
RC POS 280 id 151 seat 6 role raid fs 0 body 1 pos 8,7 stuck 1
RC POS 280 id 161 seat 7 role raid fs 0 body 1 pos 4,8 stuck 0
RC POS 281 id 7 seat 2 role expand fs 0 body 1 pos 7,3 stuck 0
RC POS 281 id 151 seat 6 role raid fs 0 body 1 pos 8,7 stuck 1
RC POS 281 id 161 seat 7 role raid fs 0 body 1 pos 4,7 stuck 0
RC POS 282 id 7 seat 2 role expand fs 0 body 1 pos 6,3 stuck 0
RC POS 282 id 151 seat 6 role raid fs 0 body 1 pos 8,7 stuck 1
RC POS 282 id 161 seat 7 role raid fs 0 body 1 pos 4,8 stuck 0
RC POS 283 id 7 seat 2 role expand fs 0 body 1 pos 7,3 stuck 0
RC POS 283 id 151 seat 6 role raid fs 0 body 1 pos 8,7 stuck 1
RC POS 283 id 161 seat 7 role raid fs 0 body 1 pos 4,7 stuck 0
RC POS 284 id 7 seat 2 role expand fs 0 body 1 pos 6,3 stuck 0
RC POS 284 id 151 seat 6 role raid fs 0 body 1 pos 8,7 stuck 1
RC POS 284 id 161 seat 7 role raid fs 0 body 1 pos 4,8 stuck 0
RC POS 285 id 7 seat 2 role expand fs 0 body 1 pos 7,3 stuck 0
RC POS 285 id 151 seat 6 role raid fs 0 body 1 pos 8,7 stuck 1
RC POS 285 id 161 seat 7 role raid fs 0 body 1 pos 4,7 stuck 0
RC POS 286 id 7 seat 2 role expand fs 0 body 1 pos 6,3 stuck 0
RC POS 286 id 151 seat 6 role raid fs 0 body 1 pos 8,7 stuck 1
RC POS 286 id 161 seat 7 role raid fs 0 body 1 pos 4,8 stuck 0
RC POS 287 id 7 seat 2 role expand fs 0 body 1 pos 7,3 stuck 0
RC POS 287 id 151 seat 6 role raid fs 0 body 1 pos 8,7 stuck 1
RC POS 287 id 161 seat 7 role raid fs 0 body 1 pos 4,7 stuck 0
RC POS 288 id 7 seat 2 role expand fs 0 body 1 pos 6,3 stuck 0
RC POS 288 id 151 seat 6 role raid fs 0 body 1 pos 8,7 stuck 1
RC POS 288 id 161 seat 7 role raid fs 0 body 1 pos 4,8 stuck 0
RC POS 289 id 7 seat 2 role expand fs 0 body 1 pos 7,3 stuck 0
RC POS 289 id 151 seat 6 role raid fs 0 body 1 pos 8,7 stuck 1
RC POS 289 id 161 seat 7 role raid fs 0 body 1 pos 4,7 stuck 0
RC POS 290 id 7 seat 2 role expand fs 0 body 1 pos 6,3 stuck 0
RC POS 290 id 151 seat 6 role raid fs 0 body 1 pos 8,7 stuck 1
RC POS 290 id 161 seat 7 role raid fs 0 body 1 pos 4,8 stuck 0
RC POS 291 id 7 seat 2 role expand fs 0 body 1 pos 7,3 stuck 0
RC POS 291 id 151 seat 6 role raid fs 0 body 1 pos 8,7 stuck 1
RC POS 291 id 161 seat 7 role raid fs 0 body 1 pos 4,7 stuck 0
RC POS 292 id 7 seat 2 role expand fs 0 body 1 pos 6,3 stuck 0
RC POS 292 id 151 seat 6 role raid fs 0 body 1 pos 8,7 stuck 1
RC POS 292 id 161 seat 7 role raid fs 0 body 1 pos 4,8 stuck 0
RC POS 293 id 7 seat 2 role expand fs 0 body 1 pos 7,3 stuck 0
RC POS 293 id 151 seat 6 role raid fs 0 body 1 pos 8,7 stuck 1
RC POS 293 id 161 seat 7 role raid fs 0 body 1 pos 4,7 stuck 0
RC POS 294 id 7 seat 2 role expand fs 0 body 1 pos 6,3 stuck 0
RC POS 294 id 151 seat 6 role raid fs 0 body 1 pos 8,7 stuck 1
RC POS 294 id 161 seat 7 role raid fs 0 body 1 pos 4,8 stuck 0
RC POS 295 id 7 seat 2 role expand fs 0 body 1 pos 7,3 stuck 0
RC POS 295 id 151 seat 6 role raid fs 0 body 1 pos 8,7 stuck 1
RC POS 295 id 161 seat 7 role raid fs 0 body 1 pos 4,7 stuck 0
RC POS 296 id 7 seat 2 role expand fs 0 body 1 pos 6,3 stuck 0
RC POS 296 id 151 seat 6 role raid fs 0 body 1 pos 8,7 stuck 1
RC POS 296 id 161 seat 7 role raid fs 0 body 1 pos 4,8 stuck 0
RC POS 297 id 7 seat 2 role expand fs 0 body 1 pos 7,3 stuck 0
RC POS 297 id 151 seat 6 role raid fs 0 body 1 pos 8,7 stuck 1
RC POS 297 id 161 seat 7 role raid fs 0 body 1 pos 4,7 stuck 0
RC POS 298 id 7 seat 2 role expand fs 0 body 1 pos 6,3 stuck 0
RC POS 298 id 151 seat 6 role raid fs 0 body 1 pos 8,7 stuck 1
RC POS 298 id 161 seat 7 role raid fs 0 body 1 pos 4,8 stuck 0
RC POS 299 id 7 seat 2 role expand fs 0 body 1 pos 7,3 stuck 0
RC POS 299 id 151 seat 6 role raid fs 0 body 1 pos 8,7 stuck 1
RC POS 299 id 161 seat 7 role raid fs 0 body 1 pos 4,7 stuck 0
RC ECO 300 harvstore 5 harvseen -1 ti 101 units 7 scale 257.0
RC POS 300 id 7 seat 2 role expand fs 0 body 1 pos 6,3 stuck 0
RC POS 300 id 151 seat 6 role raid fs 0 body 1 pos 8,7 stuck 1
RC POS 300 id 161 seat 7 role raid fs 0 body 1 pos 4,8 stuck 0
RC POS 301 id 7 seat 2 role expand fs 0 body 1 pos 7,3 stuck 0
RC POS 301 id 151 seat 6 role raid fs 0 body 1 pos 8,7 stuck 1
RC POS 301 id 161 seat 7 role raid fs 0 body 1 pos 4,7 stuck 0
RC POS 302 id 7 seat 2 role expand fs 0 body 1 pos 6,3 stuck 0
RC POS 302 id 151 seat 6 role raid fs 0 body 1 pos 8,7 stuck 1
RC POS 302 id 161 seat 7 role raid fs 0 body 1 pos 4,8 stuck 0
RC POS 303 id 7 seat 2 role expand fs 0 body 1 pos 7,3 stuck 0
RC POS 303 id 151 seat 6 role raid fs 0 body 1 pos 8,7 stuck 1
RC POS 303 id 161 seat 7 role raid fs 0 body 1 pos 4,7 stuck 0
RC POS 304 id 7 seat 2 role expand fs 0 body 1 pos 6,3 stuck 0
RC POS 304 id 151 seat 6 role raid fs 0 body 1 pos 8,7 stuck 1
RC POS 304 id 161 seat 7 role raid fs 0 body 1 pos 4,8 stuck 0
RC POS 305 id 7 seat 2 role expand fs 0 body 1 pos 7,3 stuck 0
RC POS 305 id 151 seat 6 role raid fs 0 body 1 pos 8,7 stuck 1
RC POS 305 id 161 seat 7 role raid fs 0 body 1 pos 4,7 stuck 0
RC POS 306 id 7 seat 2 role expand fs 0 body 1 pos 6,3 stuck 0
RC POS 306 id 151 seat 6 role raid fs 0 body 1 pos 8,7 stuck 1
RC POS 306 id 161 seat 7 role raid fs 0 body 1 pos 4,8 stuck 0
RC POS 307 id 7 seat 2 role expand fs 0 body 1 pos 7,3 stuck 0
RC POS 307 id 151 seat 6 role raid fs 0 body 1 pos 8,7 stuck 1
RC POS 307 id 161 seat 7 role raid fs 0 body 1 pos 4,7 stuck 0
RC POS 308 id 7 seat 2 role expand fs 0 body 1 pos 6,3 stuck 0
RC POS 308 id 151 seat 6 role raid fs 0 body 1 pos 8,7 stuck 1
RC POS 308 id 161 seat 7 role raid fs 0 body 1 pos 4,8 stuck 0
RC POS 309 id 7 seat 2 role expand fs 0 body 1 pos 7,3 stuck 0
RC POS 309 id 151 seat 6 role raid fs 0 body 1 pos 8,7 stuck 1
RC POS 309 id 161 seat 7 role raid fs 0 body 1 pos 4,7 stuck 0
RC POS 310 id 7 seat 2 role expand fs 0 body 1 pos 6,3 stuck 0
RC POS 310 id 151 seat 6 role raid fs 0 body 1 pos 8,7 stuck 1
RC POS 310 id 161 seat 7 role raid fs 0 body 1 pos 4,8 stuck 0
RC POS 311 id 7 seat 2 role expand fs 0 body 1 pos 7,3 stuck 0
RC POS 311 id 151 seat 6 role raid fs 0 body 1 pos 8,7 stuck 1
RC POS 311 id 161 seat 7 role raid fs 0 body 1 pos 4,7 stuck 0
RC POS 312 id 7 seat 2 role expand fs 0 body 1 pos 6,3 stuck 0
RC POS 312 id 151 seat 6 role raid fs 0 body 1 pos 8,7 stuck 1
RC POS 312 id 161 seat 7 role raid fs 0 body 1 pos 4,8 stuck 0
RC POS 313 id 7 seat 2 role expand fs 0 body 1 pos 7,3 stuck 0
RC POS 313 id 151 seat 6 role raid fs 0 body 1 pos 8,7 stuck 1
RC POS 313 id 161 seat 7 role raid fs 0 body 1 pos 4,7 stuck 0
RC POS 314 id 7 seat 2 role expand fs 0 body 1 pos 6,3 stuck 0
RC POS 314 id 151 seat 6 role raid fs 0 body 1 pos 8,7 stuck 1
RC POS 314 id 161 seat 7 role raid fs 0 body 1 pos 4,8 stuck 0
RC POS 315 id 7 seat 2 role expand fs 0 body 1 pos 7,3 stuck 0
RC POS 315 id 151 seat 6 role raid fs 0 body 1 pos 8,7 stuck 1
RC POS 315 id 161 seat 7 role raid fs 0 body 1 pos 4,7 stuck 0
RC POS 316 id 7 seat 2 role expand fs 0 body 1 pos 6,3 stuck 0
RC POS 316 id 151 seat 6 role raid fs 0 body 1 pos 8,7 stuck 1
RC POS 316 id 161 seat 7 role raid fs 0 body 1 pos 4,8 stuck 0
RC POS 317 id 7 seat 2 role expand fs 0 body 1 pos 7,3 stuck 0
RC POS 317 id 151 seat 6 role raid fs 0 body 1 pos 8,7 stuck 1
RC POS 317 id 161 seat 7 role raid fs 0 body 1 pos 4,7 stuck 0
RC POS 318 id 7 seat 2 role expand fs 0 body 1 pos 6,3 stuck 0
RC POS 318 id 151 seat 6 role raid fs 0 body 1 pos 8,7 stuck 1
RC POS 318 id 161 seat 7 role raid fs 0 body 1 pos 4,8 stuck 0
RC POS 319 id 7 seat 2 role expand fs 0 body 1 pos 7,3 stuck 0
RC POS 319 id 151 seat 6 role raid fs 0 body 1 pos 8,7 stuck 1
RC POS 319 id 161 seat 7 role raid fs 0 body 1 pos 4,7 stuck 0
