Update available: 2.3.6 -> 2.3.8. Run: pip install --upgrade fcode
RC MAP w 10 h 10 ours 6,6 theirs 2,2
RC ECO 0 harvstore 0 harvseen -1 ti 500 units 1 scale 100.0
RC ECO 1 harvstore 0 harvseen -1 ti 470 units 2 scale 120.0
RC SEAT 1 id 4 seat 0
RC POS 1 id 4 seat 0 role raid fs 1 body 1 pos 5,5 stuck 0
RC ARRIVE 1 id 4 body 1 dsq 8
ARC520 CLAIM 1 id 4 body 1 arc 1 at (5, 5)
RC ECO 2 harvstore 0 harvseen -1 ti 418 units 3 scale 140.0
RC POS 2 id 4 seat 0 role raid fs 1 body 1 pos 5,4 stuck 0
RC SEAT 2 id 6 seat 1
APPT520 CLAIM 2 id 6
RC POS 2 id 6 seat 1 role raid fs 1 body 2 pos 6,5 stuck 0
RC TEMPO 2 id 6 body 2 born 2 lp 0 must 0 why norid ride None ti 368 lcost 32 acd 0 mcd 0 pos 6,5 dsq 13
RC ECO 3 harvstore 0 harvseen -1 ti 368 units 4 scale 160.0
RC POS 3 id 4 seat 0 role raid fs 1 body 1 pos 5,3 stuck 0
RC POS 3 id 6 seat 1 role raid fs 1 body 2 pos 6,5 stuck 1
RC TEMPO 3 id 6 body 2 born 2 lp 0 must 1 why near0 ride None ti 315 lcost 36 acd 0 mcd 0 pos 6,5 dsq 13
RC SEAT 3 id 8 seat 2
RC POS 3 id 8 seat 2 role expand fs 0 body 1 pos 5,7 stuck 0
RC ECO 4 harvstore 0 harvseen -1 ti 325 units 5 scale 181.0
RC POS 4 id 4 seat 0 role raid fs 1 body 1 pos 5,3 stuck 1
RC POS 4 id 6 seat 1 role raid fs 1 body 2 pos 6,5 stuck 2
RC TEMPO 4 id 6 body 2 born 2 lp 0 must 1 why near0 ride None ti 271 lcost 40 acd 0 mcd 0 pos 6,5 dsq 13
RC POS 4 id 8 seat 2 role expand fs 0 body 1 pos 4,7 stuck 0
RC SEAT 4 id 10 seat 3
RC POS 4 id 10 seat 3 role expand fs 0 body 1 pos 5,8 stuck 0
RC ECO 5 harvstore 1 harvseen -1 ti 231 units 6 scale 206.0
RC POS 5 id 4 seat 0 role raid fs 1 body 1 pos 5,2 stuck 0
RC POS 5 id 6 seat 1 role raid fs 1 body 2 pos 6,5 stuck 3
RC TEMPO 5 id 6 body 2 born 2 lp 0 must 1 why waitexp ride None ti 225 lcost 41 acd 0 mcd 0 pos 6,5 dsq 13
RC POS 5 id 8 seat 2 role expand fs 0 body 1 pos 4,7 stuck 1
RC POS 5 id 10 seat 3 role expand fs 0 body 1 pos 5,7 stuck 0
RC SEAT 5 id 13 seat 4
RC POS 5 id 13 seat 4 role defend fs 0 body 1 pos 8,6 stuck 0
RC ECO 6 harvstore 1 harvseen -1 ti 213 units 6 scale 209.0
RC POS 6 id 4 seat 0 role raid fs 1 body 1 pos 5,2 stuck 1
RC POS 6 id 6 seat 1 role raid fs 1 body 2 pos 6,5 stuck 4
RC TEMPO 6 id 6 body 2 born 2 lp 0 must 1 why waitexp ride None ti 213 lcost 41 acd 0 mcd 0 pos 6,5 dsq 13
RC POS 6 id 8 seat 2 role expand fs 0 body 1 pos 4,7 stuck 2
RC POS 6 id 10 seat 3 role expand fs 0 body 1 pos 5,7 stuck 1
RC POS 6 id 13 seat 4 role defend fs 0 body 1 pos 8,5 stuck 0
RC ECO 7 harvstore 1 harvseen -1 ti 151 units 7 scale 229.0
RC POS 7 id 4 seat 0 role raid fs 1 body 1 pos 5,1 stuck 0
RC POS 7 id 6 seat 1 role raid fs 1 body 2 pos 6,5 stuck 5
RC TEMPO 7 id 6 body 2 born 2 lp 0 must 1 why waitexp ride None ti 151 lcost 45 acd 0 mcd 0 pos 6,5 dsq 13
RC POS 7 id 8 seat 2 role expand fs 0 body 1 pos 4,8 stuck 0
RC POS 7 id 10 seat 3 role expand fs 0 body 1 pos 5,8 stuck 0
RC POS 7 id 13 seat 4 role defend fs 0 body 1 pos 8,5 stuck 1
RC ECO 8 harvstore 1 harvseen -1 ti 171 units 7 scale 229.0
RC POS 8 id 4 seat 0 role raid fs 1 body 1 pos 4,1 stuck 0
RC POS 8 id 6 seat 1 role raid fs 1 body 2 pos 6,5 stuck 6
RC TEMPO 8 id 6 body 2 born 2 lp 0 must 1 why waitexp ride None ti 135 lcost 46 acd 0 mcd 0 pos 6,5 dsq 13
RC HOP 8 lid 24 body 2 at 5,5 dsq 8
RC POS 8 id 8 seat 2 role expand fs 0 body 1 pos 4,9 stuck 0
RC POS 8 id 10 seat 3 role expand fs 0 body 1 pos 5,7 stuck 0
RC POS 8 id 13 seat 4 role defend fs 0 body 1 pos 8,6 stuck 0
RC ECO 9 harvstore 2 harvseen -1 ti 41 units 8 scale 245.0
RC POS 9 id 4 seat 0 role raid fs 1 body 1 pos 4,1 stuck 1
RC POS 9 id 6 seat 1 role raid fs 1 body 2 pos 6,5 stuck 7
RC TEMPO 9 id 6 body 2 born 2 lp 1 must 1 why waitexp ride None ti 14 lcost 49 acd 0 mcd 0 pos 6,5 dsq 13
RC POS 9 id 8 seat 2 role expand fs 0 body 1 pos 4,9 stuck 1
RC POS 9 id 10 seat 3 role expand fs 0 body 1 pos 5,6 stuck 0
RC POS 9 id 13 seat 4 role defend fs 0 body 1 pos 8,7 stuck 0
RC SPLIT 9 lid 24 body 6 arc 2 n 1
SPLIT520 9 lch (5, 5) body 6 arc 2 to (2, 1) dsq 1 walk 0 n 1
RC ECO 10 harvstore 2 harvseen -1 ti 7 units 8 scale 245.0
RC POS 10 id 4 seat 0 role raid fs 1 body 1 pos 4,0 stuck 0
RC POS 10 id 6 seat 1 role raid fs 1 body 2 pos 2,1 stuck 0
RC ARRIVE 10 id 6 body 2 dsq 1
ARC520 CLAIM 10 id 6 body 2 arc 2 at (2, 1)
RC POS 10 id 8 seat 2 role expand fs 0 body 1 pos 4,9 stuck 2
RC POS 10 id 10 seat 3 role expand fs 0 body 1 pos 4,6 stuck 0
RC POS 10 id 13 seat 4 role defend fs 0 body 1 pos 8,8 stuck 0
RC ECO 11 harvstore 2 harvseen -1 ti 7 units 8 scale 245.0
RC POS 11 id 4 seat 0 role raid fs 1 body 1 pos 5,0 stuck 0
RC POS 11 id 6 seat 1 role raid fs 1 body 2 pos 1,1 stuck 0
RC POS 11 id 8 seat 2 role expand fs 0 body 1 pos 5,9 stuck 0
RC POS 11 id 10 seat 3 role expand fs 0 body 1 pos 4,5 stuck 0
RC POS 11 id 13 seat 4 role defend fs 0 body 1 pos 7,8 stuck 0
RC ECO 12 harvstore 2 harvseen -1 ti 20 units 8 scale 246.0
RC POS 12 id 4 seat 0 role raid fs 1 body 1 pos 5,1 stuck 0
RC POS 12 id 6 seat 1 role raid fs 1 body 2 pos 1,1 stuck 1
RC POS 12 id 8 seat 2 role expand fs 0 body 1 pos 5,9 stuck 1
RC POS 12 id 10 seat 3 role expand fs 0 body 1 pos 4,4 stuck 0
RC POS 12 id 13 seat 4 role defend fs 0 body 1 pos 6,8 stuck 0
RC ECO 13 harvstore 2 harvseen -1 ti 7 units 8 scale 247.0
RC POS 13 id 4 seat 0 role raid fs 1 body 1 pos 5,0 stuck 0
RC POS 13 id 6 seat 1 role raid fs 1 body 2 pos 1,1 stuck 2
RC POS 13 id 8 seat 2 role expand fs 0 body 1 pos 5,9 stuck 2
RC POS 13 id 10 seat 3 role expand fs 0 body 1 pos 4,3 stuck 0
RC POS 13 id 13 seat 4 role defend fs 0 body 1 pos 5,8 stuck 0
RC ECO 14 harvstore 2 harvseen -1 ti 7 units 8 scale 247.0
RC POS 14 id 4 seat 0 role raid fs 1 body 1 pos 5,1 stuck 0
RC POS 14 id 6 seat 1 role raid fs 1 body 2 pos 1,1 stuck 3
RC POS 14 id 8 seat 2 role expand fs 0 body 1 pos 6,9 stuck 0
RC POS 14 id 10 seat 3 role expand fs 0 body 1 pos 5,3 stuck 0
RC POS 14 id 13 seat 4 role defend fs 0 body 1 pos 5,7 stuck 0
RC ECO 15 harvstore 2 harvseen -1 ti 0 units 8 scale 248.0
RC POS 15 id 4 seat 0 role raid fs 1 body 1 pos 4,1 stuck 0
RC POS 15 id 6 seat 1 role raid fs 1 body 2 pos 1,1 stuck 4
RC POS 15 id 8 seat 2 role expand fs 0 body 1 pos 6,9 stuck 1
RC POS 15 id 10 seat 3 role expand fs 0 body 1 pos 6,3 stuck 0
RC POS 15 id 13 seat 4 role defend fs 0 body 1 pos 5,6 stuck 0
RC ECO 16 harvstore 2 harvseen -1 ti 30 units 8 scale 248.0
RC POS 16 id 4 seat 0 role raid fs 1 body 1 pos 5,1 stuck 0
RC POS 16 id 6 seat 1 role raid fs 1 body 2 pos 1,1 stuck 5
RC POS 16 id 8 seat 2 role expand fs 0 body 1 pos 6,8 stuck 0
RC POS 16 id 10 seat 3 role expand fs 0 body 1 pos 7,3 stuck 0
RC POS 16 id 13 seat 4 role defend fs 0 body 1 pos 4,6 stuck 0
RC ECO 17 harvstore 2 harvseen -1 ti 14 units 8 scale 248.0
RC POS 17 id 4 seat 0 role raid fs 1 body 1 pos 5,2 stuck 0
RC POS 17 id 6 seat 1 role raid fs 1 body 2 pos 1,1 stuck 6
RC POS 17 id 8 seat 2 role expand fs 0 body 1 pos 5,8 stuck 0
RC POS 17 id 10 seat 3 role expand fs 0 body 1 pos 8,3 stuck 0
RC POS 17 id 13 seat 4 role defend fs 0 body 1 pos 4,6 stuck 1
RC ECO 18 harvstore 2 harvseen -1 ti 14 units 8 scale 248.0
RC POS 18 id 4 seat 0 role raid fs 1 body 1 pos 5,3 stuck 0
RC POS 18 id 6 seat 1 role raid fs 1 body 2 pos 1,1 stuck 7
RC POS 18 id 8 seat 2 role expand fs 0 body 1 pos 4,8 stuck 0
RC POS 18 id 10 seat 3 role expand fs 0 body 1 pos 8,2 stuck 0
RC POS 18 id 13 seat 4 role defend fs 0 body 1 pos 4,5 stuck 0
RC ECO 19 harvstore 2 harvseen -1 ti 7 units 8 scale 249.0
RC POS 19 id 4 seat 0 role raid fs 1 body 1 pos 5,3 stuck 1
RC POS 19 id 6 seat 1 role raid fs 1 body 2 pos 1,1 stuck 8
RC POS 19 id 8 seat 2 role expand fs 0 body 1 pos 3,8 stuck 0
RC POS 19 id 10 seat 3 role expand fs 0 body 1 pos 8,1 stuck 0
RC POS 19 id 13 seat 4 role defend fs 0 body 1 pos 3,5 stuck 0
RC ECO 20 harvstore 2 harvseen -1 ti 37 units 8 scale 249.0
RC POS 20 id 4 seat 0 role raid fs 1 body 1 pos 5,4 stuck 0
RC POS 20 id 6 seat 1 role raid fs 1 body 2 pos 1,1 stuck 9
RC POS 20 id 8 seat 2 role expand fs 0 body 1 pos 2,8 stuck 0
RC POS 20 id 10 seat 3 role expand fs 0 body 1 pos 8,2 stuck 0
RC POS 20 id 13 seat 4 role defend fs 0 body 1 pos 3,4 stuck 0
RC ECO 21 harvstore 2 harvseen -1 ti 14 units 8 scale 249.0
RC POS 21 id 4 seat 0 role raid fs 1 body 1 pos 4,4 stuck 0
RC POS 21 id 6 seat 1 role raid fs 1 body 2 pos 1,1 stuck 10
RC POS 21 id 8 seat 2 role expand fs 0 body 1 pos 1,8 stuck 0
RC POS 21 id 10 seat 3 role expand fs 0 body 1 pos 8,1 stuck 0
RC POS 21 id 13 seat 4 role defend fs 0 body 1 pos 2,4 stuck 0
RC ECO 22 harvstore 2 harvseen -1 ti 7 units 8 scale 250.0
RC POS 22 id 4 seat 0 role raid fs 1 body 1 pos 4,4 stuck 1
RC POS 22 id 6 seat 1 role raid fs 1 body 2 pos 1,1 stuck 11
RC POS 22 id 8 seat 2 role expand fs 0 body 1 pos 2,8 stuck 0
RC POS 22 id 10 seat 3 role expand fs 0 body 1 pos 8,2 stuck 0
RC POS 22 id 13 seat 4 role defend fs 0 body 1 pos 1,4 stuck 0
RC ECO 23 harvstore 2 harvseen -1 ti 7 units 8 scale 250.0
RC POS 23 id 4 seat 0 role raid fs 1 body 1 pos 4,5 stuck 0
RC POS 23 id 6 seat 1 role raid fs 1 body 2 pos 1,1 stuck 12
RC POS 23 id 8 seat 2 role expand fs 0 body 1 pos 2,8 stuck 1
RC POS 23 id 10 seat 3 role expand fs 0 body 1 pos 8,1 stuck 0
RC POS 23 id 13 seat 4 role defend fs 0 body 1 pos 1,5 stuck 0
RC ECO 24 harvstore 2 harvseen -1 ti 37 units 8 scale 250.0
RC POS 24 id 4 seat 0 role raid fs 1 body 1 pos 4,4 stuck 0
RC POS 24 id 6 seat 1 role raid fs 1 body 2 pos 1,1 stuck 13
RC POS 24 id 8 seat 2 role expand fs 0 body 1 pos 1,8 stuck 0
RC POS 24 id 10 seat 3 role expand fs 0 body 1 pos 8,2 stuck 0
RC POS 24 id 13 seat 4 role defend fs 0 body 1 pos 1,6 stuck 0
RC ECO 25 harvstore 2 harvseen -1 ti 14 units 8 scale 249.0
RC POS 25 id 4 seat 0 role raid fs 1 body 1 pos 4,5 stuck 0
RC POS 25 id 6 seat 1 role raid fs 1 body 2 pos 1,1 stuck 14
RC POS 25 id 8 seat 2 role expand fs 0 body 1 pos 2,8 stuck 0
RC POS 25 id 10 seat 3 role expand fs 0 body 1 pos 8,1 stuck 0
RC POS 25 id 13 seat 4 role defend fs 0 body 1 pos 2,6 stuck 0
RC ECO 26 harvstore 2 harvseen -1 ti 14 units 8 scale 249.0
RC POS 26 id 4 seat 0 role raid fs 1 body 1 pos 4,4 stuck 0
RC POS 26 id 6 seat 1 role raid fs 1 body 2 pos 1,1 stuck 15
RC POS 26 id 8 seat 2 role expand fs 0 body 1 pos 2,8 stuck 1
RC POS 26 id 10 seat 3 role expand fs 0 body 1 pos 8,2 stuck 0
RC POS 26 id 13 seat 4 role defend fs 0 body 1 pos 1,6 stuck 0
RC ECO 27 harvstore 2 harvseen -1 ti 7 units 8 scale 250.0
RC POS 27 id 4 seat 0 role raid fs 1 body 1 pos 4,4 stuck 1
RC POS 27 id 6 seat 1 role raid fs 1 body 2 pos 1,1 stuck 16
RC POS 27 id 8 seat 2 role expand fs 0 body 1 pos 1,8 stuck 0
RC POS 27 id 10 seat 3 role expand fs 0 body 1 pos 8,1 stuck 0
RC POS 27 id 13 seat 4 role defend fs 0 body 1 pos 1,6 stuck 1
RC ECO 28 harvstore 2 harvseen -1 ti 37 units 8 scale 250.0
RC POS 28 id 4 seat 0 role raid fs 1 body 1 pos 5,4 stuck 0
RC POS 28 id 6 seat 1 role raid fs 1 body 2 pos 1,1 stuck 17
RC POS 28 id 8 seat 2 role expand fs 0 body 1 pos 2,8 stuck 0
RC POS 28 id 10 seat 3 role expand fs 0 body 1 pos 8,2 stuck 0
RC POS 28 id 13 seat 4 role defend fs 0 body 1 pos 1,7 stuck 0
RC ECO 29 harvstore 2 harvseen -1 ti 14 units 8 scale 250.0
RC POS 29 id 4 seat 0 role raid fs 1 body 1 pos 5,3 stuck 0
RC POS 29 id 6 seat 1 role raid fs 1 body 2 pos 1,1 stuck 18
RC POS 29 id 8 seat 2 role expand fs 0 body 1 pos 2,8 stuck 1
RC POS 29 id 10 seat 3 role expand fs 0 body 1 pos 8,1 stuck 0
RC POS 29 id 13 seat 4 role defend fs 0 body 1 pos 1,7 stuck 1
RC ECO 30 harvstore 2 harvseen -1 ti 14 units 8 scale 250.0
RC POS 30 id 4 seat 0 role raid fs 1 body 1 pos 6,3 stuck 0
RC POS 30 id 6 seat 1 role raid fs 1 body 2 pos 1,1 stuck 19
RC POS 30 id 8 seat 2 role expand fs 0 body 1 pos 2,8 stuck 2
RC POS 30 id 10 seat 3 role expand fs 0 body 1 pos 8,2 stuck 0
RC POS 30 id 13 seat 4 role defend fs 0 body 1 pos 1,8 stuck 0
RC SPLIT 30 lid 24 body 4 arc 1 n 2
SPLIT520 30 lch (5, 5) body 4 arc 1 to (4, 1) dsq 2 walk 1 n 2
RC ECO 31 harvstore 2 harvseen -1 ti 14 units 7 scale 240.0
RC POS 31 id 4 seat 0 role raid fs 1 body 1 pos 4,1 stuck 0
RC POS 31 id 6 seat 1 role raid fs 1 body 2 pos 1,1 stuck 20
RC POS 31 id 8 seat 2 role expand fs 0 body 1 pos 2,8 stuck 3
RC POS 31 id 10 seat 3 role expand fs 0 body 1 pos 8,1 stuck 0
RC POS 31 id 13 seat 4 role defend fs 0 body 1 pos 1,9 stuck 0
RC ECO 32 harvstore 2 harvseen -1 ti 44 units 7 scale 240.0
RC POS 32 id 4 seat 0 role raid fs 1 body 1 pos 4,0 stuck 0
RC POS 32 id 6 seat 1 role raid fs 1 body 2 pos 1,1 stuck 21
RC POS 32 id 8 seat 2 role expand fs 0 body 1 pos 1,8 stuck 0
RC POS 32 id 10 seat 3 role expand fs 0 body 1 pos 8,2 stuck 0
RC POS 32 id 13 seat 4 role defend fs 0 body 1 pos 1,9 stuck 2
RC ECO 33 harvstore 2 harvseen -1 ti 14 units 7 scale 239.0
RC POS 33 id 4 seat 0 role raid fs 1 body 1 pos 3,0 stuck 0
RC POS 33 id 6 seat 1 role raid fs 1 body 2 pos 1,1 stuck 22
RC POS 33 id 8 seat 2 role expand fs 0 body 1 pos 2,8 stuck 0
RC POS 33 id 10 seat 3 role expand fs 0 body 1 pos 8,1 stuck 0
RC POS 33 id 13 seat 4 role defend fs 0 body 1 pos 1,8 stuck 0
RC ECO 34 harvstore 2 harvseen -1 ti 14 units 7 scale 239.0
RC POS 34 id 4 seat 0 role raid fs 1 body 1 pos 2,0 stuck 0
RC POS 34 id 6 seat 1 role raid fs 1 body 2 pos 1,1 stuck 23
RC POS 34 id 8 seat 2 role expand fs 0 body 1 pos 2,8 stuck 1
RC POS 34 id 10 seat 3 role expand fs 0 body 1 pos 8,2 stuck 0
RC POS 34 id 13 seat 4 role defend fs 0 body 1 pos 1,8 stuck 1
RC ECO 35 harvstore 2 harvseen -1 ti 7 units 7 scale 240.0
RC POS 35 id 4 seat 0 role raid fs 1 body 1 pos 2,0 stuck 1
RC POS 35 id 6 seat 1 role raid fs 1 body 2 pos 1,1 stuck 24
RC POS 35 id 8 seat 2 role expand fs 0 body 1 pos 2,8 stuck 2
RC POS 35 id 10 seat 3 role expand fs 0 body 1 pos 8,1 stuck 0
RC POS 35 id 13 seat 4 role defend fs 0 body 1 pos 1,9 stuck 0
RC ECO 36 harvstore 2 harvseen -1 ti 37 units 7 scale 240.0
RC POS 36 id 4 seat 0 role raid fs 1 body 1 pos 3,0 stuck 0
RC POS 36 id 6 seat 1 role raid fs 1 body 2 pos 1,1 stuck 25
RC POS 36 id 8 seat 2 role expand fs 0 body 1 pos 1,8 stuck 0
RC POS 36 id 10 seat 3 role expand fs 0 body 1 pos 8,2 stuck 0
RC POS 36 id 13 seat 4 role defend fs 0 body 1 pos 1,9 stuck 2
RC ECO 37 harvstore 2 harvseen -1 ti 14 units 7 scale 240.0
RC POS 37 id 4 seat 0 role raid fs 1 body 1 pos 4,0 stuck 0
RC POS 37 id 6 seat 1 role raid fs 1 body 2 pos 1,1 stuck 26
RC POS 37 id 8 seat 2 role expand fs 0 body 1 pos 2,8 stuck 0
RC POS 37 id 10 seat 3 role expand fs 0 body 1 pos 8,1 stuck 0
RC POS 37 id 13 seat 4 role defend fs 0 body 1 pos 1,8 stuck 0
RC ECO 38 harvstore 2 harvseen -1 ti 14 units 7 scale 240.0
RC POS 38 id 4 seat 0 role raid fs 1 body 1 pos 4,1 stuck 0
RC POS 38 id 6 seat 1 role raid fs 1 body 2 pos 1,1 stuck 27
RC POS 38 id 8 seat 2 role expand fs 0 body 1 pos 2,8 stuck 1
RC POS 38 id 10 seat 3 role expand fs 0 body 1 pos 8,2 stuck 0
RC POS 38 id 13 seat 4 role defend fs 0 body 1 pos 1,8 stuck 1
RC ECO 39 harvstore 2 harvseen -1 ti 14 units 7 scale 240.0
RC POS 39 id 4 seat 0 role raid fs 1 body 1 pos 5,1 stuck 0
RC POS 39 id 6 seat 1 role raid fs 1 body 2 pos 1,1 stuck 28
RC POS 39 id 8 seat 2 role expand fs 0 body 1 pos 2,8 stuck 2
RC POS 39 id 10 seat 3 role expand fs 0 body 1 pos 8,1 stuck 0
RC POS 39 id 13 seat 4 role defend fs 0 body 1 pos 1,9 stuck 0
RC ECO 40 harvstore 2 harvseen -1 ti 44 units 7 scale 240.0
RC POS 40 id 4 seat 0 role raid fs 1 body 1 pos 5,2 stuck 0
RC POS 40 id 6 seat 1 role raid fs 1 body 2 pos 1,1 stuck 29
RC POS 40 id 8 seat 2 role expand fs 0 body 1 pos 1,8 stuck 0
RC POS 40 id 10 seat 3 role expand fs 0 body 1 pos 8,2 stuck 0
RC POS 40 id 13 seat 4 role defend fs 0 body 1 pos 1,9 stuck 2
RC ECO 41 harvstore 2 harvseen -1 ti 14 units 7 scale 239.0
RC POS 41 id 4 seat 0 role raid fs 1 body 1 pos 5,3 stuck 0
RC POS 41 id 6 seat 1 role raid fs 1 body 2 pos 1,1 stuck 30
RC POS 41 id 8 seat 2 role expand fs 0 body 1 pos 2,8 stuck 0
RC POS 41 id 10 seat 3 role expand fs 0 body 1 pos 8,1 stuck 0
RC POS 41 id 13 seat 4 role defend fs 0 body 1 pos 1,8 stuck 0
RC ECO 42 harvstore 2 harvseen -1 ti 7 units 7 scale 240.0
RC POS 42 id 4 seat 0 role raid fs 1 body 1 pos 5,3 stuck 1
RC POS 42 id 6 seat 1 role raid fs 1 body 2 pos 1,1 stuck 31
RC POS 42 id 8 seat 2 role expand fs 0 body 1 pos 2,8 stuck 1
RC POS 42 id 10 seat 3 role expand fs 0 body 1 pos 8,2 stuck 0
RC POS 42 id 13 seat 4 role defend fs 0 body 1 pos 1,8 stuck 1
RC ECO 43 harvstore 2 harvseen -1 ti 7 units 7 scale 240.0
RC POS 43 id 4 seat 0 role raid fs 1 body 1 pos 5,4 stuck 0
RC POS 43 id 6 seat 1 role raid fs 1 body 2 pos 1,1 stuck 32
RC POS 43 id 8 seat 2 role expand fs 0 body 1 pos 2,8 stuck 2
RC POS 43 id 10 seat 3 role expand fs 0 body 1 pos 8,1 stuck 0
RC POS 43 id 13 seat 4 role defend fs 0 body 1 pos 1,9 stuck 0
RC ECO 44 harvstore 2 harvseen -1 ti 37 units 7 scale 240.0
RC POS 44 id 4 seat 0 role raid fs 1 body 1 pos 4,4 stuck 0
RC POS 44 id 6 seat 1 role raid fs 1 body 2 pos 1,1 stuck 33
RC POS 44 id 8 seat 2 role expand fs 0 body 1 pos 1,8 stuck 0
RC POS 44 id 10 seat 3 role expand fs 0 body 1 pos 8,2 stuck 0
RC POS 44 id 13 seat 4 role defend fs 0 body 1 pos 1,9 stuck 2
RC ECO 45 harvstore 2 harvseen -1 ti 23 units 7 scale 242.0
RC POS 45 id 4 seat 0 role raid fs 1 body 1 pos 4,4 stuck 1
RC POS 45 id 6 seat 1 role raid fs 1 body 2 pos 1,1 stuck 34
RC POS 45 id 8 seat 2 role expand fs 0 body 1 pos 2,8 stuck 0
RC POS 45 id 10 seat 3 role expand fs 0 body 1 pos 8,1 stuck 0
RC POS 45 id 13 seat 4 role defend fs 0 body 1 pos 1,8 stuck 0
RC ECO 46 harvstore 2 harvseen -1 ti 23 units 7 scale 242.0
RC POS 46 id 4 seat 0 role raid fs 1 body 1 pos 4,5 stuck 0
RC POS 46 id 6 seat 1 role raid fs 1 body 2 pos 1,1 stuck 36
RC POS 46 id 8 seat 2 role expand fs 0 body 1 pos 2,8 stuck 1
RC POS 46 id 10 seat 3 role expand fs 0 body 1 pos 8,2 stuck 0
RC POS 46 id 13 seat 4 role defend fs 0 body 1 pos 1,8 stuck 1
RC ECO 47 harvstore 2 harvseen -1 ti 23 units 7 scale 242.0
RC POS 47 id 4 seat 0 role raid fs 1 body 1 pos 3,5 stuck 0
RC POS 47 id 6 seat 1 role raid fs 1 body 2 pos 1,1 stuck 38
RC POS 47 id 8 seat 2 role expand fs 0 body 1 pos 2,8 stuck 2
RC POS 47 id 10 seat 3 role expand fs 0 body 1 pos 8,1 stuck 0
RC POS 47 id 13 seat 4 role defend fs 0 body 1 pos 1,9 stuck 0
RC ECO 48 harvstore 2 harvseen -1 ti 53 units 7 scale 242.0
RC POS 48 id 4 seat 0 role raid fs 1 body 1 pos 3,6 stuck 0
RC POS 48 id 6 seat 1 role raid fs 1 body 2 pos 1,1 stuck 40
RC POS 48 id 8 seat 2 role expand fs 0 body 1 pos 1,8 stuck 0
RC POS 48 id 10 seat 3 role expand fs 0 body 1 pos 8,2 stuck 0
RC POS 48 id 13 seat 4 role defend fs 0 body 1 pos 1,9 stuck 2
RC ECO 49 harvstore 3 harvseen -1 ti 5 units 7 scale 246.0
RC POS 49 id 4 seat 0 role raid fs 1 body 1 pos 2,6 stuck 0
RC POS 49 id 6 seat 1 role raid fs 1 body 2 pos 1,1 stuck 42
RC POS 49 id 8 seat 2 role expand fs 0 body 1 pos 2,8 stuck 0
RC POS 49 id 10 seat 3 role expand fs 0 body 1 pos 8,2 stuck 1
RC POS 49 id 13 seat 4 role defend fs 0 body 1 pos 1,8 stuck 0
RC ECO 50 harvstore 3 harvseen -1 ti 5 units 7 scale 246.0
RC POS 50 id 4 seat 0 role raid fs 1 body 1 pos 1,6 stuck 0
RC POS 50 id 6 seat 1 role raid fs 1 body 2 pos 1,1 stuck 44
RC POS 50 id 8 seat 2 role expand fs 0 body 1 pos 2,8 stuck 1
RC POS 50 id 10 seat 3 role expand fs 0 body 1 pos 8,3 stuck 0
RC POS 50 id 13 seat 4 role defend fs 0 body 1 pos 1,8 stuck 1
RC ECO 51 harvstore 3 harvseen -1 ti 5 units 7 scale 246.0
RC POS 51 id 4 seat 0 role raid fs 1 body 1 pos 1,5 stuck 0
RC POS 51 id 6 seat 1 role raid fs 1 body 2 pos 1,1 stuck 46
RC POS 51 id 8 seat 2 role expand fs 0 body 1 pos 2,8 stuck 2
RC POS 51 id 10 seat 3 role expand fs 0 body 1 pos 8,3 stuck 1
RC POS 51 id 13 seat 4 role defend fs 0 body 1 pos 1,9 stuck 0
RC ECO 52 harvstore 3 harvseen -1 ti 35 units 7 scale 246.0
RC POS 52 id 4 seat 0 role raid fs 1 body 1 pos 1,4 stuck 0
RC POS 52 id 6 seat 1 role raid fs 1 body 2 pos 1,1 stuck 48
RC POS 52 id 8 seat 2 role expand fs 0 body 1 pos 1,8 stuck 0
RC POS 52 id 10 seat 3 role expand fs 0 body 1 pos 8,3 stuck 2
RC POS 52 id 13 seat 4 role defend fs 0 body 1 pos 1,9 stuck 2
RC ECO 53 harvstore 3 harvseen -1 ti 21 units 7 scale 248.0
RC POS 53 id 4 seat 0 role raid fs 1 body 1 pos 1,4 stuck 1
RC POS 53 id 6 seat 1 role raid fs 1 body 2 pos 1,1 stuck 50
RC POS 53 id 8 seat 2 role expand fs 0 body 1 pos 2,8 stuck 0
RC POS 53 id 10 seat 3 role expand fs 0 body 1 pos 8,3 stuck 3
RC POS 53 id 13 seat 4 role defend fs 0 body 1 pos 1,8 stuck 0
RC ECO 54 harvstore 3 harvseen -1 ti 14 units 7 scale 249.0
RC POS 54 id 4 seat 0 role raid fs 1 body 1 pos 1,4 stuck 2
RC POS 54 id 6 seat 1 role raid fs 1 body 2 pos 1,1 stuck 52
RC POS 54 id 8 seat 2 role expand fs 0 body 1 pos 2,8 stuck 1
RC POS 54 id 10 seat 3 role expand fs 0 body 1 pos 7,3 stuck 0
RC POS 54 id 13 seat 4 role defend fs 0 body 1 pos 1,8 stuck 1
RC ECO 55 harvstore 3 harvseen -1 ti 7 units 7 scale 250.0
RC POS 55 id 4 seat 0 role raid fs 1 body 1 pos 1,5 stuck 0
RC POS 55 id 6 seat 1 role raid fs 1 body 2 pos 1,1 stuck 54
RC POS 55 id 8 seat 2 role expand fs 0 body 1 pos 2,8 stuck 2
RC POS 55 id 10 seat 3 role expand fs 0 body 1 pos 7,3 stuck 1
RC POS 55 id 13 seat 4 role defend fs 0 body 1 pos 1,9 stuck 0
RC ECO 56 harvstore 3 harvseen -1 ti 37 units 7 scale 250.0
RC POS 56 id 4 seat 0 role raid fs 1 body 1 pos 1,6 stuck 0
RC POS 56 id 6 seat 1 role raid fs 1 body 2 pos 1,1 stuck 56
RC POS 56 id 8 seat 2 role expand fs 0 body 1 pos 1,8 stuck 0
RC POS 56 id 10 seat 3 role expand fs 0 body 1 pos 6,3 stuck 0
RC POS 56 id 13 seat 4 role defend fs 0 body 1 pos 1,9 stuck 2
RC ECO 57 harvstore 3 harvseen -1 ti 30 units 7 scale 250.0
RC POS 57 id 4 seat 0 role raid fs 1 body 1 pos 1,5 stuck 0
RC POS 57 id 6 seat 1 role raid fs 1 body 2 pos 1,1 stuck 58
RC POS 57 id 8 seat 2 role expand fs 0 body 1 pos 2,8 stuck 0
RC POS 57 id 10 seat 3 role expand fs 0 body 1 pos 6,3 stuck 1
RC POS 57 id 13 seat 4 role defend fs 0 body 1 pos 1,8 stuck 0
RC ECO 58 harvstore 3 harvseen -1 ti 30 units 7 scale 250.0
RC POS 58 id 4 seat 0 role raid fs 1 body 1 pos 1,6 stuck 0
RC POS 58 id 6 seat 1 role raid fs 1 body 2 pos 1,1 stuck 60
RC POS 58 id 8 seat 2 role expand fs 0 body 1 pos 2,8 stuck 1
RC POS 58 id 10 seat 3 role expand fs 0 body 1 pos 6,4 stuck 0
RC POS 58 id 13 seat 4 role defend fs 0 body 1 pos 1,8 stuck 1
RC ECO 59 harvstore 3 harvseen -1 ti 23 units 7 scale 251.0
RC POS 59 id 4 seat 0 role raid fs 1 body 1 pos 2,6 stuck 0
RC POS 59 id 6 seat 1 role raid fs 1 body 2 pos 1,1 stuck 62
RC POS 59 id 8 seat 2 role expand fs 0 body 1 pos 2,8 stuck 2
RC POS 59 id 10 seat 3 role expand fs 0 body 1 pos 6,4 stuck 1
RC POS 59 id 13 seat 4 role defend fs 0 body 1 pos 1,9 stuck 0
RC ECO 60 harvstore 3 harvseen -1 ti 53 units 7 scale 251.0
RC POS 60 id 4 seat 0 role raid fs 1 body 1 pos 3,6 stuck 0
RC POS 60 id 6 seat 1 role raid fs 1 body 2 pos 1,1 stuck 64
RC POS 60 id 8 seat 2 role expand fs 0 body 1 pos 1,8 stuck 0
RC POS 60 id 10 seat 3 role expand fs 0 body 1 pos 6,5 stuck 0
RC POS 60 id 13 seat 4 role defend fs 0 body 1 pos 1,9 stuck 2
RC POS 61 id 4 seat 0 role raid fs 1 body 1 pos 3,5 stuck 0
RC POS 61 id 6 seat 1 role raid fs 1 body 2 pos 1,1 stuck 66
RC POS 61 id 8 seat 2 role expand fs 0 body 1 pos 2,8 stuck 0
RC POS 61 id 10 seat 3 role expand fs 0 body 1 pos 6,5 stuck 1
RC POS 61 id 13 seat 4 role defend fs 0 body 1 pos 1,8 stuck 0
RC POS 62 id 4 seat 0 role raid fs 1 body 1 pos 3,5 stuck 1
RC POS 62 id 6 seat 1 role raid fs 1 body 2 pos 1,1 stuck 68
RC POS 62 id 8 seat 2 role expand fs 0 body 1 pos 2,8 stuck 1
RC POS 62 id 10 seat 3 role expand fs 0 body 1 pos 5,5 stuck 0
RC POS 62 id 13 seat 4 role defend fs 0 body 1 pos 1,8 stuck 1
RC POS 63 id 4 seat 0 role raid fs 1 body 1 pos 4,5 stuck 0
RC POS 63 id 6 seat 1 role raid fs 1 body 2 pos 1,1 stuck 70
RC POS 63 id 8 seat 2 role expand fs 0 body 1 pos 2,8 stuck 2
RC POS 63 id 10 seat 3 role raid fs 0 body 1 pos 5,5 stuck 1
RC POS 63 id 13 seat 4 role defend fs 0 body 1 pos 1,9 stuck 0
RC POS 64 id 4 seat 0 role raid fs 1 body 1 pos 4,4 stuck 0
RC POS 64 id 6 seat 1 role raid fs 1 body 2 pos 1,1 stuck 72
RC POS 64 id 8 seat 2 role expand fs 0 body 1 pos 1,8 stuck 0
RC POS 64 id 10 seat 3 role raid fs 0 body 1 pos 5,4 stuck 0
RC POS 64 id 13 seat 4 role defend fs 0 body 1 pos 1,9 stuck 2
RC POS 65 id 4 seat 0 role raid fs 1 body 1 pos 4,4 stuck 1
RC POS 65 id 6 seat 1 role raid fs 1 body 2 pos 1,1 stuck 74
RC POS 65 id 8 seat 2 role expand fs 0 body 1 pos 2,8 stuck 0
RC POS 65 id 10 seat 3 role raid fs 0 body 1 pos 5,4 stuck 1
RC POS 65 id 13 seat 4 role defend fs 0 body 1 pos 1,9 stuck 4
RC POS 66 id 4 seat 0 role raid fs 1 body 1 pos 4,5 stuck 0
RC POS 66 id 6 seat 1 role raid fs 1 body 2 pos 1,1 stuck 76
RC POS 66 id 8 seat 2 role expand fs 0 body 1 pos 3,8 stuck 0
RC POS 66 id 10 seat 3 role raid fs 0 body 1 pos 4,4 stuck 0
RC POS 66 id 13 seat 4 role defend fs 0 body 1 pos 1,9 stuck 6
RC POS 67 id 4 seat 0 role raid fs 1 body 1 pos 3,5 stuck 0
RC POS 67 id 6 seat 1 role raid fs 1 body 2 pos 1,1 stuck 78
RC POS 67 id 8 seat 2 role expand fs 0 body 1 pos 4,8 stuck 0
RC POS 67 id 10 seat 3 role raid fs 0 body 1 pos 4,4 stuck 1
RC POS 67 id 13 seat 4 role defend fs 0 body 1 pos 1,9 stuck 8
RC POS 68 id 4 seat 0 role raid fs 1 body 1 pos 3,6 stuck 0
RC POS 68 id 6 seat 1 role raid fs 1 body 2 pos 1,1 stuck 80
RC POS 68 id 8 seat 2 role expand fs 0 body 1 pos 5,8 stuck 0
RC POS 68 id 10 seat 3 role raid fs 0 body 1 pos 4,4 stuck 2
RC POS 68 id 13 seat 4 role defend fs 0 body 1 pos 1,9 stuck 10
RC POS 69 id 4 seat 0 role raid fs 1 body 1 pos 3,5 stuck 0
RC POS 69 id 6 seat 1 role raid fs 1 body 2 pos 1,1 stuck 82
RC POS 69 id 8 seat 2 role expand fs 0 body 1 pos 6,8 stuck 0
RC POS 69 id 10 seat 3 role raid fs 0 body 1 pos 4,4 stuck 3
RC POS 69 id 13 seat 4 role defend fs 0 body 1 pos 1,9 stuck 12
RC POS 70 id 4 seat 0 role raid fs 1 body 1 pos 3,6 stuck 0
RC POS 70 id 6 seat 1 role raid fs 1 body 2 pos 1,1 stuck 84
RC POS 70 id 8 seat 2 role expand fs 0 body 1 pos 7,8 stuck 0
RC POS 70 id 10 seat 3 role raid fs 0 body 1 pos 4,4 stuck 4
RC POS 70 id 13 seat 4 role defend fs 0 body 1 pos 1,9 stuck 14
RC POS 71 id 4 seat 0 role raid fs 1 body 1 pos 3,5 stuck 0
RC POS 71 id 6 seat 1 role raid fs 1 body 2 pos 1,1 stuck 86
RC POS 71 id 8 seat 2 role expand fs 0 body 1 pos 8,8 stuck 0
RC POS 71 id 10 seat 3 role raid fs 0 body 1 pos 4,4 stuck 5
RC POS 71 id 13 seat 4 role defend fs 0 body 1 pos 1,9 stuck 16
RC POS 72 id 4 seat 0 role raid fs 1 body 1 pos 3,6 stuck 0
RC POS 72 id 6 seat 1 role raid fs 1 body 2 pos 1,1 stuck 88
RC POS 72 id 8 seat 2 role expand fs 0 body 1 pos 9,8 stuck 0
RC POS 72 id 10 seat 3 role raid fs 0 body 1 pos 4,4 stuck 6
RC POS 72 id 13 seat 4 role defend fs 0 body 1 pos 1,9 stuck 18
RC POS 73 id 4 seat 0 role raid fs 1 body 1 pos 3,6 stuck 1
RC POS 73 id 6 seat 1 role raid fs 1 body 2 pos 1,1 stuck 90
RC POS 73 id 8 seat 2 role expand fs 0 body 1 pos 9,9 stuck 0
RC POS 73 id 10 seat 3 role raid fs 0 body 1 pos 4,4 stuck 7
RC POS 73 id 13 seat 4 role defend fs 0 body 1 pos 1,9 stuck 20
RC POS 74 id 4 seat 0 role raid fs 1 body 1 pos 4,6 stuck 0
RC POS 74 id 6 seat 1 role raid fs 1 body 2 pos 1,1 stuck 92
RC POS 74 id 8 seat 2 role expand fs 0 body 1 pos 9,8 stuck 0
RC POS 74 id 10 seat 3 role raid fs 0 body 1 pos 4,4 stuck 8
RC POS 74 id 13 seat 4 role defend fs 0 body 1 pos 1,9 stuck 22
RC ECO 75 harvstore 4 harvseen -1 ti 46 units 8 scale 270.0
RC POS 75 id 4 seat 0 role raid fs 1 body 1 pos 4,5 stuck 0
RC POS 75 id 6 seat 1 role raid fs 1 body 2 pos 1,1 stuck 94
RC POS 75 id 8 seat 2 role expand fs 0 body 1 pos 8,8 stuck 0
RC POS 75 id 10 seat 3 role raid fs 0 body 1 pos 4,4 stuck 9
RC POS 75 id 13 seat 4 role defend fs 0 body 1 pos 1,9 stuck 24
RC POS 76 id 4 seat 0 role raid fs 1 body 1 pos 4,6 stuck 0
RC POS 76 id 6 seat 1 role raid fs 1 body 2 pos 1,1 stuck 96
RC POS 76 id 8 seat 2 role expand fs 0 body 1 pos 7,8 stuck 0
RC POS 76 id 10 seat 3 role raid fs 0 body 1 pos 4,4 stuck 10
RC POS 76 id 13 seat 4 role defend fs 0 body 1 pos 1,9 stuck 26
RC POS 77 id 4 seat 0 role raid fs 1 body 1 pos 4,5 stuck 0
RC POS 77 id 6 seat 1 role raid fs 1 body 2 pos 1,1 stuck 98
RC POS 77 id 8 seat 2 role expand fs 0 body 1 pos 6,8 stuck 0
RC POS 77 id 10 seat 3 role raid fs 0 body 1 pos 4,4 stuck 11
RC POS 77 id 13 seat 4 role defend fs 0 body 1 pos 1,9 stuck 28
RC POS 78 id 4 seat 0 role raid fs 1 body 1 pos 5,5 stuck 0
RC POS 78 id 6 seat 1 role raid fs 1 body 2 pos 1,1 stuck 100
RC POS 78 id 8 seat 2 role expand fs 0 body 1 pos 5,8 stuck 0
RC POS 78 id 10 seat 3 role raid fs 0 body 1 pos 4,4 stuck 12
RC POS 78 id 13 seat 4 role defend fs 0 body 1 pos 1,9 stuck 30
RC POS 79 id 4 seat 0 role raid fs 1 body 1 pos 5,4 stuck 0
RC POS 79 id 6 seat 1 role raid fs 1 body 2 pos 1,1 stuck 102
RC POS 79 id 8 seat 2 role expand fs 0 body 1 pos 4,8 stuck 0
RC POS 79 id 10 seat 3 role raid fs 0 body 1 pos 4,4 stuck 1
RC POS 79 id 13 seat 4 role defend fs 0 body 1 pos 1,9 stuck 32
RC POS 80 id 4 seat 0 role raid fs 1 body 1 pos 5,3 stuck 0
RC POS 80 id 6 seat 1 role raid fs 1 body 2 pos 1,1 stuck 104
RC POS 80 id 8 seat 2 role expand fs 0 body 1 pos 4,7 stuck 0
RC POS 80 id 10 seat 3 role raid fs 0 body 1 pos 4,4 stuck 1
RC POS 80 id 13 seat 4 role defend fs 0 body 1 pos 1,9 stuck 34
RC POS 81 id 4 seat 0 role raid fs 1 body 1 pos 5,2 stuck 0
RC POS 81 id 6 seat 1 role raid fs 1 body 2 pos 1,1 stuck 106
RC POS 81 id 8 seat 2 role expand fs 0 body 1 pos 5,7 stuck 0
RC POS 81 id 10 seat 3 role raid fs 0 body 1 pos 4,4 stuck 1
RC POS 81 id 13 seat 4 role defend fs 0 body 1 pos 1,9 stuck 36
RC POS 82 id 4 seat 0 role raid fs 1 body 1 pos 5,3 stuck 0
RC POS 82 id 6 seat 1 role raid fs 1 body 2 pos 1,1 stuck 108
RC POS 82 id 8 seat 2 role expand fs 0 body 1 pos 5,8 stuck 0
RC POS 82 id 10 seat 3 role raid fs 0 body 1 pos 4,4 stuck 1
RC POS 82 id 13 seat 4 role defend fs 0 body 1 pos 1,9 stuck 38
RC POS 83 id 4 seat 0 role raid fs 1 body 1 pos 5,2 stuck 0
RC POS 83 id 6 seat 1 role raid fs 1 body 2 pos 1,1 stuck 110
RC POS 83 id 8 seat 2 role expand fs 0 body 1 pos 6,8 stuck 0
RC POS 83 id 10 seat 3 role raid fs 0 body 1 pos 4,4 stuck 1
RC POS 83 id 13 seat 4 role defend fs 0 body 1 pos 1,9 stuck 40
RC POS 84 id 4 seat 0 role raid fs 1 body 1 pos 5,3 stuck 0
RC POS 84 id 6 seat 1 role raid fs 1 body 2 pos 1,1 stuck 112
RC POS 84 id 8 seat 2 role expand fs 0 body 1 pos 7,8 stuck 0
RC POS 84 id 10 seat 3 role raid fs 0 body 1 pos 4,4 stuck 1
RC POS 84 id 13 seat 4 role defend fs 0 body 1 pos 1,9 stuck 42
RC POS 85 id 6 seat 1 role raid fs 1 body 2 pos 1,1 stuck 114
RC POS 85 id 8 seat 2 role expand fs 0 body 1 pos 8,8 stuck 0
RC POS 85 id 10 seat 3 role raid fs 0 body 1 pos 4,4 stuck 1
RC POS 85 id 13 seat 4 role defend fs 0 body 1 pos 1,9 stuck 44
RC POS 86 id 6 seat 1 role raid fs 1 body 2 pos 1,1 stuck 116
RC POS 86 id 8 seat 2 role expand fs 0 body 1 pos 8,8 stuck 1
RC POS 86 id 10 seat 3 role raid fs 0 body 1 pos 4,4 stuck 1
RC POS 86 id 13 seat 4 role defend fs 0 body 1 pos 1,9 stuck 46
RC POS 87 id 6 seat 1 role raid fs 1 body 2 pos 1,1 stuck 118
RC POS 87 id 8 seat 2 role expand fs 0 body 1 pos 8,8 stuck 2
RC POS 87 id 10 seat 3 role raid fs 0 body 1 pos 4,4 stuck 1
RC POS 87 id 13 seat 4 role defend fs 0 body 1 pos 1,9 stuck 48
RC POS 88 id 6 seat 1 role raid fs 1 body 2 pos 1,1 stuck 120
RC POS 88 id 8 seat 2 role expand fs 0 body 1 pos 8,8 stuck 3
RC POS 88 id 10 seat 3 role raid fs 0 body 1 pos 4,4 stuck 1
RC POS 88 id 13 seat 4 role defend fs 0 body 1 pos 1,9 stuck 50
RC POS 89 id 6 seat 1 role raid fs 1 body 2 pos 1,1 stuck 122
RC POS 89 id 8 seat 2 role expand fs 0 body 1 pos 8,8 stuck 4
RC POS 89 id 10 seat 3 role raid fs 0 body 1 pos 4,4 stuck 2
RC POS 89 id 13 seat 4 role defend fs 0 body 1 pos 1,9 stuck 52
RC POS 90 id 6 seat 1 role raid fs 1 body 2 pos 1,1 stuck 124
RC POS 90 id 8 seat 2 role expand fs 0 body 1 pos 8,8 stuck 5
RC POS 90 id 10 seat 3 role raid fs 0 body 1 pos 4,4 stuck 3
RC POS 90 id 13 seat 4 role defend fs 0 body 1 pos 1,9 stuck 54
RC POS 91 id 6 seat 1 role raid fs 1 body 2 pos 1,1 stuck 126
RC POS 91 id 8 seat 2 role expand fs 0 body 1 pos 7,8 stuck 0
RC POS 91 id 10 seat 3 role raid fs 0 body 1 pos 4,4 stuck 4
RC POS 91 id 13 seat 4 role defend fs 0 body 1 pos 1,9 stuck 56
RC POS 92 id 6 seat 1 role raid fs 1 body 2 pos 1,1 stuck 128
RC POS 92 id 8 seat 2 role expand fs 0 body 1 pos 6,8 stuck 0
RC POS 92 id 10 seat 3 role raid fs 0 body 1 pos 4,4 stuck 5
RC POS 92 id 13 seat 4 role defend fs 0 body 1 pos 1,9 stuck 58
RC POS 93 id 6 seat 1 role raid fs 1 body 2 pos 1,1 stuck 130
RC POS 93 id 8 seat 2 role expand fs 0 body 1 pos 5,8 stuck 0
RC POS 93 id 10 seat 3 role raid fs 0 body 1 pos 4,4 stuck 6
RC POS 93 id 13 seat 4 role defend fs 0 body 1 pos 1,9 stuck 60
RC POS 94 id 6 seat 1 role raid fs 1 body 2 pos 1,1 stuck 132
RC POS 94 id 8 seat 2 role expand fs 0 body 1 pos 4,8 stuck 0
RC POS 94 id 10 seat 3 role raid fs 0 body 1 pos 4,4 stuck 7
RC POS 94 id 13 seat 4 role defend fs 0 body 1 pos 1,9 stuck 62
RC POS 95 id 6 seat 1 role raid fs 1 body 2 pos 1,1 stuck 134
RC POS 95 id 8 seat 2 role expand fs 0 body 1 pos 4,9 stuck 0
RC POS 95 id 10 seat 3 role raid fs 0 body 1 pos 4,4 stuck 8
RC POS 95 id 13 seat 4 role defend fs 0 body 1 pos 1,9 stuck 64
RC POS 96 id 6 seat 1 role raid fs 1 body 2 pos 1,1 stuck 136
RC POS 96 id 8 seat 2 role expand fs 0 body 1 pos 4,9 stuck 1
RC POS 96 id 10 seat 3 role raid fs 0 body 1 pos 4,4 stuck 9
RC POS 96 id 13 seat 4 role defend fs 0 body 1 pos 1,9 stuck 66
RC POS 97 id 6 seat 1 role raid fs 1 body 2 pos 1,1 stuck 138
RC POS 97 id 8 seat 2 role expand fs 0 body 1 pos 4,9 stuck 2
RC POS 97 id 10 seat 3 role raid fs 0 body 1 pos 4,4 stuck 10
RC POS 97 id 13 seat 4 role defend fs 0 body 1 pos 1,9 stuck 68
RC POS 98 id 6 seat 1 role raid fs 1 body 2 pos 1,1 stuck 140
RC POS 98 id 8 seat 2 role expand fs 0 body 1 pos 4,9 stuck 3
RC POS 98 id 10 seat 3 role raid fs 0 body 1 pos 4,4 stuck 11
RC POS 98 id 13 seat 4 role defend fs 0 body 1 pos 1,9 stuck 70
RC POS 99 id 6 seat 1 role raid fs 1 body 2 pos 1,1 stuck 142
RC POS 99 id 8 seat 2 role expand fs 0 body 1 pos 4,9 stuck 4
RC POS 99 id 10 seat 3 role raid fs 0 body 1 pos 4,4 stuck 12
RC POS 99 id 13 seat 4 role defend fs 0 body 1 pos 1,9 stuck 72
RC ECO 100 harvstore 4 harvseen -1 ti 121 units 8 scale 270.0
RC POS 100 id 6 seat 1 role raid fs 1 body 2 pos 1,1 stuck 144
RC POS 100 id 8 seat 2 role expand fs 0 body 1 pos 4,9 stuck 5
RC POS 100 id 10 seat 3 role raid fs 0 body 1 pos 4,4 stuck 13
RC POS 100 id 13 seat 4 role defend fs 0 body 1 pos 1,9 stuck 74
RC POS 101 id 6 seat 1 role raid fs 1 body 2 pos 1,1 stuck 146
RC POS 101 id 8 seat 2 role expand fs 0 body 1 pos 4,8 stuck 0
RC POS 101 id 10 seat 3 role raid fs 0 body 1 pos 4,4 stuck 14
RC POS 101 id 13 seat 4 role defend fs 0 body 1 pos 1,9 stuck 76
RC POS 102 id 6 seat 1 role raid fs 1 body 2 pos 1,1 stuck 148
RC POS 102 id 8 seat 2 role expand fs 0 body 1 pos 3,8 stuck 0
RC POS 102 id 10 seat 3 role raid fs 0 body 1 pos 4,4 stuck 15
RC POS 102 id 13 seat 4 role defend fs 0 body 1 pos 1,9 stuck 78
RC POS 103 id 6 seat 1 role raid fs 1 body 2 pos 1,1 stuck 150
RC POS 103 id 8 seat 2 role expand fs 0 body 1 pos 2,8 stuck 0
RC POS 103 id 10 seat 3 role raid fs 0 body 1 pos 4,4 stuck 16
RC POS 103 id 13 seat 4 role defend fs 0 body 1 pos 1,9 stuck 80
RC POS 104 id 6 seat 1 role raid fs 1 body 2 pos 1,1 stuck 152
RC POS 104 id 8 seat 2 role expand fs 0 body 1 pos 3,8 stuck 0
RC POS 104 id 10 seat 3 role raid fs 0 body 1 pos 4,4 stuck 17
RC POS 104 id 13 seat 4 role defend fs 0 body 1 pos 1,9 stuck 82
RC POS 105 id 6 seat 1 role raid fs 1 body 2 pos 1,1 stuck 154
RC POS 105 id 8 seat 2 role expand fs 0 body 1 pos 2,8 stuck 0
RC POS 105 id 10 seat 3 role raid fs 0 body 1 pos 4,4 stuck 18
RC POS 105 id 13 seat 4 role defend fs 0 body 1 pos 1,9 stuck 84
RC POS 106 id 6 seat 1 role raid fs 1 body 2 pos 1,1 stuck 156
RC POS 106 id 8 seat 2 role expand fs 0 body 1 pos 3,8 stuck 0
RC POS 106 id 10 seat 3 role raid fs 0 body 1 pos 4,4 stuck 19
RC POS 106 id 13 seat 4 role defend fs 0 body 1 pos 1,9 stuck 86
RC POS 107 id 6 seat 1 role raid fs 1 body 2 pos 1,1 stuck 158
RC POS 107 id 8 seat 2 role expand fs 0 body 1 pos 2,8 stuck 0
RC POS 107 id 10 seat 3 role raid fs 0 body 1 pos 4,4 stuck 1
RC POS 107 id 13 seat 4 role defend fs 0 body 1 pos 1,9 stuck 88
RC POS 108 id 6 seat 1 role raid fs 1 body 2 pos 1,1 stuck 160
RC POS 108 id 8 seat 2 role expand fs 0 body 1 pos 3,8 stuck 0
RC POS 108 id 10 seat 3 role raid fs 0 body 1 pos 4,4 stuck 1
RC POS 108 id 13 seat 4 role defend fs 0 body 1 pos 1,9 stuck 90
RC POS 109 id 6 seat 1 role raid fs 1 body 2 pos 1,1 stuck 162
RC POS 109 id 8 seat 2 role expand fs 0 body 1 pos 2,8 stuck 0
RC POS 109 id 10 seat 3 role raid fs 0 body 1 pos 4,4 stuck 1
RC POS 109 id 13 seat 4 role defend fs 0 body 1 pos 1,9 stuck 92
RC POS 110 id 6 seat 1 role raid fs 1 body 2 pos 1,1 stuck 164
RC POS 110 id 8 seat 2 role expand fs 0 body 1 pos 3,8 stuck 0
RC POS 110 id 10 seat 3 role raid fs 0 body 1 pos 4,4 stuck 2
RC POS 110 id 13 seat 4 role defend fs 0 body 1 pos 1,9 stuck 94
RC POS 111 id 6 seat 1 role raid fs 1 body 2 pos 1,1 stuck 166
RC POS 111 id 8 seat 2 role expand fs 0 body 1 pos 2,8 stuck 0
RC POS 111 id 10 seat 3 role raid fs 0 body 1 pos 4,4 stuck 3
RC POS 111 id 13 seat 4 role defend fs 0 body 1 pos 1,9 stuck 96
RC POS 112 id 6 seat 1 role raid fs 1 body 2 pos 1,1 stuck 168
RC POS 112 id 8 seat 2 role expand fs 0 body 1 pos 3,8 stuck 0
RC POS 112 id 10 seat 3 role raid fs 0 body 1 pos 4,4 stuck 4
RC POS 112 id 13 seat 4 role defend fs 0 body 1 pos 1,9 stuck 98
RC POS 113 id 6 seat 1 role raid fs 1 body 2 pos 1,1 stuck 170
RC POS 113 id 8 seat 2 role expand fs 0 body 1 pos 2,8 stuck 0
RC POS 113 id 10 seat 3 role raid fs 0 body 1 pos 4,4 stuck 5
RC POS 113 id 13 seat 4 role defend fs 0 body 1 pos 1,9 stuck 100
RC POS 114 id 6 seat 1 role raid fs 1 body 2 pos 1,1 stuck 172
RC POS 114 id 8 seat 2 role expand fs 0 body 1 pos 3,8 stuck 0
RC POS 114 id 10 seat 3 role raid fs 0 body 1 pos 4,4 stuck 6
RC POS 114 id 13 seat 4 role defend fs 0 body 1 pos 1,9 stuck 102
RC POS 115 id 6 seat 1 role raid fs 1 body 2 pos 1,1 stuck 174
RC POS 115 id 8 seat 2 role expand fs 0 body 1 pos 2,8 stuck 0
RC POS 115 id 10 seat 3 role raid fs 0 body 1 pos 4,4 stuck 7
RC POS 115 id 13 seat 4 role defend fs 0 body 1 pos 1,9 stuck 104
RC POS 116 id 6 seat 1 role raid fs 1 body 2 pos 1,1 stuck 176
RC POS 116 id 8 seat 2 role expand fs 0 body 1 pos 3,8 stuck 0
RC POS 116 id 10 seat 3 role raid fs 0 body 1 pos 4,4 stuck 8
RC POS 116 id 13 seat 4 role defend fs 0 body 1 pos 1,9 stuck 106
RC POS 117 id 6 seat 1 role raid fs 1 body 2 pos 1,1 stuck 178
RC POS 117 id 8 seat 2 role expand fs 0 body 1 pos 2,8 stuck 0
RC POS 117 id 10 seat 3 role raid fs 0 body 1 pos 4,4 stuck 9
RC POS 117 id 13 seat 4 role defend fs 0 body 1 pos 1,9 stuck 108
RC POS 118 id 6 seat 1 role raid fs 1 body 2 pos 1,1 stuck 180
RC POS 118 id 8 seat 2 role expand fs 0 body 1 pos 3,8 stuck 0
RC POS 118 id 10 seat 3 role raid fs 0 body 1 pos 4,4 stuck 10
RC POS 118 id 13 seat 4 role defend fs 0 body 1 pos 1,9 stuck 110
RC POS 119 id 6 seat 1 role raid fs 1 body 2 pos 1,1 stuck 182
RC POS 119 id 8 seat 2 role expand fs 0 body 1 pos 2,8 stuck 0
RC POS 119 id 10 seat 3 role raid fs 0 body 1 pos 4,4 stuck 11
RC POS 119 id 13 seat 4 role defend fs 0 body 1 pos 1,9 stuck 112
RC POS 120 id 6 seat 1 role raid fs 1 body 2 pos 1,1 stuck 184
RC POS 120 id 8 seat 2 role expand fs 0 body 1 pos 3,8 stuck 0
RC POS 120 id 10 seat 3 role raid fs 0 body 1 pos 4,4 stuck 12
RC POS 120 id 13 seat 4 role defend fs 0 body 1 pos 1,9 stuck 114
RC POS 121 id 6 seat 1 role raid fs 1 body 2 pos 1,1 stuck 186
RC POS 121 id 8 seat 2 role expand fs 0 body 1 pos 2,8 stuck 0
RC POS 121 id 10 seat 3 role raid fs 0 body 1 pos 4,4 stuck 13
RC POS 121 id 13 seat 4 role defend fs 0 body 1 pos 1,9 stuck 116
RC POS 122 id 6 seat 1 role raid fs 1 body 2 pos 1,1 stuck 188
RC POS 122 id 8 seat 2 role expand fs 0 body 1 pos 3,8 stuck 0
RC POS 122 id 10 seat 3 role raid fs 0 body 1 pos 4,4 stuck 14
RC POS 122 id 13 seat 4 role defend fs 0 body 1 pos 1,9 stuck 118
RC POS 123 id 6 seat 1 role raid fs 1 body 2 pos 1,1 stuck 190
RC POS 123 id 8 seat 2 role expand fs 0 body 1 pos 2,8 stuck 0
RC POS 123 id 10 seat 3 role raid fs 0 body 1 pos 4,4 stuck 15
RC POS 123 id 13 seat 4 role defend fs 0 body 1 pos 1,9 stuck 120
