atoll_s61_A	atoll	61	A	OPP	_v488beltbreak2	Core destroyed	268	0	320	1300
atoll_s61_B	atoll	61	B	OPP	_v488beltbreak2	Core destroyed	380	0	1870	2630
atoll_s62_A	atoll	62	A	US	mGATE	Titanium collected (tiebreak)	1000	0	530	160
atoll_s62_B	atoll	62	B	OPP	_v488beltbreak2	Core destroyed	218	0	800	1040
atoll_s63_A	atoll	63	A	US	mGATE	Core destroyed	505	0	290	300
atoll_s63_B	atoll	63	B	US	mGATE	Core destroyed	213	0	1570	980
drakkarfjord_s61_A	drakkarfjord	61	A	US	mGATE	Titanium collected (tiebreak)	1000	0	8600	2280
drakkarfjord_s61_B	drakkarfjord	61	B	US	mGATE	Core destroyed	100	0	280	0
drakkarfjord_s62_A	drakkarfjord	62	A	US	mGATE	Core destroyed	279	0	1730	0
drakkarfjord_s62_B	drakkarfjord	62	B	US	mGATE	Titanium collected (tiebreak)	1000	0	500	0
drakkarfjord_s63_A	drakkarfjord	63	A	US	mGATE	Core destroyed	219	0	1510	80
drakkarfjord_s63_B	drakkarfjord	63	B	US	mGATE	Core destroyed	101	0	280	0
glacierkeep_s61_A	glacierkeep	61	A	US	mGATE	Core destroyed	133	0	540	0
glacierkeep_s61_B	glacierkeep	61	B	US	mGATE	Harvesters (tiebreak)	1000	0	0	0
glacierkeep_s62_A	glacierkeep	62	A	US	mGATE	Core destroyed	123	0	250	0
glacierkeep_s62_B	glacierkeep	62	B	US	mGATE	Titanium collected (tiebreak)	1000	0	320	0
glacierkeep_s63_A	glacierkeep	63	A	US	mGATE	Core destroyed	123	0	260	0
glacierkeep_s63_B	glacierkeep	63	B	OPP	_v488beltbreak2	Harvesters (tiebreak)	1000	0	0	0
midgard_s61_A	midgard	61	A	US	mGATE	Core destroyed	180	0	960	700
midgard_s61_B	midgard	61	B	US	mGATE	Titanium collected (tiebreak)	1000	0	650	430
midgard_s62_A	midgard	62	A	US	mGATE	Core destroyed	288	0	2680	820
midgard_s62_B	midgard	62	B	US	mGATE	Core destroyed	156	0	1130	630
midgard_s63_A	midgard	63	A	OPP	_v488beltbreak2	Core destroyed	189	0	770	1410
midgard_s63_B	midgard	63	B	US	mGATE	Core destroyed	365	0	690	710
nordkap_s61_A	nordkap	61	A	US	mGATE	Core destroyed	140	0	500	70
nordkap_s61_B	nordkap	61	B	OPP	_v488beltbreak2	Titanium collected (tiebreak)	1000	0	120	130
nordkap_s62_A	nordkap	62	A	US	mGATE	Core destroyed	149	0	440	70
nordkap_s62_B	nordkap	62	B	US	mGATE	Core destroyed	386	0	2880	120
nordkap_s63_A	nordkap	63	A	US	mGATE	Core destroyed	104	0	240	0
nordkap_s63_B	nordkap	63	B	US	mGATE	Core destroyed	525	0	1020	1380
yulerune_s61_A	yulerune	61	A	OPP	_v488beltbreak2	Titanium collected (tiebreak)	1000	0	290	480
yulerune_s61_B	yulerune	61	B	OPP	_v488beltbreak2	Core destroyed	207	0	290	680
yulerune_s62_A	yulerune	62	A	OPP	_v488beltbreak2	Core destroyed	680	0	290	450
yulerune_s62_B	yulerune	62	B	OPP	_v488beltbreak2	Core destroyed	220	0	240	730
yulerune_s63_A	yulerune	63	A	US	mGATE	Core destroyed	142	0	910	280
yulerune_s63_B	yulerune	63	B	US	mGATE	Core destroyed	244	0	1250	720
