Running match: parent vs _v488beltbreak2
  Map: atoll.map26  Seed: 55  Replay: 
scratchpad/s51_v520_build/grid/b19/repparent/atoll_s55_A.replay26  TLE: 10ms
Completed turn 0
Completed turn 100
Completed turn 200
Completed turn 300
Completed turn 400
Completed turn 500
Completed turn 600
Completed turn 700
Completed turn 800
Completed turn 900
Replay written to 
scratchpad/s51_v520_build/grid/b19/repparent/atoll_s55_A.replay26

  Winner: _v488beltbreak2  (Titanium collected (tiebreak), turn 1000)

                         parent     _v488beltbreak2  
  Titanium     106 (3720 mined)    156 (5550 mined)  
  Units                      14                  20  
  Buildings                   8                  24  

