
H2H  _v143cap6  vs  _v130loki13
  games 1024   (both seats always played)
  WINS  519 = 50%
  core kills FOR 499   AGAINST 484   r1000 (a DEFEAT either way) 40
  seat A (treatment first)  279/512     seat B (treatment second)  240/512
  per map: antler 60/128  atoll 67/128  drumlin 67/128  fjordgate 65/128  heart 59/128  hive 73/128  meander 66/128  nordkap 62/128  

  informative band at n=1024: <=480 or >=543 wins  (47%-53% is noise)
  VERDICT: NO-INFORMATION back to the pool, NOT demoted

  ⭐⭐⭐ WIN RATE / GAME SHARE — THE VERDICT (Magnus, 2026-08-11: "Win rate decides")
      _v143cap6        519/1024 = 50.7%   vs the measured 50.0% null
      The ladder pays delta = 32 x (S - E), S = games won / 5. This IS the objective.

  --- decomposition, for MECHANISM reading only ---
      P(core-kill win)   _v143cap6       48.0%  (499/1024)
                         _v130loki13     47.0%  (484/1024)
      kill round | kill  _v143cap6      median 202   n=499
                         _v130loki13    median 203   n=484
      tiebreak wins      _v143cap6      20        _v130loki13    21   (both score -10 BY DESIGN,
                         and they are completely different states — 48.8% of live-era games sit here)

  KILL-SPEED SCORE (SECONDARY since 2026-08-11 — PROGRAMME.md: win rate is NOT the verdict)
      _v143cap6  mean -3.06 /game        _v130loki13  mean -3.27 /game
      (tools/score.py buckets; a tiebreak win and a loss both score -10)


  --- secondary, and NOT the verdict ---
  KILL ROUND (continuous, far more power than the win count):
    when _v143cap6 wins:  n=519  median 206
    when _v130loki13 wins:  n=505  median 212
H2H_RESULT: _v143cap6 519/1024 NO-INFORMATION back to the pool, NOT demoted
