
H2H  _v145bestfit  vs  _v130loki13
  games 1024   (both seats always played)
  WINS  524 = 51%
  core kills FOR 503   AGAINST 488   r1000 (a DEFEAT either way) 31
  seat A (treatment first)  291/512     seat B (treatment second)  233/512
  per map: antler 66/128  atoll 58/128  drumlin 60/128  fjordgate 60/128  heart 69/128  hive 71/128  meander 71/128  nordkap 69/128  

  informative band at n=1024: <=480 or >=543 wins  (47%-53% is noise)
  VERDICT: NO-INFORMATION back to the pool, NOT demoted

  ⭐⭐⭐ WIN RATE / GAME SHARE — THE VERDICT (Magnus, 2026-08-11: "Win rate decides")
      _v145bestfit     524/1024 = 51.2%   vs the measured 50.0% null
      The ladder pays delta = 32 x (S - E), S = games won / 5. This IS the objective.

  --- decomposition, for MECHANISM reading only ---
      P(core-kill win)   _v145bestfit    49.0%  (503/1024)
                         _v130loki13     47.0%  (488/1024)
      kill round | kill  _v145bestfit   median 201   n=503
                         _v130loki13    median 201   n=488
      tiebreak wins      _v145bestfit   21        _v130loki13    12   (both score -10 BY DESIGN,
                         and they are completely different states — 48.8% of live-era games sit here)

  ⚠⚠ P(kill) UP but speed-given-kill DOWN -- the two halves disagree
     Read the two halves TOGETHER. Neither alone is the result.

  KILL-SPEED SCORE (SECONDARY since 2026-08-11 — PROGRAMME.md: win rate is NOT the verdict)
      _v145bestfit  mean -3.07 /game        _v130loki13  mean -3.25 /game
      (tools/score.py buckets; a tiebreak win and a loss both score -10)


  --- secondary, and NOT the verdict ---
  KILL ROUND (continuous, far more power than the win count):
    when _v145bestfit wins:  n=524  median 206
    when _v130loki13 wins:  n=500  median 205
H2H_RESULT: _v145bestfit 524/1024 NO-INFORMATION back to the pool, NOT demoted
