Running match: iSALT vs _v488beltbreak2
  Map: glacierkeep.map26  Seed: 833  Replay: 
scratchpad/s51_v523_build/iso/b11/repiSALT/glacierkeep_s833_A.replay26  TLE: 
10ms
Completed turn 0
Completed turn 100
Completed turn 200
Completed turn 300
Completed turn 400
Completed turn 500
Completed turn 600
Completed turn 700
Completed turn 800
Replay written to 
scratchpad/s51_v523_build/iso/b11/repiSALT/glacierkeep_s833_A.replay26

  Winner: _v488beltbreak2  (Core destroyed, turn 821)

                        iSALT    _v488beltbreak2  
  Titanium     64 (160 mined)       46 (0 mined)  
  Units                    10                  9  
  Buildings                90                 92  

