Running match: _v488beltbreak2 vs parent
  Map: atoll.map26  Seed: 4  Replay: 
scratchpad/s51_v520_build/grid/b2/repparent/atoll_s4_B.replay26  TLE: 10ms
Completed turn 0
Completed turn 100
Completed turn 200
Completed turn 300
Completed turn 400
Completed turn 500
Completed turn 600
Completed turn 700
Completed turn 800
Completed turn 900
Replay written to 
scratchpad/s51_v520_build/grid/b2/repparent/atoll_s4_B.replay26

  Winner: _v488beltbreak2  (Titanium collected (tiebreak), turn 1000)

                  _v488beltbreak2               parent  
  Titanium     6400 (10720 mined)    7649 (8220 mined)  
  Units                        28                   12  
  Buildings                    26                   18  

