Running match: iCREW vs _v488beltbreak2
  Map: atoll.map26  Seed: 833  Replay: 
scratchpad/s51_v523_build/iso/b11/repiCREW/atoll_s833_A.replay26  TLE: 10ms
Completed turn 0
Completed turn 100
Completed turn 200
Completed turn 300
Completed turn 400
Completed turn 500
Completed turn 600
Completed turn 700
Completed turn 800
Completed turn 900
Replay written to 
scratchpad/s51_v523_build/iso/b11/repiCREW/atoll_s833_A.replay26

  Winner: _v488beltbreak2  (Titanium collected (tiebreak), turn 1000)

                           iCREW      _v488beltbreak2  
  Titanium     2188 (7100 mined)    3222 (8970 mined)  
  Units                       17                   30  
  Buildings                   17                   22  

