Running match: _v519cripple vs _v488beltbreak2
  Map: midgard.map26  Seed: 5  Replay: 
scratchpad/s51_v519_build/grid/b2/repv519/midgard_s5_A.replay26  TLE: 10ms
Completed turn 0
Completed turn 100
Completed turn 200
Completed turn 300
Completed turn 400
Completed turn 500
Completed turn 600
Completed turn 700
Completed turn 800
Completed turn 900
Replay written to 
scratchpad/s51_v519_build/grid/b2/repv519/midgard_s5_A.replay26

  Winner: _v519cripple  (Core destroyed, turn 913)

                  _v519cripple    _v488beltbreak2  
  Titanium     11 (1040 mined)     12 (890 mined)  
  Units                     10                  9  
  Buildings                 48                 50  

