Running match: _v488beltbreak2 vs _v519cripple
  Map: nordkap.map26  Seed: 4  Replay: 
scratchpad/s51_v519_build/grid/b2/repv519/nordkap_s4_B.replay26  TLE: 10ms
Completed turn 0
Completed turn 100
Completed turn 200
Completed turn 300
Completed turn 400
Completed turn 500
Completed turn 600
Completed turn 700
Completed turn 800
Completed turn 900
Replay written to 
scratchpad/s51_v519_build/grid/b2/repv519/nordkap_s4_B.replay26

  Winner: _v519cripple  (Titanium collected (tiebreak), turn 1000)

               _v488beltbreak2        _v519cripple  
  Titanium     100 (270 mined)    160 (1190 mined)  
  Units                      4                   6  
  Buildings                 31                  81  

