Update available: 2.3.6 -> 2.3.8. Run: pip install --upgrade fcode
FS GATE 0 sig (30, 30, (14, 2), (14, 26)) ok 1
FS GATE 1 sig (30, 30, (14, 2), (14, 26)) ok 1
FS PHASE 1 id 4 ph 1 d 484 at (14, 25)
GF519 1 id 4 d 484 band 0 ti 434 ammo 0 gun 28 lau 28 bar 4 cd 0 lp 0 plants 0
GF519 2 id 4 d 484 band 0 ti 392 ammo 0 gun 32 lau 32 bar 4 cd 0 lp 0 plants 0
FS GATE 2 sig (30, 30, (14, 2), (14, 26)) ok 1
GF519 3 id 4 d 484 band 0 ti 344 ammo 0 gun 36 lau 36 bar 5 cd 0 lp 0 plants 0
FS GATE 3 sig (30, 30, (14, 2), (14, 26)) ok 1
GF519 4 id 4 d 484 band 0 ti 354 ammo 0 gun 36 lau 36 bar 5 cd 0 lp 0 plants 0
FS GATE 4 sig (30, 30, (14, 2), (14, 26)) ok 1
APPT520 CLAIM 4 id 10
FS PHASE 4 id 10 ph 1 d 485 at (13, 25)
GF519 4 id 10 d 485 band 0 ti 354 ammo 0 gun 36 lau 36 bar 5 cd 0 lp 0 plants 0
GF519 5 id 4 d 484 band 0 ti 354 ammo 0 gun 36 lau 36 bar 5 cd 0 lp 0 plants 0
FS HOPBUILD 5 at (14, 25) lch (14, 24) T (16, 1)
GF519 5 id 10 d 442 band 0 ti 318 ammo 0 gun 38 lau 38 bar 5 cd 0 lp 1 plants 0
GF519 6 id 4 d 484 band 0 ti 318 ammo 0 gun 38 lau 38 bar 5 cd 0 lp 1 plants 0
GF519 6 id 10 d 401 band 0 ti 318 ammo 0 gun 38 lau 38 bar 5 cd 0 lp 1 plants 0
FS GATE 6 sig (30, 30, (14, 2), (14, 26)) ok 1
FS THROW 6 from (15, 25) to (15, 19) T (16, 1) body 4 n 1 dsq 256
GF519 7 id 4 d 256 band 0 ti 318 ammo 0 gun 38 lau 38 bar 5 cd 0 lp 0 plants 0
FS HOPBUILD 7 at (15, 19) lch (15, 18) T (16, 1)
GF519 7 id 10 d 400 band 0 ti 280 ammo 0 gun 40 lau 40 bar 6 cd 0 lp 1 plants 0
FS THROW 7 from (15, 23) to (14, 19) T (16, 1) body 10 n 2 dsq 256
GF519 8 id 4 d 256 band 0 ti 290 ammo 0 gun 38 lau 38 bar 5 cd 0 lp 1 plants 0
GF519 8 id 10 d 256 band 0 ti 290 ammo 0 gun 38 lau 38 bar 5 cd 0 lp 1 plants 0
FS GATE 8 sig (30, 30, (14, 2), (14, 26)) ok 1
FS THROW 8 from (16, 19) to (16, 13) T (16, 1) body 4 n 1 dsq 101
GF519 9 id 4 d 101 band 1 ti 290 ammo 0 gun 38 lau 38 bar 5 cd 0 lp 0 plants 0
FS HOPBUILD 9 at (16, 13) lch (16, 12) T (16, 1)
GF519 9 id 10 d 225 band 0 ti 252 ammo 0 gun 40 lau 40 bar 6 cd 0 lp 1 plants 0
FS THROW 9 from (14, 17) to (15, 13) T (16, 1) body 10 n 2 dsq 100
GF519 10 id 4 d 101 band 1 ti 252 ammo 0 gun 38 lau 38 bar 5 cd 0 lp 1 plants 0
GF519 10 id 10 d 100 band 1 ti 252 ammo 0 gun 38 lau 38 bar 5 cd 0 lp 1 plants 0
FS GATE 10 sig (30, 30, (14, 2), (14, 26)) ok 1
FS THROW 10 from (16, 13) to (16, 7) T (16, 1) body 4 n 1 dsq 17
GF519 11 id 4 d 17 band 1 ti 252 ammo 0 gun 38 lau 38 bar 5 cd 0 lp 0 plants 0
TERM520 11 id 4 at (16, 7) n 1 pick (16, 6) arcs 2 cov 0 covbest 0 conflict 0 dsq 10
FS HOPBUILD 11 at (16, 7) lch (16, 6) T (16, 1)
GF519 11 id 10 d 81 band 1 ti 214 ammo 0 gun 40 lau 40 bar 6 cd 0 lp 1 plants 0
FS THROW 11 from (15, 11) to (15, 7) T (16, 1) body 10 n 2 dsq 16
GF519 12 id 4 d 17 band 1 ti 224 ammo 0 gun 38 lau 38 bar 5 cd 0 lp 1 plants 0
GF519 12 id 10 d 16 band 1 ti 224 ammo 0 gun 38 lau 38 bar 5 cd 0 lp 1 plants 0
FS GATE 12 sig (30, 30, (14, 2), (14, 26)) ok 1
SPLIT520 12 lch (16, 6) body 4 arc 2 to (15, 1) dsq 1 walk 1 n 1
FS SPLIT 12 arc 2 to (15, 1) body 4 walk 1
FS ARRIVE 13 id 4 body 1 at (15, 1) dsq 1
ARC520 CLAIM 13 id 4 body 1 arc 2 at (15, 1)
FS PHASE 13 id 4 ph 2 d 1 at (15, 1)
FS SEAL 13 tile (14, 1) n 1
GF519 13 id 10 d 9 band 1 ti 219 ammo 0 gun 38 lau 38 bar 5 cd 0 lp 1 plants 0
SPLIT520 13 lch (16, 6) body 10 arc 1 to (13, 3) dsq 1 walk 0 n 2
FS SPLIT 13 arc 1 to (13, 3) body 10 walk 0
FS ARRIVE 14 id 10 body 2 at (13, 3) dsq 1
ARC520 CLAIM 14 id 10 body 2 arc 1 at (13, 3)
FS PHASE 14 id 10 ph 2 d 1 at (13, 3)
FS SEAL 14 tile (13, 2) n 1
FS DODGE 15 id 4 from (16, 1) to (16, 2) cov 1 -> 0 hit 0 hp 40
FS GATE 15 sig (30, 30, (14, 2), (14, 26)) ok 1
FS SEAL 16 tile (16, 3) n 2
FS SEAL 16 tile (13, 3) n 2
FS SEAL 17 tile (14, 4) n 3
FS SEAL 18 tile (16, 2) n 3
FS STAT 20 id 4 at (17, 3) need 4 orth 3 ti 103 ammo 0 sen 0 hp 40 covden 0 eco 0 lost 0
FS STAT 20 id 10 at (14, 5) need 4 orth 3 ti 61 ammo 0 sen 0 hp 40 covden 0 eco 0 lost 0
FS SEAL 21 tile (15, 4) n 4
FS DODGE 26 id 4 from (17, 1) to (17, 2) cov 1 -> 0 hit 0 hp 22
FS DODGE 28 id 4 from (17, 1) to (17, 2) cov 1 -> 0 hit 0 hp 4
FS DODGE 30 id 4 from (17, 1) to (17, 2) cov 1 -> 0 hit 0 hp 4
FS DODGE 32 id 4 from (17, 1) to (17, 2) cov 1 -> 0 hit 0 hp 4
FS DODGE 34 id 4 from (17, 1) to (17, 2) cov 1 -> 0 hit 0 hp 4
FS DODGE 38 id 4 from (17, 1) to (17, 2) cov 1 -> 0 hit 0 hp 4
FS STAT 40 id 4 at (17, 1) need 3 orth 2 ti 12 ammo 9 sen 0 hp 4 covden 0 eco 0 lost 0
FS DODGE 40 id 4 from (17, 1) to (17, 2) cov 1 -> 0 hit 0 hp 4
FS STAT 40 id 10 at (17, 3) need 3 orth 2 ti 0 ammo 9 sen 0 hp 40 covden 0 eco 0 lost 0
FS DODGE 44 id 4 from (17, 1) to (17, 2) cov 1 -> 0 hit 0 hp 4
FS DODGE 46 id 4 from (17, 1) to (17, 2) cov 1 -> 0 hit 0 hp 4
FS DODGE 48 id 4 from (17, 1) to (17, 2) cov 1 -> 0 hit 0 hp 4
FS DODGE 50 id 4 from (17, 1) to (17, 2) cov 1 -> 0 hit 0 hp 4
FS DODGE 52 id 4 from (17, 1) to (17, 2) cov 1 -> 0 hit 0 hp 4
FS DODGE 56 id 10 from (17, 1) to (17, 2) cov 1 -> 0 hit 0 hp 40
FS DODGE 58 id 10 from (17, 1) to (17, 0) cov 1 -> 0 hit 0 hp 40
PRES520 60 ti 108 res 123 floor 123 bind 1 rounds 1 vacant 1 until 80
FS PROMOTE 60 id 10
FS STAT 60 id 10 at (16, 0) need 3 orth 2 ti 108 ammo 24 sen 0 hp 40 covden 0 eco 1 lost 0
FS SENTINEL 60 at (17, 0) face SOUTHWEST tgt (14, 3) score 18 n 1 onring 0 lost 0 gate (1, 1, 41) onsray 0 olddsq -1
PRES520 61 ti 38 res 133 floor 133 bind 2 rounds 2 vacant 2 until 81
FS PHASE 61 id 10 ph 5 d 5 at (16, 0)
PRES520 62 ti 38 res 133 floor 133 bind 3 rounds 3 vacant 2 until 81
PRES520 63 ti 48 res 133 floor 133 bind 4 rounds 4 vacant 2 until 81
FS SEAL 63 tile (14, 1) n 5
PRES520 64 ti 61 res 133 floor 133 bind 5 rounds 5 vacant 2 until 81
PRES520 65 ti 10 res 143 floor 143 bind 6 rounds 6 vacant 2 until 81
PRES520 66 ti 0 res 143 floor 143 bind 7 rounds 7 vacant 2 until 81
PRES520 67 ti 10 res 143 floor 143 bind 8 rounds 8 vacant 2 until 81
PRES520 68 ti 30 res 143 floor 143 bind 9 rounds 9 vacant 2 until 81
PRES520 69 ti 30 res 143 floor 143 bind 10 rounds 10 vacant 2 until 81
PRES520 70 ti 30 res 143 floor 143 bind 11 rounds 11 vacant 2 until 81
PRES520 71 ti 40 res 143 floor 143 bind 12 rounds 12 vacant 2 until 81
PRES520 72 ti 60 res 143 floor 143 bind 13 rounds 13 vacant 2 until 81
PRES520 73 ti 5 res 146 floor 146 bind 14 rounds 14 vacant 2 until 81
PRES520 74 ti 5 res 146 floor 146 bind 15 rounds 15 vacant 2 until 81
PRES520 75 ti 15 res 146 floor 146 bind 16 rounds 16 vacant 2 until 81
PRES520 76 ti 27 res 146 floor 146 bind 17 rounds 17 vacant 2 until 81
FS CLEAR 76 tile (13, 1) peck 1
FS RUNG 76 id 10 r 3 hi -
PRES520 77 ti 25 res 146 floor 146 bind 18 rounds 18 vacant 2 until 81
PRES520 78 ti 17 res 146 floor 146 bind 19 rounds 19 vacant 2 until 81
PRES520 79 ti 27 res 146 floor 146 bind 20 rounds 20 vacant 2 until 81
PRES520 80 ti 39 res 147 floor 147 bind 21 rounds 21 vacant 2 until 81
FS STAT 80 id 10 at (13, 0) need 2 orth 1 ti 39 ammo 4 sen 1 hp 40 covden 0 eco 1 lost 0
FS CLEAR 80 tile (13, 1) peck 1
FS RUNG 80 id 10 r 3 hi -
FS STAT 100 id 10 at (13, 0) need 4 orth 1 ti 8 ammo 15 sen 1 hp 40 covden 0 eco 1 lost 0
FS STAT 120 id 10 at (13, 0) need 4 orth 1 ti 16 ammo 11 sen 1 hp 40 covden 0 eco 1 lost 0
FS STAT 140 id 10 at (13, 0) need 5 orth 2 ti 26 ammo 11 sen 1 hp 40 covden 0 eco 1 lost 0
FS CLEAR 152 tile (13, 1) peck 1
FS RUNG 152 id 10 r 3 hi -
FS CLEAR 153 tile (13, 1) peck 2
FS RUNG 153 id 10 r 3 hi -
FS CLEAR 154 tile (13, 1) peck 3
FS RUNG 154 id 10 r 3 hi -
FS CLEAR 155 tile (13, 1) peck 4
FS RUNG 155 id 10 r 3 hi -
FS CLEAR 156 tile (13, 1) peck 5
FS RUNG 156 id 10 r 3 hi -
FS CLEAR 157 tile (13, 1) peck 6
FS RUNG 157 id 10 r 3 hi -
FS CLEAR 158 tile (13, 1) peck 7
FS RUNG 158 id 10 r 3 hi -
FS CLEAR 159 tile (13, 1) peck 8
FS RUNG 159 id 10 r 3 hi -
FS STAT 160 id 10 at (13, 0) need 3 orth 2 ti 60 ammo 1 sen 1 hp 40 covden 0 eco 1 lost 0
FS STAT 180 id 10 at (12, 1) need 3 orth 2 ti 18 ammo 1 sen 1 hp 40 covden 0 eco 1 lost 0
FS STAT 200 id 10 at (12, 1) need 3 orth 2 ti 18 ammo 13 sen 1 hp 40 covden 0 eco 1 lost 0
FS STAT 220 id 10 at (12, 1) need 3 orth 2 ti 16 ammo 15 sen 1 hp 40 covden 0 eco 1 lost 0
FS STAT 240 id 10 at (12, 1) need 3 orth 2 ti 16 ammo 15 sen 1 hp 40 covden 0 eco 1 lost 0
FS STAT 260 id 10 at (12, 1) need 3 orth 2 ti 16 ammo 15 sen 1 hp 40 covden 0 eco 1 lost 0
FS STAT 280 id 10 at (12, 1) need 3 orth 2 ti 16 ammo 15 sen 1 hp 40 covden 0 eco 1 lost 0
FS STAT 300 id 10 at (12, 1) need 3 orth 2 ti 16 ammo 15 sen 1 hp 40 covden 0 eco 1 lost 0
FS STAT 320 id 10 at (12, 1) need 3 orth 2 ti 16 ammo 15 sen 1 hp 40 covden 0 eco 1 lost 0
FS STAT 340 id 10 at (12, 1) need 5 orth 2 ti 22 ammo 15 sen 1 hp 40 covden 0 eco 1 lost 0
FS STAT 360 id 10 at (12, 1) need 5 orth 2 ti 19 ammo 5 sen 1 hp 40 covden 0 eco 1 lost 0
FS CLEAR 376 tile (13, 1) peck 1
FS RUNG 376 id 10 r 3 hi -
FS CLEAR 377 tile (13, 1) peck 2
FS RUNG 377 id 10 r 3 hi -
FS DODGE 378 id 10 from (12, 1) to (12, 2) cov 1 -> 0 hit 0 hp 40
FS STAT 380 id 10 at (12, 3) need 3 orth 2 ti 65 ammo 5 sen 1 hp 40 covden 0 eco 1 lost 0
FS STAT 400 id 10 at (13, 4) need 3 orth 2 ti 48 ammo 42 sen 1 hp 40 covden 0 eco 1 lost 0
FS STAT 420 id 10 at (13, 4) need 3 orth 2 ti 37 ammo 2 sen 1 hp 40 covden 0 eco 1 lost 0
FS STAT 440 id 10 at (13, 4) need 3 orth 2 ti 24 ammo 2 sen 1 hp 40 covden 0 eco 1 lost 0
FS PHASE 453 id 10 ph 2 d 5 at (13, 5)
FS STAT 460 id 10 at (13, 4) need 4 orth 3 ti 24 ammo 24 sen 0 hp 40 covden 0 eco 1 lost 0
FS STAT 480 id 10 at (13, 4) need 4 orth 3 ti 41 ammo 24 sen 0 hp 40 covden 0 eco 1 lost 0
FS DODGE 497 id 10 from (13, 5) to (13, 4) cov 1 -> 0 hit 0 hp 40
FS DODGE 499 id 10 from (13, 5) to (13, 4) cov 1 -> 0 hit 0 hp 33
FS STAT 500 id 10 at (13, 4) need 4 orth 3 ti 22 ammo 24 sen 0 hp 33 covden 0 eco 1 lost 0
FS DODGE 501 id 10 from (13, 5) to (13, 4) cov 1 -> 0 hit 0 hp 26
FS DODGE 503 id 10 from (13, 5) to (13, 4) cov 1 -> 0 hit 0 hp 19
FS DODGE 505 id 10 from (13, 5) to (13, 4) cov 1 -> 0 hit 0 hp 12
FS DODGE 507 id 10 from (13, 5) to (13, 4) cov 1 -> 0 hit 0 hp 5
PRES520 515 ti 27 res 151 floor 151 bind 22 rounds 22 vacant 3 until 535
