atoll_s804_A	atoll	804	A	OPP	_v488beltbreak2	Harvesters (tiebreak)	1000	0	290	290
atoll_s804_B	atoll	804	B	OPP	_v488beltbreak2	Core destroyed	242	0	290	650
atoll_s805_A	atoll	805	A	US	iSALT	Core destroyed	276	0	1350	40
atoll_s805_B	atoll	805	B	OPP	_v488beltbreak2	Core destroyed	721	0	1170	1780
atoll_s806_A	atoll	806	A	US	iSALT	Core destroyed	128	0	480	200
atoll_s806_B	atoll	806	B	US	iSALT	Core destroyed	402	0	1890	2930
drakkarfjord_s804_A	drakkarfjord	804	A	US	iSALT	Core destroyed	92	0	340	0
drakkarfjord_s804_B	drakkarfjord	804	B	US	iSALT	Core destroyed	459	0	3960	0
drakkarfjord_s805_A	drakkarfjord	805	A	US	iSALT	Core destroyed	95	0	340	0
drakkarfjord_s805_B	drakkarfjord	805	B	US	iSALT	Core destroyed	153	0	580	0
drakkarfjord_s806_A	drakkarfjord	806	A	US	iSALT	Core destroyed	90	0	300	0
drakkarfjord_s806_B	drakkarfjord	806	B	US	iSALT	Core destroyed	544	0	1320	0
glacierkeep_s804_A	glacierkeep	804	A	US	iSALT	Core destroyed	210	0	920	140
glacierkeep_s804_B	glacierkeep	804	B	US	iSALT	Core destroyed	385	0	180	0
glacierkeep_s805_A	glacierkeep	805	A	US	iSALT	Core destroyed	180	0	490	0
glacierkeep_s805_B	glacierkeep	805	B	US	iSALT	Core destroyed	353	0	0	0
glacierkeep_s806_A	glacierkeep	806	A	US	iSALT	Core destroyed	144	0	310	0
glacierkeep_s806_B	glacierkeep	806	B	US	iSALT	Core destroyed	217	0	0	0
midgard_s804_A	midgard	804	A	OPP	_v488beltbreak2	Core destroyed	497	0	680	750
midgard_s804_B	midgard	804	B	OPP	_v488beltbreak2	Core destroyed	736	0	1090	690
midgard_s805_A	midgard	805	A	OPP	_v488beltbreak2	Core destroyed	184	0	640	1690
midgard_s805_B	midgard	805	B	US	iSALT	Core destroyed	171	0	1350	680
midgard_s806_A	midgard	806	A	OPP	_v488beltbreak2	Core destroyed	167	0	610	1320
midgard_s806_B	midgard	806	B	US	iSALT	Core destroyed	198	0	1810	720
nordkap_s804_A	nordkap	804	A	US	iSALT	Core destroyed	108	0	260	40
nordkap_s804_B	nordkap	804	B	OPP	_v488beltbreak2	Core destroyed	294	0	100	2460
nordkap_s805_A	nordkap	805	A	US	iSALT	Core destroyed	343	0	100	140
nordkap_s805_B	nordkap	805	B	OPP	_v488beltbreak2	Titanium collected (tiebreak)	1000	0	90	2480
nordkap_s806_A	nordkap	806	A	US	iSALT	Core destroyed	277	0	190	190
nordkap_s806_B	nordkap	806	B	OPP	_v488beltbreak2	Titanium collected (tiebreak)	1000	0	110	290
yulerune_s804_A	yulerune	804	A	OPP	_v488beltbreak2	Core destroyed	581	0	470	1710
yulerune_s804_B	yulerune	804	B	US	iSALT	Core destroyed	221	0	1450	540
yulerune_s805_A	yulerune	805	A	US	iSALT	Core destroyed	200	0	1810	370
yulerune_s805_B	yulerune	805	B	OPP	_v488beltbreak2	Core destroyed	222	0	320	2150
yulerune_s806_A	yulerune	806	A	OPP	_v488beltbreak2	Core destroyed	291	0	400	2120
yulerune_s806_B	yulerune	806	B	OPP	_v488beltbreak2	Core destroyed	309	0	420	630
