Running match: _v488beltbreak2 vs parent
  Map: glacierkeep.map26  Seed: 70  Replay: 
scratchpad/s51_v522_build/grid/b24/repparent/glacierkeep_s70_B.replay26  TLE: 
10ms
Completed turn 0
Completed turn 100
Completed turn 200
Completed turn 300
Completed turn 400
Completed turn 500
Completed turn 600
Completed turn 700
Completed turn 800
Replay written to 
scratchpad/s51_v522_build/grid/b24/repparent/glacierkeep_s70_B.replay26

  Winner: _v488beltbreak2  (Core destroyed, turn 801)

                _v488beltbreak2            parent  
  Titanium     179 (2960 mined)    12 (280 mined)  
  Units                      12                 5  
  Buildings                 128                34  

