atoll_s428_A	atoll	428	A	OPP	_x3r0v161gungnir	Core destroyed	468	0	1110	1060
atoll_s428_B	atoll	428	B	OPP	_x3r0v161gungnir	Core destroyed	130	0	600	600
atoll_s429_A	atoll	429	A	US	_v523eyes	Core destroyed	259	0	640	400
atoll_s429_B	atoll	429	B	US	_v523eyes	Core destroyed	321	0	2360	1320
atoll_s430_A	atoll	430	A	US	_v523eyes	Core destroyed	279	0	820	410
atoll_s430_B	atoll	430	B	US	_v523eyes	Core destroyed	236	0	1700	700
drakkarfjord_s428_A	drakkarfjord	428	A	US	_v523eyes	Core destroyed	140	0	590	0
drakkarfjord_s428_B	drakkarfjord	428	B	US	_v523eyes	Core destroyed	256	0	130	0
drakkarfjord_s429_A	drakkarfjord	429	A	US	_v523eyes	Core destroyed	248	0	400	0
drakkarfjord_s429_B	drakkarfjord	429	B	US	_v523eyes	Core destroyed	250	0	150	0
drakkarfjord_s430_A	drakkarfjord	430	A	US	_v523eyes	Core destroyed	96	0	270	0
drakkarfjord_s430_B	drakkarfjord	430	B	US	_v523eyes	Core destroyed	308	0	120	0
glacierkeep_s428_A	glacierkeep	428	A	OPP	_x3r0v161gungnir	Core destroyed	525	0	0	0
glacierkeep_s428_B	glacierkeep	428	B	US	_v523eyes	Titanium stored (tiebreak)	1000	0	0	0
glacierkeep_s429_A	glacierkeep	429	A	US	_v523eyes	Core destroyed	735	0	3590	0
glacierkeep_s429_B	glacierkeep	429	B	US	_v523eyes	Titanium stored (tiebreak)	1000	0	0	0
glacierkeep_s430_A	glacierkeep	430	A	OPP	_x3r0v161gungnir	Core destroyed	213	0	0	460
glacierkeep_s430_B	glacierkeep	430	B	US	_v523eyes	Core destroyed	433	0	0	0
midgard_s428_A	midgard	428	A	US	_v523eyes	Core destroyed	140	0	1430	1050
midgard_s428_B	midgard	428	B	OPP	_x3r0v161gungnir	Core destroyed	329	0	550	3420
midgard_s429_A	midgard	429	A	OPP	_x3r0v161gungnir	Core destroyed	197	0	530	1260
midgard_s429_B	midgard	429	B	OPP	_x3r0v161gungnir	Core destroyed	139	0	660	1050
midgard_s430_A	midgard	430	A	OPP	_x3r0v161gungnir	Core destroyed	154	0	1360	1100
midgard_s430_B	midgard	430	B	OPP	_x3r0v161gungnir	Core destroyed	322	0	1190	1950
nordkap_s428_A	nordkap	428	A	OPP	_x3r0v161gungnir	Core destroyed	233	0	560	1090
nordkap_s428_B	nordkap	428	B	US	_v523eyes	Core destroyed	368	0	0	0
nordkap_s429_A	nordkap	429	A	OPP	_x3r0v161gungnir	Core destroyed	359	0	1500	1700
nordkap_s429_B	nordkap	429	B	OPP	_x3r0v161gungnir	Core destroyed	749	0	170	0
nordkap_s430_A	nordkap	430	A	OPP	_x3r0v161gungnir	Core destroyed	326	0	2050	560
nordkap_s430_B	nordkap	430	B	OPP	_x3r0v161gungnir	Core destroyed	610	0	0	2890
yulerune_s428_A	yulerune	428	A	OPP	_x3r0v161gungnir	Core destroyed	224	0	0	1570
yulerune_s428_B	yulerune	428	B	OPP	_x3r0v161gungnir	Core destroyed	284	0	1790	2830
yulerune_s429_A	yulerune	429	A	US	_v523eyes	Core destroyed	400	0	1930	1320
yulerune_s429_B	yulerune	429	B	OPP	_x3r0v161gungnir	Core destroyed	157	0	0	1170
yulerune_s430_A	yulerune	430	A	US	_v523eyes	Core destroyed	232	0	2810	1020
yulerune_s430_B	yulerune	430	B	OPP	_x3r0v161gungnir	Core destroyed	261	0	1910	1340
