Update available: 2.3.6 -> 2.3.8. Run: pip install --upgrade fcode
RC MAP w 30 h 30 ours 2,24 theirs 26,4
V527I SEALNT 0 ph 0 fwd 0 hv 0
V527I SEALNT 1 ph 0 fwd 0 hv 0
RC SEAT 1 id 3 seat 0
RC POS 1 id 3 seat 0 role raid fs 1 body 1 pos 4,23 stuck 0
V527I SEALNT 2 ph 1 fwd 0 hv 0
RC POS 2 id 3 seat 0 role raid fs 1 body 1 pos 4,23 stuck 1
RC SEAT 2 id 5 seat 1
RC POS 2 id 5 seat 1 role expand fs 0 body 1 pos 3,23 stuck 0
V528 PICK r 2 id 5 tgt 3,15 cs 38 bs 38 reg 0 cc 10 bc 10 cands 4 banned 0 regall 0 seat 1
RC WALK 2 id 5 role expand pos 3,23 tgt 3,15 want NORTH
V527I SEALNT 3 ph 1 fwd 0 hv 0
RC POS 3 id 3 seat 0 role raid fs 1 body 1 pos 4,23 stuck 2
RC POS 3 id 5 seat 1 role expand fs 0 body 1 pos 3,22 stuck 0
RC WALK 3 id 5 role expand pos 3,22 tgt 3,15 want NORTH
RC SEAT 3 id 7 seat 2
RC POS 3 id 7 seat 2 role expand fs 0 body 1 pos 2,23 stuck 0
V528 PICK r 3 id 7 tgt 6,16 cs 41 bs 41 reg 0 cc 10 bc 10 cands 4 banned 0 regall 0 seat 2
RC WALK 3 id 7 role expand pos 2,23 tgt 6,16 want NORTH
V527I SEALNT 4 ph 1 fwd 0 hv 0
RC POS 4 id 3 seat 0 role raid fs 1 body 1 pos 4,23 stuck 3
RC POS 4 id 5 seat 1 role expand fs 0 body 1 pos 3,21 stuck 0
RC WALK 4 id 5 role expand pos 3,21 tgt 3,15 want NORTH
RC POS 4 id 7 seat 2 role expand fs 0 body 1 pos 2,22 stuck 0
RC WALK 4 id 7 role expand pos 2,22 tgt 6,16 want NORTH
RC SEAT 4 id 9 seat 3
RC POS 4 id 9 seat 3 role raid fs 1 body 2 pos 4,24 stuck 0
V527I SEALNT 5 ph 1 fwd 0 hv 0
RC POS 5 id 3 seat 0 role raid fs 1 body 1 pos 4,23 stuck 4
RC POS 5 id 5 seat 1 role expand fs 0 body 1 pos 3,20 stuck 0
RC WALK 5 id 5 role expand pos 3,20 tgt 3,15 want NORTH
RC POS 5 id 7 seat 2 role expand fs 0 body 1 pos 2,21 stuck 0
RC WALK 5 id 7 role expand pos 2,21 tgt 6,16 want NORTH
RC POS 5 id 9 seat 3 role raid fs 1 body 2 pos 4,24 stuck 1
V527I SEALNT 6 ph 1 fwd 0 hv 0
RC POS 6 id 3 seat 0 role raid fs 1 body 1 pos 4,23 stuck 5
RC POS 6 id 5 seat 1 role expand fs 0 body 1 pos 3,19 stuck 0
RC WALK 6 id 5 role expand pos 3,19 tgt 3,16 want NORTH
RC POS 6 id 7 seat 2 role expand fs 0 body 1 pos 2,20 stuck 0
RC WALK 6 id 7 role expand pos 2,20 tgt 6,16 want EAST
RC POS 6 id 9 seat 3 role raid fs 1 body 2 pos 5,24 stuck 0
V527I SEALNT 7 ph 1 fwd 0 hv 0
RC POS 7 id 3 seat 0 role raid fs 1 body 1 pos 9,20 stuck 0
RC POS 7 id 5 seat 1 role expand fs 0 body 1 pos 3,18 stuck 0
RC WALK 7 id 5 role expand pos 3,18 tgt 3,16 want NORTH
RC POS 7 id 7 seat 2 role expand fs 0 body 1 pos 3,20 stuck 0
RC WALK 7 id 7 role expand pos 3,20 tgt 6,16 want NORTH
RC POS 7 id 9 seat 3 role raid fs 1 body 2 pos 6,24 stuck 0
V527I SEALNT 8 ph 1 fwd 0 hv 0
RC POS 8 id 3 seat 0 role raid fs 1 body 1 pos 9,20 stuck 1
RC POS 8 id 5 seat 1 role expand fs 0 body 1 pos 3,17 stuck 0
RC WALK 8 id 5 role expand pos 3,17 tgt 3,16 want NORTH
RC POS 8 id 7 seat 2 role expand fs 0 body 1 pos 3,19 stuck 0
RC WALK 8 id 7 role expand pos 3,19 tgt 5,16 want NORTH
RC POS 8 id 9 seat 3 role raid fs 1 body 2 pos 8,19 stuck 0
RC WALK 8 id 9 role raid pos 8,19 tgt 9,20 want SOUTH
V527I SEALNT 9 ph 1 fwd 0 hv 0
RC POS 9 id 3 seat 0 role raid fs 1 body 1 pos 14,17 stuck 0
RC POS 9 id 5 seat 1 role expand fs 0 body 1 pos 3,16 stuck 0
V528 CONN r 9 id 5 at 3,15 chosen 10 best 10 regret 0 cands 3 role expand seat 1
RC POS 9 id 7 seat 2 role expand fs 0 body 1 pos 3,18 stuck 0
RC WALK 9 id 7 role expand pos 3,18 tgt 5,16 want EAST
RC POS 9 id 9 seat 3 role raid fs 1 body 2 pos 8,20 stuck 0
RC WALK 9 id 9 role raid pos 8,20 tgt 9,20 want EAST
V527I SEALNT 10 ph 1 fwd 0 hv 1
RC POS 10 id 3 seat 0 role raid fs 1 body 1 pos 14,17 stuck 1
RC POS 10 id 5 seat 1 role expand fs 0 body 1 pos 3,16 stuck 1
RC POS 10 id 7 seat 2 role expand fs 0 body 1 pos 4,18 stuck 0
RC WALK 10 id 7 role expand pos 4,18 tgt 5,16 want NORTH
RC POS 10 id 9 seat 3 role raid fs 1 body 2 pos 13,16 stuck 0
V527I SEALNT 11 ph 1 fwd 0 hv 1
RC POS 11 id 3 seat 0 role raid fs 1 body 1 pos 18,13 stuck 0
RC POS 11 id 5 seat 1 role expand fs 0 body 1 pos 3,16 stuck 2
RC POS 11 id 7 seat 2 role expand fs 0 body 1 pos 4,17 stuck 0
RC WALK 11 id 7 role expand pos 4,17 tgt 5,16 want EAST
RC POS 11 id 9 seat 3 role raid fs 1 body 2 pos 13,15 stuck 0
V527I SEALNT 12 ph 1 fwd 0 hv 1
RC POS 12 id 3 seat 0 role raid fs 1 body 1 pos 18,13 stuck 1
RC POS 12 id 5 seat 1 role expand fs 0 body 1 pos 3,17 stuck 0
RC POS 12 id 7 seat 2 role expand fs 0 body 1 pos 5,17 stuck 0
RC WALK 12 id 7 role expand pos 5,17 tgt 5,16 want NORTH
RC POS 12 id 9 seat 3 role raid fs 1 body 2 pos 17,13 stuck 0
V527I SEALNT 13 ph 1 fwd 0 hv 1
RC POS 13 id 3 seat 0 role raid fs 1 body 1 pos 22,9 stuck 0
RC POS 13 id 5 seat 1 role expand fs 0 body 1 pos 3,17 stuck 1
RC POS 13 id 7 seat 2 role expand fs 0 body 1 pos 5,16 stuck 0
V528 CONN r 13 id 7 at 6,16 chosen 8 best 8 regret 0 cands 3 role expand seat 2
RC POS 13 id 9 seat 3 role raid fs 1 body 2 pos 18,13 stuck 0
V527I SEALNT 14 ph 1 fwd 0 hv 2
RC POS 14 id 3 seat 0 role raid fs 1 body 1 pos 22,9 stuck 1
RC POS 14 id 5 seat 1 role expand fs 0 body 1 pos 3,17 stuck 2
RC WALK 14 id 5 role expand pos 3,17 tgt 3,19 want SOUTH
RC POS 14 id 7 seat 2 role expand fs 0 body 1 pos 5,16 stuck 1
RC POS 14 id 9 seat 3 role raid fs 1 body 2 pos 21,8 stuck 0
V527I SEALNT 15 ph 1 fwd 0 hv 2
RC POS 15 id 3 seat 0 role raid fs 1 body 1 pos 25,4 stuck 0
RC POS 15 id 5 seat 1 role expand fs 0 body 1 pos 3,18 stuck 0
RC POS 15 id 7 seat 2 role expand fs 0 body 1 pos 5,16 stuck 2
RC POS 15 id 9 seat 3 role raid fs 1 body 2 pos 21,7 stuck 0
V527I SEALNT 16 ph 2 fwd 0 hv 2
RC POS 16 id 3 seat 0 role raid fs 1 body 1 pos 25,4 stuck 1
V527 BUNKER HOLD 16 why trapped blk gate
RC WALK 16 id 3 role raid pos 25,4 tgt 25,6 want WEST
RC POS 16 id 5 seat 1 role expand fs 0 body 1 pos 3,18 stuck 1
RC WALK 16 id 5 role expand pos 3,18 tgt 3,20 want SOUTH
RC POS 16 id 7 seat 2 role expand fs 0 body 1 pos 4,16 stuck 0
RC POS 16 id 9 seat 3 role raid fs 1 body 2 pos 24,4 stuck 0
RC WALK 16 id 9 role raid pos 24,4 tgt 26,3 want NORTH
V527I SEALNT 17 ph 2 fwd 0 hv 2
RC POS 17 id 3 seat 0 role raid fs 1 body 1 pos 25,4 stuck 3
RC POS 17 id 5 seat 1 role expand fs 0 body 1 pos 3,19 stuck 0
RC POS 17 id 7 seat 2 role expand fs 0 body 1 pos 4,16 stuck 1
RC WALK 17 id 7 role expand pos 4,16 tgt 3,17 want WEST
RC POS 17 id 9 seat 3 role raid fs 1 body 2 pos 24,3 stuck 0
RC WALK 17 id 9 role raid pos 24,3 tgt 24,4 want SOUTH
V527I SEALNT 18 ph 2 fwd 0 hv 2
RC POS 18 id 3 seat 0 role raid fs 1 body 1 pos 25,3 stuck 0
RC POS 18 id 5 seat 1 role expand fs 0 body 1 pos 3,19 stuck 1
RC WALK 18 id 5 role expand pos 3,19 tgt 3,21 want SOUTH
RC POS 18 id 7 seat 2 role expand fs 0 body 1 pos 3,16 stuck 0
RC WALK 18 id 7 role expand pos 3,16 tgt 3,18 want SOUTH
RC POS 18 id 9 seat 3 role raid fs 1 body 2 pos 24,4 stuck 0
RC WALK 18 id 9 role raid pos 24,4 tgt 25,6 want SOUTH
V527I SEALNT 19 ph 2 fwd 0 hv 2
RC POS 19 id 3 seat 0 role raid fs 1 body 1 pos 25,3 stuck 1
RC POS 19 id 5 seat 1 role expand fs 0 body 1 pos 3,20 stuck 0
RC POS 19 id 7 seat 2 role expand fs 0 body 1 pos 3,17 stuck 0
RC WALK 19 id 7 role expand pos 3,17 tgt 3,19 want SOUTH
RC POS 19 id 9 seat 3 role raid fs 1 body 2 pos 24,5 stuck 0
V527I SEALNT 20 ph 2 fwd 0 hv 2
RC POS 20 id 3 seat 0 role raid fs 1 body 1 pos 25,3 stuck 2
RC WALK 20 id 3 role raid pos 25,3 tgt 25,6 want WEST
RC POS 20 id 5 seat 1 role expand fs 0 body 1 pos 3,20 stuck 1
RC WALK 20 id 5 role expand pos 3,20 tgt 3,22 want SOUTH
RC POS 20 id 7 seat 2 role expand fs 0 body 1 pos 3,18 stuck 0
RC WALK 20 id 7 role expand pos 3,18 tgt 3,20 want SOUTH
RC POS 20 id 9 seat 3 role raid fs 1 body 2 pos 24,4 stuck 0
RC WALK 20 id 9 role raid pos 24,4 tgt 25,6 want SOUTH
V527I SEALNT 21 ph 2 fwd 0 hv 2
RC POS 21 id 3 seat 0 role raid fs 1 body 1 pos 24,3 stuck 0
RC POS 21 id 5 seat 1 role expand fs 0 body 1 pos 3,21 stuck 0
RC POS 21 id 7 seat 2 role expand fs 0 body 1 pos 3,19 stuck 0
RC WALK 21 id 7 role expand pos 3,19 tgt 3,21 want SOUTH
RC POS 21 id 9 seat 3 role raid fs 1 body 2 pos 24,5 stuck 0
V527I SEALNT 22 ph 2 fwd 0 hv 2
RC POS 22 id 3 seat 0 role raid fs 1 body 1 pos 24,3 stuck 1
RC WALK 22 id 3 role raid pos 24,3 tgt 25,6 want WEST
RC POS 22 id 5 seat 1 role expand fs 0 body 1 pos 3,21 stuck 1
RC WALK 22 id 5 role expand pos 3,21 tgt 3,23 want SOUTH
RC POS 22 id 7 seat 2 role expand fs 0 body 1 pos 3,20 stuck 0
RC WALK 22 id 7 role expand pos 3,20 tgt 3,22 want SOUTH
RC POS 22 id 9 seat 3 role raid fs 1 body 2 pos 24,4 stuck 0
RC WALK 22 id 9 role raid pos 24,4 tgt 25,6 want SOUTH
V527I SEALNT 23 ph 2 fwd 0 hv 2
RC POS 23 id 3 seat 0 role raid fs 1 body 1 pos 23,3 stuck 0
RC WALK 23 id 3 role raid pos 23,3 tgt 25,6 want SOUTH
RC POS 23 id 5 seat 1 role expand fs 0 body 1 pos 3,22 stuck 0
RC POS 23 id 7 seat 2 role expand fs 0 body 1 pos 3,21 stuck 0
RC WALK 23 id 7 role expand pos 3,21 tgt 3,23 want WEST
V527I SEALNT 24 ph 2 fwd 0 hv 2
RC POS 24 id 3 seat 0 role raid fs 1 body 1 pos 23,4 stuck 0
RC WALK 24 id 3 role raid pos 23,4 tgt 25,6 want EAST
RC POS 24 id 5 seat 1 role expand fs 0 body 1 pos 3,22 stuck 1
RC WALK 24 id 5 role expand pos 3,22 tgt 3,23 want SOUTH
RC POS 24 id 7 seat 2 role expand fs 0 body 1 pos 2,21 stuck 0
RC WALK 24 id 7 role expand pos 2,21 tgt 3,23 want SOUTH
V527I SEALNT 25 ph 2 fwd 0 hv 2
RC POS 25 id 3 seat 0 role raid fs 1 body 1 pos 24,4 stuck 0
RC WALK 25 id 3 role raid pos 24,4 tgt 25,6 want SOUTH
RC POS 25 id 5 seat 1 role expand fs 0 body 1 pos 3,23 stuck 0
V528 PICK r 25 id 5 tgt 3,15 cs 8 bs 8 reg 0 cc 0 bc 0 cands 4 banned 0 regall 0 seat 1
RC WALK 25 id 5 role expand pos 3,23 tgt 3,15 want NORTH
RC POS 25 id 7 seat 2 role expand fs 0 body 1 pos 2,22 stuck 0
RC WALK 25 id 7 role expand pos 2,22 tgt 3,23 want SOUTH
V527I SEALNT 26 ph 2 fwd 0 hv 2
RC POS 26 id 3 seat 0 role raid fs 1 body 1 pos 24,5 stuck 0
RC POS 26 id 5 seat 1 role expand fs 0 body 1 pos 3,22 stuck 0
RC WALK 26 id 5 role expand pos 3,22 tgt 3,15 want NORTH
RC POS 26 id 7 seat 2 role expand fs 0 body 1 pos 2,23 stuck 0
RC WALK 26 id 7 role expand pos 2,23 tgt 3,23 want EAST
V527I SEALNT 27 ph 2 fwd 0 hv 2
RC POS 27 id 3 seat 0 role raid fs 1 body 1 pos 24,6 stuck 0
RC WALK 27 id 3 role raid pos 24,6 tgt 25,6 want EAST
RC POS 27 id 5 seat 1 role expand fs 0 body 1 pos 3,21 stuck 0
RC WALK 27 id 5 role expand pos 3,21 tgt 3,15 want NORTH
RC POS 27 id 7 seat 2 role expand fs 0 body 1 pos 3,23 stuck 0
V528 PICK r 27 id 7 tgt 6,16 cs 19 bs 19 reg 0 cc 3 bc 3 cands 4 banned 0 regall 0 seat 2
RC WALK 27 id 7 role expand pos 3,23 tgt 6,16 want NORTH
V527I SEALNT 28 ph 2 fwd 0 hv 2
RC POS 28 id 3 seat 0 role raid fs 1 body 1 pos 25,6 stuck 0
RC POS 28 id 5 seat 1 role expand fs 0 body 1 pos 3,20 stuck 0
RC WALK 28 id 5 role expand pos 3,20 tgt 3,15 want NORTH
RC POS 28 id 7 seat 2 role expand fs 0 body 1 pos 3,22 stuck 0
RC WALK 28 id 7 role expand pos 3,22 tgt 6,16 want NORTH
V527I SEALNT 29 ph 2 fwd 0 hv 2
RC POS 29 id 3 seat 0 role raid fs 1 body 1 pos 25,6 stuck 1
RC WALK 29 id 3 role raid pos 25,6 tgt 28,6 want SOUTH
RC POS 29 id 5 seat 1 role expand fs 0 body 1 pos 3,19 stuck 0
RC WALK 29 id 5 role expand pos 3,19 tgt 3,16 want NORTH
RC POS 29 id 7 seat 2 role expand fs 0 body 1 pos 3,21 stuck 0
RC WALK 29 id 7 role expand pos 3,21 tgt 6,16 want NORTH
V527I SEALNT 30 ph 2 fwd 0 hv 2
RC POS 30 id 3 seat 0 role raid fs 1 body 1 pos 25,7 stuck 0
RC WALK 30 id 3 role raid pos 25,7 tgt 27,7 want WEST
RC POS 30 id 5 seat 1 role expand fs 0 body 1 pos 3,18 stuck 0
RC WALK 30 id 5 role expand pos 3,18 tgt 3,16 want NORTH
RC POS 30 id 7 seat 2 role expand fs 0 body 1 pos 3,20 stuck 0
RC WALK 30 id 7 role expand pos 3,20 tgt 6,16 want NORTH
V527I SEALNT 31 ph 2 fwd 0 hv 2
RC POS 31 id 3 seat 0 role raid fs 1 body 1 pos 24,7 stuck 0
RC WALK 31 id 3 role raid pos 24,7 tgt 27,7 want SOUTH
RC POS 31 id 5 seat 1 role expand fs 0 body 1 pos 3,17 stuck 0
RC WALK 31 id 5 role expand pos 3,17 tgt 3,16 want NORTH
RC POS 31 id 7 seat 2 role expand fs 0 body 1 pos 3,19 stuck 0
RC WALK 31 id 7 role expand pos 3,19 tgt 5,16 want NORTH
V527I SEALNT 32 ph 2 fwd 0 hv 2
RC POS 32 id 3 seat 0 role raid fs 1 body 1 pos 24,8 stuck 0
RC WALK 32 id 3 role raid pos 24,8 tgt 27,7 want SOUTH
RC POS 32 id 5 seat 1 role expand fs 0 body 1 pos 3,16 stuck 0
V528 PICK r 32 id 5 tgt 2,10 cs 25 bs 25 reg 0 cc 6 bc 6 cands 3 banned 0 regall 0 seat 1
RC WALK 32 id 5 role expand pos 3,16 tgt 2,10 want WEST
RC POS 32 id 7 seat 2 role expand fs 0 body 1 pos 3,18 stuck 0
RC WALK 32 id 7 role expand pos 3,18 tgt 5,16 want EAST
V527I SEALNT 33 ph 2 fwd 0 hv 2
RC POS 33 id 3 seat 0 role raid fs 1 body 1 pos 24,9 stuck 0
RC WALK 33 id 3 role raid pos 24,9 tgt 24,4 want WEST
RC POS 33 id 5 seat 1 role expand fs 0 body 1 pos 2,16 stuck 0
RC WALK 33 id 5 role expand pos 2,16 tgt 2,10 want NORTH
RC POS 33 id 7 seat 2 role expand fs 0 body 1 pos 4,18 stuck 0
RC WALK 33 id 7 role expand pos 4,18 tgt 5,16 want NORTH
RC SEAT 33 id 69 seat 4
RC POS 33 id 69 seat 4 role raid fs 1 body 2 pos 3,26 stuck 0
V527I SEALNT 34 ph 2 fwd 0 hv 2
RC POS 34 id 3 seat 0 role raid fs 1 body 1 pos 23,9 stuck 0
RC WALK 34 id 3 role raid pos 23,9 tgt 24,4 want EAST
RC POS 34 id 5 seat 1 role expand fs 0 body 1 pos 2,15 stuck 0
RC WALK 34 id 5 role expand pos 2,15 tgt 2,10 want NORTH
RC POS 34 id 7 seat 2 role expand fs 0 body 1 pos 4,17 stuck 0
RC WALK 34 id 7 role expand pos 4,17 tgt 5,16 want EAST
RC POS 34 id 69 seat 4 role raid fs 1 body 2 pos 3,26 stuck 1
V527I SEALNT 35 ph 2 fwd 0 hv 2
RC POS 35 id 3 seat 0 role raid fs 1 body 1 pos 24,9 stuck 0
RC WALK 35 id 3 role raid pos 24,9 tgt 24,4 want WEST
RC POS 35 id 5 seat 1 role expand fs 0 body 1 pos 2,14 stuck 0
RC WALK 35 id 5 role expand pos 2,14 tgt 2,11 want NORTH
RC POS 35 id 7 seat 2 role expand fs 0 body 1 pos 5,17 stuck 0
RC WALK 35 id 7 role expand pos 5,17 tgt 5,16 want NORTH
RC POS 35 id 69 seat 4 role raid fs 1 body 2 pos 3,26 stuck 2
V527I SEALNT 36 ph 2 fwd 0 hv 2
RC POS 36 id 3 seat 0 role raid fs 1 body 1 pos 23,9 stuck 0
RC WALK 36 id 3 role raid pos 23,9 tgt 24,4 want EAST
RC POS 36 id 5 seat 1 role expand fs 0 body 1 pos 2,13 stuck 0
RC WALK 36 id 5 role expand pos 2,13 tgt 2,11 want NORTH
RC POS 36 id 7 seat 2 role expand fs 0 body 1 pos 5,16 stuck 0
V528 PICK r 36 id 7 tgt 18,26 cs 68 bs 68 reg 0 cc 15 bc 15 cands 3 banned 0 regall 0 seat 2
RC WALK 36 id 7 role expand pos 5,16 tgt 18,26 want SOUTH
RC POS 36 id 69 seat 4 role raid fs 1 body 2 pos 3,26 stuck 3
V527I SEALNT 37 ph 2 fwd 0 hv 2
RC POS 37 id 3 seat 0 role raid fs 1 body 1 pos 24,9 stuck 0
RC WALK 37 id 3 role raid pos 24,9 tgt 24,4 want WEST
RC POS 37 id 5 seat 1 role expand fs 0 body 1 pos 2,12 stuck 0
RC WALK 37 id 5 role expand pos 2,12 tgt 2,11 want NORTH
RC POS 37 id 7 seat 2 role expand fs 0 body 1 pos 5,17 stuck 0
RC WALK 37 id 7 role expand pos 5,17 tgt 18,26 want EAST
RC POS 37 id 69 seat 4 role raid fs 1 body 2 pos 3,26 stuck 4
V527I SEALNT 38 ph 2 fwd 0 hv 2
RC POS 38 id 3 seat 0 role raid fs 1 body 1 pos 23,9 stuck 0
RC WALK 38 id 3 role raid pos 23,9 tgt 24,4 want EAST
RC POS 38 id 5 seat 1 role expand fs 0 body 1 pos 2,11 stuck 0
V528 PICK r 38 id 5 tgt 2,10 cs 22 bs 22 reg 0 cc 7 bc 7 cands 3 banned 0 regall 0 seat 1
RC WALK 38 id 5 role expand pos 2,11 tgt 2,10 want NORTH
RC POS 38 id 7 seat 2 role expand fs 0 body 1 pos 6,17 stuck 0
RC WALK 38 id 7 role expand pos 6,17 tgt 18,26 want EAST
RC POS 38 id 69 seat 4 role raid fs 1 body 2 pos 3,26 stuck 5
V527I SEALNT 39 ph 2 fwd 0 hv 2
RC POS 39 id 3 seat 0 role raid fs 1 body 1 pos 24,9 stuck 0
RC WALK 39 id 3 role raid pos 24,9 tgt 24,4 want NORTH
RC POS 39 id 5 seat 1 role expand fs 0 body 1 pos 2,10 stuck 0
V528 PICK r 39 id 5 tgt 3,15 cs 6 bs 6 reg 0 cc 0 bc 0 cands 4 banned 0 regall 0 seat 1
RC WALK 39 id 5 role expand pos 2,10 tgt 3,15 want SOUTH
RC POS 39 id 7 seat 2 role expand fs 0 body 1 pos 7,17 stuck 0
RC WALK 39 id 7 role expand pos 7,17 tgt 18,26 want EAST
RC POS 39 id 69 seat 4 role raid fs 1 body 2 pos 3,26 stuck 6
V527I SEALNT 40 ph 2 fwd 0 hv 2
RC POS 40 id 3 seat 0 role raid fs 1 body 1 pos 24,8 stuck 0
RC WALK 40 id 3 role raid pos 24,8 tgt 27,7 want EAST
RC POS 40 id 5 seat 1 role expand fs 0 body 1 pos 2,11 stuck 0
RC WALK 40 id 5 role expand pos 2,11 tgt 2,10 want NORTH
RC POS 40 id 7 seat 2 role expand fs 0 body 1 pos 8,17 stuck 0
RC WALK 40 id 7 role expand pos 8,17 tgt 18,26 want EAST
RC POS 40 id 69 seat 4 role raid fs 1 body 2 pos 3,26 stuck 7
V527I SEALNT 41 ph 2 fwd 0 hv 2
RC POS 41 id 3 seat 0 role raid fs 1 body 1 pos 25,8 stuck 0
RC WALK 41 id 3 role raid pos 25,8 tgt 27,7 want EAST
RC POS 41 id 5 seat 1 role expand fs 0 body 1 pos 2,10 stuck 0
V528 PICK r 41 id 5 tgt 3,15 cs 6 bs 6 reg 0 cc 0 bc 0 cands 4 banned 0 regall 0 seat 1
RC WALK 41 id 5 role expand pos 2,10 tgt 3,15 want SOUTH
RC POS 41 id 7 seat 2 role expand fs 0 body 1 pos 9,17 stuck 0
RC WALK 41 id 7 role expand pos 9,17 tgt 18,26 want EAST
RC POS 41 id 69 seat 4 role raid fs 1 body 2 pos 8,23 stuck 0
RC WALK 41 id 69 role raid pos 8,23 tgt 28,3 want EAST
V527I SEALNT 42 ph 2 fwd 0 hv 2
RC POS 42 id 3 seat 0 role raid fs 1 body 1 pos 26,8 stuck 0
RC WALK 42 id 3 role raid pos 26,8 tgt 27,7 want EAST
RC POS 42 id 5 seat 1 role expand fs 0 body 1 pos 2,11 stuck 0
RC WALK 42 id 5 role expand pos 2,11 tgt 2,10 want NORTH
RC POS 42 id 7 seat 2 role expand fs 0 body 1 pos 10,17 stuck 0
RC WALK 42 id 7 role expand pos 10,17 tgt 18,26 want SOUTH
RC POS 42 id 69 seat 4 role raid fs 1 body 2 pos 9,23 stuck 0
RC WALK 42 id 69 role raid pos 9,23 tgt 28,3 want NORTH
V527I SEALNT 43 ph 2 fwd 0 hv 2
RC POS 43 id 3 seat 0 role raid fs 1 body 1 pos 27,8 stuck 0
RC WALK 43 id 3 role raid pos 27,8 tgt 27,7 want NORTH
RC POS 43 id 5 seat 1 role expand fs 0 body 1 pos 2,10 stuck 0
V528 PICK r 43 id 5 tgt 3,15 cs 6 bs 6 reg 0 cc 0 bc 0 cands 4 banned 0 regall 0 seat 1
RC WALK 43 id 5 role expand pos 2,10 tgt 3,15 want SOUTH
RC POS 43 id 7 seat 2 role expand fs 0 body 1 pos 10,18 stuck 0
RC WALK 43 id 7 role expand pos 10,18 tgt 10,19 want SOUTH
RC POS 43 id 69 seat 4 role raid fs 1 body 2 pos 9,22 stuck 0
RC WALK 43 id 69 role raid pos 9,22 tgt 28,3 want EAST
V527I SEALNT 44 ph 2 fwd 0 hv 2
RC POS 44 id 3 seat 0 role raid fs 1 body 1 pos 27,7 stuck 0
RC POS 44 id 5 seat 1 role expand fs 0 body 1 pos 2,11 stuck 0
RC WALK 44 id 5 role expand pos 2,11 tgt 2,10 want NORTH
RC POS 44 id 7 seat 2 role expand fs 0 body 1 pos 10,19 stuck 0
V528 PICK r 44 id 7 tgt 6,16 cs 7 bs 7 reg 0 cc 0 bc 0 cands 4 banned 0 regall 0 seat 2
RC WALK 44 id 7 role expand pos 10,19 tgt 11,19 want EAST
RC POS 44 id 69 seat 4 role raid fs 1 body 2 pos 10,22 stuck 0
RC WALK 44 id 69 role raid pos 10,22 tgt 28,3 want NORTH
V527I SEALNT 45 ph 2 fwd 0 hv 2
RC POS 45 id 3 seat 0 role raid fs 1 body 1 pos 27,7 stuck 1
RC WALK 45 id 3 role raid pos 27,7 tgt 28,6 want EAST
RC POS 45 id 5 seat 1 role expand fs 0 body 1 pos 2,10 stuck 0
V528 PICK r 45 id 5 tgt 3,15 cs 6 bs 6 reg 0 cc 0 bc 0 cands 4 banned 0 regall 0 seat 1
RC WALK 45 id 5 role expand pos 2,10 tgt 3,15 want SOUTH
RC POS 45 id 7 seat 2 role expand fs 0 body 1 pos 11,19 stuck 0
V528 PICK r 45 id 7 tgt 6,16 cs 8 bs 8 reg 0 cc 0 bc 0 cands 4 banned 0 regall 0 seat 2
RC WALK 45 id 7 role expand pos 11,19 tgt 6,16 want WEST
RC POS 45 id 69 seat 4 role raid fs 1 body 2 pos 10,21 stuck 0
RC WALK 45 id 69 role raid pos 10,21 tgt 28,3 want EAST
V527I SEALNT 46 ph 2 fwd 0 hv 2
RC POS 46 id 3 seat 0 role raid fs 1 body 1 pos 28,7 stuck 0
RC WALK 46 id 3 role raid pos 28,7 tgt 28,6 want NORTH
RC POS 46 id 5 seat 1 role expand fs 0 body 1 pos 2,11 stuck 0
V528 CONN r 46 id 5 at 2,10 chosen 7 best 7 regret 0 cands 2 role expand seat 1
RC POS 46 id 7 seat 2 role expand fs 0 body 1 pos 10,19 stuck 0
RC WALK 46 id 7 role expand pos 10,19 tgt 11,19 want EAST
RC POS 46 id 69 seat 4 role raid fs 1 body 2 pos 11,21 stuck 0
V527I SEALNT 47 ph 2 fwd 0 hv 3
RC POS 47 id 3 seat 0 role raid fs 1 body 1 pos 28,6 stuck 0
RC POS 47 id 5 seat 1 role expand fs 0 body 1 pos 2,11 stuck 1
RC POS 47 id 7 seat 2 role expand fs 0 body 1 pos 11,19 stuck 0
V528 PICK r 47 id 7 tgt 6,16 cs 8 bs 8 reg 0 cc 0 bc 0 cands 4 banned 0 regall 0 seat 2
RC WALK 47 id 7 role expand pos 11,19 tgt 6,16 want WEST
RC POS 47 id 69 seat 4 role raid fs 1 body 2 pos 11,21 stuck 1
V527I SEALNT 48 ph 2 fwd 0 hv 3
RC POS 48 id 3 seat 0 role raid fs 1 body 1 pos 28,6 stuck 1
RC WALK 48 id 3 role raid pos 28,6 tgt 28,3 want SOUTH
RC POS 48 id 5 seat 1 role expand fs 0 body 1 pos 2,11 stuck 2
RC POS 48 id 7 seat 2 role expand fs 0 body 1 pos 10,19 stuck 0
RC WALK 48 id 7 role expand pos 10,19 tgt 11,19 want EAST
RC POS 48 id 69 seat 4 role raid fs 1 body 2 pos 14,16 stuck 0
RC WALK 48 id 69 role raid pos 14,16 tgt 28,3 want NORTH
V527I SEALNT 49 ph 2 fwd 0 hv 3
RC POS 49 id 3 seat 0 role raid fs 1 body 1 pos 28,7 stuck 0
RC WALK 49 id 3 role raid pos 28,7 tgt 28,3 want WEST
RC POS 49 id 5 seat 1 role expand fs 0 body 1 pos 2,12 stuck 0
RC POS 49 id 7 seat 2 role expand fs 0 body 1 pos 11,19 stuck 0
V528 PICK r 49 id 7 tgt 6,16 cs 8 bs 8 reg 0 cc 0 bc 0 cands 4 banned 0 regall 0 seat 2
RC WALK 49 id 7 role expand pos 11,19 tgt 6,16 want WEST
RC POS 49 id 69 seat 4 role raid fs 1 body 2 pos 14,15 stuck 0
RC WALK 49 id 69 role raid pos 14,15 tgt 28,3 want EAST
V527I SEALNT 50 ph 2 fwd 0 hv 3
RC POS 50 id 3 seat 0 role raid fs 1 body 1 pos 27,7 stuck 0
RC WALK 50 id 3 role raid pos 27,7 tgt 27,3 want WEST
RC POS 50 id 5 seat 1 role expand fs 0 body 1 pos 2,12 stuck 1
RC POS 50 id 7 seat 2 role expand fs 0 body 1 pos 10,19 stuck 0
RC WALK 50 id 7 role expand pos 10,19 tgt 11,19 want EAST
RC POS 50 id 69 seat 4 role raid fs 1 body 2 pos 15,15 stuck 0
RC WALK 50 id 69 role raid pos 15,15 tgt 28,3 want EAST
V527I SEALNT 51 ph 2 fwd 0 hv 3
RC POS 51 id 3 seat 0 role raid fs 1 body 1 pos 26,7 stuck 0
RC WALK 51 id 3 role raid pos 26,7 tgt 26,2 want WEST
RC POS 51 id 5 seat 1 role expand fs 0 body 1 pos 2,12 stuck 2
RC WALK 51 id 5 role expand pos 2,12 tgt 2,14 want SOUTH
RC POS 51 id 7 seat 2 role expand fs 0 body 1 pos 11,19 stuck 0
V528 PICK r 51 id 7 tgt 6,16 cs 8 bs 8 reg 0 cc 0 bc 0 cands 4 banned 0 regall 0 seat 2
RC WALK 51 id 7 role expand pos 11,19 tgt 6,16 want WEST
RC POS 51 id 69 seat 4 role raid fs 1 body 2 pos 16,15 stuck 0
RC WALK 51 id 69 role raid pos 16,15 tgt 28,3 want EAST
V527I SEALNT 52 ph 2 fwd 0 hv 3
RC POS 52 id 3 seat 0 role raid fs 1 body 1 pos 25,7 stuck 0
RC WALK 52 id 3 role raid pos 25,7 tgt 26,2 want NORTH
RC POS 52 id 5 seat 1 role expand fs 0 body 1 pos 2,13 stuck 0
RC POS 52 id 7 seat 2 role expand fs 0 body 1 pos 10,19 stuck 0
RC WALK 52 id 7 role expand pos 10,19 tgt 11,19 want EAST
RC POS 52 id 69 seat 4 role raid fs 1 body 2 pos 17,15 stuck 0
RC WALK 52 id 69 role raid pos 17,15 tgt 28,3 want NORTH
V527I SEALNT 53 ph 2 fwd 0 hv 3
RC POS 53 id 3 seat 0 role raid fs 1 body 1 pos 25,6 stuck 0
RC WALK 53 id 3 role raid pos 25,6 tgt 26,2 want WEST
RC POS 53 id 5 seat 1 role expand fs 0 body 1 pos 2,13 stuck 1
RC WALK 53 id 5 role expand pos 2,13 tgt 2,15 want SOUTH
RC POS 53 id 7 seat 2 role expand fs 0 body 1 pos 11,19 stuck 0
V528 PICK r 53 id 7 tgt 6,16 cs 8 bs 8 reg 0 cc 0 bc 0 cands 4 banned 0 regall 0 seat 2
RC WALK 53 id 7 role expand pos 11,19 tgt 6,16 want WEST
RC POS 53 id 69 seat 4 role raid fs 1 body 2 pos 17,14 stuck 0
RC WALK 53 id 69 role raid pos 17,14 tgt 28,3 want EAST
V527I SEALNT 54 ph 2 fwd 0 hv 3
RC POS 54 id 3 seat 0 role raid fs 1 body 1 pos 24,6 stuck 0
RC WALK 54 id 3 role raid pos 24,6 tgt 26,2 want NORTH
RC POS 54 id 5 seat 1 role expand fs 0 body 1 pos 2,14 stuck 0
RC POS 54 id 7 seat 2 role expand fs 0 body 1 pos 10,19 stuck 0
RC WALK 54 id 7 role expand pos 10,19 tgt 11,19 want EAST
RC POS 54 id 69 seat 4 role raid fs 1 body 2 pos 18,14 stuck 0
RC WALK 54 id 69 role raid pos 18,14 tgt 28,3 want NORTH
V527I SEALNT 55 ph 2 fwd 0 hv 3
RC POS 55 id 3 seat 0 role raid fs 1 body 1 pos 24,5 stuck 0
RC WALK 55 id 3 role raid pos 24,5 tgt 26,2 want NORTH
RC POS 55 id 5 seat 1 role expand fs 0 body 1 pos 2,14 stuck 1
RC WALK 55 id 5 role expand pos 2,14 tgt 2,16 want SOUTH
RC POS 55 id 7 seat 2 role expand fs 0 body 1 pos 11,19 stuck 0
V528 PICK r 55 id 7 tgt 6,16 cs 8 bs 8 reg 0 cc 0 bc 0 cands 4 banned 0 regall 0 seat 2
RC WALK 55 id 7 role expand pos 11,19 tgt 6,16 want WEST
RC POS 55 id 69 seat 4 role raid fs 1 body 2 pos 18,13 stuck 0
RC WALK 55 id 69 role raid pos 18,13 tgt 28,3 want EAST
V527I SEALNT 56 ph 2 fwd 0 hv 3
RC POS 56 id 3 seat 0 role raid fs 1 body 1 pos 24,4 stuck 0
RC WALK 56 id 3 role raid pos 24,4 tgt 26,2 want NORTH
RC POS 56 id 5 seat 1 role expand fs 0 body 1 pos 2,15 stuck 0
RC POS 56 id 7 seat 2 role expand fs 0 body 1 pos 10,19 stuck 0
RC WALK 56 id 7 role expand pos 10,19 tgt 11,19 want EAST
RC POS 56 id 69 seat 4 role raid fs 1 body 2 pos 19,13 stuck 0
V527I SEALNT 57 ph 2 fwd 0 hv 3
RC POS 57 id 3 seat 0 role raid fs 1 body 1 pos 24,3 stuck 0
RC WALK 57 id 3 role raid pos 24,3 tgt 26,2 want NORTH
RC POS 57 id 5 seat 1 role expand fs 0 body 1 pos 2,15 stuck 1
RC WALK 57 id 5 role expand pos 2,15 tgt 2,17 want SOUTH
RC POS 57 id 7 seat 2 role expand fs 0 body 1 pos 11,19 stuck 0
V528 PICK r 57 id 7 tgt 6,16 cs 8 bs 8 reg 0 cc 0 bc 0 cands 4 banned 0 regall 0 seat 2
RC WALK 57 id 7 role expand pos 11,19 tgt 6,16 want WEST
RC POS 57 id 69 seat 4 role raid fs 1 body 2 pos 19,13 stuck 1
V527I SEALNT 58 ph 2 fwd 0 hv 3
RC POS 58 id 3 seat 0 role raid fs 1 body 1 pos 24,2 stuck 0
RC WALK 58 id 3 role raid pos 24,2 tgt 26,2 want EAST
RC POS 58 id 5 seat 1 role expand fs 0 body 1 pos 2,16 stuck 0
RC POS 58 id 7 seat 2 role expand fs 0 body 1 pos 10,19 stuck 0
RC WALK 58 id 7 role expand pos 10,19 tgt 11,19 want EAST
RC POS 58 id 69 seat 4 role raid fs 1 body 2 pos 22,8 stuck 0
RC WALK 58 id 69 role raid pos 22,8 tgt 28,3 want EAST
V527I SEALNT 59 ph 2 fwd 0 hv 3
RC POS 59 id 3 seat 0 role raid fs 1 body 1 pos 25,2 stuck 0
RC WALK 59 id 3 role raid pos 25,2 tgt 26,2 want EAST
RC POS 59 id 5 seat 1 role expand fs 0 body 1 pos 2,16 stuck 1
RC WALK 59 id 5 role expand pos 2,16 tgt 2,18 want SOUTH
RC POS 59 id 7 seat 2 role expand fs 0 body 1 pos 11,19 stuck 0
V528 PICK r 59 id 7 tgt 6,16 cs 8 bs 8 reg 0 cc 0 bc 0 cands 4 banned 0 regall 0 seat 2
RC WALK 59 id 7 role expand pos 11,19 tgt 6,16 want WEST
RC POS 59 id 69 seat 4 role raid fs 1 body 2 pos 23,8 stuck 0
RC WALK 59 id 69 role raid pos 23,8 tgt 28,3 want NORTH
V527I SEALNT 60 ph 2 fwd 0 hv 3
RC POS 60 id 3 seat 0 role raid fs 1 body 1 pos 26,2 stuck 0
RC POS 60 id 5 seat 1 role expand fs 0 body 1 pos 2,17 stuck 0
RC POS 60 id 7 seat 2 role expand fs 0 body 1 pos 10,19 stuck 0
RC WALK 60 id 7 role expand pos 10,19 tgt 11,19 want EAST
RC POS 60 id 69 seat 4 role raid fs 1 body 2 pos 23,7 stuck 0
RC WALK 60 id 69 role raid pos 23,7 tgt 28,3 want EAST
V527I SEALNT 61 ph 2 fwd 0 hv 3
RC POS 61 id 3 seat 0 role raid fs 1 body 1 pos 26,2 stuck 1
RC WALK 61 id 3 role raid pos 26,2 tgt 28,3 want EAST
RC POS 61 id 5 seat 1 role expand fs 0 body 1 pos 2,17 stuck 1
RC WALK 61 id 5 role expand pos 2,17 tgt 2,19 want SOUTH
RC POS 61 id 7 seat 2 role expand fs 0 body 1 pos 11,19 stuck 0
V528 PICK r 61 id 7 tgt 6,16 cs 8 bs 8 reg 0 cc 0 bc 0 cands 4 banned 0 regall 0 seat 2
RC WALK 61 id 7 role expand pos 11,19 tgt 6,16 want WEST
RC POS 61 id 69 seat 4 role raid fs 1 body 2 pos 24,7 stuck 0
RC WALK 61 id 69 role raid pos 24,7 tgt 27,2 want NORTH
V527I SEALNT 62 ph 2 fwd 0 hv 3
RC POS 62 id 3 seat 0 role raid fs 1 body 1 pos 27,2 stuck 0
RC POS 62 id 5 seat 1 role expand fs 0 body 1 pos 2,18 stuck 0
RC POS 62 id 7 seat 2 role expand fs 0 body 1 pos 10,19 stuck 0
RC WALK 62 id 7 role expand pos 10,19 tgt 11,19 want EAST
RC POS 62 id 69 seat 4 role raid fs 1 body 2 pos 24,6 stuck 0
V527 BUNKER HOLD 62 why collar blk gate
RC WALK 62 id 69 role raid pos 24,6 tgt 28,3 want NORTH
V527I SEALNT 63 ph 2 fwd 0 hv 3
RC POS 63 id 3 seat 0 role raid fs 1 body 1 pos 27,3 stuck 0
V527 BUNKER HOLD 63 why collar blk gate
RC WALK 63 id 3 role raid pos 27,3 tgt 28,3 want EAST
RC POS 63 id 5 seat 1 role expand fs 0 body 1 pos 2,18 stuck 1
RC WALK 63 id 5 role expand pos 2,18 tgt 2,20 want SOUTH
RC POS 63 id 7 seat 2 role expand fs 0 body 1 pos 11,19 stuck 0
V528 PICK r 63 id 7 tgt 6,16 cs 8 bs 8 reg 0 cc 0 bc 0 cands 4 banned 0 regall 0 seat 2
RC WALK 63 id 7 role expand pos 11,19 tgt 6,16 want WEST
RC POS 63 id 69 seat 4 role raid fs 1 body 2 pos 24,5 stuck 0
RC WALK 63 id 69 role raid pos 24,5 tgt 27,2 want NORTH
V527I SEALNT 64 ph 2 fwd 0 hv 3
RC POS 64 id 3 seat 0 role raid fs 1 body 1 pos 28,3 stuck 0
RC POS 64 id 5 seat 1 role expand fs 0 body 1 pos 2,19 stuck 0
RC POS 64 id 7 seat 2 role expand fs 0 body 1 pos 10,19 stuck 0
RC WALK 64 id 7 role expand pos 10,19 tgt 11,19 want EAST
RC POS 64 id 69 seat 4 role raid fs 1 body 2 pos 24,4 stuck 0
V527 BUNKER HOLD 64 why collar blk gate
RC WALK 64 id 69 role raid pos 24,4 tgt 29,4 want NORTH
V527I SEALNT 65 ph 2 fwd 0 hv 3
RC POS 65 id 3 seat 0 role raid fs 1 body 1 pos 28,3 stuck 1
RC POS 65 id 5 seat 1 role expand fs 0 body 1 pos 2,19 stuck 1
RC WALK 65 id 5 role expand pos 2,19 tgt 2,21 want SOUTH
RC POS 65 id 7 seat 2 role expand fs 0 body 1 pos 11,19 stuck 0
V528 PICK r 65 id 7 tgt 6,16 cs 8 bs 8 reg 0 cc 0 bc 0 cands 4 banned 0 regall 0 seat 2
RC WALK 65 id 7 role expand pos 11,19 tgt 6,16 want WEST
RC POS 65 id 69 seat 4 role raid fs 1 body 2 pos 24,3 stuck 0
V527 BUNKER HOLD 65 why collar blk gate
RC WALK 65 id 69 role raid pos 24,3 tgt 24,6 want WEST
V527I SEALNT 66 ph 2 fwd 0 hv 3
RC POS 66 id 3 seat 0 role raid fs 1 body 1 pos 28,3 stuck 2
V527 BUNKER HOLD 66 why collar blk gate
RC WALK 66 id 3 role raid pos 28,3 tgt 29,6 want EAST
RC POS 66 id 5 seat 1 role expand fs 0 body 1 pos 2,20 stuck 0
RC POS 66 id 7 seat 2 role expand fs 0 body 1 pos 10,19 stuck 0
RC WALK 66 id 7 role expand pos 10,19 tgt 11,19 want EAST
RC POS 66 id 69 seat 4 role raid fs 1 body 2 pos 23,3 stuck 0
RC WALK 66 id 69 role raid pos 23,3 tgt 28,3 want EAST
V527I SEALNT 67 ph 3 fwd 0 hv 3
V527 PSURV ARM 67 ph 3 repl 0 cap 4
RC POS 67 id 3 seat 0 role raid fs 1 body 1 pos 29,3 stuck 0
V527 BUNKER HOLD 67 why collar blk gate
RC WALK 67 id 3 role raid pos 29,3 tgt 29,6 want SOUTH
RC POS 67 id 5 seat 1 role expand fs 0 body 1 pos 2,20 stuck 1
RC WALK 67 id 5 role expand pos 2,20 tgt 2,22 want SOUTH
RC POS 67 id 7 seat 2 role expand fs 0 body 1 pos 11,19 stuck 0
V528 PICK r 67 id 7 tgt 6,16 cs 8 bs 8 reg 0 cc 0 bc 0 cands 4 banned 0 regall 0 seat 2
RC WALK 67 id 7 role expand pos 11,19 tgt 6,16 want WEST
RC POS 67 id 69 seat 4 role raid fs 1 body 2 pos 24,3 stuck 0
V527 BUNKER HOLD 67 why collar blk gate
RC WALK 67 id 69 role raid pos 24,3 tgt 24,6 want WEST
V527I SEALNT 68 ph 3 fwd 0 hv 3
RC POS 68 id 3 seat 0 role raid fs 1 body 1 pos 29,4 stuck 0
V527 BUNKER HOLD 68 why collar blk gate
RC WALK 68 id 3 role raid pos 29,4 tgt 29,6 want SOUTH
RC POS 68 id 5 seat 1 role expand fs 0 body 1 pos 2,21 stuck 0
RC POS 68 id 7 seat 2 role expand fs 0 body 1 pos 10,19 stuck 0
RC WALK 68 id 7 role expand pos 10,19 tgt 11,19 want EAST
RC POS 68 id 69 seat 4 role raid fs 1 body 2 pos 23,3 stuck 0
RC WALK 68 id 69 role raid pos 23,3 tgt 28,3 want EAST
V527I SEALNT 69 ph 3 fwd 0 hv 3
RC POS 69 id 3 seat 0 role raid fs 1 body 1 pos 29,5 stuck 0
V527 BUNKER HOLD 69 why collar blk gate
RC WALK 69 id 3 role raid pos 29,5 tgt 29,6 want SOUTH
RC POS 69 id 5 seat 1 role expand fs 0 body 1 pos 2,21 stuck 1
RC WALK 69 id 5 role expand pos 2,21 tgt 2,23 want SOUTH
RC POS 69 id 7 seat 2 role expand fs 0 body 1 pos 11,19 stuck 0
V528 PICK r 69 id 7 tgt 6,16 cs 8 bs 8 reg 0 cc 0 bc 0 cands 4 banned 0 regall 0 seat 2
RC WALK 69 id 7 role expand pos 11,19 tgt 6,16 want WEST
RC POS 69 id 69 seat 4 role raid fs 1 body 2 pos 24,3 stuck 0
V527 BUNKER HOLD 69 why collar blk gate
RC WALK 69 id 69 role raid pos 24,3 tgt 24,6 want WEST
V527I SEALNT 70 ph 3 fwd 0 hv 3
RC POS 70 id 3 seat 0 role raid fs 1 body 1 pos 29,6 stuck 0
RC POS 70 id 5 seat 1 role expand fs 0 body 1 pos 2,22 stuck 0
RC WALK 70 id 5 role expand pos 2,22 tgt 2,23 want CENTRE
RC POS 70 id 7 seat 2 role expand fs 0 body 1 pos 10,19 stuck 0
RC WALK 70 id 7 role expand pos 10,19 tgt 11,19 want EAST
RC POS 70 id 69 seat 4 role raid fs 1 body 2 pos 23,3 stuck 0
RC WALK 70 id 69 role raid pos 23,3 tgt 28,3 want EAST
V527I SEALNT 71 ph 3 fwd 0 hv 3
RC POS 71 id 3 seat 0 role raid fs 1 body 1 pos 29,6 stuck 1
V527 BUNKER HOLD 71 why collar blk gate
RC WALK 71 id 3 role raid pos 29,6 tgt 25,7 want SOUTH
RC POS 71 id 5 seat 1 role expand fs 0 body 1 pos 2,22 stuck 1
RC WALK 71 id 5 role expand pos 2,22 tgt 2,23 want CENTRE
RC POS 71 id 7 seat 2 role expand fs 0 body 1 pos 11,19 stuck 0
V528 PICK r 71 id 7 tgt 6,16 cs 8 bs 8 reg 0 cc 0 bc 0 cands 4 banned 0 regall 0 seat 2
RC WALK 71 id 7 role expand pos 11,19 tgt 6,16 want WEST
RC POS 71 id 69 seat 4 role raid fs 1 body 2 pos 24,3 stuck 0
V527 BUNKER HOLD 71 why collar blk gate
RC WALK 71 id 69 role raid pos 24,3 tgt 24,6 want SOUTH
V527I SEALNT 72 ph 3 fwd 0 hv 3
RC POS 72 id 3 seat 0 role raid fs 1 body 1 pos 29,7 stuck 0
RC WALK 72 id 3 role raid pos 29,7 tgt 25,3 want WEST
RC POS 72 id 5 seat 1 role expand fs 0 body 1 pos 2,22 stuck 2
RC WALK 72 id 5 role expand pos 2,22 tgt 2,23 want CENTRE
RC POS 72 id 7 seat 2 role expand fs 0 body 1 pos 10,19 stuck 0
RC WALK 72 id 7 role expand pos 10,19 tgt 11,19 want EAST
RC POS 72 id 69 seat 4 role raid fs 1 body 2 pos 24,4 stuck 0
V527 BUNKER HOLD 72 why collar blk gate
RC WALK 72 id 69 role raid pos 24,4 tgt 24,6 want SOUTH
V527I SEALNT 73 ph 2 fwd 0 hv 3
RC POS 73 id 3 seat 0 role raid fs 1 body 1 pos 28,7 stuck 0
V527 BUNKER HOLD 73 why collar blk gate
RC WALK 73 id 3 role raid pos 28,7 tgt 25,7 want WEST
RC POS 73 id 5 seat 1 role expand fs 0 body 1 pos 2,22 stuck 3
RC WALK 73 id 5 role expand pos 2,22 tgt 2,23 want CENTRE
RC POS 73 id 7 seat 2 role expand fs 0 body 1 pos 11,19 stuck 0
V528 PICK r 73 id 7 tgt 6,16 cs 8 bs 8 reg 0 cc 0 bc 0 cands 4 banned 0 regall 0 seat 2
RC WALK 73 id 7 role expand pos 11,19 tgt 6,16 want WEST
RC POS 73 id 69 seat 4 role raid fs 1 body 2 pos 24,5 stuck 0
V527I SEALNT 74 ph 3 fwd 0 hv 3
RC POS 74 id 3 seat 0 role raid fs 1 body 1 pos 27,7 stuck 0
V527 BUNKER HOLD 74 why collar blk gate
RC WALK 74 id 3 role raid pos 27,7 tgt 25,7 want WEST
RC POS 74 id 5 seat 1 role expand fs 0 body 1 pos 2,22 stuck 4
RC WALK 74 id 5 role expand pos 2,22 tgt 2,23 want CENTRE
RC POS 74 id 7 seat 2 role expand fs 0 body 1 pos 10,19 stuck 0
RC WALK 74 id 7 role expand pos 10,19 tgt 11,19 want EAST
RC POS 74 id 69 seat 4 role raid fs 1 body 2 pos 24,4 stuck 0
V527 BUNKER HOLD 74 why collar blk gate
RC WALK 74 id 69 role raid pos 24,4 tgt 24,6 want SOUTH
V527I SEALNT 75 ph 3 fwd 0 hv 3
RC POS 75 id 3 seat 0 role raid fs 1 body 1 pos 26,7 stuck 0
V527 BUNKER HOLD 75 why collar blk gate
RC WALK 75 id 3 role raid pos 26,7 tgt 25,7 want WEST
RC POS 75 id 5 seat 1 role expand fs 0 body 1 pos 2,22 stuck 5
RC POS 75 id 7 seat 2 role expand fs 0 body 1 pos 11,19 stuck 0
V528 PICK r 75 id 7 tgt 6,16 cs 8 bs 8 reg 0 cc 0 bc 0 cands 4 banned 0 regall 0 seat 2
RC WALK 75 id 7 role expand pos 11,19 tgt 6,16 want WEST
RC POS 75 id 69 seat 4 role raid fs 1 body 2 pos 24,5 stuck 0
V527I SEALNT 76 ph 3 fwd 0 hv 3
RC POS 76 id 3 seat 0 role raid fs 1 body 1 pos 25,7 stuck 0
V527 BUNKER HOLD 76 why collar blk gate
RC POS 76 id 5 seat 1 role expand fs 0 body 1 pos 2,22 stuck 6
V528 PICK r 76 id 5 tgt 3,15 cs 8 bs 8 reg 0 cc 0 bc 0 cands 4 banned 0 regall 0 seat 1
RC WALK 76 id 5 role expand pos 2,22 tgt 3,15 want NORTH
RC POS 76 id 7 seat 2 role expand fs 0 body 1 pos 10,19 stuck 0
RC WALK 76 id 7 role expand pos 10,19 tgt 11,19 want EAST
RC POS 76 id 69 seat 4 role raid fs 1 body 2 pos 24,4 stuck 0
V527 BUNKER HOLD 76 why collar blk gate
RC WALK 76 id 69 role raid pos 24,4 tgt 24,6 want SOUTH
V527I SEALNT 77 ph 3 fwd 0 hv 3
RC POS 77 id 3 seat 0 role raid fs 1 body 1 pos 25,7 stuck 1
V527 BUNKER HOLD 77 why collar blk gate
RC POS 77 id 5 seat 1 role expand fs 0 body 1 pos 2,21 stuck 0
RC WALK 77 id 5 role expand pos 2,21 tgt 3,15 want NORTH
RC POS 77 id 7 seat 2 role expand fs 0 body 1 pos 11,19 stuck 0
V528 PICK r 77 id 7 tgt 6,16 cs 8 bs 8 reg 0 cc 0 bc 0 cands 4 banned 0 regall 0 seat 2
RC WALK 77 id 7 role expand pos 11,19 tgt 6,16 want WEST
RC POS 77 id 69 seat 4 role raid fs 1 body 2 pos 24,5 stuck 0
V527 BUNKER HOLD 77 why collar blk gate
RC WALK 77 id 69 role raid pos 24,5 tgt 24,6 want SOUTH
V527I SEALNT 78 ph 3 fwd 0 hv 3
RC POS 78 id 3 seat 0 role raid fs 1 body 1 pos 25,7 stuck 2
V527 BUNKER HOLD 78 why collar blk gate
RC POS 78 id 5 seat 1 role expand fs 0 body 1 pos 2,20 stuck 0
RC WALK 78 id 5 role expand pos 2,20 tgt 3,15 want NORTH
RC POS 78 id 7 seat 2 role expand fs 0 body 1 pos 10,19 stuck 0
RC WALK 78 id 7 role expand pos 10,19 tgt 11,19 want EAST
RC POS 78 id 69 seat 4 role raid fs 1 body 2 pos 24,6 stuck 0
V527 BUNKER HOLD 78 why collar blk gate
V527I SEALNT 79 ph 3 fwd 0 hv 3
RC POS 79 id 3 seat 0 role raid fs 1 body 1 pos 25,7 stuck 3
V527 BUNKER HOLD 79 why collar blk gate
RC POS 79 id 5 seat 1 role expand fs 0 body 1 pos 2,19 stuck 0
RC WALK 79 id 5 role expand pos 2,19 tgt 3,16 want NORTH
RC POS 79 id 7 seat 2 role expand fs 0 body 1 pos 11,19 stuck 0
V528 PICK r 79 id 7 tgt 6,16 cs 8 bs 8 reg 0 cc 0 bc 0 cands 4 banned 0 regall 0 seat 2
RC WALK 79 id 7 role expand pos 11,19 tgt 6,16 want WEST
RC POS 79 id 69 seat 4 role raid fs 1 body 2 pos 24,6 stuck 1
V527 BUNKER HOLD 79 why collar blk gate
V527I SEALNT 80 ph 3 fwd 0 hv 3
RC POS 80 id 3 seat 0 role raid fs 1 body 1 pos 25,7 stuck 4
V527 BUNKER HOLD 80 why collar blk gate
RC POS 80 id 5 seat 1 role expand fs 0 body 1 pos 2,18 stuck 0
RC WALK 80 id 5 role expand pos 2,18 tgt 3,16 want NORTH
RC POS 80 id 7 seat 2 role expand fs 0 body 1 pos 10,19 stuck 0
RC WALK 80 id 7 role expand pos 10,19 tgt 11,19 want EAST
RC POS 80 id 69 seat 4 role raid fs 1 body 2 pos 24,6 stuck 2
V527 BUNKER HOLD 80 why collar blk gate
V527I SEALNT 81 ph 3 fwd 0 hv 3
RC POS 81 id 3 seat 0 role raid fs 1 body 1 pos 25,7 stuck 5
V527 BUNKER HOLD 81 why collar blk gate
RC POS 81 id 5 seat 1 role expand fs 0 body 1 pos 2,17 stuck 0
RC WALK 81 id 5 role expand pos 2,17 tgt 3,16 want EAST
RC POS 81 id 7 seat 2 role expand fs 0 body 1 pos 11,19 stuck 0
V528 PICK r 81 id 7 tgt 6,16 cs 8 bs 8 reg 0 cc 0 bc 0 cands 4 banned 0 regall 0 seat 2
RC WALK 81 id 7 role expand pos 11,19 tgt 6,16 want WEST
RC POS 81 id 69 seat 4 role raid fs 1 body 2 pos 24,6 stuck 3
V527 BUNKER HOLD 81 why collar blk gate
V527I SEALNT 82 ph 3 fwd 0 hv 3
RC POS 82 id 3 seat 0 role raid fs 1 body 1 pos 25,7 stuck 6
RC POS 82 id 5 seat 1 role expand fs 0 body 1 pos 3,17 stuck 0
RC WALK 82 id 5 role expand pos 3,17 tgt 3,16 want NORTH
RC POS 82 id 7 seat 2 role expand fs 0 body 1 pos 10,19 stuck 0
RC WALK 82 id 7 role expand pos 10,19 tgt 11,19 want EAST
RC POS 82 id 69 seat 4 role raid fs 1 body 2 pos 24,6 stuck 4
V527 BUNKER HOLD 82 why collar blk gate
RC WALK 82 id 69 role raid pos 24,6 tgt 28,3 want NORTH
V527I SEALNT 83 ph 3 fwd 0 hv 3
RC POS 83 id 3 seat 0 role raid fs 1 body 1 pos 25,7 stuck 7
V527 BUNKER HOLD 83 why collar blk gate
RC WALK 83 id 3 role raid pos 25,7 tgt 28,3 want EAST
RC POS 83 id 5 seat 1 role expand fs 0 body 1 pos 3,16 stuck 0
V528 PICK r 83 id 5 tgt 2,10 cs 25 bs 25 reg 0 cc 6 bc 6 cands 3 banned 0 regall 0 seat 1
RC WALK 83 id 5 role expand pos 3,16 tgt 2,10 want WEST
RC POS 83 id 7 seat 2 role expand fs 0 body 1 pos 11,19 stuck 0
V528 PICK r 83 id 7 tgt 6,16 cs 8 bs 8 reg 0 cc 0 bc 0 cands 4 banned 0 regall 0 seat 2
RC WALK 83 id 7 role expand pos 11,19 tgt 6,16 want WEST
RC POS 83 id 69 seat 4 role raid fs 1 body 2 pos 24,5 stuck 0
V527 BUNKER HOLD 83 why collar blk gate
RC WALK 83 id 69 role raid pos 24,5 tgt 28,3 want NORTH
V527I SEALNT 84 ph 3 fwd 0 hv 3
RC POS 84 id 3 seat 0 role raid fs 1 body 1 pos 26,7 stuck 0
RC POS 84 id 5 seat 1 role expand fs 0 body 1 pos 2,16 stuck 0
RC WALK 84 id 5 role expand pos 2,16 tgt 2,10 want NORTH
RC POS 84 id 7 seat 2 role expand fs 0 body 1 pos 10,19 stuck 0
RC WALK 84 id 7 role expand pos 10,19 tgt 11,19 want EAST
RC POS 84 id 69 seat 4 role raid fs 1 body 2 pos 24,4 stuck 0
V527 BUNKER HOLD 84 why collar blk gate
RC WALK 84 id 69 role raid pos 24,4 tgt 28,3 want NORTH
V527I SEALNT 85 ph 3 fwd 1 hv 3
RC POS 85 id 3 seat 0 role raid fs 1 body 1 pos 26,7 stuck 1
V527 BUNKER HOLD 85 why collar blk gate
RC WALK 85 id 3 role raid pos 26,7 tgt 28,3 want SOUTH
RC POS 85 id 5 seat 1 role expand fs 0 body 1 pos 2,15 stuck 0
RC WALK 85 id 5 role expand pos 2,15 tgt 2,10 want NORTH
RC POS 85 id 7 seat 2 role expand fs 0 body 1 pos 11,19 stuck 0
V528 PICK r 85 id 7 tgt 6,16 cs 8 bs 8 reg 0 cc 0 bc 0 cands 4 banned 0 regall 0 seat 2
RC WALK 85 id 7 role expand pos 11,19 tgt 6,16 want WEST
RC POS 85 id 69 seat 4 role raid fs 1 body 2 pos 24,3 stuck 0
V527 BUNKER HOLD 85 why collar blk gate
RC WALK 85 id 69 role raid pos 24,3 tgt 29,6 want SOUTH
V527I SEALNT 86 ph 4 fwd 1 hv 3
RC POS 86 id 3 seat 0 role raid fs 1 body 1 pos 26,8 stuck 0
RC WALK 86 id 3 role raid pos 26,8 tgt 26,2 want NORTH
RC POS 86 id 5 seat 1 role expand fs 0 body 1 pos 2,14 stuck 0
RC WALK 86 id 5 role expand pos 2,14 tgt 2,11 want NORTH
RC POS 86 id 7 seat 2 role expand fs 0 body 1 pos 10,19 stuck 0
RC WALK 86 id 7 role expand pos 10,19 tgt 11,19 want EAST
RC POS 86 id 69 seat 4 role raid fs 1 body 2 pos 24,4 stuck 0
V527 BUNKER HOLD 86 why collar blk gate
RC WALK 86 id 69 role raid pos 24,4 tgt 28,3 want NORTH
V527I SEALNT 87 ph 5 fwd 1 hv 3
RC POS 87 id 3 seat 0 role raid fs 1 body 1 pos 26,7 stuck 0
V527 BUNKER HOLD 87 why collar blk gate
RC WALK 87 id 3 role raid pos 26,7 tgt 28,3 want SOUTH
RC POS 87 id 5 seat 1 role expand fs 0 body 1 pos 2,13 stuck 0
RC WALK 87 id 5 role expand pos 2,13 tgt 2,11 want NORTH
RC POS 87 id 7 seat 2 role expand fs 0 body 1 pos 11,19 stuck 0
V528 PICK r 87 id 7 tgt 6,16 cs 8 bs 8 reg 0 cc 0 bc 0 cands 4 banned 0 regall 0 seat 2
RC WALK 87 id 7 role expand pos 11,19 tgt 6,16 want WEST
RC POS 87 id 69 seat 4 role raid fs 1 body 2 pos 24,3 stuck 0
V527 BUNKER HOLD 87 why collar blk gate
RC WALK 87 id 69 role raid pos 24,3 tgt 29,6 want SOUTH
V527I SEALNT 88 ph 4 fwd 1 hv 3
RC POS 88 id 3 seat 0 role raid fs 1 body 1 pos 26,8 stuck 0
RC WALK 88 id 3 role raid pos 26,8 tgt 26,2 want NORTH
RC POS 88 id 5 seat 1 role expand fs 0 body 1 pos 2,12 stuck 0
RC WALK 88 id 5 role expand pos 2,12 tgt 2,11 want NORTH
RC POS 88 id 7 seat 2 role expand fs 0 body 1 pos 10,19 stuck 0
RC WALK 88 id 7 role expand pos 10,19 tgt 11,19 want EAST
RC POS 88 id 69 seat 4 role raid fs 1 body 2 pos 24,4 stuck 0
V527 BUNKER HOLD 88 why collar blk gate
RC WALK 88 id 69 role raid pos 24,4 tgt 28,3 want NORTH
V527I SEALNT 89 ph 5 fwd 1 hv 3
RC POS 89 id 3 seat 0 role raid fs 1 body 1 pos 26,7 stuck 0
V527 BUNKER HOLD 89 why collar blk gate
RC WALK 89 id 3 role raid pos 26,7 tgt 28,3 want SOUTH
RC POS 89 id 5 seat 1 role expand fs 0 body 1 pos 2,11 stuck 0
V528 PICK r 89 id 5 tgt 11,3 cs 74 bs 74 reg 0 cc 19 bc 19 cands 2 banned 0 regall 0 seat 1
RC WALK 89 id 5 role expand pos 2,11 tgt 11,3 want EAST
RC POS 89 id 7 seat 2 role expand fs 0 body 1 pos 11,19 stuck 0
V528 PICK r 89 id 7 tgt 6,16 cs 8 bs 8 reg 0 cc 0 bc 0 cands 4 banned 0 regall 0 seat 2
RC WALK 89 id 7 role expand pos 11,19 tgt 6,16 want WEST
RC POS 89 id 69 seat 4 role raid fs 1 body 2 pos 24,3 stuck 0
V527 BUNKER HOLD 89 why collar blk gate
RC WALK 89 id 69 role raid pos 24,3 tgt 29,6 want SOUTH
V527I SEALNT 90 ph 4 fwd 1 hv 3
RC POS 90 id 3 seat 0 role raid fs 1 body 1 pos 26,8 stuck 0
RC WALK 90 id 3 role raid pos 26,8 tgt 26,2 want NORTH
RC POS 90 id 5 seat 1 role expand fs 0 body 1 pos 3,11 stuck 0
RC WALK 90 id 5 role expand pos 3,11 tgt 11,3 want EAST
RC POS 90 id 7 seat 2 role expand fs 0 body 1 pos 10,19 stuck 0
RC WALK 90 id 7 role expand pos 10,19 tgt 11,19 want EAST
RC POS 90 id 69 seat 4 role raid fs 1 body 2 pos 24,4 stuck 0
V527 BUNKER HOLD 90 why collar blk gate
RC WALK 90 id 69 role raid pos 24,4 tgt 28,3 want NORTH
V527I SEALNT 91 ph 5 fwd 1 hv 3
RC POS 91 id 3 seat 0 role raid fs 1 body 1 pos 26,7 stuck 0
V527 BUNKER HOLD 91 why collar blk gate
RC WALK 91 id 3 role raid pos 26,7 tgt 28,3 want SOUTH
RC POS 91 id 5 seat 1 role expand fs 0 body 1 pos 4,11 stuck 0
RC WALK 91 id 5 role expand pos 4,11 tgt 11,3 want NORTH
RC POS 91 id 7 seat 2 role expand fs 0 body 1 pos 11,19 stuck 0
V528 PICK r 91 id 7 tgt 6,16 cs 8 bs 8 reg 0 cc 0 bc 0 cands 4 banned 0 regall 0 seat 2
RC WALK 91 id 7 role expand pos 11,19 tgt 6,16 want WEST
RC POS 91 id 69 seat 4 role raid fs 1 body 2 pos 24,3 stuck 0
V527 BUNKER HOLD 91 why collar blk gate
RC WALK 91 id 69 role raid pos 24,3 tgt 29,6 want SOUTH
V527I SEALNT 92 ph 4 fwd 1 hv 3
RC POS 92 id 3 seat 0 role raid fs 1 body 1 pos 26,8 stuck 0
RC WALK 92 id 3 role raid pos 26,8 tgt 26,2 want NORTH
RC POS 92 id 5 seat 1 role expand fs 0 body 1 pos 4,10 stuck 0
RC WALK 92 id 5 role expand pos 4,10 tgt 11,3 want EAST
RC POS 92 id 7 seat 2 role expand fs 0 body 1 pos 10,19 stuck 0
RC WALK 92 id 7 role expand pos 10,19 tgt 11,19 want EAST
RC POS 92 id 69 seat 4 role raid fs 1 body 2 pos 24,4 stuck 0
V527 BUNKER HOLD 92 why collar blk gate
RC WALK 92 id 69 role raid pos 24,4 tgt 26,2 want NORTH
V527I SEALNT 93 ph 5 fwd 1 hv 3
RC POS 93 id 3 seat 0 role raid fs 1 body 1 pos 26,7 stuck 0
V527 BUNKER HOLD 93 why collar blk gate
RC WALK 93 id 3 role raid pos 26,7 tgt 26,2 want WEST
RC POS 93 id 5 seat 1 role expand fs 0 body 1 pos 5,10 stuck 0
RC WALK 93 id 5 role expand pos 5,10 tgt 11,3 want NORTH
RC POS 93 id 7 seat 2 role expand fs 0 body 1 pos 11,19 stuck 0
V528 PICK r 93 id 7 tgt 6,16 cs 8 bs 8 reg 0 cc 0 bc 0 cands 4 banned 0 regall 0 seat 2
RC WALK 93 id 7 role expand pos 11,19 tgt 6,16 want WEST
RC POS 93 id 69 seat 4 role raid fs 1 body 2 pos 24,3 stuck 0
V527 BUNKER HOLD 93 why collar blk gate
RC WALK 93 id 69 role raid pos 24,3 tgt 26,2 want NORTH
V527I SEALNT 94 ph 5 fwd 1 hv 3
RC POS 94 id 3 seat 0 role raid fs 1 body 1 pos 25,7 stuck 0
V527 BUNKER HOLD 94 why collar blk gate
RC WALK 94 id 3 role raid pos 25,7 tgt 26,2 want WEST
RC POS 94 id 5 seat 1 role expand fs 0 body 1 pos 5,9 stuck 0
RC WALK 94 id 5 role expand pos 5,9 tgt 11,3 want NORTH
RC POS 94 id 7 seat 2 role expand fs 0 body 1 pos 10,19 stuck 0
RC WALK 94 id 7 role expand pos 10,19 tgt 11,19 want EAST
RC POS 94 id 69 seat 4 role raid fs 1 body 2 pos 24,2 stuck 0
RC WALK 94 id 69 role raid pos 24,2 tgt 26,2 want EAST
V527I SEALNT 95 ph 5 fwd 1 hv 3
RC POS 95 id 3 seat 0 role raid fs 1 body 1 pos 24,7 stuck 0
RC WALK 95 id 3 role raid pos 24,7 tgt 26,2 want NORTH
RC POS 95 id 5 seat 1 role expand fs 0 body 1 pos 5,8 stuck 0
RC WALK 95 id 5 role expand pos 5,8 tgt 4,8 want WEST
RC POS 95 id 7 seat 2 role expand fs 0 body 1 pos 11,19 stuck 0
V528 PICK r 95 id 7 tgt 6,16 cs 8 bs 8 reg 0 cc 0 bc 0 cands 4 banned 0 regall 0 seat 2
RC WALK 95 id 7 role expand pos 11,19 tgt 6,16 want WEST
RC POS 95 id 69 seat 4 role raid fs 1 body 2 pos 25,2 stuck 0
V527 BUNKER HOLD 95 why collar blk gate
RC WALK 95 id 69 role raid pos 25,2 tgt 26,2 want EAST
V527I SEALNT 96 ph 5 fwd 1 hv 3
RC POS 96 id 3 seat 0 role raid fs 1 body 1 pos 24,6 stuck 0
V527 BUNKER HOLD 96 why collar blk gate
RC POS 96 id 5 seat 1 role expand fs 0 body 1 pos 4,8 stuck 0
V528 PICK r 96 id 5 tgt 3,15 cs 8 bs 8 reg 0 cc 0 bc 0 cands 3 banned 0 regall 0 seat 1
RC WALK 96 id 5 role expand pos 4,8 tgt 4,7 want NORTH
RC POS 96 id 7 seat 2 role expand fs 0 body 1 pos 10,19 stuck 0
RC WALK 96 id 7 role expand pos 10,19 tgt 11,19 want EAST
RC POS 96 id 69 seat 4 role raid fs 1 body 2 pos 26,2 stuck 0
V527I SEALNT 97 ph 5 fwd 1 hv 3
RC POS 97 id 3 seat 0 role raid fs 1 body 1 pos 24,6 stuck 1
V527 BUNKER HOLD 97 why collar blk gate
RC WALK 97 id 3 role raid pos 24,6 tgt 24,4 want NORTH
RC POS 97 id 5 seat 1 role expand fs 0 body 1 pos 4,7 stuck 0
V528 PICK r 97 id 5 tgt 3,15 cs 9 bs 9 reg 0 cc 0 bc 0 cands 3 banned 0 regall 0 seat 1
RC WALK 97 id 5 role expand pos 4,7 tgt 3,15 want SOUTH
RC POS 97 id 7 seat 2 role expand fs 0 body 1 pos 11,19 stuck 0
V528 PICK r 97 id 7 tgt 6,16 cs 8 bs 8 reg 0 cc 0 bc 0 cands 4 banned 0 regall 0 seat 2
RC WALK 97 id 7 role expand pos 11,19 tgt 6,16 want WEST
RC POS 97 id 69 seat 4 role raid fs 1 body 2 pos 26,2 stuck 1
V527 BUNKER HOLD 97 why collar blk gate
RC WALK 97 id 69 role raid pos 26,2 tgt 24,4 want WEST
V527I SEALNT 98 ph 5 fwd 1 hv 3
RC POS 98 id 3 seat 0 role raid fs 1 body 1 pos 24,5 stuck 0
V527 BUNKER HOLD 98 why collar blk gate
RC WALK 98 id 3 role raid pos 24,5 tgt 24,4 want NORTH
RC POS 98 id 5 seat 1 role expand fs 0 body 1 pos 4,8 stuck 0
RC WALK 98 id 5 role expand pos 4,8 tgt 4,7 want NORTH
RC POS 98 id 7 seat 2 role expand fs 0 body 1 pos 10,19 stuck 0
RC WALK 98 id 7 role expand pos 10,19 tgt 11,19 want EAST
RC POS 98 id 69 seat 4 role raid fs 1 body 2 pos 25,2 stuck 0
V527 BUNKER HOLD 98 why collar blk gate
V527I SEALNT 99 ph 5 fwd 1 hv 3
RC POS 99 id 3 seat 0 role raid fs 1 body 1 pos 24,4 stuck 0
RC POS 99 id 5 seat 1 role expand fs 0 body 1 pos 4,7 stuck 0
V528 PICK r 99 id 5 tgt 3,15 cs 9 bs 9 reg 0 cc 0 bc 0 cands 3 banned 0 regall 0 seat 1
RC WALK 99 id 5 role expand pos 4,7 tgt 3,15 want SOUTH
RC POS 99 id 7 seat 2 role expand fs 0 body 1 pos 11,19 stuck 0
V528 PICK r 99 id 7 tgt 6,16 cs 8 bs 8 reg 0 cc 0 bc 0 cands 4 banned 0 regall 0 seat 2
RC WALK 99 id 7 role expand pos 11,19 tgt 6,16 want WEST
RC POS 99 id 69 seat 4 role raid fs 1 body 2 pos 25,2 stuck 1
V527 BUNKER HOLD 99 why collar blk gate
RC WALK 99 id 69 role raid pos 25,2 tgt 29,6 want EAST
V527I SEALNT 100 ph 5 fwd 1 hv 3
RC POS 100 id 3 seat 0 role raid fs 1 body 1 pos 24,4 stuck 1
V527 BUNKER HOLD 100 why collar blk gate
RC WALK 100 id 3 role raid pos 24,4 tgt 28,3 want NORTH
RC POS 100 id 5 seat 1 role expand fs 0 body 1 pos 4,8 stuck 0
RC WALK 100 id 5 role expand pos 4,8 tgt 4,7 want NORTH
RC POS 100 id 7 seat 2 role expand fs 0 body 1 pos 10,19 stuck 0
RC WALK 100 id 7 role expand pos 10,19 tgt 11,19 want EAST
RC POS 100 id 69 seat 4 role raid fs 1 body 2 pos 26,2 stuck 0
V527 BUNKER HOLD 100 why collar blk gate
RC WALK 100 id 69 role raid pos 26,2 tgt 28,3 want EAST
V527I SEALNT 101 ph 4 fwd 1 hv 3
RC POS 101 id 3 seat 0 role raid fs 1 body 1 pos 24,3 stuck 0
V527 BUNKER HOLD 101 why collar blk gate
RC WALK 101 id 3 role raid pos 24,3 tgt 29,6 want SOUTH
RC POS 101 id 5 seat 1 role expand fs 0 body 1 pos 4,7 stuck 0
V528 PICK r 101 id 5 tgt 3,15 cs 9 bs 9 reg 0 cc 0 bc 0 cands 3 banned 0 regall 0 seat 1
RC WALK 101 id 5 role expand pos 4,7 tgt 3,15 want SOUTH
RC POS 101 id 7 seat 2 role expand fs 0 body 1 pos 11,19 stuck 0
V528 PICK r 101 id 7 tgt 6,16 cs 8 bs 8 reg 0 cc 0 bc 0 cands 4 banned 0 regall 0 seat 2
RC WALK 101 id 7 role expand pos 11,19 tgt 6,16 want WEST
RC POS 101 id 69 seat 4 role raid fs 1 body 2 pos 27,2 stuck 0
V527I SEALNT 102 ph 4 fwd 1 hv 3
RC POS 102 id 3 seat 0 role raid fs 1 body 1 pos 24,4 stuck 0
V527 BUNKER HOLD 102 why collar blk gate
RC WALK 102 id 3 role raid pos 24,4 tgt 28,3 want NORTH
RC POS 102 id 5 seat 1 role expand fs 0 body 1 pos 4,8 stuck 0
RC WALK 102 id 5 role expand pos 4,8 tgt 4,7 want NORTH
RC POS 102 id 7 seat 2 role expand fs 0 body 1 pos 10,19 stuck 0
RC WALK 102 id 7 role expand pos 10,19 tgt 11,19 want EAST
RC POS 102 id 69 seat 4 role raid fs 1 body 2 pos 26,2 stuck 0
V527 BUNKER HOLD 102 why collar blk gate
RC WALK 102 id 69 role raid pos 26,2 tgt 28,3 want EAST
V527I SEALNT 103 ph 4 fwd 1 hv 3
RC POS 103 id 3 seat 0 role raid fs 1 body 1 pos 24,3 stuck 0
V527 BUNKER HOLD 103 why collar blk gate
RC WALK 103 id 3 role raid pos 24,3 tgt 29,6 want SOUTH
RC POS 103 id 5 seat 1 role expand fs 0 body 1 pos 4,7 stuck 0
V528 PICK r 103 id 5 tgt 3,15 cs 9 bs 9 reg 0 cc 0 bc 0 cands 3 banned 0 regall 0 seat 1
RC WALK 103 id 5 role expand pos 4,7 tgt 3,15 want SOUTH
RC POS 103 id 7 seat 2 role expand fs 0 body 1 pos 11,19 stuck 0
V528 PICK r 103 id 7 tgt 6,16 cs 8 bs 8 reg 0 cc 0 bc 0 cands 4 banned 0 regall 0 seat 2
RC WALK 103 id 7 role expand pos 11,19 tgt 6,16 want WEST
RC POS 103 id 69 seat 4 role raid fs 1 body 2 pos 27,2 stuck 0
V527I SEALNT 104 ph 4 fwd 1 hv 3
RC POS 104 id 3 seat 0 role raid fs 1 body 1 pos 24,4 stuck 0
V527 BUNKER HOLD 104 why collar blk gate
RC WALK 104 id 3 role raid pos 24,4 tgt 28,3 want NORTH
RC POS 104 id 5 seat 1 role expand fs 0 body 1 pos 4,8 stuck 0
RC WALK 104 id 5 role expand pos 4,8 tgt 4,7 want NORTH
RC POS 104 id 7 seat 2 role expand fs 0 body 1 pos 10,19 stuck 0
RC WALK 104 id 7 role expand pos 10,19 tgt 11,19 want EAST
RC POS 104 id 69 seat 4 role raid fs 1 body 2 pos 26,2 stuck 0
V527I SEALNT 105 ph 4 fwd 1 hv 3
RC POS 105 id 3 seat 0 role raid fs 1 body 1 pos 24,3 stuck 0
V527 BUNKER HOLD 105 why collar blk gate
RC WALK 105 id 3 role raid pos 24,3 tgt 29,6 want SOUTH
RC POS 105 id 5 seat 1 role expand fs 0 body 1 pos 4,7 stuck 0
V528 PICK r 105 id 5 tgt 3,15 cs 9 bs 9 reg 0 cc 0 bc 0 cands 3 banned 0 regall 0 seat 1
RC WALK 105 id 5 role expand pos 4,7 tgt 3,15 want SOUTH
RC POS 105 id 7 seat 2 role expand fs 0 body 1 pos 11,19 stuck 0
V528 PICK r 105 id 7 tgt 6,16 cs 8 bs 8 reg 0 cc 0 bc 0 cands 4 banned 0 regall 0 seat 2
RC WALK 105 id 7 role expand pos 11,19 tgt 6,16 want WEST
RC POS 105 id 69 seat 4 role raid fs 1 body 2 pos 26,2 stuck 1
V527 BUNKER HOLD 105 why collar blk gate
RC WALK 105 id 69 role raid pos 26,2 tgt 28,3 want EAST
V527I SEALNT 106 ph 4 fwd 1 hv 3
RC POS 106 id 3 seat 0 role raid fs 1 body 1 pos 24,4 stuck 0
V527 BUNKER HOLD 106 why collar blk gate
RC WALK 106 id 3 role raid pos 24,4 tgt 28,3 want NORTH
RC POS 106 id 5 seat 1 role expand fs 0 body 1 pos 4,8 stuck 0
RC WALK 106 id 5 role expand pos 4,8 tgt 4,7 want NORTH
RC POS 106 id 7 seat 2 role expand fs 0 body 1 pos 10,19 stuck 0
RC WALK 106 id 7 role expand pos 10,19 tgt 11,19 want EAST
RC POS 106 id 69 seat 4 role raid fs 1 body 2 pos 27,2 stuck 0
V527I SEALNT 107 ph 4 fwd 1 hv 3
RC POS 107 id 3 seat 0 role raid fs 1 body 1 pos 24,3 stuck 0
V527 BUNKER HOLD 107 why collar blk gate
RC WALK 107 id 3 role raid pos 24,3 tgt 29,6 want SOUTH
RC POS 107 id 5 seat 1 role expand fs 0 body 1 pos 4,7 stuck 0
V528 PICK r 107 id 5 tgt 3,15 cs 9 bs 9 reg 0 cc 0 bc 0 cands 3 banned 0 regall 0 seat 1
RC WALK 107 id 5 role expand pos 4,7 tgt 3,15 want SOUTH
RC POS 107 id 7 seat 2 role expand fs 0 body 1 pos 11,19 stuck 0
V528 PICK r 107 id 7 tgt 6,16 cs 8 bs 8 reg 0 cc 0 bc 0 cands 4 banned 0 regall 0 seat 2
RC WALK 107 id 7 role expand pos 11,19 tgt 6,16 want WEST
RC POS 107 id 69 seat 4 role raid fs 1 body 2 pos 26,2 stuck 0
V527 BUNKER HOLD 107 why collar blk gate
RC WALK 107 id 69 role raid pos 26,2 tgt 28,3 want EAST
V527I SEALNT 108 ph 4 fwd 1 hv 3
RC POS 108 id 3 seat 0 role raid fs 1 body 1 pos 24,4 stuck 0
V527 BUNKER HOLD 108 why collar blk gate
RC WALK 108 id 3 role raid pos 24,4 tgt 28,3 want NORTH
RC POS 108 id 5 seat 1 role expand fs 0 body 1 pos 4,8 stuck 0
RC WALK 108 id 5 role expand pos 4,8 tgt 4,7 want NORTH
RC POS 108 id 7 seat 2 role expand fs 0 body 1 pos 10,19 stuck 0
RC WALK 108 id 7 role expand pos 10,19 tgt 11,19 want EAST
RC POS 108 id 69 seat 4 role raid fs 1 body 2 pos 27,2 stuck 0
V527I SEALNT 109 ph 4 fwd 1 hv 3
RC POS 109 id 3 seat 0 role raid fs 1 body 1 pos 24,3 stuck 0
V527 BUNKER HOLD 109 why collar blk gate
RC WALK 109 id 3 role raid pos 24,3 tgt 29,6 want SOUTH
RC POS 109 id 5 seat 1 role expand fs 0 body 1 pos 4,7 stuck 0
V528 PICK r 109 id 5 tgt 3,15 cs 9 bs 9 reg 0 cc 0 bc 0 cands 3 banned 0 regall 0 seat 1
RC WALK 109 id 5 role expand pos 4,7 tgt 3,15 want SOUTH
RC POS 109 id 7 seat 2 role expand fs 0 body 1 pos 11,19 stuck 0
V528 PICK r 109 id 7 tgt 6,16 cs 8 bs 8 reg 0 cc 0 bc 0 cands 4 banned 0 regall 0 seat 2
RC WALK 109 id 7 role expand pos 11,19 tgt 6,16 want WEST
RC POS 109 id 69 seat 4 role raid fs 1 body 2 pos 26,2 stuck 0
V527 BUNKER HOLD 109 why collar blk gate
RC WALK 109 id 69 role raid pos 26,2 tgt 28,3 want EAST
V527I SEALNT 110 ph 4 fwd 1 hv 3
RC POS 110 id 3 seat 0 role raid fs 1 body 1 pos 24,4 stuck 0
V527 BUNKER HOLD 110 why collar blk gate
RC WALK 110 id 3 role raid pos 24,4 tgt 28,3 want NORTH
RC POS 110 id 5 seat 1 role expand fs 0 body 1 pos 4,8 stuck 0
RC WALK 110 id 5 role expand pos 4,8 tgt 4,7 want NORTH
RC POS 110 id 7 seat 2 role expand fs 0 body 1 pos 10,19 stuck 0
RC WALK 110 id 7 role expand pos 10,19 tgt 11,19 want EAST
RC POS 110 id 69 seat 4 role raid fs 1 body 2 pos 27,2 stuck 0
V527I SEALNT 111 ph 4 fwd 1 hv 3
RC POS 111 id 3 seat 0 role raid fs 1 body 1 pos 24,3 stuck 0
V527 BUNKER HOLD 111 why collar blk gate
RC WALK 111 id 3 role raid pos 24,3 tgt 29,6 want SOUTH
RC POS 111 id 5 seat 1 role expand fs 0 body 1 pos 4,7 stuck 0
V528 PICK r 111 id 5 tgt 3,15 cs 9 bs 9 reg 0 cc 0 bc 0 cands 3 banned 0 regall 0 seat 1
RC WALK 111 id 5 role expand pos 4,7 tgt 3,15 want SOUTH
RC POS 111 id 7 seat 2 role expand fs 0 body 1 pos 11,19 stuck 0
V528 PICK r 111 id 7 tgt 6,16 cs 8 bs 8 reg 0 cc 0 bc 0 cands 4 banned 0 regall 0 seat 2
RC WALK 111 id 7 role expand pos 11,19 tgt 6,16 want WEST
RC POS 111 id 69 seat 4 role raid fs 1 body 2 pos 26,2 stuck 0
V527 BUNKER HOLD 111 why collar blk gate
RC WALK 111 id 69 role raid pos 26,2 tgt 28,3 want EAST
V527I SEALNT 112 ph 4 fwd 1 hv 3
RC POS 112 id 3 seat 0 role raid fs 1 body 1 pos 24,4 stuck 0
V527 BUNKER HOLD 112 why collar blk gate
RC WALK 112 id 3 role raid pos 24,4 tgt 28,3 want NORTH
RC POS 112 id 5 seat 1 role expand fs 0 body 1 pos 4,8 stuck 0
RC WALK 112 id 5 role expand pos 4,8 tgt 4,7 want NORTH
RC POS 112 id 7 seat 2 role expand fs 0 body 1 pos 10,19 stuck 0
RC WALK 112 id 7 role expand pos 10,19 tgt 11,19 want EAST
RC POS 112 id 69 seat 4 role raid fs 1 body 2 pos 27,2 stuck 0
V527I SEALNT 113 ph 4 fwd 1 hv 3
RC POS 113 id 3 seat 0 role raid fs 1 body 1 pos 24,3 stuck 0
V527 BUNKER HOLD 113 why collar blk gate
RC WALK 113 id 3 role raid pos 24,3 tgt 29,6 want SOUTH
RC POS 113 id 5 seat 1 role expand fs 0 body 1 pos 4,7 stuck 0
V528 PICK r 113 id 5 tgt 3,15 cs 9 bs 9 reg 0 cc 0 bc 0 cands 3 banned 0 regall 0 seat 1
RC WALK 113 id 5 role expand pos 4,7 tgt 3,15 want SOUTH
RC POS 113 id 7 seat 2 role expand fs 0 body 1 pos 11,19 stuck 0
V528 PICK r 113 id 7 tgt 6,16 cs 8 bs 8 reg 0 cc 0 bc 0 cands 4 banned 0 regall 0 seat 2
RC WALK 113 id 7 role expand pos 11,19 tgt 6,16 want WEST
RC POS 113 id 69 seat 4 role raid fs 1 body 2 pos 26,2 stuck 0
V527 BUNKER HOLD 113 why collar blk gate
RC WALK 113 id 69 role raid pos 26,2 tgt 28,3 want EAST
V527I SEALNT 114 ph 4 fwd 1 hv 3
RC POS 114 id 3 seat 0 role raid fs 1 body 1 pos 24,4 stuck 0
V527 BUNKER HOLD 114 why collar blk gate
RC WALK 114 id 3 role raid pos 24,4 tgt 28,3 want NORTH
RC POS 114 id 5 seat 1 role expand fs 0 body 1 pos 4,8 stuck 0
RC WALK 114 id 5 role expand pos 4,8 tgt 4,7 want NORTH
RC POS 114 id 7 seat 2 role expand fs 0 body 1 pos 10,19 stuck 0
RC WALK 114 id 7 role expand pos 10,19 tgt 11,19 want EAST
RC POS 114 id 69 seat 4 role raid fs 1 body 2 pos 27,2 stuck 0
V527I SEALNT 115 ph 4 fwd 1 hv 3
RC POS 115 id 3 seat 0 role raid fs 1 body 1 pos 24,3 stuck 0
V527 BUNKER HOLD 115 why collar blk gate
RC WALK 115 id 3 role raid pos 24,3 tgt 29,6 want SOUTH
RC POS 115 id 5 seat 1 role expand fs 0 body 1 pos 4,7 stuck 0
V528 PICK r 115 id 5 tgt 3,15 cs 9 bs 9 reg 0 cc 0 bc 0 cands 3 banned 0 regall 0 seat 1
RC WALK 115 id 5 role expand pos 4,7 tgt 3,15 want SOUTH
RC POS 115 id 7 seat 2 role expand fs 0 body 1 pos 11,19 stuck 0
V528 PICK r 115 id 7 tgt 6,16 cs 8 bs 8 reg 0 cc 0 bc 0 cands 4 banned 0 regall 0 seat 2
RC WALK 115 id 7 role expand pos 11,19 tgt 6,16 want WEST
RC POS 115 id 69 seat 4 role raid fs 1 body 2 pos 26,2 stuck 0
V527 BUNKER HOLD 115 why collar blk gate
RC WALK 115 id 69 role raid pos 26,2 tgt 28,3 want EAST
V527I SEALNT 116 ph 4 fwd 1 hv 3
RC POS 116 id 3 seat 0 role raid fs 1 body 1 pos 24,4 stuck 0
V527 BUNKER HOLD 116 why collar blk gate
RC WALK 116 id 3 role raid pos 24,4 tgt 28,3 want NORTH
RC POS 116 id 5 seat 1 role expand fs 0 body 1 pos 4,8 stuck 0
RC WALK 116 id 5 role expand pos 4,8 tgt 4,7 want NORTH
RC POS 116 id 7 seat 2 role expand fs 0 body 1 pos 10,19 stuck 0
RC WALK 116 id 7 role expand pos 10,19 tgt 11,19 want EAST
V527I SEALNT 117 ph 4 fwd 1 hv 3
RC POS 117 id 3 seat 0 role raid fs 1 body 1 pos 24,3 stuck 0
V527 BUNKER HOLD 117 why collar blk gate
RC WALK 117 id 3 role raid pos 24,3 tgt 29,6 want SOUTH
RC POS 117 id 5 seat 1 role expand fs 0 body 1 pos 4,7 stuck 0
V528 PICK r 117 id 5 tgt 3,15 cs 9 bs 9 reg 0 cc 0 bc 0 cands 3 banned 0 regall 0 seat 1
RC WALK 117 id 5 role expand pos 4,7 tgt 3,15 want SOUTH
RC POS 117 id 7 seat 2 role expand fs 0 body 1 pos 11,19 stuck 0
V528 PICK r 117 id 7 tgt 6,16 cs 8 bs 8 reg 0 cc 0 bc 0 cands 4 banned 0 regall 0 seat 2
RC WALK 117 id 7 role expand pos 11,19 tgt 6,16 want WEST
V527I SEALNT 118 ph 4 fwd 1 hv 3
RC POS 118 id 3 seat 0 role raid fs 1 body 1 pos 24,4 stuck 0
V527 BUNKER HOLD 118 why collar blk gate
RC WALK 118 id 3 role raid pos 24,4 tgt 28,3 want NORTH
RC POS 118 id 5 seat 1 role expand fs 0 body 1 pos 4,8 stuck 0
RC WALK 118 id 5 role expand pos 4,8 tgt 4,7 want NORTH
RC POS 118 id 7 seat 2 role expand fs 0 body 1 pos 10,19 stuck 0
RC WALK 118 id 7 role expand pos 10,19 tgt 11,19 want EAST
V527I SEALNT 119 ph 4 fwd 1 hv 3
RC POS 119 id 3 seat 0 role raid fs 1 body 1 pos 24,3 stuck 0
V527 BUNKER HOLD 119 why collar blk gate
RC WALK 119 id 3 role raid pos 24,3 tgt 29,6 want SOUTH
RC POS 119 id 5 seat 1 role expand fs 0 body 1 pos 4,7 stuck 0
V528 PICK r 119 id 5 tgt 3,15 cs 9 bs 9 reg 0 cc 0 bc 0 cands 3 banned 0 regall 0 seat 1
RC WALK 119 id 5 role expand pos 4,7 tgt 3,15 want SOUTH
RC POS 119 id 7 seat 2 role expand fs 0 body 1 pos 11,19 stuck 0
V528 PICK r 119 id 7 tgt 6,16 cs 8 bs 8 reg 0 cc 0 bc 0 cands 4 banned 0 regall 0 seat 2
RC WALK 119 id 7 role expand pos 11,19 tgt 6,16 want WEST
V527I SEALNT 120 ph 4 fwd 1 hv 3
RC POS 120 id 3 seat 0 role raid fs 1 body 1 pos 24,4 stuck 0
V527 BUNKER HOLD 120 why collar blk gate
RC WALK 120 id 3 role raid pos 24,4 tgt 28,3 want NORTH
RC POS 120 id 5 seat 1 role expand fs 0 body 1 pos 4,8 stuck 0
RC WALK 120 id 5 role expand pos 4,8 tgt 4,7 want NORTH
RC POS 120 id 7 seat 2 role expand fs 0 body 1 pos 10,19 stuck 0
RC WALK 120 id 7 role expand pos 10,19 tgt 11,19 want EAST
V527I SEALNT 121 ph 4 fwd 1 hv 3
RC POS 121 id 3 seat 0 role raid fs 1 body 1 pos 24,3 stuck 0
V527 BUNKER HOLD 121 why collar blk gate
RC WALK 121 id 3 role raid pos 24,3 tgt 29,6 want SOUTH
RC POS 121 id 5 seat 1 role expand fs 0 body 1 pos 4,7 stuck 0
V528 PICK r 121 id 5 tgt 3,15 cs 9 bs 9 reg 0 cc 0 bc 0 cands 3 banned 0 regall 0 seat 1
RC WALK 121 id 5 role expand pos 4,7 tgt 3,15 want SOUTH
RC POS 121 id 7 seat 2 role expand fs 0 body 1 pos 11,19 stuck 0
V528 PICK r 121 id 7 tgt 6,16 cs 8 bs 8 reg 0 cc 0 bc 0 cands 4 banned 0 regall 0 seat 2
RC WALK 121 id 7 role expand pos 11,19 tgt 6,16 want WEST
V527I SEALNT 122 ph 4 fwd 1 hv 3
RC POS 122 id 3 seat 0 role raid fs 1 body 1 pos 24,4 stuck 0
V527 BUNKER HOLD 122 why collar blk gate
RC WALK 122 id 3 role raid pos 24,4 tgt 28,3 want NORTH
RC POS 122 id 5 seat 1 role expand fs 0 body 1 pos 4,8 stuck 0
RC WALK 122 id 5 role expand pos 4,8 tgt 4,7 want NORTH
RC POS 122 id 7 seat 2 role expand fs 0 body 1 pos 10,19 stuck 0
RC WALK 122 id 7 role expand pos 10,19 tgt 11,19 want EAST
V527I SEALNT 123 ph 4 fwd 1 hv 3
RC POS 123 id 3 seat 0 role raid fs 1 body 1 pos 24,3 stuck 0
V527 BUNKER HOLD 123 why collar blk gate
RC WALK 123 id 3 role raid pos 24,3 tgt 29,6 want SOUTH
RC POS 123 id 5 seat 1 role expand fs 0 body 1 pos 4,7 stuck 0
V528 PICK r 123 id 5 tgt 3,15 cs 9 bs 9 reg 0 cc 0 bc 0 cands 3 banned 0 regall 0 seat 1
RC WALK 123 id 5 role expand pos 4,7 tgt 3,15 want SOUTH
RC POS 123 id 7 seat 2 role expand fs 0 body 1 pos 11,19 stuck 0
V528 PICK r 123 id 7 tgt 6,16 cs 8 bs 8 reg 0 cc 0 bc 0 cands 4 banned 0 regall 0 seat 2
RC WALK 123 id 7 role expand pos 11,19 tgt 6,16 want WEST
V527I SEALNT 124 ph 4 fwd 1 hv 3
RC POS 124 id 3 seat 0 role raid fs 1 body 1 pos 24,4 stuck 0
V527 BUNKER HOLD 124 why collar blk gate
RC WALK 124 id 3 role raid pos 24,4 tgt 28,3 want NORTH
RC POS 124 id 5 seat 1 role expand fs 0 body 1 pos 4,8 stuck 0
RC WALK 124 id 5 role expand pos 4,8 tgt 4,7 want NORTH
RC POS 124 id 7 seat 2 role expand fs 0 body 1 pos 10,19 stuck 0
RC WALK 124 id 7 role expand pos 10,19 tgt 11,19 want EAST
V527I SEALNT 125 ph 4 fwd 1 hv 3
RC POS 125 id 3 seat 0 role raid fs 1 body 1 pos 24,3 stuck 0
V527 BUNKER HOLD 125 why collar blk gate
RC WALK 125 id 3 role raid pos 24,3 tgt 26,2 want NORTH
RC POS 125 id 5 seat 1 role expand fs 0 body 1 pos 4,7 stuck 0
V528 PICK r 125 id 5 tgt 3,15 cs 9 bs 9 reg 0 cc 0 bc 0 cands 3 banned 0 regall 0 seat 1
RC WALK 125 id 5 role expand pos 4,7 tgt 3,15 want SOUTH
RC POS 125 id 7 seat 2 role expand fs 0 body 1 pos 11,19 stuck 0
V528 PICK r 125 id 7 tgt 6,16 cs 8 bs 8 reg 0 cc 0 bc 0 cands 4 banned 0 regall 0 seat 2
RC WALK 125 id 7 role expand pos 11,19 tgt 6,16 want WEST
V527I SEALNT 126 ph 5 fwd 1 hv 3
RC POS 126 id 3 seat 0 role raid fs 1 body 1 pos 24,2 stuck 0
RC WALK 126 id 3 role raid pos 24,2 tgt 26,2 want EAST
RC POS 126 id 5 seat 1 role expand fs 0 body 1 pos 4,8 stuck 0
RC WALK 126 id 5 role expand pos 4,8 tgt 4,7 want NORTH
RC POS 126 id 7 seat 2 role expand fs 0 body 1 pos 10,19 stuck 0
RC WALK 126 id 7 role expand pos 10,19 tgt 11,19 want EAST
V527I SEALNT 127 ph 5 fwd 1 hv 3
RC POS 127 id 3 seat 0 role raid fs 1 body 1 pos 25,2 stuck 0
V527 BUNKER HOLD 127 why collar blk gate
RC WALK 127 id 3 role raid pos 25,2 tgt 26,2 want EAST
RC POS 127 id 5 seat 1 role expand fs 0 body 1 pos 4,7 stuck 0
V528 PICK r 127 id 5 tgt 3,15 cs 9 bs 9 reg 0 cc 0 bc 0 cands 3 banned 0 regall 0 seat 1
RC WALK 127 id 5 role expand pos 4,7 tgt 3,15 want SOUTH
RC POS 127 id 7 seat 2 role expand fs 0 body 1 pos 11,19 stuck 0
V528 PICK r 127 id 7 tgt 6,16 cs 8 bs 8 reg 0 cc 0 bc 0 cands 4 banned 0 regall 0 seat 2
RC WALK 127 id 7 role expand pos 11,19 tgt 6,16 want WEST
V527I SEALNT 128 ph 5 fwd 1 hv 3
RC POS 128 id 3 seat 0 role raid fs 1 body 1 pos 26,2 stuck 0
RC POS 128 id 5 seat 1 role expand fs 0 body 1 pos 4,8 stuck 0
RC WALK 128 id 5 role expand pos 4,8 tgt 4,7 want NORTH
RC POS 128 id 7 seat 2 role expand fs 0 body 1 pos 10,19 stuck 0
RC WALK 128 id 7 role expand pos 10,19 tgt 11,19 want EAST
V527I SEALNT 129 ph 5 fwd 1 hv 3
RC POS 129 id 3 seat 0 role raid fs 1 body 1 pos 26,2 stuck 1
V527 BUNKER HOLD 129 why collar blk gate
RC WALK 129 id 3 role raid pos 26,2 tgt 28,3 want EAST
RC POS 129 id 5 seat 1 role expand fs 0 body 1 pos 4,7 stuck 0
V528 PICK r 129 id 5 tgt 3,15 cs 9 bs 9 reg 0 cc 0 bc 0 cands 3 banned 0 regall 0 seat 1
RC WALK 129 id 5 role expand pos 4,7 tgt 3,15 want SOUTH
RC POS 129 id 7 seat 2 role expand fs 0 body 1 pos 11,19 stuck 0
V528 PICK r 129 id 7 tgt 6,16 cs 8 bs 8 reg 0 cc 0 bc 0 cands 4 banned 0 regall 0 seat 2
RC WALK 129 id 7 role expand pos 11,19 tgt 6,16 want WEST
V527I SEALNT 130 ph 4 fwd 1 hv 3
RC POS 130 id 3 seat 0 role raid fs 1 body 1 pos 27,2 stuck 0
RC POS 130 id 5 seat 1 role expand fs 0 body 1 pos 4,8 stuck 0
RC WALK 130 id 5 role expand pos 4,8 tgt 4,7 want NORTH
RC POS 130 id 7 seat 2 role expand fs 0 body 1 pos 10,19 stuck 0
RC WALK 130 id 7 role expand pos 10,19 tgt 11,19 want EAST
V527I SEALNT 131 ph 4 fwd 1 hv 3
RC POS 131 id 3 seat 0 role raid fs 1 body 1 pos 26,2 stuck 0
V527 BUNKER HOLD 131 why collar blk gate
RC WALK 131 id 3 role raid pos 26,2 tgt 28,3 want EAST
RC POS 131 id 5 seat 1 role expand fs 0 body 1 pos 4,7 stuck 0
V528 PICK r 131 id 5 tgt 3,15 cs 9 bs 9 reg 0 cc 0 bc 0 cands 3 banned 0 regall 0 seat 1
RC WALK 131 id 5 role expand pos 4,7 tgt 3,15 want SOUTH
RC POS 131 id 7 seat 2 role expand fs 0 body 1 pos 11,19 stuck 0
V528 PICK r 131 id 7 tgt 6,16 cs 8 bs 8 reg 0 cc 0 bc 0 cands 4 banned 0 regall 0 seat 2
RC WALK 131 id 7 role expand pos 11,19 tgt 6,16 want WEST
V527I SEALNT 132 ph 4 fwd 1 hv 3
RC POS 132 id 3 seat 0 role raid fs 1 body 1 pos 27,2 stuck 0
RC POS 132 id 5 seat 1 role expand fs 0 body 1 pos 4,8 stuck 0
RC WALK 132 id 5 role expand pos 4,8 tgt 4,7 want NORTH
RC POS 132 id 7 seat 2 role expand fs 0 body 1 pos 10,19 stuck 0
RC WALK 132 id 7 role expand pos 10,19 tgt 11,19 want EAST
V527I SEALNT 133 ph 4 fwd 1 hv 3
RC POS 133 id 3 seat 0 role raid fs 1 body 1 pos 26,2 stuck 0
RC POS 133 id 5 seat 1 role expand fs 0 body 1 pos 4,7 stuck 0
V528 PICK r 133 id 5 tgt 3,15 cs 9 bs 9 reg 0 cc 0 bc 0 cands 3 banned 0 regall 0 seat 1
RC WALK 133 id 5 role expand pos 4,7 tgt 3,15 want SOUTH
RC POS 133 id 7 seat 2 role expand fs 0 body 1 pos 11,19 stuck 0
V528 PICK r 133 id 7 tgt 6,16 cs 8 bs 8 reg 0 cc 0 bc 0 cands 4 banned 0 regall 0 seat 2
RC WALK 133 id 7 role expand pos 11,19 tgt 6,16 want WEST
V527I SEALNT 134 ph 5 fwd 1 hv 3
RC POS 134 id 3 seat 0 role raid fs 1 body 1 pos 26,2 stuck 1
V527 BUNKER HOLD 134 why collar blk gate
RC WALK 134 id 3 role raid pos 26,2 tgt 28,3 want EAST
RC POS 134 id 5 seat 1 role expand fs 0 body 1 pos 4,8 stuck 0
RC WALK 134 id 5 role expand pos 4,8 tgt 4,7 want NORTH
RC POS 134 id 7 seat 2 role expand fs 0 body 1 pos 10,19 stuck 0
RC WALK 134 id 7 role expand pos 10,19 tgt 11,19 want EAST
V527I SEALNT 135 ph 4 fwd 1 hv 3
RC POS 135 id 3 seat 0 role raid fs 1 body 1 pos 27,2 stuck 0
RC POS 135 id 5 seat 1 role expand fs 0 body 1 pos 4,7 stuck 0
V528 PICK r 135 id 5 tgt 3,15 cs 9 bs 9 reg 0 cc 0 bc 0 cands 3 banned 0 regall 0 seat 1
RC WALK 135 id 5 role expand pos 4,7 tgt 3,15 want SOUTH
RC POS 135 id 7 seat 2 role expand fs 0 body 1 pos 11,19 stuck 0
V528 PICK r 135 id 7 tgt 6,16 cs 8 bs 8 reg 0 cc 0 bc 0 cands 4 banned 0 regall 0 seat 2
RC WALK 135 id 7 role expand pos 11,19 tgt 6,16 want WEST
V527I SEALNT 136 ph 4 fwd 1 hv 3
RC POS 136 id 3 seat 0 role raid fs 1 body 1 pos 26,2 stuck 0
V527 BUNKER HOLD 136 why collar blk gate
RC WALK 136 id 3 role raid pos 26,2 tgt 28,3 want EAST
RC POS 136 id 5 seat 1 role expand fs 0 body 1 pos 4,8 stuck 0
RC WALK 136 id 5 role expand pos 4,8 tgt 4,7 want NORTH
RC POS 136 id 7 seat 2 role expand fs 0 body 1 pos 10,19 stuck 0
RC WALK 136 id 7 role expand pos 10,19 tgt 11,19 want EAST
V527I SEALNT 137 ph 4 fwd 1 hv 3
RC POS 137 id 3 seat 0 role raid fs 1 body 1 pos 27,2 stuck 0
RC POS 137 id 5 seat 1 role expand fs 0 body 1 pos 4,7 stuck 0
V528 PICK r 137 id 5 tgt 3,15 cs 9 bs 9 reg 0 cc 0 bc 0 cands 3 banned 0 regall 0 seat 1
RC WALK 137 id 5 role expand pos 4,7 tgt 3,15 want SOUTH
RC POS 137 id 7 seat 2 role expand fs 0 body 1 pos 11,19 stuck 0
V528 PICK r 137 id 7 tgt 6,16 cs 8 bs 8 reg 0 cc 0 bc 0 cands 4 banned 0 regall 0 seat 2
RC WALK 137 id 7 role expand pos 11,19 tgt 6,16 want WEST
V527I SEALNT 138 ph 4 fwd 1 hv 3
RC POS 138 id 3 seat 0 role raid fs 1 body 1 pos 26,2 stuck 0
V527 BUNKER HOLD 138 why collar blk gate
RC WALK 138 id 3 role raid pos 26,2 tgt 28,3 want EAST
RC POS 138 id 5 seat 1 role expand fs 0 body 1 pos 4,8 stuck 0
RC WALK 138 id 5 role expand pos 4,8 tgt 4,7 want NORTH
RC POS 138 id 7 seat 2 role expand fs 0 body 1 pos 10,19 stuck 0
RC WALK 138 id 7 role expand pos 10,19 tgt 11,19 want EAST
V527I SEALNT 139 ph 4 fwd 1 hv 3
RC POS 139 id 3 seat 0 role raid fs 1 body 1 pos 27,2 stuck 0
RC POS 139 id 5 seat 1 role expand fs 0 body 1 pos 4,7 stuck 0
V528 PICK r 139 id 5 tgt 3,15 cs 9 bs 9 reg 0 cc 0 bc 0 cands 3 banned 0 regall 0 seat 1
RC WALK 139 id 5 role expand pos 4,7 tgt 3,15 want SOUTH
RC POS 139 id 7 seat 2 role expand fs 0 body 1 pos 11,19 stuck 0
V528 PICK r 139 id 7 tgt 6,16 cs 8 bs 8 reg 0 cc 0 bc 0 cands 4 banned 0 regall 0 seat 2
RC WALK 139 id 7 role expand pos 11,19 tgt 6,16 want WEST
V527I SEALNT 140 ph 4 fwd 1 hv 3
RC POS 140 id 3 seat 0 role raid fs 1 body 1 pos 26,2 stuck 0
V527 BUNKER HOLD 140 why collar blk gate
RC WALK 140 id 3 role raid pos 26,2 tgt 28,3 want EAST
RC POS 140 id 5 seat 1 role expand fs 0 body 1 pos 4,8 stuck 0
RC WALK 140 id 5 role expand pos 4,8 tgt 4,7 want NORTH
RC POS 140 id 7 seat 2 role expand fs 0 body 1 pos 10,19 stuck 0
RC WALK 140 id 7 role expand pos 10,19 tgt 11,19 want EAST
V527I SEALNT 141 ph 4 fwd 1 hv 3
RC POS 141 id 3 seat 0 role raid fs 1 body 1 pos 27,2 stuck 0
RC POS 141 id 5 seat 1 role expand fs 0 body 1 pos 4,7 stuck 0
V528 PICK r 141 id 5 tgt 3,15 cs 9 bs 9 reg 0 cc 0 bc 0 cands 3 banned 0 regall 0 seat 1
RC WALK 141 id 5 role expand pos 4,7 tgt 3,15 want SOUTH
RC POS 141 id 7 seat 2 role expand fs 0 body 1 pos 11,19 stuck 0
V528 PICK r 141 id 7 tgt 6,16 cs 8 bs 8 reg 0 cc 0 bc 0 cands 4 banned 0 regall 0 seat 2
RC WALK 141 id 7 role expand pos 11,19 tgt 6,16 want WEST
V527I SEALNT 142 ph 4 fwd 1 hv 3
RC POS 142 id 3 seat 0 role raid fs 1 body 1 pos 26,2 stuck 0
V527 BUNKER HOLD 142 why collar blk gate
RC WALK 142 id 3 role raid pos 26,2 tgt 28,3 want EAST
RC POS 142 id 5 seat 1 role expand fs 0 body 1 pos 4,8 stuck 0
RC WALK 142 id 5 role expand pos 4,8 tgt 4,7 want NORTH
RC POS 142 id 7 seat 2 role expand fs 0 body 1 pos 10,19 stuck 0
RC WALK 142 id 7 role expand pos 10,19 tgt 11,19 want EAST
V527I SEALNT 143 ph 4 fwd 1 hv 3
RC POS 143 id 3 seat 0 role raid fs 1 body 1 pos 27,2 stuck 0
RC POS 143 id 5 seat 1 role expand fs 0 body 1 pos 4,7 stuck 0
V528 PICK r 143 id 5 tgt 3,15 cs 9 bs 9 reg 0 cc 0 bc 0 cands 3 banned 0 regall 0 seat 1
RC WALK 143 id 5 role expand pos 4,7 tgt 3,15 want SOUTH
RC POS 143 id 7 seat 2 role expand fs 0 body 1 pos 11,19 stuck 0
V528 PICK r 143 id 7 tgt 6,16 cs 8 bs 8 reg 0 cc 0 bc 0 cands 4 banned 0 regall 0 seat 2
RC WALK 143 id 7 role expand pos 11,19 tgt 6,16 want WEST
V527I SEALNT 144 ph 4 fwd 1 hv 3
RC POS 144 id 3 seat 0 role raid fs 1 body 1 pos 26,2 stuck 0
V527 BUNKER HOLD 144 why collar blk gate
RC WALK 144 id 3 role raid pos 26,2 tgt 28,3 want EAST
RC POS 144 id 5 seat 1 role expand fs 0 body 1 pos 4,8 stuck 0
RC WALK 144 id 5 role expand pos 4,8 tgt 4,7 want NORTH
RC POS 144 id 7 seat 2 role expand fs 0 body 1 pos 10,19 stuck 0
RC WALK 144 id 7 role expand pos 10,19 tgt 11,19 want EAST
V527I SEALNT 145 ph 4 fwd 1 hv 3
RC POS 145 id 5 seat 1 role expand fs 0 body 1 pos 4,7 stuck 0
V528 PICK r 145 id 5 tgt 3,15 cs 9 bs 9 reg 0 cc 0 bc 0 cands 3 banned 0 regall 0 seat 1
RC WALK 145 id 5 role expand pos 4,7 tgt 3,15 want SOUTH
RC POS 145 id 7 seat 2 role expand fs 0 body 1 pos 11,19 stuck 0
V528 PICK r 145 id 7 tgt 6,16 cs 8 bs 8 reg 0 cc 0 bc 0 cands 4 banned 0 regall 0 seat 2
RC WALK 145 id 7 role expand pos 11,19 tgt 6,16 want WEST
V527I SEALNT 146 ph 4 fwd 1 hv 3
RC POS 146 id 5 seat 1 role expand fs 0 body 1 pos 4,8 stuck 0
RC WALK 146 id 5 role expand pos 4,8 tgt 4,7 want NORTH
RC POS 146 id 7 seat 2 role expand fs 0 body 1 pos 10,19 stuck 0
RC WALK 146 id 7 role expand pos 10,19 tgt 11,19 want EAST
V527I SEALNT 147 ph 4 fwd 1 hv 3
RC POS 147 id 5 seat 1 role expand fs 0 body 1 pos 4,7 stuck 0
V528 PICK r 147 id 5 tgt 3,15 cs 9 bs 9 reg 0 cc 0 bc 0 cands 3 banned 0 regall 0 seat 1
RC WALK 147 id 5 role expand pos 4,7 tgt 3,15 want SOUTH
RC POS 147 id 7 seat 2 role expand fs 0 body 1 pos 11,19 stuck 0
V528 PICK r 147 id 7 tgt 6,16 cs 8 bs 8 reg 0 cc 0 bc 0 cands 4 banned 0 regall 0 seat 2
RC WALK 147 id 7 role expand pos 11,19 tgt 6,16 want WEST
V527I SEALNT 148 ph 4 fwd 1 hv 3
RC POS 148 id 5 seat 1 role expand fs 0 body 1 pos 4,8 stuck 0
RC WALK 148 id 5 role expand pos 4,8 tgt 4,7 want NORTH
RC POS 148 id 7 seat 2 role expand fs 0 body 1 pos 10,19 stuck 0
RC WALK 148 id 7 role expand pos 10,19 tgt 11,19 want EAST
V527I SEALNT 149 ph 4 fwd 1 hv 3
RC POS 149 id 5 seat 1 role expand fs 0 body 1 pos 4,7 stuck 0
V528 PICK r 149 id 5 tgt 3,15 cs 9 bs 9 reg 0 cc 0 bc 0 cands 3 banned 0 regall 0 seat 1
RC WALK 149 id 5 role expand pos 4,7 tgt 3,15 want SOUTH
RC POS 149 id 7 seat 2 role expand fs 0 body 1 pos 11,19 stuck 0
V528 PICK r 149 id 7 tgt 6,16 cs 8 bs 8 reg 0 cc 0 bc 0 cands 4 banned 0 regall 0 seat 2
RC WALK 149 id 7 role expand pos 11,19 tgt 6,16 want WEST
V527I SEALNT 150 ph 4 fwd 1 hv 3
RC POS 150 id 5 seat 1 role expand fs 0 body 1 pos 4,8 stuck 0
RC WALK 150 id 5 role expand pos 4,8 tgt 4,7 want NORTH
RC POS 150 id 7 seat 2 role expand fs 0 body 1 pos 10,19 stuck 0
RC WALK 150 id 7 role expand pos 10,19 tgt 11,19 want EAST
V527I SEALNT 151 ph 4 fwd 1 hv 3
RC POS 151 id 5 seat 1 role expand fs 0 body 1 pos 4,7 stuck 0
V528 PICK r 151 id 5 tgt 3,15 cs 9 bs 9 reg 0 cc 0 bc 0 cands 3 banned 0 regall 0 seat 1
RC WALK 151 id 5 role expand pos 4,7 tgt 3,15 want SOUTH
RC POS 151 id 7 seat 2 role expand fs 0 body 1 pos 11,19 stuck 0
V528 PICK r 151 id 7 tgt 6,16 cs 8 bs 8 reg 0 cc 0 bc 0 cands 4 banned 0 regall 0 seat 2
RC WALK 151 id 7 role expand pos 11,19 tgt 6,16 want WEST
V527I SEALNT 152 ph 4 fwd 1 hv 3
RC POS 152 id 5 seat 1 role expand fs 0 body 1 pos 4,8 stuck 0
RC WALK 152 id 5 role expand pos 4,8 tgt 4,7 want NORTH
RC POS 152 id 7 seat 2 role expand fs 0 body 1 pos 10,19 stuck 0
RC WALK 152 id 7 role expand pos 10,19 tgt 11,19 want EAST
V527I SEALNT 153 ph 4 fwd 1 hv 3
RC POS 153 id 5 seat 1 role expand fs 0 body 1 pos 4,7 stuck 0
V528 PICK r 153 id 5 tgt 3,15 cs 9 bs 9 reg 0 cc 0 bc 0 cands 3 banned 0 regall 0 seat 1
RC WALK 153 id 5 role expand pos 4,7 tgt 3,15 want SOUTH
RC POS 153 id 7 seat 2 role expand fs 0 body 1 pos 11,19 stuck 0
V528 PICK r 153 id 7 tgt 6,16 cs 8 bs 8 reg 0 cc 0 bc 0 cands 4 banned 0 regall 0 seat 2
RC WALK 153 id 7 role expand pos 11,19 tgt 6,16 want WEST
V527I SEALNT 154 ph 4 fwd 1 hv 3
RC POS 154 id 5 seat 1 role expand fs 0 body 1 pos 4,8 stuck 0
RC WALK 154 id 5 role expand pos 4,8 tgt 4,7 want NORTH
RC POS 154 id 7 seat 2 role expand fs 0 body 1 pos 10,19 stuck 0
RC WALK 154 id 7 role expand pos 10,19 tgt 11,19 want EAST
V527I SEALNT 155 ph 4 fwd 1 hv 3
RC POS 155 id 5 seat 1 role expand fs 0 body 1 pos 4,7 stuck 0
V528 PICK r 155 id 5 tgt 3,15 cs 9 bs 9 reg 0 cc 0 bc 0 cands 3 banned 0 regall 0 seat 1
RC WALK 155 id 5 role expand pos 4,7 tgt 3,15 want SOUTH
RC POS 155 id 7 seat 2 role expand fs 0 body 1 pos 11,19 stuck 0
V528 PICK r 155 id 7 tgt 6,16 cs 8 bs 8 reg 0 cc 0 bc 0 cands 4 banned 0 regall 0 seat 2
RC WALK 155 id 7 role expand pos 11,19 tgt 6,16 want WEST
V527I SEALNT 156 ph 4 fwd 1 hv 3
RC POS 156 id 5 seat 1 role expand fs 0 body 1 pos 4,8 stuck 0
RC WALK 156 id 5 role expand pos 4,8 tgt 4,7 want NORTH
RC POS 156 id 7 seat 2 role expand fs 0 body 1 pos 10,19 stuck 0
RC WALK 156 id 7 role expand pos 10,19 tgt 11,19 want EAST
V527I SEALNT 157 ph 4 fwd 1 hv 3
RC POS 157 id 5 seat 1 role expand fs 0 body 1 pos 4,7 stuck 0
V528 PICK r 157 id 5 tgt 3,15 cs 9 bs 9 reg 0 cc 0 bc 0 cands 3 banned 0 regall 0 seat 1
RC WALK 157 id 5 role expand pos 4,7 tgt 3,15 want SOUTH
RC POS 157 id 7 seat 2 role expand fs 0 body 1 pos 11,19 stuck 0
V528 PICK r 157 id 7 tgt 6,16 cs 8 bs 8 reg 0 cc 0 bc 0 cands 4 banned 0 regall 0 seat 2
RC WALK 157 id 7 role expand pos 11,19 tgt 6,16 want WEST
V527I SEALNT 158 ph 4 fwd 1 hv 3
RC POS 158 id 5 seat 1 role expand fs 0 body 1 pos 4,8 stuck 0
RC WALK 158 id 5 role expand pos 4,8 tgt 4,7 want NORTH
RC POS 158 id 7 seat 2 role expand fs 0 body 1 pos 10,19 stuck 0
RC WALK 158 id 7 role expand pos 10,19 tgt 11,19 want EAST
V527I SEALNT 159 ph 4 fwd 1 hv 3
RC POS 159 id 5 seat 1 role expand fs 0 body 1 pos 4,7 stuck 0
V528 PICK r 159 id 5 tgt 3,15 cs 9 bs 9 reg 0 cc 0 bc 0 cands 3 banned 0 regall 0 seat 1
RC WALK 159 id 5 role expand pos 4,7 tgt 3,15 want SOUTH
RC POS 159 id 7 seat 2 role expand fs 0 body 1 pos 11,19 stuck 0
V528 PICK r 159 id 7 tgt 6,16 cs 8 bs 8 reg 0 cc 0 bc 0 cands 4 banned 0 regall 0 seat 2
RC WALK 159 id 7 role expand pos 11,19 tgt 6,16 want WEST
V527I SEALNT 160 ph 4 fwd 1 hv 3
RC POS 160 id 5 seat 1 role expand fs 0 body 1 pos 4,8 stuck 0
RC WALK 160 id 5 role expand pos 4,8 tgt 4,7 want NORTH
RC POS 160 id 7 seat 2 role expand fs 0 body 1 pos 10,19 stuck 0
RC WALK 160 id 7 role expand pos 10,19 tgt 11,19 want EAST
V527I SEALNT 161 ph 4 fwd 1 hv 3
RC POS 161 id 5 seat 1 role expand fs 0 body 1 pos 4,7 stuck 0
V528 PICK r 161 id 5 tgt 3,15 cs 9 bs 9 reg 0 cc 0 bc 0 cands 3 banned 0 regall 0 seat 1
RC WALK 161 id 5 role expand pos 4,7 tgt 3,15 want SOUTH
RC POS 161 id 7 seat 2 role expand fs 0 body 1 pos 11,19 stuck 0
V528 PICK r 161 id 7 tgt 6,16 cs 8 bs 8 reg 0 cc 0 bc 0 cands 4 banned 0 regall 0 seat 2
RC WALK 161 id 7 role expand pos 11,19 tgt 6,16 want WEST
V527I SEALNT 162 ph 4 fwd 1 hv 3
RC POS 162 id 5 seat 1 role expand fs 0 body 1 pos 4,8 stuck 0
RC WALK 162 id 5 role expand pos 4,8 tgt 4,7 want NORTH
RC POS 162 id 7 seat 2 role expand fs 0 body 1 pos 10,19 stuck 0
RC WALK 162 id 7 role expand pos 10,19 tgt 11,19 want EAST
V527I SEALNT 163 ph 4 fwd 1 hv 3
RC POS 163 id 5 seat 1 role expand fs 0 body 1 pos 4,7 stuck 0
V528 PICK r 163 id 5 tgt 3,15 cs 9 bs 9 reg 0 cc 0 bc 0 cands 3 banned 0 regall 0 seat 1
RC WALK 163 id 5 role expand pos 4,7 tgt 3,15 want SOUTH
RC POS 163 id 7 seat 2 role expand fs 0 body 1 pos 11,19 stuck 0
V528 PICK r 163 id 7 tgt 6,16 cs 8 bs 8 reg 0 cc 0 bc 0 cands 4 banned 0 regall 0 seat 2
RC WALK 163 id 7 role expand pos 11,19 tgt 6,16 want WEST
V527I SEALNT 164 ph 4 fwd 1 hv 3
RC POS 164 id 5 seat 1 role expand fs 0 body 1 pos 4,8 stuck 0
RC WALK 164 id 5 role expand pos 4,8 tgt 4,7 want NORTH
RC POS 164 id 7 seat 2 role expand fs 0 body 1 pos 10,19 stuck 0
RC WALK 164 id 7 role expand pos 10,19 tgt 11,19 want EAST
V527I SEALNT 165 ph 4 fwd 1 hv 3
RC POS 165 id 5 seat 1 role expand fs 0 body 1 pos 4,7 stuck 0
V528 PICK r 165 id 5 tgt 3,15 cs 9 bs 9 reg 0 cc 0 bc 0 cands 3 banned 0 regall 0 seat 1
RC WALK 165 id 5 role expand pos 4,7 tgt 3,15 want SOUTH
RC POS 165 id 7 seat 2 role expand fs 0 body 1 pos 11,19 stuck 0
V528 PICK r 165 id 7 tgt 6,16 cs 8 bs 8 reg 0 cc 0 bc 0 cands 4 banned 0 regall 0 seat 2
RC WALK 165 id 7 role expand pos 11,19 tgt 6,16 want WEST
V527I SEALNT 166 ph 4 fwd 1 hv 3
RC POS 166 id 5 seat 1 role expand fs 0 body 1 pos 4,8 stuck 0
RC WALK 166 id 5 role expand pos 4,8 tgt 4,7 want NORTH
RC POS 166 id 7 seat 2 role expand fs 0 body 1 pos 10,19 stuck 0
RC WALK 166 id 7 role expand pos 10,19 tgt 11,19 want EAST
V527I SEALNT 167 ph 4 fwd 1 hv 3
RC POS 167 id 5 seat 1 role expand fs 0 body 1 pos 4,7 stuck 0
V528 PICK r 167 id 5 tgt 3,15 cs 9 bs 9 reg 0 cc 0 bc 0 cands 3 banned 0 regall 0 seat 1
RC WALK 167 id 5 role expand pos 4,7 tgt 3,15 want SOUTH
RC POS 167 id 7 seat 2 role expand fs 0 body 1 pos 11,19 stuck 0
V528 PICK r 167 id 7 tgt 6,16 cs 8 bs 8 reg 0 cc 0 bc 0 cands 4 banned 0 regall 0 seat 2
RC WALK 167 id 7 role expand pos 11,19 tgt 6,16 want WEST
V527I SEALNT 168 ph 4 fwd 1 hv 3
RC POS 168 id 5 seat 1 role expand fs 0 body 1 pos 4,8 stuck 0
RC WALK 168 id 5 role expand pos 4,8 tgt 4,7 want NORTH
RC POS 168 id 7 seat 2 role expand fs 0 body 1 pos 10,19 stuck 0
RC WALK 168 id 7 role expand pos 10,19 tgt 11,19 want EAST
V527I SEALNT 169 ph 4 fwd 1 hv 3
RC POS 169 id 5 seat 1 role expand fs 0 body 1 pos 4,7 stuck 0
V528 PICK r 169 id 5 tgt 3,15 cs 9 bs 9 reg 0 cc 0 bc 0 cands 3 banned 0 regall 0 seat 1
RC WALK 169 id 5 role expand pos 4,7 tgt 3,15 want SOUTH
RC POS 169 id 7 seat 2 role expand fs 0 body 1 pos 11,19 stuck 0
V528 PICK r 169 id 7 tgt 6,16 cs 8 bs 8 reg 0 cc 0 bc 0 cands 4 banned 0 regall 0 seat 2
RC WALK 169 id 7 role expand pos 11,19 tgt 6,16 want WEST
V527I SEALNT 170 ph 4 fwd 1 hv 3
RC POS 170 id 5 seat 1 role expand fs 0 body 1 pos 4,8 stuck 0
RC WALK 170 id 5 role expand pos 4,8 tgt 4,7 want NORTH
RC POS 170 id 7 seat 2 role expand fs 0 body 1 pos 10,19 stuck 0
RC WALK 170 id 7 role expand pos 10,19 tgt 11,19 want EAST
V527I SEALNT 171 ph 4 fwd 1 hv 3
RC POS 171 id 5 seat 1 role expand fs 0 body 1 pos 4,7 stuck 0
V528 PICK r 171 id 5 tgt 3,15 cs 9 bs 9 reg 0 cc 0 bc 0 cands 3 banned 0 regall 0 seat 1
RC WALK 171 id 5 role expand pos 4,7 tgt 3,15 want SOUTH
RC POS 171 id 7 seat 2 role expand fs 0 body 1 pos 11,19 stuck 0
V528 PICK r 171 id 7 tgt 6,16 cs 8 bs 8 reg 0 cc 0 bc 0 cands 4 banned 0 regall 0 seat 2
RC WALK 171 id 7 role expand pos 11,19 tgt 6,16 want WEST
V527I SEALNT 172 ph 4 fwd 1 hv 3
RC POS 172 id 5 seat 1 role expand fs 0 body 1 pos 4,8 stuck 0
RC WALK 172 id 5 role expand pos 4,8 tgt 4,7 want NORTH
RC POS 172 id 7 seat 2 role expand fs 0 body 1 pos 10,19 stuck 0
RC WALK 172 id 7 role expand pos 10,19 tgt 11,19 want EAST
V527I SEALNT 173 ph 4 fwd 1 hv 3
RC POS 173 id 5 seat 1 role expand fs 0 body 1 pos 4,7 stuck 0
V528 PICK r 173 id 5 tgt 3,15 cs 9 bs 9 reg 0 cc 0 bc 0 cands 3 banned 0 regall 0 seat 1
RC WALK 173 id 5 role expand pos 4,7 tgt 3,15 want SOUTH
RC POS 173 id 7 seat 2 role expand fs 0 body 1 pos 11,19 stuck 0
V528 PICK r 173 id 7 tgt 6,16 cs 8 bs 8 reg 0 cc 0 bc 0 cands 4 banned 0 regall 0 seat 2
RC WALK 173 id 7 role expand pos 11,19 tgt 6,16 want WEST
V527I SEALNT 174 ph 4 fwd 1 hv 3
RC POS 174 id 5 seat 1 role expand fs 0 body 1 pos 4,8 stuck 0
RC WALK 174 id 5 role expand pos 4,8 tgt 4,7 want NORTH
RC POS 174 id 7 seat 2 role expand fs 0 body 1 pos 10,19 stuck 0
RC WALK 174 id 7 role expand pos 10,19 tgt 11,19 want EAST
V527I SEALNT 175 ph 4 fwd 1 hv 3
RC POS 175 id 5 seat 1 role expand fs 0 body 1 pos 4,7 stuck 0
V528 PICK r 175 id 5 tgt 3,15 cs 9 bs 9 reg 0 cc 0 bc 0 cands 3 banned 0 regall 0 seat 1
RC WALK 175 id 5 role expand pos 4,7 tgt 3,15 want SOUTH
RC POS 175 id 7 seat 2 role expand fs 0 body 1 pos 11,19 stuck 0
V528 PICK r 175 id 7 tgt 6,16 cs 8 bs 8 reg 0 cc 0 bc 0 cands 4 banned 0 regall 0 seat 2
RC WALK 175 id 7 role expand pos 11,19 tgt 6,16 want WEST
V527I SEALNT 176 ph 4 fwd 1 hv 3
RC POS 176 id 5 seat 1 role expand fs 0 body 1 pos 4,8 stuck 0
RC WALK 176 id 5 role expand pos 4,8 tgt 4,7 want NORTH
RC POS 176 id 7 seat 2 role expand fs 0 body 1 pos 10,19 stuck 0
RC WALK 176 id 7 role expand pos 10,19 tgt 11,19 want EAST
V527I SEALNT 177 ph 4 fwd 1 hv 3
RC POS 177 id 5 seat 1 role expand fs 0 body 1 pos 4,7 stuck 0
V528 PICK r 177 id 5 tgt 3,15 cs 9 bs 9 reg 0 cc 0 bc 0 cands 3 banned 0 regall 0 seat 1
RC WALK 177 id 5 role expand pos 4,7 tgt 3,15 want SOUTH
RC POS 177 id 7 seat 2 role expand fs 0 body 1 pos 11,19 stuck 0
V528 PICK r 177 id 7 tgt 6,16 cs 8 bs 8 reg 0 cc 0 bc 0 cands 4 banned 0 regall 0 seat 2
RC WALK 177 id 7 role expand pos 11,19 tgt 6,16 want WEST
V527I SEALNT 178 ph 4 fwd 1 hv 3
RC POS 178 id 5 seat 1 role expand fs 0 body 1 pos 4,8 stuck 0
RC WALK 178 id 5 role expand pos 4,8 tgt 4,7 want NORTH
RC POS 178 id 7 seat 2 role expand fs 0 body 1 pos 10,19 stuck 0
RC WALK 178 id 7 role expand pos 10,19 tgt 11,19 want EAST
V527I SEALNT 179 ph 4 fwd 1 hv 3
RC POS 179 id 5 seat 1 role expand fs 0 body 1 pos 4,7 stuck 0
V528 PICK r 179 id 5 tgt 3,15 cs 9 bs 9 reg 0 cc 0 bc 0 cands 3 banned 0 regall 0 seat 1
RC WALK 179 id 5 role expand pos 4,7 tgt 3,15 want SOUTH
RC POS 179 id 7 seat 2 role expand fs 0 body 1 pos 11,19 stuck 0
V528 PICK r 179 id 7 tgt 6,16 cs 8 bs 8 reg 0 cc 0 bc 0 cands 4 banned 0 regall 0 seat 2
RC WALK 179 id 7 role expand pos 11,19 tgt 6,16 want WEST
V527I SEALNT 180 ph 4 fwd 1 hv 3
RC POS 180 id 5 seat 1 role expand fs 0 body 1 pos 4,8 stuck 0
RC WALK 180 id 5 role expand pos 4,8 tgt 4,7 want NORTH
RC POS 180 id 7 seat 2 role expand fs 0 body 1 pos 10,19 stuck 0
RC WALK 180 id 7 role expand pos 10,19 tgt 11,19 want EAST
V527I SEALNT 181 ph 4 fwd 1 hv 3
RC POS 181 id 5 seat 1 role expand fs 0 body 1 pos 4,7 stuck 0
V528 PICK r 181 id 5 tgt 3,15 cs 9 bs 9 reg 0 cc 0 bc 0 cands 3 banned 0 regall 0 seat 1
RC WALK 181 id 5 role expand pos 4,7 tgt 3,15 want SOUTH
RC POS 181 id 7 seat 2 role expand fs 0 body 1 pos 11,19 stuck 0
V528 PICK r 181 id 7 tgt 6,16 cs 8 bs 8 reg 0 cc 0 bc 0 cands 4 banned 0 regall 0 seat 2
RC WALK 181 id 7 role expand pos 11,19 tgt 6,16 want WEST
V527I SEALNT 182 ph 4 fwd 1 hv 3
RC POS 182 id 5 seat 1 role expand fs 0 body 1 pos 4,8 stuck 0
RC WALK 182 id 5 role expand pos 4,8 tgt 4,7 want NORTH
RC POS 182 id 7 seat 2 role expand fs 0 body 1 pos 10,19 stuck 0
RC WALK 182 id 7 role expand pos 10,19 tgt 11,19 want EAST
V527I SEALNT 183 ph 4 fwd 1 hv 3
RC POS 183 id 5 seat 1 role expand fs 0 body 1 pos 4,7 stuck 0
V528 PICK r 183 id 5 tgt 3,15 cs 9 bs 9 reg 0 cc 0 bc 0 cands 3 banned 0 regall 0 seat 1
RC WALK 183 id 5 role expand pos 4,7 tgt 3,15 want SOUTH
RC POS 183 id 7 seat 2 role expand fs 0 body 1 pos 11,19 stuck 0
V528 PICK r 183 id 7 tgt 6,16 cs 8 bs 8 reg 0 cc 0 bc 0 cands 4 banned 0 regall 0 seat 2
RC WALK 183 id 7 role expand pos 11,19 tgt 6,16 want WEST
V527I SEALNT 184 ph 4 fwd 1 hv 3
RC POS 184 id 5 seat 1 role expand fs 0 body 1 pos 4,8 stuck 0
RC WALK 184 id 5 role expand pos 4,8 tgt 4,7 want NORTH
RC POS 184 id 7 seat 2 role expand fs 0 body 1 pos 10,19 stuck 0
RC WALK 184 id 7 role expand pos 10,19 tgt 11,19 want EAST
V527I SEALNT 185 ph 4 fwd 1 hv 3
RC POS 185 id 5 seat 1 role expand fs 0 body 1 pos 4,7 stuck 0
V528 PICK r 185 id 5 tgt 3,15 cs 9 bs 9 reg 0 cc 0 bc 0 cands 3 banned 0 regall 0 seat 1
RC WALK 185 id 5 role expand pos 4,7 tgt 3,15 want SOUTH
RC POS 185 id 7 seat 2 role expand fs 0 body 1 pos 11,19 stuck 0
V528 PICK r 185 id 7 tgt 6,16 cs 8 bs 8 reg 0 cc 0 bc 0 cands 4 banned 0 regall 0 seat 2
RC WALK 185 id 7 role expand pos 11,19 tgt 6,16 want WEST
V527I SEALNT 186 ph 4 fwd 1 hv 3
RC POS 186 id 5 seat 1 role expand fs 0 body 1 pos 4,8 stuck 0
RC WALK 186 id 5 role expand pos 4,8 tgt 4,7 want NORTH
RC POS 186 id 7 seat 2 role expand fs 0 body 1 pos 10,19 stuck 0
RC WALK 186 id 7 role expand pos 10,19 tgt 11,19 want EAST
V527I SEALNT 187 ph 4 fwd 1 hv 3
RC POS 187 id 5 seat 1 role expand fs 0 body 1 pos 4,7 stuck 0
V528 PICK r 187 id 5 tgt 3,15 cs 9 bs 9 reg 0 cc 0 bc 0 cands 3 banned 0 regall 0 seat 1
RC WALK 187 id 5 role expand pos 4,7 tgt 3,15 want SOUTH
RC POS 187 id 7 seat 2 role expand fs 0 body 1 pos 11,19 stuck 0
V528 PICK r 187 id 7 tgt 6,16 cs 8 bs 8 reg 0 cc 0 bc 0 cands 4 banned 0 regall 0 seat 2
RC WALK 187 id 7 role expand pos 11,19 tgt 6,16 want WEST
V527I SEALNT 188 ph 4 fwd 1 hv 3
RC POS 188 id 5 seat 1 role expand fs 0 body 1 pos 4,8 stuck 0
RC WALK 188 id 5 role expand pos 4,8 tgt 4,7 want NORTH
RC POS 188 id 7 seat 2 role expand fs 0 body 1 pos 10,19 stuck 0
RC WALK 188 id 7 role expand pos 10,19 tgt 11,19 want EAST
