Running match: _v521sync vs _v488beltbreak2
  Map: midgard.map26  Seed: 30  Replay: 
scratchpad/s51_v521_build/grid/b10/repv521/midgard_s30_A.replay26  TLE: 10ms
Completed turn 0
Completed turn 100
Completed turn 200
Completed turn 300
Completed turn 400
Completed turn 500
Completed turn 600
Completed turn 700
Completed turn 800
Completed turn 900
Replay written to 
scratchpad/s51_v521_build/grid/b10/repv521/midgard_s30_A.replay26

  Winner: _v488beltbreak2  (Titanium collected (tiebreak), turn 1000)

                    _v521sync     _v488beltbreak2  
  Titanium     66 (630 mined)    132 (2960 mined)  
  Units                     7                   8  
  Buildings                45                  34  

