Update available: 2.3.6 -> 2.3.8. Run: pip install --upgrade fcode
V527 PICKASK 13 adj 1 pick (13, 26) cutall 0
V527 REORDER 13 was (14, 28) now (13, 26) n 1
V527 PICKASK 14 adj 0 pick - cutall 0
V527 BUNKER HOLD 14 why notarmed blk armed orth 5
V527 PICKASK 14 adj 2 pick (15, 25) cutall 0
V527 PICKASK 15 adj 2 pick (13, 27) cutall 0
V527 PICKASK 15 adj 1 pick (13, 25) cutall 0
V527 REORDER 15 was (16, 26) now (13, 25) n 1
V527 BUNKER HOLD 15 why notarmed blk armed orth 4
V527 PICKASK 16 adj 1 pick (14, 28) cutall 0
V527 PICKASK 16 adj 1 pick (13, 25) cutall 0
V527 REORDER 16 was (16, 26) now (13, 25) n 2
V527 BUNKER HOLD 16 why notarmed blk armed orth 3
V527 PICKASK 17 adj 0 pick - cutall 0
V527 BUNKER HOLD 17 why notarmed blk armed orth 3
V527 PICKASK 17 adj 1 pick (13, 25) cutall 0
V527 REORDER 17 was (16, 26) now (13, 25) n 3
V527 BUNKER HOLD 17 why trapped blk gate
V527 PICKASK 18 adj 0 pick - cutall 0
V527 BUNKER HOLD 18 why notarmed blk armed orth 3
V527 PICKASK 18 adj 1 pick (13, 25) cutall 0
V527 REORDER 18 was (16, 26) now (13, 25) n 4
V527 BUNKER HOLD 18 why trapped blk gate
V527 PICKASK 19 adj 0 pick - cutall 0
V527 BUNKER HOLD 19 why notarmed blk armed orth 3
V527 PICKASK 19 adj 1 pick (13, 25) cutall 0
V527 REORDER 19 was (16, 26) now (13, 25) n 5
V527 BUNKER HOLD 19 why trapped blk gate
V527 PICKASK 20 adj 1 pick (15, 28) cutall 0
V527 REORDER 20 was (16, 27) now (15, 28) n 2
V527 PICKASK 20 adj 1 pick (13, 25) cutall 0
V527 REORDER 20 was (16, 26) now (13, 25) n 6
V527 BUNKER HOLD 20 why trapped blk gate
V527 PICKASK 21 adj 0 pick - cutall 0
V527 BUNKER HOLD 21 why notarmed blk armed orth 2
V527 PICKASK 21 adj 1 pick (13, 25) cutall 0
V527 REORDER 21 was (16, 26) now (13, 25) n 7
V527 BUNKER HOLD 21 why trapped blk gate
V527 PICKASK 22 adj 0 pick - cutall 0
V527 BUNKER HOLD 22 why notarmed blk armed orth 2
V527 PICKASK 22 adj 1 pick (13, 25) cutall 0
V527 REORDER 22 was (16, 26) now (13, 25) n 8
V527 BUNKER HOLD 22 why trapped blk gate
V527 PICKASK 23 adj 1 pick (16, 27) cutall 0
V527 PICKASK 23 adj 1 pick (13, 25) cutall 0
V527 REORDER 23 was (16, 26) now (13, 25) n 9
V527 BUNKER HOLD 23 why collar blk gate
V527 PICKASK 24 adj 0 pick - cutall 0
V527 BUNKER HOLD 24 why collar blk gate
V527 PICKASK 24 adj 1 pick (13, 25) cutall 0
V527 REORDER 24 was (16, 26) now (13, 25) n 10
V527 BUNKER HOLD 24 why collar blk gate
V527 PICKASK 25 adj 0 pick - cutall 0
V527 BUNKER HOLD 25 why collar blk gate
V527 PICKASK 25 adj 1 pick (13, 25) cutall 0
V527 REORDER 25 was (16, 26) now (13, 25) n 11
V527 BUNKER HOLD 25 why collar blk gate
V527 PICKASK 26 adj 0 pick - cutall 0
V527 BUNKER HOLD 26 why collar blk gate
V527 PICKASK 26 adj 1 pick (13, 25) cutall 0
V527 REORDER 26 was (16, 26) now (13, 25) n 12
V527 BUNKER HOLD 26 why collar blk gate
V527 PICKASK 27 adj 1 pick (16, 26) cutall 0
V527 BUNKER HOLD 27 why collar blk gate
V527 PICKASK 27 adj 1 pick (13, 25) cutall 0
V527 REORDER 27 was (16, 26) now (13, 25) n 13
V527 BUNKER HOLD 27 why collar blk gate
V527 PICKASK 28 adj 1 pick (16, 26) cutall 0
V527 PICKASK 28 adj 1 pick (13, 25) cutall 0
V527 BUNKER HOLD 28 why collar blk gate
V527 PICKASK 29 adj 0 pick - cutall 0
V527 BUNKER HOLD 29 why collar blk gate
V527 PICKASK 29 adj 1 pick (13, 25) cutall 0
V527 BUNKER HOLD 29 why collar blk gate
V527 PSURV ARM 30 ph 3 repl 0 cap 4
V527 PICKASK 30 adj 0 pick - cutall 0
V527 BUNKER HOLD 30 why notarmed blk armed orth 2
V527 PICKASK 30 adj 1 pick (13, 25) cutall 0
V527 BUNKER HOLD 30 why collar blk gate
V527 PICKASK 31 adj 0 pick - cutall 0
V527 BUNKER HOLD 31 why notarmed blk armed orth 3
V527 PICKASK 31 adj 1 pick (13, 25) cutall 0
V527 BUNKER HOLD 31 why collar blk gate
V527 PICKASK 32 adj 1 pick (16, 25) cutall 0
V527 REORDER 32 was (13, 28) now (16, 25) n 3
V527 PICKASK 32 adj 1 pick (13, 25) cutall 0
V527 BUNKER HOLD 32 why collar blk gate
V527 PICKASK 33 adj 0 pick - cutall 0
V527 BUNKER HOLD 33 why collar blk gate
V527 PICKASK 33 adj 1 pick (13, 25) cutall 0
V527 BUNKER HOLD 33 why collar blk gate
V527 PICKASK 34 adj 0 pick - cutall 0
V527 BUNKER HOLD 34 why notarmed blk armed orth 2
V527 PICKASK 34 adj 1 pick (13, 25) cutall 0
V527 BUNKER HOLD 34 why collar blk gate
V527 PICKASK 35 adj 0 pick - cutall 0
V527 BUNKER HOLD 35 why collar blk gate
V527 PICKASK 35 adj 1 pick (13, 25) cutall 0
V527 BUNKER HOLD 35 why collar blk gate
V527 PICKASK 36 adj 0 pick - cutall 0
V527 BUNKER HOLD 36 why collar blk gate
V527 PICKASK 36 adj 1 pick (13, 25) cutall 0
V527 BUNKER HOLD 36 why trapped blk gate
V527 PICKASK 37 adj 1 pick (13, 25) cutall 0
V527 BUNKER HOLD 37 why collar blk gate
V527 PICKASK 38 adj 0 pick - cutall 0
V527 BUNKER HOLD 38 why collar blk gate
V527 PICKASK 38 adj 1 pick (13, 25) cutall 0
V527 BUNKER HOLD 38 why trapped blk gate
V527 PICKASK 39 adj 1 pick (13, 25) cutall 0
V527 BUNKER HOLD 39 why collar blk gate
V527 PICKASK 40 adj 0 pick - cutall 0
V527 BUNKER HOLD 40 why collar blk gate
V527 PICKASK 40 adj 1 pick (13, 25) cutall 0
V527 BUNKER HOLD 40 why trapped blk gate
V527 PICKASK 41 adj 1 pick (13, 25) cutall 0
V527 BUNKER HOLD 41 why collar blk gate
V527 PICKASK 42 adj 0 pick - cutall 0
V527 BUNKER HOLD 42 why collar blk gate
V527 PICKASK 42 adj 1 pick (13, 25) cutall 0
V527 BUNKER HOLD 42 why trapped blk gate
V527 PICKASK 43 adj 1 pick (13, 25) cutall 0
V527 BUNKER HOLD 43 why collar blk gate
V527 PICKASK 44 adj 0 pick - cutall 0
V527 BUNKER HOLD 44 why collar blk gate
V527 PICKASK 44 adj 1 pick (13, 25) cutall 0
V527 BUNKER HOLD 44 why trapped blk gate
V527 PICKASK 45 adj 1 pick (13, 25) cutall 0
V527 BUNKER HOLD 45 why collar blk gate
V527 PICKASK 46 adj 0 pick - cutall 0
V527 BUNKER HOLD 46 why collar blk gate
V527 PICKASK 46 adj 1 pick (13, 25) cutall 0
V527 BUNKER HOLD 46 why trapped blk gate
V527 PICKASK 47 adj 1 pick (13, 25) cutall 0
V527 BUNKER HOLD 47 why collar blk gate
V527 PICKASK 48 adj 0 pick - cutall 0
V527 BUNKER HOLD 48 why collar blk gate
V527 PICKASK 48 adj 1 pick (13, 25) cutall 0
V527 BUNKER HOLD 48 why trapped blk gate
V527 PICKASK 49 adj 1 pick (13, 25) cutall 0
V527 BUNKER HOLD 49 why collar blk gate
V527 PICKASK 50 adj 0 pick - cutall 0
V527 BUNKER HOLD 50 why collar blk gate
V527 PICKASK 50 adj 1 pick (13, 25) cutall 0
V527 BUNKER HOLD 50 why trapped blk gate
V527 PICKASK 51 adj 1 pick (13, 25) cutall 0
V527 BUNKER HOLD 51 why collar blk gate
V527 PICKASK 52 adj 0 pick - cutall 0
V527 BUNKER HOLD 52 why collar blk gate
V527 PICKASK 52 adj 1 pick (13, 25) cutall 0
V527 BUNKER HOLD 52 why trapped blk gate
V527 PICKASK 53 adj 1 pick (13, 25) cutall 0
V527 BUNKER HOLD 53 why trapped blk gate
V527 PICKASK 54 adj 0 pick - cutall 0
V527 BUNKER HOLD 54 why collar blk gate
V527 PICKASK 54 adj 1 pick (13, 25) cutall 0
V527 BUNKER HOLD 54 why trapped blk gate
V527 PICKASK 55 adj 1 pick (13, 25) cutall 0
V527 BUNKER HOLD 55 why trapped blk gate
V527 PICKASK 56 adj 0 pick - cutall 0
V527 BUNKER HOLD 56 why collar blk gate
V527 PICKASK 56 adj 1 pick (13, 25) cutall 0
V527 BUNKER HOLD 56 why trapped blk gate
V527 PICKASK 57 adj 1 pick (13, 25) cutall 0
V527 BUNKER HOLD 57 why trapped blk gate
V527 PICKASK 58 adj 0 pick - cutall 0
V527 BUNKER HOLD 58 why collar blk gate
V527 PICKASK 58 adj 1 pick (13, 25) cutall 0
V527 BUNKER HOLD 58 why trapped blk gate
V527 PICKASK 59 adj 1 pick (13, 25) cutall 0
V527 BUNKER HOLD 59 why collar blk gate
V527 PICKASK 60 adj 0 pick - cutall 0
V527 BUNKER HOLD 60 why collar blk gate
V527 PICKASK 60 adj 1 pick (13, 25) cutall 0
V527 BUNKER HOLD 60 why trapped blk gate
V527 PICKASK 61 adj 1 pick (13, 25) cutall 0
V527 BUNKER HOLD 61 why collar blk gate
V527 PICKASK 62 adj 0 pick - cutall 0
V527 BUNKER HOLD 62 why collar blk gate
V527 PICKASK 62 adj 1 pick (13, 25) cutall 0
V527 BUNKER HOLD 62 why trapped blk gate
V527 PICKASK 63 adj 1 pick (13, 25) cutall 0
V527 BUNKER HOLD 63 why collar blk gate
V527 PICKASK 64 adj 0 pick - cutall 0
V527 BUNKER HOLD 64 why collar blk gate
V527 PICKASK 64 adj 1 pick (13, 25) cutall 0
V527 BUNKER HOLD 64 why trapped blk gate
V527 PICKASK 65 adj 1 pick (13, 25) cutall 0
V527 BUNKER HOLD 65 why collar blk gate
V527 PICKASK 66 adj 0 pick - cutall 0
V527 BUNKER HOLD 66 why collar blk gate
V527 PICKASK 66 adj 1 pick (13, 25) cutall 0
V527 BUNKER HOLD 66 why trapped blk gate
V527 PICKASK 67 adj 1 pick (13, 25) cutall 0
V527 BUNKER HOLD 67 why collar blk gate
V527 PICKASK 68 adj 0 pick - cutall 0
V527 BUNKER HOLD 68 why collar blk gate
V527 PICKASK 68 adj 1 pick (13, 25) cutall 0
V527 REORDER 68 was (13, 28) now (13, 25) n 14
V527 BUNKER HOLD 68 why trapped blk gate
V527 PICKASK 69 adj 1 pick (13, 25) cutall 0
V527 REORDER 69 was (13, 28) now (13, 25) n 15
V527 BUNKER HOLD 69 why trapped blk gate
V527 PICKASK 70 adj 0 pick - cutall 0
V527 BUNKER HOLD 70 why collar blk gate
V527 PICKASK 70 adj 1 pick (13, 25) cutall 0
V527 REORDER 70 was (13, 28) now (13, 25) n 16
V527 BUNKER HOLD 70 why trapped blk gate
V527 PICKASK 71 adj 1 pick (13, 25) cutall 0
V527 BUNKER HOLD 71 why trapped blk gate
V527 PICKASK 72 adj 0 pick - cutall 0
V527 BUNKER HOLD 72 why collar blk gate
V527 PICKASK 72 adj 1 pick (13, 25) cutall 0
V527 REORDER 72 was (14, 25) now (13, 25) n 17
V527 BUNKER HOLD 72 why trapped blk gate
V527 PICKASK 73 adj 1 pick (13, 25) cutall 0
V527 REORDER 73 was (14, 25) now (13, 25) n 18
V527 BUNKER HOLD 73 why trapped blk gate
V527 PICKASK 74 adj 0 pick - cutall 0
V527 BUNKER HOLD 74 why collar blk gate
V527 PICKASK 74 adj 1 pick (13, 25) cutall 0
V527 REORDER 74 was (14, 25) now (13, 25) n 19
V527 BUNKER HOLD 74 why trapped blk gate
V527 PICKASK 75 adj 1 pick (13, 25) cutall 0
V527 REORDER 75 was (14, 25) now (13, 25) n 20
V527 BUNKER HOLD 75 why collar blk gate
V527 PICKASK 76 adj 0 pick - cutall 0
V527 BUNKER HOLD 76 why collar blk gate
V527 PICKASK 76 adj 1 pick - cutall 1
V527 SELFCUT 76 n 1
V527 PICKASK 77 adj 0 pick - cutall 0
V527 BUNKER HOLD 77 why collar blk gate
V527 PICKASK 78 adj 0 pick - cutall 0
V527 BUNKER HOLD 78 why collar blk gate
V527 PICKASK 79 adj 0 pick - cutall 0
V527 BUNKER HOLD 79 why collar blk gate
V527 PICKASK 79 adj 0 pick - cutall 0
V527 BUNKER HOLD 79 why trapped blk gate
V527 PICKASK 80 adj 0 pick - cutall 0
V527 BUNKER HOLD 80 why collar blk gate
V527 PICKASK 81 adj 0 pick - cutall 0
V527 BUNKER HOLD 81 why collar blk gate
V527 PICKASK 81 adj 1 pick (14, 25) cutall 0
V527 BUNKER HOLD 81 why collar blk gate
V527 PICKASK 82 adj 0 pick - cutall 0
V527 BUNKER HOLD 82 why collar blk gate
V527 PICKASK 82 adj 1 pick (14, 25) cutall 0
V527 BUNKER HOLD 82 why collar blk gate
V527 PICKASK 83 adj 0 pick - cutall 0
V527 BUNKER HOLD 83 why collar blk gate
V527 PICKASK 83 adj 1 pick (14, 25) cutall 0
V527 BUNKER HOLD 83 why collar blk gate
V527 PICKASK 84 adj 0 pick - cutall 0
V527 BUNKER HOLD 84 why collar blk gate
V527 PICKASK 84 adj 1 pick (14, 25) cutall 0
V527 BUNKER HOLD 84 why collar blk gate
V527 PICKASK 85 adj 0 pick - cutall 0
V527 BUNKER HOLD 85 why collar blk gate
V527 PICKASK 85 adj 1 pick (14, 25) cutall 0
V527 BUNKER HOLD 85 why collar blk gate
V527 PICKASK 86 adj 0 pick - cutall 0
V527 BUNKER HOLD 86 why collar blk gate
V527 PICKASK 86 adj 1 pick (14, 25) cutall 0
V527 BUNKER HOLD 86 why collar blk gate
V527 PICKASK 87 adj 0 pick - cutall 0
V527 BUNKER HOLD 87 why collar blk gate
V527 PICKASK 87 adj 1 pick (14, 25) cutall 0
V527 BUNKER HOLD 87 why collar blk gate
V527 PICKASK 88 adj 0 pick - cutall 0
V527 BUNKER HOLD 88 why collar blk gate
V527 PICKASK 88 adj 1 pick (14, 25) cutall 0
V527 BUNKER HOLD 88 why collar blk gate
V527 PICKASK 89 adj 0 pick - cutall 0
V527 BUNKER HOLD 89 why collar blk gate
V527 PICKASK 89 adj 1 pick (14, 25) cutall 0
V527 BUNKER HOLD 89 why collar blk gate
V527 PICKASK 90 adj 0 pick - cutall 0
V527 BUNKER HOLD 90 why collar blk gate
V527 PICKASK 90 adj 1 pick (14, 25) cutall 0
V527 BUNKER HOLD 90 why collar blk gate
V527 PICKASK 91 adj 0 pick - cutall 0
V527 BUNKER HOLD 91 why collar blk gate
V527 PICKASK 91 adj 1 pick (14, 25) cutall 0
V527 BUNKER HOLD 91 why collar blk gate
V527 PICKASK 92 adj 0 pick - cutall 0
V527 BUNKER HOLD 92 why collar blk gate
V527 PICKASK 92 adj 1 pick (14, 25) cutall 0
V527 BUNKER HOLD 92 why collar blk gate
V527 PICKASK 93 adj 0 pick - cutall 0
V527 BUNKER HOLD 93 why collar blk gate
V527 PICKASK 93 adj 1 pick (14, 25) cutall 0
V527 BUNKER HOLD 93 why collar blk gate
V527 PICKASK 94 adj 0 pick - cutall 0
V527 BUNKER HOLD 94 why collar blk gate
V527 PICKASK 94 adj 1 pick (14, 25) cutall 0
V527 BUNKER HOLD 94 why collar blk gate
V527 PICKASK 95 adj 0 pick - cutall 0
V527 BUNKER HOLD 95 why collar blk gate
V527 PICKASK 95 adj 1 pick (14, 25) cutall 0
V527 REORDER 95 was (13, 28) now (14, 25) n 21
V527 BUNKER HOLD 95 why collar blk gate
V527 PICKASK 96 adj 0 pick - cutall 0
V527 BUNKER HOLD 96 why collar blk gate
V527 PICKASK 96 adj 0 pick - cutall 0
V527 BUNKER HOLD 96 why notarmed blk armed orth 3
V527 PICKASK 97 adj 0 pick - cutall 0
V527 BUNKER HOLD 97 why notarmed blk armed orth 4
V527 PICKASK 98 adj 0 pick - cutall 0
V527 BUNKER HOLD 98 why notarmed blk armed orth 3
V527 PICKASK 98 adj 0 pick - cutall 0
V527 BUNKER HOLD 98 why collar blk gate
V527 PICKASK 99 adj 0 pick - cutall 0
V527 BUNKER HOLD 99 why notarmed blk armed orth 4
V527 PICKASK 99 adj 1 pick (14, 25) cutall 0
V527 BUNKER HOLD 99 why collar blk gate
V527 PICKASK 100 adj 0 pick - cutall 0
V527 BUNKER HOLD 100 why collar blk gate
V527 PICKASK 100 adj 1 pick (14, 25) cutall 0
V527 BUNKER HOLD 100 why collar blk gate
V527 PICKASK 101 adj 0 pick - cutall 0
V527 BUNKER HOLD 101 why collar blk gate
V527 PICKASK 101 adj 1 pick (14, 25) cutall 0
V527 PICKASK 102 adj 0 pick - cutall 0
V527 BUNKER HOLD 102 why collar blk gate
V527 PICKASK 102 adj 0 pick - cutall 0
V527 BUNKER HOLD 102 why collar blk gate
V527 PICKASK 103 adj 0 pick - cutall 0
V527 BUNKER HOLD 103 why notarmed blk armed orth 2
V527 PICKASK 103 adj 0 pick - cutall 0
V527 BUNKER HOLD 103 why collar blk gate
V527 PICKASK 104 adj 0 pick - cutall 0
V527 BUNKER HOLD 104 why notarmed blk armed orth 4
V527 PICKASK 104 adj 0 pick - cutall 0
V527 BUNKER HOLD 104 why notarmed blk armed orth 2
V527 PICKASK 105 adj 0 pick - cutall 0
V527 BUNKER HOLD 105 why notarmed blk armed orth 4
V527 PICKASK 105 adj 0 pick - cutall 0
V527 BUNKER HOLD 105 why collar blk gate
V527 PICKASK 106 adj 0 pick - cutall 0
V527 BUNKER HOLD 106 why notarmed blk armed orth 4
V527 PICKASK 106 adj 0 pick - cutall 0
V527 BUNKER HOLD 106 why notarmed blk armed orth 2
V527 PICKASK 107 adj 0 pick - cutall 0
V527 BUNKER HOLD 107 why notarmed blk armed orth 3
V527 PICKASK 107 adj 0 pick - cutall 0
V527 BUNKER HOLD 107 why collar blk gate
V527 PICKASK 108 adj 0 pick - cutall 0
V527 BUNKER HOLD 108 why collar blk gate
V527 PICKASK 108 adj 0 pick - cutall 0
V527 BUNKER HOLD 108 why notarmed blk armed orth 2
V527 PICKASK 109 adj 0 pick - cutall 0
V527 BUNKER HOLD 109 why collar blk gate
V527 PICKASK 109 adj 0 pick - cutall 0
V527 BUNKER HOLD 109 why collar blk gate
V527 PICKASK 110 adj 0 pick - cutall 0
V527 BUNKER HOLD 110 why notarmed blk armed orth 2
V527 PICKASK 110 adj 0 pick - cutall 0
V527 BUNKER HOLD 110 why notarmed blk armed orth 2
V527 PICKASK 111 adj 0 pick - cutall 0
V527 BUNKER HOLD 111 why collar blk gate
V527 PICKASK 111 adj 0 pick - cutall 0
V527 BUNKER HOLD 111 why collar blk gate
V527 PICKASK 112 adj 0 pick - cutall 0
V527 BUNKER HOLD 112 why notarmed blk armed orth 2
V527 PICKASK 112 adj 0 pick - cutall 0
V527 BUNKER HOLD 112 why notarmed blk armed orth 2
V527 PICKASK 113 adj 0 pick - cutall 0
V527 BUNKER HOLD 113 why collar blk gate
V527 PICKASK 113 adj 0 pick - cutall 0
V527 BUNKER HOLD 113 why collar blk gate
V527 PICKASK 114 adj 0 pick - cutall 0
V527 BUNKER HOLD 114 why notarmed blk armed orth 2
V527 PICKASK 114 adj 0 pick - cutall 0
V527 BUNKER HOLD 114 why notarmed blk armed orth 2
V527 PICKASK 115 adj 0 pick - cutall 0
V527 BUNKER HOLD 115 why notarmed blk armed orth 2
V527 PICKASK 115 adj 0 pick - cutall 0
V527 BUNKER HOLD 115 why collar blk gate
V527 PICKASK 116 adj 0 pick - cutall 0
V527 BUNKER HOLD 116 why collar blk gate
V527 PICKASK 116 adj 0 pick - cutall 0
V527 BUNKER HOLD 116 why notarmed blk armed orth 2
V527 PICKASK 117 adj 1 pick (13, 28) cutall 0
V527 BUNKER HOLD 117 why collar blk gate
V527 PICKASK 118 adj 0 pick - cutall 0
V527 BUNKER HOLD 118 why collar blk gate
V527 BUNKER HOLD 118 why collar blk gate
V527 BUNKER HOLD 119 why collar blk gate
V527 BUNKER HOLD 119 why collar blk gate
V527 PICKASK 120 adj 0 pick - cutall 0
V527 BUNKER HOLD 120 why collar blk gate
V527 PICKASK 120 adj 0 pick - cutall 0
V527 BUNKER HOLD 120 why collar blk gate
V527 BUNKER HOLD 121 why collar blk gate
V527 BUNKER HOLD 122 why collar blk gate
V527 PICKASK 122 adj 0 pick - cutall 0
V527 BUNKER HOLD 122 why collar blk gate
V527 PICKASK 123 adj 0 pick - cutall 0
V527 BUNKER HOLD 123 why collar blk gate
V527 PICKASK 123 adj 0 pick - cutall 0
V527 BUNKER HOLD 123 why notarmed blk armed orth 2
V527 BUNKER HOLD 124 why collar blk gate
V527 PICKASK 124 adj 0 pick - cutall 0
V527 BUNKER HOLD 124 why collar blk gate
V527 PICKASK 125 adj 0 pick - cutall 0
V527 BUNKER HOLD 125 why collar blk gate
V527 PICKASK 125 adj 0 pick - cutall 0
V527 BUNKER HOLD 125 why notarmed blk armed orth 2
V527 BUNKER HOLD 126 why collar blk gate
V527 PICKASK 126 adj 0 pick - cutall 0
V527 BUNKER HOLD 126 why collar blk gate
V527 PICKASK 127 adj 0 pick - cutall 0
V527 BUNKER HOLD 127 why collar blk gate
V527 PICKASK 127 adj 0 pick - cutall 0
V527 BUNKER HOLD 127 why notarmed blk armed orth 2
V527 BUNKER HOLD 128 why collar blk gate
V527 PICKASK 128 adj 0 pick - cutall 0
V527 BUNKER HOLD 128 why collar blk gate
V527 PICKASK 129 adj 0 pick - cutall 0
V527 BUNKER HOLD 129 why collar blk gate
V527 PICKASK 129 adj 0 pick - cutall 0
V527 BUNKER HOLD 129 why notarmed blk armed orth 2
V527 BUNKER HOLD 130 why collar blk gate
V527 PICKASK 130 adj 0 pick - cutall 0
V527 BUNKER HOLD 130 why collar blk gate
V527 PICKASK 131 adj 0 pick - cutall 0
V527 BUNKER HOLD 131 why collar blk gate
V527 PICKASK 131 adj 0 pick - cutall 0
V527 BUNKER HOLD 131 why notarmed blk armed orth 2
V527 BUNKER HOLD 132 why collar blk gate
V527 PICKASK 132 adj 0 pick - cutall 0
V527 BUNKER HOLD 132 why collar blk gate
V527 PICKASK 133 adj 0 pick - cutall 0
V527 BUNKER HOLD 133 why collar blk gate
V527 PICKASK 133 adj 0 pick - cutall 0
V527 BUNKER HOLD 133 why notarmed blk armed orth 2
V527 BUNKER HOLD 134 why collar blk gate
V527 PICKASK 134 adj 0 pick - cutall 0
V527 BUNKER HOLD 134 why collar blk gate
V527 PICKASK 135 adj 0 pick - cutall 0
V527 BUNKER HOLD 135 why collar blk gate
V527 PICKASK 135 adj 0 pick - cutall 0
V527 BUNKER HOLD 135 why notarmed blk armed orth 2
V527 BUNKER HOLD 136 why collar blk gate
V527 PICKASK 136 adj 0 pick - cutall 0
V527 BUNKER HOLD 136 why collar blk gate
V527 PICKASK 137 adj 0 pick - cutall 0
V527 BUNKER HOLD 137 why collar blk gate
V527 PICKASK 137 adj 0 pick - cutall 0
V527 BUNKER HOLD 137 why notarmed blk armed orth 2
V527 BUNKER HOLD 138 why collar blk gate
V527 PICKASK 138 adj 0 pick - cutall 0
V527 BUNKER HOLD 138 why collar blk gate
V527 PICKASK 139 adj 0 pick - cutall 0
V527 BUNKER HOLD 139 why collar blk gate
V527 PICKASK 139 adj 0 pick - cutall 0
V527 BUNKER HOLD 139 why notarmed blk armed orth 2
V527 BUNKER HOLD 140 why collar blk gate
V527 PICKASK 140 adj 0 pick - cutall 0
V527 BUNKER HOLD 140 why collar blk gate
V527 PICKASK 141 adj 0 pick - cutall 0
V527 BUNKER HOLD 141 why collar blk gate
V527 PICKASK 141 adj 0 pick - cutall 0
V527 BUNKER HOLD 141 why notarmed blk armed orth 2
V527 BUNKER HOLD 142 why collar blk gate
V527 PICKASK 142 adj 0 pick - cutall 0
V527 BUNKER HOLD 142 why collar blk gate
V527 PICKASK 143 adj 0 pick - cutall 0
V527 BUNKER HOLD 143 why collar blk gate
V527 PICKASK 143 adj 0 pick - cutall 0
V527 BUNKER HOLD 143 why notarmed blk armed orth 2
V527 BUNKER HOLD 144 why collar blk gate
V527 PICKASK 144 adj 0 pick - cutall 0
V527 BUNKER HOLD 144 why collar blk gate
V527 PICKASK 145 adj 0 pick - cutall 0
V527 BUNKER HOLD 145 why collar blk gate
V527 PICKASK 145 adj 0 pick - cutall 0
V527 BUNKER HOLD 145 why notarmed blk armed orth 2
V527 BUNKER HOLD 146 why collar blk gate
V527 PICKASK 146 adj 0 pick - cutall 0
V527 BUNKER HOLD 146 why collar blk gate
V527 PICKASK 147 adj 0 pick - cutall 0
V527 BUNKER HOLD 147 why collar blk gate
V527 PICKASK 147 adj 0 pick - cutall 0
V527 BUNKER HOLD 147 why notarmed blk armed orth 2
V527 BUNKER HOLD 148 why collar blk gate
V527 PICKASK 148 adj 0 pick - cutall 0
V527 BUNKER HOLD 148 why collar blk gate
V527 PICKASK 149 adj 0 pick - cutall 0
V527 BUNKER HOLD 149 why collar blk gate
V527 PICKASK 149 adj 0 pick - cutall 0
V527 BUNKER HOLD 149 why notarmed blk armed orth 2
V527 BUNKER HOLD 150 why collar blk gate
V527 PICKASK 150 adj 0 pick - cutall 0
V527 BUNKER HOLD 150 why collar blk gate
V527 PICKASK 151 adj 0 pick - cutall 0
V527 BUNKER HOLD 151 why collar blk gate
V527 PICKASK 151 adj 0 pick - cutall 0
V527 BUNKER HOLD 151 why notarmed blk armed orth 2
V527 BUNKER HOLD 152 why collar blk gate
V527 PICKASK 152 adj 0 pick - cutall 0
V527 BUNKER HOLD 152 why collar blk gate
V527 PICKASK 153 adj 0 pick - cutall 0
V527 BUNKER HOLD 153 why collar blk gate
V527 PICKASK 153 adj 0 pick - cutall 0
V527 BUNKER HOLD 153 why notarmed blk armed orth 2
V527 BUNKER HOLD 154 why collar blk gate
V527 PICKASK 154 adj 0 pick - cutall 0
V527 BUNKER HOLD 154 why collar blk gate
V527 PICKASK 155 adj 0 pick - cutall 0
V527 BUNKER HOLD 155 why collar blk gate
V527 PICKASK 155 adj 0 pick - cutall 0
V527 BUNKER HOLD 155 why notarmed blk armed orth 2
V527 BUNKER HOLD 156 why collar blk gate
V527 PICKASK 156 adj 0 pick - cutall 0
V527 BUNKER HOLD 156 why collar blk gate
V527 PICKASK 157 adj 0 pick - cutall 0
V527 BUNKER HOLD 157 why collar blk gate
V527 PICKASK 157 adj 0 pick - cutall 0
V527 BUNKER HOLD 157 why notarmed blk armed orth 2
V527 BUNKER HOLD 158 why collar blk gate
V527 PICKASK 158 adj 0 pick - cutall 0
V527 BUNKER HOLD 158 why collar blk gate
V527 PICKASK 159 adj 0 pick - cutall 0
V527 BUNKER HOLD 159 why collar blk gate
V527 PICKASK 159 adj 0 pick - cutall 0
V527 BUNKER HOLD 159 why notarmed blk armed orth 2
V527 BUNKER HOLD 160 why collar blk gate
V527 PICKASK 160 adj 0 pick - cutall 0
V527 BUNKER HOLD 160 why collar blk gate
V527 PICKASK 161 adj 0 pick - cutall 0
V527 BUNKER HOLD 161 why collar blk gate
V527 PICKASK 161 adj 0 pick - cutall 0
V527 BUNKER HOLD 161 why notarmed blk armed orth 2
V527 BUNKER HOLD 162 why collar blk gate
V527 PICKASK 162 adj 0 pick - cutall 0
V527 BUNKER HOLD 162 why collar blk gate
V527 PICKASK 163 adj 0 pick - cutall 0
V527 BUNKER HOLD 163 why collar blk gate
V527 PICKASK 163 adj 0 pick - cutall 0
V527 BUNKER HOLD 163 why notarmed blk armed orth 2
V527 BUNKER HOLD 164 why collar blk gate
V527 PICKASK 164 adj 0 pick - cutall 0
V527 BUNKER HOLD 164 why collar blk gate
V527 PICKASK 165 adj 0 pick - cutall 0
V527 BUNKER HOLD 165 why collar blk gate
V527 PICKASK 165 adj 0 pick - cutall 0
V527 BUNKER HOLD 165 why notarmed blk armed orth 2
V527 BUNKER HOLD 166 why collar blk gate
V527 PICKASK 166 adj 0 pick - cutall 0
V527 BUNKER HOLD 166 why collar blk gate
V527 PICKASK 167 adj 0 pick - cutall 0
V527 BUNKER HOLD 167 why collar blk gate
V527 PICKASK 167 adj 0 pick - cutall 0
V527 BUNKER HOLD 167 why notarmed blk armed orth 2
V527 BUNKER HOLD 168 why collar blk gate
V527 PICKASK 168 adj 0 pick - cutall 0
V527 BUNKER HOLD 168 why collar blk gate
V527 PICKASK 169 adj 0 pick - cutall 0
V527 BUNKER HOLD 169 why collar blk gate
V527 PICKASK 169 adj 0 pick - cutall 0
V527 BUNKER HOLD 169 why notarmed blk armed orth 2
V527 BUNKER HOLD 170 why collar blk gate
V527 PICKASK 170 adj 0 pick - cutall 0
V527 BUNKER HOLD 170 why collar blk gate
V527 PICKASK 171 adj 0 pick - cutall 0
V527 BUNKER HOLD 171 why collar blk gate
V527 PICKASK 171 adj 0 pick - cutall 0
V527 BUNKER HOLD 171 why notarmed blk armed orth 2
V527 BUNKER HOLD 172 why collar blk gate
V527 PICKASK 172 adj 0 pick - cutall 0
V527 BUNKER HOLD 172 why collar blk gate
V527 PICKASK 173 adj 0 pick - cutall 0
V527 BUNKER HOLD 173 why collar blk gate
V527 PICKASK 173 adj 0 pick - cutall 0
V527 BUNKER HOLD 173 why notarmed blk armed orth 2
V527 BUNKER HOLD 174 why collar blk gate
V527 PICKASK 174 adj 0 pick - cutall 0
V527 BUNKER HOLD 174 why collar blk gate
V527 PICKASK 175 adj 0 pick - cutall 0
V527 BUNKER HOLD 175 why collar blk gate
V527 PICKASK 175 adj 0 pick - cutall 0
V527 BUNKER HOLD 175 why notarmed blk armed orth 2
V527 BUNKER HOLD 176 why collar blk gate
V527 PICKASK 176 adj 0 pick - cutall 0
V527 BUNKER HOLD 176 why collar blk gate
V527 PICKASK 177 adj 0 pick - cutall 0
V527 BUNKER HOLD 177 why collar blk gate
V527 PICKASK 177 adj 0 pick - cutall 0
V527 BUNKER HOLD 177 why notarmed blk armed orth 2
V527 BUNKER HOLD 178 why collar blk gate
V527 PICKASK 178 adj 0 pick - cutall 0
V527 BUNKER HOLD 178 why collar blk gate
V527 PICKASK 179 adj 0 pick - cutall 0
V527 BUNKER HOLD 179 why collar blk gate
V527 PICKASK 179 adj 0 pick - cutall 0
V527 BUNKER HOLD 179 why notarmed blk armed orth 2
V527 BUNKER HOLD 180 why collar blk gate
V527 PICKASK 180 adj 0 pick - cutall 0
V527 BUNKER HOLD 180 why collar blk gate
V527 PICKASK 181 adj 0 pick - cutall 0
V527 BUNKER HOLD 181 why collar blk gate
V527 PICKASK 181 adj 0 pick - cutall 0
V527 BUNKER HOLD 181 why notarmed blk armed orth 2
V527 BUNKER HOLD 182 why collar blk gate
V527 PICKASK 182 adj 0 pick - cutall 0
V527 BUNKER HOLD 182 why collar blk gate
V527 PICKASK 183 adj 0 pick - cutall 0
V527 BUNKER HOLD 183 why collar blk gate
V527 PICKASK 183 adj 0 pick - cutall 0
V527 BUNKER HOLD 183 why notarmed blk armed orth 2
V527 BUNKER HOLD 184 why collar blk gate
V527 PICKASK 184 adj 0 pick - cutall 0
V527 BUNKER HOLD 184 why collar blk gate
V527 PICKASK 185 adj 0 pick - cutall 0
V527 BUNKER HOLD 185 why collar blk gate
V527 PICKASK 185 adj 0 pick - cutall 0
V527 BUNKER HOLD 185 why notarmed blk armed orth 2
V527 BUNKER HOLD 186 why collar blk gate
V527 PICKASK 186 adj 0 pick - cutall 0
V527 BUNKER HOLD 186 why collar blk gate
V527 PICKASK 187 adj 0 pick - cutall 0
V527 BUNKER HOLD 187 why collar blk gate
V527 PICKASK 187 adj 0 pick - cutall 0
V527 BUNKER HOLD 187 why notarmed blk armed orth 2
V527 BUNKER HOLD 188 why collar blk gate
V527 PICKASK 188 adj 0 pick - cutall 0
V527 BUNKER HOLD 188 why collar blk gate
V527 PICKASK 189 adj 0 pick - cutall 0
V527 BUNKER HOLD 189 why collar blk gate
V527 PICKASK 189 adj 0 pick - cutall 0
V527 BUNKER HOLD 189 why notarmed blk armed orth 2
V527 BUNKER HOLD 190 why collar blk gate
V527 PICKASK 190 adj 0 pick - cutall 0
V527 BUNKER HOLD 190 why collar blk gate
V527 PICKASK 191 adj 0 pick - cutall 0
V527 BUNKER HOLD 191 why collar blk gate
V527 PICKASK 191 adj 0 pick - cutall 0
V527 BUNKER HOLD 191 why notarmed blk armed orth 2
V527 BUNKER HOLD 192 why collar blk gate
V527 PICKASK 192 adj 0 pick - cutall 0
V527 BUNKER HOLD 192 why collar blk gate
V527 PICKASK 193 adj 0 pick - cutall 0
V527 BUNKER HOLD 193 why collar blk gate
V527 PICKASK 193 adj 0 pick - cutall 0
V527 BUNKER HOLD 193 why notarmed blk armed orth 2
V527 BUNKER HOLD 194 why collar blk gate
V527 PICKASK 194 adj 0 pick - cutall 0
V527 BUNKER HOLD 194 why collar blk gate
V527 PICKASK 195 adj 0 pick - cutall 0
V527 BUNKER HOLD 195 why collar blk gate
V527 BUNKER HOLD 195 why collar blk gate
V527 BUNKER HOLD 196 why collar blk gate
V527 PICKASK 196 adj 0 pick - cutall 0
V527 BUNKER HOLD 196 why notarmed blk armed orth 2
V527 PICKASK 197 adj 0 pick - cutall 0
V527 BUNKER HOLD 197 why collar blk gate
V527 PICKASK 197 adj 0 pick - cutall 0
V527 BUNKER HOLD 197 why notarmed blk armed orth 3
V527 BUNKER HOLD 198 why collar blk gate
V527 PICKASK 198 adj 0 pick - cutall 0
V527 BUNKER HOLD 198 why notarmed blk armed orth 4
V527 PICKASK 199 adj 0 pick - cutall 0
V527 BUNKER HOLD 199 why collar blk gate
V527 PICKASK 199 adj 0 pick - cutall 0
V527 BUNKER HOLD 199 why notarmed blk armed orth 2
V527 PICKASK 200 adj 0 pick - cutall 0
V527 BUNKER HOLD 200 why notarmed blk armed orth 2
V527 PICKASK 200 adj 0 pick - cutall 0
V527 BUNKER HOLD 200 why collar blk gate
V527 PICKASK 201 adj 0 pick - cutall 0
V527 BUNKER HOLD 201 why collar blk gate
V527 PICKASK 201 adj 0 pick - cutall 0
V527 BUNKER HOLD 201 why notarmed blk armed orth 2
V527 PICKASK 202 adj 0 pick - cutall 0
V527 BUNKER HOLD 202 why notarmed blk armed orth 2
V527 PICKASK 202 adj 0 pick - cutall 0
V527 BUNKER HOLD 202 why collar blk gate
V527 PICKASK 203 adj 0 pick - cutall 0
V527 BUNKER HOLD 203 why collar blk gate
V527 PICKASK 203 adj 0 pick - cutall 0
V527 BUNKER HOLD 203 why notarmed blk armed orth 2
V527 PICKASK 204 adj 0 pick - cutall 0
V527 BUNKER HOLD 204 why notarmed blk armed orth 2
V527 PICKASK 204 adj 0 pick - cutall 0
V527 BUNKER HOLD 204 why collar blk gate
V527 PICKASK 205 adj 0 pick - cutall 0
V527 BUNKER HOLD 205 why collar blk gate
V527 PICKASK 205 adj 0 pick - cutall 0
V527 BUNKER HOLD 205 why notarmed blk armed orth 2
V527 PICKASK 206 adj 0 pick - cutall 0
V527 BUNKER HOLD 206 why notarmed blk armed orth 2
V527 PICKASK 206 adj 0 pick - cutall 0
V527 BUNKER HOLD 206 why collar blk gate
V527 PICKASK 207 adj 0 pick - cutall 0
V527 BUNKER HOLD 207 why collar blk gate
V527 PICKASK 207 adj 0 pick - cutall 0
V527 BUNKER HOLD 207 why notarmed blk armed orth 2
V527 PICKASK 208 adj 0 pick - cutall 0
V527 BUNKER HOLD 208 why notarmed blk armed orth 2
V527 PICKASK 208 adj 0 pick - cutall 0
V527 BUNKER HOLD 208 why collar blk gate
V527 PICKASK 209 adj 0 pick - cutall 0
V527 BUNKER HOLD 209 why collar blk gate
V527 PICKASK 209 adj 0 pick - cutall 0
V527 BUNKER HOLD 209 why notarmed blk armed orth 2
V527 PICKASK 210 adj 0 pick - cutall 0
V527 BUNKER HOLD 210 why notarmed blk armed orth 2
V527 PICKASK 210 adj 0 pick - cutall 0
V527 BUNKER HOLD 210 why collar blk gate
V527 PICKASK 211 adj 0 pick - cutall 0
V527 BUNKER HOLD 211 why collar blk gate
V527 PICKASK 211 adj 0 pick - cutall 0
V527 BUNKER HOLD 211 why notarmed blk armed orth 2
V527 PICKASK 212 adj 0 pick - cutall 0
V527 BUNKER HOLD 212 why notarmed blk armed orth 2
V527 PICKASK 212 adj 0 pick - cutall 0
V527 BUNKER HOLD 212 why collar blk gate
V527 PICKASK 213 adj 0 pick - cutall 0
V527 BUNKER HOLD 213 why collar blk gate
V527 PICKASK 213 adj 0 pick - cutall 0
V527 BUNKER HOLD 213 why notarmed blk armed orth 2
V527 PICKASK 214 adj 0 pick - cutall 0
V527 BUNKER HOLD 214 why notarmed blk armed orth 2
V527 PICKASK 214 adj 0 pick - cutall 0
V527 BUNKER HOLD 214 why collar blk gate
V527 PICKASK 215 adj 0 pick - cutall 0
V527 BUNKER HOLD 215 why collar blk gate
V527 PICKASK 215 adj 0 pick - cutall 0
V527 BUNKER HOLD 215 why notarmed blk armed orth 2
V527 PICKASK 216 adj 0 pick - cutall 0
V527 BUNKER HOLD 216 why notarmed blk armed orth 2
V527 PICKASK 216 adj 0 pick - cutall 0
V527 BUNKER HOLD 216 why collar blk gate
V527 PICKASK 217 adj 0 pick - cutall 0
V527 BUNKER HOLD 217 why collar blk gate
V527 PICKASK 217 adj 0 pick - cutall 0
V527 BUNKER HOLD 217 why notarmed blk armed orth 2
V527 PICKASK 218 adj 0 pick - cutall 0
V527 BUNKER HOLD 218 why notarmed blk armed orth 2
V527 PICKASK 218 adj 0 pick - cutall 0
V527 BUNKER HOLD 218 why collar blk gate
V527 PICKASK 219 adj 0 pick - cutall 0
V527 BUNKER HOLD 219 why collar blk gate
V527 PICKASK 219 adj 0 pick - cutall 0
V527 BUNKER HOLD 219 why notarmed blk armed orth 2
V527 PICKASK 220 adj 0 pick - cutall 0
V527 BUNKER HOLD 220 why notarmed blk armed orth 2
V527 PICKASK 220 adj 0 pick - cutall 0
V527 BUNKER HOLD 220 why collar blk gate
V527 PICKASK 221 adj 0 pick - cutall 0
V527 BUNKER HOLD 221 why collar blk gate
V527 PICKASK 221 adj 0 pick - cutall 0
V527 BUNKER HOLD 221 why notarmed blk armed orth 2
V527 PICKASK 222 adj 0 pick - cutall 0
V527 BUNKER HOLD 222 why notarmed blk armed orth 2
V527 PICKASK 222 adj 0 pick - cutall 0
V527 BUNKER HOLD 222 why collar blk gate
V527 PICKASK 223 adj 0 pick - cutall 0
V527 BUNKER HOLD 223 why collar blk gate
V527 PICKASK 223 adj 0 pick - cutall 0
V527 BUNKER HOLD 223 why notarmed blk armed orth 2
V527 PICKASK 224 adj 0 pick - cutall 0
V527 BUNKER HOLD 224 why notarmed blk armed orth 2
V527 PICKASK 224 adj 0 pick - cutall 0
V527 BUNKER HOLD 224 why collar blk gate
V527 PICKASK 225 adj 0 pick - cutall 0
V527 BUNKER HOLD 225 why collar blk gate
V527 PICKASK 225 adj 0 pick - cutall 0
V527 BUNKER HOLD 225 why notarmed blk armed orth 2
V527 PICKASK 226 adj 0 pick - cutall 0
V527 BUNKER HOLD 226 why notarmed blk armed orth 2
V527 PICKASK 226 adj 0 pick - cutall 0
V527 BUNKER HOLD 226 why collar blk gate
V527 PICKASK 227 adj 0 pick - cutall 0
V527 BUNKER HOLD 227 why collar blk gate
V527 PICKASK 227 adj 0 pick - cutall 0
V527 BUNKER HOLD 227 why notarmed blk armed orth 2
V527 PICKASK 228 adj 0 pick - cutall 0
V527 BUNKER HOLD 228 why notarmed blk armed orth 2
V527 PICKASK 228 adj 0 pick - cutall 0
V527 BUNKER HOLD 228 why collar blk gate
V527 PICKASK 229 adj 0 pick - cutall 0
V527 BUNKER HOLD 229 why collar blk gate
V527 PICKASK 229 adj 0 pick - cutall 0
V527 BUNKER HOLD 229 why notarmed blk armed orth 2
V527 PICKASK 230 adj 0 pick - cutall 0
V527 BUNKER HOLD 230 why notarmed blk armed orth 2
V527 PICKASK 230 adj 0 pick - cutall 0
V527 BUNKER HOLD 230 why collar blk gate
V527 PICKASK 231 adj 0 pick - cutall 0
V527 BUNKER HOLD 231 why collar blk gate
V527 PICKASK 231 adj 0 pick - cutall 0
V527 BUNKER HOLD 231 why notarmed blk armed orth 2
V527 PICKASK 232 adj 0 pick - cutall 0
V527 BUNKER HOLD 232 why notarmed blk armed orth 2
V527 PICKASK 232 adj 0 pick - cutall 0
V527 BUNKER HOLD 232 why collar blk gate
V527 PICKASK 233 adj 0 pick - cutall 0
V527 BUNKER HOLD 233 why collar blk gate
V527 PICKASK 233 adj 0 pick - cutall 0
V527 BUNKER HOLD 233 why notarmed blk armed orth 2
V527 PICKASK 234 adj 0 pick - cutall 0
V527 BUNKER HOLD 234 why notarmed blk armed orth 2
V527 PICKASK 234 adj 0 pick - cutall 0
V527 BUNKER HOLD 234 why collar blk gate
V527 PICKASK 235 adj 0 pick - cutall 0
V527 BUNKER HOLD 235 why collar blk gate
V527 PICKASK 235 adj 0 pick - cutall 0
V527 BUNKER HOLD 235 why notarmed blk armed orth 2
V527 PICKASK 236 adj 0 pick - cutall 0
V527 BUNKER HOLD 236 why notarmed blk armed orth 2
V527 PICKASK 236 adj 0 pick - cutall 0
V527 BUNKER HOLD 236 why collar blk gate
V527 PICKASK 237 adj 0 pick - cutall 0
V527 BUNKER HOLD 237 why collar blk gate
V527 PICKASK 237 adj 0 pick - cutall 0
V527 BUNKER HOLD 237 why notarmed blk armed orth 2
V527 PICKASK 238 adj 0 pick - cutall 0
V527 BUNKER HOLD 238 why notarmed blk armed orth 2
V527 PICKASK 238 adj 0 pick - cutall 0
V527 BUNKER HOLD 238 why collar blk gate
V527 PICKASK 239 adj 0 pick - cutall 0
V527 BUNKER HOLD 239 why collar blk gate
V527 PICKASK 239 adj 0 pick - cutall 0
V527 BUNKER HOLD 239 why notarmed blk armed orth 2
V527 PICKASK 240 adj 0 pick - cutall 0
V527 BUNKER HOLD 240 why notarmed blk armed orth 2
V527 PICKASK 240 adj 0 pick - cutall 0
V527 BUNKER HOLD 240 why collar blk gate
V527 PICKASK 241 adj 0 pick - cutall 0
V527 BUNKER HOLD 241 why collar blk gate
V527 PICKASK 241 adj 0 pick - cutall 0
V527 BUNKER HOLD 241 why notarmed blk armed orth 2
V527 PICKASK 242 adj 0 pick - cutall 0
V527 BUNKER HOLD 242 why notarmed blk armed orth 2
V527 PICKASK 242 adj 0 pick - cutall 0
V527 BUNKER HOLD 242 why collar blk gate
V527 PICKASK 243 adj 0 pick - cutall 0
V527 BUNKER HOLD 243 why collar blk gate
V527 PICKASK 243 adj 0 pick - cutall 0
V527 BUNKER HOLD 243 why notarmed blk armed orth 2
V527 PICKASK 244 adj 0 pick - cutall 0
V527 BUNKER HOLD 244 why notarmed blk armed orth 2
V527 PICKASK 244 adj 0 pick - cutall 0
V527 BUNKER HOLD 244 why collar blk gate
V527 PICKASK 245 adj 0 pick - cutall 0
V527 BUNKER HOLD 245 why collar blk gate
V527 PICKASK 245 adj 0 pick - cutall 0
V527 BUNKER HOLD 245 why notarmed blk armed orth 2
V527 PICKASK 246 adj 0 pick - cutall 0
V527 BUNKER HOLD 246 why notarmed blk armed orth 2
V527 PICKASK 246 adj 0 pick - cutall 0
V527 BUNKER HOLD 246 why collar blk gate
V527 PICKASK 247 adj 0 pick - cutall 0
V527 BUNKER HOLD 247 why collar blk gate
V527 PICKASK 247 adj 0 pick - cutall 0
V527 BUNKER HOLD 247 why notarmed blk armed orth 2
V527 PICKASK 248 adj 0 pick - cutall 0
V527 BUNKER HOLD 248 why notarmed blk armed orth 2
V527 PICKASK 248 adj 0 pick - cutall 0
V527 BUNKER HOLD 248 why collar blk gate
V527 PICKASK 249 adj 0 pick - cutall 0
V527 BUNKER HOLD 249 why collar blk gate
V527 PICKASK 249 adj 0 pick - cutall 0
V527 BUNKER HOLD 249 why notarmed blk armed orth 2
V527 PICKASK 250 adj 0 pick - cutall 0
V527 BUNKER HOLD 250 why notarmed blk armed orth 2
V527 PICKASK 250 adj 0 pick - cutall 0
V527 BUNKER HOLD 250 why collar blk gate
V527 PICKASK 251 adj 0 pick - cutall 0
V527 BUNKER HOLD 251 why collar blk gate
V527 PICKASK 251 adj 0 pick - cutall 0
V527 BUNKER HOLD 251 why notarmed blk armed orth 2
V527 PICKASK 252 adj 0 pick - cutall 0
V527 BUNKER HOLD 252 why notarmed blk armed orth 2
V527 PICKASK 252 adj 0 pick - cutall 0
V527 BUNKER HOLD 252 why collar blk gate
V527 PICKASK 253 adj 0 pick - cutall 0
V527 BUNKER HOLD 253 why collar blk gate
V527 BUNKER HOLD 253 why collar blk gate
V527 PICKASK 254 adj 0 pick - cutall 0
V527 BUNKER HOLD 254 why notarmed blk armed orth 2
V527 BUNKER HOLD 254 why collar blk gate
V527 PICKASK 255 adj 0 pick - cutall 0
V527 BUNKER HOLD 255 why collar blk gate
V527 PICKASK 255 adj 0 pick - cutall 0
V527 BUNKER HOLD 255 why collar blk gate
V527 PICKASK 256 adj 0 pick - cutall 0
V527 BUNKER HOLD 256 why notarmed blk armed orth 2
V527 BUNKER HOLD 256 why collar blk gate
V527 PICKASK 257 adj 0 pick - cutall 0
V527 BUNKER HOLD 257 why collar blk gate
V527 PICKASK 257 adj 0 pick - cutall 0
V527 BUNKER HOLD 257 why collar blk gate
V527 PICKASK 258 adj 0 pick - cutall 0
V527 BUNKER HOLD 258 why notarmed blk armed orth 2
V527 BUNKER HOLD 258 why collar blk gate
V527 PICKASK 259 adj 0 pick - cutall 0
V527 BUNKER HOLD 259 why collar blk gate
V527 PICKASK 259 adj 0 pick - cutall 0
V527 BUNKER HOLD 259 why collar blk gate
V527 PICKASK 260 adj 0 pick - cutall 0
V527 BUNKER HOLD 260 why notarmed blk armed orth 2
V527 PICKASK 260 adj 0 pick - cutall 0
V527 BUNKER HOLD 260 why notarmed blk armed orth 3
V527 PICKASK 261 adj 0 pick - cutall 0
V527 BUNKER HOLD 261 why collar blk gate
V527 PICKASK 261 adj 0 pick - cutall 0
V527 BUNKER HOLD 261 why collar blk gate
V527 PICKASK 262 adj 0 pick - cutall 0
V527 BUNKER HOLD 262 why notarmed blk armed orth 2
V527 PICKASK 262 adj 0 pick - cutall 0
V527 BUNKER HOLD 262 why notarmed blk armed orth 3
V527 PICKASK 263 adj 0 pick - cutall 0
V527 BUNKER HOLD 263 why collar blk gate
V527 PICKASK 263 adj 0 pick - cutall 0
V527 BUNKER HOLD 263 why collar blk gate
V527 PICKASK 264 adj 0 pick - cutall 0
V527 BUNKER HOLD 264 why notarmed blk armed orth 2
V527 PICKASK 264 adj 0 pick - cutall 0
V527 BUNKER HOLD 264 why notarmed blk armed orth 3
V527 PICKASK 265 adj 0 pick - cutall 0
V527 BUNKER HOLD 265 why collar blk gate
V527 PICKASK 265 adj 0 pick - cutall 0
V527 BUNKER HOLD 265 why collar blk gate
V527 PICKASK 266 adj 0 pick - cutall 0
V527 BUNKER HOLD 266 why notarmed blk armed orth 2
V527 BUNKER HOLD 266 why collar blk gate
V527 PICKASK 267 adj 0 pick - cutall 0
V527 BUNKER HOLD 267 why collar blk gate
V527 PICKASK 267 adj 0 pick - cutall 0
V527 BUNKER HOLD 267 why collar blk gate
V527 PICKASK 268 adj 0 pick - cutall 0
V527 BUNKER HOLD 268 why notarmed blk armed orth 2
V527 BUNKER HOLD 268 why collar blk gate
V527 PICKASK 269 adj 0 pick - cutall 0
V527 BUNKER HOLD 269 why collar blk gate
V527 PICKASK 269 adj 0 pick - cutall 0
V527 BUNKER HOLD 269 why collar blk gate
V527 PICKASK 270 adj 0 pick - cutall 0
V527 BUNKER HOLD 270 why notarmed blk armed orth 2
V527 BUNKER HOLD 270 why collar blk gate
V527 PICKASK 271 adj 0 pick - cutall 0
V527 BUNKER HOLD 271 why collar blk gate
V527 PICKASK 271 adj 0 pick - cutall 0
V527 BUNKER HOLD 271 why collar blk gate
V527 PICKASK 272 adj 0 pick - cutall 0
V527 BUNKER HOLD 272 why notarmed blk armed orth 2
V527 BUNKER HOLD 272 why collar blk gate
V527 PICKASK 273 adj 0 pick - cutall 0
V527 BUNKER HOLD 273 why collar blk gate
V527 PICKASK 273 adj 0 pick - cutall 0
V527 BUNKER HOLD 273 why collar blk gate
V527 PICKASK 274 adj 0 pick - cutall 0
V527 BUNKER HOLD 274 why notarmed blk armed orth 2
V527 BUNKER HOLD 274 why collar blk gate
V527 PICKASK 275 adj 0 pick - cutall 0
V527 BUNKER HOLD 275 why collar blk gate
V527 PICKASK 275 adj 0 pick - cutall 0
V527 BUNKER HOLD 275 why collar blk gate
V527 PICKASK 276 adj 0 pick - cutall 0
V527 BUNKER HOLD 276 why notarmed blk armed orth 2
V527 BUNKER HOLD 276 why collar blk gate
V527 PICKASK 277 adj 0 pick - cutall 0
V527 BUNKER HOLD 277 why collar blk gate
V527 PICKASK 277 adj 0 pick - cutall 0
V527 BUNKER HOLD 277 why collar blk gate
V527 PICKASK 278 adj 0 pick - cutall 0
V527 BUNKER HOLD 278 why notarmed blk armed orth 2
V527 BUNKER HOLD 278 why collar blk gate
V527 PICKASK 279 adj 0 pick - cutall 0
V527 BUNKER HOLD 279 why collar blk gate
V527 PICKASK 279 adj 0 pick - cutall 0
V527 BUNKER HOLD 279 why collar blk gate
V527 PICKASK 280 adj 0 pick - cutall 0
V527 BUNKER HOLD 280 why notarmed blk armed orth 2
V527 BUNKER HOLD 280 why collar blk gate
V527 PICKASK 281 adj 0 pick - cutall 0
V527 BUNKER HOLD 281 why collar blk gate
V527 PICKASK 281 adj 0 pick - cutall 0
V527 BUNKER HOLD 281 why collar blk gate
V527 PICKASK 282 adj 0 pick - cutall 0
V527 BUNKER HOLD 282 why notarmed blk armed orth 2
V527 BUNKER HOLD 282 why collar blk gate
V527 PICKASK 283 adj 0 pick - cutall 0
V527 BUNKER HOLD 283 why collar blk gate
V527 PICKASK 283 adj 0 pick - cutall 0
V527 BUNKER HOLD 283 why collar blk gate
V527 PICKASK 284 adj 0 pick - cutall 0
V527 BUNKER HOLD 284 why notarmed blk armed orth 2
V527 BUNKER HOLD 284 why collar blk gate
V527 PICKASK 285 adj 0 pick - cutall 0
V527 BUNKER HOLD 285 why collar blk gate
V527 PICKASK 285 adj 0 pick - cutall 0
V527 BUNKER HOLD 285 why collar blk gate
V527 PICKASK 286 adj 0 pick - cutall 0
V527 BUNKER HOLD 286 why notarmed blk armed orth 2
V527 PICKASK 286 adj 0 pick - cutall 0
V527 BUNKER HOLD 286 why notarmed blk armed orth 3
V527 PICKASK 287 adj 0 pick - cutall 0
V527 BUNKER HOLD 287 why collar blk gate
V527 PICKASK 287 adj 0 pick - cutall 0
V527 BUNKER HOLD 287 why collar blk gate
V527 PICKASK 288 adj 0 pick - cutall 0
V527 BUNKER HOLD 288 why notarmed blk armed orth 2
V527 PICKASK 288 adj 0 pick - cutall 0
V527 BUNKER HOLD 288 why notarmed blk armed orth 3
V527 PICKASK 289 adj 0 pick - cutall 0
V527 BUNKER HOLD 289 why collar blk gate
V527 PICKASK 289 adj 0 pick - cutall 0
V527 BUNKER HOLD 289 why collar blk gate
V527 PICKASK 290 adj 0 pick - cutall 0
V527 BUNKER HOLD 290 why notarmed blk armed orth 2
V527 PICKASK 290 adj 0 pick - cutall 0
V527 BUNKER HOLD 290 why notarmed blk armed orth 3
V527 PICKASK 291 adj 0 pick - cutall 0
V527 BUNKER HOLD 291 why collar blk gate
V527 PICKASK 291 adj 0 pick - cutall 0
V527 BUNKER HOLD 291 why collar blk gate
V527 PICKASK 292 adj 0 pick - cutall 0
V527 BUNKER HOLD 292 why notarmed blk armed orth 2
V527 BUNKER HOLD 292 why collar blk gate
V527 PICKASK 293 adj 0 pick - cutall 0
V527 BUNKER HOLD 293 why collar blk gate
V527 PICKASK 293 adj 0 pick - cutall 0
V527 BUNKER HOLD 293 why collar blk gate
V527 PICKASK 294 adj 0 pick - cutall 0
V527 BUNKER HOLD 294 why notarmed blk armed orth 2
V527 BUNKER HOLD 294 why collar blk gate
V527 PICKASK 295 adj 0 pick - cutall 0
V527 BUNKER HOLD 295 why collar blk gate
V527 PICKASK 295 adj 0 pick - cutall 0
V527 BUNKER HOLD 295 why collar blk gate
V527 PICKASK 296 adj 0 pick - cutall 0
V527 BUNKER HOLD 296 why notarmed blk armed orth 2
V527 BUNKER HOLD 296 why collar blk gate
V527 PICKASK 297 adj 0 pick - cutall 0
V527 BUNKER HOLD 297 why collar blk gate
V527 PICKASK 297 adj 0 pick - cutall 0
V527 BUNKER HOLD 297 why collar blk gate
V527 PICKASK 298 adj 0 pick - cutall 0
V527 BUNKER HOLD 298 why notarmed blk armed orth 2
V527 BUNKER HOLD 298 why collar blk gate
V527 PICKASK 299 adj 0 pick - cutall 0
V527 BUNKER HOLD 299 why collar blk gate
V527 PICKASK 299 adj 0 pick - cutall 0
V527 BUNKER HOLD 299 why collar blk gate
V527 PICKASK 300 adj 0 pick - cutall 0
V527 BUNKER HOLD 300 why notarmed blk armed orth 2
V527 BUNKER HOLD 300 why collar blk gate
V527 PICKASK 301 adj 0 pick - cutall 0
V527 BUNKER HOLD 301 why collar blk gate
V527 PICKASK 301 adj 0 pick - cutall 0
V527 BUNKER HOLD 301 why collar blk gate
V527 PICKASK 302 adj 0 pick - cutall 0
V527 BUNKER HOLD 302 why notarmed blk armed orth 2
V527 BUNKER HOLD 302 why collar blk gate
V527 PICKASK 303 adj 0 pick - cutall 0
V527 BUNKER HOLD 303 why collar blk gate
V527 PICKASK 303 adj 0 pick - cutall 0
V527 BUNKER HOLD 303 why collar blk gate
V527 PICKASK 304 adj 0 pick - cutall 0
V527 BUNKER HOLD 304 why notarmed blk armed orth 2
V527 BUNKER HOLD 304 why collar blk gate
V527 PICKASK 305 adj 0 pick - cutall 0
V527 BUNKER HOLD 305 why collar blk gate
V527 PICKASK 305 adj 0 pick - cutall 0
V527 BUNKER HOLD 305 why collar blk gate
V527 PICKASK 306 adj 0 pick - cutall 0
V527 BUNKER HOLD 306 why notarmed blk armed orth 2
V527 BUNKER HOLD 306 why collar blk gate
V527 PICKASK 307 adj 0 pick - cutall 0
V527 BUNKER HOLD 307 why collar blk gate
V527 PICKASK 307 adj 0 pick - cutall 0
V527 BUNKER HOLD 307 why collar blk gate
V527 PICKASK 308 adj 0 pick - cutall 0
V527 BUNKER HOLD 308 why notarmed blk armed orth 2
V527 BUNKER HOLD 308 why collar blk gate
V527 PICKASK 309 adj 0 pick - cutall 0
V527 BUNKER HOLD 309 why collar blk gate
V527 PICKASK 309 adj 0 pick - cutall 0
V527 BUNKER HOLD 309 why collar blk gate
V527 PICKASK 310 adj 0 pick - cutall 0
V527 BUNKER HOLD 310 why notarmed blk armed orth 2
V527 BUNKER HOLD 310 why collar blk gate
V527 PICKASK 311 adj 0 pick - cutall 0
V527 BUNKER HOLD 311 why collar blk gate
V527 PICKASK 311 adj 0 pick - cutall 0
V527 BUNKER HOLD 311 why collar blk gate
V527 PICKASK 312 adj 0 pick - cutall 0
V527 BUNKER HOLD 312 why notarmed blk armed orth 2
V527 PICKASK 313 adj 0 pick - cutall 0
V527 BUNKER HOLD 313 why collar blk gate
V527 PICKASK 313 adj 0 pick - cutall 0
V527 BUNKER HOLD 313 why notarmed blk armed orth 2
V527 PICKASK 314 adj 0 pick - cutall 0
V527 BUNKER HOLD 314 why notarmed blk armed orth 2
V527 PICKASK 314 adj 0 pick - cutall 0
V527 BUNKER HOLD 314 why notarmed blk armed orth 2
V527 PICKASK 315 adj 0 pick - cutall 0
V527 BUNKER HOLD 315 why collar blk gate
V527 PICKASK 316 adj 0 pick - cutall 0
V527 BUNKER HOLD 316 why notarmed blk armed orth 2
V527 PICKASK 316 adj 0 pick - cutall 0
V527 BUNKER HOLD 316 why notarmed blk armed orth 2
V527 PICKASK 317 adj 0 pick - cutall 0
V527 BUNKER HOLD 317 why collar blk gate
V527 PICKASK 318 adj 0 pick - cutall 0
V527 BUNKER HOLD 318 why notarmed blk armed orth 2
V527 PICKASK 318 adj 0 pick - cutall 0
V527 BUNKER HOLD 318 why notarmed blk armed orth 2
V527 PICKASK 319 adj 0 pick - cutall 0
V527 BUNKER HOLD 319 why collar blk gate
V527 PICKASK 320 adj 0 pick - cutall 0
V527 BUNKER HOLD 320 why notarmed blk armed orth 2
V527 PICKASK 321 adj 0 pick - cutall 0
V527 BUNKER HOLD 321 why collar blk gate
V527 PICKASK 322 adj 0 pick - cutall 0
V527 BUNKER HOLD 322 why notarmed blk armed orth 2
V527 PICKASK 323 adj 0 pick - cutall 0
V527 BUNKER HOLD 323 why collar blk gate
V527 PICKASK 324 adj 0 pick - cutall 0
V527 BUNKER HOLD 324 why notarmed blk armed orth 2
V527 PICKASK 325 adj 0 pick - cutall 0
V527 BUNKER HOLD 325 why collar blk gate
V527 PICKASK 326 adj 0 pick - cutall 0
V527 BUNKER HOLD 326 why notarmed blk armed orth 2
V527 PICKASK 327 adj 0 pick - cutall 0
V527 BUNKER HOLD 327 why collar blk gate
V527 PICKASK 328 adj 0 pick - cutall 0
V527 BUNKER HOLD 328 why notarmed blk armed orth 2
V527 PICKASK 329 adj 0 pick - cutall 0
V527 BUNKER HOLD 329 why collar blk gate
V527 PICKASK 330 adj 0 pick - cutall 0
V527 BUNKER HOLD 330 why notarmed blk armed orth 2
V527 PICKASK 331 adj 0 pick - cutall 0
V527 BUNKER HOLD 331 why collar blk gate
V527 PICKASK 332 adj 0 pick - cutall 0
V527 BUNKER HOLD 332 why notarmed blk armed orth 2
V527 PICKASK 333 adj 0 pick - cutall 0
V527 BUNKER HOLD 333 why collar blk gate
V527 PICKASK 334 adj 0 pick - cutall 0
V527 BUNKER HOLD 334 why notarmed blk armed orth 2
V527 PICKASK 335 adj 0 pick - cutall 0
V527 BUNKER HOLD 335 why collar blk gate
V527 PICKASK 336 adj 0 pick - cutall 0
V527 BUNKER HOLD 336 why notarmed blk armed orth 2
V527 PICKASK 337 adj 0 pick - cutall 0
V527 BUNKER HOLD 337 why collar blk gate
V527 PICKASK 338 adj 0 pick - cutall 0
V527 BUNKER HOLD 338 why notarmed blk armed orth 2
V527 PICKASK 339 adj 0 pick - cutall 0
V527 BUNKER HOLD 339 why collar blk gate
V527 PICKASK 340 adj 0 pick - cutall 0
V527 BUNKER HOLD 340 why notarmed blk armed orth 2
V527 PICKASK 341 adj 0 pick - cutall 0
V527 BUNKER HOLD 341 why collar blk gate
V527 PICKASK 342 adj 0 pick - cutall 0
V527 BUNKER HOLD 342 why notarmed blk armed orth 2
V527 PICKASK 343 adj 0 pick - cutall 0
V527 BUNKER HOLD 343 why collar blk gate
V527 PICKASK 344 adj 0 pick - cutall 0
V527 BUNKER HOLD 344 why notarmed blk armed orth 2
V527 PICKASK 345 adj 0 pick - cutall 0
V527 BUNKER HOLD 345 why collar blk gate
V527 PICKASK 346 adj 0 pick - cutall 0
V527 BUNKER HOLD 346 why notarmed blk armed orth 2
V527 PICKASK 347 adj 0 pick - cutall 0
V527 BUNKER HOLD 347 why collar blk gate
V527 PICKASK 348 adj 0 pick - cutall 0
V527 BUNKER HOLD 348 why notarmed blk armed orth 2
V527 PICKASK 349 adj 0 pick - cutall 0
V527 BUNKER HOLD 349 why collar blk gate
V527 PICKASK 350 adj 0 pick - cutall 0
V527 BUNKER HOLD 350 why notarmed blk armed orth 2
V527 PICKASK 351 adj 0 pick - cutall 0
V527 BUNKER HOLD 351 why collar blk gate
V527 PICKASK 352 adj 0 pick - cutall 0
V527 BUNKER HOLD 352 why notarmed blk armed orth 2
V527 PICKASK 353 adj 0 pick - cutall 0
V527 BUNKER HOLD 353 why collar blk gate
V527 PICKASK 354 adj 0 pick - cutall 0
V527 BUNKER HOLD 354 why notarmed blk armed orth 2
V527 PICKASK 355 adj 0 pick - cutall 0
V527 BUNKER HOLD 355 why collar blk gate
V527 PICKASK 356 adj 0 pick - cutall 0
V527 BUNKER HOLD 356 why notarmed blk armed orth 2
V527 PICKASK 357 adj 0 pick - cutall 0
V527 BUNKER HOLD 357 why collar blk gate
V527 PICKASK 358 adj 0 pick - cutall 0
V527 BUNKER HOLD 358 why notarmed blk armed orth 2
V527 PICKASK 359 adj 0 pick - cutall 0
V527 BUNKER HOLD 359 why collar blk gate
V527 PICKASK 360 adj 0 pick - cutall 0
V527 BUNKER HOLD 360 why notarmed blk armed orth 2
V527 PICKASK 361 adj 0 pick - cutall 0
V527 BUNKER HOLD 361 why collar blk gate
V527 PICKASK 362 adj 0 pick - cutall 0
V527 BUNKER HOLD 362 why notarmed blk armed orth 2
V527 PICKASK 363 adj 0 pick - cutall 0
V527 BUNKER HOLD 363 why collar blk gate
V527 PICKASK 364 adj 0 pick - cutall 0
V527 BUNKER HOLD 364 why notarmed blk armed orth 2
V527 PICKASK 365 adj 0 pick - cutall 0
V527 BUNKER HOLD 365 why collar blk gate
V527 PICKASK 366 adj 0 pick - cutall 0
V527 BUNKER HOLD 366 why notarmed blk armed orth 2
V527 PICKASK 367 adj 0 pick - cutall 0
V527 BUNKER HOLD 367 why collar blk gate
V527 PICKASK 368 adj 0 pick - cutall 0
V527 BUNKER HOLD 368 why notarmed blk armed orth 2
V527 PICKASK 369 adj 0 pick - cutall 0
V527 BUNKER HOLD 369 why collar blk gate
V527 PICKASK 370 adj 0 pick - cutall 0
V527 BUNKER HOLD 370 why notarmed blk armed orth 2
V527 PICKASK 371 adj 0 pick - cutall 0
V527 BUNKER HOLD 371 why collar blk gate
V527 PICKASK 372 adj 0 pick - cutall 0
V527 BUNKER HOLD 372 why notarmed blk armed orth 2
V527 PICKASK 373 adj 0 pick - cutall 0
V527 BUNKER HOLD 373 why collar blk gate
V527 PICKASK 374 adj 0 pick - cutall 0
V527 BUNKER HOLD 374 why notarmed blk armed orth 2
V527 PICKASK 375 adj 0 pick - cutall 0
V527 BUNKER HOLD 375 why collar blk gate
V527 PICKASK 376 adj 0 pick - cutall 0
V527 BUNKER HOLD 376 why notarmed blk armed orth 2
V527 PICKASK 377 adj 0 pick - cutall 0
V527 BUNKER HOLD 377 why collar blk gate
V527 PICKASK 378 adj 0 pick - cutall 0
V527 BUNKER HOLD 378 why notarmed blk armed orth 2
V527 PICKASK 379 adj 0 pick - cutall 0
V527 BUNKER HOLD 379 why collar blk gate
V527 PICKASK 380 adj 0 pick - cutall 0
V527 BUNKER HOLD 380 why notarmed blk armed orth 2
V527 PICKASK 381 adj 0 pick - cutall 0
V527 BUNKER HOLD 381 why collar blk gate
V527 PICKASK 382 adj 0 pick - cutall 0
V527 BUNKER HOLD 382 why notarmed blk armed orth 2
V527 PICKASK 383 adj 0 pick - cutall 0
V527 BUNKER HOLD 383 why collar blk gate
V527 PICKASK 384 adj 0 pick - cutall 0
V527 BUNKER HOLD 384 why notarmed blk armed orth 2
V527 PICKASK 385 adj 0 pick - cutall 0
V527 BUNKER HOLD 385 why collar blk gate
V527 PICKASK 386 adj 0 pick - cutall 0
V527 BUNKER HOLD 386 why notarmed blk armed orth 2
V527 PICKASK 387 adj 0 pick - cutall 0
V527 BUNKER HOLD 387 why collar blk gate
V527 PICKASK 388 adj 0 pick - cutall 0
V527 BUNKER HOLD 388 why notarmed blk armed orth 2
V527 PICKASK 389 adj 0 pick - cutall 0
V527 BUNKER HOLD 389 why collar blk gate
V527 PICKASK 390 adj 0 pick - cutall 0
V527 BUNKER HOLD 390 why notarmed blk armed orth 2
V527 PICKASK 391 adj 0 pick - cutall 0
V527 BUNKER HOLD 391 why collar blk gate
V527 PICKASK 392 adj 0 pick - cutall 0
V527 BUNKER HOLD 392 why notarmed blk armed orth 2
V527 PICKASK 393 adj 0 pick - cutall 0
V527 BUNKER HOLD 393 why collar blk gate
V527 PICKASK 394 adj 0 pick - cutall 0
V527 BUNKER HOLD 394 why notarmed blk armed orth 2
V527 PICKASK 395 adj 0 pick - cutall 0
V527 BUNKER HOLD 395 why collar blk gate
V527 PICKASK 396 adj 0 pick - cutall 0
V527 BUNKER HOLD 396 why notarmed blk armed orth 2
V527 PICKASK 397 adj 0 pick - cutall 0
V527 BUNKER HOLD 397 why collar blk gate
V527 PICKASK 398 adj 0 pick - cutall 0
V527 BUNKER HOLD 398 why notarmed blk armed orth 2
V527 PICKASK 399 adj 0 pick - cutall 0
V527 BUNKER HOLD 399 why collar blk gate
V527 PICKASK 400 adj 0 pick - cutall 0
V527 BUNKER HOLD 400 why notarmed blk armed orth 2
V527 PICKASK 401 adj 0 pick - cutall 0
V527 BUNKER HOLD 401 why collar blk gate
V527 PICKASK 402 adj 0 pick - cutall 0
V527 BUNKER HOLD 402 why notarmed blk armed orth 2
V527 PICKASK 403 adj 0 pick - cutall 0
V527 BUNKER HOLD 403 why collar blk gate
V527 PICKASK 404 adj 0 pick - cutall 0
V527 BUNKER HOLD 404 why notarmed blk armed orth 2
V527 PICKASK 405 adj 0 pick - cutall 0
V527 BUNKER HOLD 405 why collar blk gate
V527 PICKASK 406 adj 0 pick - cutall 0
V527 BUNKER HOLD 406 why notarmed blk armed orth 2
V527 PICKASK 407 adj 0 pick - cutall 0
V527 BUNKER HOLD 407 why collar blk gate
V527 PICKASK 408 adj 0 pick - cutall 0
V527 BUNKER HOLD 408 why notarmed blk armed orth 2
V527 PICKASK 409 adj 0 pick - cutall 0
V527 BUNKER HOLD 409 why collar blk gate
V527 PICKASK 410 adj 0 pick - cutall 0
V527 BUNKER HOLD 410 why notarmed blk armed orth 2
V527 PICKASK 411 adj 0 pick - cutall 0
V527 BUNKER HOLD 411 why collar blk gate
V527 PICKASK 412 adj 0 pick - cutall 0
V527 BUNKER HOLD 412 why notarmed blk armed orth 2
V527 PICKASK 413 adj 0 pick - cutall 0
V527 BUNKER HOLD 413 why collar blk gate
V527 PICKASK 414 adj 0 pick - cutall 0
V527 BUNKER HOLD 414 why notarmed blk armed orth 2
V527 PICKASK 415 adj 0 pick - cutall 0
V527 BUNKER HOLD 415 why collar blk gate
V527 PICKASK 416 adj 0 pick - cutall 0
V527 BUNKER HOLD 416 why notarmed blk armed orth 2
V527 PICKASK 417 adj 0 pick - cutall 0
V527 BUNKER HOLD 417 why collar blk gate
V527 PICKASK 418 adj 0 pick - cutall 0
V527 BUNKER HOLD 418 why notarmed blk armed orth 2
V527 PICKASK 419 adj 0 pick - cutall 0
V527 BUNKER HOLD 419 why collar blk gate
V527 PICKASK 420 adj 0 pick - cutall 0
V527 BUNKER HOLD 420 why notarmed blk armed orth 2
V527 PICKASK 421 adj 0 pick - cutall 0
V527 BUNKER HOLD 421 why collar blk gate
V527 PICKASK 422 adj 0 pick - cutall 0
V527 BUNKER HOLD 422 why notarmed blk armed orth 2
V527 PICKASK 423 adj 0 pick - cutall 0
V527 BUNKER HOLD 423 why collar blk gate
V527 PICKASK 424 adj 0 pick - cutall 0
V527 BUNKER HOLD 424 why notarmed blk armed orth 2
V527 PICKASK 425 adj 0 pick - cutall 0
V527 BUNKER HOLD 425 why collar blk gate
V527 PICKASK 426 adj 0 pick - cutall 0
V527 BUNKER HOLD 426 why notarmed blk armed orth 2
V527 PICKASK 427 adj 0 pick - cutall 0
V527 BUNKER HOLD 427 why collar blk gate
V527 PICKASK 428 adj 0 pick - cutall 0
V527 BUNKER HOLD 428 why notarmed blk armed orth 2
V527 PICKASK 429 adj 0 pick - cutall 0
V527 BUNKER HOLD 429 why collar blk gate
V527 PICKASK 430 adj 0 pick - cutall 0
V527 BUNKER HOLD 430 why notarmed blk armed orth 2
V527 PICKASK 431 adj 0 pick - cutall 0
V527 BUNKER HOLD 431 why collar blk gate
V527 PICKASK 432 adj 0 pick - cutall 0
V527 BUNKER HOLD 432 why notarmed blk armed orth 2
V527 PICKASK 433 adj 0 pick - cutall 0
V527 BUNKER HOLD 433 why collar blk gate
V527 PICKASK 434 adj 0 pick - cutall 0
V527 BUNKER HOLD 434 why notarmed blk armed orth 2
V527 PICKASK 435 adj 0 pick - cutall 0
V527 BUNKER HOLD 435 why collar blk gate
V527 PICKASK 436 adj 0 pick - cutall 0
V527 BUNKER HOLD 436 why notarmed blk armed orth 2
V527 PICKASK 437 adj 0 pick - cutall 0
V527 BUNKER HOLD 437 why collar blk gate
V527 PICKASK 438 adj 0 pick - cutall 0
V527 BUNKER HOLD 438 why notarmed blk armed orth 2
V527 PICKASK 439 adj 0 pick - cutall 0
V527 BUNKER HOLD 439 why collar blk gate
V527 PICKASK 440 adj 0 pick - cutall 0
V527 BUNKER HOLD 440 why notarmed blk armed orth 2
V527 PICKASK 441 adj 0 pick - cutall 0
V527 BUNKER HOLD 441 why collar blk gate
V527 PICKASK 442 adj 0 pick - cutall 0
V527 BUNKER HOLD 442 why notarmed blk armed orth 2
V527 PICKASK 443 adj 0 pick - cutall 0
V527 BUNKER HOLD 443 why collar blk gate
V527 PICKASK 444 adj 0 pick - cutall 0
V527 BUNKER HOLD 444 why notarmed blk armed orth 2
V527 PICKASK 445 adj 0 pick - cutall 0
V527 BUNKER HOLD 445 why collar blk gate
V527 PICKASK 446 adj 0 pick - cutall 0
V527 BUNKER HOLD 446 why notarmed blk armed orth 2
V527 PICKASK 447 adj 0 pick - cutall 0
V527 BUNKER HOLD 447 why collar blk gate
V527 PICKASK 448 adj 0 pick - cutall 0
V527 BUNKER HOLD 448 why notarmed blk armed orth 2
V527 PICKASK 449 adj 0 pick - cutall 0
V527 BUNKER HOLD 449 why collar blk gate
V527 PICKASK 450 adj 0 pick - cutall 0
V527 BUNKER HOLD 450 why notarmed blk armed orth 2
V527 PICKASK 451 adj 0 pick - cutall 0
V527 BUNKER HOLD 451 why collar blk gate
V527 PICKASK 452 adj 0 pick - cutall 0
V527 BUNKER HOLD 452 why notarmed blk armed orth 2
V527 PICKASK 453 adj 0 pick - cutall 0
V527 BUNKER HOLD 453 why collar blk gate
V527 PICKASK 454 adj 0 pick - cutall 0
V527 BUNKER HOLD 454 why notarmed blk armed orth 2
V527 PICKASK 455 adj 0 pick - cutall 0
V527 BUNKER HOLD 455 why collar blk gate
V527 PICKASK 456 adj 0 pick - cutall 0
V527 BUNKER HOLD 456 why notarmed blk armed orth 2
V527 PICKASK 457 adj 0 pick - cutall 0
V527 BUNKER HOLD 457 why collar blk gate
V527 PICKASK 458 adj 0 pick - cutall 0
V527 BUNKER HOLD 458 why notarmed blk armed orth 2
V527 PICKASK 459 adj 0 pick - cutall 0
V527 BUNKER HOLD 459 why collar blk gate
V527 PICKASK 460 adj 0 pick - cutall 0
V527 BUNKER HOLD 460 why notarmed blk armed orth 2
V527 PICKASK 461 adj 0 pick - cutall 0
V527 BUNKER HOLD 461 why collar blk gate
V527 PICKASK 462 adj 0 pick - cutall 0
V527 BUNKER HOLD 462 why notarmed blk armed orth 2
V527 PICKASK 463 adj 0 pick - cutall 0
V527 BUNKER HOLD 463 why collar blk gate
V527 PICKASK 464 adj 0 pick - cutall 0
V527 BUNKER HOLD 464 why notarmed blk armed orth 2
V527 PICKASK 465 adj 0 pick - cutall 0
V527 BUNKER HOLD 465 why collar blk gate
V527 PICKASK 466 adj 0 pick - cutall 0
V527 BUNKER HOLD 466 why notarmed blk armed orth 2
V527 PICKASK 467 adj 0 pick - cutall 0
V527 BUNKER HOLD 467 why collar blk gate
V527 PICKASK 468 adj 0 pick - cutall 0
V527 BUNKER HOLD 468 why notarmed blk armed orth 2
V527 PICKASK 469 adj 0 pick - cutall 0
V527 BUNKER HOLD 469 why collar blk gate
V527 PICKASK 470 adj 0 pick - cutall 0
V527 BUNKER HOLD 470 why notarmed blk armed orth 2
V527 PICKASK 471 adj 0 pick - cutall 0
V527 BUNKER HOLD 471 why collar blk gate
V527 PICKASK 472 adj 0 pick - cutall 0
V527 BUNKER HOLD 472 why notarmed blk armed orth 2
V527 PICKASK 473 adj 0 pick - cutall 0
V527 BUNKER HOLD 473 why collar blk gate
V527 PICKASK 474 adj 0 pick - cutall 0
V527 BUNKER HOLD 474 why notarmed blk armed orth 2
V527 PICKASK 475 adj 0 pick - cutall 0
V527 BUNKER HOLD 475 why collar blk gate
V527 PICKASK 476 adj 0 pick - cutall 0
V527 BUNKER HOLD 476 why notarmed blk armed orth 2
V527 PICKASK 477 adj 0 pick - cutall 0
V527 BUNKER HOLD 477 why collar blk gate
V527 PICKASK 478 adj 0 pick - cutall 0
V527 BUNKER HOLD 478 why notarmed blk armed orth 2
V527 PICKASK 479 adj 0 pick - cutall 0
V527 BUNKER HOLD 479 why collar blk gate
V527 PICKASK 480 adj 0 pick - cutall 0
V527 BUNKER HOLD 480 why notarmed blk armed orth 2
V527 PICKASK 481 adj 0 pick - cutall 0
V527 BUNKER HOLD 481 why collar blk gate
V527 PICKASK 482 adj 0 pick - cutall 0
V527 BUNKER HOLD 482 why notarmed blk armed orth 2
V527 PICKASK 483 adj 0 pick - cutall 0
V527 BUNKER HOLD 483 why collar blk gate
V527 PICKASK 484 adj 0 pick - cutall 0
V527 BUNKER HOLD 484 why notarmed blk armed orth 2
V527 PICKASK 485 adj 0 pick - cutall 0
V527 BUNKER HOLD 485 why collar blk gate
V527 PICKASK 486 adj 0 pick - cutall 0
V527 BUNKER HOLD 486 why notarmed blk armed orth 2
V527 PICKASK 487 adj 0 pick - cutall 0
V527 BUNKER HOLD 487 why collar blk gate
V527 PICKASK 488 adj 0 pick - cutall 0
V527 BUNKER HOLD 488 why notarmed blk armed orth 2
V527 PICKASK 489 adj 0 pick - cutall 0
V527 BUNKER HOLD 489 why collar blk gate
V527 PICKASK 490 adj 0 pick - cutall 0
V527 BUNKER HOLD 490 why notarmed blk armed orth 2
V527 PICKASK 491 adj 0 pick - cutall 0
V527 BUNKER HOLD 491 why collar blk gate
V527 PICKASK 492 adj 0 pick - cutall 0
V527 BUNKER HOLD 492 why notarmed blk armed orth 2
V527 PICKASK 493 adj 0 pick - cutall 0
V527 BUNKER HOLD 493 why collar blk gate
V527 PICKASK 494 adj 0 pick - cutall 0
V527 BUNKER HOLD 494 why notarmed blk armed orth 2
V527 PICKASK 495 adj 0 pick - cutall 0
V527 BUNKER HOLD 495 why collar blk gate
V527 PICKASK 496 adj 0 pick - cutall 0
V527 BUNKER HOLD 496 why notarmed blk armed orth 2
V527 PICKASK 497 adj 0 pick - cutall 0
V527 BUNKER HOLD 497 why collar blk gate
V527 PICKASK 498 adj 0 pick - cutall 0
V527 BUNKER HOLD 498 why notarmed blk armed orth 2
V527 PICKASK 499 adj 0 pick - cutall 0
V527 BUNKER HOLD 499 why collar blk gate
V527 PICKASK 500 adj 0 pick - cutall 0
V527 BUNKER HOLD 500 why notarmed blk armed orth 2
V527 PICKASK 501 adj 0 pick - cutall 0
V527 BUNKER HOLD 501 why collar blk gate
V527 PICKASK 502 adj 0 pick - cutall 0
V527 BUNKER HOLD 502 why notarmed blk armed orth 2
V527 PICKASK 503 adj 0 pick - cutall 0
V527 BUNKER HOLD 503 why collar blk gate
V527 PICKASK 504 adj 0 pick - cutall 0
V527 BUNKER HOLD 504 why notarmed blk armed orth 2
V527 PICKASK 505 adj 0 pick - cutall 0
V527 BUNKER HOLD 505 why collar blk gate
V527 PICKASK 506 adj 0 pick - cutall 0
V527 BUNKER HOLD 506 why notarmed blk armed orth 2
V527 PICKASK 507 adj 0 pick - cutall 0
V527 BUNKER HOLD 507 why collar blk gate
V527 PICKASK 508 adj 0 pick - cutall 0
V527 BUNKER HOLD 508 why notarmed blk armed orth 2
V527 PICKASK 509 adj 0 pick - cutall 0
V527 BUNKER HOLD 509 why collar blk gate
V527 PICKASK 510 adj 0 pick - cutall 0
V527 BUNKER HOLD 510 why notarmed blk armed orth 2
V527 PICKASK 511 adj 0 pick - cutall 0
V527 BUNKER HOLD 511 why collar blk gate
V527 PICKASK 512 adj 0 pick - cutall 0
V527 BUNKER HOLD 512 why notarmed blk armed orth 2
V527 PICKASK 513 adj 0 pick - cutall 0
V527 BUNKER HOLD 513 why collar blk gate
V527 PICKASK 514 adj 0 pick - cutall 0
V527 BUNKER HOLD 514 why notarmed blk armed orth 2
V527 PICKASK 515 adj 0 pick - cutall 0
V527 BUNKER HOLD 515 why collar blk gate
V527 PICKASK 516 adj 0 pick - cutall 0
V527 BUNKER HOLD 516 why notarmed blk armed orth 2
V527 PICKASK 517 adj 0 pick - cutall 0
V527 BUNKER HOLD 517 why collar blk gate
V527 PICKASK 518 adj 0 pick - cutall 0
V527 BUNKER HOLD 518 why notarmed blk armed orth 2
V527 PICKASK 519 adj 0 pick - cutall 0
V527 BUNKER HOLD 519 why collar blk gate
V527 PICKASK 520 adj 0 pick - cutall 0
V527 BUNKER HOLD 520 why notarmed blk armed orth 2
V527 PICKASK 521 adj 0 pick - cutall 0
V527 BUNKER HOLD 521 why collar blk gate
V527 PICKASK 522 adj 0 pick - cutall 0
V527 BUNKER HOLD 522 why notarmed blk armed orth 2
V527 PICKASK 523 adj 0 pick - cutall 0
V527 BUNKER HOLD 523 why collar blk gate
V527 PICKASK 524 adj 0 pick - cutall 0
V527 BUNKER HOLD 524 why notarmed blk armed orth 2
V527 PICKASK 525 adj 0 pick - cutall 0
V527 BUNKER HOLD 525 why collar blk gate
V527 PICKASK 526 adj 0 pick - cutall 0
V527 BUNKER HOLD 526 why notarmed blk armed orth 2
V527 PICKASK 527 adj 0 pick - cutall 0
V527 BUNKER HOLD 527 why collar blk gate
V527 PICKASK 528 adj 0 pick - cutall 0
V527 BUNKER HOLD 528 why notarmed blk armed orth 2
V527 PICKASK 529 adj 0 pick - cutall 0
V527 BUNKER HOLD 529 why collar blk gate
V527 PICKASK 530 adj 0 pick - cutall 0
V527 BUNKER HOLD 530 why notarmed blk armed orth 2
V527 PICKASK 531 adj 0 pick - cutall 0
V527 BUNKER HOLD 531 why collar blk gate
V527 PICKASK 532 adj 0 pick - cutall 0
V527 BUNKER HOLD 532 why notarmed blk armed orth 2
V527 PICKASK 533 adj 0 pick - cutall 0
V527 BUNKER HOLD 533 why collar blk gate
V527 PICKASK 534 adj 0 pick - cutall 0
V527 BUNKER HOLD 534 why notarmed blk armed orth 2
V527 PICKASK 535 adj 0 pick - cutall 0
V527 BUNKER HOLD 535 why collar blk gate
V527 PICKASK 536 adj 0 pick - cutall 0
V527 BUNKER HOLD 536 why notarmed blk armed orth 2
V527 PICKASK 537 adj 0 pick - cutall 0
V527 BUNKER HOLD 537 why collar blk gate
V527 PICKASK 538 adj 0 pick - cutall 0
V527 BUNKER HOLD 538 why notarmed blk armed orth 2
V527 PICKASK 539 adj 0 pick - cutall 0
V527 BUNKER HOLD 539 why collar blk gate
V527 PICKASK 540 adj 0 pick - cutall 0
V527 BUNKER HOLD 540 why notarmed blk armed orth 2
V527 PICKASK 541 adj 0 pick - cutall 0
V527 BUNKER HOLD 541 why collar blk gate
V527 PICKASK 542 adj 0 pick - cutall 0
V527 BUNKER HOLD 542 why notarmed blk armed orth 2
V527 PICKASK 543 adj 0 pick - cutall 0
V527 BUNKER HOLD 543 why collar blk gate
V527 PICKASK 544 adj 0 pick - cutall 0
V527 BUNKER HOLD 544 why notarmed blk armed orth 2
V527 PICKASK 545 adj 0 pick - cutall 0
V527 BUNKER HOLD 545 why collar blk gate
V527 PICKASK 546 adj 0 pick - cutall 0
V527 BUNKER HOLD 546 why notarmed blk armed orth 2
V527 PICKASK 547 adj 0 pick - cutall 0
V527 BUNKER HOLD 547 why collar blk gate
V527 PICKASK 548 adj 0 pick - cutall 0
V527 BUNKER HOLD 548 why notarmed blk armed orth 2
V527 PICKASK 549 adj 0 pick - cutall 0
V527 BUNKER HOLD 549 why collar blk gate
V527 PICKASK 550 adj 0 pick - cutall 0
V527 BUNKER HOLD 550 why notarmed blk armed orth 2
V527 PICKASK 551 adj 0 pick - cutall 0
V527 BUNKER HOLD 551 why collar blk gate
V527 PICKASK 552 adj 0 pick - cutall 0
V527 BUNKER HOLD 552 why notarmed blk armed orth 2
V527 PICKASK 553 adj 0 pick - cutall 0
V527 BUNKER HOLD 553 why collar blk gate
V527 PICKASK 554 adj 0 pick - cutall 0
V527 BUNKER HOLD 554 why notarmed blk armed orth 2
V527 PICKASK 555 adj 0 pick - cutall 0
V527 BUNKER HOLD 555 why collar blk gate
V527 PICKASK 556 adj 0 pick - cutall 0
V527 BUNKER HOLD 556 why notarmed blk armed orth 2
V527 PICKASK 557 adj 0 pick - cutall 0
V527 BUNKER HOLD 557 why collar blk gate
V527 PICKASK 558 adj 0 pick - cutall 0
V527 BUNKER HOLD 558 why notarmed blk armed orth 2
V527 PICKASK 559 adj 0 pick - cutall 0
V527 BUNKER HOLD 559 why collar blk gate
V527 PICKASK 560 adj 0 pick - cutall 0
V527 BUNKER HOLD 560 why notarmed blk armed orth 2
V527 PICKASK 561 adj 0 pick - cutall 0
V527 BUNKER HOLD 561 why collar blk gate
V527 PICKASK 562 adj 0 pick - cutall 0
V527 BUNKER HOLD 562 why notarmed blk armed orth 2
V527 PICKASK 563 adj 0 pick - cutall 0
V527 BUNKER HOLD 563 why collar blk gate
V527 PICKASK 564 adj 0 pick - cutall 0
V527 BUNKER HOLD 564 why notarmed blk armed orth 2
V527 PICKASK 565 adj 0 pick - cutall 0
V527 BUNKER HOLD 565 why collar blk gate
V527 PICKASK 566 adj 0 pick - cutall 0
V527 BUNKER HOLD 566 why notarmed blk armed orth 2
V527 PICKASK 567 adj 0 pick - cutall 0
V527 BUNKER HOLD 567 why collar blk gate
V527 PICKASK 568 adj 0 pick - cutall 0
V527 BUNKER HOLD 568 why notarmed blk armed orth 2
V527 PICKASK 569 adj 0 pick - cutall 0
V527 BUNKER HOLD 569 why collar blk gate
V527 PICKASK 570 adj 0 pick - cutall 0
V527 BUNKER HOLD 570 why notarmed blk armed orth 2
V527 PICKASK 571 adj 0 pick - cutall 0
V527 BUNKER HOLD 571 why collar blk gate
V527 PICKASK 572 adj 0 pick - cutall 0
V527 BUNKER HOLD 572 why notarmed blk armed orth 2
V527 PICKASK 573 adj 0 pick - cutall 0
V527 BUNKER HOLD 573 why collar blk gate
V527 PICKASK 574 adj 0 pick - cutall 0
V527 BUNKER HOLD 574 why notarmed blk armed orth 2
V527 PICKASK 575 adj 0 pick - cutall 0
V527 BUNKER HOLD 575 why collar blk gate
V527 PICKASK 576 adj 0 pick - cutall 0
V527 BUNKER HOLD 576 why notarmed blk armed orth 2
V527 PICKASK 577 adj 0 pick - cutall 0
V527 BUNKER HOLD 577 why collar blk gate
V527 PICKASK 578 adj 0 pick - cutall 0
V527 BUNKER HOLD 578 why notarmed blk armed orth 2
V527 PICKASK 579 adj 0 pick - cutall 0
V527 BUNKER HOLD 579 why collar blk gate
V527 PICKASK 580 adj 0 pick - cutall 0
V527 BUNKER HOLD 580 why notarmed blk armed orth 2
V527 PICKASK 581 adj 0 pick - cutall 0
V527 BUNKER HOLD 581 why collar blk gate
V527 PICKASK 582 adj 0 pick - cutall 0
V527 BUNKER HOLD 582 why notarmed blk armed orth 2
V527 PICKASK 583 adj 0 pick - cutall 0
V527 BUNKER HOLD 583 why collar blk gate
V527 PICKASK 584 adj 0 pick - cutall 0
V527 BUNKER HOLD 584 why notarmed blk armed orth 2
V527 PICKASK 585 adj 0 pick - cutall 0
V527 BUNKER HOLD 585 why collar blk gate
V527 PICKASK 586 adj 0 pick - cutall 0
V527 BUNKER HOLD 586 why notarmed blk armed orth 2
V527 PICKASK 587 adj 0 pick - cutall 0
V527 BUNKER HOLD 587 why collar blk gate
V527 PICKASK 588 adj 0 pick - cutall 0
V527 BUNKER HOLD 588 why notarmed blk armed orth 2
V527 PICKASK 589 adj 0 pick - cutall 0
V527 BUNKER HOLD 589 why collar blk gate
V527 PICKASK 590 adj 0 pick - cutall 0
V527 BUNKER HOLD 590 why notarmed blk armed orth 2
V527 PICKASK 591 adj 0 pick - cutall 0
V527 BUNKER HOLD 591 why collar blk gate
V527 PICKASK 592 adj 0 pick - cutall 0
V527 BUNKER HOLD 592 why notarmed blk armed orth 2
V527 PICKASK 593 adj 0 pick - cutall 0
V527 BUNKER HOLD 593 why collar blk gate
V527 PICKASK 594 adj 0 pick - cutall 0
V527 BUNKER HOLD 594 why notarmed blk armed orth 2
V527 PICKASK 595 adj 0 pick - cutall 0
V527 BUNKER HOLD 595 why collar blk gate
V527 PICKASK 596 adj 0 pick - cutall 0
V527 BUNKER HOLD 596 why notarmed blk armed orth 2
V527 PICKASK 597 adj 0 pick - cutall 0
V527 BUNKER HOLD 597 why collar blk gate
V527 PICKASK 598 adj 0 pick - cutall 0
V527 BUNKER HOLD 598 why notarmed blk armed orth 2
V527 PICKASK 599 adj 0 pick - cutall 0
V527 BUNKER HOLD 599 why collar blk gate
V527 PICKASK 600 adj 0 pick - cutall 0
V527 BUNKER HOLD 600 why notarmed blk armed orth 2
