Update available: 2.3.6 -> 2.3.8. Run: pip install --upgrade fcode
TIWATCH518 0 ti 500 ammo 0 scale 100 units 1 sen 30 bar 3 beat 0 hold 0
TIWATCH518 1 ti 470 ammo 0 scale 120 units 2 sen 36 bar 3 beat 0 hold 0
TIWATCH518 2 ti 406 ammo 0 scale 150 units 4 sen 45 bar 4 beat 0 hold 0
TIWATCH518 3 ti 327 ammo 0 scale 165 units 4 sen 49 bar 4 beat 0 hold 0
TIWATCH518 4 ti 294 ammo 0 scale 177 units 5 sen 53 bar 5 beat 0 hold 0
TIWATCH518 5 ti 294 ammo 0 scale 167 units 4 sen 50 bar 5 beat 0 hold 0
TIWATCH518 6 ti 271 ammo 0 scale 177 units 5 sen 53 bar 5 beat 0 hold 0
TIWATCH518 7 ti 236 ammo 0 scale 182 units 5 sen 54 bar 5 beat 0 hold 0
TICONV518 7 amt 16 floor 52
TIWATCH518 8 ti 225 ammo 16 scale 183 units 5 sen 54 bar 5 beat 0 hold 0
GATE515 8 salt 0 eco 0 orth 8 floor 60
GAP518 8 id 3 code GATE live 0 salt 0 eco 0 ti 225 sen 54 bar 5 need 9 orth 8 floor 60
GATE515 8 salt 0 eco 0 orth 8 floor 60
TIWATCH518 9 ti 220 ammo 16 scale 184 units 5 sen 55 bar 5 beat 0 hold 0
GATE515 9 salt 0 eco 0 orth 7 floor 60
GAP518 9 id 3 code GATE live 0 salt 0 eco 0 ti 165 sen 61 bar 6 need 8 orth 7 floor 60
GATE515 9 salt 0 eco 0 orth 7 floor 60
GATE515 9 salt 0 eco 0 orth 7 floor 60
TIWATCH518 10 ti 169 ammo 16 scale 195 units 5 sen 58 bar 5 beat 0 hold 0
GATE515 10 salt 0 eco 0 orth 7 floor 60
GAP518 10 id 3 code GATE live 0 salt 0 eco 0 ti 111 sen 64 bar 6 need 8 orth 7 floor 60
GATE515 10 salt 0 eco 0 orth 7 floor 60
TIWATCH518 11 ti 105 ammo 16 scale 216 units 6 sen 64 bar 6 beat 0 hold 0
GATE515 11 salt 0 eco 0 orth 6 floor 60
GAP518 11 id 3 code GATE live 0 salt 0 eco 0 ti 105 sen 64 bar 6 need 7 orth 6 floor 60
GATE515 11 salt 0 eco 0 orth 6 floor 60
GATE515 11 salt 0 eco 0 orth 6 floor 60
TIWATCH518 12 ti 125 ammo 16 scale 216 units 6 sen 64 bar 6 beat 0 hold 0
GATE515 12 salt 0 eco 0 orth 6 floor 60
GAP518 12 id 3 code GATE live 0 salt 0 eco 0 ti 125 sen 64 bar 6 need 7 orth 6 floor 60
GATE515 12 salt 0 eco 0 orth 6 floor 60
GATE515 12 salt 0 eco 0 orth 6 floor 60
TIWATCH518 13 ti 125 ammo 16 scale 216 units 6 sen 64 bar 6 beat 0 hold 0
GATE515 13 salt 0 eco 0 orth 6 floor 60
GAP518 13 id 3 code GATE live 0 salt 0 eco 0 ti 125 sen 64 bar 6 need 7 orth 6 floor 60
GATE515 13 salt 0 eco 0 orth 6 floor 60
GATE515 13 salt 0 eco 0 orth 6 floor 60
TIWATCH518 14 ti 135 ammo 16 scale 216 units 6 sen 64 bar 6 beat 0 hold 0
GATE515 14 salt 0 eco 0 orth 6 floor 60
GAP518 14 id 3 code GATE live 0 salt 0 eco 0 ti 135 sen 64 bar 6 need 7 orth 6 floor 60
GATE515 14 salt 0 eco 0 orth 6 floor 60
GATE515 14 salt 0 eco 0 orth 6 floor 60
TIWATCH518 15 ti 135 ammo 16 scale 216 units 6 sen 64 bar 6 beat 0 hold 0
GATE515 15 salt 0 eco 0 orth 6 floor 60
GAP518 15 id 3 code GATE live 0 salt 0 eco 0 ti 135 sen 64 bar 6 need 7 orth 6 floor 60
GATE515 15 salt 0 eco 0 orth 6 floor 60
TIWATCH518 16 ti 112 ammo 16 scale 226 units 7 sen 67 bar 6 beat 0 hold 0
GATE515 16 salt 0 eco 0 orth 5 floor 60
GAP518 16 id 3 code GATE live 0 salt 0 eco 0 ti 112 sen 67 bar 6 need 7 orth 5 floor 60
GATE515 16 salt 0 eco 0 orth 5 floor 60
GATE515 16 salt 0 eco 0 orth 5 floor 60
TIWATCH518 17 ti 112 ammo 16 scale 226 units 7 sen 67 bar 6 beat 0 hold 0
GATE515 17 salt 0 eco 0 orth 5 floor 60
GAP518 17 id 3 code GATE live 0 salt 0 eco 0 ti 112 sen 67 bar 6 need 7 orth 5 floor 60
GATE515 17 salt 0 eco 0 orth 5 floor 60
GATE515 17 salt 0 eco 0 orth 5 floor 60
TIWATCH518 18 ti 77 ammo 16 scale 231 units 7 sen 69 bar 6 beat 0 hold 0
GATE515 18 salt 0 eco 0 orth 5 floor 60
GAP518 18 id 3 code GATE live 0 salt 0 eco 0 ti 77 sen 69 bar 6 need 7 orth 5 floor 60
GATE515 18 salt 0 eco 0 orth 5 floor 60
GATE515 18 salt 0 eco 0 orth 5 floor 60
TIWATCH518 19 ti 71 ammo 16 scale 232 units 7 sen 69 bar 6 beat 0 hold 0
GATE515 19 salt 0 eco 0 orth 5 floor 60
GAP518 19 id 3 code GATE live 0 salt 0 eco 0 ti 71 sen 69 bar 6 need 7 orth 5 floor 60
GATE515 19 salt 0 eco 0 orth 5 floor 60
GATE515 19 salt 0 eco 0 orth 5 floor 60
TIWATCH518 20 ti 91 ammo 16 scale 232 units 7 sen 69 bar 6 beat 0 hold 0
TICONV518 20 amt 8 floor 12
GATE515 20 salt 0 eco 0 orth 5 floor 60
GAP518 20 id 3 code GATE live 0 salt 0 eco 0 ti 83 sen 69 bar 6 need 7 orth 5 floor 60
GATE515 20 salt 0 eco 0 orth 5 floor 60
GATE515 20 salt 0 eco 0 orth 5 floor 60
TIWATCH518 21 ti 77 ammo 24 scale 233 units 7 sen 69 bar 6 beat 0 hold 0
GATE515 21 salt 0 eco 0 orth 5 floor 60
GAP518 21 id 3 code GATE live 0 salt 0 eco 0 ti 77 sen 69 bar 6 need 7 orth 5 floor 60
GATE515 21 salt 0 eco 0 orth 5 floor 60
GATE515 21 salt 0 eco 0 orth 5 floor 60
TIWATCH518 22 ti 87 ammo 24 scale 233 units 7 sen 69 bar 6 beat 0 hold 0
GATE515 22 salt 0 eco 0 orth 5 floor 60
GAP518 22 id 3 code GATE live 0 salt 0 eco 0 ti 87 sen 69 bar 6 need 7 orth 5 floor 60
GATE515 22 salt 0 eco 0 orth 5 floor 60
GATE515 22 salt 0 eco 0 orth 5 floor 60
TIWATCH518 23 ti 87 ammo 24 scale 232 units 7 sen 69 bar 6 beat 0 hold 0
GATE515 23 salt 0 eco 0 orth 5 floor 60
GAP518 23 id 3 code GATE live 0 salt 0 eco 0 ti 87 sen 69 bar 6 need 7 orth 5 floor 60
GATE515 23 salt 0 eco 0 orth 5 floor 60
GATE515 23 salt 0 eco 0 orth 5 floor 60
TIWATCH518 24 ti 107 ammo 24 scale 232 units 7 sen 69 bar 6 beat 0 hold 0
GATE515 24 salt 0 eco 0 orth 5 floor 60
GAP518 24 id 3 code GATE live 0 salt 0 eco 0 ti 107 sen 69 bar 6 need 7 orth 5 floor 60
GATE515 24 salt 0 eco 0 orth 5 floor 60
GATE515 24 salt 0 eco 0 orth 5 floor 60
TIWATCH518 25 ti 61 ammo 24 scale 237 units 7 sen 71 bar 7 beat 0 hold 0
GATE515 25 salt 0 eco 0 orth 5 floor 60
GAP518 25 id 3 code GATE live 0 salt 0 eco 0 ti 61 sen 71 bar 7 need 7 orth 5 floor 60
GATE515 25 salt 0 eco 0 orth 5 floor 60
GATE515 25 salt 0 eco 0 orth 5 floor 60
TIWATCH518 26 ti 71 ammo 24 scale 236 units 7 sen 70 bar 7 beat 0 hold 0
GATE515 26 salt 0 eco 0 orth 5 floor 60
GAP518 26 id 3 code GATE live 0 salt 0 eco 0 ti 71 sen 70 bar 7 need 7 orth 5 floor 60
GATE515 26 salt 0 eco 0 orth 5 floor 60
GATE515 26 salt 0 eco 0 orth 5 floor 60
TIWATCH518 27 ti 1 ammo 24 scale 256 units 8 sen 76 bar 7 beat 0 hold 0
GATE515 27 salt 0 eco 0 orth 5 floor 60
GAP518 27 id 3 code GATE live 0 salt 0 eco 0 ti 1 sen 76 bar 7 need 7 orth 5 floor 60
GATE515 27 salt 0 eco 0 orth 5 floor 60
GATE515 27 salt 0 eco 0 orth 5 floor 60
TIWATCH518 28 ti 21 ammo 14 scale 256 units 8 sen 76 bar 7 beat 0 hold 0
TICONV518 28 amt 9 floor 12
GAP518 28 id 3 code DODGE live -1 salt -1 eco -1 ti -1 sen -1 bar -1 need -1 orth -1 floor 60
TIWATCH518 29 ti 12 ammo 23 scale 256 units 8 sen 76 bar 7 beat 0 hold 0
GATE515 29 salt 0 eco 0 orth 5 floor 60
GAP518 29 id 3 code GATE live 0 salt 0 eco 0 ti 12 sen 76 bar 7 need 7 orth 5 floor 60
GATE515 29 salt 0 eco 0 orth 5 floor 60
GATE515 29 salt 0 eco 0 orth 5 floor 60
TIWATCH518 30 ti 22 ammo 13 scale 256 units 8 sen 76 bar 7 beat 0 hold 0
TICONV518 30 amt 10 floor 12
GAP518 30 id 3 code DODGE live -1 salt -1 eco -1 ti -1 sen -1 bar -1 need -1 orth -1 floor 60
TIWATCH518 31 ti 12 ammo 23 scale 256 units 8 sen 76 bar 7 beat 0 hold 0
GATE515 31 salt 0 eco 0 orth 5 floor 60
GAP518 31 id 3 code GATE live 0 salt 0 eco 0 ti 12 sen 76 bar 7 need 7 orth 5 floor 60
GATE515 31 salt 0 eco 0 orth 5 floor 60
GATE515 31 salt 0 eco 0 orth 5 floor 60
TIWATCH518 32 ti 32 ammo 23 scale 256 units 8 sen 76 bar 7 beat 0 hold 0
GATE515 32 salt 0 eco 0 orth 6 floor 60
GAP518 32 id 3 code GATE live 0 salt 0 eco 0 ti 32 sen 76 bar 7 need 7 orth 6 floor 60
GATE515 32 salt 0 eco 0 orth 6 floor 60
GATE515 32 salt 0 eco 0 orth 6 floor 60
TIWATCH518 33 ti 32 ammo 23 scale 256 units 8 sen 76 bar 7 beat 0 hold 0
GATE515 33 salt 0 eco 0 orth 5 floor 60
GAP518 33 id 3 code GATE live 0 salt 0 eco 0 ti 32 sen 76 bar 7 need 7 orth 5 floor 60
GATE515 33 salt 0 eco 0 orth 5 floor 60
GATE515 33 salt 0 eco 0 orth 5 floor 60
TIWATCH518 34 ti 42 ammo 23 scale 256 units 8 sen 76 bar 7 beat 0 hold 0
GATE515 34 salt 0 eco 0 orth 6 floor 60
GAP518 34 id 3 code GATE live 0 salt 0 eco 0 ti 42 sen 76 bar 7 need 7 orth 6 floor 60
GATE515 34 salt 0 eco 0 orth 6 floor 60
GATE515 34 salt 0 eco 0 orth 6 floor 60
TIWATCH518 35 ti 42 ammo 23 scale 256 units 8 sen 76 bar 7 beat 0 hold 0
GATE515 35 salt 0 eco 0 orth 5 floor 60
GAP518 35 id 3 code GATE live 0 salt 0 eco 0 ti 42 sen 76 bar 7 need 7 orth 5 floor 60
GATE515 35 salt 0 eco 0 orth 5 floor 60
GATE515 35 salt 0 eco 0 orth 5 floor 60
TIWATCH518 36 ti 62 ammo 23 scale 256 units 8 sen 76 bar 7 beat 0 hold 0
GATE515 36 salt 0 eco 0 orth 5 floor 60
GAP518 36 id 3 code GATE live 0 salt 0 eco 0 ti 62 sen 76 bar 7 need 7 orth 5 floor 60
GATE515 36 salt 0 eco 0 orth 5 floor 60
GATE515 36 salt 0 eco 0 orth 5 floor 60
TIWATCH518 37 ti 62 ammo 23 scale 256 units 8 sen 76 bar 7 beat 0 hold 0
GAP518 37 id 3 code DODGE live -1 salt -1 eco -1 ti -1 sen -1 bar -1 need -1 orth -1 floor 60
TIWATCH518 38 ti 72 ammo 23 scale 256 units 8 sen 76 bar 7 beat 0 hold 0
GATE515 38 salt 0 eco 0 orth 6 floor 60
GAP518 38 id 3 code GATE live 0 salt 0 eco 0 ti 72 sen 76 bar 7 need 7 orth 6 floor 60
GATE515 38 salt 0 eco 0 orth 6 floor 60
GATE515 38 salt 0 eco 0 orth 6 floor 60
TIWATCH518 39 ti 65 ammo 23 scale 257 units 8 sen 77 bar 7 beat 0 hold 0
GATE515 39 salt 0 eco 0 orth 5 floor 60
GAP518 39 id 3 code GATE live 0 salt 0 eco 0 ti 65 sen 77 bar 7 need 6 orth 5 floor 60
GATE515 39 salt 0 eco 0 orth 5 floor 60
GATE515 39 salt 0 eco 0 orth 5 floor 60
TIWATCH518 40 ti 84 ammo 23 scale 257 units 8 sen 77 bar 7 beat 0 hold 0
GATE515 40 salt 0 eco 0 orth 5 floor 60
GAP518 40 id 3 code GATE live 0 salt 0 eco 0 ti 84 sen 77 bar 7 need 6 orth 5 floor 60
GATE515 40 salt 0 eco 0 orth 5 floor 60
GATE515 40 salt 0 eco 0 orth 5 floor 60
TIWATCH518 41 ti 77 ammo 23 scale 258 units 8 sen 77 bar 7 beat 0 hold 0
GATE515 41 salt 0 eco 0 orth 5 floor 60
GAP518 41 id 3 code GATE live 0 salt 0 eco 0 ti 77 sen 77 bar 7 need 6 orth 5 floor 60
GATE515 41 salt 0 eco 0 orth 5 floor 60
GATE515 41 salt 0 eco 0 orth 5 floor 60
TIWATCH518 42 ti 86 ammo 23 scale 258 units 8 sen 77 bar 7 beat 0 hold 0
GATE515 42 salt 0 eco 0 orth 5 floor 60
GAP518 42 id 3 code GATE live 0 salt 0 eco 0 ti 86 sen 77 bar 7 need 6 orth 5 floor 60
GATE515 42 salt 0 eco 0 orth 5 floor 60
GATE515 42 salt 0 eco 0 orth 5 floor 60
TIWATCH518 43 ti 1 ammo 23 scale 279 units 9 sen 83 bar 8 beat 0 hold 0
GATE515 43 salt 0 eco 0 orth 5 floor 60
GAP518 43 id 3 code GATE live 0 salt 0 eco 0 ti 1 sen 83 bar 8 need 6 orth 5 floor 60
GATE515 43 salt 0 eco 0 orth 5 floor 60
GATE515 43 salt 0 eco 0 orth 5 floor 60
TIWATCH518 44 ti 21 ammo 13 scale 279 units 9 sen 83 bar 8 beat 0 hold 0
TICONV518 44 amt 9 floor 12
GATE515 44 salt 0 eco 0 orth 5 floor 60
GAP518 44 id 3 code GATE live 0 salt 0 eco 0 ti 12 sen 83 bar 8 need 6 orth 5 floor 60
GATE515 44 salt 0 eco 0 orth 5 floor 60
GATE515 44 salt 0 eco 0 orth 5 floor 60
TIWATCH518 45 ti 4 ammo 22 scale 280 units 9 sen 84 bar 8 beat 0 hold 0
GATE515 45 salt 0 eco 0 orth 5 floor 60
GAP518 45 id 3 code GATE live 0 salt 0 eco 0 ti 4 sen 84 bar 8 need 6 orth 5 floor 60
GATE515 45 salt 0 eco 0 orth 5 floor 60
GATE515 45 salt 0 eco 0 orth 5 floor 60
TIWATCH518 46 ti 14 ammo 22 scale 280 units 9 sen 84 bar 8 beat 0 hold 0
GATE515 46 salt 0 eco 0 orth 5 floor 60
GAP518 46 id 3 code GATE live 0 salt 0 eco 0 ti 14 sen 84 bar 8 need 6 orth 5 floor 60
GATE515 46 salt 0 eco 0 orth 5 floor 60
TIWATCH518 47 ti 6 ammo 22 scale 281 units 9 sen 84 bar 8 beat 0 hold 0
GATE515 47 salt 0 eco 0 orth 4 floor 60
GAP518 47 id 3 code GATE live 0 salt 0 eco 0 ti 6 sen 84 bar 8 need 5 orth 4 floor 60
GATE515 47 salt 0 eco 0 orth 4 floor 60
GATE515 47 salt 0 eco 0 orth 4 floor 60
TIWATCH518 48 ti 26 ammo 22 scale 281 units 9 sen 84 bar 8 beat 0 hold 0
GATE515 48 salt 0 eco 0 orth 4 floor 60
GAP518 48 id 3 code GATE live 0 salt 0 eco 0 ti 26 sen 84 bar 8 need 5 orth 4 floor 60
GATE515 48 salt 0 eco 0 orth 4 floor 60
GATE515 48 salt 0 eco 0 orth 4 floor 60
TIWATCH518 49 ti 18 ammo 22 scale 282 units 9 sen 84 bar 8 beat 0 hold 0
GATE515 49 salt 0 eco 0 orth 4 floor 60
GAP518 49 id 3 code GATE live 0 salt 0 eco 0 ti 18 sen 84 bar 8 need 5 orth 4 floor 60
GATE515 49 salt 0 eco 0 orth 4 floor 60
GATE515 49 salt 0 eco 0 orth 4 floor 60
TIWATCH518 50 ti 28 ammo 12 scale 282 units 9 sen 84 bar 8 beat 0 hold 0
TICONV518 50 amt 12 floor 12
GATE515 50 salt 0 eco 0 orth 3 floor 60
GAP518 50 id 3 code GATE live 0 salt 0 eco 0 ti 16 sen 84 bar 8 need 4 orth 3 floor 60
GATE515 50 salt 0 eco 0 orth 3 floor 60
GATE515 50 salt 0 eco 0 orth 3 floor 60
TIWATCH518 51 ti 16 ammo 24 scale 282 units 9 sen 84 bar 8 beat 0 hold 0
GATE515 51 salt 0 eco 0 orth 3 floor 60
GAP518 51 id 3 code GATE live 0 salt 0 eco 0 ti 16 sen 84 bar 8 need 4 orth 3 floor 60
GATE515 51 salt 0 eco 0 orth 3 floor 60
GATE515 51 salt 0 eco 0 orth 3 floor 60
TIWATCH518 52 ti 36 ammo 24 scale 282 units 9 sen 84 bar 8 beat 0 hold 0
GATE515 52 salt 0 eco 0 orth 3 floor 60
GAP518 52 id 3 code GATE live 0 salt 0 eco 0 ti 36 sen 84 bar 8 need 4 orth 3 floor 60
GATE515 52 salt 0 eco 0 orth 3 floor 60
GATE515 52 salt 0 eco 0 orth 3 floor 60
TIWATCH518 53 ti 27 ammo 24 scale 283 units 9 sen 84 bar 8 beat 0 hold 0
GATE515 53 salt 0 eco 0 orth 2 floor 60
GAP518 53 id 3 code GATE live 0 salt 0 eco 0 ti 27 sen 84 bar 8 need 3 orth 2 floor 60
GATE515 53 salt 0 eco 0 orth 2 floor 60
GATE515 53 salt 0 eco 0 orth 2 floor 60
TIWATCH518 54 ti 37 ammo 24 scale 283 units 9 sen 84 bar 8 beat 0 hold 0
GATE515 54 salt 0 eco 0 orth 3 floor 60
GAP518 54 id 3 code GATE live 0 salt 0 eco 0 ti 37 sen 84 bar 8 need 4 orth 3 floor 60
GATE515 54 salt 0 eco 0 orth 3 floor 60
GATE515 54 salt 0 eco 0 orth 3 floor 60
TIWATCH518 55 ti 37 ammo 24 scale 263 units 8 sen 78 bar 7 beat 0 hold 0
TIWATCH518 56 ti 56 ammo 24 scale 263 units 8 sen 78 bar 7 beat 0 hold 0
TIWATCH518 57 ti 2 ammo 14 scale 283 units 9 sen 84 bar 8 beat 0 hold 0
TIWATCH518 58 ti 12 ammo 10 scale 283 units 9 sen 84 bar 8 beat 0 hold 0
TIWATCH518 59 ti 10 ammo 0 scale 283 units 9 sen 84 bar 8 beat 0 hold 0
TIWATCH518 60 ti 28 ammo 0 scale 283 units 9 sen 84 bar 8 beat 0 hold 0
TICONV518 60 amt 16 floor 12
TIWATCH518 61 ti 10 ammo 12 scale 283 units 9 sen 84 bar 8 beat 0 hold 0
TIWATCH518 62 ti 18 ammo 8 scale 283 units 9 sen 84 bar 8 beat 0 hold 0
TICONV518 62 amt 6 floor 12
TIWATCH518 63 ti 10 ammo 10 scale 283 units 9 sen 84 bar 8 beat 0 hold 0
TIWATCH518 64 ti 28 ammo 10 scale 283 units 9 sen 84 bar 8 beat 0 hold 0
TICONV518 64 amt 14 floor 12
TIWATCH518 65 ti 2 ammo 24 scale 283 units 9 sen 84 bar 8 beat 0 hold 0
TIWATCH518 66 ti 12 ammo 20 scale 263 units 8 sen 78 bar 7 beat 0 hold 0
TIWATCH518 67 ti 12 ammo 16 scale 263 units 8 sen 78 bar 7 beat 0 hold 0
TIWATCH518 68 ti 32 ammo 12 scale 263 units 8 sen 78 bar 7 beat 0 hold 0
TICONV518 68 amt 12 floor 12
TIWATCH518 69 ti 20 ammo 20 scale 263 units 8 sen 78 bar 7 beat 0 hold 0
TICONV518 69 amt 4 floor 12
TIWATCH518 70 ti 26 ammo 20 scale 263 units 8 sen 78 bar 7 beat 0 hold 0
TICONV518 70 amt 4 floor 12
TIWATCH518 71 ti 22 ammo 24 scale 263 units 8 sen 78 bar 7 beat 0 hold 0
TIWATCH518 72 ti 41 ammo 24 scale 262 units 8 sen 78 bar 7 beat 0 hold 0
TIWATCH518 73 ti 40 ammo 24 scale 262 units 8 sen 78 bar 7 beat 0 hold 0
TIWATCH518 74 ti 48 ammo 24 scale 262 units 8 sen 78 bar 7 beat 0 hold 0
TIWATCH518 75 ti 47 ammo 24 scale 262 units 8 sen 78 bar 7 beat 0 hold 0
TIWATCH518 76 ti 59 ammo 24 scale 263 units 8 sen 78 bar 7 beat 0 hold 0
TIWATCH518 77 ti 58 ammo 24 scale 263 units 8 sen 78 bar 7 beat 0 hold 0
TIWATCH518 78 ti 61 ammo 24 scale 264 units 8 sen 79 bar 7 beat 0 hold 0
TIWATCH518 79 ti 9 ammo 24 scale 269 units 8 sen 80 bar 8 beat 0 hold 0
TIWATCH518 80 ti 29 ammo 24 scale 269 units 8 sen 80 bar 8 beat 0 hold 0
TIWATCH518 81 ti 29 ammo 24 scale 269 units 8 sen 80 bar 8 beat 0 hold 0
TIWATCH518 82 ti 39 ammo 24 scale 269 units 8 sen 80 bar 8 beat 0 hold 0
TIWATCH518 83 ti 31 ammo 24 scale 270 units 8 sen 81 bar 8 beat 0 hold 0
TIWATCH518 84 ti 51 ammo 24 scale 270 units 8 sen 81 bar 8 beat 0 hold 0
TIWATCH518 85 ti 43 ammo 24 scale 271 units 8 sen 81 bar 8 beat 0 hold 0
TIWATCH518 86 ti 53 ammo 24 scale 271 units 8 sen 81 bar 8 beat 0 hold 0
TIWATCH518 87 ti 45 ammo 24 scale 272 units 8 sen 81 bar 8 beat 0 hold 0
TIWATCH518 88 ti 65 ammo 24 scale 272 units 8 sen 81 bar 8 beat 0 hold 0
TIWATCH518 89 ti 57 ammo 24 scale 273 units 8 sen 81 bar 8 beat 0 hold 0
TIWATCH518 90 ti 67 ammo 24 scale 273 units 8 sen 81 bar 8 beat 0 hold 0
TIWATCH518 91 ti 59 ammo 24 scale 274 units 8 sen 82 bar 8 beat 0 hold 0
TIWATCH518 92 ti 79 ammo 24 scale 274 units 8 sen 82 bar 8 beat 0 hold 0
TIWATCH518 93 ti 71 ammo 24 scale 275 units 8 sen 82 bar 8 beat 0 hold 0
TIWATCH518 94 ti 81 ammo 24 scale 275 units 8 sen 82 bar 8 beat 0 hold 0
TIWATCH518 95 ti 73 ammo 24 scale 276 units 8 sen 82 bar 8 beat 0 hold 0
TIWATCH518 96 ti 93 ammo 24 scale 276 units 8 sen 82 bar 8 beat 0 hold 0
TIWATCH518 97 ti 93 ammo 24 scale 276 units 8 sen 82 bar 8 beat 0 hold 0
TIWATCH518 98 ti 103 ammo 24 scale 276 units 8 sen 82 bar 8 beat 0 hold 0
TIWATCH518 99 ti 103 ammo 24 scale 276 units 8 sen 82 bar 8 beat 0 hold 0
TIWATCH518 100 ti 123 ammo 24 scale 276 units 8 sen 82 bar 8 beat 0 hold 0
TIWATCH518 101 ti 123 ammo 24 scale 276 units 8 sen 82 bar 8 beat 0 hold 0
TIWATCH518 102 ti 133 ammo 24 scale 276 units 8 sen 82 bar 8 beat 0 hold 0
TIWATCH518 103 ti 133 ammo 24 scale 276 units 8 sen 82 bar 8 beat 0 hold 0
TIWATCH518 104 ti 71 ammo 24 scale 296 units 9 sen 88 bar 8 beat 0 hold 0
TIWATCH518 105 ti 71 ammo 14 scale 296 units 9 sen 88 bar 8 beat 0 hold 0
TICONV518 105 amt 10 floor 12
TIWATCH518 106 ti 71 ammo 24 scale 296 units 9 sen 88 bar 8 beat 0 hold 0
TIWATCH518 107 ti 71 ammo 14 scale 296 units 9 sen 88 bar 8 beat 0 hold 0
TICONV518 107 amt 10 floor 12
TIWATCH518 108 ti 81 ammo 24 scale 296 units 9 sen 88 bar 8 beat 0 hold 0
TIWATCH518 109 ti 81 ammo 14 scale 296 units 9 sen 88 bar 8 beat 0 hold 0
TICONV518 109 amt 10 floor 12
TIWATCH518 110 ti 81 ammo 24 scale 296 units 9 sen 88 bar 8 beat 0 hold 0
TIWATCH518 111 ti 81 ammo 4 scale 296 units 9 sen 88 bar 8 beat 0 hold 0
TICONV518 111 amt 16 floor 12
TIWATCH518 112 ti 85 ammo 20 scale 296 units 9 sen 88 bar 8 beat 0 hold 0
TICONV518 112 amt 4 floor 12
TIWATCH518 113 ti 81 ammo 24 scale 296 units 9 sen 88 bar 8 beat 0 hold 0
TIWATCH518 114 ti 91 ammo 24 scale 296 units 9 sen 88 bar 8 beat 0 hold 0
TIWATCH518 115 ti 3 ammo 24 scale 316 units 10 sen 94 bar 9 beat 0 hold 0
TIWATCH518 116 ti 23 ammo 14 scale 316 units 10 sen 94 bar 9 beat 0 hold 0
TICONV518 116 amt 10 floor 12
TIWATCH518 117 ti 13 ammo 24 scale 316 units 10 sen 94 bar 9 beat 0 hold 0
TIWATCH518 118 ti 23 ammo 14 scale 316 units 10 sen 94 bar 9 beat 0 hold 0
TICONV518 118 amt 10 floor 12
TIWATCH518 119 ti 13 ammo 24 scale 316 units 10 sen 94 bar 9 beat 0 hold 0
TIWATCH518 120 ti 33 ammo 14 scale 316 units 10 sen 94 bar 9 beat 0 hold 0
TICONV518 120 amt 10 floor 12
TIWATCH518 121 ti 23 ammo 24 scale 316 units 10 sen 94 bar 9 beat 0 hold 0
TIWATCH518 122 ti 33 ammo 14 scale 316 units 10 sen 94 bar 9 beat 0 hold 0
TICONV518 122 amt 10 floor 12
TIWATCH518 123 ti 23 ammo 24 scale 316 units 10 sen 94 bar 9 beat 0 hold 0
TIWATCH518 124 ti 43 ammo 14 scale 316 units 10 sen 94 bar 9 beat 0 hold 0
TICONV518 124 amt 10 floor 12
TIWATCH518 125 ti 33 ammo 24 scale 316 units 10 sen 94 bar 9 beat 0 hold 0
TIWATCH518 126 ti 42 ammo 14 scale 316 units 10 sen 94 bar 9 beat 0 hold 0
TICONV518 126 amt 10 floor 12
TIWATCH518 127 ti 31 ammo 24 scale 316 units 10 sen 94 bar 9 beat 0 hold 0
TIWATCH518 128 ti 51 ammo 14 scale 316 units 10 sen 94 bar 9 beat 0 hold 0
TICONV518 128 amt 10 floor 12
TIWATCH518 129 ti 41 ammo 24 scale 316 units 10 sen 94 bar 9 beat 0 hold 0
TIWATCH518 130 ti 51 ammo 14 scale 316 units 10 sen 94 bar 9 beat 0 hold 0
TICONV518 130 amt 10 floor 12
TIWATCH518 131 ti 41 ammo 24 scale 316 units 10 sen 94 bar 9 beat 0 hold 0
TIWATCH518 132 ti 61 ammo 24 scale 316 units 10 sen 94 bar 9 beat 0 hold 0
TIWATCH518 133 ti 61 ammo 24 scale 316 units 10 sen 94 bar 9 beat 0 hold 0
TIWATCH518 134 ti 71 ammo 14 scale 316 units 10 sen 94 bar 9 beat 0 hold 0
TICONV518 134 amt 10 floor 12
TIWATCH518 135 ti 61 ammo 24 scale 316 units 10 sen 94 bar 9 beat 0 hold 0
TIWATCH518 136 ti 81 ammo 24 scale 316 units 10 sen 94 bar 9 beat 0 hold 0
TIWATCH518 137 ti 80 ammo 24 scale 316 units 10 sen 94 bar 9 beat 0 hold 0
TIWATCH518 138 ti 89 ammo 24 scale 316 units 10 sen 94 bar 9 beat 0 hold 0
TIWATCH518 139 ti 88 ammo 24 scale 316 units 10 sen 94 bar 9 beat 0 hold 0
TIWATCH518 140 ti 98 ammo 24 scale 317 units 10 sen 95 bar 9 beat 0 hold 0
TIWATCH518 141 ti 107 ammo 24 scale 317 units 10 sen 95 bar 9 beat 0 hold 0
TIWATCH518 142 ti 126 ammo 24 scale 317 units 10 sen 95 bar 9 beat 0 hold 0
TIWATCH518 143 ti 134 ammo 24 scale 316 units 10 sen 94 bar 9 beat 0 hold 0
TIWATCH518 144 ti 162 ammo 24 scale 316 units 10 sen 94 bar 9 beat 0 hold 0
TIWATCH518 145 ti 76 ammo 24 scale 336 units 11 sen 100 bar 10 beat 0 hold 0
TIWATCH518 146 ti 94 ammo 24 scale 336 units 11 sen 100 bar 10 beat 0 hold 0
TIWATCH518 147 ti 102 ammo 14 scale 336 units 11 sen 100 bar 10 beat 0 hold 0
TICONV518 147 amt 10 floor 12
TIWATCH518 148 ti 120 ammo 24 scale 336 units 11 sen 100 bar 10 beat 0 hold 0
TIWATCH518 149 ti 118 ammo 14 scale 336 units 11 sen 100 bar 10 beat 0 hold 0
TICONV518 149 amt 10 floor 12
TIWATCH518 150 ti 116 ammo 24 scale 336 units 11 sen 100 bar 10 beat 0 hold 0
TIWATCH518 151 ti 114 ammo 14 scale 336 units 11 sen 100 bar 10 beat 0 hold 0
TICONV518 151 amt 10 floor 12
TIWATCH518 152 ti 122 ammo 24 scale 336 units 11 sen 100 bar 10 beat 0 hold 0
TIWATCH518 153 ti 120 ammo 24 scale 336 units 11 sen 100 bar 10 beat 0 hold 0
TIWATCH518 154 ti 128 ammo 24 scale 335 units 11 sen 100 bar 10 beat 0 hold 0
TIWATCH518 155 ti 126 ammo 24 scale 335 units 11 sen 100 bar 10 beat 0 hold 0
TIWATCH518 156 ti 144 ammo 24 scale 335 units 11 sen 100 bar 10 beat 0 hold 0
TIWATCH518 157 ti 142 ammo 24 scale 335 units 11 sen 100 bar 10 beat 0 hold 0
TIWATCH518 158 ti 150 ammo 24 scale 335 units 11 sen 100 bar 10 beat 0 hold 0
TIWATCH518 159 ti 148 ammo 24 scale 335 units 11 sen 100 bar 10 beat 0 hold 0
TIWATCH518 160 ti 166 ammo 24 scale 335 units 11 sen 100 bar 10 beat 0 hold 0
TIWATCH518 161 ti 64 ammo 24 scale 355 units 12 sen 106 bar 10 beat 0 hold 0
TIWATCH518 162 ti 72 ammo 24 scale 355 units 12 sen 106 bar 10 beat 0 hold 0
TIWATCH518 163 ti 70 ammo 24 scale 355 units 12 sen 106 bar 10 beat 0 hold 0
TIWATCH518 164 ti 88 ammo 24 scale 355 units 12 sen 106 bar 10 beat 0 hold 0
TIWATCH518 165 ti 86 ammo 24 scale 355 units 12 sen 106 bar 10 beat 0 hold 0
TIWATCH518 166 ti 94 ammo 24 scale 355 units 12 sen 106 bar 10 beat 0 hold 0
TIWATCH518 167 ti 92 ammo 24 scale 355 units 12 sen 106 bar 10 beat 0 hold 0
TIWATCH518 168 ti 110 ammo 24 scale 355 units 12 sen 106 bar 10 beat 0 hold 0
TIWATCH518 169 ti 108 ammo 24 scale 355 units 12 sen 106 bar 10 beat 0 hold 0
TIWATCH518 170 ti 116 ammo 24 scale 355 units 12 sen 106 bar 10 beat 0 hold 0
TIWATCH518 171 ti 114 ammo 24 scale 355 units 12 sen 106 bar 10 beat 0 hold 0
TIWATCH518 172 ti 132 ammo 24 scale 355 units 12 sen 106 bar 10 beat 0 hold 0
TIWATCH518 173 ti 130 ammo 24 scale 355 units 12 sen 106 bar 10 beat 0 hold 0
TIWATCH518 174 ti 138 ammo 24 scale 355 units 12 sen 106 bar 10 beat 0 hold 0
TIWATCH518 175 ti 136 ammo 24 scale 355 units 12 sen 106 bar 10 beat 0 hold 0
TIWATCH518 176 ti 153 ammo 24 scale 355 units 12 sen 106 bar 10 beat 0 hold 0
TIWATCH518 177 ti 151 ammo 24 scale 355 units 12 sen 106 bar 10 beat 0 hold 0
TIWATCH518 178 ti 159 ammo 24 scale 355 units 12 sen 106 bar 10 beat 0 hold 0
TIWATCH518 179 ti 157 ammo 24 scale 355 units 12 sen 106 bar 10 beat 0 hold 0
TIWATCH518 180 ti 175 ammo 24 scale 355 units 12 sen 106 bar 10 beat 0 hold 0
TIWATCH518 181 ti 67 ammo 24 scale 375 units 13 sen 112 bar 11 beat 0 hold 0
TIWATCH518 182 ti 75 ammo 24 scale 375 units 13 sen 112 bar 11 beat 0 hold 0
TIWATCH518 183 ti 73 ammo 24 scale 375 units 13 sen 112 bar 11 beat 0 hold 0
TIWATCH518 184 ti 91 ammo 24 scale 375 units 13 sen 112 bar 11 beat 0 hold 0
TIWATCH518 185 ti 89 ammo 24 scale 375 units 13 sen 112 bar 11 beat 0 hold 0
TIWATCH518 186 ti 97 ammo 24 scale 375 units 13 sen 112 bar 11 beat 0 hold 0
TIWATCH518 187 ti 95 ammo 24 scale 375 units 13 sen 112 bar 11 beat 0 hold 0
TIWATCH518 188 ti 113 ammo 24 scale 375 units 13 sen 112 bar 11 beat 0 hold 0
TIWATCH518 189 ti 111 ammo 24 scale 375 units 13 sen 112 bar 11 beat 0 hold 0
TIWATCH518 190 ti 119 ammo 24 scale 375 units 13 sen 112 bar 11 beat 0 hold 0
TIWATCH518 191 ti 117 ammo 24 scale 375 units 13 sen 112 bar 11 beat 0 hold 0
TIWATCH518 192 ti 135 ammo 24 scale 375 units 13 sen 112 bar 11 beat 0 hold 0
TIWATCH518 193 ti 133 ammo 24 scale 375 units 13 sen 112 bar 11 beat 0 hold 0
TIWATCH518 194 ti 130 ammo 24 scale 376 units 13 sen 112 bar 11 beat 0 hold 0
TIWATCH518 195 ti 117 ammo 24 scale 377 units 13 sen 113 bar 11 beat 0 hold 0
TIWATCH518 196 ti 134 ammo 24 scale 377 units 13 sen 113 bar 11 beat 0 hold 0
TIWATCH518 197 ti 131 ammo 24 scale 377 units 13 sen 113 bar 11 beat 0 hold 0
TIWATCH518 198 ti 138 ammo 24 scale 377 units 13 sen 113 bar 11 beat 0 hold 0
TIWATCH518 199 ti 135 ammo 24 scale 377 units 13 sen 113 bar 11 beat 0 hold 0
TIWATCH518 200 ti 152 ammo 24 scale 377 units 13 sen 113 bar 11 beat 0 hold 0
TIWATCH518 201 ti 149 ammo 24 scale 377 units 13 sen 113 bar 11 beat 0 hold 0
TIWATCH518 202 ti 166 ammo 24 scale 377 units 13 sen 113 bar 11 beat 0 hold 0
TIWATCH518 203 ti 173 ammo 24 scale 377 units 13 sen 113 bar 11 beat 0 hold 0
TIWATCH518 204 ti 200 ammo 24 scale 377 units 13 sen 113 bar 11 beat 0 hold 0
TIWATCH518 205 ti 197 ammo 24 scale 377 units 13 sen 113 bar 11 beat 0 hold 0
TIWATCH518 206 ti 214 ammo 24 scale 377 units 13 sen 113 bar 11 beat 0 hold 0
TIWATCH518 207 ti 211 ammo 24 scale 377 units 13 sen 113 bar 11 beat 0 hold 0
TIWATCH518 208 ti 238 ammo 24 scale 377 units 13 sen 113 bar 11 beat 0 hold 0
TIWATCH518 209 ti 245 ammo 24 scale 377 units 13 sen 113 bar 11 beat 0 hold 0
TIWATCH518 210 ti 262 ammo 24 scale 377 units 13 sen 113 bar 11 beat 0 hold 0
TIWATCH518 211 ti 146 ammo 24 scale 397 units 14 sen 119 bar 11 beat 0 hold 0
TIWATCH518 212 ti 172 ammo 24 scale 397 units 14 sen 119 bar 11 beat 0 hold 0
TIWATCH518 213 ti 168 ammo 24 scale 397 units 14 sen 119 bar 11 beat 0 hold 0
TIWATCH518 214 ti 175 ammo 24 scale 397 units 14 sen 119 bar 11 beat 0 hold 0
TIWATCH518 215 ti 182 ammo 24 scale 397 units 14 sen 119 bar 11 beat 0 hold 0
TIWATCH518 216 ti 209 ammo 24 scale 397 units 14 sen 119 bar 11 beat 0 hold 0
TIWATCH518 217 ti 206 ammo 24 scale 397 units 14 sen 119 bar 11 beat 0 hold 0
TIWATCH518 218 ti 213 ammo 24 scale 397 units 14 sen 119 bar 11 beat 0 hold 0
TIWATCH518 219 ti 210 ammo 24 scale 397 units 14 sen 119 bar 11 beat 0 hold 0
TIWATCH518 220 ti 237 ammo 24 scale 397 units 14 sen 119 bar 11 beat 0 hold 0
TIWATCH518 221 ti 244 ammo 24 scale 397 units 14 sen 119 bar 11 beat 0 hold 0
TIWATCH518 222 ti 251 ammo 24 scale 397 units 14 sen 119 bar 11 beat 0 hold 0
TIWATCH518 223 ti 248 ammo 24 scale 397 units 14 sen 119 bar 11 beat 0 hold 0
TIWATCH518 224 ti 275 ammo 24 scale 397 units 14 sen 119 bar 11 beat 0 hold 0
TIWATCH518 225 ti 152 ammo 24 scale 417 units 15 sen 125 bar 12 beat 0 hold 0
TIWATCH518 226 ti 159 ammo 24 scale 417 units 15 sen 125 bar 12 beat 0 hold 0
TIWATCH518 227 ti 166 ammo 24 scale 417 units 15 sen 125 bar 12 beat 0 hold 0
TIWATCH518 228 ti 193 ammo 24 scale 417 units 15 sen 125 bar 12 beat 0 hold 0
TIWATCH518 229 ti 190 ammo 24 scale 417 units 15 sen 125 bar 12 beat 0 hold 0
TIWATCH518 230 ti 197 ammo 24 scale 417 units 15 sen 125 bar 12 beat 0 hold 0
TIWATCH518 231 ti 193 ammo 24 scale 417 units 15 sen 125 bar 12 beat 0 hold 0
TIWATCH518 232 ti 220 ammo 24 scale 417 units 15 sen 125 bar 12 beat 0 hold 0
TIWATCH518 233 ti 227 ammo 24 scale 417 units 15 sen 125 bar 12 beat 0 hold 0
TIWATCH518 234 ti 234 ammo 24 scale 417 units 15 sen 125 bar 12 beat 0 hold 0
TIWATCH518 235 ti 231 ammo 24 scale 417 units 15 sen 125 bar 12 beat 0 hold 0
TIWATCH518 236 ti 258 ammo 24 scale 417 units 15 sen 125 bar 12 beat 0 hold 0
TIWATCH518 237 ti 254 ammo 24 scale 417 units 15 sen 125 bar 12 beat 0 hold 0
TIWATCH518 238 ti 261 ammo 24 scale 417 units 15 sen 125 bar 12 beat 0 hold 0
TIWATCH518 239 ti 143 ammo 24 scale 437 units 16 sen 131 bar 13 beat 0 hold 0
TIWATCH518 240 ti 170 ammo 24 scale 437 units 16 sen 131 bar 13 beat 0 hold 0
TIWATCH518 241 ti 167 ammo 24 scale 437 units 16 sen 131 bar 13 beat 0 hold 0
TIWATCH518 242 ti 174 ammo 24 scale 437 units 16 sen 131 bar 13 beat 0 hold 0
TIWATCH518 243 ti 169 ammo 24 scale 437 units 16 sen 131 bar 13 beat 0 hold 0
TIWATCH518 244 ti 196 ammo 24 scale 437 units 16 sen 131 bar 13 beat 0 hold 0
TIWATCH518 245 ti 203 ammo 24 scale 437 units 16 sen 131 bar 13 beat 0 hold 0
TIWATCH518 246 ti 210 ammo 24 scale 437 units 16 sen 131 bar 13 beat 0 hold 0
TIWATCH518 247 ti 207 ammo 24 scale 437 units 16 sen 131 bar 13 beat 0 hold 0
TIWATCH518 248 ti 234 ammo 24 scale 437 units 16 sen 131 bar 13 beat 0 hold 0
TIWATCH518 249 ti 229 ammo 24 scale 437 units 16 sen 131 bar 13 beat 0 hold 0
TIWATCH518 250 ti 236 ammo 24 scale 437 units 16 sen 131 bar 13 beat 0 hold 0
TIWATCH518 251 ti 243 ammo 24 scale 437 units 16 sen 131 bar 13 beat 0 hold 0
TIWATCH518 252 ti 270 ammo 24 scale 437 units 16 sen 131 bar 13 beat 0 hold 0
TIWATCH518 253 ti 267 ammo 24 scale 437 units 16 sen 131 bar 13 beat 0 hold 0
TIWATCH518 254 ti 274 ammo 24 scale 437 units 16 sen 131 bar 13 beat 0 hold 0
TIWATCH518 255 ti 269 ammo 24 scale 437 units 16 sen 131 bar 13 beat 0 hold 0
TIWATCH518 256 ti 296 ammo 24 scale 437 units 16 sen 131 bar 13 beat 0 hold 0
TIWATCH518 257 ti 303 ammo 24 scale 437 units 16 sen 131 bar 13 beat 0 hold 0
TIWATCH518 258 ti 310 ammo 24 scale 437 units 16 sen 131 bar 13 beat 0 hold 0
TIWATCH518 259 ti 307 ammo 24 scale 437 units 16 sen 131 bar 13 beat 0 hold 0
TIWATCH518 260 ti 334 ammo 24 scale 437 units 16 sen 131 bar 13 beat 0 hold 0
TIWATCH518 261 ti 329 ammo 24 scale 437 units 16 sen 131 bar 13 beat 0 hold 0
TIWATCH518 262 ti 336 ammo 24 scale 437 units 16 sen 131 bar 13 beat 0 hold 0
TIWATCH518 263 ti 343 ammo 24 scale 437 units 16 sen 131 bar 13 beat 0 hold 0
TIWATCH518 264 ti 370 ammo 24 scale 437 units 16 sen 131 bar 13 beat 0 hold 0
TIWATCH518 265 ti 367 ammo 24 scale 437 units 16 sen 131 bar 13 beat 0 hold 0
TIWATCH518 266 ti 374 ammo 24 scale 437 units 16 sen 131 bar 13 beat 0 hold 0
TIWATCH518 267 ti 381 ammo 24 scale 437 units 16 sen 131 bar 13 beat 0 hold 0
TIWATCH518 268 ti 408 ammo 24 scale 437 units 16 sen 131 bar 13 beat 0 hold 0
TIWATCH518 269 ti 415 ammo 24 scale 437 units 16 sen 131 bar 13 beat 0 hold 0
TIWATCH518 270 ti 422 ammo 24 scale 437 units 16 sen 131 bar 13 beat 0 hold 0
TIWATCH518 271 ti 429 ammo 24 scale 437 units 16 sen 131 bar 13 beat 0 hold 0
TIWATCH518 272 ti 456 ammo 24 scale 437 units 16 sen 131 bar 13 beat 0 hold 0
TIWATCH518 273 ti 463 ammo 24 scale 437 units 16 sen 131 bar 13 beat 0 hold 0
TIWATCH518 274 ti 470 ammo 24 scale 437 units 16 sen 131 bar 13 beat 0 hold 0
TIWATCH518 275 ti 477 ammo 24 scale 437 units 16 sen 131 bar 13 beat 0 hold 0
TIWATCH518 276 ti 504 ammo 24 scale 437 units 16 sen 131 bar 13 beat 0 hold 0
TIWATCH518 277 ti 511 ammo 24 scale 437 units 16 sen 131 bar 13 beat 0 hold 0
TIWATCH518 278 ti 506 ammo 24 scale 437 units 16 sen 131 bar 13 beat 0 hold 0
TIWATCH518 279 ti 514 ammo 24 scale 437 units 16 sen 131 bar 13 beat 0 hold 0
TIWATCH518 280 ti 542 ammo 24 scale 437 units 16 sen 131 bar 13 beat 0 hold 0
TIWATCH518 281 ti 550 ammo 24 scale 437 units 16 sen 131 bar 13 beat 0 hold 0
TIWATCH518 282 ti 558 ammo 24 scale 437 units 16 sen 131 bar 13 beat 0 hold 0
TIWATCH518 283 ti 566 ammo 24 scale 436 units 16 sen 130 bar 13 beat 0 hold 0
TIWATCH518 284 ti 594 ammo 24 scale 436 units 16 sen 130 bar 13 beat 0 hold 0
TIWATCH518 285 ti 602 ammo 24 scale 436 units 16 sen 130 bar 13 beat 0 hold 0
TIWATCH518 286 ti 610 ammo 24 scale 436 units 16 sen 130 bar 13 beat 0 hold 0
TIWATCH518 287 ti 608 ammo 24 scale 436 units 16 sen 130 bar 13 beat 0 hold 0
TIWATCH518 288 ti 626 ammo 24 scale 436 units 16 sen 130 bar 13 beat 0 hold 0
TIWATCH518 289 ti 624 ammo 24 scale 436 units 16 sen 130 bar 13 beat 0 hold 0
TIWATCH518 290 ti 632 ammo 24 scale 436 units 16 sen 130 bar 13 beat 0 hold 0
TIWATCH518 291 ti 630 ammo 24 scale 436 units 16 sen 130 bar 13 beat 0 hold 0
TIWATCH518 292 ti 648 ammo 24 scale 436 units 16 sen 130 bar 13 beat 0 hold 0
TIWATCH518 293 ti 646 ammo 24 scale 436 units 16 sen 130 bar 13 beat 0 hold 0
TIWATCH518 294 ti 654 ammo 24 scale 436 units 16 sen 130 bar 13 beat 0 hold 0
TIWATCH518 295 ti 652 ammo 24 scale 436 units 16 sen 130 bar 13 beat 0 hold 0
TIWATCH518 296 ti 670 ammo 24 scale 436 units 16 sen 130 bar 13 beat 0 hold 0
TIWATCH518 297 ti 668 ammo 24 scale 436 units 16 sen 130 bar 13 beat 0 hold 0
TIWATCH518 298 ti 676 ammo 24 scale 436 units 16 sen 130 bar 13 beat 0 hold 0
TIWATCH518 299 ti 674 ammo 24 scale 436 units 16 sen 130 bar 13 beat 0 hold 0
TIWATCH518 300 ti 692 ammo 24 scale 436 units 16 sen 130 bar 13 beat 0 hold 0
TIWATCH518 301 ti 690 ammo 24 scale 436 units 16 sen 130 bar 13 beat 0 hold 0
TIWATCH518 302 ti 698 ammo 24 scale 436 units 16 sen 130 bar 13 beat 0 hold 0
TIWATCH518 303 ti 696 ammo 24 scale 436 units 16 sen 130 bar 13 beat 0 hold 0
TIWATCH518 304 ti 714 ammo 24 scale 436 units 16 sen 130 bar 13 beat 0 hold 0
TIWATCH518 305 ti 582 ammo 24 scale 456 units 17 sen 136 bar 13 beat 0 hold 0
TIWATCH518 306 ti 590 ammo 24 scale 456 units 17 sen 136 bar 13 beat 0 hold 0
TIWATCH518 307 ti 588 ammo 24 scale 456 units 17 sen 136 bar 13 beat 0 hold 0
TIWATCH518 308 ti 606 ammo 24 scale 456 units 17 sen 136 bar 13 beat 0 hold 0
TIWATCH518 309 ti 604 ammo 24 scale 456 units 17 sen 136 bar 13 beat 0 hold 0
TIWATCH518 310 ti 612 ammo 24 scale 456 units 17 sen 136 bar 13 beat 0 hold 0
TIWATCH518 311 ti 610 ammo 24 scale 456 units 17 sen 136 bar 13 beat 0 hold 0
TIWATCH518 312 ti 628 ammo 24 scale 456 units 17 sen 136 bar 13 beat 0 hold 0
TIWATCH518 313 ti 626 ammo 24 scale 456 units 17 sen 136 bar 13 beat 0 hold 0
TIWATCH518 314 ti 634 ammo 24 scale 456 units 17 sen 136 bar 13 beat 0 hold 0
TIWATCH518 315 ti 632 ammo 24 scale 456 units 17 sen 136 bar 13 beat 0 hold 0
TIWATCH518 316 ti 650 ammo 24 scale 456 units 17 sen 136 bar 13 beat 0 hold 0
TIWATCH518 317 ti 648 ammo 24 scale 456 units 17 sen 136 bar 13 beat 0 hold 0
TIWATCH518 318 ti 656 ammo 24 scale 456 units 17 sen 136 bar 13 beat 0 hold 0
TIWATCH518 319 ti 654 ammo 24 scale 456 units 17 sen 136 bar 13 beat 0 hold 0
TIWATCH518 320 ti 672 ammo 24 scale 456 units 17 sen 136 bar 13 beat 0 hold 0
TIWATCH518 321 ti 670 ammo 24 scale 456 units 17 sen 136 bar 13 beat 0 hold 0
TIWATCH518 322 ti 678 ammo 24 scale 456 units 17 sen 136 bar 13 beat 0 hold 0
TIWATCH518 323 ti 676 ammo 24 scale 456 units 17 sen 136 bar 13 beat 0 hold 0
TIWATCH518 324 ti 694 ammo 24 scale 456 units 17 sen 136 bar 13 beat 0 hold 0
TIWATCH518 325 ti 692 ammo 24 scale 456 units 17 sen 136 bar 13 beat 0 hold 0
TIWATCH518 326 ti 700 ammo 24 scale 456 units 17 sen 136 bar 13 beat 0 hold 0
TIWATCH518 327 ti 562 ammo 24 scale 476 units 18 sen 142 bar 14 beat 0 hold 0
TIWATCH518 328 ti 580 ammo 24 scale 476 units 18 sen 142 bar 14 beat 0 hold 0
TIWATCH518 329 ti 578 ammo 24 scale 476 units 18 sen 142 bar 14 beat 0 hold 0
TIWATCH518 330 ti 586 ammo 24 scale 476 units 18 sen 142 bar 14 beat 0 hold 0
TIWATCH518 331 ti 584 ammo 24 scale 476 units 18 sen 142 bar 14 beat 0 hold 0
TIWATCH518 332 ti 602 ammo 24 scale 476 units 18 sen 142 bar 14 beat 0 hold 0
TIWATCH518 333 ti 600 ammo 24 scale 476 units 18 sen 142 bar 14 beat 0 hold 0
TIWATCH518 334 ti 608 ammo 24 scale 476 units 18 sen 142 bar 14 beat 0 hold 0
TIWATCH518 335 ti 606 ammo 24 scale 476 units 18 sen 142 bar 14 beat 0 hold 0
TIWATCH518 336 ti 624 ammo 24 scale 476 units 18 sen 142 bar 14 beat 0 hold 0
TIWATCH518 337 ti 622 ammo 24 scale 476 units 18 sen 142 bar 14 beat 0 hold 0
TIWATCH518 338 ti 630 ammo 24 scale 476 units 18 sen 142 bar 14 beat 0 hold 0
TIWATCH518 339 ti 628 ammo 24 scale 476 units 18 sen 142 bar 14 beat 0 hold 0
TIWATCH518 340 ti 646 ammo 24 scale 476 units 18 sen 142 bar 14 beat 0 hold 0
TIWATCH518 341 ti 644 ammo 24 scale 476 units 18 sen 142 bar 14 beat 0 hold 0
TIWATCH518 342 ti 652 ammo 24 scale 476 units 18 sen 142 bar 14 beat 0 hold 0
TIWATCH518 343 ti 650 ammo 24 scale 476 units 18 sen 142 bar 14 beat 0 hold 0
TIWATCH518 344 ti 668 ammo 24 scale 476 units 18 sen 142 bar 14 beat 0 hold 0
TIWATCH518 345 ti 666 ammo 24 scale 476 units 18 sen 142 bar 14 beat 0 hold 0
TIWATCH518 346 ti 674 ammo 24 scale 476 units 18 sen 142 bar 14 beat 0 hold 0
TIWATCH518 347 ti 672 ammo 24 scale 476 units 18 sen 142 bar 14 beat 0 hold 0
TIWATCH518 348 ti 690 ammo 24 scale 476 units 18 sen 142 bar 14 beat 0 hold 0
TIWATCH518 349 ti 688 ammo 24 scale 476 units 18 sen 142 bar 14 beat 0 hold 0
TIWATCH518 350 ti 696 ammo 24 scale 476 units 18 sen 142 bar 14 beat 0 hold 0
TIWATCH518 351 ti 694 ammo 24 scale 476 units 18 sen 142 bar 14 beat 0 hold 0
TIWATCH518 352 ti 712 ammo 24 scale 476 units 18 sen 142 bar 14 beat 0 hold 0
TIWATCH518 353 ti 568 ammo 24 scale 496 units 19 sen 148 bar 14 beat 0 hold 0
TIWATCH518 354 ti 576 ammo 24 scale 496 units 19 sen 148 bar 14 beat 0 hold 0
TIWATCH518 355 ti 574 ammo 24 scale 496 units 19 sen 148 bar 14 beat 0 hold 0
TIWATCH518 356 ti 592 ammo 24 scale 496 units 19 sen 148 bar 14 beat 0 hold 0
TIWATCH518 357 ti 590 ammo 24 scale 496 units 19 sen 148 bar 14 beat 0 hold 0
TIWATCH518 358 ti 598 ammo 24 scale 496 units 19 sen 148 bar 14 beat 0 hold 0
TIWATCH518 359 ti 596 ammo 24 scale 496 units 19 sen 148 bar 14 beat 0 hold 0
TIWATCH518 360 ti 614 ammo 24 scale 496 units 19 sen 148 bar 14 beat 0 hold 0
TIWATCH518 361 ti 612 ammo 24 scale 496 units 19 sen 148 bar 14 beat 0 hold 0
TIWATCH518 362 ti 620 ammo 24 scale 496 units 19 sen 148 bar 14 beat 0 hold 0
TIWATCH518 363 ti 618 ammo 24 scale 496 units 19 sen 148 bar 14 beat 0 hold 0
TIWATCH518 364 ti 636 ammo 24 scale 496 units 19 sen 148 bar 14 beat 0 hold 0
TIWATCH518 365 ti 634 ammo 24 scale 496 units 19 sen 148 bar 14 beat 0 hold 0
TIWATCH518 366 ti 642 ammo 24 scale 496 units 19 sen 148 bar 14 beat 0 hold 0
TIWATCH518 367 ti 640 ammo 24 scale 496 units 19 sen 148 bar 14 beat 0 hold 0
TIWATCH518 368 ti 658 ammo 24 scale 496 units 19 sen 148 bar 14 beat 0 hold 0
TIWATCH518 369 ti 656 ammo 24 scale 496 units 19 sen 148 bar 14 beat 0 hold 0
TIWATCH518 370 ti 664 ammo 24 scale 496 units 19 sen 148 bar 14 beat 0 hold 0
TIWATCH518 371 ti 662 ammo 24 scale 496 units 19 sen 148 bar 14 beat 0 hold 0
TIWATCH518 372 ti 680 ammo 24 scale 496 units 19 sen 148 bar 14 beat 0 hold 0
TIWATCH518 373 ti 678 ammo 24 scale 496 units 19 sen 148 bar 14 beat 0 hold 0
TIWATCH518 374 ti 686 ammo 24 scale 496 units 19 sen 148 bar 14 beat 0 hold 0
TIWATCH518 375 ti 684 ammo 24 scale 496 units 19 sen 148 bar 14 beat 0 hold 0
TIWATCH518 376 ti 702 ammo 24 scale 496 units 19 sen 148 bar 14 beat 0 hold 0
TIWATCH518 377 ti 700 ammo 24 scale 496 units 19 sen 148 bar 14 beat 0 hold 0
TIWATCH518 378 ti 708 ammo 24 scale 496 units 19 sen 148 bar 14 beat 0 hold 0
TIWATCH518 379 ti 706 ammo 24 scale 496 units 19 sen 148 bar 14 beat 0 hold 0
TIWATCH518 380 ti 724 ammo 24 scale 496 units 19 sen 148 bar 14 beat 0 hold 0
TIWATCH518 381 ti 722 ammo 24 scale 496 units 19 sen 148 bar 14 beat 0 hold 0
TIWATCH518 382 ti 730 ammo 24 scale 496 units 19 sen 148 bar 14 beat 0 hold 0
TIWATCH518 383 ti 728 ammo 24 scale 496 units 19 sen 148 bar 14 beat 0 hold 0
TIWATCH518 384 ti 746 ammo 24 scale 496 units 19 sen 148 bar 14 beat 0 hold 0
TIWATCH518 385 ti 744 ammo 24 scale 496 units 19 sen 148 bar 14 beat 0 hold 0
TIWATCH518 386 ti 752 ammo 24 scale 496 units 19 sen 148 bar 14 beat 0 hold 0
TIWATCH518 387 ti 750 ammo 24 scale 496 units 19 sen 148 bar 14 beat 0 hold 0
TIWATCH518 388 ti 768 ammo 24 scale 496 units 19 sen 148 bar 14 beat 0 hold 0
TIWATCH518 389 ti 766 ammo 24 scale 496 units 19 sen 148 bar 14 beat 0 hold 0
TIWATCH518 390 ti 774 ammo 24 scale 496 units 19 sen 148 bar 14 beat 0 hold 0
TIWATCH518 391 ti 772 ammo 24 scale 496 units 19 sen 148 bar 14 beat 0 hold 0
TIWATCH518 392 ti 790 ammo 24 scale 496 units 19 sen 148 bar 14 beat 0 hold 0
TIWATCH518 393 ti 788 ammo 24 scale 496 units 19 sen 148 bar 14 beat 0 hold 0
TIWATCH518 394 ti 796 ammo 24 scale 496 units 19 sen 148 bar 14 beat 0 hold 0
TIWATCH518 395 ti 794 ammo 24 scale 496 units 19 sen 148 bar 14 beat 0 hold 0
TIWATCH518 396 ti 812 ammo 24 scale 496 units 19 sen 148 bar 14 beat 0 hold 0
TIWATCH518 397 ti 810 ammo 24 scale 496 units 19 sen 148 bar 14 beat 0 hold 0
TIWATCH518 398 ti 818 ammo 24 scale 496 units 19 sen 148 bar 14 beat 0 hold 0
TIWATCH518 399 ti 816 ammo 24 scale 496 units 19 sen 148 bar 14 beat 0 hold 0
TIWATCH518 400 ti 834 ammo 24 scale 496 units 19 sen 148 bar 14 beat 0 hold 0
TIWATCH518 401 ti 832 ammo 24 scale 496 units 19 sen 148 bar 14 beat 0 hold 0
TIWATCH518 402 ti 840 ammo 24 scale 496 units 19 sen 148 bar 14 beat 0 hold 0
TIWATCH518 403 ti 838 ammo 24 scale 496 units 19 sen 148 bar 14 beat 0 hold 0
TIWATCH518 404 ti 856 ammo 24 scale 496 units 19 sen 148 bar 14 beat 0 hold 0
TIWATCH518 405 ti 854 ammo 24 scale 496 units 19 sen 148 bar 14 beat 0 hold 0
TIWATCH518 406 ti 862 ammo 24 scale 496 units 19 sen 148 bar 14 beat 0 hold 0
TIWATCH518 407 ti 860 ammo 24 scale 496 units 19 sen 148 bar 14 beat 0 hold 0
TIWATCH518 408 ti 878 ammo 24 scale 496 units 19 sen 148 bar 14 beat 0 hold 0
TIWATCH518 409 ti 876 ammo 24 scale 496 units 19 sen 148 bar 14 beat 0 hold 0
TIWATCH518 410 ti 884 ammo 24 scale 496 units 19 sen 148 bar 14 beat 0 hold 0
TIWATCH518 411 ti 882 ammo 24 scale 496 units 19 sen 148 bar 14 beat 0 hold 0
TIWATCH518 412 ti 900 ammo 24 scale 496 units 19 sen 148 bar 14 beat 0 hold 0
TIWATCH518 413 ti 898 ammo 24 scale 496 units 19 sen 148 bar 14 beat 0 hold 0
TIWATCH518 414 ti 906 ammo 24 scale 496 units 19 sen 148 bar 14 beat 0 hold 0
TIWATCH518 415 ti 904 ammo 24 scale 496 units 19 sen 148 bar 14 beat 0 hold 0
TIWATCH518 416 ti 922 ammo 24 scale 496 units 19 sen 148 bar 14 beat 0 hold 0
TIWATCH518 417 ti 920 ammo 24 scale 496 units 19 sen 148 bar 14 beat 0 hold 0
TIWATCH518 418 ti 928 ammo 24 scale 496 units 19 sen 148 bar 14 beat 0 hold 0
TIWATCH518 419 ti 926 ammo 24 scale 496 units 19 sen 148 bar 14 beat 0 hold 0
TIWATCH518 420 ti 944 ammo 24 scale 496 units 19 sen 148 bar 14 beat 0 hold 0
TIWATCH518 421 ti 942 ammo 24 scale 496 units 19 sen 148 bar 14 beat 0 hold 0
TIWATCH518 422 ti 950 ammo 24 scale 496 units 19 sen 148 bar 14 beat 0 hold 0
TIWATCH518 423 ti 948 ammo 24 scale 496 units 19 sen 148 bar 14 beat 0 hold 0
TIWATCH518 424 ti 966 ammo 24 scale 496 units 19 sen 148 bar 14 beat 0 hold 0
TIWATCH518 425 ti 964 ammo 24 scale 496 units 19 sen 148 bar 14 beat 0 hold 0
TIWATCH518 426 ti 972 ammo 24 scale 496 units 19 sen 148 bar 14 beat 0 hold 0
TIWATCH518 427 ti 970 ammo 24 scale 496 units 19 sen 148 bar 14 beat 0 hold 0
TIWATCH518 428 ti 988 ammo 24 scale 496 units 19 sen 148 bar 14 beat 0 hold 0
TIWATCH518 429 ti 986 ammo 24 scale 496 units 19 sen 148 bar 14 beat 0 hold 0
TIWATCH518 430 ti 994 ammo 24 scale 496 units 19 sen 148 bar 14 beat 0 hold 0
TIWATCH518 431 ti 992 ammo 24 scale 496 units 19 sen 148 bar 14 beat 0 hold 0
TIWATCH518 432 ti 1010 ammo 24 scale 496 units 19 sen 148 bar 14 beat 0 hold 0
TIWATCH518 433 ti 1008 ammo 24 scale 496 units 19 sen 148 bar 14 beat 0 hold 0
TIWATCH518 434 ti 1016 ammo 24 scale 496 units 19 sen 148 bar 14 beat 0 hold 0
TIWATCH518 435 ti 1014 ammo 24 scale 496 units 19 sen 148 bar 14 beat 0 hold 0
TIWATCH518 436 ti 1032 ammo 24 scale 496 units 19 sen 148 bar 14 beat 0 hold 0
TIWATCH518 437 ti 1030 ammo 24 scale 496 units 19 sen 148 bar 14 beat 0 hold 0
TIWATCH518 438 ti 1038 ammo 24 scale 496 units 19 sen 148 bar 14 beat 0 hold 0
TIWATCH518 439 ti 1036 ammo 24 scale 496 units 19 sen 148 bar 14 beat 0 hold 0
TIWATCH518 440 ti 1054 ammo 24 scale 496 units 19 sen 148 bar 14 beat 0 hold 0
TIWATCH518 441 ti 1052 ammo 24 scale 496 units 19 sen 148 bar 14 beat 0 hold 0
TIWATCH518 442 ti 1060 ammo 24 scale 496 units 19 sen 148 bar 14 beat 0 hold 0
TIWATCH518 443 ti 1058 ammo 24 scale 496 units 19 sen 148 bar 14 beat 0 hold 0
TIWATCH518 444 ti 1076 ammo 24 scale 496 units 19 sen 148 bar 14 beat 0 hold 0
TIWATCH518 445 ti 1074 ammo 24 scale 496 units 19 sen 148 bar 14 beat 0 hold 0
TIWATCH518 446 ti 1082 ammo 24 scale 496 units 19 sen 148 bar 14 beat 0 hold 0
TIWATCH518 447 ti 1080 ammo 24 scale 496 units 19 sen 148 bar 14 beat 0 hold 0
TIWATCH518 448 ti 1098 ammo 24 scale 496 units 19 sen 148 bar 14 beat 0 hold 0
TIWATCH518 449 ti 1096 ammo 24 scale 496 units 19 sen 148 bar 14 beat 0 hold 0
TIWATCH518 450 ti 1104 ammo 24 scale 496 units 19 sen 148 bar 14 beat 0 hold 0
TIWATCH518 451 ti 1102 ammo 24 scale 496 units 19 sen 148 bar 14 beat 0 hold 0
TIWATCH518 452 ti 1120 ammo 24 scale 496 units 19 sen 148 bar 14 beat 0 hold 0
TIWATCH518 453 ti 1118 ammo 24 scale 496 units 19 sen 148 bar 14 beat 0 hold 0
TIWATCH518 454 ti 1126 ammo 24 scale 496 units 19 sen 148 bar 14 beat 0 hold 0
TIWATCH518 455 ti 1124 ammo 24 scale 496 units 19 sen 148 bar 14 beat 0 hold 0
TIWATCH518 456 ti 1142 ammo 24 scale 496 units 19 sen 148 bar 14 beat 0 hold 0
TIWATCH518 457 ti 1140 ammo 24 scale 496 units 19 sen 148 bar 14 beat 0 hold 0
TIWATCH518 458 ti 1148 ammo 24 scale 496 units 19 sen 148 bar 14 beat 0 hold 0
TIWATCH518 459 ti 1146 ammo 24 scale 496 units 19 sen 148 bar 14 beat 0 hold 0
TIWATCH518 460 ti 1164 ammo 24 scale 496 units 19 sen 148 bar 14 beat 0 hold 0
TIWATCH518 461 ti 1162 ammo 24 scale 496 units 19 sen 148 bar 14 beat 0 hold 0
TIWATCH518 462 ti 1170 ammo 24 scale 496 units 19 sen 148 bar 14 beat 0 hold 0
TIWATCH518 463 ti 1168 ammo 24 scale 496 units 19 sen 148 bar 14 beat 0 hold 0
TIWATCH518 464 ti 1186 ammo 24 scale 496 units 19 sen 148 bar 14 beat 0 hold 0
TIWATCH518 465 ti 1184 ammo 24 scale 496 units 19 sen 148 bar 14 beat 0 hold 0
TIWATCH518 466 ti 1192 ammo 24 scale 496 units 19 sen 148 bar 14 beat 0 hold 0
TIWATCH518 467 ti 1190 ammo 24 scale 496 units 19 sen 148 bar 14 beat 0 hold 0
TIWATCH518 468 ti 1208 ammo 24 scale 496 units 19 sen 148 bar 14 beat 0 hold 0
TIWATCH518 469 ti 1206 ammo 24 scale 496 units 19 sen 148 bar 14 beat 0 hold 0
TIWATCH518 470 ti 1214 ammo 24 scale 496 units 19 sen 148 bar 14 beat 0 hold 0
TIWATCH518 471 ti 1212 ammo 24 scale 496 units 19 sen 148 bar 14 beat 0 hold 0
TIWATCH518 472 ti 1230 ammo 24 scale 496 units 19 sen 148 bar 14 beat 0 hold 0
TIWATCH518 473 ti 1228 ammo 24 scale 496 units 19 sen 148 bar 14 beat 0 hold 0
TIWATCH518 474 ti 1236 ammo 24 scale 496 units 19 sen 148 bar 14 beat 0 hold 0
TIWATCH518 475 ti 1234 ammo 24 scale 496 units 19 sen 148 bar 14 beat 0 hold 0
TIWATCH518 476 ti 1252 ammo 24 scale 496 units 19 sen 148 bar 14 beat 0 hold 0
TIWATCH518 477 ti 1250 ammo 24 scale 496 units 19 sen 148 bar 14 beat 0 hold 0
TIWATCH518 478 ti 1258 ammo 24 scale 496 units 19 sen 148 bar 14 beat 0 hold 0
TIWATCH518 479 ti 1256 ammo 24 scale 496 units 19 sen 148 bar 14 beat 0 hold 0
TIWATCH518 480 ti 1274 ammo 24 scale 496 units 19 sen 148 bar 14 beat 0 hold 0
TIWATCH518 481 ti 1272 ammo 24 scale 496 units 19 sen 148 bar 14 beat 0 hold 0
TIWATCH518 482 ti 1280 ammo 24 scale 496 units 19 sen 148 bar 14 beat 0 hold 0
TIWATCH518 483 ti 1278 ammo 24 scale 496 units 19 sen 148 bar 14 beat 0 hold 0
TIWATCH518 484 ti 1296 ammo 24 scale 496 units 19 sen 148 bar 14 beat 0 hold 0
TIWATCH518 485 ti 1294 ammo 24 scale 496 units 19 sen 148 bar 14 beat 0 hold 0
TIWATCH518 486 ti 1302 ammo 24 scale 496 units 19 sen 148 bar 14 beat 0 hold 0
TIWATCH518 487 ti 1300 ammo 24 scale 496 units 19 sen 148 bar 14 beat 0 hold 0
TIWATCH518 488 ti 1318 ammo 24 scale 496 units 19 sen 148 bar 14 beat 0 hold 0
TIWATCH518 489 ti 1316 ammo 24 scale 496 units 19 sen 148 bar 14 beat 0 hold 0
TIWATCH518 490 ti 1324 ammo 24 scale 496 units 19 sen 148 bar 14 beat 0 hold 0
TIWATCH518 491 ti 1322 ammo 24 scale 496 units 19 sen 148 bar 14 beat 0 hold 0
TIWATCH518 492 ti 1340 ammo 24 scale 496 units 19 sen 148 bar 14 beat 0 hold 0
TIWATCH518 493 ti 1338 ammo 24 scale 496 units 19 sen 148 bar 14 beat 0 hold 0
TIWATCH518 494 ti 1346 ammo 24 scale 496 units 19 sen 148 bar 14 beat 0 hold 0
TIWATCH518 495 ti 1344 ammo 24 scale 496 units 19 sen 148 bar 14 beat 0 hold 0
TIWATCH518 496 ti 1362 ammo 24 scale 496 units 19 sen 148 bar 14 beat 0 hold 0
TIWATCH518 497 ti 1360 ammo 24 scale 496 units 19 sen 148 bar 14 beat 0 hold 0
TIWATCH518 498 ti 1368 ammo 24 scale 496 units 19 sen 148 bar 14 beat 0 hold 0
TIWATCH518 499 ti 1366 ammo 24 scale 496 units 19 sen 148 bar 14 beat 0 hold 0
TIWATCH518 500 ti 1384 ammo 24 scale 496 units 19 sen 148 bar 14 beat 0 hold 0
TIWATCH518 501 ti 1382 ammo 24 scale 496 units 19 sen 148 bar 14 beat 0 hold 0
TIWATCH518 502 ti 1390 ammo 24 scale 496 units 19 sen 148 bar 14 beat 0 hold 0
TIWATCH518 503 ti 1388 ammo 24 scale 496 units 19 sen 148 bar 14 beat 0 hold 0
TIWATCH518 504 ti 1406 ammo 24 scale 496 units 19 sen 148 bar 14 beat 0 hold 0
TIWATCH518 505 ti 1404 ammo 24 scale 496 units 19 sen 148 bar 14 beat 0 hold 0
TIWATCH518 506 ti 1412 ammo 24 scale 496 units 19 sen 148 bar 14 beat 0 hold 0
TIWATCH518 507 ti 1410 ammo 24 scale 496 units 19 sen 148 bar 14 beat 0 hold 0
TIWATCH518 508 ti 1428 ammo 24 scale 496 units 19 sen 148 bar 14 beat 0 hold 0
TIWATCH518 509 ti 1426 ammo 24 scale 496 units 19 sen 148 bar 14 beat 0 hold 0
TIWATCH518 510 ti 1434 ammo 24 scale 496 units 19 sen 148 bar 14 beat 0 hold 0
TIWATCH518 511 ti 1432 ammo 24 scale 496 units 19 sen 148 bar 14 beat 0 hold 0
TIWATCH518 512 ti 1450 ammo 24 scale 496 units 19 sen 148 bar 14 beat 0 hold 0
TIWATCH518 513 ti 1448 ammo 24 scale 496 units 19 sen 148 bar 14 beat 0 hold 0
TIWATCH518 514 ti 1456 ammo 24 scale 496 units 19 sen 148 bar 14 beat 0 hold 0
TIWATCH518 515 ti 1454 ammo 24 scale 496 units 19 sen 148 bar 14 beat 0 hold 0
TIWATCH518 516 ti 1472 ammo 24 scale 496 units 19 sen 148 bar 14 beat 0 hold 0
TIWATCH518 517 ti 1470 ammo 24 scale 496 units 19 sen 148 bar 14 beat 0 hold 0
TIWATCH518 518 ti 1478 ammo 24 scale 496 units 19 sen 148 bar 14 beat 0 hold 0
TIWATCH518 519 ti 1476 ammo 24 scale 496 units 19 sen 148 bar 14 beat 0 hold 0
TIWATCH518 520 ti 1494 ammo 24 scale 496 units 19 sen 148 bar 14 beat 0 hold 0
TIWATCH518 521 ti 1492 ammo 24 scale 496 units 19 sen 148 bar 14 beat 0 hold 0
TIWATCH518 522 ti 1500 ammo 24 scale 496 units 19 sen 148 bar 14 beat 0 hold 0
TIWATCH518 523 ti 1498 ammo 24 scale 496 units 19 sen 148 bar 14 beat 0 hold 0
TIWATCH518 524 ti 1516 ammo 24 scale 496 units 19 sen 148 bar 14 beat 0 hold 0
TIWATCH518 525 ti 1514 ammo 24 scale 496 units 19 sen 148 bar 14 beat 0 hold 0
TIWATCH518 526 ti 1522 ammo 24 scale 496 units 19 sen 148 bar 14 beat 0 hold 0
TIWATCH518 527 ti 1520 ammo 24 scale 496 units 19 sen 148 bar 14 beat 0 hold 0
TIWATCH518 528 ti 1538 ammo 24 scale 496 units 19 sen 148 bar 14 beat 0 hold 0
TIWATCH518 529 ti 1536 ammo 24 scale 496 units 19 sen 148 bar 14 beat 0 hold 0
TIWATCH518 530 ti 1544 ammo 24 scale 496 units 19 sen 148 bar 14 beat 0 hold 0
TIWATCH518 531 ti 1542 ammo 24 scale 496 units 19 sen 148 bar 14 beat 0 hold 0
TIWATCH518 532 ti 1560 ammo 24 scale 496 units 19 sen 148 bar 14 beat 0 hold 0
TIWATCH518 533 ti 1558 ammo 24 scale 496 units 19 sen 148 bar 14 beat 0 hold 0
TIWATCH518 534 ti 1566 ammo 24 scale 496 units 19 sen 148 bar 14 beat 0 hold 0
TIWATCH518 535 ti 1564 ammo 24 scale 496 units 19 sen 148 bar 14 beat 0 hold 0
TIWATCH518 536 ti 1582 ammo 24 scale 496 units 19 sen 148 bar 14 beat 0 hold 0
TIWATCH518 537 ti 1580 ammo 24 scale 496 units 19 sen 148 bar 14 beat 0 hold 0
TIWATCH518 538 ti 1588 ammo 24 scale 496 units 19 sen 148 bar 14 beat 0 hold 0
TIWATCH518 539 ti 1586 ammo 24 scale 496 units 19 sen 148 bar 14 beat 0 hold 0
TIWATCH518 540 ti 1604 ammo 24 scale 496 units 19 sen 148 bar 14 beat 0 hold 0
TIWATCH518 541 ti 1602 ammo 24 scale 496 units 19 sen 148 bar 14 beat 0 hold 0
TIWATCH518 542 ti 1610 ammo 24 scale 496 units 19 sen 148 bar 14 beat 0 hold 0
TIWATCH518 543 ti 1608 ammo 24 scale 496 units 19 sen 148 bar 14 beat 0 hold 0
TIWATCH518 544 ti 1626 ammo 24 scale 496 units 19 sen 148 bar 14 beat 0 hold 0
TIWATCH518 545 ti 1624 ammo 24 scale 496 units 19 sen 148 bar 14 beat 0 hold 0
TIWATCH518 546 ti 1632 ammo 24 scale 496 units 19 sen 148 bar 14 beat 0 hold 0
TIWATCH518 547 ti 1630 ammo 24 scale 496 units 19 sen 148 bar 14 beat 0 hold 0
TIWATCH518 548 ti 1648 ammo 24 scale 496 units 19 sen 148 bar 14 beat 0 hold 0
TIWATCH518 549 ti 1646 ammo 24 scale 496 units 19 sen 148 bar 14 beat 0 hold 0
TIWATCH518 550 ti 1654 ammo 24 scale 496 units 19 sen 148 bar 14 beat 0 hold 0
TIWATCH518 551 ti 1652 ammo 24 scale 496 units 19 sen 148 bar 14 beat 0 hold 0
TIWATCH518 552 ti 1670 ammo 4 scale 496 units 19 sen 148 bar 14 beat 0 hold 0
TICONV518 552 amt 16 floor 12
TIWATCH518 553 ti 1652 ammo 20 scale 496 units 19 sen 148 bar 14 beat 0 hold 0
TICONV518 553 amt 4 floor 12
TIWATCH518 554 ti 1656 ammo 4 scale 496 units 19 sen 148 bar 14 beat 0 hold 0
TICONV518 554 amt 16 floor 12
TIWATCH518 555 ti 1638 ammo 20 scale 491 units 19 sen 147 bar 14 beat 0 hold 0
TICONV518 555 amt 4 floor 12
TIWATCH518 556 ti 1652 ammo 4 scale 491 units 19 sen 147 bar 14 beat 0 hold 0
TICONV518 556 amt 16 floor 12
TIWATCH518 557 ti 1634 ammo 20 scale 491 units 19 sen 147 bar 14 beat 0 hold 0
TICONV518 557 amt 4 floor 12
TIWATCH518 558 ti 1638 ammo 24 scale 491 units 19 sen 147 bar 14 beat 0 hold 0
TIWATCH518 559 ti 1636 ammo 24 scale 491 units 19 sen 147 bar 14 beat 0 hold 0
TIWATCH518 560 ti 1654 ammo 4 scale 486 units 19 sen 145 bar 14 beat 0 hold 0
TICONV518 560 amt 16 floor 12
TIWATCH518 561 ti 1636 ammo 20 scale 486 units 19 sen 145 bar 14 beat 0 hold 0
TICONV518 561 amt 4 floor 12
TIWATCH518 562 ti 1640 ammo 14 scale 486 units 19 sen 145 bar 14 beat 0 hold 0
TICONV518 562 amt 10 floor 12
TIWATCH518 563 ti 1628 ammo 24 scale 486 units 19 sen 145 bar 14 beat 0 hold 0
TIWATCH518 564 ti 1646 ammo 24 scale 485 units 19 sen 145 bar 14 beat 0 hold 0
TIWATCH518 565 ti 1644 ammo 24 scale 485 units 19 sen 145 bar 14 beat 0 hold 0
TIWATCH518 566 ti 1652 ammo 24 scale 485 units 19 sen 145 bar 14 beat 0 hold 0
TIWATCH518 567 ti 1650 ammo 24 scale 485 units 19 sen 145 bar 14 beat 0 hold 0
TIWATCH518 568 ti 1668 ammo 24 scale 485 units 19 sen 145 bar 14 beat 0 hold 0
TIWATCH518 569 ti 1666 ammo 24 scale 484 units 19 sen 145 bar 14 beat 0 hold 0
TIWATCH518 570 ti 1674 ammo 24 scale 484 units 19 sen 145 bar 14 beat 0 hold 0
TIWATCH518 571 ti 1672 ammo 24 scale 484 units 19 sen 145 bar 14 beat 0 hold 0
TIWATCH518 572 ti 1690 ammo 24 scale 484 units 19 sen 145 bar 14 beat 0 hold 0
TIWATCH518 573 ti 1688 ammo 24 scale 483 units 19 sen 144 bar 14 beat 0 hold 0
TIWATCH518 574 ti 1696 ammo 24 scale 483 units 19 sen 144 bar 14 beat 0 hold 0
TIWATCH518 575 ti 1694 ammo 24 scale 483 units 19 sen 144 bar 14 beat 0 hold 0
TIWATCH518 576 ti 1712 ammo 24 scale 483 units 19 sen 144 bar 14 beat 0 hold 0
TIWATCH518 577 ti 1710 ammo 24 scale 483 units 19 sen 144 bar 14 beat 0 hold 0
TIWATCH518 578 ti 1718 ammo 24 scale 483 units 19 sen 144 bar 14 beat 0 hold 0
TIWATCH518 579 ti 1716 ammo 24 scale 483 units 19 sen 144 bar 14 beat 0 hold 0
TIWATCH518 580 ti 1734 ammo 24 scale 483 units 19 sen 144 bar 14 beat 0 hold 0
TIWATCH518 581 ti 1732 ammo 24 scale 483 units 19 sen 144 bar 14 beat 0 hold 0
TIWATCH518 582 ti 1740 ammo 24 scale 483 units 19 sen 144 bar 14 beat 0 hold 0
TIWATCH518 583 ti 1738 ammo 24 scale 483 units 19 sen 144 bar 14 beat 0 hold 0
TIWATCH518 584 ti 1756 ammo 24 scale 483 units 19 sen 144 bar 14 beat 0 hold 0
TIWATCH518 585 ti 1754 ammo 24 scale 483 units 19 sen 144 bar 14 beat 0 hold 0
TIWATCH518 586 ti 1762 ammo 24 scale 483 units 19 sen 144 bar 14 beat 0 hold 0
TIWATCH518 587 ti 1760 ammo 24 scale 483 units 19 sen 144 bar 14 beat 0 hold 0
TIWATCH518 588 ti 1778 ammo 24 scale 483 units 19 sen 144 bar 14 beat 0 hold 0
TIWATCH518 589 ti 1776 ammo 24 scale 483 units 19 sen 144 bar 14 beat 0 hold 0
TIWATCH518 590 ti 1784 ammo 24 scale 483 units 19 sen 144 bar 14 beat 0 hold 0
TIWATCH518 591 ti 1782 ammo 24 scale 483 units 19 sen 144 bar 14 beat 0 hold 0
TIWATCH518 592 ti 1800 ammo 24 scale 483 units 19 sen 144 bar 14 beat 0 hold 0
TIWATCH518 593 ti 1798 ammo 24 scale 483 units 19 sen 144 bar 14 beat 0 hold 0
TIWATCH518 594 ti 1806 ammo 24 scale 483 units 19 sen 144 bar 14 beat 0 hold 0
TIWATCH518 595 ti 1804 ammo 24 scale 483 units 19 sen 144 bar 14 beat 0 hold 0
TIWATCH518 596 ti 1822 ammo 24 scale 483 units 19 sen 144 bar 14 beat 0 hold 0
TIWATCH518 597 ti 1820 ammo 24 scale 483 units 19 sen 144 bar 14 beat 0 hold 0
TIWATCH518 598 ti 1828 ammo 24 scale 483 units 19 sen 144 bar 14 beat 0 hold 0
TIWATCH518 599 ti 1826 ammo 24 scale 483 units 19 sen 144 bar 14 beat 0 hold 0
TIWATCH518 600 ti 1844 ammo 24 scale 483 units 19 sen 144 bar 14 beat 0 hold 0
TIWATCH518 601 ti 1842 ammo 24 scale 483 units 19 sen 144 bar 14 beat 0 hold 0
TIWATCH518 602 ti 1850 ammo 24 scale 483 units 19 sen 144 bar 14 beat 0 hold 0
