Running match: mF vs _v488beltbreak2
  Map: drakkarfjord.map26  Seed: 1  Replay: 
scratchpad/s51_v518_build/mech/mF/rep/drakkarfjord_s1_A.replay26  TLE: 10ms
Completed turn 0
Completed turn 100
Completed turn 200
Completed turn 300
Completed turn 400
Completed turn 500
Completed turn 600
Completed turn 700
Completed turn 800
Completed turn 900
Replay written to 
scratchpad/s51_v518_build/mech/mF/rep/drakkarfjord_s1_A.replay26

  Winner: mF  (Core destroyed, turn 995)

                               mF     _v488beltbreak2  
  Titanium     1213 (12390 mined)    201 (5870 mined)  
  Units                        27                  30  
  Buildings                   116                 105  

