Running match: _v488beltbreak2 vs iCREW
  Map: midgard.map26  Seed: 816  Replay: 
scratchpad/s51_v523_build/iso/b6/repiCREW/midgard_s816_B.replay26  TLE: 10ms
Completed turn 0
Completed turn 100
Completed turn 200
Completed turn 300
Completed turn 400
Completed turn 500
Completed turn 600
Completed turn 700
Completed turn 800
Completed turn 900
Replay written to 
scratchpad/s51_v523_build/iso/b6/repiCREW/midgard_s816_B.replay26

  Winner: iCREW  (Titanium collected (tiebreak), turn 1000)

               _v488beltbreak2              iCREW  
  Titanium     116 (520 mined)    116 (630 mined)  
  Units                      7                  9  
  Buildings                 19                 41  

