Running match: iCREW vs _v488beltbreak2
  Map: nordkap.map26  Seed: 817  Replay: 
scratchpad/s51_v523_build/iso/b6/repiCREW/nordkap_s817_A.replay26  TLE: 10ms
Completed turn 0
Completed turn 100
Completed turn 200
Completed turn 300
Completed turn 400
Completed turn 500
Completed turn 600
Completed turn 700
Completed turn 800
Completed turn 900
Replay written to 
scratchpad/s51_v523_build/iso/b6/repiCREW/nordkap_s817_A.replay26

  Winner: iCREW  (Titanium collected (tiebreak), turn 1000)

                          iCREW    _v488beltbreak2  
  Titanium     168 (1360 mined)      36 (50 mined)  
  Units                       7                  6  
  Buildings                  70                 13  

