Running match: iGUN vs _v488beltbreak2
  Map: nordkap.map26  Seed: 518  Replay: 
scratchpad/s51_v520_build/iso/b6/repiGUN/nordkap_s518_A.replay26  TLE: 10ms
Completed turn 0
Completed turn 100
Completed turn 200
Completed turn 300
Completed turn 400
Completed turn 500
Completed turn 600
Completed turn 700
Completed turn 800
Completed turn 900
Replay written to 
scratchpad/s51_v520_build/iso/b6/repiGUN/nordkap_s518_A.replay26

  Winner: iGUN  (Titanium collected (tiebreak), turn 1000)

                         iGUN    _v488beltbreak2  
  Titanium     73 (730 mined)      61 (90 mined)  
  Units                    11                  5  
  Buildings                21                 28  

