Running match: iFLOORFUND vs _v488beltbreak2
  Map: yulerune.map26  Seed: 817  Replay: 
scratchpad/s51_v523_build/iso/b6/repiFLOORFUND/yulerune_s817_A.replay26  TLE: 
10ms
Completed turn 0
Completed turn 100
Completed turn 200
Completed turn 300
Completed turn 400
Completed turn 500
Completed turn 600
Completed turn 700
Completed turn 800
Completed turn 900
Replay written to 
scratchpad/s51_v523_build/iso/b6/repiFLOORFUND/yulerune_s817_A.replay26

  Winner: iFLOORFUND  (Titanium collected (tiebreak), turn 1000)

                     iFLOORFUND    _v488beltbreak2  
  Titanium     122 (2840 mined)     43 (510 mined)  
  Units                       6                  6  
  Buildings                  43                 62  

