Running match: _v488beltbreak2 vs parent
  Map: nordkap.map26  Seed: 821  Replay: 
scratchpad/s51_v523_build/iso/b7/repparent/nordkap_s821_B.replay26  TLE: 10ms
Completed turn 0
Completed turn 100
Completed turn 200
Completed turn 300
Completed turn 400
Completed turn 500
Completed turn 600
Completed turn 700
Completed turn 800
Completed turn 900
Replay written to 
scratchpad/s51_v523_build/iso/b7/repparent/nordkap_s821_B.replay26

  Winner: _v488beltbreak2  (Titanium collected (tiebreak), turn 1000)

                _v488beltbreak2             parent  
  Titanium     128 (2450 mined)    126 (150 mined)  
  Units                      19                  2  
  Buildings                  88                 17  

