Update available: 2.3.6 -> 2.3.8. Run: pip install --upgrade fcode
FS GATE 0 sig (18, 18, (2, 14), (14, 2)) ok 1
FS GATE 1 sig (18, 18, (2, 14), (14, 2)) ok 1
FS PHASE 1 id 3 ph 1 d 200 at (4, 13)
FS HOPBUILD 1 at (4, 13) lch (4, 12) T (16, 1)
FS GATE 2 sig (18, 18, (2, 14), (14, 2)) ok 1
FS GATE 2 sig (18, 18, (2, 14), (14, 2)) ok 1
FS THROW 2 from (5, 13) to (8, 9) T (16, 1)
FS HOPBUILD 3 at (8, 9) lch (8, 8) T (16, 1)
FS GATE 3 sig (18, 18, (2, 14), (14, 2)) ok 1
FS GATE 4 sig (18, 18, (2, 14), (14, 2)) ok 1
FS THROW 4 from (9, 9) to (11, 4) T (16, 1)
FS HOPBUILD 5 at (11, 4) lch (12, 4) T (16, 1)
FS GATE 6 sig (18, 18, (2, 14), (14, 2)) ok 1
FS EVICT 6 from (13, 5) to (7, 5)
FS PHASE 8 id 3 ph 2 d 4 at (12, 3)
FS SEAL 8 tile (13, 3) n 1
FS EVICT 9 from (13, 5) to (7, 5)
FS GATE 10 sig (18, 18, (2, 14), (14, 2)) ok 1
FS GATE 11 sig (18, 18, (2, 14), (14, 2)) ok 1
FS SEAL 12 tile (13, 2) n 2
FS EVICTOR 14 at (12, 2) cov 1
FS RUNG 14 id 3 r 2 hi -
FS GATE 15 sig (18, 18, (2, 14), (14, 2)) ok 1
FS EVICT 15 from (11, 2) to (17, 1)
FS CLEAR 19 tile (13, 1) peck 1
FS RUNG 19 id 3 r 3 hi -
FS DOORSEEN 19 id 5 at (5, 9) rank 2
FS DOORSEEN 19 id 8 at (5, 9) rank 2
FS STAT 20 id 3 at (13, 0) need 7 orth 6 ti 81 ammo 24 sen 0 hp 40
FS CLEAR 20 tile (13, 1) peck 2
FS RUNG 20 id 3 r 3 hi -
FS DOOR 20 id 5 at (5, 9) n 1
FS CLEAR 21 tile (13, 1) peck 3
FS RUNG 21 id 3 r 3 hi -
FS DOOR 21 id 5 at (5, 9) n 2
FS CLEAR 22 tile (13, 1) peck 4
FS RUNG 22 id 3 r 3 hi -
FS DOOR 22 id 5 at (5, 9) n 3
FS CLEAR 23 tile (13, 1) peck 5
FS RUNG 23 id 3 r 3 hi -
FS DOOR 23 id 5 at (5, 9) n 4
FS DOOR 24 id 5 at (5, 9) n 5
FS EVICT 27 from (12, 3) to (7, 1)
FS EVICT 31 from (11, 1) to (12, 7)
FS STAT 40 id 3 at (13, 0) need 7 orth 6 ti 75 ammo 24 sen 0 hp 40
FS CLEAR 40 tile (13, 1) peck 1
FS RUNG 40 id 3 r 3 hi -
FS EVICT 41 from (12, 3) to (7, 1)
FS EVICT 45 from (11, 1) to (12, 7)
FS EVICT 49 from (12, 3) to (7, 1)
FS DODGE 54 id 3 from (13, 0) to (14, 0) cov 1 -> 0 hit 0 hp 40
FS EVICT 54 from (11, 1) to (12, 7)
FS CLEAR 55 tile (14, 1) peck 1
FS RUNG 55 id 3 r 3 hi -
FS CLEAR 56 tile (14, 1) peck 2
FS RUNG 56 id 3 r 3 hi -
FS EVICT 58 from (12, 3) to (7, 1)
FS STAT 60 id 3 at (14, 0) need 7 orth 6 ti 15 ammo 20 sen 0 hp 40
FS DODGE 67 id 3 from (14, 1) to (15, 1) cov 2 -> 1 hit 0 hp 22
FS RETREAT 70 id 3 hp 4 from (15, 1) to (15, 0)
FS GATE 113 sig (18, 18, (2, 14), (14, 2)) ok 1
FS PHASE 113 id 248 ph 1 d 313 at (2, 16)
FS DOORSEEN 115 id 5 at (6, 12) rank 1
FS DOORSEEN 115 id 8 at (6, 12) rank 1
FS DOOR 116 id 5 at (6, 12) n 6
FS DOOR 117 id 5 at (6, 12) n 7
FS DOOR 118 id 5 at (6, 12) n 8
FS DOOR 119 id 5 at (6, 12) n 9
FS DOOR 120 id 5 at (6, 12) n 10
FS DOORSEEN 120 id 33 at (6, 12) rank 0
FS DOOR 121 id 5 at (6, 12) n 11
FS DOOR 122 id 5 at (6, 12) n 12
FS DOOR 123 id 5 at (6, 12) n 13
FS DOOR 124 id 5 at (6, 12) n 14
FS DOOR 125 id 5 at (6, 12) n 15
FS DOORSEEN 127 id 5 at (6, 12) rank 0
FS DOORSEEN 127 id 33 at (6, 12) rank 0
FS DOOR 128 id 5 at (6, 12) n 16
FS DOOR 129 id 5 at (6, 12) n 17
FS DEGRADE 146 id 248
FS DOORSEEN 154 id 5 at (5, 13) rank 1
FS DOORSEEN 154 id 8 at (5, 13) rank 1
FS DOORSEEN 154 id 33 at (5, 13) rank 1
FS DOOR 161 id 8 at (5, 13) n 1
FS DOOR 162 id 8 at (5, 13) n 2
FS DOOR 163 id 8 at (5, 13) n 3
FS DOORSEEN 197 id 5 at (5, 14) rank 1
FS DOOR 197 id 5 at (5, 14) n 18
FS DOORSEEN 197 id 33 at (5, 14) rank 1
FS DOORSEEN 204 id 8 at (5, 14) rank 0
FS DOORSEEN 209 id 33 at (5, 15) rank 0
FS DOORSEEN 210 id 8 at (5, 15) rank 0
FS DOOR 210 id 33 at (5, 15) n 1
FS DOOR 211 id 33 at (5, 15) n 2
FS DOOR 212 id 33 at (5, 15) n 3
FS DOORSEEN 218 id 33 at (8, 14) rank 0
FS DOOR 219 id 33 at (8, 14) n 4
FS DOOR 220 id 33 at (8, 14) n 5
FS DOOR 221 id 33 at (8, 14) n 6
FS DOOR 222 id 33 at (8, 14) n 7
FS DOOR 223 id 33 at (8, 14) n 8
FS DOOR 224 id 33 at (8, 14) n 9
FS DOOR 225 id 33 at (8, 14) n 10
FS DOOR 226 id 33 at (8, 14) n 11
FS DOOR 227 id 33 at (8, 14) n 12
FS DOOR 228 id 33 at (8, 14) n 13
FS DOOR 229 id 33 at (8, 14) n 14
FS DOOR 230 id 33 at (8, 14) n 15
FS DOOR 231 id 33 at (8, 14) n 16
FS DOOR 232 id 33 at (8, 14) n 17
FS DOOR 233 id 33 at (8, 14) n 18
FS DOOR 234 id 33 at (8, 14) n 19
FS DOOR 235 id 33 at (8, 14) n 20
FS DOOR 236 id 33 at (8, 14) n 21
FS DOOR 237 id 33 at (8, 14) n 22
FS DOOR 238 id 33 at (8, 14) n 23
FS DOOR 239 id 33 at (8, 14) n 24
FS DOOR 240 id 33 at (8, 14) n 25
FS DOOR 241 id 33 at (8, 14) n 26
FS DOOR 242 id 33 at (8, 14) n 27
FS DOOR 243 id 33 at (8, 14) n 28
FS DOORSEEN 245 id 33 at (7, 14) rank 0
FS DOOR 245 id 33 at (7, 14) n 29
FS GATE 245 sig (18, 18, (2, 14), (14, 2)) ok 1
FS DOORSEEN 246 id 8 at (7, 14) rank 0
FS DOOR 246 id 33 at (7, 14) n 30
FS DOOR 247 id 33 at (7, 14) n 31
FS DOORSEEN 248 id 8 at (7, 14) rank 0
FS DOOR 248 id 33 at (7, 14) n 32
FS DOOR 249 id 33 at (7, 14) n 33
FS DOORSEEN 250 id 8 at (7, 14) rank 0
FS DOOR 250 id 33 at (7, 14) n 34
FS DOOR 251 id 33 at (7, 14) n 35
FS DOORSEEN 252 id 8 at (7, 14) rank 0
FS DOOR 252 id 33 at (7, 14) n 36
FS DOOR 253 id 33 at (7, 14) n 37
FS DOORSEEN 254 id 8 at (7, 14) rank 0
FS DOOR 254 id 33 at (7, 14) n 38
FS DOOR 255 id 33 at (7, 14) n 39
FS DOORSEEN 256 id 8 at (7, 14) rank 0
FS DOOR 256 id 33 at (7, 14) n 40
FS DOORSEEN 275 id 33 at (8, 14) rank 0
FS DOOR 275 id 33 at (8, 14) n 41
FS DOOR 276 id 33 at (8, 14) n 42
FS DOOR 277 id 33 at (8, 14) n 43
FS DOOR 278 id 33 at (8, 14) n 44
FS DOOR 279 id 33 at (8, 14) n 45
FS DOOR 280 id 33 at (8, 14) n 46
FS DOOR 281 id 33 at (8, 14) n 47
FS DOOR 282 id 33 at (8, 14) n 48
FS DOORSEEN 284 id 8 at (7, 14) rank 0
FS DOORSEEN 284 id 33 at (7, 14) rank 0
FS DOOR 284 id 33 at (7, 14) n 49
FS DOOR 285 id 33 at (7, 14) n 50
FS DOORSEEN 286 id 8 at (7, 14) rank 0
FS DOOR 286 id 33 at (7, 14) n 51
FS DOORSEEN 288 id 33 at (8, 16) rank 2
FS DOORSEEN 316 id 5 at (8, 16) rank 2
FS DOORSEEN 316 id 33 at (8, 16) rank 2
FS DOORSEEN 318 id 5 at (8, 16) rank 2
FS DOORSEEN 320 id 5 at (8, 16) rank 2
FS DOORSEEN 375 id 8 at (4, 8) rank 2
FS GATE 443 sig (18, 18, (2, 14), (14, 2)) ok 1
FS GATE 467 sig (18, 18, (2, 14), (14, 2)) ok 1
FS GATE 497 sig (18, 18, (2, 14), (14, 2)) ok 1
FS GATE 527 sig (18, 18, (2, 14), (14, 2)) ok 1
FS GATE 557 sig (18, 18, (2, 14), (14, 2)) ok 1
FS GATE 589 sig (18, 18, (2, 14), (14, 2)) ok 1
FS GATE 619 sig (18, 18, (2, 14), (14, 2)) ok 1
FS GATE 659 sig (18, 18, (2, 14), (14, 2)) ok 1
FS GATE 689 sig (18, 18, (2, 14), (14, 2)) ok 1
FS GATE 721 sig (18, 18, (2, 14), (14, 2)) ok 1
FS GATE 839 sig (18, 18, (2, 14), (14, 2)) ok 1
FS GATE 869 sig (18, 18, (2, 14), (14, 2)) ok 1
FS GATE 901 sig (18, 18, (2, 14), (14, 2)) ok 1
