Running match: _x3r0v161gungnir vs parent
  Map: glacierkeep.map26  Seed: 403  Replay: 
scratchpad/s51_v523_build/gung/b1/repparent/glacierkeep_s403_B.replay26  TLE: 
10ms
Completed turn 0
Completed turn 100
Completed turn 200
Completed turn 300
Completed turn 400
Completed turn 500
Completed turn 600
Completed turn 700
Completed turn 800
Completed turn 900
Replay written to 
scratchpad/s51_v523_build/gung/b1/repparent/glacierkeep_s403_B.replay26

  Winner: parent  (Core destroyed, turn 955)

               _x3r0v161gungnir             parent  
  Titanium         45 (0 mined)    88 (1220 mined)  
  Units                       5                 10  
  Buildings                 123                120  

