Running match: parent vs _v488beltbreak2
  Map: yulerune.map26  Seed: 518  Replay: 
scratchpad/s51_v520_build/iso/b6/repparent/yulerune_s518_A.replay26  TLE: 10ms
Completed turn 0
Completed turn 100
Completed turn 200
Completed turn 300
Completed turn 400
Completed turn 500
Completed turn 600
Completed turn 700
Completed turn 800
Completed turn 900
Replay written to 
scratchpad/s51_v520_build/iso/b6/repparent/yulerune_s518_A.replay26

  Winner: parent  (Titanium collected (tiebreak), turn 1000)

                       parent    _v488beltbreak2  
  Titanium     55 (420 mined)    112 (350 mined)  
  Units                     8                  6  
  Buildings                37                 28  

