Update available: 2.3.6 -> 2.3.8. Run: pip install --upgrade fcode
FS GATE 0 sig (18, 18, (2, 14), (14, 2)) ok 1
FS GATE 1 sig (18, 18, (2, 14), (14, 2)) ok 1
FS PHASE 1 id 3 ph 1 d 200 at (4, 13)
FS HOPBUILD 1 at (4, 13) lch (4, 12) T (16, 1)
FS GATE 2 sig (18, 18, (2, 14), (14, 2)) ok 1
FS GATE 2 sig (18, 18, (2, 14), (14, 2)) ok 1
FS THROW 2 from (5, 13) to (8, 9) T (16, 1) body 3 n 1 dsq 72
FS HOPBUILD 3 at (8, 9) lch (8, 8) T (16, 1)
FS GATE 3 sig (18, 18, (2, 14), (14, 2)) ok 1
FS GATE 4 sig (18, 18, (2, 14), (14, 2)) ok 1
FS THROW 4 from (9, 9) to (11, 4) T (16, 1) body 3 n 1 dsq 10
FS HOPBUILD 5 at (11, 4) lch (12, 4) T (16, 1)
FS GATE 6 sig (18, 18, (2, 14), (14, 2)) ok 1
FS EVICT 6 from (13, 3) to (7, 5)
FS ARRIVE 8 id 3 body 1 at (12, 3) dsq 4
FS PHASE 8 id 3 ph 2 d 4 at (12, 3)
FS SEAL 8 tile (13, 3) n 1
FS SENTINEL 9 at (11, 3) face EAST tgt (15, 3) score 16 n 1 onring 0 lost 0 onsray 0 olddsq -1
FS RUNG 9 id 3 r 4 hi -
FS PHASE 10 id 3 ph 5 d 4 at (12, 3)
FS GATE 10 sig (18, 18, (2, 14), (14, 2)) ok 1
PROBE SENTSUICIDE 10 at (11, 3)
FS PHASE 11 id 3 ph 2 d 4 at (12, 2)
FS SEAL 11 tile (13, 2) n 2
FS GATE 12 sig (18, 18, (2, 14), (14, 2)) ok 1
FS STAT 20 id 3 at (11, 0) need 7 orth 6 ti 100 ammo 40 sen 0 hp 40 covden 0 eco 1 lost 0
FS DOORSEEN 20 id 28 at (3, 10) rank 1
FS DOORSEEN 20 id 35 at (3, 10) rank 1
FS CLEAR 22 tile (13, 1) peck 1
FS RUNG 22 id 3 r 3 hi -
FS CLEAR 23 tile (13, 1) peck 2
FS RUNG 23 id 3 r 3 hi -
FS CLEAR 24 tile (13, 1) peck 3
FS RUNG 24 id 3 r 3 hi -
FS DOORSEEN 24 id 5 at (3, 10) rank 0
FS DOOR 24 id 35 at (3, 10) n 1
FS CLEAR 25 tile (13, 1) peck 4
FS RUNG 25 id 3 r 3 hi -
FS DOOR 25 id 35 at (3, 10) n 2
FS CLEAR 26 tile (13, 1) peck 5
FS RUNG 26 id 3 r 3 hi -
FS DOOR 26 id 35 at (3, 10) n 3
FS CLEAR 27 tile (13, 1) peck 6
FS RUNG 27 id 3 r 3 hi -
FS DOOR 27 id 35 at (3, 10) n 4
FS CLEAR 28 tile (13, 1) peck 7
FS RUNG 28 id 3 r 3 hi -
FS DOOR 28 id 5 at (3, 10) n 1
FS DOORSEEN 28 id 8 at (3, 10) rank 0
FS DOOR 28 id 35 at (3, 10) n 5
FS CLEAR 29 tile (13, 1) peck 8
FS RUNG 29 id 3 r 3 hi -
FS DOOR 29 id 5 at (3, 10) n 2
FS DOOR 29 id 35 at (3, 10) n 6
FS DOOR 30 id 5 at (3, 10) n 3
FS DOOR 30 id 35 at (3, 10) n 7
FS CLEAR 31 tile (14, 1) peck 1
FS RUNG 31 id 3 r 3 hi -
FS DOOR 31 id 5 at (3, 10) n 4
FS DOOR 31 id 35 at (3, 10) n 8
FS EVICTOR 32 at (13, 0) ucov 1 cov 5 unseal 2 obs 21
FS RUNG 32 id 3 r 2 hi -
FS DOOR 32 id 5 at (3, 10) n 5
FS DOOR 32 id 35 at (3, 10) n 9
FS CLEAR 33 tile (14, 1) peck 2
FS RUNG 33 id 3 r 3 hi -
FS DOOR 33 id 5 at (3, 10) n 6
FS DOOR 33 id 8 at (3, 10) n 1
FS DOOR 33 id 35 at (3, 10) n 10
FS GATE 33 sig (18, 18, (2, 14), (14, 2)) ok 1
FS CLEAR 34 tile (14, 1) peck 3
FS RUNG 34 id 3 r 3 hi -
FS DOOR 34 id 5 at (3, 10) n 7
FS DOOR 34 id 8 at (3, 10) n 2
FS DOOR 34 id 35 at (3, 10) n 11
FS CLEAR 36 tile (14, 1) peck 4
FS RUNG 36 id 3 r 3 hi -
FS CLEAR 37 tile (14, 1) peck 5
FS RUNG 37 id 3 r 3 hi -
FS CLEAR 38 tile (14, 1) peck 6
FS RUNG 38 id 3 r 3 hi -
FS CLEAR 39 tile (14, 1) peck 7
FS RUNG 39 id 3 r 3 hi -
FS STAT 40 id 3 at (14, 0) need 6 orth 4 ti 87 ammo 40 sen 0 hp 40 covden 8 eco 1 lost 0
FS CLEAR 40 tile (14, 1) peck 8
FS RUNG 40 id 3 r 3 hi -
FS CLEAR 42 tile (15, 1) peck 1
FS RUNG 42 id 3 r 3 hi -
FS CLEAR 43 tile (15, 1) peck 2
FS RUNG 43 id 3 r 3 hi -
FS CLEAR 44 tile (15, 1) peck 3
FS RUNG 44 id 3 r 3 hi -
FS CLEAR 45 tile (15, 1) peck 4
FS RUNG 45 id 3 r 3 hi -
FS CLEAR 46 tile (15, 1) peck 5
FS RUNG 46 id 3 r 3 hi -
FS CLEAR 47 tile (15, 1) peck 6
FS RUNG 47 id 3 r 3 hi -
FS CLEAR 48 tile (15, 1) peck 7
FS RUNG 48 id 3 r 3 hi -
FS PHASE 49 id 3 ph 5 d 4 at (15, 0)
FS CLEAR 49 tile (15, 1) peck 8
FS RUNG 49 id 3 r 3 hi -
PROBE SENTSUICIDE 49 at (17, 4)
FS PHASE 50 id 3 ph 2 d 4 at (15, 0)
FS CLEAR 51 tile (14, 1) peck 1
FS RUNG 51 id 3 r 3 hi -
FS SEAL 58 tile (14, 1) n 3
FS STAT 60 id 3 at (15, 0) need 2 orth 1 ti 25 ammo 60 sen 0 hp 40 covden 25 eco 1 lost 0
FS CLEAR 60 tile (15, 1) peck 1
FS RUNG 60 id 3 r 3 hi -
FS CLEAR 74 tile (15, 1) peck 1
FS RUNG 74 id 3 r 3 hi -
FS CLEAR 75 tile (15, 1) peck 2
FS RUNG 75 id 3 r 3 hi -
FS CLEAR 76 tile (15, 1) peck 3
FS RUNG 76 id 3 r 3 hi -
FS CLEAR 77 tile (15, 1) peck 4
FS RUNG 77 id 3 r 3 hi -
FS CLEAR 78 tile (15, 1) peck 5
FS RUNG 78 id 3 r 3 hi -
FS CLEAR 79 tile (15, 1) peck 6
FS RUNG 79 id 3 r 3 hi -
FS STAT 80 id 3 at (15, 0) need 2 orth 1 ti 47 ammo 60 sen 0 hp 40 covden 25 eco 1 lost 0
FS CLEAR 80 tile (15, 1) peck 7
FS RUNG 80 id 3 r 3 hi -
FS PHASE 81 id 3 ph 3 d 4 at (15, 0)
FS CLEARED 84 tile (15, 1) n 1
FS PHASE 84 id 3 ph 2 d 4 at (14, 0)
FS SEAL 85 tile (15, 1) n 4
FS SEALCLR 85 tile (15, 1) lag 1
FS PHASE 86 id 3 ph 3 d 4 at (15, 0)
FS PHASE 88 id 3 ph 2 d 4 at (15, 0)
FS SEAL 88 tile (15, 1) n 5
FS PHASE 89 id 3 ph 3 d 4 at (15, 0)
FS PHASE 92 id 3 ph 2 d 4 at (14, 0)
FS SEAL 93 tile (15, 1) n 6
FS PHASE 94 id 3 ph 3 d 4 at (15, 0)
FS PHASE 96 id 3 ph 2 d 4 at (15, 0)
FS SEAL 96 tile (15, 1) n 7
FS PHASE 97 id 3 ph 3 d 4 at (15, 0)
FS STAT 100 id 3 at (14, 0) need 3 orth 0 ti 75 ammo 102 sen 0 hp 40 covden 25 eco 1 lost 0
FS PHASE 101 id 3 ph 2 d 4 at (15, 0)
FS SEAL 101 tile (15, 1) n 8
FS PHASE 102 id 3 ph 3 d 4 at (15, 0)
FS PHASE 109 id 3 ph 2 d 4 at (14, 0)
FS SEAL 110 tile (15, 1) n 9
FS PHASE 111 id 3 ph 3 d 4 at (15, 0)
FS PHASE 117 id 3 ph 2 d 4 at (15, 0)
FS SEAL 117 tile (15, 1) n 10
FS PHASE 118 id 3 ph 3 d 4 at (15, 0)
FS STAT 120 id 3 at (15, 0) need 3 orth 0 ti 75 ammo 181 sen 0 hp 40 covden 25 eco 1 lost 0
FS PHASE 125 id 3 ph 2 d 4 at (14, 0)
FS SEAL 126 tile (15, 1) n 11
FS PHASE 127 id 3 ph 3 d 4 at (15, 0)
FS PHASE 133 id 3 ph 2 d 4 at (15, 0)
FS SEAL 133 tile (15, 1) n 12
FS PHASE 134 id 3 ph 3 d 4 at (15, 0)
FS STAT 140 id 3 at (15, 0) need 3 orth 0 ti 75 ammo 267 sen 0 hp 40 covden 25 eco 1 lost 0
FS PHASE 141 id 3 ph 2 d 4 at (14, 0)
FS SEAL 142 tile (15, 1) n 13
FS PHASE 143 id 3 ph 3 d 4 at (15, 0)
FS PHASE 149 id 3 ph 2 d 4 at (15, 0)
FS SEAL 149 tile (15, 1) n 14
FS PHASE 150 id 3 ph 3 d 4 at (15, 0)
FS SENTINEL 154 at (14, 0) face SOUTH tgt (14, 3) score 9 n 2 onring 0 lost 0 onsray 0 olddsq -1
FS RUNG 154 id 3 r 4 hi -
FS PHASE 155 id 3 ph 4 d 4 at (15, 0)
PROBE SENTSUICIDE 155 at (14, 0)
FS PHASE 156 id 3 ph 3 d 4 at (15, 0)
FS PHASE 157 id 3 ph 2 d 4 at (14, 0)
FS SEAL 158 tile (15, 1) n 15
FS PHASE 159 id 3 ph 3 d 4 at (15, 0)
FS STAT 160 id 3 at (14, 0) need 3 orth 0 ti 50 ammo 300 sen 0 hp 40 covden 25 eco 1 lost 0
FS PHASE 165 id 3 ph 2 d 4 at (15, 0)
FS SEAL 165 tile (15, 1) n 16
FS PHASE 166 id 3 ph 3 d 4 at (15, 0)
FS SENTINEL 172 at (14, 0) face SOUTH tgt (14, 3) score 9 n 3 onring 0 lost 0 onsray 0 olddsq -1
FS RUNG 172 id 3 r 4 hi -
FS PHASE 173 id 3 ph 4 d 4 at (15, 0)
FS SEAL 173 tile (15, 1) n 17
PROBE SENTSUICIDE 173 at (14, 0)
FS PHASE 174 id 3 ph 3 d 4 at (15, 0)
FS STAT 180 id 3 at (15, 0) need 3 orth 0 ti 65 ammo 300 sen 0 hp 40 covden 25 eco 1 lost 0
FS PHASE 181 id 3 ph 2 d 4 at (14, 0)
FS SEAL 182 tile (15, 1) n 18
FS PHASE 183 id 3 ph 3 d 4 at (15, 0)
FS SENTINEL 188 at (15, 0) face SOUTH tgt (15, 3) score 9 n 4 onring 0 lost 0 onsray 0 olddsq -1
FS RUNG 188 id 3 r 4 hi -
FS PHASE 189 id 3 ph 4 d 4 at (14, 0)
PROBE SENTSUICIDE 189 at (15, 0)
FS PHASE 190 id 3 ph 2 d 4 at (14, 0)
FS SEAL 191 tile (15, 1) n 19
FS PHASE 192 id 3 ph 3 d 4 at (15, 0)
FS PHASE 197 id 3 ph 2 d 4 at (14, 0)
FS SEAL 198 tile (15, 1) n 20
FS PHASE 199 id 3 ph 3 d 4 at (15, 0)
FS STAT 200 id 3 at (14, 0) need 3 orth 0 ti 73 ammo 300 sen 0 hp 40 covden 25 eco 1 lost 0
FS PHASE 205 id 3 ph 2 d 4 at (15, 0)
FS SEAL 205 tile (15, 1) n 21
FS PHASE 206 id 3 ph 3 d 4 at (15, 0)
FS SENTINEL 206 at (14, 0) face SOUTH tgt (14, 3) score 9 n 5 onring 0 lost 0 onsray 0 olddsq -1
FS RUNG 206 id 3 r 4 hi -
FS PHASE 207 id 3 ph 4 d 4 at (15, 0)
PROBE SENTSUICIDE 207 at (14, 0)
FS PHASE 208 id 3 ph 3 d 4 at (15, 0)
FS PHASE 213 id 3 ph 2 d 4 at (14, 0)
FS SEAL 214 tile (15, 1) n 22
FS PHASE 215 id 3 ph 3 d 4 at (15, 0)
FS STAT 220 id 3 at (14, 0) need 3 orth 0 ti 88 ammo 300 sen 0 hp 40 covden 25 eco 1 lost 0
FS PHASE 221 id 3 ph 2 d 4 at (15, 0)
FS SEAL 221 tile (15, 1) n 23
FS PHASE 222 id 3 ph 3 d 4 at (15, 0)
FS SENTINEL 224 at (14, 0) face SOUTH tgt (14, 3) score 9 n 6 onring 0 lost 0 onsray 0 olddsq -1
FS RUNG 224 id 3 r 4 hi -
FS PHASE 225 id 3 ph 4 d 4 at (15, 0)
PROBE SENTSUICIDE 225 at (14, 0)
FS PHASE 226 id 3 ph 3 d 4 at (15, 0)
FS PHASE 229 id 3 ph 2 d 4 at (14, 0)
FS SEAL 230 tile (15, 1) n 24
FS PHASE 231 id 3 ph 3 d 4 at (15, 0)
FS PHASE 237 id 3 ph 2 d 4 at (15, 0)
FS SEAL 237 tile (15, 1) n 25
FS PHASE 238 id 3 ph 3 d 4 at (15, 0)
FS STAT 240 id 3 at (15, 0) need 3 orth 0 ti 96 ammo 300 sen 0 hp 40 covden 25 eco 1 lost 0
FS SENTINEL 240 at (14, 0) face SOUTH tgt (14, 3) score 9 n 7 onring 0 lost 0 onsray 0 olddsq -1
FS RUNG 240 id 3 r 4 hi -
FS PHASE 241 id 3 ph 4 d 4 at (15, 0)
PROBE SENTSUICIDE 241 at (14, 0)
FS PHASE 242 id 3 ph 3 d 4 at (15, 0)
FS PHASE 245 id 3 ph 2 d 4 at (14, 0)
FS SEAL 246 tile (15, 1) n 26
FS PHASE 247 id 3 ph 3 d 4 at (15, 0)
FS PHASE 253 id 3 ph 2 d 4 at (15, 0)
FS SEAL 253 tile (15, 1) n 27
FS PHASE 254 id 3 ph 3 d 4 at (15, 0)
FS SENTINEL 258 at (14, 0) face SOUTH tgt (14, 3) score 9 n 8 onring 0 lost 0 onsray 0 olddsq -1
FS RUNG 258 id 3 r 4 hi -
FS PHASE 259 id 3 ph 4 d 4 at (15, 0)
PROBE SENTSUICIDE 259 at (14, 0)
FS PHASE 260 id 3 ph 3 d 4 at (15, 0)
FS STAT 260 id 3 at (15, 0) need 3 orth 0 ti 40 ammo 300 sen 0 hp 40 covden 25 eco 1 lost 0
FS PHASE 261 id 3 ph 2 d 4 at (14, 0)
FS SEAL 262 tile (15, 1) n 28
FS PHASE 263 id 3 ph 3 d 4 at (15, 0)
FS PHASE 269 id 3 ph 2 d 4 at (15, 0)
FS SEAL 269 tile (15, 1) n 29
FS PHASE 270 id 3 ph 3 d 4 at (15, 0)
FS SENTINEL 274 at (14, 0) face SOUTH tgt (14, 3) score 9 n 9 onring 0 lost 0 onsray 0 olddsq -1
FS RUNG 274 id 3 r 4 hi -
FS PHASE 275 id 3 ph 4 d 4 at (15, 0)
PROBE SENTSUICIDE 275 at (14, 0)
FS PHASE 276 id 3 ph 3 d 4 at (15, 0)
FS PHASE 277 id 3 ph 2 d 4 at (14, 0)
FS SEAL 278 tile (15, 1) n 30
FS PHASE 279 id 3 ph 3 d 4 at (15, 0)
FS STAT 280 id 3 at (14, 0) need 3 orth 0 ti 48 ammo 300 sen 0 hp 40 covden 25 eco 1 lost 0
FS PHASE 285 id 3 ph 2 d 4 at (15, 0)
FS SEAL 285 tile (15, 1) n 31
FS PHASE 286 id 3 ph 3 d 4 at (15, 0)
FS SENTINEL 292 at (14, 0) face SOUTH tgt (14, 3) score 9 n 10 onring 0 lost 0 onsray 0 olddsq -1
FS RUNG 292 id 3 r 4 hi -
FS PHASE 293 id 3 ph 4 d 4 at (15, 0)
FS SEAL 293 tile (15, 1) n 32
PROBE SENTSUICIDE 293 at (14, 0)
FS PHASE 294 id 3 ph 3 d 4 at (15, 0)
FS STAT 300 id 3 at (15, 0) need 3 orth 0 ti 63 ammo 300 sen 0 hp 40 covden 25 eco 1 lost 0
FS PHASE 301 id 3 ph 2 d 4 at (14, 0)
FS SEAL 302 tile (15, 1) n 33
FS PHASE 303 id 3 ph 3 d 4 at (15, 0)
FS SENTINEL 308 at (15, 0) face SOUTH tgt (15, 3) score 9 n 11 onring 0 lost 0 onsray 0 olddsq -1
FS RUNG 308 id 3 r 4 hi -
FS PHASE 309 id 3 ph 4 d 4 at (14, 0)
PROBE SENTSUICIDE 309 at (15, 0)
FS PHASE 310 id 3 ph 2 d 4 at (14, 0)
FS SEAL 311 tile (15, 1) n 34
FS PHASE 312 id 3 ph 3 d 4 at (15, 0)
FS PHASE 317 id 3 ph 2 d 4 at (14, 0)
FS SEAL 318 tile (15, 1) n 35
FS PHASE 319 id 3 ph 3 d 4 at (15, 0)
FS STAT 320 id 3 at (14, 0) need 3 orth 0 ti 71 ammo 300 sen 0 hp 40 covden 25 eco 1 lost 0
FS PHASE 325 id 3 ph 2 d 4 at (15, 0)
FS SEAL 325 tile (15, 1) n 36
FS PHASE 326 id 3 ph 3 d 4 at (15, 0)
FS SENTINEL 328 at (14, 0) face SOUTH tgt (14, 3) score 9 n 12 onring 0 lost 0 onsray 0 olddsq -1
FS RUNG 328 id 3 r 4 hi -
FS PHASE 329 id 3 ph 4 d 4 at (15, 0)
PROBE SENTSUICIDE 329 at (14, 0)
FS PHASE 330 id 3 ph 3 d 4 at (15, 0)
FS PHASE 333 id 3 ph 2 d 4 at (14, 0)
FS SEAL 334 tile (15, 1) n 37
FS PHASE 335 id 3 ph 3 d 4 at (15, 0)
FS STAT 340 id 3 at (14, 0) need 3 orth 0 ti 86 ammo 300 sen 0 hp 40 covden 25 eco 1 lost 0
FS PHASE 341 id 3 ph 2 d 4 at (15, 0)
FS SEAL 341 tile (15, 1) n 38
FS PHASE 342 id 3 ph 3 d 4 at (15, 0)
FS SENTINEL 344 at (14, 0) face SOUTH tgt (14, 3) score 9 n 13 onring 0 lost 0 onsray 0 olddsq -1
FS RUNG 344 id 3 r 4 hi -
FS PHASE 345 id 3 ph 4 d 4 at (15, 0)
PROBE SENTSUICIDE 345 at (14, 0)
FS PHASE 346 id 3 ph 3 d 4 at (15, 0)
FS PHASE 349 id 3 ph 2 d 4 at (14, 0)
FS SEAL 350 tile (15, 1) n 39
FS PHASE 351 id 3 ph 3 d 4 at (15, 0)
FS PHASE 357 id 3 ph 2 d 4 at (15, 0)
FS SEAL 357 tile (15, 1) n 40
FS PHASE 358 id 3 ph 3 d 4 at (15, 0)
FS STAT 360 id 3 at (15, 0) need 3 orth 0 ti 94 ammo 300 sen 0 hp 40 covden 25 eco 1 lost 0
FS SENTINEL 362 at (14, 0) face SOUTH tgt (14, 3) score 9 n 14 onring 0 lost 0 onsray 0 olddsq -1
FS RUNG 362 id 3 r 4 hi -
FS PHASE 363 id 3 ph 4 d 4 at (15, 0)
PROBE SENTSUICIDE 363 at (14, 0)
FS PHASE 364 id 3 ph 3 d 4 at (15, 0)
FS PHASE 365 id 3 ph 2 d 4 at (14, 0)
FS SEAL 366 tile (15, 1) n 41
FS PHASE 367 id 3 ph 3 d 4 at (15, 0)
FS PHASE 373 id 3 ph 2 d 4 at (15, 0)
FS SEAL 373 tile (15, 1) n 42
FS PHASE 374 id 3 ph 3 d 4 at (15, 0)
FS SENTINEL 378 at (14, 0) face SOUTH tgt (14, 3) score 9 n 15 onring 0 lost 0 onsray 0 olddsq -1
FS RUNG 378 id 3 r 4 hi -
FS PHASE 379 id 3 ph 4 d 4 at (15, 0)
PROBE SENTSUICIDE 379 at (14, 0)
FS PHASE 380 id 3 ph 3 d 4 at (15, 0)
FS STAT 380 id 3 at (15, 0) need 3 orth 0 ti 38 ammo 300 sen 0 hp 40 covden 25 eco 1 lost 0
FS PHASE 381 id 3 ph 2 d 4 at (14, 0)
FS SEAL 382 tile (15, 1) n 43
FS PHASE 383 id 3 ph 3 d 4 at (15, 0)
FS PHASE 389 id 3 ph 2 d 4 at (15, 0)
FS SEAL 389 tile (15, 1) n 44
FS PHASE 390 id 3 ph 3 d 4 at (15, 0)
FS SENTINEL 396 at (14, 0) face SOUTH tgt (14, 3) score 9 n 16 onring 0 lost 0 onsray 0 olddsq -1
FS RUNG 396 id 3 r 4 hi -
FS PHASE 397 id 3 ph 4 d 4 at (15, 0)
FS SEAL 397 tile (15, 1) n 45
PROBE SENTSUICIDE 397 at (14, 0)
FS PHASE 398 id 3 ph 3 d 4 at (15, 0)
FS STAT 400 id 3 at (15, 0) need 3 orth 0 ti 46 ammo 300 sen 0 hp 40 covden 25 eco 1 lost 0
FS PHASE 405 id 3 ph 2 d 4 at (14, 0)
FS SEAL 406 tile (15, 1) n 46
FS PHASE 407 id 3 ph 3 d 4 at (15, 0)
FS SENTINEL 412 at (15, 0) face SOUTH tgt (15, 3) score 9 n 17 onring 0 lost 0 onsray 0 olddsq -1
FS RUNG 412 id 3 r 4 hi -
FS PHASE 413 id 3 ph 4 d 4 at (14, 0)
PROBE SENTSUICIDE 413 at (15, 0)
FS PHASE 414 id 3 ph 2 d 4 at (14, 0)
FS SEAL 415 tile (15, 1) n 47
FS PHASE 416 id 3 ph 3 d 4 at (15, 0)
FS STAT 420 id 3 at (15, 0) need 3 orth 0 ti 61 ammo 300 sen 0 hp 40 covden 25 eco 1 lost 0
FS PHASE 421 id 3 ph 2 d 4 at (14, 0)
FS SEAL 422 tile (15, 1) n 48
FS PHASE 423 id 3 ph 3 d 4 at (15, 0)
FS PHASE 429 id 3 ph 2 d 4 at (15, 0)
FS SEAL 429 tile (15, 1) n 49
FS PHASE 430 id 3 ph 3 d 4 at (15, 0)
FS SENTINEL 430 at (14, 0) face SOUTH tgt (14, 3) score 9 n 18 onring 0 lost 0 onsray 0 olddsq -1
FS RUNG 430 id 3 r 4 hi -
FS PHASE 431 id 3 ph 4 d 4 at (15, 0)
PROBE SENTSUICIDE 431 at (14, 0)
FS PHASE 432 id 3 ph 3 d 4 at (15, 0)
FS PHASE 437 id 3 ph 2 d 4 at (14, 0)
FS SEAL 438 tile (15, 1) n 50
FS PHASE 439 id 3 ph 3 d 4 at (15, 0)
FS STAT 440 id 3 at (14, 0) need 3 orth 0 ti 69 ammo 300 sen 0 hp 40 covden 25 eco 1 lost 0
FS PHASE 445 id 3 ph 2 d 4 at (15, 0)
FS SEAL 445 tile (15, 1) n 51
FS PHASE 446 id 3 ph 3 d 4 at (15, 0)
FS SENTINEL 448 at (14, 0) face SOUTH tgt (14, 3) score 9 n 19 onring 0 lost 0 onsray 0 olddsq -1
FS RUNG 448 id 3 r 4 hi -
FS PHASE 449 id 3 ph 4 d 4 at (15, 0)
PROBE SENTSUICIDE 449 at (14, 0)
FS PHASE 450 id 3 ph 3 d 4 at (15, 0)
FS PHASE 453 id 3 ph 2 d 4 at (14, 0)
FS SEAL 454 tile (15, 1) n 52
FS PHASE 455 id 3 ph 3 d 4 at (15, 0)
FS STAT 460 id 3 at (14, 0) need 3 orth 0 ti 84 ammo 300 sen 0 hp 40 covden 25 eco 1 lost 0
FS PHASE 461 id 3 ph 2 d 4 at (15, 0)
FS SEAL 461 tile (15, 1) n 53
FS PHASE 462 id 3 ph 3 d 4 at (15, 0)
FS SENTINEL 464 at (14, 0) face SOUTH tgt (14, 3) score 9 n 20 onring 0 lost 0 onsray 0 olddsq -1
FS RUNG 464 id 3 r 4 hi -
FS PHASE 465 id 3 ph 4 d 4 at (15, 0)
PROBE SENTSUICIDE 465 at (14, 0)
FS PHASE 466 id 3 ph 3 d 4 at (15, 0)
FS PHASE 469 id 3 ph 2 d 4 at (14, 0)
FS SEAL 470 tile (15, 1) n 54
FS PHASE 471 id 3 ph 3 d 4 at (15, 0)
FS PHASE 477 id 3 ph 2 d 4 at (15, 0)
FS SEAL 477 tile (15, 1) n 55
FS PHASE 478 id 3 ph 3 d 4 at (15, 0)
FS STAT 480 id 3 at (15, 0) need 3 orth 0 ti 92 ammo 300 sen 0 hp 40 covden 25 eco 1 lost 0
FS SENTINEL 482 at (14, 0) face SOUTH tgt (14, 3) score 9 n 21 onring 0 lost 0 onsray 0 olddsq -1
FS RUNG 482 id 3 r 4 hi -
FS PHASE 483 id 3 ph 4 d 4 at (15, 0)
PROBE SENTSUICIDE 483 at (14, 0)
FS PHASE 484 id 3 ph 3 d 4 at (15, 0)
FS PHASE 485 id 3 ph 2 d 4 at (14, 0)
FS SEAL 486 tile (15, 1) n 56
FS PHASE 487 id 3 ph 3 d 4 at (15, 0)
FS PHASE 493 id 3 ph 2 d 4 at (15, 0)
FS SEAL 493 tile (15, 1) n 57
FS PHASE 494 id 3 ph 3 d 4 at (15, 0)
FS SENTINEL 498 at (14, 0) face SOUTH tgt (14, 3) score 9 n 22 onring 0 lost 0 onsray 0 olddsq -1
FS RUNG 498 id 3 r 4 hi -
FS PHASE 499 id 3 ph 4 d 4 at (15, 0)
PROBE SENTSUICIDE 499 at (14, 0)
FS PHASE 500 id 3 ph 3 d 4 at (15, 0)
FS STAT 500 id 3 at (15, 0) need 3 orth 0 ti 36 ammo 300 sen 0 hp 40 covden 25 eco 1 lost 0
FS PHASE 501 id 3 ph 2 d 4 at (14, 0)
FS SEAL 502 tile (15, 1) n 58
FS PHASE 503 id 3 ph 3 d 4 at (15, 0)
FS PHASE 509 id 3 ph 2 d 4 at (15, 0)
FS SEAL 509 tile (15, 1) n 59
FS PHASE 510 id 3 ph 3 d 4 at (15, 0)
FS SENTINEL 516 at (14, 0) face SOUTH tgt (14, 3) score 9 n 23 onring 0 lost 0 onsray 0 olddsq -1
FS RUNG 516 id 3 r 4 hi -
FS PHASE 517 id 3 ph 4 d 4 at (15, 0)
FS SEAL 517 tile (15, 1) n 60
PROBE SENTSUICIDE 517 at (14, 0)
FS PHASE 518 id 3 ph 3 d 4 at (15, 0)
FS STAT 520 id 3 at (15, 0) need 3 orth 0 ti 44 ammo 300 sen 0 hp 40 covden 25 eco 1 lost 0
FS PHASE 525 id 3 ph 2 d 4 at (14, 0)
FS SEAL 526 tile (15, 1) n 61
FS PHASE 527 id 3 ph 3 d 4 at (15, 0)
FS SENTINEL 532 at (15, 0) face SOUTH tgt (15, 3) score 9 n 24 onring 0 lost 0 onsray 0 olddsq -1
FS RUNG 532 id 3 r 4 hi -
FS PHASE 533 id 3 ph 4 d 4 at (14, 0)
PROBE SENTSUICIDE 533 at (15, 0)
FS PHASE 534 id 3 ph 2 d 4 at (14, 0)
FS SEAL 535 tile (15, 1) n 62
FS PHASE 536 id 3 ph 3 d 4 at (15, 0)
FS STAT 540 id 3 at (15, 0) need 3 orth 0 ti 59 ammo 300 sen 0 hp 40 covden 25 eco 1 lost 0
FS PHASE 541 id 3 ph 2 d 4 at (14, 0)
FS SEAL 542 tile (15, 1) n 63
FS PHASE 543 id 3 ph 3 d 4 at (15, 0)
FS PHASE 549 id 3 ph 2 d 4 at (15, 0)
FS SEAL 549 tile (15, 1) n 64
FS PHASE 550 id 3 ph 3 d 4 at (15, 0)
FS SENTINEL 552 at (14, 0) face SOUTH tgt (14, 3) score 9 n 25 onring 0 lost 0 onsray 0 olddsq -1
FS RUNG 552 id 3 r 4 hi -
FS PHASE 553 id 3 ph 4 d 4 at (15, 0)
PROBE SENTSUICIDE 553 at (14, 0)
FS PHASE 554 id 3 ph 3 d 4 at (15, 0)
FS PHASE 557 id 3 ph 2 d 4 at (14, 0)
FS SEAL 558 tile (15, 1) n 65
FS PHASE 559 id 3 ph 3 d 4 at (15, 0)
FS STAT 560 id 3 at (14, 0) need 3 orth 0 ti 67 ammo 300 sen 0 hp 40 covden 25 eco 1 lost 0
FS PHASE 565 id 3 ph 2 d 4 at (15, 0)
FS SEAL 565 tile (15, 1) n 66
FS PHASE 566 id 3 ph 3 d 4 at (15, 0)
FS SENTINEL 568 at (14, 0) face SOUTH tgt (14, 3) score 9 n 26 onring 0 lost 0 onsray 0 olddsq -1
FS RUNG 568 id 3 r 4 hi -
FS PHASE 569 id 3 ph 4 d 4 at (15, 0)
PROBE SENTSUICIDE 569 at (14, 0)
FS PHASE 570 id 3 ph 3 d 4 at (15, 0)
FS PHASE 573 id 3 ph 2 d 4 at (14, 0)
FS SEAL 574 tile (15, 1) n 67
FS PHASE 575 id 3 ph 3 d 4 at (15, 0)
FS STAT 580 id 3 at (14, 0) need 3 orth 0 ti 82 ammo 300 sen 0 hp 40 covden 25 eco 1 lost 0
FS PHASE 581 id 3 ph 2 d 4 at (15, 0)
FS SEAL 581 tile (15, 1) n 68
FS PHASE 582 id 3 ph 3 d 4 at (15, 0)
FS SENTINEL 586 at (14, 0) face SOUTH tgt (14, 3) score 9 n 27 onring 0 lost 0 onsray 0 olddsq -1
FS RUNG 586 id 3 r 4 hi -
FS PHASE 587 id 3 ph 4 d 4 at (15, 0)
PROBE SENTSUICIDE 587 at (14, 0)
FS PHASE 588 id 3 ph 3 d 4 at (15, 0)
FS PHASE 589 id 3 ph 2 d 4 at (14, 0)
FS SEAL 590 tile (15, 1) n 69
FS PHASE 591 id 3 ph 3 d 4 at (15, 0)
FS PHASE 597 id 3 ph 2 d 4 at (15, 0)
FS SEAL 597 tile (15, 1) n 70
FS PHASE 598 id 3 ph 3 d 4 at (15, 0)
FS STAT 600 id 3 at (15, 0) need 3 orth 0 ti 90 ammo 300 sen 0 hp 40 covden 25 eco 1 lost 0
FS SENTINEL 602 at (14, 0) face SOUTH tgt (14, 3) score 9 n 28 onring 0 lost 0 onsray 0 olddsq -1
FS RUNG 602 id 3 r 4 hi -
FS PHASE 603 id 3 ph 4 d 4 at (15, 0)
PROBE SENTSUICIDE 603 at (14, 0)
FS PHASE 604 id 3 ph 3 d 4 at (15, 0)
FS PHASE 605 id 3 ph 2 d 4 at (14, 0)
FS SEAL 606 tile (15, 1) n 71
FS PHASE 607 id 3 ph 3 d 4 at (15, 0)
FS PHASE 613 id 3 ph 2 d 4 at (15, 0)
FS SEAL 613 tile (15, 1) n 72
FS PHASE 614 id 3 ph 3 d 4 at (15, 0)
FS STAT 620 id 3 at (15, 0) need 3 orth 0 ti 105 ammo 300 sen 0 hp 40 covden 25 eco 1 lost 0
FS SENTINEL 620 at (14, 0) face SOUTH tgt (14, 3) score 9 n 29 onring 0 lost 0 onsray 0 olddsq -1
FS RUNG 620 id 3 r 4 hi -
FS PHASE 621 id 3 ph 4 d 4 at (15, 0)
FS SEAL 621 tile (15, 1) n 73
PROBE SENTSUICIDE 621 at (14, 0)
FS PHASE 622 id 3 ph 3 d 4 at (15, 0)
FS PHASE 629 id 3 ph 2 d 4 at (14, 0)
FS SEAL 630 tile (15, 1) n 74
FS PHASE 631 id 3 ph 3 d 4 at (15, 0)
FS SENTINEL 636 at (15, 0) face SOUTH tgt (15, 3) score 9 n 30 onring 0 lost 0 onsray 0 olddsq -1
FS RUNG 636 id 3 r 4 hi -
FS PHASE 637 id 3 ph 4 d 4 at (14, 0)
PROBE SENTSUICIDE 637 at (15, 0)
FS PHASE 638 id 3 ph 2 d 4 at (14, 0)
FS SEAL 639 tile (15, 1) n 75
FS PHASE 640 id 3 ph 3 d 4 at (15, 0)
FS STAT 640 id 3 at (15, 0) need 3 orth 0 ti 42 ammo 300 sen 0 hp 40 covden 25 eco 1 lost 0
FS PHASE 645 id 3 ph 2 d 4 at (14, 0)
FS SEAL 646 tile (15, 1) n 76
FS PHASE 647 id 3 ph 3 d 4 at (15, 0)
FS PHASE 653 id 3 ph 2 d 4 at (15, 0)
FS SEAL 653 tile (15, 1) n 77
FS PHASE 654 id 3 ph 3 d 4 at (15, 0)
FS SENTINEL 654 at (14, 0) face SOUTH tgt (14, 3) score 9 n 31 onring 0 lost 0 onsray 0 olddsq -1
FS RUNG 654 id 3 r 4 hi -
FS PHASE 655 id 3 ph 4 d 4 at (15, 0)
PROBE SENTSUICIDE 655 at (14, 0)
FS PHASE 656 id 3 ph 3 d 4 at (15, 0)
FS STAT 660 id 3 at (15, 0) need 3 orth 0 ti 57 ammo 300 sen 0 hp 40 covden 25 eco 1 lost 0
FS PHASE 661 id 3 ph 2 d 4 at (14, 0)
FS SEAL 662 tile (15, 1) n 78
FS PHASE 663 id 3 ph 3 d 4 at (15, 0)
FS PHASE 669 id 3 ph 2 d 4 at (15, 0)
FS SEAL 669 tile (15, 1) n 79
FS PHASE 670 id 3 ph 3 d 4 at (15, 0)
FS SENTINEL 672 at (14, 0) face SOUTH tgt (14, 3) score 9 n 32 onring 0 lost 0 onsray 0 olddsq -1
FS RUNG 672 id 3 r 4 hi -
FS PHASE 673 id 3 ph 4 d 4 at (15, 0)
PROBE SENTSUICIDE 673 at (14, 0)
FS PHASE 674 id 3 ph 3 d 4 at (15, 0)
FS PHASE 677 id 3 ph 2 d 4 at (14, 0)
FS SEAL 678 tile (15, 1) n 80
FS PHASE 679 id 3 ph 3 d 4 at (15, 0)
FS STAT 680 id 3 at (14, 0) need 3 orth 0 ti 65 ammo 300 sen 0 hp 40 covden 25 eco 1 lost 0
FS PHASE 685 id 3 ph 2 d 4 at (15, 0)
FS SEAL 685 tile (15, 1) n 81
FS PHASE 686 id 3 ph 3 d 4 at (15, 0)
FS SENTINEL 688 at (14, 0) face SOUTH tgt (14, 3) score 9 n 33 onring 0 lost 0 onsray 0 olddsq -1
FS RUNG 688 id 3 r 4 hi -
FS PHASE 689 id 3 ph 4 d 4 at (15, 0)
PROBE SENTSUICIDE 689 at (14, 0)
FS PHASE 690 id 3 ph 3 d 4 at (15, 0)
FS PHASE 693 id 3 ph 2 d 4 at (14, 0)
FS SEAL 694 tile (15, 1) n 82
FS PHASE 695 id 3 ph 3 d 4 at (15, 0)
FS STAT 700 id 3 at (14, 0) need 3 orth 0 ti 80 ammo 300 sen 0 hp 40 covden 25 eco 1 lost 0
FS PHASE 701 id 3 ph 2 d 4 at (15, 0)
FS SEAL 701 tile (15, 1) n 83
FS PHASE 702 id 3 ph 3 d 4 at (15, 0)
FS SENTINEL 706 at (14, 0) face SOUTH tgt (14, 3) score 9 n 34 onring 0 lost 0 onsray 0 olddsq -1
FS RUNG 706 id 3 r 4 hi -
FS PHASE 707 id 3 ph 4 d 4 at (15, 0)
PROBE SENTSUICIDE 707 at (14, 0)
FS PHASE 708 id 3 ph 3 d 4 at (15, 0)
FS PHASE 709 id 3 ph 2 d 4 at (14, 0)
FS SEAL 710 tile (15, 1) n 84
FS PHASE 711 id 3 ph 3 d 4 at (15, 0)
FS PHASE 717 id 3 ph 2 d 4 at (15, 0)
FS SEAL 717 tile (15, 1) n 85
FS PHASE 718 id 3 ph 3 d 4 at (15, 0)
FS STAT 720 id 3 at (15, 0) need 3 orth 0 ti 88 ammo 300 sen 0 hp 40 covden 25 eco 1 lost 0
FS SENTINEL 722 at (14, 0) face SOUTH tgt (14, 3) score 9 n 35 onring 0 lost 0 onsray 0 olddsq -1
FS RUNG 722 id 3 r 4 hi -
FS PHASE 723 id 3 ph 4 d 4 at (15, 0)
PROBE SENTSUICIDE 723 at (14, 0)
FS PHASE 724 id 3 ph 3 d 4 at (15, 0)
FS PHASE 725 id 3 ph 2 d 4 at (14, 0)
FS SEAL 726 tile (15, 1) n 86
FS PHASE 727 id 3 ph 3 d 4 at (15, 0)
FS PHASE 733 id 3 ph 2 d 4 at (15, 0)
FS SEAL 733 tile (15, 1) n 87
FS PHASE 734 id 3 ph 3 d 4 at (15, 0)
FS STAT 740 id 3 at (15, 0) need 3 orth 0 ti 103 ammo 300 sen 0 hp 40 covden 25 eco 1 lost 0
FS SENTINEL 740 at (14, 0) face SOUTH tgt (14, 3) score 9 n 36 onring 0 lost 0 onsray 0 olddsq -1
FS RUNG 740 id 3 r 4 hi -
FS PHASE 741 id 3 ph 4 d 4 at (15, 0)
FS SEAL 741 tile (15, 1) n 88
PROBE SENTSUICIDE 741 at (14, 0)
FS PHASE 742 id 3 ph 3 d 4 at (15, 0)
FS PHASE 749 id 3 ph 2 d 4 at (14, 0)
FS SEAL 750 tile (15, 1) n 89
FS PHASE 751 id 3 ph 3 d 4 at (15, 0)
FS SENTINEL 756 at (15, 0) face SOUTH tgt (15, 3) score 9 n 37 onring 0 lost 0 onsray 0 olddsq -1
FS RUNG 756 id 3 r 4 hi -
FS PHASE 757 id 3 ph 4 d 4 at (14, 0)
PROBE SENTSUICIDE 757 at (15, 0)
FS PHASE 758 id 3 ph 2 d 4 at (14, 0)
FS SEAL 759 tile (15, 1) n 90
FS PHASE 760 id 3 ph 3 d 4 at (15, 0)
FS STAT 760 id 3 at (15, 0) need 3 orth 0 ti 40 ammo 300 sen 0 hp 40 covden 25 eco 1 lost 0
FS PHASE 765 id 3 ph 2 d 4 at (14, 0)
FS SEAL 766 tile (15, 1) n 91
FS PHASE 767 id 3 ph 3 d 4 at (15, 0)
FS PHASE 773 id 3 ph 2 d 4 at (15, 0)
FS SEAL 773 tile (15, 1) n 92
FS PHASE 774 id 3 ph 3 d 4 at (15, 0)
FS SENTINEL 774 at (14, 0) face SOUTH tgt (14, 3) score 9 n 38 onring 0 lost 0 onsray 0 olddsq -1
FS RUNG 774 id 3 r 4 hi -
FS PHASE 775 id 3 ph 4 d 4 at (15, 0)
PROBE SENTSUICIDE 775 at (14, 0)
FS PHASE 776 id 3 ph 3 d 4 at (15, 0)
FS STAT 780 id 3 at (15, 0) need 3 orth 0 ti 55 ammo 300 sen 0 hp 40 covden 25 eco 1 lost 0
FS PHASE 781 id 3 ph 2 d 4 at (14, 0)
FS SEAL 782 tile (15, 1) n 93
FS PHASE 783 id 3 ph 3 d 4 at (15, 0)
FS PHASE 789 id 3 ph 2 d 4 at (15, 0)
FS SEAL 789 tile (15, 1) n 94
FS PHASE 790 id 3 ph 3 d 4 at (15, 0)
FS SENTINEL 792 at (14, 0) face SOUTH tgt (14, 3) score 9 n 39 onring 0 lost 0 onsray 0 olddsq -1
FS RUNG 792 id 3 r 4 hi -
FS PHASE 793 id 3 ph 4 d 4 at (15, 0)
PROBE SENTSUICIDE 793 at (14, 0)
FS PHASE 794 id 3 ph 3 d 4 at (15, 0)
FS PHASE 797 id 3 ph 2 d 4 at (14, 0)
FS SEAL 798 tile (15, 1) n 95
FS PHASE 799 id 3 ph 3 d 4 at (15, 0)
FS STAT 800 id 3 at (14, 0) need 3 orth 0 ti 63 ammo 300 sen 0 hp 40 covden 25 eco 1 lost 0
FS PHASE 805 id 3 ph 2 d 4 at (15, 0)
FS SEAL 805 tile (15, 1) n 96
FS PHASE 806 id 3 ph 3 d 4 at (15, 0)
FS SENTINEL 808 at (14, 0) face SOUTH tgt (14, 3) score 9 n 40 onring 0 lost 0 onsray 0 olddsq -1
FS RUNG 808 id 3 r 4 hi -
FS PHASE 809 id 3 ph 4 d 4 at (15, 0)
PROBE SENTSUICIDE 809 at (14, 0)
FS PHASE 810 id 3 ph 3 d 4 at (15, 0)
FS PHASE 813 id 3 ph 2 d 4 at (14, 0)
FS SEAL 814 tile (15, 1) n 97
FS PHASE 815 id 3 ph 3 d 4 at (15, 0)
FS STAT 820 id 3 at (14, 0) need 3 orth 0 ti 78 ammo 300 sen 0 hp 40 covden 25 eco 1 lost 0
FS PHASE 821 id 3 ph 2 d 4 at (15, 0)
FS SEAL 821 tile (15, 1) n 98
FS PHASE 822 id 3 ph 3 d 4 at (15, 0)
FS SENTINEL 826 at (14, 0) face SOUTH tgt (14, 3) score 9 n 41 onring 0 lost 0 onsray 0 olddsq -1
FS RUNG 826 id 3 r 4 hi -
FS PHASE 827 id 3 ph 4 d 4 at (15, 0)
PROBE SENTSUICIDE 827 at (14, 0)
FS PHASE 828 id 3 ph 3 d 4 at (15, 0)
FS PHASE 829 id 3 ph 2 d 4 at (14, 0)
FS SEAL 830 tile (15, 1) n 99
FS PHASE 831 id 3 ph 3 d 4 at (15, 0)
FS PHASE 837 id 3 ph 2 d 4 at (15, 0)
FS SEAL 837 tile (15, 1) n 100
FS PHASE 838 id 3 ph 3 d 4 at (15, 0)
FS STAT 840 id 3 at (15, 0) need 3 orth 0 ti 86 ammo 300 sen 0 hp 40 covden 25 eco 1 lost 0
FS SENTINEL 842 at (14, 0) face SOUTH tgt (14, 3) score 9 n 42 onring 0 lost 0 onsray 0 olddsq -1
FS RUNG 842 id 3 r 4 hi -
FS PHASE 843 id 3 ph 4 d 4 at (15, 0)
PROBE SENTSUICIDE 843 at (14, 0)
FS PHASE 844 id 3 ph 3 d 4 at (15, 0)
FS PHASE 845 id 3 ph 2 d 4 at (14, 0)
FS SEAL 846 tile (15, 1) n 101
FS PHASE 847 id 3 ph 3 d 4 at (15, 0)
FS PHASE 853 id 3 ph 2 d 4 at (15, 0)
FS SEAL 853 tile (15, 1) n 102
FS PHASE 854 id 3 ph 3 d 4 at (15, 0)
FS STAT 860 id 3 at (15, 0) need 3 orth 0 ti 101 ammo 300 sen 0 hp 40 covden 25 eco 1 lost 0
FS SENTINEL 860 at (14, 0) face SOUTH tgt (14, 3) score 9 n 43 onring 0 lost 0 onsray 0 olddsq -1
FS RUNG 860 id 3 r 4 hi -
FS PHASE 861 id 3 ph 4 d 4 at (15, 0)
FS SEAL 861 tile (15, 1) n 103
PROBE SENTSUICIDE 861 at (14, 0)
FS PHASE 862 id 3 ph 3 d 4 at (15, 0)
FS PHASE 869 id 3 ph 2 d 4 at (14, 0)
FS SEAL 870 tile (15, 1) n 104
FS PHASE 871 id 3 ph 3 d 4 at (15, 0)
FS SENTINEL 876 at (15, 0) face SOUTH tgt (15, 3) score 9 n 44 onring 0 lost 0 onsray 0 olddsq -1
FS RUNG 876 id 3 r 4 hi -
FS PHASE 877 id 3 ph 4 d 4 at (14, 0)
PROBE SENTSUICIDE 877 at (15, 0)
FS PHASE 878 id 3 ph 2 d 4 at (14, 0)
FS SEAL 879 tile (15, 1) n 105
FS PHASE 880 id 3 ph 3 d 4 at (15, 0)
FS STAT 880 id 3 at (15, 0) need 3 orth 0 ti 38 ammo 300 sen 0 hp 40 covden 25 eco 1 lost 0
FS PHASE 885 id 3 ph 2 d 4 at (14, 0)
FS SEAL 886 tile (15, 1) n 106
FS PHASE 887 id 3 ph 3 d 4 at (15, 0)
FS PHASE 893 id 3 ph 2 d 4 at (15, 0)
FS SEAL 893 tile (15, 1) n 107
FS PHASE 894 id 3 ph 3 d 4 at (15, 0)
FS SENTINEL 896 at (14, 0) face SOUTH tgt (14, 3) score 9 n 45 onring 0 lost 0 onsray 0 olddsq -1
FS RUNG 896 id 3 r 4 hi -
FS PHASE 897 id 3 ph 4 d 4 at (15, 0)
PROBE SENTSUICIDE 897 at (14, 0)
FS PHASE 898 id 3 ph 3 d 4 at (15, 0)
FS STAT 900 id 3 at (15, 0) need 3 orth 0 ti 53 ammo 300 sen 0 hp 40 covden 25 eco 1 lost 0
FS PHASE 901 id 3 ph 2 d 4 at (14, 0)
FS SEAL 902 tile (15, 1) n 108
FS PHASE 903 id 3 ph 3 d 4 at (15, 0)
FS PHASE 909 id 3 ph 2 d 4 at (15, 0)
FS SEAL 909 tile (15, 1) n 109
FS PHASE 910 id 3 ph 3 d 4 at (15, 0)
FS SENTINEL 912 at (14, 0) face SOUTH tgt (14, 3) score 9 n 46 onring 0 lost 0 onsray 0 olddsq -1
FS RUNG 912 id 3 r 4 hi -
FS PHASE 913 id 3 ph 4 d 4 at (15, 0)
PROBE SENTSUICIDE 913 at (14, 0)
FS PHASE 914 id 3 ph 3 d 4 at (15, 0)
FS PHASE 917 id 3 ph 2 d 4 at (14, 0)
FS SEAL 918 tile (15, 1) n 110
FS PHASE 919 id 3 ph 3 d 4 at (15, 0)
FS STAT 920 id 3 at (14, 0) need 3 orth 0 ti 61 ammo 300 sen 0 hp 40 covden 25 eco 1 lost 0
FS PHASE 925 id 3 ph 2 d 4 at (15, 0)
FS SEAL 925 tile (15, 1) n 111
FS PHASE 926 id 3 ph 3 d 4 at (15, 0)
FS SENTINEL 930 at (14, 0) face SOUTH tgt (14, 3) score 9 n 47 onring 0 lost 0 onsray 0 olddsq -1
FS RUNG 930 id 3 r 4 hi -
FS PHASE 931 id 3 ph 4 d 4 at (15, 0)
PROBE SENTSUICIDE 931 at (14, 0)
FS PHASE 932 id 3 ph 3 d 4 at (15, 0)
FS PHASE 933 id 3 ph 2 d 4 at (14, 0)
FS SEAL 934 tile (15, 1) n 112
FS PHASE 935 id 3 ph 3 d 4 at (15, 0)
FS STAT 940 id 3 at (14, 0) need 3 orth 0 ti 76 ammo 300 sen 0 hp 40 covden 25 eco 1 lost 0
FS PHASE 941 id 3 ph 2 d 4 at (15, 0)
FS SEAL 941 tile (15, 1) n 113
FS PHASE 942 id 3 ph 3 d 4 at (15, 0)
FS SENTINEL 946 at (14, 0) face SOUTH tgt (14, 3) score 9 n 48 onring 0 lost 0 onsray 0 olddsq -1
FS RUNG 946 id 3 r 4 hi -
FS PHASE 947 id 3 ph 4 d 4 at (15, 0)
PROBE SENTSUICIDE 947 at (14, 0)
FS PHASE 948 id 3 ph 3 d 4 at (15, 0)
FS PHASE 949 id 3 ph 2 d 4 at (14, 0)
FS SEAL 950 tile (15, 1) n 114
FS PHASE 951 id 3 ph 3 d 4 at (15, 0)
FS PHASE 957 id 3 ph 2 d 4 at (15, 0)
FS SEAL 957 tile (15, 1) n 115
FS PHASE 958 id 3 ph 3 d 4 at (15, 0)
FS STAT 960 id 3 at (15, 0) need 3 orth 0 ti 84 ammo 300 sen 0 hp 40 covden 25 eco 1 lost 0
FS STAT 980 id 3 at (15, 0) need 3 orth 0 ti 94 ammo 390 sen 0 hp 40 covden 25 eco 1 lost 0
