Update available: 2.3.6 -> 2.3.8. Run: pip install --upgrade fcode
FS GATE 0 sig (30, 30, (2, 24), (26, 4)) ok 1
FS GATE 1 sig (30, 30, (2, 24), (26, 4)) ok 1
FS PHASE 1 id 3 ph 1 d 808 at (4, 23)
FS HOPBUILD 1 at (4, 23) lch (5, 23) T (28, 3)
FS GATE 2 sig (30, 30, (2, 24), (26, 4)) ok 1
FS GATE 2 sig (30, 30, (2, 24), (26, 4)) ok 1
FS THROW 2 from (4, 22) to (9, 20) T (28, 3) body 3 n 1 dsq 514
FS HOPBUILD 3 at (9, 20) lch (10, 20) T (28, 3)
FS GATE 3 sig (30, 30, (2, 24), (26, 4)) ok 1
FS GATE 4 sig (30, 30, (2, 24), (26, 4)) ok 1
FS THROW 4 from (9, 19) to (14, 17) T (28, 3) body 3 n 1 dsq 288
FS HOPBUILD 5 at (14, 17) lch (14, 16) T (28, 3)
FS GATE 6 sig (30, 30, (2, 24), (26, 4)) ok 1
FS THROW 6 from (15, 17) to (18, 13) T (28, 3) body 3 n 1 dsq 128
FS HOPBUILD 7 at (18, 13) lch (18, 12) T (28, 3)
FS GATE 8 sig (30, 30, (2, 24), (26, 4)) ok 1
FS THROW 8 from (19, 13) to (22, 9) T (28, 3) body 3 n 1 dsq 32
FS HOPBUILD 9 at (22, 9) lch (22, 8) T (28, 3)
FS GATE 10 sig (30, 30, (2, 24), (26, 4)) ok 1
FS THROW 10 from (23, 9) to (25, 4) T (28, 3) body 3 n 1 dsq 1
FS ARRIVE 11 id 3 body 1 at (25, 4) dsq 1
FS PHASE 11 id 3 ph 2 d 1 at (25, 4)
FS SEAL 11 tile (25, 5) n 1
FS SEAL 12 tile (25, 3) n 2
FS DODGE 13 id 3 from (25, 4) to (24, 4) cov 1 -> 0 hit 0 hp 40
FS GATE 13 sig (30, 30, (2, 24), (26, 4)) ok 1
FS SEAL 14 tile (25, 4) n 3
FS GATE 14 sig (30, 30, (2, 24), (26, 4)) ok 1
FS SEAL 18 tile (26, 6) n 4
FS STAT 20 id 3 at (25, 7) need 6 orth 6 ti 30 ammo 4 sen 0 hp 40 covden 0 eco 0 lost 0
FS SEAL 22 tile (27, 6) n 5
FS SEAL 25 tile (27, 6) n 6
FS SEAL 26 tile (28, 5) n 7
FS SEAL 30 tile (28, 4) n 8
FS SEAL 33 tile (27, 3) n 9
FS SENTINEL 36 at (27, 1) face SOUTH tgt (27, 5) score 16 n 1 onring 0 lost 0 onsray 0 olddsq -1
FS RUNG 36 id 3 r 4 hi -
FS PHASE 37 id 3 ph 5 d 4 at (27, 2)
PROBE SENTSUICIDE 37 at (27, 1)
FS PHASE 38 id 3 ph 2 d 4 at (26, 2)
FS SEAL 38 tile (26, 3) n 10
FS STAT 40 id 3 at (25, 2) need 1 orth 1 ti 34 ammo 24 sen 0 hp 40 covden 0 eco 1 lost 0
FS DODGE 42 id 3 from (24, 3) to (24, 4) cov 1 -> 0 hit 0 hp 40
FS SEAL 43 tile (25, 4) n 11
FS PHASE 44 id 3 ph 3 d 4 at (24, 4)
FS SEAL 46 tile (25, 6) n 12
FS PHASE 48 id 3 ph 2 d 8 at (24, 7)
FS PHASE 59 id 3 ph 3 d 5 at (25, 7)
FS STAT 60 id 3 at (26, 7) need 1 orth 0 ti 37 ammo 60 sen 0 hp 40 covden 0 eco 1 lost 0
FS SEAL 62 tile (28, 6) n 13
FS PHASE 64 id 3 ph 2 d 8 at (29, 7)
FS PHASE 65 id 3 ph 3 d 5 at (29, 6)
FS PHASE 67 id 3 ph 2 d 4 at (29, 4)
FS SENTINEL 68 at (29, 2) face SOUTHWEST tgt (26, 5) score 18 n 2 onring 0 lost 0 onsray 0 olddsq -1
FS RUNG 68 id 3 r 4 hi -
FS PHASE 69 id 3 ph 4 d 5 at (29, 3)
PROBE SENTSUICIDE 69 at (29, 2)
FS PHASE 70 id 3 ph 2 d 2 at (28, 3)
FS STAT 80 id 3 at (28, 3) need 2 orth 2 ti 20 ammo 71 sen 0 hp 40 covden 0 eco 1 lost 0
FS DODGE 86 id 3 from (24, 3) to (24, 4) cov 1 -> 0 hit 0 hp 22
FS SEAL 87 tile (25, 4) n 14
FS SEAL 92 tile (25, 4) n 15
FS SEAL 97 tile (25, 4) n 16
FS STAT 100 id 3 at (24, 6) need 1 orth 1 ti 66 ammo 71 sen 0 hp 22 covden 0 eco 1 lost 0
FS SEAL 104 tile (27, 6) n 17
FS SENTINEL 107 at (24, 7) face NORTHEAST tgt (27, 4) score 18 n 3 onring 0 lost 0 onsray 0 olddsq -1
FS RUNG 107 id 3 r 4 hi -
FS PHASE 108 id 3 ph 4 d 5 at (25, 7)
PROBE SENTSUICIDE 108 at (24, 7)
FS PHASE 109 id 3 ph 2 d 10 at (25, 8)
FS SEAL 114 tile (25, 4) n 18
FS PHASE 115 id 3 ph 3 d 4 at (24, 4)
FS DODGE 116 id 3 from (24, 3) to (24, 4) cov 1 -> 0 hit 0 hp 22
FS DODGE 118 id 3 from (24, 3) to (24, 4) cov 1 -> 0 hit 0 hp 22
FS STAT 120 id 3 at (24, 3) need 1 orth 0 ti 58 ammo 96 sen 0 hp 22 covden 0 eco 1 lost 0
FS DODGE 120 id 3 from (24, 3) to (24, 4) cov 1 -> 0 hit 0 hp 22
FS PHASE 121 id 3 ph 2 d 4 at (24, 4)
FS SEAL 121 tile (25, 4) n 19
FS PHASE 122 id 3 ph 3 d 4 at (24, 4)
FS DODGE 123 id 3 from (24, 3) to (24, 4) cov 1 -> 0 hit 0 hp 22
FS DODGE 125 id 3 from (24, 3) to (24, 4) cov 1 -> 0 hit 0 hp 4
FS DODGE 127 id 3 from (24, 3) to (24, 4) cov 1 -> 0 hit 0 hp 4
FS DOORSEEN 505 id 21 at (8, 22) rank 2
FS DOORSEEN 538 id 8 at (8, 22) rank 2
FS DOORSEEN 551 id 8 at (8, 22) rank 2
FS DOORSEEN 613 id 8 at (8, 22) rank 2
FS DOORSEEN 697 id 8 at (8, 22) rank 2
FS DOORSEEN 733 id 26 at (8, 22) rank 2
FS DOORSEEN 755 id 26 at (8, 25) rank 1
FS DOOR 757 id 26 at (8, 25) n 1
FS DOOR 758 id 26 at (8, 25) n 2
FS DOOR 759 id 26 at (8, 25) n 3
FS DOOR 760 id 26 at (8, 25) n 4
FS DOOR 761 id 26 at (8, 25) n 5
FS DOOR 762 id 26 at (8, 25) n 6
FS DOOR 763 id 26 at (8, 25) n 7
FS DOOR 764 id 26 at (8, 25) n 8
FS DOOR 765 id 26 at (8, 25) n 9
FS DOOR 766 id 26 at (8, 25) n 10
FS DOOR 767 id 26 at (8, 25) n 11
FS DOOR 768 id 26 at (8, 25) n 12
FS DOOR 769 id 26 at (8, 25) n 13
FS DOOR 770 id 26 at (8, 25) n 14
FS DOOR 771 id 26 at (8, 25) n 15
FS DOORSEEN 772 id 26 at (8, 22) rank 2
FS GATE 913 sig (30, 30, (2, 24), (26, 4)) ok 1
FS PHASE 913 id 955 ph 1 d 925 at (4, 26)
FS HOPBUILD 924 at (10, 21) lch (10, 20) T (28, 3)
FS GATE 925 sig (30, 30, (2, 24), (26, 4)) ok 1
FS THROW 925 from (11, 21) to (14, 17) T (28, 3) body 955 n 1 dsq 288
FS ARRIVE 954 id 955 body 1 at (26, 7) dsq 4
FS PHASE 954 id 955 ph 2 d 4 at (26, 7)
FS CLEAR 955 tile (27, 6) peck 1
FS RUNG 955 id 955 r 3 hi -
FS CLEAR 956 tile (27, 6) peck 2
FS RUNG 956 id 955 r 3 hi -
FS CLEAR 957 tile (27, 6) peck 3
FS RUNG 957 id 955 r 3 hi -
FS CLEAR 958 tile (27, 6) peck 4
FS RUNG 958 id 955 r 3 hi -
FS CLEAR 959 tile (27, 6) peck 5
FS RUNG 959 id 955 r 3 hi -
FS STAT 960 id 955 at (27, 7) need 2 orth 2 ti 95 ammo 300 sen 0 hp 40 covden 0 eco 1 lost 0
FS CLEAR 960 tile (27, 6) peck 6
FS RUNG 960 id 955 r 3 hi -
FS CLEAR 961 tile (27, 6) peck 7
FS RUNG 961 id 955 r 3 hi -
FS CLEAR 962 tile (27, 6) peck 8
FS RUNG 962 id 955 r 3 hi -
FS SEAL 969 tile (25, 4) n 1
FS SEAL 974 tile (25, 4) n 2
FS STAT 980 id 955 at (26, 7) need 1 orth 1 ti 115 ammo 300 sen 0 hp 40 covden 0 eco 1 lost 0
FS EVICTOR 981 at (28, 7) ucov 1 cov 0 unseal 1 obs 0
FS RUNG 981 id 955 r 2 hi -
FS PHASE 982 id 955 ph 3 d 4 at (27, 7)
FS CLEAR 982 tile (27, 6) peck 1
FS RUNG 982 id 955 r 3 hi -
FS GATE 982 sig (30, 30, (2, 24), (26, 4)) ok 1
FS CLEAR 983 tile (27, 6) peck 2
FS RUNG 983 id 955 r 3 hi -
FS CLEARED 984 tile (27, 6) n 1
FS PHASE 984 id 955 ph 2 d 4 at (27, 7)
FS SEAL 984 tile (27, 6) n 3
FS SEALCLR 984 tile (27, 6) lag 0
FS PHASE 985 id 955 ph 3 d 4 at (27, 7)
FS PHASE 988 id 955 ph 2 d 8 at (24, 7)
FS PHASE 989 id 955 ph 3 d 5 at (24, 6)
FS DODGE 992 id 955 from (24, 3) to (24, 4) cov 1 -> 0 hit 0 hp 40
FS DODGE 994 id 955 from (24, 3) to (24, 4) cov 1 -> 0 hit 0 hp 40
FS DODGE 996 id 955 from (24, 3) to (24, 4) cov 1 -> 0 hit 0 hp 40
FS DODGE 998 id 955 from (24, 3) to (24, 4) cov 1 -> 0 hit 0 hp 40
