atoll_s28_A	atoll	28	A	US	flagoff	Titanium collected (tiebreak)	1000	0	6640	4960
atoll_s28_B	atoll	28	B	OPP	_v488beltbreak2	Core destroyed	564	0	2830	3160
atoll_s29_A	atoll	29	A	US	flagoff	Core destroyed	485	0	3500	1290
atoll_s29_B	atoll	29	B	OPP	_v488beltbreak2	Core destroyed	438	0	2290	2070
atoll_s30_A	atoll	30	A	US	flagoff	Core destroyed	396	0	2840	1070
atoll_s30_B	atoll	30	B	OPP	_v488beltbreak2	Core destroyed	318	0	360	1550
drakkarfjord_s28_A	drakkarfjord	28	A	OPP	_v488beltbreak2	Titanium collected (tiebreak)	1000	0	5760	14160
drakkarfjord_s28_B	drakkarfjord	28	B	US	flagoff	Core destroyed	143	0	610	0
drakkarfjord_s29_A	drakkarfjord	29	A	US	flagoff	Core destroyed	173	0	760	280
drakkarfjord_s29_B	drakkarfjord	29	B	US	flagoff	Core destroyed	152	0	630	0
drakkarfjord_s30_A	drakkarfjord	30	A	OPP	_v488beltbreak2	Core destroyed	164	0	530	960
drakkarfjord_s30_B	drakkarfjord	30	B	US	flagoff	Core destroyed	161	0	700	0
glacierkeep_s28_A	glacierkeep	28	A	OPP	_v488beltbreak2	Core destroyed	830	0	170	1730
glacierkeep_s28_B	glacierkeep	28	B	OPP	_v488beltbreak2	Core destroyed	831	0	40	610
glacierkeep_s29_A	glacierkeep	29	A	US	flagoff	Core destroyed	337	0	150	0
glacierkeep_s29_B	glacierkeep	29	B	US	flagoff	Core destroyed	141	0	140	0
glacierkeep_s30_A	glacierkeep	30	A	US	flagoff	Core destroyed	293	0	180	0
glacierkeep_s30_B	glacierkeep	30	B	OPP	_v488beltbreak2	Core destroyed	955	0	70	4690
midgard_s28_A	midgard	28	A	US	flagoff	Core destroyed	335	0	1830	810
midgard_s28_B	midgard	28	B	OPP	_v488beltbreak2	Core destroyed	164	0	650	1520
midgard_s29_A	midgard	29	A	OPP	_v488beltbreak2	Core destroyed	266	0	940	2580
midgard_s29_B	midgard	29	B	OPP	_v488beltbreak2	Core destroyed	174	0	500	1400
midgard_s30_A	midgard	30	A	OPP	_v488beltbreak2	Core destroyed	142	0	360	1180
midgard_s30_B	midgard	30	B	OPP	_v488beltbreak2	Core destroyed	188	0	500	2450
nordkap_s28_A	nordkap	28	A	US	flagoff	Core destroyed	240	0	730	260
nordkap_s28_B	nordkap	28	B	US	flagoff	Core destroyed	338	0	2650	1960
nordkap_s29_A	nordkap	29	A	OPP	_v488beltbreak2	Core destroyed	640	0	3260	3540
nordkap_s29_B	nordkap	29	B	OPP	_v488beltbreak2	Core destroyed	534	0	2580	4730
nordkap_s30_A	nordkap	30	A	US	flagoff	Core destroyed	248	0	600	230
nordkap_s30_B	nordkap	30	B	OPP	_v488beltbreak2	Core destroyed	343	0	1940	4760
