Running match: flagoff vs _v468kladturbo
  Map: archipelago.map26  Seed: 8  Replay: 
scratchpad/s51_v517_build/gated/d1/flagoff/rep/archipelago_s8_A.replay26  TLE: 
10ms
Completed turn 0
Completed turn 100
Completed turn 200
Completed turn 300
Completed turn 400
Completed turn 500
Completed turn 600
Completed turn 700
Completed turn 800
Completed turn 900
Replay written to 
scratchpad/s51_v517_build/gated/d1/flagoff/rep/archipelago_s8_A.replay26

  Winner: flagoff  (Titanium collected (tiebreak), turn 1000)

                       flagoff    _v468kladturbo  
  Titanium     28 (2800 mined)    18 (700 mined)  
  Units                      8                 7  
  Buildings                 20                22  

