Running match: flagoff vs _v488beltbreak2
  Map: drakkarfjord.map26  Seed: 45  Replay: 
scratchpad/s51_v523_build/grid/b15/repflagoff/drakkarfjord_s45_A.replay26  TLE: 
10ms
Completed turn 0
Completed turn 100
Completed turn 200
Completed turn 300
Completed turn 400
Completed turn 500
Completed turn 600
Completed turn 700
Completed turn 800
Completed turn 900
Replay written to 
scratchpad/s51_v523_build/grid/b15/repflagoff/drakkarfjord_s45_A.replay26

  Winner: flagoff  (Titanium collected (tiebreak), turn 1000)

                      flagoff    _v488beltbreak2  
  Titanium     31 (310 mined)       41 (0 mined)  
  Units                     7                  8  
  Buildings                81                114  

