Running match: _v488beltbreak2 vs parent
  Map: drakkarfjord.map26  Seed: 408  Replay: 
scratchpad/s51_v518_build/fo2/b2/repp/drakkarfjord_s408_B.replay26  TLE: 10ms
Completed turn 0
Completed turn 100
Completed turn 200
Completed turn 300
Completed turn 400
Completed turn 500
Completed turn 600
Completed turn 700
Completed turn 800
Completed turn 900
Replay written to 
scratchpad/s51_v518_build/fo2/b2/repp/drakkarfjord_s408_B.replay26

  Winner: parent  (Titanium collected (tiebreak), turn 1000)

                  _v488beltbreak2                parent  
  Titanium     5422 (12880 mined)    8799 (15610 mined)  
  Units                        28                    12  
  Buildings                    94                   116  

