Running match: _v488beltbreak2 vs m1_holdoff
  Map: glacierkeep.map26  Seed: 2  Replay: 
scratchpad/s51_v516_build/mech/m1_holdoff/rep/glacierkeep_s2_B.replay26  TLE: 
10ms
Completed turn 0
Completed turn 100
Completed turn 200
Completed turn 300
Completed turn 400
Completed turn 500
Completed turn 600
Completed turn 700
Completed turn 800
Completed turn 900
Replay written to 
scratchpad/s51_v516_build/mech/m1_holdoff/rep/glacierkeep_s2_B.replay26

  Winner: m1_holdoff  (Titanium collected (tiebreak), turn 1000)

               _v488beltbreak2       m1_holdoff  
  Titanium        45 (0 mined)    29 (40 mined)  
  Units                      8                6  
  Buildings                 90               16  

