Running match: parent515 vs _v488beltbreak2
  Map: drakkarfjord.map26  Seed: 119  Replay: 
scratchpad/s51_v516_build/fo/b6/repp/drakkarfjord_s119_A.replay26  TLE: 10ms
Completed turn 0
Completed turn 100
Completed turn 200
Completed turn 300
Completed turn 400
Completed turn 500
Completed turn 600
Completed turn 700
Completed turn 800
Completed turn 900
Replay written to 
scratchpad/s51_v516_build/fo/b6/repp/drakkarfjord_s119_A.replay26

  Winner: _v488beltbreak2  (Titanium collected (tiebreak), turn 1000)

                       parent515       _v488beltbreak2  
  Titanium     2983 (4860 mined)    6348 (15520 mined)  
  Units                       15                    49  
  Buildings                   59                   148  

