Running match: _v488beltbreak2 vs iSALT
  Map: nordkap.map26  Seed: 835  Replay: 
scratchpad/s51_v523_build/iso/b12/repiSALT/nordkap_s835_B.replay26  TLE: 10ms
Completed turn 0
Completed turn 100
Completed turn 200
Completed turn 300
Completed turn 400
Completed turn 500
Completed turn 600
Completed turn 700
Completed turn 800
Completed turn 900
Replay written to 
scratchpad/s51_v523_build/iso/b12/repiSALT/nordkap_s835_B.replay26

  Winner: _v488beltbreak2  (Core destroyed, turn 971)

               _v488beltbreak2             iSALT  
  Titanium      66 (680 mined)    56 (130 mined)  
  Units                      9                 2  
  Buildings                 55                 6  

