Update available: 2.3.6 -> 2.3.8. Run: pip install --upgrade fcode
FS GATE 0 sig (30, 30, (2, 2), (26, 26)) ok 1
V524 0 sig (30, 30, (2, 2), (26, 26)) grid_known True confirmed False
FS GATE 1 sig (30, 30, (2, 2), (26, 26)) ok 1
V524 1 sig (30, 30, (2, 2), (26, 26)) grid_known True confirmed False
FS PHASE 1 id 3 ph 1 d 968 at (4, 4)
FS GATE 2 sig (30, 30, (2, 2), (26, 26)) ok 1
V524 2 sig (30, 30, (2, 2), (26, 26)) grid_known True confirmed False
FS GATE 3 sig (30, 30, (2, 2), (26, 26)) ok 1
V524 3 sig (30, 30, (2, 2), (26, 26)) grid_known True confirmed False
FS GATE 4 sig (30, 30, (2, 2), (26, 26)) ok 1
V524 4 sig (30, 30, (2, 2), (26, 26)) grid_known True confirmed False
FS PHASE 4 id 9 ph 1 d 1013 at (3, 4)
FS HOPBUILD 5 at (4, 4) lch (5, 4) T (28, 28)
FS GATE 6 sig (30, 30, (2, 2), (26, 26)) ok 1
V524 6 sig (30, 30, (2, 2), (26, 26)) grid_known True confirmed False
FS THROW 6 from (4, 4) to (8, 8) T (28, 28) body 3 n 1 dsq 648
FS HOPBUILD 7 at (8, 8) lch (9, 8) T (28, 28)
FS THROW 8 from (5, 5) to (8, 8) T (28, 28) body 9 n 2 dsq 648
FS GATE 8 sig (30, 30, (2, 2), (26, 26)) ok 1
V524 8 sig (30, 30, (2, 2), (26, 26)) grid_known True confirmed False
FS THROW 8 from (8, 9) to (13, 11) T (28, 28) body 3 n 1 dsq 394
FS HOPBUILD 9 at (13, 11) lch (14, 11) T (28, 28)
FS THROW 9 from (8, 9) to (11, 12) T (28, 28) body 9 n 2 dsq 421
FS GATE 10 sig (30, 30, (2, 2), (26, 26)) ok 1
V524 10 sig (30, 30, (2, 2), (26, 26)) grid_known True confirmed False
FS THROW 10 from (13, 11) to (17, 15) T (28, 28) body 3 n 1 dsq 202
FS HOPBUILD 11 at (17, 15) lch (18, 15) T (28, 28)
FS THROW 12 from (13, 11) to (18, 14) T (28, 28) body 9 n 2 dsq 208
FS GATE 12 sig (30, 30, (2, 2), (26, 26)) ok 1
V524 12 sig (30, 30, (2, 2), (26, 26)) grid_known True confirmed False
FS THROW 12 from (17, 15) to (21, 19) T (28, 28) body 3 n 1 dsq 74
FS HOPBUILD 13 at (21, 19) lch (21, 20) T (28, 28)
FS THROW 13 from (19, 14) to (22, 18) T (28, 28) body 9 n 2 dsq 80
FS GATE 14 sig (30, 30, (2, 2), (26, 26)) ok 1
V524 14 sig (30, 30, (2, 2), (26, 26)) grid_known True confirmed False
FS THROW 14 from (22, 19) to (25, 23) T (28, 28) body 3 n 1 dsq 10
FS HOPBUILD 15 at (25, 23) lch (26, 23) T (28, 28)
FS THROW 15 from (21, 19) to (24, 24) T (28, 28) body 9 n 2 dsq 8
FS ARRIVE 16 id 9 body 2 at (24, 24) dsq 8
FS PHASE 16 id 9 ph 2 d 8 at (24, 24)
FS GATE 16 sig (30, 30, (2, 2), (26, 26)) ok 1
V524 16 sig (30, 30, (2, 2), (26, 26)) grid_known True confirmed False
FS SPLIT 16 arc 2 to (28, 26) body 3 walk 0
FS ARRIVE 17 id 3 body 1 at (28, 26) dsq 1
FS PHASE 17 id 3 ph 2 d 1 at (28, 26)
FS SEAL 17 tile (28, 27) n 1
FS SEAL 17 tile (25, 25) n 1
FS EVICTOR 18 at (24, 26) ucov 1 cov 0 unseal 2 obs 0
FS RUNG 18 id 9 r 2 hi -
FS SEAL 19 tile (28, 26) n 2
FS GATE 19 sig (30, 30, (2, 2), (26, 26)) ok 1
V524 19 sig (30, 30, (2, 2), (26, 26)) grid_known True confirmed False
FS SPLIT 19 arc 2 to (28, 25) body 9 walk 1
FS STAT 20 id 3 at (29, 26) need 4 orth 4 ti 34 ammo 16 sen 0 hp 22 covden 0 eco 1 lost 0
FS STAT 20 id 9 at (28, 25) need 4 orth 3 ti 34 ammo 16 sen 0 hp 40 covden 2 eco 1 lost 0
FS EVICT 20 from (23, 25) to (28, 29)
FS SEAL 23 tile (27, 28) n 3
FS DODGE 23 id 9 from (26, 24) to (26, 25) cov 1 -> 0 hit 0 hp 40
FS DODGE 25 id 9 from (26, 24) to (26, 25) cov 1 -> 0 hit 0 hp 22
FS DODGE 27 id 9 from (26, 24) to (26, 25) cov 1 -> 0 hit 0 hp 4
FS SEAL 29 tile (28, 26) n 4
FS SEAL 34 tile (28, 26) n 5
FS SEAL 39 tile (28, 26) n 6
FS STAT 40 id 3 at (28, 25) need 3 orth 2 ti 72 ammo 16 sen 0 hp 22 covden 12 eco 1 lost 0
FS SEAL 42 tile (28, 26) n 7
FS SEAL 49 tile (26, 28) n 8
FS CLEAR 52 tile (25, 27) peck 1
FS RUNG 52 id 3 r 3 hi -
FS CLEAR 53 tile (25, 27) peck 2
FS RUNG 53 id 3 r 3 hi -
FS CLEAR 54 tile (25, 27) peck 3
FS RUNG 54 id 3 r 3 hi -
FS CLEAR 55 tile (25, 27) peck 4
FS RUNG 55 id 3 r 3 hi -
FS CLEAR 56 tile (25, 27) peck 5
FS RUNG 56 id 3 r 3 hi -
FS CLEAR 57 tile (25, 27) peck 6
FS RUNG 57 id 3 r 3 hi -
FS CLEAR 58 tile (25, 27) peck 7
FS RUNG 58 id 3 r 3 hi -
FS CLEAR 59 tile (25, 27) peck 8
FS RUNG 59 id 3 r 3 hi -
FS STAT 60 id 3 at (25, 28) need 3 orth 2 ti 85 ammo 24 sen 0 hp 22 covden 26 eco 1 lost 0
FS SENTINEL 61 at (24, 29) face NORTHEAST tgt (27, 26) score 18 n 1 onring 0 lost 0 gate (1, 1, 6) onsray 0 olddsq -1
FS PHASE 62 id 3 ph 5 d 5 at (24, 28)
FS GATE 62 sig (30, 30, (2, 2), (26, 26)) ok 1
V524 62 sig (30, 30, (2, 2), (26, 26)) grid_known True confirmed False
FS GATE 63 sig (30, 30, (2, 2), (26, 26)) ok 1
V524 63 sig (30, 30, (2, 2), (26, 26)) grid_known True confirmed False
FS GATE 64 sig (30, 30, (2, 2), (26, 26)) ok 1
V524 64 sig (30, 30, (2, 2), (26, 26)) grid_known True confirmed False
FS GATE 65 sig (30, 30, (2, 2), (26, 26)) ok 1
V524 65 sig (30, 30, (2, 2), (26, 26)) grid_known True confirmed False
FS GATE 66 sig (30, 30, (2, 2), (26, 26)) ok 1
V524 66 sig (30, 30, (2, 2), (26, 26)) grid_known True confirmed False
FS GATE 67 sig (30, 30, (2, 2), (26, 26)) ok 1
V524 67 sig (30, 30, (2, 2), (26, 26)) grid_known True confirmed False
FS GATE 68 sig (30, 30, (2, 2), (26, 26)) ok 1
V524 68 sig (30, 30, (2, 2), (26, 26)) grid_known True confirmed False
FS GATE 69 sig (30, 30, (2, 2), (26, 26)) ok 1
V524 69 sig (30, 30, (2, 2), (26, 26)) grid_known True confirmed False
FS GATE 70 sig (30, 30, (2, 2), (26, 26)) ok 1
V524 70 sig (30, 30, (2, 2), (26, 26)) grid_known True confirmed False
FS GATE 71 sig (30, 30, (2, 2), (26, 26)) ok 1
V524 71 sig (30, 30, (2, 2), (26, 26)) grid_known True confirmed False
FS GATE 72 sig (30, 30, (2, 2), (26, 26)) ok 1
V524 72 sig (30, 30, (2, 2), (26, 26)) grid_known True confirmed False
FS GATE 73 sig (30, 30, (2, 2), (26, 26)) ok 1
V524 73 sig (30, 30, (2, 2), (26, 26)) grid_known True confirmed False
FS GATE 74 sig (30, 30, (2, 2), (26, 26)) ok 1
V524 74 sig (30, 30, (2, 2), (26, 26)) grid_known True confirmed False
FS GATE 75 sig (30, 30, (2, 2), (26, 26)) ok 1
V524 75 sig (30, 30, (2, 2), (26, 26)) grid_known True confirmed False
FS GATE 76 sig (30, 30, (2, 2), (26, 26)) ok 1
V524 76 sig (30, 30, (2, 2), (26, 26)) grid_known True confirmed False
FS GATE 77 sig (30, 30, (2, 2), (26, 26)) ok 1
V524 77 sig (30, 30, (2, 2), (26, 26)) grid_known True confirmed False
FS GATE 78 sig (30, 30, (2, 2), (26, 26)) ok 1
V524 78 sig (30, 30, (2, 2), (26, 26)) grid_known True confirmed False
FS GATE 79 sig (30, 30, (2, 2), (26, 26)) ok 1
V524 79 sig (30, 30, (2, 2), (26, 26)) grid_known True confirmed False
FS STAT 80 id 3 at (25, 28) need 3 orth 2 ti 14 ammo 101 sen 1 hp 22 covden 46 eco 1 lost 0
FS GATE 80 sig (30, 30, (2, 2), (26, 26)) ok 1
V524 80 sig (30, 30, (2, 2), (26, 26)) grid_known True confirmed False
FS GATE 81 sig (30, 30, (2, 2), (26, 26)) ok 1
V524 81 sig (30, 30, (2, 2), (26, 26)) grid_known True confirmed False
FS GATE 82 sig (30, 30, (2, 2), (26, 26)) ok 1
V524 82 sig (30, 30, (2, 2), (26, 26)) grid_known True confirmed False
FS GATE 83 sig (30, 30, (2, 2), (26, 26)) ok 1
V524 83 sig (30, 30, (2, 2), (26, 26)) grid_known True confirmed False
FS GATE 84 sig (30, 30, (2, 2), (26, 26)) ok 1
V524 84 sig (30, 30, (2, 2), (26, 26)) grid_known True confirmed False
FS GATE 85 sig (30, 30, (2, 2), (26, 26)) ok 1
V524 85 sig (30, 30, (2, 2), (26, 26)) grid_known True confirmed False
FS GATE 86 sig (30, 30, (2, 2), (26, 26)) ok 1
V524 86 sig (30, 30, (2, 2), (26, 26)) grid_known True confirmed False
FS GATE 87 sig (30, 30, (2, 2), (26, 26)) ok 1
V524 87 sig (30, 30, (2, 2), (26, 26)) grid_known True confirmed False
FS GATE 88 sig (30, 30, (2, 2), (26, 26)) ok 1
V524 88 sig (30, 30, (2, 2), (26, 26)) grid_known True confirmed False
FS GATE 89 sig (30, 30, (2, 2), (26, 26)) ok 1
V524 89 sig (30, 30, (2, 2), (26, 26)) grid_known True confirmed False
FS GATE 90 sig (30, 30, (2, 2), (26, 26)) ok 1
V524 90 sig (30, 30, (2, 2), (26, 26)) grid_known True confirmed False
FS GATE 91 sig (30, 30, (2, 2), (26, 26)) ok 1
V524 91 sig (30, 30, (2, 2), (26, 26)) grid_known True confirmed False
FS GATE 92 sig (30, 30, (2, 2), (26, 26)) ok 1
V524 92 sig (30, 30, (2, 2), (26, 26)) grid_known True confirmed False
FS GATE 93 sig (30, 30, (2, 2), (26, 26)) ok 1
V524 93 sig (30, 30, (2, 2), (26, 26)) grid_known True confirmed False
FS GATE 94 sig (30, 30, (2, 2), (26, 26)) ok 1
V524 94 sig (30, 30, (2, 2), (26, 26)) grid_known True confirmed False
FS GATE 95 sig (30, 30, (2, 2), (26, 26)) ok 1
V524 95 sig (30, 30, (2, 2), (26, 26)) grid_known True confirmed False
FS GATE 96 sig (30, 30, (2, 2), (26, 26)) ok 1
V524 96 sig (30, 30, (2, 2), (26, 26)) grid_known True confirmed False
FS GATE 97 sig (30, 30, (2, 2), (26, 26)) ok 1
V524 97 sig (30, 30, (2, 2), (26, 26)) grid_known True confirmed False
FS GATE 98 sig (30, 30, (2, 2), (26, 26)) ok 1
V524 98 sig (30, 30, (2, 2), (26, 26)) grid_known True confirmed False
FS GATE 99 sig (30, 30, (2, 2), (26, 26)) ok 1
V524 99 sig (30, 30, (2, 2), (26, 26)) grid_known True confirmed False
FS STAT 100 id 3 at (25, 28) need 3 orth 2 ti 12 ammo 103 sen 1 hp 22 covden 66 eco 1 lost 0
FS GATE 100 sig (30, 30, (2, 2), (26, 26)) ok 1
V524 100 sig (30, 30, (2, 2), (26, 26)) grid_known True confirmed False
FS GATE 101 sig (30, 30, (2, 2), (26, 26)) ok 1
V524 101 sig (30, 30, (2, 2), (26, 26)) grid_known True confirmed False
FS GATE 102 sig (30, 30, (2, 2), (26, 26)) ok 1
V524 102 sig (30, 30, (2, 2), (26, 26)) grid_known True confirmed False
FS GATE 103 sig (30, 30, (2, 2), (26, 26)) ok 1
V524 103 sig (30, 30, (2, 2), (26, 26)) grid_known True confirmed False
FS GATE 104 sig (30, 30, (2, 2), (26, 26)) ok 1
V524 104 sig (30, 30, (2, 2), (26, 26)) grid_known True confirmed False
FS GATE 105 sig (30, 30, (2, 2), (26, 26)) ok 1
V524 105 sig (30, 30, (2, 2), (26, 26)) grid_known True confirmed False
FS GATE 106 sig (30, 30, (2, 2), (26, 26)) ok 1
V524 106 sig (30, 30, (2, 2), (26, 26)) grid_known True confirmed False
FS GATE 107 sig (30, 30, (2, 2), (26, 26)) ok 1
V524 107 sig (30, 30, (2, 2), (26, 26)) grid_known True confirmed False
FS GATE 108 sig (30, 30, (2, 2), (26, 26)) ok 1
V524 108 sig (30, 30, (2, 2), (26, 26)) grid_known True confirmed False
FS GATE 109 sig (30, 30, (2, 2), (26, 26)) ok 1
V524 109 sig (30, 30, (2, 2), (26, 26)) grid_known True confirmed False
FS GATE 110 sig (30, 30, (2, 2), (26, 26)) ok 1
V524 110 sig (30, 30, (2, 2), (26, 26)) grid_known True confirmed False
FS GATE 111 sig (30, 30, (2, 2), (26, 26)) ok 1
V524 111 sig (30, 30, (2, 2), (26, 26)) grid_known True confirmed False
FS GATE 112 sig (30, 30, (2, 2), (26, 26)) ok 1
V524 112 sig (30, 30, (2, 2), (26, 26)) grid_known True confirmed False
FS GATE 113 sig (30, 30, (2, 2), (26, 26)) ok 1
V524 113 sig (30, 30, (2, 2), (26, 26)) grid_known True confirmed False
FS GATE 114 sig (30, 30, (2, 2), (26, 26)) ok 1
V524 114 sig (30, 30, (2, 2), (26, 26)) grid_known True confirmed False
FS GATE 115 sig (30, 30, (2, 2), (26, 26)) ok 1
V524 115 sig (30, 30, (2, 2), (26, 26)) grid_known True confirmed False
FS GATE 116 sig (30, 30, (2, 2), (26, 26)) ok 1
V524 116 sig (30, 30, (2, 2), (26, 26)) grid_known True confirmed False
FS GATE 117 sig (30, 30, (2, 2), (26, 26)) ok 1
V524 117 sig (30, 30, (2, 2), (26, 26)) grid_known True confirmed False
FS GATE 118 sig (30, 30, (2, 2), (26, 26)) ok 1
V524 118 sig (30, 30, (2, 2), (26, 26)) grid_known True confirmed False
FS GATE 119 sig (30, 30, (2, 2), (26, 26)) ok 1
V524 119 sig (30, 30, (2, 2), (26, 26)) grid_known True confirmed False
FS STAT 120 id 3 at (25, 28) need 3 orth 2 ti 12 ammo 63 sen 1 hp 22 covden 86 eco 1 lost 0
FS GATE 120 sig (30, 30, (2, 2), (26, 26)) ok 1
V524 120 sig (30, 30, (2, 2), (26, 26)) grid_known True confirmed False
FS GATE 121 sig (30, 30, (2, 2), (26, 26)) ok 1
V524 121 sig (30, 30, (2, 2), (26, 26)) grid_known True confirmed False
FS GATE 122 sig (30, 30, (2, 2), (26, 26)) ok 1
V524 122 sig (30, 30, (2, 2), (26, 26)) grid_known True confirmed False
FS GATE 123 sig (30, 30, (2, 2), (26, 26)) ok 1
V524 123 sig (30, 30, (2, 2), (26, 26)) grid_known True confirmed False
FS GATE 124 sig (30, 30, (2, 2), (26, 26)) ok 1
V524 124 sig (30, 30, (2, 2), (26, 26)) grid_known True confirmed False
FS GATE 125 sig (30, 30, (2, 2), (26, 26)) ok 1
V524 125 sig (30, 30, (2, 2), (26, 26)) grid_known True confirmed False
FS GATE 126 sig (30, 30, (2, 2), (26, 26)) ok 1
V524 126 sig (30, 30, (2, 2), (26, 26)) grid_known True confirmed False
FS GATE 127 sig (30, 30, (2, 2), (26, 26)) ok 1
V524 127 sig (30, 30, (2, 2), (26, 26)) grid_known True confirmed False
FS GATE 128 sig (30, 30, (2, 2), (26, 26)) ok 1
V524 128 sig (30, 30, (2, 2), (26, 26)) grid_known True confirmed False
FS GATE 129 sig (30, 30, (2, 2), (26, 26)) ok 1
V524 129 sig (30, 30, (2, 2), (26, 26)) grid_known True confirmed False
FS GATE 130 sig (30, 30, (2, 2), (26, 26)) ok 1
V524 130 sig (30, 30, (2, 2), (26, 26)) grid_known True confirmed False
FS GATE 131 sig (30, 30, (2, 2), (26, 26)) ok 1
V524 131 sig (30, 30, (2, 2), (26, 26)) grid_known True confirmed False
FS GATE 132 sig (30, 30, (2, 2), (26, 26)) ok 1
V524 132 sig (30, 30, (2, 2), (26, 26)) grid_known True confirmed False
FS GATE 133 sig (30, 30, (2, 2), (26, 26)) ok 1
V524 133 sig (30, 30, (2, 2), (26, 26)) grid_known True confirmed False
FS GATE 134 sig (30, 30, (2, 2), (26, 26)) ok 1
V524 134 sig (30, 30, (2, 2), (26, 26)) grid_known True confirmed False
FS GATE 135 sig (30, 30, (2, 2), (26, 26)) ok 1
V524 135 sig (30, 30, (2, 2), (26, 26)) grid_known True confirmed False
FS GATE 136 sig (30, 30, (2, 2), (26, 26)) ok 1
V524 136 sig (30, 30, (2, 2), (26, 26)) grid_known True confirmed False
FS GATE 137 sig (30, 30, (2, 2), (26, 26)) ok 1
V524 137 sig (30, 30, (2, 2), (26, 26)) grid_known True confirmed False
FS GATE 138 sig (30, 30, (2, 2), (26, 26)) ok 1
V524 138 sig (30, 30, (2, 2), (26, 26)) grid_known True confirmed False
FS GATE 139 sig (30, 30, (2, 2), (26, 26)) ok 1
V524 139 sig (30, 30, (2, 2), (26, 26)) grid_known True confirmed False
FS STAT 140 id 3 at (25, 28) need 3 orth 2 ti 12 ammo 13 sen 1 hp 22 covden 106 eco 1 lost 0
FS GATE 140 sig (30, 30, (2, 2), (26, 26)) ok 1
V524 140 sig (30, 30, (2, 2), (26, 26)) grid_known True confirmed False
FS GATE 141 sig (30, 30, (2, 2), (26, 26)) ok 1
V524 141 sig (30, 30, (2, 2), (26, 26)) grid_known True confirmed False
FS GATE 142 sig (30, 30, (2, 2), (26, 26)) ok 1
V524 142 sig (30, 30, (2, 2), (26, 26)) grid_known True confirmed False
FS GATE 143 sig (30, 30, (2, 2), (26, 26)) ok 1
V524 143 sig (30, 30, (2, 2), (26, 26)) grid_known True confirmed False
FS GATE 144 sig (30, 30, (2, 2), (26, 26)) ok 1
V524 144 sig (30, 30, (2, 2), (26, 26)) grid_known True confirmed False
FS GATE 145 sig (30, 30, (2, 2), (26, 26)) ok 1
V524 145 sig (30, 30, (2, 2), (26, 26)) grid_known True confirmed False
FS GATE 146 sig (30, 30, (2, 2), (26, 26)) ok 1
V524 146 sig (30, 30, (2, 2), (26, 26)) grid_known True confirmed False
FS GATE 147 sig (30, 30, (2, 2), (26, 26)) ok 1
V524 147 sig (30, 30, (2, 2), (26, 26)) grid_known True confirmed False
FS CLEAR 148 tile (25, 27) peck 1
FS RUNG 148 id 3 r 3 hi -
FS GATE 148 sig (30, 30, (2, 2), (26, 26)) ok 1
V524 148 sig (30, 30, (2, 2), (26, 26)) grid_known True confirmed False
FS CLEAR 149 tile (25, 27) peck 2
FS RUNG 149 id 3 r 3 hi -
FS GATE 149 sig (30, 30, (2, 2), (26, 26)) ok 1
V524 149 sig (30, 30, (2, 2), (26, 26)) grid_known True confirmed False
FS CLEARED 150 tile (25, 27) n 1
FS SEAL 150 tile (25, 27) n 9
FS SEALCLR 150 tile (25, 27) lag 0
FS GATE 150 sig (30, 30, (2, 2), (26, 26)) ok 1
V524 150 sig (30, 30, (2, 2), (26, 26)) grid_known True confirmed False
FS GATE 151 sig (30, 30, (2, 2), (26, 26)) ok 1
V524 151 sig (30, 30, (2, 2), (26, 26)) grid_known True confirmed False
FS SEAL 152 tile (25, 28) n 10
FS GATE 152 sig (30, 30, (2, 2), (26, 26)) ok 1
V524 152 sig (30, 30, (2, 2), (26, 26)) grid_known True confirmed False
FS GATE 153 sig (30, 30, (2, 2), (26, 26)) ok 1
V524 153 sig (30, 30, (2, 2), (26, 26)) grid_known True confirmed False
FS GATE 154 sig (30, 30, (2, 2), (26, 26)) ok 1
V524 154 sig (30, 30, (2, 2), (26, 26)) grid_known True confirmed False
FS GATE 155 sig (30, 30, (2, 2), (26, 26)) ok 1
V524 155 sig (30, 30, (2, 2), (26, 26)) grid_known True confirmed False
FS GATE 156 sig (30, 30, (2, 2), (26, 26)) ok 1
V524 156 sig (30, 30, (2, 2), (26, 26)) grid_known True confirmed False
FS GATE 157 sig (30, 30, (2, 2), (26, 26)) ok 1
V524 157 sig (30, 30, (2, 2), (26, 26)) grid_known True confirmed False
FS GATE 158 sig (30, 30, (2, 2), (26, 26)) ok 1
V524 158 sig (30, 30, (2, 2), (26, 26)) grid_known True confirmed False
FS GATE 159 sig (30, 30, (2, 2), (26, 26)) ok 1
V524 159 sig (30, 30, (2, 2), (26, 26)) grid_known True confirmed False
FS STAT 160 id 3 at (21, 28) need 6 orth 5 ti 46 ammo 3 sen 1 hp 22 covden 115 eco 1 lost 0
FS GATE 160 sig (30, 30, (2, 2), (26, 26)) ok 1
V524 160 sig (30, 30, (2, 2), (26, 26)) grid_known True confirmed False
FS GATE 161 sig (30, 30, (2, 2), (26, 26)) ok 1
V524 161 sig (30, 30, (2, 2), (26, 26)) grid_known True confirmed False
FS GATE 162 sig (30, 30, (2, 2), (26, 26)) ok 1
V524 162 sig (30, 30, (2, 2), (26, 26)) grid_known True confirmed False
FS GATE 163 sig (30, 30, (2, 2), (26, 26)) ok 1
V524 163 sig (30, 30, (2, 2), (26, 26)) grid_known True confirmed False
FS GATE 164 sig (30, 30, (2, 2), (26, 26)) ok 1
V524 164 sig (30, 30, (2, 2), (26, 26)) grid_known True confirmed False
FS GATE 165 sig (30, 30, (2, 2), (26, 26)) ok 1
V524 165 sig (30, 30, (2, 2), (26, 26)) grid_known True confirmed False
FS GATE 166 sig (30, 30, (2, 2), (26, 26)) ok 1
V524 166 sig (30, 30, (2, 2), (26, 26)) grid_known True confirmed False
FS GATE 167 sig (30, 30, (2, 2), (26, 26)) ok 1
V524 167 sig (30, 30, (2, 2), (26, 26)) grid_known True confirmed False
FS GATE 168 sig (30, 30, (2, 2), (26, 26)) ok 1
V524 168 sig (30, 30, (2, 2), (26, 26)) grid_known True confirmed False
FS GATE 169 sig (30, 30, (2, 2), (26, 26)) ok 1
V524 169 sig (30, 30, (2, 2), (26, 26)) grid_known True confirmed False
FS GATE 170 sig (30, 30, (2, 2), (26, 26)) ok 1
V524 170 sig (30, 30, (2, 2), (26, 26)) grid_known True confirmed False
FS GATE 171 sig (30, 30, (2, 2), (26, 26)) ok 1
V524 171 sig (30, 30, (2, 2), (26, 26)) grid_known True confirmed False
FS GATE 172 sig (30, 30, (2, 2), (26, 26)) ok 1
V524 172 sig (30, 30, (2, 2), (26, 26)) grid_known True confirmed False
FS GATE 173 sig (30, 30, (2, 2), (26, 26)) ok 1
V524 173 sig (30, 30, (2, 2), (26, 26)) grid_known True confirmed False
FS GATE 174 sig (30, 30, (2, 2), (26, 26)) ok 1
V524 174 sig (30, 30, (2, 2), (26, 26)) grid_known True confirmed False
FS GATE 175 sig (30, 30, (2, 2), (26, 26)) ok 1
V524 175 sig (30, 30, (2, 2), (26, 26)) grid_known True confirmed False
FS GATE 176 sig (30, 30, (2, 2), (26, 26)) ok 1
V524 176 sig (30, 30, (2, 2), (26, 26)) grid_known True confirmed False
FS GATE 177 sig (30, 30, (2, 2), (26, 26)) ok 1
V524 177 sig (30, 30, (2, 2), (26, 26)) grid_known True confirmed False
FS GATE 178 sig (30, 30, (2, 2), (26, 26)) ok 1
V524 178 sig (30, 30, (2, 2), (26, 26)) grid_known True confirmed False
FS GATE 179 sig (30, 30, (2, 2), (26, 26)) ok 1
V524 179 sig (30, 30, (2, 2), (26, 26)) grid_known True confirmed False
FS STAT 180 id 3 at (21, 28) need 6 orth 5 ti 29 ammo 3 sen 1 hp 22 covden 115 eco 1 lost 0
FS GATE 180 sig (30, 30, (2, 2), (26, 26)) ok 1
V524 180 sig (30, 30, (2, 2), (26, 26)) grid_known True confirmed False
FS GATE 181 sig (30, 30, (2, 2), (26, 26)) ok 1
V524 181 sig (30, 30, (2, 2), (26, 26)) grid_known True confirmed False
FS GATE 182 sig (30, 30, (2, 2), (26, 26)) ok 1
V524 182 sig (30, 30, (2, 2), (26, 26)) grid_known True confirmed False
FS GATE 183 sig (30, 30, (2, 2), (26, 26)) ok 1
V524 183 sig (30, 30, (2, 2), (26, 26)) grid_known True confirmed False
FS GATE 184 sig (30, 30, (2, 2), (26, 26)) ok 1
V524 184 sig (30, 30, (2, 2), (26, 26)) grid_known True confirmed False
FS GATE 185 sig (30, 30, (2, 2), (26, 26)) ok 1
V524 185 sig (30, 30, (2, 2), (26, 26)) grid_known True confirmed False
FS GATE 186 sig (30, 30, (2, 2), (26, 26)) ok 1
V524 186 sig (30, 30, (2, 2), (26, 26)) grid_known True confirmed False
FS GATE 187 sig (30, 30, (2, 2), (26, 26)) ok 1
V524 187 sig (30, 30, (2, 2), (26, 26)) grid_known True confirmed False
FS GATE 188 sig (30, 30, (2, 2), (26, 26)) ok 1
V524 188 sig (30, 30, (2, 2), (26, 26)) grid_known True confirmed False
FS GATE 189 sig (30, 30, (2, 2), (26, 26)) ok 1
V524 189 sig (30, 30, (2, 2), (26, 26)) grid_known True confirmed False
FS GATE 190 sig (30, 30, (2, 2), (26, 26)) ok 1
V524 190 sig (30, 30, (2, 2), (26, 26)) grid_known True confirmed False
FS GATE 191 sig (30, 30, (2, 2), (26, 26)) ok 1
V524 191 sig (30, 30, (2, 2), (26, 26)) grid_known True confirmed False
FS GATE 192 sig (30, 30, (2, 2), (26, 26)) ok 1
V524 192 sig (30, 30, (2, 2), (26, 26)) grid_known True confirmed False
FS GATE 193 sig (30, 30, (2, 2), (26, 26)) ok 1
V524 193 sig (30, 30, (2, 2), (26, 26)) grid_known True confirmed False
FS GATE 194 sig (30, 30, (2, 2), (26, 26)) ok 1
V524 194 sig (30, 30, (2, 2), (26, 26)) grid_known True confirmed False
FS GATE 195 sig (30, 30, (2, 2), (26, 26)) ok 1
V524 195 sig (30, 30, (2, 2), (26, 26)) grid_known True confirmed False
FS GATE 196 sig (30, 30, (2, 2), (26, 26)) ok 1
V524 196 sig (30, 30, (2, 2), (26, 26)) grid_known True confirmed False
FS GATE 197 sig (30, 30, (2, 2), (26, 26)) ok 1
V524 197 sig (30, 30, (2, 2), (26, 26)) grid_known True confirmed False
FS GATE 198 sig (30, 30, (2, 2), (26, 26)) ok 1
V524 198 sig (30, 30, (2, 2), (26, 26)) grid_known True confirmed False
FS GATE 199 sig (30, 30, (2, 2), (26, 26)) ok 1
V524 199 sig (30, 30, (2, 2), (26, 26)) grid_known True confirmed False
FS STAT 200 id 3 at (21, 28) need 6 orth 5 ti 12 ammo 25 sen 1 hp 22 covden 115 eco 1 lost 0
FS GATE 200 sig (30, 30, (2, 2), (26, 26)) ok 1
V524 200 sig (30, 30, (2, 2), (26, 26)) grid_known True confirmed False
FS GATE 201 sig (30, 30, (2, 2), (26, 26)) ok 1
V524 201 sig (30, 30, (2, 2), (26, 26)) grid_known True confirmed False
FS GATE 202 sig (30, 30, (2, 2), (26, 26)) ok 1
V524 202 sig (30, 30, (2, 2), (26, 26)) grid_known True confirmed False
FS GATE 203 sig (30, 30, (2, 2), (26, 26)) ok 1
V524 203 sig (30, 30, (2, 2), (26, 26)) grid_known True confirmed False
FS GATE 204 sig (30, 30, (2, 2), (26, 26)) ok 1
V524 204 sig (30, 30, (2, 2), (26, 26)) grid_known True confirmed False
FS GATE 205 sig (30, 30, (2, 2), (26, 26)) ok 1
V524 205 sig (30, 30, (2, 2), (26, 26)) grid_known True confirmed False
FS GATE 206 sig (30, 30, (2, 2), (26, 26)) ok 1
V524 206 sig (30, 30, (2, 2), (26, 26)) grid_known True confirmed False
FS GATE 207 sig (30, 30, (2, 2), (26, 26)) ok 1
V524 207 sig (30, 30, (2, 2), (26, 26)) grid_known True confirmed False
FS GATE 208 sig (30, 30, (2, 2), (26, 26)) ok 1
V524 208 sig (30, 30, (2, 2), (26, 26)) grid_known True confirmed False
FS GATE 209 sig (30, 30, (2, 2), (26, 26)) ok 1
V524 209 sig (30, 30, (2, 2), (26, 26)) grid_known True confirmed False
FS GATE 210 sig (30, 30, (2, 2), (26, 26)) ok 1
V524 210 sig (30, 30, (2, 2), (26, 26)) grid_known True confirmed False
FS GATE 211 sig (30, 30, (2, 2), (26, 26)) ok 1
V524 211 sig (30, 30, (2, 2), (26, 26)) grid_known True confirmed False
FS GATE 212 sig (30, 30, (2, 2), (26, 26)) ok 1
V524 212 sig (30, 30, (2, 2), (26, 26)) grid_known True confirmed False
FS GATE 213 sig (30, 30, (2, 2), (26, 26)) ok 1
V524 213 sig (30, 30, (2, 2), (26, 26)) grid_known True confirmed False
FS GATE 214 sig (30, 30, (2, 2), (26, 26)) ok 1
V524 214 sig (30, 30, (2, 2), (26, 26)) grid_known True confirmed False
FS GATE 215 sig (30, 30, (2, 2), (26, 26)) ok 1
V524 215 sig (30, 30, (2, 2), (26, 26)) grid_known True confirmed False
FS GATE 216 sig (30, 30, (2, 2), (26, 26)) ok 1
V524 216 sig (30, 30, (2, 2), (26, 26)) grid_known True confirmed False
FS GATE 217 sig (30, 30, (2, 2), (26, 26)) ok 1
V524 217 sig (30, 30, (2, 2), (26, 26)) grid_known True confirmed False
FS GATE 218 sig (30, 30, (2, 2), (26, 26)) ok 1
V524 218 sig (30, 30, (2, 2), (26, 26)) grid_known True confirmed False
FS GATE 219 sig (30, 30, (2, 2), (26, 26)) ok 1
V524 219 sig (30, 30, (2, 2), (26, 26)) grid_known True confirmed False
FS STAT 220 id 3 at (21, 28) need 6 orth 5 ti 12 ammo 15 sen 1 hp 22 covden 115 eco 1 lost 0
FS GATE 220 sig (30, 30, (2, 2), (26, 26)) ok 1
V524 220 sig (30, 30, (2, 2), (26, 26)) grid_known True confirmed False
