Running match: iCOREFUND vs _v488beltbreak2
  Map: atoll.map26  Seed: 532  Replay: 
scratchpad/s51_v522_build/iso/b11/repiCOREFUND/atoll_s532_A.replay26  TLE: 10ms
Completed turn 0
Completed turn 100
Completed turn 200
Completed turn 300
Completed turn 400
Completed turn 500
Completed turn 600
Completed turn 700
Completed turn 800
Completed turn 900
Replay written to 
scratchpad/s51_v522_build/iso/b11/repiCOREFUND/atoll_s532_A.replay26

  Winner: _v488beltbreak2  (Titanium collected (tiebreak), turn 1000)

                      iCOREFUND      _v488beltbreak2  
  Titanium     416 (7320 mined)    1601 (9280 mined)  
  Units                      25                   26  
  Buildings                  19                   24  

