Running match: _v488beltbreak2 vs _v519cripple
  Map: yulerune.map26  Seed: 23  Replay: 
scratchpad/s51_v519_build/grid/b8/repv519/yulerune_s23_B.replay26  TLE: 10ms
Completed turn 0
Completed turn 100
Completed turn 200
Completed turn 300
Completed turn 400
Completed turn 500
Completed turn 600
Completed turn 700
Completed turn 800
Completed turn 900
Replay written to 
scratchpad/s51_v519_build/grid/b8/repv519/yulerune_s23_B.replay26

  Winner: _v519cripple  (Titanium collected (tiebreak), turn 1000)

               _v488beltbreak2      _v519cripple  
  Titanium     116 (480 mined)    48 (490 mined)  
  Units                      5                 9  
  Buildings                 43                44  

