Update available: 2.3.6 -> 2.3.8. Run: pip install --upgrade fcode
V530 MOUTH arm rnd=5 seat=1 ore=1,2 links=7 sock=8,2
V530 MOUTH arm rnd=7 seat=2 ore=6,7 links=8 sock=10,3
V530 MOUTH link rnd=8 seat=1 tile=8,2 face=EAST left=6
V530 MOUTH link rnd=10 seat=1 tile=7,2 face=EAST left=5
V530 MOUTH link rnd=11 seat=2 tile=10,3 face=NORTH left=7
V530 MOUTH arm rnd=11 seat=4 ore=13,7 links=7 sock=10,3
V530 MOUTH link rnd=12 seat=1 tile=6,2 face=EAST left=4
V530 MOUTH link rnd=12 seat=4 tile=10,4 face=NORTH left=5
V530 MOUTH link rnd=14 seat=1 tile=5,2 face=EAST left=3
V530 MOUTH link rnd=14 seat=2 tile=10,5 face=NORTH left=5
V530 MOUTH link rnd=16 seat=1 tile=4,2 face=EAST left=2
V530 MOUTH link rnd=16 seat=2 tile=10,6 face=NORTH left=4
V530 MOUTH link rnd=18 seat=1 tile=3,2 face=EAST left=1
V530 MOUTH link rnd=18 seat=2 tile=10,7 face=NORTH left=3
V530 MOUTH link rnd=20 seat=1 tile=2,2 face=EAST left=0
V530 MOUTH link rnd=20 seat=2 tile=9,7 face=EAST left=2
V530 MOUTH link rnd=22 seat=2 tile=8,7 face=EAST left=1
V530 MOUTH link rnd=22 seat=4 tile=11,6 face=WEST left=2
V530 MOUTH link rnd=24 seat=2 tile=7,7 face=EAST left=0
V530 MOUTH link rnd=24 seat=4 tile=12,6 face=WEST left=1
V530 MOUTH link rnd=26 seat=4 tile=13,6 face=WEST left=0
V530 MOUTH ttl rnd=66 seat=1 left=0
V530 MOUTH ttl rnd=68 seat=2 left=0
V530 MOUTH ttl rnd=83 seat=4 left=0
