Running match: pinceronly vs _v468kladturbo
  Map: archipelago.map26  Seed: 212  Replay: 
scratchpad/s51_v521_build/mode/archipelago/reppinceronly/archipelago_s212_A.repl
ay26  TLE: 10ms
Completed turn 0
Completed turn 100
Completed turn 200
Completed turn 300
Completed turn 400
Completed turn 500
Completed turn 600
Completed turn 700
Completed turn 800
Completed turn 900
Replay written to 
scratchpad/s51_v521_build/mode/archipelago/reppinceronly/archipelago_s212_A.repl
ay26

  Winner: pinceronly  (Titanium collected (tiebreak), turn 1000)

                     pinceronly     _v468kladturbo  
  Titanium     123 (5010 mined)    47 (5000 mined)  
  Units                       6                  6  
  Buildings                  21                 22  

