Running match: _v488beltbreak2 vs iPRES
  Map: nordkap.map26  Seed: 534  Replay: 
scratchpad/s51_v520_build/iso/b12/repiPRES/nordkap_s534_B.replay26  TLE: 10ms
Completed turn 0
Completed turn 100
Completed turn 200
Completed turn 300
Completed turn 400
Completed turn 500
Completed turn 600
Completed turn 700
Completed turn 800
Completed turn 900
Replay written to 
scratchpad/s51_v520_build/iso/b12/repiPRES/nordkap_s534_B.replay26

  Winner: iPRES  (Titanium collected (tiebreak), turn 1000)

               _v488beltbreak2             iPRES  
  Titanium        38 (0 mined)    43 (200 mined)  
  Units                      8                 4  
  Buildings                 29                17  

