Running match: _v488beltbreak2 vs parent516
  Map: drakkarfjord.map26  Seed: 24  Replay: 
scratchpad/s51_v517_build/grid/b8/rep516/drakkarfjord_s24_B.replay26  TLE: 10ms
Completed turn 0
Completed turn 100
Completed turn 200
Completed turn 300
Completed turn 400
Completed turn 500
Completed turn 600
Completed turn 700
Completed turn 800
Completed turn 900
Replay written to 
scratchpad/s51_v517_build/grid/b8/rep516/drakkarfjord_s24_B.replay26

  Winner: _v488beltbreak2  (Titanium collected (tiebreak), turn 1000)

                _v488beltbreak2         parent516  
  Titanium     168 (1680 mined)    28 (290 mined)  
  Units                      14                 6  
  Buildings                 149                57  

