Update available: 2.3.6 -> 2.3.8. Run: pip install --upgrade fcode
FS GATE 0 sig (20, 26, (9, 6), (9, 18)) ok 1
FS GATE 1 sig (20, 26, (9, 6), (9, 18)) ok 1
FS PHASE 1 id 3 ph 1 d 100 at (9, 8)
FS HOPBUILD 1 at (9, 8) lch (9, 9) T (11, 20)
FS GATE 2 sig (20, 26, (9, 6), (9, 18)) ok 1
FS GATE 2 sig (20, 26, (9, 6), (9, 18)) ok 1
FS THROW 2 from (10, 8) to (10, 14) T (11, 20)
FS HOPBUILD 3 at (10, 14) lch (10, 15) T (11, 20)
FS GATE 3 sig (20, 26, (9, 6), (9, 18)) ok 1
FS GATE 4 sig (20, 26, (9, 6), (9, 18)) ok 1
FS THROW 4 from (11, 14) to (11, 20) T (11, 20)
FS PHASE 5 id 3 ph 2 d 2 at (11, 20)
FS SEAL 5 tile (11, 19) n 1
FS SEAL 6 tile (10, 20) n 2
FS DODGE 7 id 3 from (11, 20) to (12, 20) cov 1 -> 0 hit 0 hp 40
FS GATE 7 sig (20, 26, (9, 6), (9, 18)) ok 1
FS GATE 8 sig (20, 26, (9, 6), (9, 18)) ok 1
FS DOORSEEN 9 id 8 at (12, 10) rank 1
FS DOORSEEN 9 id 20 at (12, 10) rank 1
FS GATE 9 sig (20, 26, (9, 6), (9, 18)) ok 1
FS SEAL 10 tile (11, 18) n 3
FS DOOR 11 id 8 at (12, 10) n 1
FS DOOR 12 id 8 at (12, 10) n 2
FS DODGE 13 id 3 from (11, 17) to (10, 17) cov 1 -> 0 hit 0 hp 40
FS DOOR 13 id 8 at (12, 10) n 3
FS SEAL 14 tile (9, 17) n 4
FS DOOR 14 id 8 at (12, 10) n 4
FS DOOR 14 id 20 at (12, 10) n 1
FS DOOR 15 id 8 at (12, 10) n 5
FS DOOR 15 id 20 at (12, 10) n 2
FS CLEAR 16 tile (10, 17) peck 1
FS RUNG 16 id 3 r 3 hi -
FS DOOR 16 id 8 at (12, 10) n 6
FS DOOR 16 id 20 at (12, 10) n 3
FS DOOR 17 id 8 at (12, 10) n 7
FS DOOR 17 id 20 at (12, 10) n 4
FS DOOR 18 id 8 at (12, 10) n 8
FS DOOR 18 id 20 at (12, 10) n 5
FS DOOR 19 id 8 at (12, 10) n 9
FS DOOR 19 id 20 at (12, 10) n 6
FS STAT 20 id 3 at (9, 16) need 7 orth 6 ti 39 ammo 24 sen 0 hp 40
FS DOOR 20 id 8 at (12, 10) n 10
FS DOOR 20 id 20 at (12, 10) n 7
FS SEAL 21 tile (8, 17) n 5
FS DOOR 21 id 8 at (12, 10) n 11
FS DOOR 21 id 20 at (12, 10) n 8
FS DOOR 22 id 8 at (12, 10) n 12
FS DOOR 22 id 20 at (12, 10) n 9
FS DOOR 23 id 8 at (12, 10) n 13
FS DOOR 23 id 20 at (12, 10) n 10
FS DOOR 24 id 8 at (12, 10) n 14
FS DOOR 24 id 20 at (12, 10) n 11
FS DOOR 25 id 8 at (12, 10) n 15
FS DOOR 27 id 20 at (12, 10) n 12
FS DOOR 28 id 20 at (12, 10) n 13
FS DOOR 32 id 8 at (12, 10) n 16
FS DOOR 33 id 8 at (12, 10) n 17
FS DOOR 36 id 8 at (12, 10) n 18
FS DOOR 37 id 8 at (12, 10) n 19
FS DOOR 37 id 20 at (12, 10) n 14
FS DOOR 38 id 8 at (12, 10) n 20
FS DOOR 39 id 8 at (12, 10) n 21
FS STAT 40 id 3 at (10, 16) need 3 orth 3 ti 15 ammo 24 sen 0 hp 40
FS DOOR 40 id 8 at (12, 10) n 22
FS DOOR 40 id 20 at (12, 10) n 15
FS DOOR 41 id 8 at (12, 10) n 23
FS DOOR 44 id 8 at (12, 10) n 24
FS DOORSEEN 47 id 5 at (12, 10) rank 0
FS DOOR 47 id 8 at (12, 10) n 25
FS DOOR 48 id 8 at (12, 10) n 26
FS DOOR 49 id 5 at (12, 10) n 1
FS DOOR 49 id 8 at (12, 10) n 27
FS DOOR 51 id 5 at (12, 10) n 2
FS DOOR 52 id 5 at (12, 10) n 3
FS DOOR 53 id 5 at (12, 10) n 4
FS FORCEDEATH 60 id 3
FS DOORSEEN 112 id 5 at (12, 8) rank 0
FS DOORSEEN 112 id 8 at (12, 8) rank 0
FS DOORSEEN 112 id 20 at (12, 8) rank 0
FS DOOR 113 id 20 at (12, 8) n 16
FS DOOR 114 id 5 at (12, 8) n 5
FS DOOR 114 id 20 at (12, 8) n 17
FS DOOR 117 id 5 at (12, 8) n 6
FS DOOR 117 id 8 at (12, 8) n 28
FS DOOR 117 id 20 at (12, 8) n 18
FS DOOR 118 id 5 at (12, 8) n 7
FS DOOR 118 id 8 at (12, 8) n 29
FS DOOR 121 id 5 at (12, 8) n 8
FS DOOR 121 id 8 at (12, 8) n 30
FS DOOR 126 id 5 at (12, 8) n 9
FS DOOR 126 id 8 at (12, 8) n 31
FS DOOR 128 id 20 at (12, 8) n 19
FS DOOR 129 id 5 at (12, 8) n 10
FS DOOR 133 id 8 at (12, 8) n 32
FS DOOR 133 id 20 at (12, 8) n 20
FS DOOR 134 id 5 at (12, 8) n 11
FS DOOR 134 id 8 at (12, 8) n 33
FS DOOR 136 id 20 at (12, 8) n 21
FS DOOR 137 id 5 at (12, 8) n 12
FS DOOR 137 id 20 at (12, 8) n 22
FS DOOR 138 id 5 at (12, 8) n 13
FS DOOR 138 id 20 at (12, 8) n 23
FS DOOR 141 id 5 at (12, 8) n 14
FS DOOR 141 id 8 at (12, 8) n 34
FS DOOR 142 id 5 at (12, 8) n 15
FS DOOR 142 id 8 at (12, 8) n 35
FS DOOR 143 id 5 at (12, 8) n 16
FS DOOR 144 id 5 at (12, 8) n 17
FS DOOR 145 id 5 at (12, 8) n 18
FS DOOR 145 id 8 at (12, 8) n 36
FS DOOR 145 id 20 at (12, 8) n 24
FS DOOR 146 id 5 at (12, 8) n 19
FS DOOR 148 id 20 at (12, 8) n 25
FS DOOR 149 id 5 at (12, 8) n 20
FS DOOR 149 id 20 at (12, 8) n 26
FS DOOR 150 id 5 at (12, 8) n 21
FS DOOR 150 id 20 at (12, 8) n 27
FS DOORSEEN 162 id 5 at (12, 8) rank 0
