Update available: 2.3.6 -> 2.3.8. Run: pip install --upgrade fcode
V527 PICKASK 1 adj 0 pick - cutall 0
V527 BUNKER HOLD 1 why notarmed blk armed orth 8
V527 PICKASK 2 adj 1 pick (5, 5) cutall 0
V527 PICKASK 3 adj 0 pick - cutall 0
V527 BUNKER HOLD 3 why notarmed blk armed orth 8
V527 PICKASK 4 adj 1 pick (6, 5) cutall 0
V527 PICKASK 4 adj 0 pick - cutall 0
V527 BUNKER HOLD 4 why notarmed blk armed orth 7
V527 PICKASK 5 adj 0 pick - cutall 0
V527 BUNKER HOLD 5 why notarmed blk armed orth 7
V527 PICKASK 5 adj 0 pick - cutall 0
V527 BUNKER HOLD 5 why notarmed blk armed orth 7
V527 PICKASK 6 adj 0 pick - cutall 0
V527 BUNKER HOLD 6 why notarmed blk armed orth 7
V527 PICKASK 6 adj 1 pick - cutall 1
V527 SELFCUT 6 n 1
V527 PICKASK 7 adj 0 pick - cutall 0
V527 BUNKER HOLD 7 why notarmed blk armed orth 6
V527 PICKASK 7 adj 0 pick - cutall 0
V527 BUNKER HOLD 7 why notarmed blk armed orth 6
V527 PICKASK 8 adj 1 pick (5, 7) cutall 0
V527 BUNKER HOLD 8 why notarmed blk armed orth 6
V527 PICKASK 9 adj 0 pick - cutall 0
V527 BUNKER HOLD 9 why notarmed blk armed orth 6
V527 PICKASK 9 adj 1 pick (5, 7) cutall 0
V527 BUNKER HOLD 9 why notarmed blk armed orth 6
V527 PICKASK 10 adj 0 pick - cutall 0
V527 BUNKER HOLD 10 why notarmed blk armed orth 6
V527 PICKASK 10 adj 1 pick (5, 7) cutall 0
V527 BUNKER HOLD 10 why notarmed blk armed orth 6
V527 PICKASK 11 adj 1 pick (8, 7) cutall 0
V527 PICKASK 11 adj 1 pick (5, 7) cutall 0
V527 BUNKER HOLD 11 why notarmed blk armed orth 4
V527 PICKASK 12 adj 0 pick - cutall 0
V527 BUNKER HOLD 12 why notarmed blk armed orth 4
V527 PICKASK 12 adj 1 pick (5, 7) cutall 0
V527 BUNKER HOLD 12 why notarmed blk armed orth 5
V527 PICKASK 13 adj 2 pick (7, 5) cutall 0
V527 PICKASK 14 adj 1 pick (8, 6) cutall 0
V527 PICKASK 14 adj 0 pick - cutall 0
V527 BUNKER HOLD 14 why notarmed blk armed orth 3
V527 PICKASK 15 adj 0 pick - cutall 0
V527 BUNKER HOLD 15 why notarmed blk armed orth 3
V527 PICKASK 15 adj 2 pick (5, 7) cutall 0
V527 REORDER 15 was (6, 8) now (5, 7) n 1
V527 PICKASK 16 adj 0 pick - cutall 0
V527 BUNKER HOLD 16 why notarmed blk armed orth 2
V527 PICKASK 16 adj 1 pick (5, 7) cutall 0
V527 BUNKER HOLD 16 why notarmed blk armed orth 2
V527 PICKASK 17 adj 0 pick - cutall 0
V527 BUNKER HOLD 17 why notarmed blk armed orth 2
V527 PICKASK 17 adj 1 pick (5, 7) cutall 0
V527 BUNKER HOLD 17 why notarmed blk armed orth 2
V527 PICKASK 18 adj 0 pick - cutall 0
V527 BUNKER HOLD 18 why notarmed blk armed orth 2
V527 PICKASK 18 adj 1 pick (5, 7) cutall 0
V527 BUNKER HOLD 18 why notarmed blk armed orth 2
V527 PICKASK 19 adj 0 pick - cutall 0
V527 BUNKER HOLD 19 why notarmed blk armed orth 2
V527 PICKASK 19 adj 1 pick (5, 7) cutall 0
V527 BUNKER HOLD 19 why notarmed blk armed orth 2
V527 PICKASK 20 adj 1 pick (7, 8) cutall 0
V527 PICKASK 20 adj 1 pick (5, 7) cutall 0
V527 BUNKER HOLD 20 why collar blk gate
V527 PICKASK 21 adj 0 pick - cutall 0
V527 BUNKER HOLD 21 why collar blk gate
V527 PICKASK 21 adj 1 pick (5, 7) cutall 0
V527 PICKASK 22 adj 0 pick - cutall 0
V527 BUNKER HOLD 22 why trapped blk gate
V527 PICKASK 23 adj 0 pick - cutall 0
V527 BUNKER HOLD 23 why collar blk gate
V527 PICKASK 23 adj 0 pick - cutall 0
V527 BUNKER HOLD 23 why trapped blk gate
V527 PICKASK 24 adj 0 pick - cutall 0
V527 BUNKER HOLD 24 why collar blk gate
V527 PICKASK 24 adj 0 pick - cutall 0
V527 BUNKER HOLD 24 why collar blk gate
V527 PICKASK 25 adj 0 pick - cutall 0
V527 BUNKER HOLD 25 why collar blk gate
V527 PICKASK 25 adj 1 pick (5, 8) cutall 0
V527 BUNKER HOLD 25 why collar blk gate
V527 PICKASK 26 adj 1 pick (8, 5) cutall 0
V527 PICKASK 26 adj 1 pick (5, 8) cutall 0
V527 BUNKER HOLD 26 why collar blk gate
V527 PICKASK 27 adj 0 pick - cutall 0
V527 BUNKER HOLD 27 why collar blk gate
V527 PICKASK 27 adj 1 pick (5, 8) cutall 0
V527 BUNKER HOLD 27 why collar blk gate
V527 PICKASK 28 adj 0 pick - cutall 0
V527 BUNKER HOLD 28 why notarmed blk armed orth 2
V527 PICKASK 28 adj 1 pick (5, 8) cutall 0
V527 BUNKER HOLD 28 why collar blk gate
V527 PICKASK 29 adj 0 pick - cutall 0
V527 BUNKER HOLD 29 why collar blk gate
V527 PICKASK 29 adj 1 pick (5, 8) cutall 0
V527 BUNKER HOLD 29 why collar blk gate
V527 PICKASK 30 adj 0 pick - cutall 0
V527 BUNKER HOLD 30 why notarmed blk armed orth 3
V527 PICKASK 30 adj 1 pick (5, 8) cutall 0
V527 BUNKER HOLD 30 why collar blk gate
V527 PICKASK 31 adj 0 pick - cutall 0
V527 BUNKER HOLD 31 why collar blk gate
V527 PICKASK 31 adj 1 pick (5, 8) cutall 0
V527 BUNKER HOLD 31 why collar blk gate
V527 PICKASK 32 adj 0 pick - cutall 0
V527 BUNKER HOLD 32 why notarmed blk armed orth 3
V527 PICKASK 32 adj 1 pick (5, 8) cutall 0
V527 BUNKER HOLD 32 why collar blk gate
V527 PICKASK 33 adj 1 pick (5, 8) cutall 0
V527 BUNKER HOLD 33 why collar blk gate
V527 PICKASK 34 adj 0 pick - cutall 0
V527 BUNKER HOLD 34 why notarmed blk armed orth 2
V527 PICKASK 34 adj 1 pick (5, 8) cutall 0
V527 BUNKER HOLD 34 why collar blk gate
V527 PICKASK 35 adj 1 pick (5, 8) cutall 0
V527 BUNKER HOLD 35 why collar blk gate
V527 PICKASK 36 adj 0 pick - cutall 0
V527 BUNKER HOLD 36 why notarmed blk armed orth 2
V527 PICKASK 36 adj 1 pick (5, 8) cutall 0
V527 BUNKER HOLD 36 why collar blk gate
V527 PICKASK 37 adj 1 pick (5, 8) cutall 0
V527 BUNKER HOLD 37 why collar blk gate
V527 PICKASK 38 adj 0 pick - cutall 0
V527 BUNKER HOLD 38 why notarmed blk armed orth 2
V527 PICKASK 38 adj 1 pick (5, 8) cutall 0
V527 BUNKER HOLD 38 why collar blk gate
V527 PICKASK 39 adj 1 pick (5, 8) cutall 0
V527 BUNKER HOLD 39 why collar blk gate
V527 PICKASK 40 adj 0 pick - cutall 0
V527 BUNKER HOLD 40 why notarmed blk armed orth 2
V527 PICKASK 40 adj 1 pick (5, 8) cutall 0
V527 BUNKER HOLD 40 why collar blk gate
V527 PICKASK 41 adj 1 pick (5, 8) cutall 0
V527 BUNKER HOLD 41 why collar blk gate
V527 PICKASK 42 adj 0 pick - cutall 0
V527 BUNKER HOLD 42 why notarmed blk armed orth 2
V527 PICKASK 42 adj 1 pick (5, 8) cutall 0
V527 BUNKER HOLD 42 why collar blk gate
V527 PICKASK 43 adj 1 pick (5, 8) cutall 0
V527 BUNKER HOLD 43 why collar blk gate
V527 PICKASK 44 adj 0 pick - cutall 0
V527 BUNKER HOLD 44 why notarmed blk armed orth 2
V527 PICKASK 44 adj 1 pick (5, 8) cutall 0
V527 BUNKER HOLD 44 why collar blk gate
V527 PICKASK 45 adj 1 pick (5, 8) cutall 0
V527 BUNKER HOLD 45 why collar blk gate
V527 PICKASK 46 adj 0 pick - cutall 0
V527 BUNKER HOLD 46 why notarmed blk armed orth 2
V527 PICKASK 46 adj 1 pick (5, 8) cutall 0
V527 BUNKER HOLD 46 why collar blk gate
V527 PICKASK 47 adj 1 pick (5, 8) cutall 0
V527 BUNKER HOLD 47 why collar blk gate
V527 PICKASK 48 adj 0 pick - cutall 0
V527 BUNKER HOLD 48 why notarmed blk armed orth 2
V527 PICKASK 48 adj 1 pick (5, 8) cutall 0
V527 BUNKER HOLD 48 why collar blk gate
V527 PICKASK 49 adj 1 pick (5, 8) cutall 0
V527 BUNKER HOLD 49 why collar blk gate
V527 PICKASK 50 adj 0 pick - cutall 0
V527 BUNKER HOLD 50 why notarmed blk armed orth 2
V527 PICKASK 50 adj 1 pick (5, 8) cutall 0
V527 BUNKER HOLD 50 why collar blk gate
V527 PICKASK 51 adj 1 pick (5, 8) cutall 0
V527 BUNKER HOLD 51 why collar blk gate
V527 PICKASK 52 adj 0 pick - cutall 0
V527 BUNKER HOLD 52 why notarmed blk armed orth 2
V527 PICKASK 52 adj 1 pick (5, 8) cutall 0
V527 BUNKER HOLD 52 why collar blk gate
V527 PICKASK 53 adj 1 pick (5, 8) cutall 0
V527 BUNKER HOLD 53 why collar blk gate
V527 PICKASK 54 adj 0 pick - cutall 0
V527 BUNKER HOLD 54 why notarmed blk armed orth 2
V527 PICKASK 54 adj 1 pick (5, 8) cutall 0
V527 BUNKER HOLD 54 why collar blk gate
V527 PICKASK 55 adj 1 pick (5, 8) cutall 0
V527 BUNKER HOLD 55 why collar blk gate
V527 PICKASK 56 adj 1 pick (5, 8) cutall 0
V527 BUNKER HOLD 56 why collar blk gate
V527 PICKASK 57 adj 1 pick (5, 8) cutall 0
V527 BUNKER HOLD 57 why collar blk gate
V527 PICKASK 58 adj 1 pick (5, 8) cutall 0
V527 BUNKER HOLD 58 why collar blk gate
V527 PICKASK 59 adj 1 pick (5, 8) cutall 0
V527 BUNKER HOLD 59 why collar blk gate
V527 PICKASK 60 adj 1 pick (5, 8) cutall 0
V527 BUNKER HOLD 60 why collar blk gate
V527 PICKASK 61 adj 1 pick (5, 8) cutall 0
V527 BUNKER HOLD 61 why collar blk gate
V527 PICKASK 62 adj 1 pick (5, 8) cutall 0
V527 BUNKER HOLD 62 why collar blk gate
V527 PICKASK 63 adj 1 pick (5, 8) cutall 0
V527 BUNKER HOLD 63 why collar blk gate
V527 PICKASK 64 adj 1 pick (5, 8) cutall 0
V527 BUNKER HOLD 64 why collar blk gate
V527 PICKASK 65 adj 1 pick (5, 8) cutall 0
V527 BUNKER HOLD 65 why collar blk gate
V527 PICKASK 66 adj 1 pick (5, 8) cutall 0
V527 BUNKER HOLD 66 why collar blk gate
V527 PICKASK 67 adj 1 pick (5, 8) cutall 0
V527 BUNKER HOLD 67 why collar blk gate
V527 PICKASK 68 adj 1 pick (5, 8) cutall 0
V527 BUNKER HOLD 68 why collar blk gate
V527 PICKASK 69 adj 1 pick (5, 8) cutall 0
V527 BUNKER HOLD 69 why collar blk gate
V527 PICKASK 70 adj 1 pick (5, 8) cutall 0
V527 BUNKER HOLD 70 why collar blk gate
V527 PICKASK 71 adj 1 pick (5, 8) cutall 0
V527 BUNKER HOLD 71 why collar blk gate
V527 PICKASK 72 adj 1 pick (5, 8) cutall 0
V527 BUNKER HOLD 72 why collar blk gate
V527 PICKASK 73 adj 1 pick (5, 8) cutall 0
V527 BUNKER HOLD 73 why collar blk gate
V527 PICKASK 74 adj 1 pick (5, 8) cutall 0
V527 BUNKER HOLD 74 why collar blk gate
V527 PICKASK 75 adj 1 pick (5, 8) cutall 0
V527 BUNKER HOLD 75 why collar blk gate
V527 PICKASK 76 adj 1 pick (5, 8) cutall 0
V527 BUNKER HOLD 76 why collar blk gate
V527 PICKASK 77 adj 1 pick (5, 8) cutall 0
V527 BUNKER HOLD 77 why collar blk gate
V527 PICKASK 78 adj 1 pick (5, 8) cutall 0
V527 BUNKER HOLD 78 why collar blk gate
V527 PICKASK 79 adj 1 pick (5, 8) cutall 0
V527 BUNKER HOLD 79 why collar blk gate
V527 PICKASK 80 adj 1 pick (5, 8) cutall 0
V527 BUNKER HOLD 80 why collar blk gate
V527 PICKASK 81 adj 1 pick (5, 8) cutall 0
V527 BUNKER HOLD 81 why collar blk gate
V527 PICKASK 82 adj 1 pick (5, 8) cutall 0
V527 BUNKER HOLD 82 why collar blk gate
V527 PICKASK 83 adj 1 pick (5, 8) cutall 0
V527 BUNKER HOLD 83 why collar blk gate
V527 PICKASK 84 adj 1 pick (5, 8) cutall 0
V527 BUNKER HOLD 84 why collar blk gate
V527 PICKASK 85 adj 1 pick (5, 8) cutall 0
V527 BUNKER HOLD 85 why collar blk gate
V527 PICKASK 86 adj 1 pick (5, 8) cutall 0
V527 BUNKER HOLD 86 why collar blk gate
V527 PICKASK 87 adj 1 pick (5, 8) cutall 0
V527 BUNKER HOLD 87 why collar blk gate
V527 PICKASK 88 adj 1 pick (5, 8) cutall 0
V527 BUNKER HOLD 88 why collar blk gate
V527 PICKASK 89 adj 1 pick (5, 8) cutall 0
V527 BUNKER HOLD 89 why collar blk gate
V527 PICKASK 90 adj 1 pick (5, 8) cutall 0
V527 BUNKER HOLD 90 why collar blk gate
V527 PICKASK 91 adj 1 pick (5, 8) cutall 0
V527 BUNKER HOLD 91 why collar blk gate
V527 PICKASK 92 adj 1 pick (5, 8) cutall 0
V527 BUNKER HOLD 92 why collar blk gate
V527 PICKASK 93 adj 1 pick (5, 8) cutall 0
V527 BUNKER HOLD 93 why collar blk gate
V527 PICKASK 94 adj 1 pick (5, 8) cutall 0
V527 BUNKER HOLD 94 why collar blk gate
V527 PICKASK 95 adj 1 pick (5, 8) cutall 0
V527 BUNKER HOLD 95 why collar blk gate
V527 PICKASK 96 adj 1 pick (5, 8) cutall 0
V527 BUNKER HOLD 96 why collar blk gate
V527 PICKASK 97 adj 1 pick (5, 8) cutall 0
V527 BUNKER HOLD 97 why collar blk gate
V527 PICKASK 98 adj 1 pick (5, 8) cutall 0
V527 BUNKER HOLD 98 why collar blk gate
V527 PICKASK 99 adj 1 pick (5, 8) cutall 0
V527 BUNKER HOLD 99 why collar blk gate
V527 PICKASK 100 adj 1 pick (5, 8) cutall 0
V527 BUNKER HOLD 100 why collar blk gate
V527 PICKASK 101 adj 1 pick (5, 8) cutall 0
V527 BUNKER HOLD 101 why collar blk gate
V527 PICKASK 102 adj 1 pick (5, 8) cutall 0
V527 BUNKER HOLD 102 why collar blk gate
V527 PICKASK 103 adj 1 pick (5, 8) cutall 0
V527 BUNKER HOLD 103 why collar blk gate
V527 PICKASK 104 adj 1 pick (5, 8) cutall 0
V527 BUNKER HOLD 104 why collar blk gate
