Running match: iSALT vs _v488beltbreak2
  Map: midgard.map26  Seed: 802  Replay: 
scratchpad/s51_v523_build/iso/b1/repiSALT/midgard_s802_A.replay26  TLE: 10ms
Completed turn 0
Completed turn 100
Completed turn 200
Completed turn 300
Completed turn 400
Completed turn 500
Completed turn 600
Completed turn 700
Completed turn 800
Completed turn 900
Replay written to 
scratchpad/s51_v523_build/iso/b1/repiSALT/midgard_s802_A.replay26

  Winner: _v488beltbreak2  (Titanium collected (tiebreak), turn 1000)

                        iSALT    _v488beltbreak2  
  Titanium     96 (610 mined)    114 (780 mined)  
  Units                     6                  8  
  Buildings                40                 67  

