Running match: _v488beltbreak2 vs iCREW
  Map: nordkap.map26  Seed: 820  Replay: 
scratchpad/s51_v523_build/iso/b7/repiCREW/nordkap_s820_B.replay26  TLE: 10ms
Completed turn 0
Completed turn 100
Completed turn 200
Completed turn 300
Completed turn 400
Completed turn 500
Completed turn 600
Completed turn 700
Completed turn 800
Completed turn 900
Replay written to 
scratchpad/s51_v523_build/iso/b7/repiCREW/nordkap_s820_B.replay26

  Winner: _v488beltbreak2  (Titanium collected (tiebreak), turn 1000)

               _v488beltbreak2            iCREW  
  Titanium      24 (280 mined)    57 (90 mined)  
  Units                      5                8  
  Buildings                 31               16  

