Update available: 2.3.6 -> 2.3.8. Run: pip install --upgrade fcode
FS GATE 0 sig (30, 30, (14, 2), (14, 26)) ok 1
FS GATE 1 sig (30, 30, (14, 2), (14, 26)) ok 1
FS PHASE 1 id 4 ph 1 d 484 at (14, 25)
GF519 1 id 4 d 484 band 0 ti 434 ammo 0 gun 28 lau 28 bar 4 cd 0 lp 0 plants 0
GF519 2 id 4 d 484 band 0 ti 392 ammo 0 gun 32 lau 32 bar 4 cd 0 lp 0 plants 0
FS GATE 2 sig (30, 30, (14, 2), (14, 26)) ok 1
GF519 3 id 4 d 484 band 0 ti 344 ammo 0 gun 36 lau 36 bar 5 cd 0 lp 0 plants 0
FS GATE 3 sig (30, 30, (14, 2), (14, 26)) ok 1
GF519 4 id 4 d 484 band 0 ti 354 ammo 0 gun 36 lau 36 bar 5 cd 0 lp 0 plants 0
FS GATE 4 sig (30, 30, (14, 2), (14, 26)) ok 1
APPT520 CLAIM 4 id 10
FS PHASE 4 id 10 ph 1 d 484 at (15, 25)
GF519 4 id 10 d 484 band 0 ti 354 ammo 0 gun 36 lau 36 bar 5 cd 0 lp 0 plants 0
GF519 5 id 4 d 484 band 0 ti 354 ammo 0 gun 36 lau 36 bar 5 cd 0 lp 0 plants 0
FS HOPBUILD 5 at (14, 25) lch (14, 24) T (16, 1)
GF519 5 id 10 d 441 band 0 ti 318 ammo 0 gun 38 lau 38 bar 5 cd 0 lp 1 plants 0
GF519 6 id 4 d 484 band 0 ti 318 ammo 0 gun 38 lau 38 bar 5 cd 0 lp 1 plants 0
GF519 6 id 10 d 400 band 0 ti 318 ammo 0 gun 38 lau 38 bar 5 cd 0 lp 1 plants 0
FS GATE 6 sig (30, 30, (14, 2), (14, 26)) ok 1
FS THROW 6 from (15, 25) to (15, 19) T (16, 1) body 4 n 1 dsq 256
GF519 7 id 4 d 256 band 0 ti 318 ammo 0 gun 38 lau 38 bar 5 cd 0 lp 0 plants 0
FS HOPBUILD 7 at (15, 19) lch (15, 18) T (16, 1)
GF519 7 id 10 d 400 band 0 ti 280 ammo 0 gun 40 lau 40 bar 6 cd 0 lp 1 plants 0
FS THROW 7 from (15, 23) to (14, 19) T (16, 1) body 10 n 2 dsq 256
GF519 8 id 4 d 256 band 0 ti 290 ammo 0 gun 38 lau 38 bar 5 cd 0 lp 1 plants 0
GF519 8 id 10 d 256 band 0 ti 290 ammo 0 gun 38 lau 38 bar 5 cd 0 lp 1 plants 0
FS GATE 8 sig (30, 30, (14, 2), (14, 26)) ok 1
FS THROW 8 from (16, 19) to (16, 13) T (16, 1) body 4 n 1 dsq 101
GF519 9 id 4 d 101 band 1 ti 290 ammo 0 gun 38 lau 38 bar 5 cd 0 lp 0 plants 0
FS HOPBUILD 9 at (16, 13) lch (16, 12) T (16, 1)
GF519 9 id 10 d 225 band 0 ti 252 ammo 0 gun 40 lau 40 bar 6 cd 0 lp 1 plants 0
FS THROW 9 from (14, 17) to (14, 13) T (16, 1) body 10 n 2 dsq 100
GF519 10 id 4 d 101 band 1 ti 252 ammo 0 gun 38 lau 38 bar 5 cd 0 lp 1 plants 0
GF519 10 id 10 d 100 band 1 ti 252 ammo 0 gun 38 lau 38 bar 5 cd 0 lp 0 plants 0
FS GATE 10 sig (30, 30, (14, 2), (14, 26)) ok 1
FS THROW 10 from (16, 13) to (16, 7) T (16, 1) body 4 n 1 dsq 17
GF519 11 id 4 d 17 band 1 ti 252 ammo 0 gun 38 lau 38 bar 5 cd 0 lp 0 plants 0
TERM520 11 id 4 at (16, 7) n 1 pick (16, 6) arcs 2 cov 0 covbest 0 conflict 0 dsq 10
FS HOPBUILD 11 at (16, 7) lch (16, 6) T (16, 1)
GF519 11 id 10 d 100 band 1 ti 214 ammo 0 gun 40 lau 40 bar 6 cd 0 lp 1 plants 0
FS THROW 11 from (15, 12) to (15, 7) T (16, 1) body 10 n 2 dsq 16
GF519 12 id 4 d 17 band 1 ti 224 ammo 0 gun 38 lau 38 bar 5 cd 0 lp 1 plants 0
GF519 12 id 10 d 16 band 1 ti 224 ammo 0 gun 38 lau 38 bar 5 cd 0 lp 1 plants 0
FS GATE 12 sig (30, 30, (14, 2), (14, 26)) ok 1
SPLIT520 12 lch (16, 6) body 4 arc 2 to (15, 1) dsq 1 walk 1 n 1
FS SPLIT 12 arc 2 to (15, 1) body 4 walk 1
FS ARRIVE 13 id 4 body 1 at (15, 1) dsq 1
ARC520 CLAIM 13 id 4 body 1 arc 2 at (15, 1)
FS PHASE 13 id 4 ph 2 d 1 at (15, 1)
FS SEAL 13 tile (14, 1) n 1
GF519 13 id 10 d 9 band 1 ti 219 ammo 0 gun 38 lau 38 bar 5 cd 0 lp 1 plants 0
SPLIT520 13 lch (16, 6) body 10 arc 1 to (13, 3) dsq 1 walk 0 n 2
FS SPLIT 13 arc 1 to (13, 3) body 10 walk 0
FS ARRIVE 14 id 10 body 2 at (13, 3) dsq 1
ARC520 CLAIM 14 id 10 body 2 arc 1 at (13, 3)
FS PHASE 14 id 10 ph 2 d 1 at (13, 3)
FS DODGE 15 id 4 from (16, 1) to (16, 2) cov 1 -> 0 hit 0 hp 40
FS GATE 15 sig (30, 30, (14, 2), (14, 26)) ok 1
FS SEAL 16 tile (16, 3) n 2
FS GATE 17 sig (30, 30, (14, 2), (14, 26)) ok 1
FS SEAL 18 tile (16, 2) n 3
FS STAT 20 id 4 at (17, 1) need 6 orth 5 ti 57 ammo 0 sen 0 hp 22 covden 0 eco 0 lost 0
FS DODGE 20 id 4 from (17, 1) to (17, 2) cov 1 -> 0 hit 0 hp 22
FS STAT 20 id 10 at (14, 4) need 6 orth 5 ti 57 ammo 0 sen 0 hp 40 covden 0 eco 0 lost 0
FS SEAL 30 tile (15, 4) n 4
FS SEAL 38 tile (13, 3) n 5
FS SEAL 39 tile (14, 4) n 6
FS STAT 40 id 4 at (13, 4) need 4 orth 3 ti 51 ammo 24 sen 0 hp 22 covden 0 eco 0 lost 0
FS STAT 40 id 10 at (15, 5) need 4 orth 3 ti 51 ammo 24 sen 0 hp 40 covden 0 eco 0 lost 0
FS SEAL 43 tile (13, 2) n 7
FS DODGE 46 id 10 from (17, 1) to (17, 2) cov 1 -> 0 hit 0 hp 40
FS CLEAR 48 tile (13, 1) peck 1
FS RUNG 48 id 4 r 3 hi -
FS DODGE 48 id 10 from (17, 1) to (17, 2) cov 1 -> 0 hit 0 hp 40
FS DODGE 50 id 10 from (17, 1) to (17, 2) cov 1 -> 0 hit 0 hp 40
FS CLEAR 52 tile (13, 1) peck 1
FS RUNG 52 id 4 r 3 hi -
FS DODGE 52 id 10 from (17, 1) to (17, 0) cov 1 -> 0 hit 0 hp 40
FS CLEAR 53 tile (13, 1) peck 2
FS RUNG 53 id 4 r 3 hi -
FS CLEAR 54 tile (13, 1) peck 3
FS RUNG 54 id 4 r 3 hi -
FS CLEAR 55 tile (13, 1) peck 4
FS RUNG 55 id 4 r 3 hi -
FS CLEAR 56 tile (13, 1) peck 5
FS RUNG 56 id 4 r 3 hi -
FS PHASE 57 id 4 ph 3 d 5 at (12, 1)
FS CLEAR 57 tile (13, 1) peck 6
FS RUNG 57 id 4 r 3 hi -
FS PHASE 57 id 10 ph 3 d 1 at (14, 1)
FS DODGE 57 id 10 from (14, 1) to (14, 0) cov 1 -> 0 hit 0 hp 40
FS PHASE 58 id 4 ph 2 d 5 at (12, 1)
FS CLEAR 58 tile (13, 1) peck 7
FS RUNG 58 id 4 r 3 hi -
FS PHASE 58 id 10 ph 2 d 4 at (14, 0)
FS PHASE 59 id 4 ph 3 d 5 at (12, 1)
FS CLEAR 59 tile (13, 1) peck 8
FS RUNG 59 id 4 r 3 hi -
FS PHASE 59 id 10 ph 3 d 1 at (14, 1)
FS DODGE 59 id 10 from (14, 1) to (14, 0) cov 1 -> 0 hit 0 hp 40
FS PHASE 60 id 4 ph 2 d 5 at (12, 1)
FS STAT 60 id 4 at (12, 1) need 2 orth 1 ti 65 ammo 24 sen 0 hp 22 covden 0 eco 0 lost 0
FS PHASE 60 id 10 ph 2 d 4 at (14, 0)
FS STAT 60 id 10 at (14, 0) need 2 orth 1 ti 65 ammo 24 sen 0 hp 40 covden 0 eco 0 lost 0
FS EVICTOR 60 at (14, 1) ucov 0 cov 1 unseal 0 obs 12
FS RUNG 60 id 10 r 2 hi -
FS PHASE 61 id 4 ph 3 d 5 at (12, 1)
FS PHASE 61 id 10 ph 3 d 4 at (14, 0)
FS GATE 61 sig (30, 30, (14, 2), (14, 26)) ok 1
FS SEAL 64 tile (13, 4) n 8
FS PHASE 66 id 10 ph 2 d 8 at (17, 0)
FS PHASE 67 id 10 ph 3 d 5 at (16, 0)
FS CLEAR 68 tile (13, 1) peck 1
FS RUNG 68 id 4 r 3 hi -
FS PHASE 68 id 10 ph 2 d 8 at (17, 0)
FS CLEAR 69 tile (13, 1) peck 2
FS RUNG 69 id 4 r 3 hi -
FS PHASE 69 id 10 ph 3 d 5 at (16, 0)
FS CLEAR 70 tile (13, 1) peck 3
FS RUNG 70 id 4 r 3 hi -
FS PHASE 70 id 10 ph 2 d 8 at (17, 0)
FS CLEAR 71 tile (13, 1) peck 4
FS RUNG 71 id 4 r 3 hi -
FS PHASE 71 id 10 ph 3 d 5 at (16, 0)
FS CLEAR 72 tile (13, 1) peck 5
FS RUNG 72 id 4 r 3 hi -
FS PHASE 72 id 10 ph 2 d 8 at (17, 0)
FS CLEAR 73 tile (13, 1) peck 6
FS RUNG 73 id 4 r 3 hi -
FS PHASE 73 id 10 ph 3 d 5 at (16, 0)
FS CLEAR 74 tile (13, 1) peck 7
FS RUNG 74 id 4 r 3 hi -
FS PHASE 74 id 10 ph 2 d 8 at (17, 0)
FS CLEAR 75 tile (13, 1) peck 8
FS RUNG 75 id 4 r 3 hi -
FS PHASE 75 id 10 ph 3 d 5 at (16, 0)
FS PHASE 76 id 10 ph 2 d 8 at (17, 0)
FS PHASE 77 id 4 ph 2 d 8 at (12, 0)
FS PHASE 77 id 10 ph 3 d 5 at (16, 0)
FS PHASE 78 id 4 ph 3 d 5 at (12, 1)
FS PHASE 78 id 10 ph 2 d 8 at (17, 0)
FS PHASE 79 id 4 ph 2 d 8 at (12, 0)
FS PHASE 79 id 10 ph 3 d 5 at (16, 0)
FS PHASE 80 id 4 ph 3 d 5 at (13, 0)
FS STAT 80 id 4 at (13, 0) need 2 orth 0 ti 88 ammo 24 sen 0 hp 22 covden 0 eco 0 lost 0
FS CLEAR 80 tile (13, 1) peck 1
FS RUNG 80 id 4 r 3 hi -
FS PHASE 80 id 10 ph 2 d 8 at (17, 0)
FS STAT 80 id 10 at (17, 0) need 3 orth 2 ti 86 ammo 24 sen 0 hp 40 covden 0 eco 0 lost 0
FS CLEAR 81 tile (13, 1) peck 2
FS RUNG 81 id 4 r 3 hi -
FS PHASE 81 id 10 ph 3 d 5 at (17, 1)
FS DODGE 81 id 10 from (17, 1) to (17, 2) cov 1 -> 0 hit 0 hp 40
FS CLEAR 82 tile (13, 1) peck 3
FS RUNG 82 id 4 r 3 hi -
FS CLEARED 83 tile (13, 1) n 1
FS SEAL 83 tile (13, 1) n 9
FS SEALCLR 83 tile (13, 1) lag 0
FS SENTINEL 85 at (15, 0) face SOUTH tgt (15, 3) score 9 n 1 onring 0 lost 0 gate (0, 1, -1) onsray 0 olddsq -1
FS PHASE 85 id 10 ph 4 d 2 at (16, 4)
FS PHASE 86 id 4 ph 4 d 4 at (14, 0)
FS STAT 100 id 4 at (12, 4) need 1 orth 0 ti 16 ammo 24 sen 1 hp 22 covden 0 eco 0 lost 0
FS STAT 100 id 10 at (17, 4) need 2 orth 0 ti 16 ammo 24 sen 1 hp 40 covden 0 eco 0 lost 0
FS STAT 120 id 4 at (12, 4) need 1 orth 0 ti 16 ammo 14 sen 1 hp 22 covden 0 eco 0 lost 0
FS STAT 120 id 10 at (17, 4) need 2 orth 0 ti 16 ammo 14 sen 1 hp 40 covden 0 eco 0 lost 0
FS STAT 140 id 4 at (12, 4) need 1 orth 0 ti 14 ammo 12 sen 1 hp 22 covden 0 eco 0 lost 0
FS STAT 140 id 10 at (17, 4) need 2 orth 0 ti 14 ammo 12 sen 1 hp 40 covden 0 eco 0 lost 0
FS STAT 160 id 4 at (12, 4) need 1 orth 0 ti 14 ammo 10 sen 1 hp 22 covden 0 eco 0 lost 0
FS STAT 160 id 10 at (17, 4) need 2 orth 0 ti 14 ammo 10 sen 1 hp 40 covden 0 eco 0 lost 0
FS STAT 180 id 4 at (12, 4) need 1 orth 0 ti 14 ammo 12 sen 1 hp 22 covden 0 eco 0 lost 0
FS STAT 180 id 10 at (17, 4) need 2 orth 0 ti 14 ammo 12 sen 1 hp 40 covden 0 eco 0 lost 0
FS STAT 200 id 4 at (12, 4) need 1 orth 0 ti 14 ammo 10 sen 1 hp 22 covden 0 eco 0 lost 0
FS STAT 200 id 10 at (17, 4) need 2 orth 0 ti 14 ammo 10 sen 1 hp 40 covden 0 eco 0 lost 0
FS STAT 220 id 4 at (12, 4) need 1 orth 0 ti 14 ammo 12 sen 1 hp 22 covden 0 eco 0 lost 0
FS STAT 220 id 10 at (17, 4) need 2 orth 0 ti 14 ammo 12 sen 1 hp 40 covden 0 eco 0 lost 0
FS STAT 240 id 4 at (12, 4) need 1 orth 0 ti 14 ammo 12 sen 1 hp 22 covden 0 eco 0 lost 0
FS STAT 240 id 10 at (17, 4) need 2 orth 0 ti 14 ammo 12 sen 1 hp 40 covden 0 eco 0 lost 0
FS STAT 260 id 4 at (12, 4) need 1 orth 0 ti 14 ammo 12 sen 1 hp 22 covden 0 eco 0 lost 0
FS STAT 260 id 10 at (17, 4) need 2 orth 0 ti 14 ammo 12 sen 1 hp 40 covden 0 eco 0 lost 0
