Update available: 2.3.6 -> 2.3.8. Run: pip install --upgrade fcode
FS GATE 0 sig (30, 30, (14, 2), (14, 26)) ok 1
FS GATE 1 sig (30, 30, (14, 2), (14, 26)) ok 1
FS PHASE 1 id 3 ph 1 d 484 at (14, 4)
GF519 1 id 3 d 484 band 0 ti 434 ammo 0 gun 28 lau 28 bar 4 cd 0 lp 0 plants 0
GF519 2 id 3 d 484 band 0 ti 392 ammo 0 gun 32 lau 32 bar 4 cd 0 lp 0 plants 0
FS GATE 2 sig (30, 30, (14, 2), (14, 26)) ok 1
GF519 3 id 3 d 484 band 0 ti 344 ammo 0 gun 36 lau 36 bar 5 cd 0 lp 0 plants 0
FS GATE 3 sig (30, 30, (14, 2), (14, 26)) ok 1
GF519 4 id 3 d 484 band 0 ti 354 ammo 0 gun 36 lau 36 bar 5 cd 0 lp 0 plants 0
FS GATE 4 sig (30, 30, (14, 2), (14, 26)) ok 1
APPT520 CLAIM 4 id 9
FS PHASE 4 id 9 ph 1 d 485 at (13, 4)
GF519 4 id 9 d 485 band 0 ti 354 ammo 0 gun 36 lau 36 bar 5 cd 0 lp 0 plants 0
GF519 5 id 3 d 484 band 0 ti 354 ammo 0 gun 36 lau 36 bar 5 cd 0 lp 0 plants 0
FS HOPBUILD 5 at (14, 4) lch (14, 5) T (16, 28)
GF519 5 id 9 d 442 band 0 ti 318 ammo 0 gun 38 lau 38 bar 5 cd 0 lp 1 plants 0
GF519 6 id 3 d 484 band 0 ti 318 ammo 0 gun 38 lau 38 bar 5 cd 0 lp 1 plants 0
GF519 6 id 9 d 401 band 0 ti 318 ammo 0 gun 38 lau 38 bar 5 cd 0 lp 1 plants 0
FS GATE 6 sig (30, 30, (14, 2), (14, 26)) ok 1
FS THROW 6 from (15, 4) to (15, 10) T (16, 28) body 3 n 1 dsq 256
GF519 7 id 3 d 256 band 0 ti 318 ammo 0 gun 38 lau 38 bar 5 cd 0 lp 0 plants 0
FS HOPBUILD 7 at (15, 10) lch (15, 11) T (16, 28)
GF519 7 id 9 d 400 band 0 ti 280 ammo 0 gun 40 lau 40 bar 6 cd 0 lp 1 plants 0
FS THROW 7 from (15, 6) to (14, 10) T (16, 28) body 9 n 2 dsq 256
GF519 8 id 3 d 256 band 0 ti 290 ammo 0 gun 38 lau 38 bar 5 cd 0 lp 1 plants 0
GF519 8 id 9 d 256 band 0 ti 290 ammo 0 gun 38 lau 38 bar 5 cd 0 lp 1 plants 0
FS GATE 8 sig (30, 30, (14, 2), (14, 26)) ok 1
FS THROW 8 from (16, 10) to (16, 16) T (16, 28) body 3 n 1 dsq 101
GF519 9 id 3 d 101 band 1 ti 290 ammo 0 gun 38 lau 38 bar 5 cd 0 lp 0 plants 0
FS HOPBUILD 9 at (16, 16) lch (16, 17) T (16, 28)
GF519 9 id 9 d 225 band 0 ti 252 ammo 0 gun 40 lau 40 bar 6 cd 0 lp 1 plants 0
FS THROW 9 from (14, 12) to (15, 16) T (16, 28) body 9 n 2 dsq 100
GF519 10 id 3 d 101 band 1 ti 252 ammo 0 gun 38 lau 38 bar 5 cd 0 lp 1 plants 0
GF519 10 id 9 d 100 band 1 ti 252 ammo 0 gun 38 lau 38 bar 5 cd 0 lp 1 plants 0
FS GATE 10 sig (30, 30, (14, 2), (14, 26)) ok 1
FS THROW 10 from (16, 16) to (16, 22) T (16, 28) body 3 n 1 dsq 17
GF519 11 id 3 d 17 band 1 ti 252 ammo 0 gun 38 lau 38 bar 5 cd 0 lp 0 plants 0
TERM520 11 id 3 at (16, 22) n 1 pick (16, 23) arcs 2 cov 0 covbest 0 conflict 0 dsq 10
FS HOPBUILD 11 at (16, 22) lch (16, 23) T (16, 28)
GF519 11 id 9 d 100 band 1 ti 214 ammo 0 gun 40 lau 40 bar 6 cd 0 lp 1 plants 0
FS THROW 11 from (15, 17) to (15, 22) T (16, 28) body 9 n 2 dsq 16
GF519 12 id 3 d 17 band 1 ti 224 ammo 0 gun 38 lau 38 bar 5 cd 0 lp 1 plants 0
GF519 12 id 9 d 16 band 1 ti 224 ammo 0 gun 38 lau 38 bar 5 cd 0 lp 1 plants 0
FS GATE 12 sig (30, 30, (14, 2), (14, 26)) ok 1
SPLIT520 12 lch (16, 23) body 3 arc 2 to (13, 27) dsq 1 walk 0 n 1
FS SPLIT 12 arc 2 to (13, 27) body 3 walk 0
FS ARRIVE 13 id 3 body 1 at (13, 27) dsq 1
ARC520 CLAIM 13 id 3 body 1 arc 2 at (13, 27)
FS PHASE 13 id 3 ph 2 d 1 at (13, 27)
FS SEAL 13 tile (13, 26) n 1
GF519 13 id 9 d 9 band 1 ti 181 ammo 0 gun 39 lau 39 bar 5 cd 0 lp 1 plants 0
SPLIT520 13 lch (16, 23) body 9 arc 1 to (14, 25) dsq 1 walk 0 n 2
FS SPLIT 13 arc 1 to (14, 25) body 9 walk 0
FS ARRIVE 14 id 9 body 2 at (14, 25) dsq 1
ARC520 CLAIM 14 id 9 body 2 arc 1 at (14, 25)
FS PHASE 14 id 9 ph 2 d 1 at (14, 25)
FS SEAL 15 tile (13, 27) n 2
FS GATE 15 sig (30, 30, (14, 2), (14, 26)) ok 1
FS SEAL 16 tile (14, 28) n 3
FS STAT 20 id 3 at (15, 29) need 5 orth 4 ti 50 ammo 12 sen 0 hp 40 covden 0 eco 0 lost 0
FS SEAL 20 tile (15, 28) n 4
FS STAT 20 id 9 at (14, 25) need 4 orth 3 ti 38 ammo 12 sen 0 hp 40 covden 0 eco 0 lost 0
FS SEAL 23 tile (16, 27) n 5
FS SEAL 27 tile (16, 26) n 6
FS SEAL 32 tile (15, 25) n 7
FS PHASE 32 id 9 ph 3 d 1 at (14, 25)
FS PHASE 33 id 9 ph 2 d 2 at (13, 25)
FS SEAL 36 tile (14, 25) n 8
FS PHASE 36 id 9 ph 3 d 2 at (13, 25)
FS PHASE 37 id 3 ph 3 d 4 at (14, 24)
FS SEAL 38 tile (13, 25) n 9
FS STAT 40 id 3 at (14, 24) need 2 orth 0 ti 28 ammo 12 sen 0 hp 40 covden 0 eco 1 lost 0
FS STAT 40 id 9 at (12, 28) need 2 orth 0 ti 28 ammo 12 sen 0 hp 40 covden 0 eco 1 lost 0
FS SEAL 42 tile (16, 25) n 10
FS PHASE 47 id 3 ph 2 d 8 at (12, 24)
FS PHASE 48 id 3 ph 3 d 5 at (13, 24)
FS PHASE 49 id 3 ph 2 d 8 at (12, 24)
FS PHASE 50 id 3 ph 3 d 5 at (13, 24)
FS PHASE 51 id 3 ph 2 d 8 at (12, 24)
FS PHASE 52 id 3 ph 3 d 5 at (13, 24)
FS PHASE 53 id 3 ph 2 d 8 at (12, 24)
FS PHASE 54 id 3 ph 3 d 5 at (13, 24)
FS PHASE 55 id 3 ph 2 d 8 at (12, 24)
FS PHASE 56 id 3 ph 3 d 5 at (13, 24)
FS SENTINEL 56 at (12, 24) face SOUTHEAST tgt (15, 27) score 18 n 1 onring 0 lost 0 gate (1, 1, 37) onsray 0 olddsq -1
FS PHASE 57 id 3 ph 4 d 5 at (13, 24)
FS DODGE 58 id 3 from (13, 23) to (13, 24) cov 1 -> 0 hit 0 hp 40
FS PHASE 58 id 9 ph 4 d 5 at (13, 29)
FS STAT 60 id 3 at (14, 24) need 1 orth 0 ti 14 ammo 25 sen 1 hp 40 covden 0 eco 1 lost 0
FS STAT 60 id 9 at (13, 29) need 2 orth 0 ti 14 ammo 25 sen 1 hp 40 covden 0 eco 1 lost 0
FS DODGE 63 id 3 from (14, 23) to (14, 24) cov 1 -> 0 hit 0 hp 40
FS DODGE 65 id 3 from (14, 23) to (14, 24) cov 1 -> 0 hit 0 hp 40
FS DODGE 67 id 3 from (14, 23) to (14, 22) cov 1 -> 0 hit 0 hp 40
FS DODGE 69 id 3 from (14, 23) to (14, 22) cov 1 -> 0 hit 0 hp 40
FS DODGE 71 id 3 from (14, 23) to (14, 22) cov 1 -> 0 hit 0 hp 40
FS DODGE 73 id 3 from (14, 23) to (14, 22) cov 1 -> 0 hit 0 hp 40
FS STAT 80 id 3 at (16, 22) need 5 orth 5 ti 14 ammo 25 sen 1 hp 40 covden 0 eco 1 lost 0
FS STAT 80 id 9 at (13, 29) need 2 orth 0 ti 14 ammo 25 sen 1 hp 40 covden 0 eco 1 lost 0
FS DODGE 83 id 3 from (16, 23) to (16, 24) cov 1 -> 0 hit 0 hp 40
FS DODGE 85 id 3 from (16, 23) to (16, 24) cov 1 -> 0 hit 0 hp 40
FS DODGE 87 id 3 from (16, 23) to (16, 24) cov 1 -> 0 hit 0 hp 40
FS DODGE 89 id 3 from (16, 23) to (16, 24) cov 1 -> 0 hit 0 hp 22
FS DODGE 91 id 3 from (16, 23) to (16, 24) cov 1 -> 0 hit 0 hp 22
FS DODGE 93 id 3 from (16, 23) to (16, 24) cov 1 -> 0 hit 0 hp 4
FS DODGE 95 id 3 from (16, 23) to (16, 24) cov 1 -> 0 hit 0 hp 4
FS STAT 100 id 9 at (13, 29) need 2 orth 0 ti 12 ammo 27 sen 1 hp 40 covden 0 eco 1 lost 0
PRES520 103 ti 22 res 112 floor 112 bind 1 rounds 1 vacant 1 until 123
FS PROMOTE 103 id 9
PRES520 104 ti 32 res 112 floor 112 bind 2 rounds 2 vacant 2 until 124
FS SEAL 104 tile (13, 28) n 1
PRES520 105 ti 26 res 113 floor 113 bind 3 rounds 3 vacant 2 until 124
PRES520 106 ti 26 res 113 floor 113 bind 4 rounds 4 vacant 2 until 124
PRES520 107 ti 36 res 113 floor 113 bind 5 rounds 5 vacant 2 until 124
PRES520 108 ti 46 res 113 floor 113 bind 6 rounds 6 vacant 2 until 124
PRES520 109 ti 46 res 113 floor 113 bind 7 rounds 7 vacant 2 until 124
PRES520 110 ti 3 res 116 floor 116 bind 8 rounds 8 vacant 2 until 124
PRES520 111 ti 13 res 116 floor 116 bind 9 rounds 9 vacant 2 until 124
PRES520 112 ti 17 res 116 floor 116 bind 10 rounds 10 vacant 2 until 124
PRES520 113 ti 17 res 116 floor 116 bind 11 rounds 11 vacant 2 until 124
PRES520 114 ti 11 res 116 floor 116 bind 12 rounds 12 vacant 2 until 124
PRES520 115 ti 21 res 116 floor 116 bind 13 rounds 13 vacant 2 until 124
PRES520 116 ti 25 res 116 floor 116 bind 14 rounds 14 vacant 2 until 124
PRES520 117 ti 25 res 116 floor 116 bind 15 rounds 15 vacant 2 until 124
PRES520 118 ti 19 res 117 floor 117 bind 16 rounds 16 vacant 2 until 124
PRES520 119 ti 29 res 117 floor 117 bind 17 rounds 17 vacant 2 until 124
PRES520 120 ti 33 res 118 floor 118 bind 18 rounds 18 vacant 2 until 124
FS STAT 120 id 9 at (16, 28) need 0 orth 0 ti 33 ammo 7 sen 1 hp 40 covden 0 eco 1 lost 0
PRES520 121 ti 33 res 118 floor 118 bind 19 rounds 19 vacant 2 until 124
PRES520 122 ti 27 res 118 floor 118 bind 20 rounds 20 vacant 2 until 124
PRES520 123 ti 37 res 118 floor 118 bind 21 rounds 21 vacant 2 until 124
