Running match: _v523eyes vs _v488beltbreak2
  Map: drakkarfjord.map26  Seed: 86  Replay: 
scratchpad/s51_v523_build/grid/b29/repv523/drakkarfjord_s86_A.replay26  TLE: 
10ms
Completed turn 0
Completed turn 100
Completed turn 200
Completed turn 300
Completed turn 400
Completed turn 500
Completed turn 600
Completed turn 700
Completed turn 800
Completed turn 900
Replay written to 
scratchpad/s51_v523_build/grid/b29/repv523/drakkarfjord_s86_A.replay26

  Winner: _v488beltbreak2  (Titanium collected (tiebreak), turn 1000)

                      _v523eyes     _v488beltbreak2  
  Titanium     320 (4860 mined)    468 (4900 mined)  
  Units                      21                  27  
  Buildings                  79                 162  

