Update available: 2.3.6 -> 2.3.8. Run: pip install --upgrade fcode
V530 MOUTH arm rnd=8 seat=1 ore=3,2 links=10 sock=13,2
V530 CORNER rnd=13 seat=1 tile=13,4 held=1
V530 CORNER rnd=15 seat=4 tile=16,4 held=2
V530 MOUTH link rnd=16 seat=1 tile=13,2 face=EAST left=9
V530 MOUTH link rnd=18 seat=1 tile=12,2 face=EAST left=8
V530 MOUTH link rnd=20 seat=1 tile=11,2 face=EAST left=7
V530 MOUTH link rnd=22 seat=1 tile=10,2 face=EAST left=6
V530 MOUTH link rnd=24 seat=1 tile=9,2 face=EAST left=5
V530 MOUTH arm rnd=25 seat=4 ore=6,8 links=12 sock=14,4
V530 MOUTH link rnd=26 seat=1 tile=8,2 face=EAST left=4
V530 MOUTH link rnd=28 seat=1 tile=7,2 face=EAST left=3
V530 MOUTH link rnd=32 seat=1 tile=6,2 face=EAST left=2
V530 MOUTH link rnd=36 seat=1 tile=5,2 face=EAST left=1
V530 MOUTH link rnd=40 seat=1 tile=4,2 face=EAST left=0
V530 MOUTH link rnd=58 seat=4 tile=13,8 face=EAST left=6
V530 MOUTH link rnd=60 seat=4 tile=12,8 face=EAST left=5
V530 MOUTH link rnd=62 seat=4 tile=11,8 face=EAST left=4
V530 MOUTH link rnd=64 seat=4 tile=10,8 face=EAST left=3
V530 MOUTH link rnd=66 seat=4 tile=9,8 face=EAST left=2
V530 MOUTH link rnd=68 seat=4 tile=8,8 face=EAST left=1
V530 MOUTH ttl rnd=69 seat=1 left=0
V530 MOUTH link rnd=70 seat=4 tile=7,8 face=EAST left=0
V530 MOUTH ttl rnd=86 seat=4 left=0
