Update available: 2.3.6 -> 2.3.8. Run: pip install --upgrade fcode
FS GATE 0 sig (30, 30, (2, 24), (26, 4)) ok 1
FS GATE 1 sig (30, 30, (2, 24), (26, 4)) ok 1
FS PHASE 1 id 3 ph 1 d 808 at (4, 23)
FS HOPBUILD 1 at (4, 23) lch (5, 23) T (28, 3)
FS GATE 2 sig (30, 30, (2, 24), (26, 4)) ok 1
FS GATE 2 sig (30, 30, (2, 24), (26, 4)) ok 1
FS THROW 2 from (4, 22) to (9, 20) T (28, 3) body 3 n 1 dsq 514
FS HOPBUILD 3 at (9, 20) lch (10, 20) T (28, 3)
FS GATE 3 sig (30, 30, (2, 24), (26, 4)) ok 1
FS GATE 4 sig (30, 30, (2, 24), (26, 4)) ok 1
FS THROW 4 from (9, 19) to (14, 17) T (28, 3) body 3 n 1 dsq 288
FS HOPBUILD 5 at (14, 17) lch (14, 16) T (28, 3)
FS GATE 6 sig (30, 30, (2, 24), (26, 4)) ok 1
FS THROW 6 from (15, 17) to (18, 13) T (28, 3) body 3 n 1 dsq 128
FS HOPBUILD 7 at (18, 13) lch (18, 12) T (28, 3)
FS GATE 8 sig (30, 30, (2, 24), (26, 4)) ok 1
FS THROW 8 from (19, 13) to (22, 9) T (28, 3) body 3 n 1 dsq 32
FS HOPBUILD 9 at (22, 9) lch (22, 8) T (28, 3)
FS GATE 10 sig (30, 30, (2, 24), (26, 4)) ok 1
FS THROW 10 from (23, 9) to (25, 4) T (28, 3) body 3 n 1 dsq 1
FS ARRIVE 11 id 3 body 1 at (25, 4) dsq 1
FS PHASE 11 id 3 ph 2 d 1 at (25, 4)
FS SEAL 11 tile (25, 5) n 1
FS SEAL 12 tile (25, 3) n 2
FS DODGE 13 id 3 from (25, 4) to (24, 4) cov 1 -> 0 hit 0 hp 40
FS GATE 13 sig (30, 30, (2, 24), (26, 4)) ok 1
FS SEAL 14 tile (25, 4) n 3
FS GATE 14 sig (30, 30, (2, 24), (26, 4)) ok 1
FS SEAL 18 tile (26, 6) n 4
FS STAT 20 id 3 at (25, 7) need 6 orth 6 ti 30 ammo 4 sen 0 hp 40 covden 0 eco 0 lost 0
FS SEAL 22 tile (27, 6) n 5
FS SEAL 25 tile (27, 6) n 6
FS SEAL 26 tile (28, 5) n 7
FS SEAL 30 tile (28, 4) n 8
FS SEAL 33 tile (27, 3) n 9
SREACH516 35 tile (21, 4) score 25
FS SEAL 37 tile (26, 3) n 10
FS STAT 40 id 3 at (24, 2) need 3 orth 3 ti 34 ammo 24 sen 0 hp 40 covden 0 eco 1 lost 0
FS DODGE 41 id 3 from (24, 3) to (24, 4) cov 1 -> 0 hit 0 hp 40
FS SEAL 42 tile (25, 4) n 11
FS PHASE 43 id 3 ph 3 d 4 at (24, 4)
FS SEAL 45 tile (25, 6) n 12
FS PHASE 47 id 3 ph 2 d 8 at (24, 7)
FS PHASE 54 id 3 ph 3 d 5 at (24, 6)
FS PHASE 55 id 3 ph 2 d 8 at (24, 7)
FS PHASE 56 id 3 ph 3 d 5 at (24, 6)
FS PHASE 57 id 3 ph 2 d 8 at (24, 7)
FS PHASE 58 id 3 ph 3 d 5 at (24, 6)
FS PHASE 59 id 3 ph 2 d 8 at (24, 7)
FS PHASE 60 id 3 ph 3 d 5 at (25, 7)
FS STAT 60 id 3 at (25, 7) need 1 orth 0 ti 66 ammo 24 sen 0 hp 40 covden 0 eco 1 lost 0
FS SEAL 63 tile (28, 6) n 13
FS PHASE 65 id 3 ph 2 d 8 at (29, 7)
SREACH516 65 tile (21, 4) score 25
FS SENTINEL 69 at (29, 2) face SOUTHWEST tgt (26, 5) score 18 n 1 onring 0 lost 0 gate (1, 1, 24) onsray 0 olddsq -1
FS RUNG 69 id 3 r 4 hi -
FS PHASE 70 id 3 ph 4 d 5 at (29, 3)
FS STAT 80 id 3 at (26, 2) need 2 orth 2 ti 16 ammo 55 sen 1 hp 40 covden 0 eco 1 lost 0
FS STAT 100 id 3 at (26, 2) need 2 orth 2 ti 16 ammo 105 sen 1 hp 40 covden 0 eco 1 lost 0
FS STAT 120 id 3 at (26, 2) need 2 orth 2 ti 16 ammo 145 sen 1 hp 40 covden 0 eco 1 lost 0
FS STAT 140 id 3 at (26, 2) need 2 orth 2 ti 16 ammo 35 sen 1 hp 40 covden 0 eco 1 lost 0
FS STAT 160 id 3 at (26, 2) need 2 orth 2 ti 16 ammo 15 sen 1 hp 40 covden 0 eco 1 lost 0
FS STAT 180 id 3 at (26, 2) need 2 orth 2 ti 16 ammo 15 sen 1 hp 40 covden 0 eco 1 lost 0
FS STAT 200 id 3 at (29, 6) need 3 orth 2 ti 16 ammo 15 sen 1 hp 40 covden 0 eco 1 lost 0
FS STAT 220 id 3 at (29, 6) need 3 orth 2 ti 16 ammo 15 sen 1 hp 40 covden 0 eco 1 lost 0
FS STAT 240 id 3 at (29, 6) need 3 orth 2 ti 16 ammo 15 sen 1 hp 40 covden 0 eco 1 lost 0
FS STAT 260 id 3 at (29, 6) need 3 orth 2 ti 16 ammo 15 sen 1 hp 40 covden 0 eco 1 lost 0
FS STAT 280 id 3 at (29, 6) need 3 orth 2 ti 16 ammo 15 sen 1 hp 40 covden 0 eco 1 lost 0
FS STAT 300 id 3 at (29, 6) need 3 orth 2 ti 16 ammo 15 sen 1 hp 40 covden 0 eco 1 lost 0
FS STAT 320 id 3 at (29, 6) need 3 orth 2 ti 16 ammo 15 sen 1 hp 40 covden 0 eco 1 lost 0
FS STAT 340 id 3 at (28, 3) need 2 orth 2 ti 16 ammo 15 sen 1 hp 40 covden 0 eco 1 lost 0
FS STAT 360 id 3 at (27, 2) need 2 orth 2 ti 16 ammo 15 sen 1 hp 40 covden 0 eco 1 lost 0
FS STAT 380 id 3 at (25, 2) need 2 orth 2 ti 16 ammo 15 sen 1 hp 40 covden 0 eco 1 lost 0
FS DODGE 390 id 3 from (24, 2) to (25, 2) cov 1 -> 0 hit 0 hp 22
FS STAT 400 id 3 at (28, 3) need 2 orth 2 ti 16 ammo 15 sen 1 hp 22 covden 0 eco 1 lost 0
FS STAT 420 id 3 at (27, 7) need 2 orth 2 ti 16 ammo 15 sen 1 hp 22 covden 0 eco 1 lost 0
FS STAT 440 id 3 at (27, 7) need 2 orth 2 ti 16 ammo 15 sen 1 hp 22 covden 0 eco 1 lost 0
FS STAT 460 id 3 at (27, 7) need 2 orth 2 ti 16 ammo 15 sen 1 hp 22 covden 0 eco 1 lost 0
FS STAT 480 id 3 at (27, 7) need 2 orth 2 ti 16 ammo 15 sen 1 hp 22 covden 0 eco 1 lost 0
FS STAT 500 id 3 at (27, 7) need 2 orth 2 ti 16 ammo 15 sen 1 hp 22 covden 0 eco 1 lost 0
FS DODGE 517 id 3 from (27, 7) to (27, 6) cov 1 -> 0 hit 0 hp 22
