Update available: 2.3.6 -> 2.3.8. Run: pip install --upgrade fcode
FS GATE 0 sig (30, 30, (14, 2), (14, 26)) ok 1
FS GATE 1 sig (30, 30, (14, 2), (14, 26)) ok 1
FS PHASE 1 id 4 ph 1 d 484 at (14, 25)
FS HOPBUILD 1 at (14, 25) lch (14, 24) T (16, 1)
FS GATE 2 sig (30, 30, (14, 2), (14, 26)) ok 1
FS GATE 2 sig (30, 30, (14, 2), (14, 26)) ok 1
FS THROW 2 from (15, 25) to (15, 19) T (16, 1) body 4 n 1 dsq 256
FS HOPBUILD 3 at (15, 19) lch (15, 18) T (16, 1)
FS GATE 3 sig (30, 30, (14, 2), (14, 26)) ok 1
FS GATE 4 sig (30, 30, (14, 2), (14, 26)) ok 1
FS THROW 4 from (16, 19) to (16, 13) T (16, 1) body 4 n 1 dsq 101
FS HOPBUILD 5 at (16, 13) lch (16, 12) T (16, 1)
FS GATE 6 sig (30, 30, (14, 2), (14, 26)) ok 1
FS THROW 6 from (16, 13) to (16, 7) T (16, 1) body 4 n 1 dsq 17
FS HOPBUILD 7 at (16, 7) lch (16, 6) T (16, 1)
FS GATE 8 sig (30, 30, (14, 2), (14, 26)) ok 1
FS THROW 8 from (16, 7) to (15, 1) T (16, 1) body 4 n 1 dsq 1
FS ARRIVE 9 id 4 body 1 at (15, 1) dsq 1
FS PHASE 9 id 4 ph 2 d 1 at (15, 1)
FS SEAL 9 tile (14, 1) n 1
SREACH516 10 tile (9, 2) score 25
FS DODGE 11 id 4 from (16, 1) to (16, 2) cov 1 -> 0 hit 0 hp 40
FS GATE 11 sig (30, 30, (14, 2), (14, 26)) ok 1
FS SEAL 12 tile (16, 3) n 2
FS GATE 12 sig (30, 30, (14, 2), (14, 26)) ok 1
FS GATE 13 sig (30, 30, (14, 2), (14, 26)) ok 1
FS SEAL 14 tile (16, 2) n 3
FS SEAL 18 tile (15, 4) n 4
FS STAT 20 id 4 at (16, 5) need 6 orth 5 ti 63 ammo 0 sen 0 hp 40 covden 0 eco 0 lost 0
FS SEAL 22 tile (14, 4) n 5
FS SEAL 25 tile (13, 3) n 6
FS SEAL 29 tile (13, 2) n 7
FS SEAL 36 tile (13, 1) n 8
FS STAT 40 id 4 at (14, 0) need 2 orth 2 ti 12 ammo 4 sen 0 hp 40 covden 0 eco 0 lost 0
FS SEAL 40 tile (14, 1) n 9
FS SEAL 44 tile (15, 1) n 10
FS PHASE 45 id 4 ph 3 d 4 at (15, 0)
FS PHASE 47 id 4 ph 2 d 8 at (17, 0)
FS PHASE 48 id 4 ph 3 d 5 at (17, 1)
FS DODGE 48 id 4 from (17, 1) to (17, 2) cov 1 -> 0 hit 0 hp 40
FS SEAL 51 tile (16, 4) n 11
FS PHASE 53 id 4 ph 2 d 8 at (17, 5)
FS PHASE 54 id 4 ph 3 d 5 at (16, 5)
FS SEAL 57 tile (13, 4) n 12
FS STAT 60 id 4 at (15, 5) need 0 orth 0 ti 15 ammo 19 sen 0 hp 40 covden 0 eco 0 lost 0
FS PHASE 69 id 4 ph 2 d 9 at (15, 6)
FS PHASE 70 id 4 ph 3 d 4 at (15, 5)
FS STAT 80 id 4 at (15, 5) need 0 orth 0 ti 38 ammo 24 sen 0 hp 40 covden 0 eco 0 lost 0
FS PHASE 88 id 4 ph 2 d 8 at (17, 5)
FS PHASE 89 id 4 ph 3 d 5 at (16, 5)
FS PHASE 90 id 4 ph 2 d 8 at (17, 5)
FS PHASE 91 id 4 ph 3 d 5 at (16, 5)
FS PHASE 92 id 4 ph 2 d 8 at (17, 5)
FS PHASE 93 id 4 ph 3 d 5 at (16, 5)
FS PHASE 94 id 4 ph 2 d 8 at (17, 5)
FS PHASE 95 id 4 ph 3 d 5 at (16, 5)
FS PHASE 96 id 4 ph 2 d 8 at (17, 5)
FS PHASE 97 id 4 ph 3 d 5 at (16, 5)
FS PHASE 98 id 4 ph 2 d 8 at (17, 5)
FS PHASE 99 id 4 ph 3 d 5 at (16, 5)
FS PHASE 100 id 4 ph 2 d 8 at (17, 5)
FS STAT 100 id 4 at (17, 5) need 3 orth 2 ti 88 ammo 24 sen 0 hp 40 covden 0 eco 0 lost 0
SREACH516 100 tile (9, 2) score 25
FS PHASE 101 id 4 ph 3 d 5 at (16, 5)
FS PHASE 102 id 4 ph 2 d 8 at (17, 5)
FS PHASE 103 id 4 ph 3 d 5 at (16, 5)
FS SENTINEL 104 at (15, 6) face NORTH tgt (15, 2) score 16 n 1 onring 0 lost 0 gate (0, 1, -1) onsray 0 olddsq -1
FS RUNG 104 id 4 r 4 hi -
FS PHASE 105 id 4 ph 4 d 4 at (15, 5)
FS STAT 120 id 4 at (16, 5) need 1 orth 0 ti 16 ammo 18 sen 1 hp 40 covden 0 eco 0 lost 0
FS STAT 140 id 4 at (11, 0) need 6 orth 5 ti 14 ammo 10 sen 1 hp 40 covden 0 eco 0 lost 0
FS SEAL 142 tile (13, 1) n 13
FS STAT 160 id 4 at (14, 0) need 1 orth 1 ti 14 ammo 13 sen 1 hp 40 covden 0 eco 0 lost 0
FS SEAL 162 tile (13, 1) n 14
FS SEAL 174 tile (13, 1) n 15
FS STAT 180 id 4 at (14, 0) need 1 orth 1 ti 14 ammo 19 sen 1 hp 40 covden 0 eco 0 lost 0
FS SEAL 190 tile (13, 1) n 16
FS STAT 200 id 4 at (14, 0) need 1 orth 1 ti 14 ammo 12 sen 1 hp 40 covden 0 eco 0 lost 0
FS SEAL 202 tile (13, 1) n 17
FS SEAL 214 tile (13, 1) n 18
FS STAT 220 id 4 at (14, 0) need 1 orth 1 ti 14 ammo 18 sen 1 hp 40 covden 0 eco 0 lost 0
FS SEAL 230 tile (13, 1) n 19
FS STAT 240 id 4 at (14, 0) need 1 orth 1 ti 14 ammo 11 sen 1 hp 40 covden 0 eco 0 lost 0
FS SEAL 242 tile (13, 1) n 20
FS SEAL 254 tile (13, 1) n 21
FS STAT 260 id 4 at (14, 0) need 1 orth 1 ti 14 ammo 17 sen 1 hp 40 covden 0 eco 0 lost 0
FS SEAL 270 tile (13, 1) n 22
FS STAT 280 id 4 at (14, 0) need 1 orth 1 ti 14 ammo 10 sen 1 hp 40 covden 0 eco 0 lost 0
FS SEAL 282 tile (13, 1) n 23
FS SEAL 294 tile (13, 1) n 24
FS STAT 300 id 4 at (14, 0) need 1 orth 1 ti 14 ammo 16 sen 1 hp 40 covden 0 eco 0 lost 0
FS SEAL 310 tile (13, 1) n 25
FS STAT 320 id 4 at (14, 0) need 1 orth 1 ti 14 ammo 19 sen 1 hp 40 covden 0 eco 0 lost 0
FS SEAL 322 tile (13, 1) n 26
FS SEAL 334 tile (13, 1) n 27
FS STAT 340 id 4 at (14, 0) need 1 orth 1 ti 14 ammo 15 sen 1 hp 40 covden 0 eco 0 lost 0
FS SEAL 350 tile (13, 1) n 28
FS STAT 360 id 4 at (14, 0) need 1 orth 1 ti 14 ammo 18 sen 1 hp 40 covden 0 eco 0 lost 0
FS SEAL 362 tile (13, 1) n 29
FS SEAL 374 tile (13, 1) n 30
FS STAT 380 id 4 at (14, 0) need 1 orth 1 ti 14 ammo 14 sen 1 hp 40 covden 0 eco 0 lost 0
FS SEAL 390 tile (13, 1) n 31
FS STAT 400 id 4 at (14, 0) need 1 orth 1 ti 14 ammo 17 sen 1 hp 40 covden 0 eco 0 lost 0
FS SEAL 402 tile (13, 1) n 32
FS SEAL 414 tile (13, 1) n 33
FS STAT 420 id 4 at (14, 0) need 1 orth 1 ti 14 ammo 13 sen 1 hp 40 covden 0 eco 0 lost 0
FS SEAL 430 tile (13, 1) n 34
FS STAT 440 id 4 at (14, 0) need 1 orth 1 ti 14 ammo 16 sen 1 hp 40 covden 0 eco 0 lost 0
FS SEAL 442 tile (13, 1) n 35
FS SEAL 454 tile (13, 1) n 36
FS STAT 460 id 4 at (14, 0) need 1 orth 1 ti 14 ammo 12 sen 1 hp 40 covden 0 eco 0 lost 0
FS SEAL 470 tile (13, 1) n 37
FS STAT 480 id 4 at (14, 0) need 1 orth 1 ti 14 ammo 15 sen 1 hp 40 covden 0 eco 0 lost 0
FS SEAL 482 tile (13, 1) n 38
FS SEAL 494 tile (13, 1) n 39
FS STAT 500 id 4 at (14, 0) need 1 orth 1 ti 14 ammo 11 sen 1 hp 40 covden 0 eco 0 lost 0
FS SEAL 510 tile (13, 1) n 40
FS STAT 520 id 4 at (14, 0) need 1 orth 1 ti 14 ammo 14 sen 1 hp 40 covden 0 eco 0 lost 0
FS SEAL 522 tile (13, 1) n 41
FS SEAL 534 tile (13, 1) n 42
FS STAT 540 id 4 at (14, 0) need 1 orth 1 ti 14 ammo 10 sen 1 hp 40 covden 0 eco 0 lost 0
FS SEAL 550 tile (13, 1) n 43
FS STAT 560 id 4 at (14, 0) need 1 orth 1 ti 14 ammo 13 sen 1 hp 40 covden 0 eco 0 lost 0
FS SEAL 562 tile (13, 1) n 44
FS SEAL 574 tile (13, 1) n 45
FS STAT 580 id 4 at (14, 0) need 1 orth 1 ti 14 ammo 19 sen 1 hp 40 covden 0 eco 0 lost 0
FS SEAL 586 tile (13, 1) n 46
FS SEAL 598 tile (13, 1) n 47
FS STAT 600 id 4 at (14, 0) need 1 orth 1 ti 14 ammo 5 sen 1 hp 40 covden 0 eco 0 lost 0
FS SEAL 610 tile (13, 1) n 48
FS STAT 620 id 4 at (14, 0) need 1 orth 1 ti 14 ammo 18 sen 1 hp 40 covden 0 eco 0 lost 0
FS SEAL 622 tile (13, 1) n 49
FS SEAL 634 tile (13, 1) n 50
FS STAT 640 id 4 at (14, 0) need 1 orth 1 ti 14 ammo 14 sen 1 hp 40 covden 0 eco 0 lost 0
FS SEAL 650 tile (13, 1) n 51
FS STAT 660 id 4 at (14, 0) need 1 orth 1 ti 14 ammo 17 sen 1 hp 40 covden 0 eco 0 lost 0
FS SEAL 662 tile (13, 1) n 52
FS SEAL 674 tile (13, 1) n 53
FS STAT 680 id 4 at (14, 0) need 1 orth 1 ti 14 ammo 13 sen 1 hp 40 covden 0 eco 0 lost 0
FS SEAL 686 tile (13, 1) n 54
FS SEAL 698 tile (13, 1) n 55
FS STAT 700 id 4 at (14, 0) need 1 orth 1 ti 14 ammo 9 sen 1 hp 40 covden 0 eco 0 lost 0
FS SEAL 710 tile (13, 1) n 56
FS STAT 720 id 4 at (14, 0) need 1 orth 1 ti 14 ammo 12 sen 1 hp 40 covden 0 eco 0 lost 0
FS SEAL 722 tile (13, 1) n 57
FS SEAL 734 tile (13, 1) n 58
FS STAT 740 id 4 at (14, 0) need 1 orth 1 ti 14 ammo 18 sen 1 hp 40 covden 0 eco 0 lost 0
FS SEAL 746 tile (13, 1) n 59
FS SEAL 758 tile (13, 1) n 60
FS STAT 760 id 4 at (14, 0) need 1 orth 1 ti 14 ammo 4 sen 1 hp 40 covden 0 eco 0 lost 0
FS SEAL 774 tile (13, 1) n 61
FS STAT 780 id 4 at (14, 0) need 1 orth 1 ti 14 ammo 17 sen 1 hp 40 covden 0 eco 0 lost 0
FS SEAL 786 tile (13, 1) n 62
FS SEAL 798 tile (13, 1) n 63
FS STAT 800 id 4 at (14, 0) need 1 orth 1 ti 14 ammo 3 sen 1 hp 40 covden 0 eco 0 lost 0
FS SEAL 810 tile (13, 1) n 64
FS STAT 820 id 4 at (14, 0) need 1 orth 1 ti 14 ammo 16 sen 1 hp 40 covden 0 eco 0 lost 0
FS SEAL 822 tile (13, 1) n 65
FS SEAL 834 tile (13, 1) n 66
FS STAT 840 id 4 at (14, 0) need 1 orth 1 ti 14 ammo 12 sen 1 hp 40 covden 0 eco 0 lost 0
FS SEAL 846 tile (13, 1) n 67
FS SEAL 858 tile (13, 1) n 68
FS STAT 860 id 4 at (14, 0) need 1 orth 1 ti 14 ammo 8 sen 1 hp 40 covden 0 eco 0 lost 0
FS SEAL 870 tile (13, 1) n 69
FS STAT 880 id 4 at (14, 0) need 1 orth 1 ti 14 ammo 11 sen 1 hp 40 covden 0 eco 0 lost 0
FS SEAL 882 tile (13, 1) n 70
FS SEAL 898 tile (13, 1) n 71
FS STAT 900 id 4 at (14, 0) need 1 orth 1 ti 14 ammo 7 sen 1 hp 40 covden 0 eco 0 lost 0
FS SEAL 910 tile (13, 1) n 72
FS STAT 920 id 4 at (14, 0) need 1 orth 1 ti 14 ammo 10 sen 1 hp 40 covden 0 eco 0 lost 0
FS SEAL 922 tile (13, 1) n 73
FS SEAL 934 tile (13, 1) n 74
FS STAT 940 id 4 at (14, 0) need 1 orth 1 ti 14 ammo 16 sen 1 hp 40 covden 0 eco 0 lost 0
FS SEAL 946 tile (13, 1) n 75
FS SEAL 958 tile (13, 1) n 76
FS STAT 960 id 4 at (14, 0) need 1 orth 1 ti 17 ammo 9 sen 1 hp 40 covden 0 eco 0 lost 0
FS STAT 980 id 4 at (14, 0) need 1 orth 1 ti 20 ammo 9 sen 1 hp 40 covden 0 eco 1 lost 0
