Update available: 2.3.6 -> 2.3.8. Run: pip install --upgrade fcode
FS GATE 0 sig (30, 30, (2, 2), (26, 26)) ok 1
FS GATE 1 sig (30, 30, (2, 2), (26, 26)) ok 1
FS PHASE 1 id 3 ph 1 d 1013 at (4, 3)
FS HOPBUILD 1 at (4, 3) lch (5, 3) T (28, 28)
FS GATE 2 sig (30, 30, (2, 2), (26, 26)) ok 1
FS GATE 2 sig (30, 30, (2, 2), (26, 26)) ok 1
FS THROW 2 from (4, 3) to (8, 7) T (28, 28) body 3 n 1 dsq 685
FS HOPBUILD 3 at (8, 7) lch (8, 8) T (28, 28)
FS GATE 3 sig (30, 30, (2, 2), (26, 26)) ok 1
FS GATE 4 sig (30, 30, (2, 2), (26, 26)) ok 1
FS THROW 4 from (9, 7) to (11, 12) T (28, 28) body 3 n 1 dsq 421
FS HOPBUILD 5 at (11, 12) lch (12, 12) T (28, 28)
FS GATE 6 sig (30, 30, (2, 2), (26, 26)) ok 1
FS THROW 6 from (11, 13) to (15, 16) T (28, 28) body 3 n 1 dsq 221
FS HOPBUILD 7 at (15, 16) lch (16, 16) T (28, 28)
FS GATE 8 sig (30, 30, (2, 2), (26, 26)) ok 1
FS THROW 8 from (15, 17) to (19, 20) T (28, 28) body 3 n 1 dsq 85
FS HOPBUILD 9 at (19, 20) lch (20, 20) T (28, 28)
FS GATE 10 sig (30, 30, (2, 2), (26, 26)) ok 1
FS THROW 10 from (19, 21) to (23, 24) T (28, 28) body 3 n 1 dsq 13
FS HOPBUILD 11 at (23, 24) lch (24, 24) T (28, 28)
FS GATE 12 sig (30, 30, (2, 2), (26, 26)) ok 1
FS ARRIVE 14 id 3 body 1 at (24, 25) dsq 5
FS PHASE 14 id 3 ph 2 d 5 at (24, 25)
FS EVICTOR 14 at (24, 26) ucov 1 cov 0 unseal 2 obs 1
FS RUNG 14 id 3 r 2 hi -
FS EVICT 14 from (23, 25) to (27, 20)
SREACH516 15 tile (21, 26) score 25
FS GATE 15 sig (30, 30, (2, 2), (26, 26)) ok 1
FS GATE 16 sig (30, 30, (2, 2), (26, 26)) ok 1
FS STAT 20 id 3 at (22, 28) need 8 orth 7 ti 83 ammo 16 sen 0 hp 40 covden 6 eco 1 lost 0
FS DODGE 24 id 3 from (25, 29) to (25, 28) cov 1 -> 0 hit 0 hp 40
FS SEAL 25 tile (26, 28) n 1
FS CLEAR 26 tile (25, 27) peck 1
FS RUNG 26 id 3 r 3 hi -
FS CLEAR 27 tile (25, 27) peck 2
FS RUNG 27 id 3 r 3 hi -
FS CLEAR 28 tile (25, 27) peck 3
FS RUNG 28 id 3 r 3 hi -
FS DODGE 29 id 3 from (25, 28) to (25, 27) cov 1 -> 0 hit 0 hp 40
FS SEAL 30 tile (25, 26) n 2
SREACH516 31 tile (21, 26) score 25
FS EVICT 31 from (25, 27) to (19, 25)
FS DODGE 32 id 3 from (24, 27) to (25, 27) cov 1 -> 0 hit 0 hp 40
FS SEAL 33 tile (25, 26) n 3
FS SEAL 35 tile (26, 28) n 4
FS CLEAR 36 tile (25, 27) peck 1
FS RUNG 36 id 3 r 3 hi -
FS CLEAR 37 tile (25, 27) peck 2
FS RUNG 37 id 3 r 3 hi -
FS CLEAR 38 tile (25, 27) peck 3
FS RUNG 38 id 3 r 3 hi -
FS CLEAR 39 tile (25, 27) peck 4
FS RUNG 39 id 3 r 3 hi -
FS STAT 40 id 3 at (25, 28) need 8 orth 7 ti 86 ammo 16 sen 0 hp 40 covden 26 eco 1 lost 0
FS SEAL 40 tile (26, 28) n 5
FS DODGE 41 id 3 from (25, 28) to (25, 27) cov 1 -> 0 hit 0 hp 40
FS SEAL 42 tile (25, 26) n 6
SREACH516 43 tile (21, 26) score 25
FS DODGE 44 id 3 from (25, 28) to (25, 27) cov 2 -> 0 hit 0 hp 40
FS DODGE 46 id 3 from (25, 28) to (25, 27) cov 2 -> 0 hit 0 hp 26
FS SEAL 47 tile (25, 26) n 7
FS GATE 48 sig (30, 30, (2, 2), (26, 26)) ok 1
FS DODGE 49 id 3 from (25, 28) to (25, 27) cov 2 -> 0 hit 0 hp 12
FS SEAL 50 tile (25, 26) n 8
FS DODGE 52 id 3 from (25, 28) to (25, 29) cov 1 -> 0 hit 0 hp 5
FS RETREAT 53 id 3 hp 5 from (25, 29) to (25, 28)
FS SEAL 54 tile (26, 28) n 9
FS CLEAR 55 tile (25, 27) peck 1
FS RUNG 55 id 3 r 3 hi -
FS EVICT 68 from (23, 25) to (27, 20)
FS EVICT 85 from (25, 27) to (19, 25)
FS GATE 98 sig (30, 30, (2, 2), (26, 26)) ok 1
FS PHASE 98 id 229 ph 1 d 1060 at (4, 2)
FS HOPBUILD 99 at (5, 2) lch (5, 3) T (28, 28)
FS GATE 100 sig (30, 30, (2, 2), (26, 26)) ok 1
FS THROW 100 from (5, 2) to (8, 7) T (28, 28) body 229 n 1 dsq 685
FS HOPBUILD 101 at (8, 7) lch (8, 8) T (28, 28)
FS GATE 102 sig (30, 30, (2, 2), (26, 26)) ok 1
FS THROW 102 from (9, 7) to (11, 12) T (28, 28) body 229 n 1 dsq 421
FS HOPBUILD 104 at (12, 12) lch (13, 12) T (28, 28)
FS GATE 105 sig (30, 30, (2, 2), (26, 26)) ok 1
FS THROW 105 from (12, 13) to (16, 16) T (28, 28) body 229 n 1 dsq 200
FS HOPBUILD 109 at (18, 15) lch (18, 16) T (28, 28)
FS GATE 110 sig (30, 30, (2, 2), (26, 26)) ok 1
FS THROW 110 from (19, 15) to (21, 20) T (28, 28) body 229 n 1 dsq 61
FS EVICT 117 from (23, 27) to (23, 21)
FS HOPBUILD 118 at (26, 22) lch (27, 22) T (28, 28)
FS GATE 119 sig (30, 30, (2, 2), (26, 26)) ok 1
FS THROW 119 from (26, 23) to (28, 27) T (28, 28) body 229 n 1 dsq 1
FS ARRIVE 120 id 229 body 1 at (28, 27) dsq 1
FS PHASE 120 id 229 ph 2 d 1 at (28, 27)
FS STAT 120 id 229 at (28, 27) need 7 orth 6 ti 70 ammo 24 sen 0 hp 40 covden 1 eco 1 lost 0
FS SEAL 120 tile (28, 26) n 1
FS DODGE 122 id 229 from (28, 28) to (28, 27) cov 1 -> 0 hit 0 hp 40
SREACH516 123 tile (21, 26) score 25
FS DODGE 124 id 229 from (29, 27) to (28, 27) cov 1 -> 0 hit 0 hp 33
FS DODGE 126 id 229 from (29, 27) to (28, 27) cov 1 -> 0 hit 0 hp 26
FS SENTINEL 127 at (29, 27) face WEST tgt (26, 27) score -119 n 1 onring 0 lost 0 gate (1, 1, 16) onsray 0 olddsq -1
FS RUNG 127 id 229 r 4 hi -
FS PHASE 128 id 229 ph 5 d 1 at (28, 27)
FS EVICT 129 from (23, 25) to (27, 20)
FS DODGE 129 id 229 from (28, 28) to (28, 27) cov 1 -> 0 hit 0 hp 19
FS DODGE 131 id 229 from (28, 28) to (28, 27) cov 1 -> 0 hit 0 hp 12
FS DODGE 133 id 229 from (28, 28) to (28, 27) cov 1 -> 0 hit 0 hp 5
FS GATE 152 sig (30, 30, (2, 2), (26, 26)) ok 1
FS PHASE 152 id 377 ph 1 d 1060 at (4, 2)
FS HOPBUILD 153 at (5, 2) lch (5, 3) T (28, 28)
FS GATE 154 sig (30, 30, (2, 2), (26, 26)) ok 1
FS THROW 154 from (5, 2) to (8, 7) T (28, 28) body 377 n 1 dsq 685
FS HOPBUILD 155 at (8, 7) lch (8, 8) T (28, 28)
FS GATE 156 sig (30, 30, (2, 2), (26, 26)) ok 1
FS THROW 156 from (9, 7) to (11, 12) T (28, 28) body 377 n 1 dsq 421
FS HOPBUILD 160 at (13, 13) lch (14, 13) T (28, 28)
FS GATE 161 sig (30, 30, (2, 2), (26, 26)) ok 1
FS THROW 161 from (13, 14) to (17, 17) T (28, 28) body 377 n 1 dsq 162
FS HOPBUILD 165 at (15, 18) lch (16, 18) T (28, 28)
FS GATE 166 sig (30, 30, (2, 2), (26, 26)) ok 1
FS THROW 166 from (15, 19) to (20, 21) T (28, 28) body 377 n 1 dsq 61
FS EVICT 173 from (25, 27) to (19, 25)
FS HOPBUILD 174 at (26, 22) lch (27, 22) T (28, 28)
FS GATE 175 sig (30, 30, (2, 2), (26, 26)) ok 1
FS THROW 175 from (26, 23) to (28, 27) T (28, 28) body 377 n 1 dsq 1
FS ARRIVE 176 id 377 body 1 at (28, 27) dsq 1
FS PHASE 176 id 377 ph 2 d 1 at (28, 27)
FS DODGE 177 id 377 from (29, 27) to (28, 27) cov 1 -> 0 hit 0 hp 33
SREACH516 178 tile (21, 26) score 25
FS EVICT 179 from (23, 27) to (23, 21)
FS DODGE 179 id 377 from (29, 27) to (28, 27) cov 1 -> 0 hit 0 hp 26
FS STAT 180 id 377 at (28, 27) need 6 orth 5 ti 109 ammo 141 sen 0 hp 26 covden 3 eco 1 lost 0
FS DODGE 181 id 377 from (29, 27) to (28, 27) cov 1 -> 0 hit 0 hp 19
FS SENTINEL 182 at (29, 27) face WEST tgt (26, 27) score -119 n 1 onring 0 lost 0 gate (1, 1, 16) onsray 0 olddsq -1
FS RUNG 182 id 377 r 4 hi -
FS PHASE 183 id 377 ph 5 d 1 at (28, 27)
FS DODGE 184 id 377 from (28, 28) to (28, 27) cov 1 -> 0 hit 0 hp 12
FS DODGE 186 id 377 from (28, 28) to (28, 27) cov 1 -> 0 hit 0 hp 5
FS GATE 205 sig (30, 30, (2, 2), (26, 26)) ok 1
FS PHASE 205 id 539 ph 1 d 1154 at (1, 3)
FS HOPBUILD 205 at (1, 3) lch (1, 4) T (28, 28)
FS GATE 206 sig (30, 30, (2, 2), (26, 26)) ok 1
FS THROW 206 from (1, 3) to (4, 8) T (28, 28) body 539 n 1 dsq 808
FS HOPBUILD 208 at (5, 8) lch (5, 9) T (28, 28)
FS GATE 209 sig (30, 30, (2, 2), (26, 26)) ok 1
FS THROW 209 from (6, 8) to (9, 12) T (28, 28) body 539 n 1 dsq 485
FS HOPBUILD 213 at (10, 14) lch (10, 15) T (28, 28)
FS GATE 214 sig (30, 30, (2, 2), (26, 26)) ok 1
FS THROW 214 from (11, 14) to (14, 18) T (28, 28) body 539 n 1 dsq 208
FS HOPBUILD 222 at (19, 20) lch (19, 21) T (28, 28)
FS GATE 223 sig (30, 30, (2, 2), (26, 26)) ok 1
FS THROW 223 from (20, 20) to (23, 24) T (28, 28) body 539 n 1 dsq 13
FS EVICT 225 from (23, 24) to (29, 23)
FS ARRIVE 226 id 539 body 1 at (24, 25) dsq 5
FS PHASE 226 id 539 ph 2 d 5 at (24, 25)
SREACH516 226 tile (21, 26) score 25
FS DODGE 230 id 539 from (24, 27) to (23, 27) cov 1 -> 0 hit 0 hp 22
FS SENTINEL 231 at (23, 26) face EAST tgt (27, 26) score 16 n 1 onring 0 lost 0 gate (1, 1, 16) onsray 0 olddsq -1
FS RUNG 231 id 539 r 4 hi -
FS PHASE 232 id 539 ph 5 d 9 at (23, 27)
FS DODGE 233 id 539 from (24, 27) to (23, 27) cov 1 -> 0 hit 0 hp 15
FS EVICT 235 from (25, 26) to (19, 25)
FS DODGE 235 id 539 from (24, 27) to (25, 27) cov 1 -> 0 hit 0 hp 8
FS SEAL 236 tile (25, 26) n 1
FS DODGE 238 id 539 from (25, 28) to (25, 27) cov 2 -> 0 hit 0 hp 8
FS SEAL 239 tile (25, 26) n 2
FS STAT 240 id 539 at (25, 27) need 6 orth 5 ti 42 ammo 300 sen 1 hp 8 covden 15 eco 1 lost 0
FS GATE 261 sig (30, 30, (2, 2), (26, 26)) ok 1
FS PHASE 261 id 668 ph 1 d 1154 at (1, 3)
FS HOPBUILD 261 at (1, 3) lch (1, 4) T (28, 28)
FS GATE 262 sig (30, 30, (2, 2), (26, 26)) ok 1
FS THROW 262 from (1, 3) to (4, 8) T (28, 28) body 668 n 1 dsq 808
FS HOPBUILD 270 at (10, 9) lch (11, 9) T (28, 28)
FS GATE 271 sig (30, 30, (2, 2), (26, 26)) ok 1
FS THROW 271 from (10, 9) to (14, 13) T (28, 28) body 668 n 1 dsq 313
FS HOPBUILD 280 at (20, 15) lch (21, 15) T (28, 28)
FS GATE 281 sig (30, 30, (2, 2), (26, 26)) ok 1
FS THROW 281 from (20, 16) to (25, 18) T (28, 28) body 668 n 1 dsq 65
FS EVICT 284 from (25, 27) to (19, 26)
FS HOPBUILD 291 at (27, 21) lch (27, 22) T (28, 28)
FS GATE 292 sig (30, 30, (2, 2), (26, 26)) ok 1
FS THROW 292 from (28, 21) to (29, 26) T (28, 28) body 668 n 1 dsq 4
FS EVICT 296 from (25, 27) to (19, 26)
FS EVICT 305 from (25, 27) to (19, 26)
FS EVICT 307 from (25, 27) to (19, 26)
FS EVICT 316 from (25, 27) to (19, 26)
FS EVICT 318 from (25, 27) to (19, 26)
FS EVICT 327 from (25, 27) to (19, 26)
FS EVICT 329 from (25, 27) to (19, 26)
FS EVICT 338 from (25, 27) to (19, 26)
FS EVICT 340 from (25, 27) to (19, 26)
FS EVICT 347 from (25, 27) to (19, 26)
FS EVICT 353 from (25, 27) to (19, 26)
FS EVICT 355 from (25, 27) to (19, 26)
FS EVICT 362 from (25, 27) to (19, 26)
FS EVICT 364 from (25, 27) to (19, 26)
FS EVICT 372 from (25, 27) to (19, 26)
FS EVICT 377 from (25, 27) to (19, 26)
FS EVICT 385 from (25, 27) to (19, 26)
FS EVICT 387 from (25, 27) to (19, 26)
FS EVICT 394 from (25, 27) to (19, 26)
FS EVICT 398 from (25, 27) to (19, 26)
FS EVICT 404 from (25, 27) to (19, 26)
FS EVICT 405 from (25, 27) to (19, 26)
FS EVICT 413 from (25, 27) to (19, 26)
FS EVICT 415 from (25, 27) to (19, 26)
FS EVICT 422 from (25, 27) to (19, 26)
FS EVICT 426 from (25, 27) to (19, 26)
FS EVICT 432 from (25, 27) to (19, 26)
FS EVICT 433 from (25, 27) to (19, 26)
FS EVICT 441 from (25, 27) to (19, 26)
FS EVICT 443 from (25, 27) to (19, 26)
FS EVICT 450 from (25, 27) to (19, 26)
FS EVICT 454 from (25, 27) to (19, 26)
FS EVICT 460 from (25, 27) to (19, 26)
FS EVICT 461 from (25, 27) to (19, 26)
FS EVICT 469 from (25, 27) to (19, 26)
FS EVICT 471 from (25, 27) to (19, 26)
FS EVICT 478 from (25, 27) to (19, 26)
FS EVICT 482 from (25, 27) to (19, 26)
FS EVICT 488 from (25, 27) to (19, 26)
FS EVICT 489 from (25, 27) to (19, 26)
FS EVICT 497 from (25, 27) to (19, 26)
FS EVICT 499 from (25, 27) to (19, 26)
FS EVICT 506 from (25, 27) to (19, 26)
FS EVICT 510 from (25, 27) to (19, 26)
FS EVICT 516 from (25, 27) to (19, 26)
FS EVICT 517 from (25, 27) to (19, 26)
FS EVICT 525 from (25, 27) to (19, 26)
FS EVICT 527 from (25, 27) to (19, 26)
FS EVICT 534 from (25, 27) to (19, 26)
FS EVICT 538 from (25, 27) to (19, 26)
FS EVICT 544 from (25, 27) to (19, 26)
FS EVICT 545 from (25, 27) to (19, 26)
FS EVICT 553 from (25, 27) to (19, 26)
FS EVICT 555 from (25, 27) to (19, 26)
FS EVICT 562 from (25, 27) to (19, 26)
FS EVICT 566 from (25, 27) to (19, 26)
FS EVICT 572 from (25, 27) to (19, 26)
FS EVICT 573 from (25, 27) to (19, 26)
FS EVICT 581 from (25, 27) to (19, 26)
FS EVICT 583 from (25, 27) to (19, 26)
FS EVICT 590 from (25, 27) to (19, 26)
FS EVICT 594 from (25, 27) to (19, 26)
FS EVICT 600 from (25, 27) to (19, 26)
FS EVICT 601 from (25, 27) to (19, 26)
FS EVICT 609 from (25, 27) to (19, 26)
FS EVICT 611 from (25, 27) to (19, 26)
FS EVICT 618 from (25, 27) to (19, 26)
FS EVICT 622 from (25, 27) to (19, 26)
FS EVICT 628 from (25, 27) to (19, 26)
FS EVICT 629 from (25, 27) to (19, 26)
FS EVICT 637 from (25, 27) to (19, 26)
FS EVICT 639 from (25, 27) to (19, 26)
FS EVICT 646 from (25, 27) to (19, 26)
FS EVICT 650 from (25, 27) to (19, 26)
FS EVICT 656 from (25, 27) to (19, 26)
FS EVICT 657 from (25, 27) to (19, 26)
