Update available: 2.3.6 -> 2.3.8. Run: pip install --upgrade fcode
FS GATE 0 sig (30, 30, (2, 2), (26, 26)) ok 1
FS GATE 1 sig (30, 30, (2, 2), (26, 26)) ok 1
FS PHASE 1 id 3 ph 1 d 1013 at (4, 3)
FS HOPBUILD 1 at (4, 3) lch (5, 3) T (28, 28)
FS GATE 2 sig (30, 30, (2, 2), (26, 26)) ok 1
FS GATE 2 sig (30, 30, (2, 2), (26, 26)) ok 1
FS THROW 2 from (4, 3) to (8, 7) T (28, 28) body 3 n 1 dsq 685
FS HOPBUILD 3 at (8, 7) lch (8, 8) T (28, 28)
FS GATE 3 sig (30, 30, (2, 2), (26, 26)) ok 1
FS GATE 4 sig (30, 30, (2, 2), (26, 26)) ok 1
FS THROW 4 from (9, 7) to (11, 12) T (28, 28) body 3 n 1 dsq 421
FS HOPBUILD 5 at (11, 12) lch (12, 12) T (28, 28)
FS GATE 6 sig (30, 30, (2, 2), (26, 26)) ok 1
FS THROW 6 from (11, 13) to (15, 16) T (28, 28) body 3 n 1 dsq 221
FS HOPBUILD 7 at (15, 16) lch (16, 16) T (28, 28)
FS GATE 8 sig (30, 30, (2, 2), (26, 26)) ok 1
FS THROW 8 from (15, 17) to (19, 20) T (28, 28) body 3 n 1 dsq 85
FS HOPBUILD 9 at (19, 20) lch (20, 20) T (28, 28)
FS GATE 10 sig (30, 30, (2, 2), (26, 26)) ok 1
FS THROW 10 from (19, 21) to (23, 24) T (28, 28) body 3 n 1 dsq 13
FS HOPBUILD 11 at (23, 24) lch (24, 24) T (28, 28)
FS GATE 12 sig (30, 30, (2, 2), (26, 26)) ok 1
FS EVICT 13 from (23, 25) to (27, 20)
FS ARRIVE 14 id 3 body 1 at (24, 25) dsq 5
FS PHASE 14 id 3 ph 2 d 5 at (24, 25)
FS EVICTOR 14 at (24, 26) ucov 1 cov 0 unseal 2 obs 0
FS RUNG 14 id 3 r 2 hi -
FS GATE 15 sig (30, 30, (2, 2), (26, 26)) ok 1
FS GATE 16 sig (30, 30, (2, 2), (26, 26)) ok 1
FS STAT 20 id 3 at (22, 28) need 8 orth 7 ti 83 ammo 16 sen 0 hp 40 covden 6 eco 1 lost 0
FS SEAL 23 tile (26, 28) n 1
FS CLEAR 24 tile (25, 27) peck 1
FS RUNG 24 id 3 r 3 hi -
FS CLEAR 25 tile (25, 27) peck 2
FS RUNG 25 id 3 r 3 hi -
FS CLEAR 26 tile (25, 27) peck 3
FS RUNG 26 id 3 r 3 hi -
FS CLEAR 27 tile (25, 27) peck 4
FS RUNG 27 id 3 r 3 hi -
FS CLEAR 28 tile (25, 27) peck 5
FS RUNG 28 id 3 r 3 hi -
FS CLEAR 29 tile (25, 27) peck 6
FS RUNG 29 id 3 r 3 hi -
FS CLEAR 30 tile (25, 27) peck 7
FS RUNG 30 id 3 r 3 hi -
FS CLEAR 31 tile (25, 27) peck 8
FS RUNG 31 id 3 r 3 hi -
FS SEAL 33 tile (25, 26) n 2
FS CLEAR 35 tile (25, 27) peck 1
FS RUNG 35 id 3 r 3 hi -
FS CLEAR 36 tile (25, 27) peck 2
FS RUNG 36 id 3 r 3 hi -
FS CLEARED 37 tile (25, 27) n 1
FS SEAL 37 tile (25, 27) n 3
FS SEALCLR 37 tile (25, 27) lag 0
FS STAT 40 id 3 at (26, 29) need 5 orth 5 ti 89 ammo 16 sen 0 hp 40 covden 22 eco 1 lost 0
FS SEAL 41 tile (27, 28) n 4
FS SEAL 44 tile (28, 27) n 5
FS EVICTOR 46 at (29, 27) ucov 1 cov 1 unseal 2 obs 1
FS RUNG 46 id 3 r 2 hi -
FS GATE 47 sig (30, 30, (2, 2), (26, 26)) ok 1
FS GATE 56 sig (30, 30, (2, 2), (26, 26)) ok 1
FS STAT 60 id 3 at (24, 28) need 3 orth 3 ti 67 ammo 24 sen 0 hp 40 covden 32 eco 1 lost 0
FS EVICT 66 from (29, 26) to (29, 22)
FS EVICT 70 from (29, 26) to (29, 22)
FS EVICT 74 from (29, 26) to (29, 22)
FS EVICT 78 from (29, 26) to (29, 22)
FS STAT 80 id 3 at (24, 28) need 3 orth 3 ti 15 ammo 4 sen 0 hp 40 covden 42 eco 1 lost 0
FS EVICT 82 from (29, 26) to (29, 22)
FS EVICT 86 from (29, 26) to (29, 22)
FS EVICT 90 from (29, 26) to (29, 22)
FS EVICT 94 from (29, 26) to (29, 22)
FS EVICT 98 from (29, 26) to (29, 22)
FS STAT 100 id 3 at (25, 29) need 3 orth 2 ti 12 ammo 17 sen 0 hp 40 covden 53 eco 1 lost 0
FS EVICT 101 from (28, 26) to (29, 22)
FS EVICT 102 from (29, 26) to (28, 22)
FS EVICT 107 from (29, 26) to (29, 22)
FS EVICT 111 from (29, 26) to (29, 22)
FS EVICT 115 from (28, 28) to (29, 22)
FS EVICT 116 from (29, 26) to (28, 22)
FS STAT 120 id 3 at (25, 29) need 3 orth 2 ti 14 ammo 20 sen 0 hp 40 covden 63 eco 1 lost 0
FS EVICT 120 from (28, 26) to (29, 22)
FS EVICT 124 from (29, 26) to (29, 22)
FS EVICT 128 from (29, 26) to (29, 22)
FS EVICT 132 from (29, 26) to (29, 22)
FS EVICT 136 from (29, 26) to (29, 22)
FS STAT 140 id 3 at (25, 29) need 3 orth 2 ti 65 ammo 24 sen 0 hp 40 covden 73 eco 1 lost 0
FS EVICT 140 from (29, 26) to (29, 22)
FS EVICT 144 from (29, 26) to (29, 22)
FS SENTINEL 148 at (24, 29) face NORTHEAST tgt (27, 26) score 18 n 1 onring 0 lost 0 gate (1, 1, 16) onsray 0 olddsq -1
FS RUNG 148 id 3 r 4 hi -
FS EVICT 148 from (29, 26) to (29, 22)
FS PHASE 149 id 3 ph 5 d 5 at (25, 29)
FS STAT 160 id 3 at (25, 28) need 3 orth 2 ti 64 ammo 60 sen 1 hp 40 covden 84 eco 1 lost 0
FS STAT 180 id 3 at (25, 28) need 3 orth 2 ti 12 ammo 19 sen 1 hp 40 covden 94 eco 1 lost 0
FS DOORSEEN 180 id 145 at (1, 4) rank 1
FS STAT 200 id 3 at (25, 28) need 3 orth 2 ti 12 ammo 10 sen 1 hp 40 covden 104 eco 1 lost 0
FS STAT 220 id 3 at (25, 28) need 3 orth 2 ti 12 ammo 10 sen 1 hp 40 covden 114 eco 1 lost 0
FS STAT 240 id 3 at (25, 28) need 3 orth 2 ti 12 ammo 12 sen 1 hp 40 covden 124 eco 1 lost 0
FS STAT 260 id 3 at (25, 28) need 3 orth 2 ti 12 ammo 12 sen 1 hp 40 covden 134 eco 1 lost 0
FS STAT 280 id 3 at (25, 28) need 3 orth 2 ti 12 ammo 12 sen 1 hp 40 covden 144 eco 1 lost 0
