Running match: _v519cripple vs _v468kladturbo
  Map: archipelago.map26  Seed: 26  Replay: 
scratchpad/s51_v519_build/gated/d2/repv519/archipelago_s26_A.replay26  TLE: 10ms
Completed turn 0
Completed turn 100
Completed turn 200
Completed turn 300
Completed turn 400
Completed turn 500
Completed turn 600
Completed turn 700
Completed turn 800
Completed turn 900
Replay written to 
scratchpad/s51_v519_build/gated/d2/repv519/archipelago_s26_A.replay26

  Winner: _v519cripple  (Titanium collected (tiebreak), turn 1000)

                   _v519cripple      _v468kladturbo  
  Titanium     652 (7790 mined)    753 (4920 mined)  
  Units                      17                  18  
  Buildings                  58                  34  

