Update available: 2.3.6 -> 2.3.8. Run: pip install --upgrade fcode
FS GATE 0 sig (18, 18, (2, 14), (14, 2)) ok 1
FS GATE 1 sig (18, 18, (2, 14), (14, 2)) ok 1
FS PHASE 1 id 4 ph 1 d 200 at (13, 4)
FS HOPBUILD 1 at (13, 4) lch (13, 5) T (1, 16)
FS GATE 2 sig (18, 18, (2, 14), (14, 2)) ok 1
FS GATE 2 sig (18, 18, (2, 14), (14, 2)) ok 1
FS THROW 2 from (12, 4) to (9, 8) T (1, 16) body 4 n 1 dsq 72
FS HOPBUILD 3 at (9, 8) lch (9, 9) T (1, 16)
FS GATE 3 sig (18, 18, (2, 14), (14, 2)) ok 1
FS GATE 4 sig (18, 18, (2, 14), (14, 2)) ok 1
FS THROW 4 from (8, 8) to (5, 12) T (1, 16) body 4 n 1 dsq 8
FS ARRIVE 5 id 4 body 1 at (5, 12) dsq 8
FS PHASE 5 id 4 ph 2 d 8 at (5, 12)
FS EVICTOR 6 at (4, 13) ucov 0 cov 1 unseal 1 obs 3
FS RUNG 6 id 4 r 2 hi -
FS DODGE 7 id 4 from (4, 12) to (4, 11) cov 1 -> 0 hit 0 hp 40
FS GATE 7 sig (18, 18, (2, 14), (14, 2)) ok 1
FS GATE 7 sig (18, 18, (2, 14), (14, 2)) ok 1
FS EVICT 7 from (5, 14) to (5, 8)
FS EVICT 8 from (3, 13) to (9, 12)
FS GATE 8 sig (18, 18, (2, 14), (14, 2)) ok 1
FS DODGE 9 id 4 from (4, 12) to (4, 11) cov 1 -> 0 hit 0 hp 22
FS EVICT 10 from (3, 13) to (9, 13)
FS DODGE 11 id 4 from (4, 12) to (4, 11) cov 1 -> 0 hit 0 hp 4
FS EVICT 13 from (4, 14) to (5, 8)
FS EVICT 14 from (3, 12) to (9, 12)
PRES520 19 ti 121 res 111 floor 111 bind 1 rounds 1 vacant 1 until 39
PRES520 20 ti 131 res 111 floor 111 bind 2 rounds 2 vacant 2 until 40
FS EVICT 20 from (5, 13) to (8, 10)
PRES520 21 ti 125 res 111 floor 111 bind 3 rounds 3 vacant 3 until 41
PRES520 22 ti 74 res 121 floor 121 bind 4 rounds 4 vacant 4 until 42
PRES520 23 ti 5 res 131 floor 131 bind 5 rounds 5 vacant 5 until 43
PRES520 24 ti 15 res 131 floor 131 bind 6 rounds 6 vacant 6 until 44
PRES520 25 ti 15 res 131 floor 131 bind 7 rounds 7 vacant 7 until 45
PRES520 26 ti 35 res 131 floor 131 bind 8 rounds 8 vacant 8 until 46
PRES520 27 ti 35 res 131 floor 131 bind 9 rounds 9 vacant 9 until 47
PRES520 28 ti 45 res 131 floor 131 bind 10 rounds 10 vacant 10 until 48
PRES520 29 ti 38 res 131 floor 131 bind 11 rounds 11 vacant 11 until 49
PRES520 30 ti 58 res 131 floor 131 bind 12 rounds 12 vacant 12 until 50
PRES520 31 ti 51 res 131 floor 131 bind 13 rounds 13 vacant 13 until 51
FS EVICT 31 from (3, 12) to (9, 12)
PRES520 32 ti 61 res 131 floor 131 bind 14 rounds 14 vacant 14 until 52
FS EVICT 36 from (5, 13) to (8, 10)
FS EVICT 47 from (3, 12) to (9, 12)
FS EVICT 50 from (3, 12) to (9, 12)
FS EVICT 52 from (5, 13) to (8, 10)
FS EVICT 55 from (5, 13) to (8, 10)
FS EVICT 60 from (4, 12) to (8, 10)
FS EVICT 68 from (4, 12) to (8, 10)
FS EVICT 74 from (4, 12) to (8, 10)
FS EVICT 78 from (4, 12) to (8, 10)
FS EVICT 84 from (4, 12) to (8, 10)
FS EVICT 88 from (4, 12) to (8, 10)
FS EVICT 94 from (4, 12) to (8, 10)
FS EVICT 100 from (4, 12) to (8, 10)
FS EVICT 106 from (4, 12) to (8, 10)
FS EVICT 112 from (4, 12) to (8, 10)
FS EVICT 118 from (4, 12) to (8, 10)
FS EVICT 124 from (4, 12) to (8, 10)
FS EVICT 130 from (4, 12) to (8, 10)
