Running match: _v488beltbreak2 vs pKoff
  Map: drakkarfjord.map26  Seed: 204  Replay: 
scratchpad/s51_v520_build/lat/pKoff/rep/drakkarfjord_s204_B.replay26  TLE: 10ms
Completed turn 0
Completed turn 100
Completed turn 200
Completed turn 300
Completed turn 400
Completed turn 500
Completed turn 600
Completed turn 700
Completed turn 800
Completed turn 900
Replay written to 
scratchpad/s51_v520_build/lat/pKoff/rep/drakkarfjord_s204_B.replay26

  Winner: pKoff  (Titanium collected (tiebreak), turn 1000)

               _v488beltbreak2             pKoff  
  Titanium        30 (0 mined)    60 (410 mined)  
  Units                      7                 5  
  Buildings                 31                44  

