Update available: 2.3.6 -> 2.3.8. Run: pip install --upgrade fcode
FS GATE 0 sig (30, 30, (2, 24), (26, 4)) ok 1
FS GATE 1 sig (30, 30, (2, 24), (26, 4)) ok 1
FS PHASE 1 id 4 ph 1 d 808 at (25, 6)
FS HOPBUILD 1 at (25, 6) lch (24, 6) T (1, 26)
FS GATE 2 sig (30, 30, (2, 24), (26, 4)) ok 1
FS GATE 2 sig (30, 30, (2, 24), (26, 4)) ok 1
FS THROW 2 from (25, 7) to (20, 9) T (1, 26) body 4 n 1 dsq 514
FS HOPBUILD 3 at (20, 9) lch (19, 9) T (1, 26)
FS GATE 3 sig (30, 30, (2, 24), (26, 4)) ok 1
FS GATE 4 sig (30, 30, (2, 24), (26, 4)) ok 1
FS THROW 4 from (20, 10) to (15, 12) T (1, 26) body 4 n 1 dsq 288
FS HOPBUILD 5 at (15, 12) lch (15, 13) T (1, 26)
FS GATE 6 sig (30, 30, (2, 24), (26, 4)) ok 1
FS THROW 6 from (14, 12) to (11, 16) T (1, 26) body 4 n 1 dsq 128
FS HOPBUILD 7 at (11, 16) lch (11, 17) T (1, 26)
FS GATE 8 sig (30, 30, (2, 24), (26, 4)) ok 1
FS THROW 8 from (10, 16) to (7, 20) T (1, 26) body 4 n 1 dsq 32
FS HOPBUILD 9 at (7, 20) lch (6, 20) T (1, 26)
FS GATE 10 sig (30, 30, (2, 24), (26, 4)) ok 1
FS THROW 10 from (7, 21) to (2, 23) T (1, 26) body 4 n 1 dsq 1
FS ARRIVE 11 id 4 body 1 at (2, 23) dsq 1
FS PHASE 11 id 4 ph 2 d 1 at (2, 23)
FS SEAL 11 tile (3, 23) n 1
FS SEAL 12 tile (1, 23) n 2
FS GATE 13 sig (30, 30, (2, 24), (26, 4)) ok 1
FS DODGE 14 id 4 from (2, 22) to (3, 22) cov 1 -> 0 hit 0 hp 40
FS GATE 14 sig (30, 30, (2, 24), (26, 4)) ok 1
FS SEAL 17 tile (4, 24) n 3
FS STAT 20 id 4 at (5, 24) need 6 orth 6 ti 24 ammo 4 sen 0 hp 40 covden 0 eco 0 lost 0
FS SEAL 21 tile (4, 25) n 4
FS SEAL 24 tile (3, 26) n 5
FS DODGE 25 id 4 from (4, 26) to (4, 27) cov 1 -> 0 hit 0 hp 40
FS DODGE 27 id 4 from (3, 27) to (2, 27) cov 1 -> 0 hit 0 hp 33
FS SEAL 28 tile (2, 26) n 6
FS SEAL 31 tile (1, 25) n 7
FS SEAL 32 tile (2, 26) n 8
FS SEAL 36 tile (1, 24) n 9
FS STAT 40 id 4 at (1, 22) need 1 orth 1 ti 66 ammo 16 sen 0 hp 33 covden 0 eco 1 lost 0
FS SEAL 41 tile (2, 23) n 10
FS PHASE 42 id 4 ph 3 d 4 at (2, 22)
FS DODGE 47 id 4 from (2, 22) to (1, 22) cov 1 -> 0 hit 0 hp 33
FS PHASE 49 id 4 ph 2 d 10 at (1, 21)
FS PHASE 50 id 4 ph 3 d 5 at (1, 22)
FS DODGE 51 id 4 from (2, 22) to (3, 22) cov 1 -> 0 hit 0 hp 33
FS SEAL 53 tile (4, 23) n 11
FS PHASE 55 id 4 ph 2 d 8 at (5, 22)
FS PHASE 56 id 4 ph 3 d 5 at (4, 22)
FS SENTINEL 56 at (5, 22) face SOUTHWEST tgt (2, 25) score 18 n 1 onring 0 lost 0 gate (1, 1, 24) onsray 0 olddsq -1
FS PHASE 57 id 4 ph 4 d 5 at (4, 22)
PRESKILL520 60 id 4 body 1
PRES520 66 ti 14 res 124 floor 124 bind 1 rounds 1 vacant 1 until 86
PRES520 67 ti 24 res 124 floor 124 bind 2 rounds 2 vacant 2 until 87
PRES520 68 ti 34 res 124 floor 124 bind 3 rounds 3 vacant 3 until 88
PRES520 69 ti 44 res 124 floor 124 bind 4 rounds 4 vacant 4 until 89
PRES520 70 ti 44 res 124 floor 124 bind 5 rounds 5 vacant 5 until 90
PRES520 71 ti 54 res 124 floor 124 bind 6 rounds 6 vacant 6 until 91
PRES520 72 ti 64 res 124 floor 124 bind 7 rounds 7 vacant 7 until 92
PRES520 73 ti 74 res 124 floor 124 bind 8 rounds 8 vacant 8 until 93
PRES520 74 ti 27 res 126 floor 126 bind 9 rounds 9 vacant 9 until 94
PRES520 75 ti 30 res 126 floor 126 bind 10 rounds 10 vacant 10 until 95
PRES520 76 ti 40 res 126 floor 126 bind 11 rounds 11 vacant 11 until 96
PRES520 77 ti 43 res 127 floor 127 bind 12 rounds 12 vacant 12 until 97
PRES520 78 ti 36 res 128 floor 128 bind 13 rounds 13 vacant 13 until 98
PRES520 79 ti 46 res 128 floor 128 bind 14 rounds 14 vacant 14 until 99
