Update available: 2.3.6 -> 2.3.8. Run: pip install --upgrade fcode
FS GATE 0 sig (30, 30, (2, 24), (26, 4)) ok 1
FS GATE 1 sig (30, 30, (2, 24), (26, 4)) ok 1
FS PHASE 1 id 4 ph 1 d 808 at (25, 6)
FS HOPBUILD 1 at (25, 6) lch (24, 6) T (1, 26)
FS GATE 2 sig (30, 30, (2, 24), (26, 4)) ok 1
FS GATE 2 sig (30, 30, (2, 24), (26, 4)) ok 1
FS THROW 2 from (25, 7) to (20, 9) T (1, 26) body 4 n 1 dsq 514
FS HOPBUILD 3 at (20, 9) lch (19, 9) T (1, 26)
FS GATE 3 sig (30, 30, (2, 24), (26, 4)) ok 1
FS GATE 4 sig (30, 30, (2, 24), (26, 4)) ok 1
FS THROW 4 from (20, 10) to (15, 12) T (1, 26) body 4 n 1 dsq 288
FS HOPBUILD 5 at (15, 12) lch (15, 13) T (1, 26)
FS GATE 6 sig (30, 30, (2, 24), (26, 4)) ok 1
FS THROW 6 from (14, 12) to (11, 16) T (1, 26) body 4 n 1 dsq 128
FS HOPBUILD 7 at (11, 16) lch (11, 17) T (1, 26)
FS GATE 8 sig (30, 30, (2, 24), (26, 4)) ok 1
FS THROW 8 from (10, 16) to (7, 20) T (1, 26) body 4 n 1 dsq 32
FS HOPBUILD 9 at (7, 20) lch (7, 21) T (1, 26)
FS GATE 10 sig (30, 30, (2, 24), (26, 4)) ok 1
FS THROW 10 from (6, 20) to (4, 25) T (1, 26) body 4 n 1 dsq 1
FS ARRIVE 11 id 4 body 1 at (4, 25) dsq 1
FS PHASE 11 id 4 ph 2 d 1 at (4, 25)
FS SEAL 11 tile (4, 24) n 1
FS SEAL 13 tile (4, 25) n 2
FS GATE 13 sig (30, 30, (2, 24), (26, 4)) ok 1
FS SEAL 14 tile (3, 26) n 3
FS GATE 14 sig (30, 30, (2, 24), (26, 4)) ok 1
FS SEAL 17 tile (4, 25) n 4
FS STAT 20 id 4 at (5, 23) need 7 orth 6 ti 21 ammo 0 sen 0 hp 40 covden 0 eco 0 lost 0
FS SEAL 21 tile (3, 23) n 5
FS SEAL 26 tile (4, 25) n 6
FS SEAL 29 tile (4, 25) n 7
FS SEAL 33 tile (2, 26) n 8
FS SEAL 36 tile (1, 25) n 9
FS STAT 40 id 4 at (0, 24) need 3 orth 2 ti 59 ammo 24 sen 0 hp 40 covden 0 eco 1 lost 0
FS SEAL 40 tile (1, 24) n 10
FS SEAL 42 tile (1, 23) n 11
FS DODGE 45 id 4 from (1, 22) to (2, 22) cov 1 -> 0 hit 0 hp 40
FS SEAL 46 tile (2, 23) n 12
FS PHASE 47 id 4 ph 3 d 4 at (2, 22)
FS PHASE 48 id 4 ph 2 d 9 at (2, 21)
FS PHASE 53 id 4 ph 3 d 4 at (2, 22)
FS CLEAR 55 tile (4, 23) peck 1
FS RUNG 55 id 4 r 3 hi -
FS CLEAR 56 tile (4, 23) peck 2
FS RUNG 56 id 4 r 3 hi -
FS CLEAR 57 tile (4, 23) peck 3
FS RUNG 57 id 4 r 3 hi -
FS CLEAR 58 tile (4, 23) peck 4
FS RUNG 58 id 4 r 3 hi -
FS CLEAR 59 tile (4, 23) peck 5
FS RUNG 59 id 4 r 3 hi -
PRESKILL520 60 id 4 body 1
PRES520 66 ti 34 res 133 floor 133 bind 1 rounds 1 vacant 1 until 86
PRES520 67 ti 44 res 133 floor 133 bind 2 rounds 2 vacant 2 until 87
PRES520 68 ti 54 res 133 floor 133 bind 3 rounds 3 vacant 3 until 88
PRES520 69 ti 64 res 133 floor 133 bind 4 rounds 4 vacant 4 until 89
PRES520 70 ti 64 res 133 floor 133 bind 5 rounds 5 vacant 5 until 90
PRES520 71 ti 74 res 133 floor 133 bind 6 rounds 6 vacant 6 until 91
PRES520 72 ti 84 res 133 floor 133 bind 7 rounds 7 vacant 7 until 92
PRES520 73 ti 43 res 136 floor 136 bind 8 rounds 8 vacant 8 until 93
PRES520 74 ti 36 res 136 floor 136 bind 9 rounds 9 vacant 9 until 94
PRES520 75 ti 46 res 136 floor 136 bind 10 rounds 10 vacant 10 until 95
PRES520 76 ti 49 res 136 floor 136 bind 11 rounds 11 vacant 11 until 96
PRES520 77 ti 52 res 136 floor 136 bind 12 rounds 12 vacant 12 until 97
PRES520 78 ti 52 res 136 floor 136 bind 13 rounds 13 vacant 13 until 98
PRES520 79 ti 55 res 137 floor 137 bind 14 rounds 14 vacant 14 until 99
