Update available: 2.3.6 -> 2.3.8. Run: pip install --upgrade fcode
FS GATE 0 sig (30, 30, (14, 2), (14, 26)) ok 1
FS GATE 1 sig (30, 30, (14, 2), (14, 26)) ok 1
FS PHASE 1 id 4 ph 1 d 484 at (14, 25)
FS HOPBUILD 1 at (14, 25) lch (14, 24) T (16, 1)
FS GATE 2 sig (30, 30, (14, 2), (14, 26)) ok 1
FS GATE 2 sig (30, 30, (14, 2), (14, 26)) ok 1
FS THROW 2 from (15, 25) to (15, 19) T (16, 1) body 4 n 1 dsq 256
FS HOPBUILD 3 at (15, 19) lch (15, 18) T (16, 1)
FS GATE 3 sig (30, 30, (14, 2), (14, 26)) ok 1
FS GATE 4 sig (30, 30, (14, 2), (14, 26)) ok 1
FS THROW 4 from (16, 19) to (16, 13) T (16, 1) body 4 n 1 dsq 101
FS HOPBUILD 5 at (16, 13) lch (16, 12) T (16, 1)
FS GATE 6 sig (30, 30, (14, 2), (14, 26)) ok 1
FS THROW 6 from (16, 13) to (17, 7) T (16, 1) body 4 n 1 dsq 20
FS HOPBUILD 7 at (17, 7) lch (17, 6) T (16, 1)
FS GATE 8 sig (30, 30, (14, 2), (14, 26)) ok 1
FS THROW 8 from (16, 7) to (16, 1) T (16, 1) body 4 n 1 dsq 2
FS ARRIVE 9 id 4 body 1 at (16, 1) dsq 2
FS PHASE 9 id 4 ph 2 d 2 at (16, 1)
FS SEAL 9 tile (15, 1) n 1
FS SEAL 10 tile (16, 2) n 2
FS DODGE 11 id 4 from (16, 1) to (16, 0) cov 1 -> 0 hit 0 hp 40
FS GATE 11 sig (30, 30, (14, 2), (14, 26)) ok 1
FS GATE 12 sig (30, 30, (14, 2), (14, 26)) ok 1
FS DODGE 13 id 4 from (16, 1) to (16, 0) cov 1 -> 0 hit 0 hp 40
FS GATE 13 sig (30, 30, (14, 2), (14, 26)) ok 1
FS SEAL 15 tile (15, 1) n 3
FS DODGE 17 id 4 from (17, 1) to (17, 2) cov 1 -> 0 hit 0 hp 22
FS SEAL 19 tile (16, 3) n 4
FS STAT 20 id 4 at (17, 3) need 7 orth 6 ti 64 ammo 0 sen 0 hp 22 covden 0 eco 0 lost 0
FS SEAL 22 tile (15, 4) n 5
FS SEAL 26 tile (14, 4) n 6
FS SEAL 29 tile (13, 3) n 7
FS SEAL 33 tile (13, 2) n 8
FS CLEAR 36 tile (13, 1) peck 1
FS RUNG 36 id 4 r 3 hi -
FS CLEAR 37 tile (13, 1) peck 2
FS RUNG 37 id 4 r 3 hi -
FS CLEAR 38 tile (13, 1) peck 3
FS RUNG 38 id 4 r 3 hi -
FS CLEAR 39 tile (13, 1) peck 4
FS RUNG 39 id 4 r 3 hi -
FS STAT 40 id 4 at (12, 1) need 3 orth 2 ti 65 ammo 24 sen 0 hp 22 covden 0 eco 0 lost 0
FS CLEAR 40 tile (13, 1) peck 5
FS RUNG 40 id 4 r 3 hi -
FS CLEAR 41 tile (13, 1) peck 6
FS RUNG 41 id 4 r 3 hi -
FS CLEAR 42 tile (13, 1) peck 7
FS RUNG 42 id 4 r 3 hi -
FS CLEAR 43 tile (13, 1) peck 8
FS RUNG 43 id 4 r 3 hi -
FS CLEAR 50 tile (13, 1) peck 1
FS RUNG 50 id 4 r 3 hi -
FS CLEAR 51 tile (13, 1) peck 2
FS RUNG 51 id 4 r 3 hi -
FS CLEAR 52 tile (13, 1) peck 3
FS RUNG 52 id 4 r 3 hi -
FS CLEAR 53 tile (13, 1) peck 4
FS RUNG 53 id 4 r 3 hi -
FS CLEAR 54 tile (13, 1) peck 5
FS RUNG 54 id 4 r 3 hi -
FS CLEAR 55 tile (13, 1) peck 6
FS RUNG 55 id 4 r 3 hi -
FS CLEAR 56 tile (13, 1) peck 7
FS RUNG 56 id 4 r 3 hi -
FS CLEAR 57 tile (13, 1) peck 8
FS RUNG 57 id 4 r 3 hi -
FS PHASE 59 id 4 ph 3 d 5 at (12, 1)
PRESKILL520 60 id 4 body 1
PRES520 66 ti 44 res 123 floor 123 bind 1 rounds 1 vacant 1 until 86
PRES520 67 ti 44 res 123 floor 123 bind 2 rounds 2 vacant 2 until 87
PRES520 68 ti 57 res 124 floor 124 bind 3 rounds 3 vacant 3 until 88
PRES520 69 ti 57 res 124 floor 124 bind 4 rounds 4 vacant 4 until 89
PRES520 70 ti 50 res 124 floor 124 bind 5 rounds 5 vacant 5 until 90
PRES520 71 ti 60 res 124 floor 124 bind 6 rounds 6 vacant 6 until 91
PRES520 72 ti 73 res 124 floor 124 bind 7 rounds 7 vacant 7 until 92
PRES520 73 ti 83 res 124 floor 124 bind 8 rounds 8 vacant 8 until 93
PRES520 74 ti 76 res 126 floor 126 bind 9 rounds 9 vacant 9 until 94
PRES520 75 ti 76 res 126 floor 126 bind 10 rounds 10 vacant 10 until 95
PRES520 76 ti 96 res 126 floor 126 bind 11 rounds 11 vacant 11 until 96
PRES520 77 ti 106 res 126 floor 126 bind 12 rounds 12 vacant 12 until 97
PRES520 78 ti 106 res 126 floor 126 bind 13 rounds 13 vacant 13 until 98
PRES520 79 ti 106 res 126 floor 126 bind 14 rounds 14 vacant 14 until 99
FS GATE 445 sig (30, 30, (14, 2), (14, 26)) ok 1
FS GATE 503 sig (30, 30, (14, 2), (14, 26)) ok 1
FS PHASE 503 id 413 ph 1 d 530 at (16, 26)
FS GATE 512 sig (30, 30, (14, 2), (14, 26)) ok 1
FS HOPBUILD 513 at (15, 17) lch (16, 17) T (16, 1)
FS GATE 514 sig (30, 30, (14, 2), (14, 26)) ok 1
FS THROW 514 from (15, 16) to (16, 12) T (16, 1) body 413 n 1 dsq 82
FS HOPBUILD 519 at (15, 9) lch (15, 8) T (16, 1)
FS GATE 520 sig (30, 30, (14, 2), (14, 26)) ok 1
FS THROW 520 from (16, 9) to (16, 4) T (16, 1) body 413 n 1 dsq 2
FS ARRIVE 521 id 413 body 1 at (16, 4) dsq 2
FS PHASE 521 id 413 ph 2 d 2 at (16, 4)
FS DODGE 525 id 413 from (17, 1) to (17, 2) cov 1 -> 0 hit 0 hp 22
FS DODGE 527 id 413 from (17, 1) to (17, 2) cov 1 -> 0 hit 0 hp 4
FS GATE 546 sig (30, 30, (14, 2), (14, 26)) ok 1
FS IDLETEAR 552 at (21, 19) born 512 lastthrow None downsq 98 dopp 292
FS GATE 554 sig (30, 30, (14, 2), (14, 26)) ok 1
FS GATE 563 sig (30, 30, (14, 2), (14, 26)) ok 1
FS GATE 571 sig (30, 30, (14, 2), (14, 26)) ok 1
FS PHASE 571 id 492 ph 1 d 530 at (16, 26)
FS THROW 574 from (16, 23) to (16, 17) T (16, 1) body 492 n 1 dsq 197
FS HOPBUILD 580 at (15, 12) lch (15, 11) T (16, 1)
FS GATE 581 sig (30, 30, (14, 2), (14, 26)) ok 1
FS THROW 581 from (16, 12) to (16, 6) T (16, 1) body 492 n 1 dsq 10
FS ARRIVE 583 id 492 body 1 at (16, 5) dsq 5
FS PHASE 583 id 492 ph 2 d 5 at (16, 5)
FS DODGE 588 id 492 from (17, 1) to (17, 2) cov 1 -> 0 hit 0 hp 22
FS DODGE 590 id 492 from (17, 1) to (17, 2) cov 1 -> 0 hit 0 hp 4
FS IDLETEAR 594 at (20, 17) born 554 lastthrow None downsq 117 dopp 221
FS GATE 605 sig (30, 30, (14, 2), (14, 26)) ok 1
FS PHASE 605 id 544 ph 1 d 530 at (16, 26)
FS GATE 610 sig (30, 30, (14, 2), (14, 26)) ok 1
FS HOPBUILD 615 at (15, 17) lch (16, 17) T (16, 1)
FS GATE 616 sig (30, 30, (14, 2), (14, 26)) ok 1
FS THROW 616 from (15, 16) to (16, 12) T (16, 1) body 544 n 1 dsq 82
FS HOPBUILD 618 at (15, 12) lch (15, 11) T (16, 1)
FS GATE 619 sig (30, 30, (14, 2), (14, 26)) ok 1
FS THROW 619 from (16, 12) to (16, 6) T (16, 1) body 544 n 1 dsq 10
FS ARRIVE 621 id 544 body 1 at (16, 5) dsq 5
FS PHASE 621 id 544 ph 2 d 5 at (16, 5)
FS DODGE 626 id 544 from (17, 1) to (17, 2) cov 1 -> 0 hit 0 hp 22
FS DODGE 628 id 544 from (17, 1) to (17, 2) cov 1 -> 0 hit 0 hp 4
FS SENTINEL 629 at (17, 3) face WEST tgt (14, 3) score 9 n 1 onring 0 lost 0 gate (1, 1, 53) onsray 0 olddsq -1
FS PHASE 630 id 544 ph 5 d 4 at (17, 2)
FS IDLETEAR 639 at (22, 13) born 546 lastthrow 599 downsq 233 dopp 149
FS IDLETEAR 650 at (24, 26) born 610 lastthrow None downsq 100 dopp 610
FS GATE 681 sig (30, 30, (14, 2), (14, 26)) ok 1
