Update available: 2.3.6 -> 2.3.8. Run: pip install --upgrade fcode
TWIN517 85 at (13, 0) hold 0 live 1 floor 4 rebuy 24 ti 73 cost 81 n 1
FIREDISC517 86 at (13, 0) hp 500 ti 83 ammo 24 win 0 shots 0 net None code 0 twin 0 peer 0 pub 1 hold 0 held 0 heldfund 0 resets 0 viol 0
FIREDISC517 87 at (13, 0) hp 482 ti 53 ammo 44 win 1 shots 1 net None code 0 twin 0 peer 0 pub 1 hold 0 held 0 heldfund 0 resets 0 viol 0
FIREDISC517 88 at (13, 0) hp 486 ti 43 ammo 74 win 1 shots 1 net None code 0 twin 0 peer 0 pub 1 hold 0 held 0 heldfund 0 resets 0 viol 0
TWIN517 113 at (11, 2) hold 0 live 1 floor 4 rebuy 24 ti 65 cost 81 n 2
FIREDISC517 114 at (11, 2) hp 500 ti 75 ammo 101 win 0 shots 0 net None code 0 twin 0 peer 0 pub 1 hold 0 held 0 heldfund 0 resets 0 viol 0
FIREDISC517 115 at (11, 2) hp 486 ti 37 ammo 121 win 1 shots 1 net None code 0 twin 0 peer 0 pub 1 hold 0 held 0 heldfund 0 resets 0 viol 0
FIREDISC517 116 at (11, 2) hp 490 ti 27 ammo 151 win 1 shots 1 net None code 0 twin 0 peer 0 pub 1 hold 0 held 0 heldfund 0 resets 0 viol 0
FIREDISC517 117 at (11, 2) hp 476 ti 16 ammo 152 win 2 shots 2 net None code 0 twin 0 peer 0 pub 1 hold 0 held 0 heldfund 0 resets 0 viol 0
FIREDISC517 118 at (11, 2) hp 480 ti 16 ammo 162 win 2 shots 2 net None code 0 twin 0 peer 0 pub 1 hold 0 held 0 heldfund 0 resets 0 viol 0
FIREDISC517 119 at (11, 2) hp 466 ti 8 ammo 152 win 3 shots 3 net None code 0 twin 0 peer 0 pub 1 hold 0 held 0 heldfund 0 resets 0 viol 0
FIREDISC517 120 at (11, 2) hp 470 ti 16 ammo 164 win 3 shots 3 net None code 0 twin 0 peer 0 pub 1 hold 0 held 0 heldfund 0 resets 0 viol 0
FIREDISC517 121 at (11, 2) hp 456 ti 16 ammo 154 win 4 shots 4 net 44 code 5 twin 0 peer 0 pub 1 hold 0 held 0 heldfund 0 resets 0 viol 0
FIREDISC517 122 at (11, 2) hp 460 ti 16 ammo 164 win 4 shots 4 net 40 code 5 twin 0 peer 0 pub 1 hold 0 held 0 heldfund 0 resets 0 viol 0
FIREDISC517 123 at (11, 2) hp 450 ti 8 ammo 154 win 4 shots 5 net 40 code 5 twin 0 peer 0 pub 1 hold 0 held 0 heldfund 0 resets 0 viol 0
FIREDISC517 124 at (11, 2) hp 458 ti 16 ammo 166 win 4 shots 5 net 32 code 5 twin 0 peer 0 pub 1 hold 0 held 0 heldfund 0 resets 0 viol 0
FIREDISC517 125 at (11, 2) hp 448 ti 16 ammo 156 win 4 shots 6 net 32 code 5 twin 0 peer 0 pub 1 hold 0 held 0 heldfund 0 resets 0 viol 0
FIREDISC517 126 at (11, 2) hp 456 ti 16 ammo 166 win 4 shots 6 net 24 code 4 twin 0 peer 0 pub 1 hold 0 held 0 heldfund 0 resets 0 viol 0
FIREDISC517 127 at (11, 2) hp 446 ti 8 ammo 156 win 4 shots 7 net 24 code 4 twin 0 peer 0 pub 1 hold 0 held 0 heldfund 0 resets 0 viol 0
FIREDISC517 128 at (11, 2) hp 454 ti 16 ammo 168 win 4 shots 7 net 16 code 4 twin 0 peer 0 pub 1 hold 0 held 0 heldfund 0 resets 0 viol 0
FIREDISC517 129 at (11, 2) hp 444 ti 16 ammo 158 win 4 shots 8 net 16 code 4 twin 0 peer 0 pub 1 hold 0 held 0 heldfund 0 resets 0 viol 0
FIREDISC517 130 at (11, 2) hp 452 ti 16 ammo 168 win 4 shots 8 net 8 code 3 twin 0 peer 0 pub 1 hold 0 held 0 heldfund 0 resets 0 viol 0
FIREDISC517 131 at (11, 2) hp 442 ti 8 ammo 158 win 4 shots 9 net 16 code 4 twin 0 peer 0 pub 1 hold 0 held 0 heldfund 0 resets 0 viol 0
FIREDISC517 132 at (11, 2) hp 450 ti 16 ammo 170 win 4 shots 9 net 8 code 3 twin 0 peer 0 pub 1 hold 0 held 0 heldfund 0 resets 0 viol 0
FIREDISC517 133 at (11, 2) hp 440 ti 16 ammo 160 win 4 shots 10 net 16 code 4 twin 0 peer 0 pub 1 hold 0 held 0 heldfund 0 resets 0 viol 0
FIREDISC517 134 at (11, 2) hp 448 ti 16 ammo 170 win 4 shots 10 net 8 code 3 twin 0 peer 0 pub 1 hold 0 held 0 heldfund 0 resets 0 viol 0
FIREDISC517 135 at (11, 2) hp 438 ti 16 ammo 160 win 4 shots 11 net 16 code 4 twin 0 peer 0 pub 1 hold 0 held 0 heldfund 0 resets 0 viol 0
FIREDISC517 136 at (11, 2) hp 446 ti 16 ammo 180 win 4 shots 11 net 8 code 3 twin 0 peer 0 pub 1 hold 0 held 0 heldfund 0 resets 0 viol 0
FIREDISC517 137 at (11, 2) hp 436 ti 8 ammo 170 win 4 shots 12 net 16 code 4 twin 0 peer 0 pub 1 hold 0 held 0 heldfund 0 resets 0 viol 0
FIREDISC517 138 at (11, 2) hp 444 ti 16 ammo 172 win 4 shots 12 net 8 code 3 twin 0 peer 0 pub 1 hold 0 held 0 heldfund 0 resets 0 viol 0
FIREDISC517 139 at (11, 2) hp 434 ti 16 ammo 162 win 4 shots 13 net 16 code 4 twin 0 peer 0 pub 1 hold 0 held 0 heldfund 0 resets 0 viol 0
FIREDISC517 140 at (11, 2) hp 442 ti 16 ammo 182 win 4 shots 13 net 8 code 3 twin 0 peer 0 pub 1 hold 0 held 0 heldfund 0 resets 0 viol 0
FIREDISC517 141 at (11, 2) hp 432 ti 16 ammo 172 win 4 shots 14 net 16 code 4 twin 0 peer 0 pub 1 hold 0 held 0 heldfund 0 resets 0 viol 0
FIREDISC517 142 at (11, 2) hp 440 ti 16 ammo 182 win 4 shots 14 net 8 code 3 twin 0 peer 0 pub 1 hold 0 held 0 heldfund 0 resets 0 viol 0
FIREDISC517 143 at (11, 2) hp 430 ti 8 ammo 172 win 4 shots 15 net 16 code 4 twin 0 peer 0 pub 1 hold 0 held 0 heldfund 0 resets 0 viol 0
FIREDISC517 144 at (11, 2) hp 438 ti 16 ammo 184 win 4 shots 15 net 8 code 3 twin 0 peer 0 pub 1 hold 0 held 0 heldfund 0 resets 0 viol 0
FIREDISC517 145 at (11, 2) hp 428 ti 16 ammo 174 win 4 shots 16 net 16 code 4 twin 0 peer 0 pub 1 hold 0 held 0 heldfund 0 resets 0 viol 0
FIREDISC517 146 at (11, 2) hp 436 ti 16 ammo 184 win 4 shots 16 net 8 code 3 twin 0 peer 0 pub 1 hold 0 held 0 heldfund 0 resets 0 viol 0
FIREDISC517 147 at (11, 2) hp 426 ti 16 ammo 174 win 4 shots 17 net 16 code 4 twin 0 peer 0 pub 1 hold 0 held 0 heldfund 0 resets 0 viol 0
FIREDISC517 148 at (11, 2) hp 434 ti 16 ammo 194 win 4 shots 17 net 8 code 3 twin 0 peer 0 pub 1 hold 0 held 0 heldfund 0 resets 0 viol 0
FIREDISC517 149 at (11, 2) hp 424 ti 16 ammo 184 win 4 shots 18 net 16 code 4 twin 0 peer 0 pub 1 hold 0 held 0 heldfund 0 resets 0 viol 0
FIREDISC517 150 at (11, 2) hp 432 ti 8 ammo 194 win 4 shots 18 net 8 code 3 twin 0 peer 0 pub 1 hold 0 held 0 heldfund 0 resets 0 viol 0
FIREDISC517 151 at (11, 2) hp 422 ti 8 ammo 184 win 4 shots 19 net 16 code 4 twin 0 peer 0 pub 1 hold 0 held 0 heldfund 0 resets 0 viol 0
FIREDISC517 152 at (11, 2) hp 430 ti 16 ammo 196 win 4 shots 19 net 8 code 3 twin 0 peer 0 pub 1 hold 0 held 0 heldfund 0 resets 0 viol 0
FIREDISC517 153 at (11, 2) hp 420 ti 16 ammo 186 win 4 shots 20 net 16 code 4 twin 0 peer 0 pub 1 hold 0 held 0 heldfund 0 resets 0 viol 0
FIREDISC517 154 at (11, 2) hp 428 ti 16 ammo 196 win 4 shots 20 net 8 code 3 twin 0 peer 0 pub 1 hold 0 held 0 heldfund 0 resets 0 viol 0
FIREDISC517 155 at (11, 2) hp 418 ti 16 ammo 186 win 4 shots 21 net 16 code 4 twin 0 peer 0 pub 1 hold 0 held 0 heldfund 0 resets 0 viol 0
FIREDISC517 156 at (11, 2) hp 426 ti 16 ammo 206 win 4 shots 21 net 8 code 3 twin 0 peer 0 pub 1 hold 0 held 0 heldfund 0 resets 0 viol 0
FIREDISC517 157 at (11, 2) hp 416 ti 8 ammo 196 win 4 shots 22 net 16 code 4 twin 0 peer 0 pub 1 hold 0 held 0 heldfund 0 resets 0 viol 0
FIREDISC517 158 at (11, 2) hp 424 ti 16 ammo 198 win 4 shots 22 net 8 code 3 twin 0 peer 0 pub 1 hold 0 held 0 heldfund 0 resets 0 viol 0
FIREDISC517 159 at (11, 2) hp 414 ti 16 ammo 188 win 4 shots 23 net 16 code 4 twin 0 peer 0 pub 1 hold 0 held 0 heldfund 0 resets 0 viol 0
FIREDISC517 160 at (11, 2) hp 422 ti 16 ammo 208 win 4 shots 23 net 8 code 3 twin 0 peer 0 pub 1 hold 0 held 0 heldfund 0 resets 0 viol 0
FIREDISC517 161 at (11, 2) hp 412 ti 16 ammo 198 win 4 shots 24 net 16 code 4 twin 0 peer 0 pub 1 hold 0 held 0 heldfund 0 resets 0 viol 0
FIREDISC517 162 at (11, 2) hp 420 ti 16 ammo 208 win 4 shots 24 net 8 code 3 twin 0 peer 0 pub 1 hold 0 held 0 heldfund 0 resets 0 viol 0
FIREDISC517 163 at (11, 2) hp 410 ti 8 ammo 198 win 4 shots 25 net 16 code 4 twin 0 peer 0 pub 1 hold 0 held 0 heldfund 0 resets 0 viol 0
FIREDISC517 164 at (11, 2) hp 418 ti 16 ammo 210 win 4 shots 25 net 8 code 3 twin 0 peer 0 pub 1 hold 0 held 0 heldfund 0 resets 0 viol 0
FIREDISC517 165 at (11, 2) hp 408 ti 16 ammo 200 win 4 shots 26 net 16 code 4 twin 0 peer 0 pub 1 hold 0 held 0 heldfund 0 resets 0 viol 0
FIREDISC517 166 at (11, 2) hp 416 ti 16 ammo 210 win 4 shots 26 net 8 code 3 twin 0 peer 0 pub 1 hold 0 held 0 heldfund 0 resets 0 viol 0
FIREDISC517 167 at (11, 2) hp 406 ti 16 ammo 200 win 4 shots 27 net 16 code 4 twin 0 peer 0 pub 1 hold 0 held 0 heldfund 0 resets 0 viol 0
FIREDISC517 168 at (11, 2) hp 414 ti 16 ammo 220 win 4 shots 27 net 8 code 3 twin 0 peer 0 pub 1 hold 0 held 0 heldfund 0 resets 0 viol 0
FIREDISC517 169 at (11, 2) hp 404 ti 16 ammo 210 win 4 shots 28 net 16 code 4 twin 0 peer 0 pub 1 hold 0 held 0 heldfund 0 resets 0 viol 0
FIREDISC517 170 at (11, 2) hp 412 ti 8 ammo 220 win 4 shots 28 net 8 code 3 twin 0 peer 0 pub 1 hold 0 held 0 heldfund 0 resets 0 viol 0
FIREDISC517 171 at (11, 2) hp 402 ti 8 ammo 210 win 4 shots 29 net 16 code 4 twin 0 peer 0 pub 1 hold 0 held 0 heldfund 0 resets 0 viol 0
FIREDISC517 172 at (11, 2) hp 410 ti 16 ammo 222 win 4 shots 29 net 8 code 3 twin 0 peer 0 pub 1 hold 0 held 0 heldfund 0 resets 0 viol 0
FIREDISC517 173 at (11, 2) hp 400 ti 16 ammo 212 win 4 shots 30 net 16 code 4 twin 0 peer 0 pub 1 hold 0 held 0 heldfund 0 resets 0 viol 0
FIREDISC517 174 at (11, 2) hp 408 ti 16 ammo 222 win 4 shots 30 net 8 code 3 twin 0 peer 0 pub 1 hold 0 held 0 heldfund 0 resets 0 viol 0
FIREDISC517 175 at (11, 2) hp 398 ti 16 ammo 212 win 4 shots 31 net 16 code 4 twin 0 peer 0 pub 1 hold 0 held 0 heldfund 0 resets 0 viol 0
FIREDISC517 176 at (11, 2) hp 406 ti 16 ammo 232 win 4 shots 31 net 8 code 3 twin 0 peer 0 pub 1 hold 0 held 0 heldfund 0 resets 0 viol 0
FIREDISC517 177 at (11, 2) hp 396 ti 8 ammo 222 win 4 shots 32 net 16 code 4 twin 0 peer 0 pub 1 hold 0 held 0 heldfund 0 resets 0 viol 0
FIREDISC517 178 at (11, 2) hp 404 ti 16 ammo 224 win 4 shots 32 net 8 code 3 twin 0 peer 0 pub 1 hold 0 held 0 heldfund 0 resets 0 viol 0
FIREDISC517 179 at (11, 2) hp 394 ti 16 ammo 214 win 4 shots 33 net 16 code 4 twin 0 peer 0 pub 1 hold 0 held 0 heldfund 0 resets 0 viol 0
FIREDISC517 180 at (11, 2) hp 402 ti 16 ammo 234 win 4 shots 33 net 8 code 3 twin 0 peer 0 pub 1 hold 0 held 0 heldfund 0 resets 0 viol 0
FIREDISC517 181 at (11, 2) hp 392 ti 16 ammo 224 win 4 shots 34 net 16 code 4 twin 0 peer 0 pub 1 hold 0 held 0 heldfund 0 resets 0 viol 0
FIREDISC517 182 at (11, 2) hp 400 ti 16 ammo 234 win 4 shots 34 net 8 code 3 twin 0 peer 0 pub 1 hold 0 held 0 heldfund 0 resets 0 viol 0
FIREDISC517 183 at (11, 2) hp 390 ti 8 ammo 224 win 4 shots 35 net 16 code 4 twin 0 peer 0 pub 1 hold 0 held 0 heldfund 0 resets 0 viol 0
FIREDISC517 184 at (11, 2) hp 398 ti 16 ammo 236 win 4 shots 35 net 8 code 3 twin 0 peer 0 pub 1 hold 0 held 0 heldfund 0 resets 0 viol 0
FIREDISC517 185 at (11, 2) hp 388 ti 16 ammo 226 win 4 shots 36 net 16 code 4 twin 0 peer 0 pub 1 hold 0 held 0 heldfund 0 resets 0 viol 0
FIREDISC517 186 at (11, 2) hp 396 ti 16 ammo 236 win 4 shots 36 net 8 code 3 twin 0 peer 0 pub 1 hold 0 held 0 heldfund 0 resets 0 viol 0
FIREDISC517 187 at (11, 2) hp 386 ti 16 ammo 226 win 4 shots 37 net 16 code 4 twin 0 peer 0 pub 1 hold 0 held 0 heldfund 0 resets 0 viol 0
FIREDISC517 188 at (11, 2) hp 394 ti 16 ammo 246 win 4 shots 37 net 8 code 3 twin 0 peer 0 pub 1 hold 0 held 0 heldfund 0 resets 0 viol 0
FIREDISC517 189 at (11, 2) hp 384 ti 16 ammo 236 win 4 shots 38 net 16 code 4 twin 0 peer 0 pub 1 hold 0 held 0 heldfund 0 resets 0 viol 0
FIREDISC517 190 at (11, 2) hp 392 ti 8 ammo 246 win 4 shots 38 net 8 code 3 twin 0 peer 0 pub 1 hold 0 held 0 heldfund 0 resets 0 viol 0
FIREDISC517 191 at (11, 2) hp 382 ti 8 ammo 236 win 4 shots 39 net 16 code 4 twin 0 peer 0 pub 1 hold 0 held 0 heldfund 0 resets 0 viol 0
FIREDISC517 192 at (11, 2) hp 390 ti 16 ammo 248 win 4 shots 39 net 8 code 3 twin 0 peer 0 pub 1 hold 0 held 0 heldfund 0 resets 0 viol 0
FIREDISC517 193 at (11, 2) hp 380 ti 16 ammo 238 win 4 shots 40 net 16 code 4 twin 0 peer 0 pub 1 hold 0 held 0 heldfund 0 resets 0 viol 0
FIREDISC517 194 at (11, 2) hp 388 ti 16 ammo 248 win 4 shots 40 net 8 code 3 twin 0 peer 0 pub 1 hold 0 held 0 heldfund 0 resets 0 viol 0
FIREDISC517 195 at (11, 2) hp 378 ti 16 ammo 238 win 4 shots 41 net 16 code 4 twin 0 peer 0 pub 1 hold 0 held 0 heldfund 0 resets 0 viol 0
FIREDISC517 196 at (11, 2) hp 386 ti 16 ammo 258 win 4 shots 41 net 8 code 3 twin 0 peer 0 pub 1 hold 0 held 0 heldfund 0 resets 0 viol 0
FIREDISC517 197 at (11, 2) hp 376 ti 8 ammo 248 win 4 shots 42 net 16 code 4 twin 0 peer 0 pub 1 hold 0 held 0 heldfund 0 resets 0 viol 0
FIREDISC517 198 at (11, 2) hp 384 ti 16 ammo 250 win 4 shots 42 net 8 code 3 twin 0 peer 0 pub 1 hold 0 held 0 heldfund 0 resets 0 viol 0
FIREDISC517 199 at (11, 2) hp 374 ti 16 ammo 240 win 4 shots 43 net 16 code 4 twin 0 peer 0 pub 1 hold 0 held 0 heldfund 0 resets 0 viol 0
FIREDISC517 200 at (11, 2) hp 382 ti 16 ammo 260 win 4 shots 43 net 8 code 3 twin 0 peer 0 pub 1 hold 0 held 0 heldfund 0 resets 0 viol 0
FIREDISC517 201 at (11, 2) hp 372 ti 16 ammo 250 win 4 shots 44 net 16 code 4 twin 0 peer 0 pub 1 hold 0 held 0 heldfund 0 resets 0 viol 0
FIREDISC517 202 at (11, 2) hp 380 ti 16 ammo 260 win 4 shots 44 net 8 code 3 twin 0 peer 0 pub 1 hold 0 held 0 heldfund 0 resets 0 viol 0
FIREDISC517 203 at (11, 2) hp 370 ti 8 ammo 250 win 4 shots 45 net 16 code 4 twin 0 peer 0 pub 1 hold 0 held 0 heldfund 0 resets 0 viol 0
FIREDISC517 204 at (11, 2) hp 378 ti 16 ammo 262 win 4 shots 45 net 8 code 3 twin 0 peer 0 pub 1 hold 0 held 0 heldfund 0 resets 0 viol 0
FIREDISC517 205 at (11, 2) hp 368 ti 16 ammo 252 win 4 shots 46 net 16 code 4 twin 0 peer 0 pub 1 hold 0 held 0 heldfund 0 resets 0 viol 0
FIREDISC517 206 at (11, 2) hp 376 ti 16 ammo 262 win 4 shots 46 net 8 code 3 twin 0 peer 0 pub 1 hold 0 held 0 heldfund 0 resets 0 viol 0
FIREDISC517 207 at (11, 2) hp 366 ti 16 ammo 252 win 4 shots 47 net 16 code 4 twin 0 peer 0 pub 1 hold 0 held 0 heldfund 0 resets 0 viol 0
FIREDISC517 208 at (11, 2) hp 374 ti 16 ammo 272 win 4 shots 47 net 8 code 3 twin 0 peer 0 pub 1 hold 0 held 0 heldfund 0 resets 0 viol 0
FIREDISC517 209 at (11, 2) hp 364 ti 16 ammo 262 win 4 shots 48 net 16 code 4 twin 0 peer 0 pub 1 hold 0 held 0 heldfund 0 resets 0 viol 0
FIREDISC517 210 at (11, 2) hp 372 ti 8 ammo 272 win 4 shots 48 net 8 code 3 twin 0 peer 0 pub 1 hold 0 held 0 heldfund 0 resets 0 viol 0
FIREDISC517 211 at (11, 2) hp 362 ti 8 ammo 262 win 4 shots 49 net 16 code 4 twin 0 peer 0 pub 1 hold 0 held 0 heldfund 0 resets 0 viol 0
FIREDISC517 212 at (11, 2) hp 370 ti 16 ammo 274 win 4 shots 49 net 8 code 3 twin 0 peer 0 pub 1 hold 0 held 0 heldfund 0 resets 0 viol 0
FIREDISC517 213 at (11, 2) hp 360 ti 16 ammo 264 win 4 shots 50 net 16 code 4 twin 0 peer 0 pub 1 hold 0 held 0 heldfund 0 resets 0 viol 0
FIREDISC517 214 at (11, 2) hp 368 ti 16 ammo 274 win 4 shots 50 net 8 code 3 twin 0 peer 0 pub 1 hold 0 held 0 heldfund 0 resets 0 viol 0
FIREDISC517 215 at (11, 2) hp 358 ti 16 ammo 264 win 4 shots 51 net 16 code 4 twin 0 peer 0 pub 1 hold 0 held 0 heldfund 0 resets 0 viol 0
FIREDISC517 216 at (11, 2) hp 366 ti 16 ammo 284 win 4 shots 51 net 8 code 3 twin 0 peer 0 pub 1 hold 0 held 0 heldfund 0 resets 0 viol 0
FIREDISC517 217 at (11, 2) hp 356 ti 8 ammo 274 win 4 shots 52 net 16 code 4 twin 0 peer 0 pub 1 hold 0 held 0 heldfund 0 resets 0 viol 0
FIREDISC517 218 at (11, 2) hp 364 ti 16 ammo 276 win 4 shots 52 net 8 code 3 twin 0 peer 0 pub 1 hold 0 held 0 heldfund 0 resets 0 viol 0
FIREDISC517 219 at (11, 2) hp 354 ti 16 ammo 266 win 4 shots 53 net 16 code 4 twin 0 peer 0 pub 1 hold 0 held 0 heldfund 0 resets 0 viol 0
FIREDISC517 220 at (11, 2) hp 362 ti 16 ammo 286 win 4 shots 53 net 8 code 3 twin 0 peer 0 pub 1 hold 0 held 0 heldfund 0 resets 0 viol 0
FIREDISC517 221 at (11, 2) hp 352 ti 16 ammo 276 win 4 shots 54 net 16 code 4 twin 0 peer 0 pub 1 hold 0 held 0 heldfund 0 resets 0 viol 0
FIREDISC517 222 at (11, 2) hp 360 ti 16 ammo 286 win 4 shots 54 net 8 code 3 twin 0 peer 0 pub 1 hold 0 held 0 heldfund 0 resets 0 viol 0
FIREDISC517 223 at (11, 2) hp 350 ti 8 ammo 276 win 4 shots 55 net 16 code 4 twin 0 peer 0 pub 1 hold 0 held 0 heldfund 0 resets 0 viol 0
FIREDISC517 224 at (11, 2) hp 358 ti 16 ammo 288 win 4 shots 55 net 8 code 3 twin 0 peer 0 pub 1 hold 0 held 0 heldfund 0 resets 0 viol 0
FIREDISC517 225 at (11, 2) hp 348 ti 16 ammo 278 win 4 shots 56 net 16 code 4 twin 0 peer 0 pub 1 hold 0 held 0 heldfund 0 resets 0 viol 0
FIREDISC517 226 at (11, 2) hp 356 ti 16 ammo 288 win 4 shots 56 net 8 code 3 twin 0 peer 0 pub 1 hold 0 held 0 heldfund 0 resets 0 viol 0
FIREDISC517 227 at (11, 2) hp 346 ti 16 ammo 278 win 4 shots 57 net 16 code 4 twin 0 peer 0 pub 1 hold 0 held 0 heldfund 0 resets 0 viol 0
FIREDISC517 228 at (11, 2) hp 354 ti 16 ammo 298 win 4 shots 57 net 8 code 3 twin 0 peer 0 pub 1 hold 0 held 0 heldfund 0 resets 0 viol 0
FIREDISC517 229 at (11, 2) hp 344 ti 16 ammo 288 win 4 shots 58 net 16 code 4 twin 0 peer 0 pub 1 hold 0 held 0 heldfund 0 resets 0 viol 0
FIREDISC517 230 at (11, 2) hp 352 ti 8 ammo 298 win 4 shots 58 net 8 code 3 twin 0 peer 0 pub 1 hold 0 held 0 heldfund 0 resets 0 viol 0
FIREDISC517 231 at (11, 2) hp 342 ti 8 ammo 288 win 4 shots 59 net 16 code 4 twin 0 peer 0 pub 1 hold 0 held 0 heldfund 0 resets 0 viol 0
FIREDISC517 232 at (11, 2) hp 350 ti 16 ammo 300 win 4 shots 59 net 8 code 3 twin 0 peer 0 pub 1 hold 0 held 0 heldfund 0 resets 0 viol 0
FIREDISC517 233 at (11, 2) hp 340 ti 16 ammo 290 win 4 shots 60 net 16 code 4 twin 0 peer 0 pub 1 hold 0 held 0 heldfund 0 resets 0 viol 0
FIREDISC517 234 at (11, 2) hp 348 ti 16 ammo 300 win 4 shots 60 net 8 code 3 twin 0 peer 0 pub 1 hold 0 held 0 heldfund 0 resets 0 viol 0
FIREDISC517 235 at (11, 2) hp 338 ti 16 ammo 290 win 4 shots 61 net 16 code 4 twin 0 peer 0 pub 1 hold 0 held 0 heldfund 0 resets 0 viol 0
FIREDISC517 236 at (11, 2) hp 346 ti 26 ammo 300 win 4 shots 61 net 8 code 3 twin 0 peer 0 pub 1 hold 0 held 0 heldfund 0 resets 0 viol 0
FIREDISC517 237 at (11, 2) hp 336 ti 8 ammo 300 win 4 shots 62 net 16 code 4 twin 0 peer 0 pub 1 hold 0 held 0 heldfund 0 resets 0 viol 0
FIREDISC517 238 at (11, 2) hp 344 ti 18 ammo 300 win 4 shots 62 net 8 code 3 twin 0 peer 0 pub 1 hold 0 held 0 heldfund 0 resets 0 viol 0
FIREDISC517 239 at (11, 2) hp 334 ti 16 ammo 292 win 4 shots 63 net 16 code 4 twin 0 peer 0 pub 1 hold 0 held 0 heldfund 0 resets 0 viol 0
FIREDISC517 240 at (11, 2) hp 342 ti 28 ammo 300 win 4 shots 63 net 8 code 3 twin 0 peer 0 pub 1 hold 0 held 0 heldfund 0 resets 0 viol 0
FIREDISC517 241 at (11, 2) hp 332 ti 18 ammo 300 win 4 shots 64 net 16 code 4 twin 0 peer 0 pub 1 hold 0 held 0 heldfund 0 resets 0 viol 0
FIREDISC517 242 at (11, 2) hp 340 ti 28 ammo 300 win 4 shots 64 net 8 code 3 twin 0 peer 0 pub 1 hold 0 held 0 heldfund 0 resets 0 viol 0
FIREDISC517 243 at (11, 2) hp 330 ti 10 ammo 300 win 4 shots 65 net 16 code 4 twin 0 peer 0 pub 1 hold 0 held 0 heldfund 0 resets 0 viol 0
FIREDISC517 244 at (11, 2) hp 338 ti 30 ammo 300 win 4 shots 65 net 8 code 3 twin 0 peer 0 pub 1 hold 0 held 0 heldfund 0 resets 0 viol 0
FIREDISC517 245 at (11, 2) hp 328 ti 20 ammo 300 win 4 shots 66 net 16 code 4 twin 0 peer 0 pub 1 hold 0 held 0 heldfund 0 resets 0 viol 0
FIREDISC517 246 at (11, 2) hp 336 ti 30 ammo 300 win 4 shots 66 net 8 code 3 twin 0 peer 0 pub 1 hold 0 held 0 heldfund 0 resets 0 viol 0
FIREDISC517 247 at (11, 2) hp 326 ti 20 ammo 300 win 4 shots 67 net 16 code 4 twin 0 peer 0 pub 1 hold 0 held 0 heldfund 0 resets 0 viol 0
FIREDISC517 248 at (11, 2) hp 334 ti 40 ammo 300 win 4 shots 67 net 8 code 3 twin 0 peer 0 pub 1 hold 0 held 0 heldfund 0 resets 0 viol 0
FIREDISC517 249 at (11, 2) hp 324 ti 30 ammo 300 win 4 shots 68 net 16 code 4 twin 0 peer 0 pub 1 hold 0 held 0 heldfund 0 resets 0 viol 0
FIREDISC517 250 at (11, 2) hp 332 ti 32 ammo 300 win 4 shots 68 net 8 code 3 twin 0 peer 0 pub 1 hold 0 held 0 heldfund 0 resets 0 viol 0
FIREDISC517 251 at (11, 2) hp 322 ti 22 ammo 300 win 4 shots 69 net 16 code 4 twin 0 peer 0 pub 1 hold 0 held 0 heldfund 0 resets 0 viol 0
FIREDISC517 252 at (11, 2) hp 330 ti 42 ammo 300 win 4 shots 69 net 8 code 3 twin 0 peer 0 pub 1 hold 0 held 0 heldfund 0 resets 0 viol 0
FIREDISC517 253 at (11, 2) hp 320 ti 32 ammo 300 win 4 shots 70 net 16 code 4 twin 0 peer 0 pub 1 hold 0 held 0 heldfund 0 resets 0 viol 0
FIREDISC517 254 at (11, 2) hp 328 ti 42 ammo 300 win 4 shots 70 net 8 code 3 twin 0 peer 0 pub 1 hold 0 held 0 heldfund 0 resets 0 viol 0
FIREDISC517 255 at (11, 2) hp 318 ti 32 ammo 300 win 4 shots 71 net 16 code 4 twin 0 peer 0 pub 1 hold 0 held 0 heldfund 0 resets 0 viol 0
FIREDISC517 256 at (11, 2) hp 326 ti 52 ammo 300 win 4 shots 71 net 8 code 3 twin 0 peer 0 pub 1 hold 0 held 0 heldfund 0 resets 0 viol 0
FIREDISC517 257 at (11, 2) hp 316 ti 34 ammo 300 win 4 shots 72 net 16 code 4 twin 0 peer 0 pub 1 hold 0 held 0 heldfund 0 resets 0 viol 0
FIREDISC517 258 at (11, 2) hp 324 ti 44 ammo 300 win 4 shots 72 net 8 code 3 twin 0 peer 0 pub 1 hold 0 held 0 heldfund 0 resets 0 viol 0
FIREDISC517 259 at (11, 2) hp 314 ti 34 ammo 300 win 4 shots 73 net 16 code 4 twin 0 peer 0 pub 1 hold 0 held 0 heldfund 0 resets 0 viol 0
FIREDISC517 260 at (11, 2) hp 322 ti 54 ammo 300 win 4 shots 73 net 8 code 3 twin 0 peer 0 pub 1 hold 0 held 0 heldfund 0 resets 0 viol 0
FIREDISC517 261 at (11, 2) hp 312 ti 44 ammo 300 win 4 shots 74 net 16 code 4 twin 0 peer 0 pub 1 hold 0 held 0 heldfund 0 resets 0 viol 0
FIREDISC517 262 at (11, 2) hp 320 ti 54 ammo 300 win 4 shots 74 net 8 code 3 twin 0 peer 0 pub 1 hold 0 held 0 heldfund 0 resets 0 viol 0
FIREDISC517 263 at (11, 2) hp 310 ti 36 ammo 300 win 4 shots 75 net 16 code 4 twin 0 peer 0 pub 1 hold 0 held 0 heldfund 0 resets 0 viol 0
FIREDISC517 264 at (11, 2) hp 318 ti 56 ammo 300 win 4 shots 75 net 8 code 3 twin 0 peer 0 pub 1 hold 0 held 0 heldfund 0 resets 0 viol 0
FIREDISC517 265 at (11, 2) hp 308 ti 46 ammo 300 win 4 shots 76 net 16 code 4 twin 0 peer 0 pub 1 hold 0 held 0 heldfund 0 resets 0 viol 0
FIREDISC517 266 at (11, 2) hp 316 ti 56 ammo 300 win 4 shots 76 net 8 code 3 twin 0 peer 0 pub 1 hold 0 held 0 heldfund 0 resets 0 viol 0
FIREDISC517 267 at (11, 2) hp 306 ti 46 ammo 300 win 4 shots 77 net 16 code 4 twin 0 peer 0 pub 1 hold 0 held 0 heldfund 0 resets 0 viol 0
FIREDISC517 268 at (11, 2) hp 314 ti 66 ammo 300 win 4 shots 77 net 8 code 3 twin 0 peer 0 pub 1 hold 0 held 0 heldfund 0 resets 0 viol 0
FIREDISC517 269 at (11, 2) hp 304 ti 56 ammo 300 win 4 shots 78 net 16 code 4 twin 0 peer 0 pub 1 hold 0 held 0 heldfund 0 resets 0 viol 0
FIREDISC517 270 at (11, 2) hp 312 ti 58 ammo 300 win 4 shots 78 net 8 code 3 twin 0 peer 0 pub 1 hold 0 held 0 heldfund 0 resets 0 viol 0
FIREDISC517 271 at (11, 2) hp 302 ti 48 ammo 300 win 4 shots 79 net 16 code 4 twin 0 peer 0 pub 1 hold 0 held 0 heldfund 0 resets 0 viol 0
FIREDISC517 272 at (11, 2) hp 310 ti 68 ammo 300 win 4 shots 79 net 8 code 3 twin 0 peer 0 pub 1 hold 0 held 0 heldfund 0 resets 0 viol 0
FIREDISC517 273 at (11, 2) hp 300 ti 58 ammo 300 win 4 shots 80 net 16 code 4 twin 0 peer 0 pub 1 hold 0 held 0 heldfund 0 resets 0 viol 0
FIREDISC517 274 at (11, 2) hp 308 ti 68 ammo 300 win 4 shots 80 net 8 code 3 twin 0 peer 0 pub 1 hold 0 held 0 heldfund 0 resets 0 viol 0
FIREDISC517 275 at (11, 2) hp 298 ti 58 ammo 300 win 4 shots 81 net 16 code 4 twin 0 peer 0 pub 1 hold 0 held 0 heldfund 0 resets 0 viol 0
FIREDISC517 276 at (11, 2) hp 306 ti 78 ammo 300 win 4 shots 81 net 8 code 3 twin 0 peer 0 pub 1 hold 0 held 0 heldfund 0 resets 0 viol 0
FIREDISC517 277 at (11, 2) hp 296 ti 60 ammo 300 win 4 shots 82 net 16 code 4 twin 0 peer 0 pub 1 hold 0 held 0 heldfund 0 resets 0 viol 0
FIREDISC517 278 at (11, 2) hp 304 ti 70 ammo 300 win 4 shots 82 net 8 code 3 twin 0 peer 0 pub 1 hold 0 held 0 heldfund 0 resets 0 viol 0
FIREDISC517 279 at (11, 2) hp 294 ti 60 ammo 300 win 4 shots 83 net 16 code 4 twin 0 peer 0 pub 1 hold 0 held 0 heldfund 0 resets 0 viol 0
FIREDISC517 280 at (11, 2) hp 302 ti 80 ammo 300 win 4 shots 83 net 8 code 3 twin 0 peer 0 pub 1 hold 0 held 0 heldfund 0 resets 0 viol 0
FIREDISC517 281 at (11, 2) hp 292 ti 70 ammo 300 win 4 shots 84 net 16 code 4 twin 0 peer 0 pub 1 hold 0 held 0 heldfund 0 resets 0 viol 0
FIREDISC517 282 at (11, 2) hp 300 ti 80 ammo 300 win 4 shots 84 net 8 code 3 twin 0 peer 0 pub 1 hold 0 held 0 heldfund 0 resets 0 viol 0
FIREDISC517 283 at (11, 2) hp 290 ti 62 ammo 300 win 4 shots 85 net 16 code 4 twin 0 peer 0 pub 1 hold 0 held 0 heldfund 0 resets 0 viol 0
FIREDISC517 284 at (11, 2) hp 298 ti 82 ammo 300 win 4 shots 85 net 8 code 3 twin 0 peer 0 pub 1 hold 0 held 0 heldfund 0 resets 0 viol 0
FIREDISC517 285 at (11, 2) hp 288 ti 72 ammo 300 win 4 shots 86 net 16 code 4 twin 0 peer 0 pub 1 hold 0 held 0 heldfund 0 resets 0 viol 0
FIREDISC517 286 at (11, 2) hp 296 ti 82 ammo 300 win 4 shots 86 net 8 code 3 twin 0 peer 0 pub 1 hold 0 held 0 heldfund 0 resets 0 viol 0
FIREDISC517 287 at (11, 2) hp 286 ti 72 ammo 300 win 4 shots 87 net 16 code 4 twin 0 peer 0 pub 1 hold 0 held 0 heldfund 0 resets 0 viol 0
FIREDISC517 288 at (11, 2) hp 294 ti 92 ammo 300 win 4 shots 87 net 8 code 3 twin 0 peer 0 pub 1 hold 0 held 0 heldfund 0 resets 0 viol 0
FIREDISC517 289 at (11, 2) hp 284 ti 82 ammo 300 win 4 shots 88 net 16 code 4 twin 0 peer 0 pub 1 hold 0 held 0 heldfund 0 resets 0 viol 0
FIREDISC517 290 at (11, 2) hp 292 ti 84 ammo 300 win 4 shots 88 net 8 code 3 twin 0 peer 0 pub 1 hold 0 held 0 heldfund 0 resets 0 viol 0
FIREDISC517 291 at (11, 2) hp 282 ti 74 ammo 300 win 4 shots 89 net 16 code 4 twin 0 peer 0 pub 1 hold 0 held 0 heldfund 0 resets 0 viol 0
FIREDISC517 292 at (11, 2) hp 290 ti 94 ammo 300 win 4 shots 89 net 8 code 3 twin 0 peer 0 pub 1 hold 0 held 0 heldfund 0 resets 0 viol 0
FIREDISC517 293 at (11, 2) hp 280 ti 84 ammo 300 win 4 shots 90 net 16 code 4 twin 0 peer 0 pub 1 hold 0 held 0 heldfund 0 resets 0 viol 0
FIREDISC517 294 at (11, 2) hp 288 ti 94 ammo 300 win 4 shots 90 net 8 code 3 twin 0 peer 0 pub 1 hold 0 held 0 heldfund 0 resets 0 viol 0
FIREDISC517 295 at (11, 2) hp 278 ti 84 ammo 300 win 4 shots 91 net 16 code 4 twin 0 peer 0 pub 1 hold 0 held 0 heldfund 0 resets 0 viol 0
FIREDISC517 296 at (11, 2) hp 286 ti 104 ammo 300 win 4 shots 91 net 8 code 3 twin 0 peer 0 pub 1 hold 0 held 0 heldfund 0 resets 0 viol 0
FIREDISC517 297 at (11, 2) hp 276 ti 86 ammo 300 win 4 shots 92 net 16 code 4 twin 0 peer 0 pub 1 hold 0 held 0 heldfund 0 resets 0 viol 0
FIREDISC517 298 at (11, 2) hp 284 ti 96 ammo 300 win 4 shots 92 net 8 code 3 twin 0 peer 0 pub 1 hold 0 held 0 heldfund 0 resets 0 viol 0
FIREDISC517 299 at (11, 2) hp 274 ti 86 ammo 300 win 4 shots 93 net 16 code 4 twin 0 peer 0 pub 1 hold 0 held 0 heldfund 0 resets 0 viol 0
FIREDISC517 300 at (11, 2) hp 282 ti 106 ammo 300 win 4 shots 93 net 8 code 3 twin 0 peer 0 pub 1 hold 0 held 0 heldfund 0 resets 0 viol 0
FIREDISC517 301 at (11, 2) hp 272 ti 96 ammo 300 win 4 shots 94 net 16 code 4 twin 0 peer 0 pub 1 hold 0 held 0 heldfund 0 resets 0 viol 0
FIREDISC517 302 at (11, 2) hp 280 ti 106 ammo 300 win 4 shots 94 net 8 code 3 twin 0 peer 0 pub 1 hold 0 held 0 heldfund 0 resets 0 viol 0
FIREDISC517 303 at (11, 2) hp 270 ti 88 ammo 300 win 4 shots 95 net 16 code 4 twin 0 peer 0 pub 1 hold 0 held 0 heldfund 0 resets 0 viol 0
FIREDISC517 304 at (11, 2) hp 278 ti 108 ammo 300 win 4 shots 95 net 8 code 3 twin 0 peer 0 pub 1 hold 0 held 0 heldfund 0 resets 0 viol 0
FIREDISC517 305 at (11, 2) hp 268 ti 98 ammo 300 win 4 shots 96 net 16 code 4 twin 0 peer 0 pub 1 hold 0 held 0 heldfund 0 resets 0 viol 0
FIREDISC517 306 at (11, 2) hp 276 ti 108 ammo 300 win 4 shots 96 net 8 code 3 twin 0 peer 0 pub 1 hold 0 held 0 heldfund 0 resets 0 viol 0
FIREDISC517 307 at (11, 2) hp 266 ti 98 ammo 300 win 4 shots 97 net 16 code 4 twin 0 peer 0 pub 1 hold 0 held 0 heldfund 0 resets 0 viol 0
FIREDISC517 308 at (11, 2) hp 274 ti 118 ammo 300 win 4 shots 97 net 8 code 3 twin 0 peer 0 pub 1 hold 0 held 0 heldfund 0 resets 0 viol 0
FIREDISC517 309 at (11, 2) hp 264 ti 108 ammo 300 win 4 shots 98 net 16 code 4 twin 0 peer 0 pub 1 hold 0 held 0 heldfund 0 resets 0 viol 0
FIREDISC517 310 at (11, 2) hp 272 ti 110 ammo 300 win 4 shots 98 net 8 code 3 twin 0 peer 0 pub 1 hold 0 held 0 heldfund 0 resets 0 viol 0
FIREDISC517 311 at (11, 2) hp 262 ti 100 ammo 300 win 4 shots 99 net 16 code 4 twin 0 peer 0 pub 1 hold 0 held 0 heldfund 0 resets 0 viol 0
FIREDISC517 312 at (11, 2) hp 270 ti 120 ammo 300 win 4 shots 99 net 8 code 3 twin 0 peer 0 pub 1 hold 0 held 0 heldfund 0 resets 0 viol 0
FIREDISC517 313 at (11, 2) hp 260 ti 110 ammo 300 win 4 shots 100 net 16 code 4 twin 0 peer 0 pub 1 hold 0 held 0 heldfund 0 resets 0 viol 0
FIREDISC517 314 at (11, 2) hp 268 ti 120 ammo 300 win 4 shots 100 net 8 code 3 twin 0 peer 0 pub 1 hold 0 held 0 heldfund 0 resets 0 viol 0
FIREDISC517 315 at (11, 2) hp 258 ti 110 ammo 300 win 4 shots 101 net 16 code 4 twin 0 peer 0 pub 1 hold 0 held 0 heldfund 0 resets 0 viol 0
FIREDISC517 316 at (11, 2) hp 266 ti 130 ammo 300 win 4 shots 101 net 8 code 3 twin 0 peer 0 pub 1 hold 0 held 0 heldfund 0 resets 0 viol 0
FIREDISC517 317 at (11, 2) hp 256 ti 112 ammo 300 win 4 shots 102 net 16 code 4 twin 0 peer 0 pub 1 hold 0 held 0 heldfund 0 resets 0 viol 0
FIREDISC517 318 at (11, 2) hp 264 ti 122 ammo 300 win 4 shots 102 net 8 code 3 twin 0 peer 0 pub 1 hold 0 held 0 heldfund 0 resets 0 viol 0
FIREDISC517 319 at (11, 2) hp 254 ti 112 ammo 300 win 4 shots 103 net 16 code 4 twin 0 peer 0 pub 1 hold 0 held 0 heldfund 0 resets 0 viol 0
FIREDISC517 320 at (11, 2) hp 262 ti 132 ammo 300 win 4 shots 103 net 8 code 3 twin 0 peer 0 pub 1 hold 0 held 0 heldfund 0 resets 0 viol 0
FIREDISC517 321 at (11, 2) hp 252 ti 122 ammo 300 win 4 shots 104 net 16 code 4 twin 0 peer 0 pub 1 hold 0 held 0 heldfund 0 resets 0 viol 0
FIREDISC517 322 at (11, 2) hp 260 ti 132 ammo 300 win 4 shots 104 net 8 code 3 twin 0 peer 0 pub 1 hold 0 held 0 heldfund 0 resets 0 viol 0
FIREDISC517 323 at (11, 2) hp 250 ti 114 ammo 300 win 4 shots 105 net 16 code 4 twin 0 peer 0 pub 1 hold 0 held 0 heldfund 0 resets 0 viol 0
FIREDISC517 324 at (11, 2) hp 258 ti 134 ammo 300 win 4 shots 105 net 8 code 3 twin 0 peer 0 pub 1 hold 0 held 0 heldfund 0 resets 0 viol 0
FIREDISC517 325 at (11, 2) hp 248 ti 124 ammo 300 win 4 shots 106 net 16 code 4 twin 0 peer 0 pub 1 hold 0 held 0 heldfund 0 resets 0 viol 0
FIREDISC517 326 at (11, 2) hp 256 ti 134 ammo 300 win 4 shots 106 net 8 code 3 twin 0 peer 0 pub 1 hold 0 held 0 heldfund 0 resets 0 viol 0
FIREDISC517 327 at (11, 2) hp 246 ti 124 ammo 300 win 4 shots 107 net 16 code 4 twin 0 peer 0 pub 1 hold 0 held 0 heldfund 0 resets 0 viol 0
FIREDISC517 328 at (11, 2) hp 254 ti 86 ammo 300 win 4 shots 107 net 8 code 3 twin 0 peer 0 pub 1 hold 0 held 0 heldfund 0 resets 0 viol 0
FIREDISC517 329 at (11, 2) hp 244 ti 76 ammo 300 win 4 shots 108 net 16 code 4 twin 0 peer 0 pub 1 hold 0 held 0 heldfund 0 resets 0 viol 0
FIREDISC517 330 at (11, 2) hp 252 ti 77 ammo 300 win 4 shots 108 net 8 code 3 twin 0 peer 0 pub 1 hold 0 held 0 heldfund 0 resets 0 viol 0
FIREDISC517 331 at (11, 2) hp 242 ti 67 ammo 300 win 4 shots 109 net 16 code 4 twin 0 peer 0 pub 1 hold 0 held 0 heldfund 0 resets 0 viol 0
FIREDISC517 332 at (11, 2) hp 250 ti 87 ammo 300 win 4 shots 109 net 8 code 3 twin 0 peer 0 pub 1 hold 0 held 0 heldfund 0 resets 0 viol 0
FIREDISC517 333 at (11, 2) hp 240 ti 77 ammo 300 win 4 shots 110 net 16 code 4 twin 0 peer 0 pub 1 hold 0 held 0 heldfund 0 resets 0 viol 0
FIREDISC517 334 at (11, 2) hp 248 ti 87 ammo 300 win 4 shots 110 net 8 code 3 twin 0 peer 0 pub 1 hold 0 held 0 heldfund 0 resets 0 viol 0
FIREDISC517 335 at (11, 2) hp 238 ti 77 ammo 300 win 4 shots 111 net 16 code 4 twin 0 peer 0 pub 1 hold 0 held 0 heldfund 0 resets 0 viol 0
FIREDISC517 336 at (11, 2) hp 246 ti 97 ammo 300 win 4 shots 111 net 8 code 3 twin 0 peer 0 pub 1 hold 0 held 0 heldfund 0 resets 0 viol 0
FIREDISC517 337 at (11, 2) hp 236 ti 78 ammo 300 win 4 shots 112 net 16 code 4 twin 0 peer 0 pub 1 hold 0 held 0 heldfund 0 resets 0 viol 0
FIREDISC517 338 at (11, 2) hp 244 ti 88 ammo 300 win 4 shots 112 net 8 code 3 twin 0 peer 0 pub 1 hold 0 held 0 heldfund 0 resets 0 viol 0
FIREDISC517 339 at (11, 2) hp 234 ti 78 ammo 300 win 4 shots 113 net 16 code 4 twin 0 peer 0 pub 1 hold 0 held 0 heldfund 0 resets 0 viol 0
FIREDISC517 340 at (11, 2) hp 242 ti 98 ammo 300 win 4 shots 113 net 8 code 3 twin 0 peer 0 pub 1 hold 0 held 0 heldfund 0 resets 0 viol 0
FIREDISC517 341 at (11, 2) hp 232 ti 88 ammo 300 win 4 shots 114 net 16 code 4 twin 0 peer 0 pub 1 hold 0 held 0 heldfund 0 resets 0 viol 0
FIREDISC517 342 at (11, 2) hp 240 ti 98 ammo 300 win 4 shots 114 net 8 code 3 twin 0 peer 0 pub 1 hold 0 held 0 heldfund 0 resets 0 viol 0
FIREDISC517 343 at (11, 2) hp 230 ti 79 ammo 300 win 4 shots 115 net 16 code 4 twin 0 peer 0 pub 1 hold 0 held 0 heldfund 0 resets 0 viol 0
FIREDISC517 344 at (11, 2) hp 238 ti 99 ammo 300 win 4 shots 115 net 8 code 3 twin 0 peer 0 pub 1 hold 0 held 0 heldfund 0 resets 0 viol 0
FIREDISC517 345 at (11, 2) hp 228 ti 89 ammo 300 win 4 shots 116 net 16 code 4 twin 0 peer 0 pub 1 hold 0 held 0 heldfund 0 resets 0 viol 0
FIREDISC517 346 at (11, 2) hp 236 ti 99 ammo 300 win 4 shots 116 net 8 code 3 twin 0 peer 0 pub 1 hold 0 held 0 heldfund 0 resets 0 viol 0
FIREDISC517 347 at (11, 2) hp 226 ti 89 ammo 300 win 4 shots 117 net 16 code 4 twin 0 peer 0 pub 1 hold 0 held 0 heldfund 0 resets 0 viol 0
FIREDISC517 348 at (11, 2) hp 234 ti 109 ammo 300 win 4 shots 117 net 8 code 3 twin 0 peer 0 pub 1 hold 0 held 0 heldfund 0 resets 0 viol 0
FIREDISC517 349 at (11, 2) hp 224 ti 99 ammo 300 win 4 shots 118 net 16 code 4 twin 0 peer 0 pub 1 hold 0 held 0 heldfund 0 resets 0 viol 0
FIREDISC517 350 at (11, 2) hp 232 ti 100 ammo 300 win 4 shots 118 net 8 code 3 twin 0 peer 0 pub 1 hold 0 held 0 heldfund 0 resets 0 viol 0
FIREDISC517 351 at (11, 2) hp 222 ti 90 ammo 300 win 4 shots 119 net 16 code 4 twin 0 peer 0 pub 1 hold 0 held 0 heldfund 0 resets 0 viol 0
FIREDISC517 352 at (11, 2) hp 230 ti 110 ammo 300 win 4 shots 119 net 8 code 3 twin 0 peer 0 pub 1 hold 0 held 0 heldfund 0 resets 0 viol 0
FIREDISC517 353 at (11, 2) hp 220 ti 100 ammo 300 win 4 shots 120 net 16 code 4 twin 0 peer 0 pub 1 hold 0 held 0 heldfund 0 resets 0 viol 0
FIREDISC517 354 at (11, 2) hp 228 ti 110 ammo 300 win 4 shots 120 net 8 code 3 twin 0 peer 0 pub 1 hold 0 held 0 heldfund 0 resets 0 viol 0
FIREDISC517 355 at (11, 2) hp 218 ti 100 ammo 300 win 4 shots 121 net 16 code 4 twin 0 peer 0 pub 1 hold 0 held 0 heldfund 0 resets 0 viol 0
FIREDISC517 356 at (11, 2) hp 226 ti 120 ammo 300 win 4 shots 121 net 8 code 3 twin 0 peer 0 pub 1 hold 0 held 0 heldfund 0 resets 0 viol 0
FIREDISC517 357 at (11, 2) hp 216 ti 101 ammo 300 win 4 shots 122 net 16 code 4 twin 0 peer 0 pub 1 hold 0 held 0 heldfund 0 resets 0 viol 0
FIREDISC517 358 at (11, 2) hp 224 ti 111 ammo 300 win 4 shots 122 net 8 code 3 twin 0 peer 0 pub 1 hold 0 held 0 heldfund 0 resets 0 viol 0
FIREDISC517 359 at (11, 2) hp 214 ti 101 ammo 300 win 4 shots 123 net 16 code 4 twin 0 peer 0 pub 1 hold 0 held 0 heldfund 0 resets 0 viol 0
FIREDISC517 360 at (11, 2) hp 222 ti 121 ammo 300 win 4 shots 123 net 8 code 3 twin 0 peer 0 pub 1 hold 0 held 0 heldfund 0 resets 0 viol 0
FIREDISC517 361 at (11, 2) hp 212 ti 111 ammo 300 win 4 shots 124 net 16 code 4 twin 0 peer 0 pub 1 hold 0 held 0 heldfund 0 resets 0 viol 0
FIREDISC517 362 at (11, 2) hp 220 ti 121 ammo 300 win 4 shots 124 net 8 code 3 twin 0 peer 0 pub 1 hold 0 held 0 heldfund 0 resets 0 viol 0
FIREDISC517 363 at (11, 2) hp 210 ti 102 ammo 300 win 4 shots 125 net 16 code 4 twin 0 peer 0 pub 1 hold 0 held 0 heldfund 0 resets 0 viol 0
FIREDISC517 364 at (11, 2) hp 218 ti 122 ammo 300 win 4 shots 125 net 8 code 3 twin 0 peer 0 pub 1 hold 0 held 0 heldfund 0 resets 0 viol 0
FIREDISC517 365 at (11, 2) hp 208 ti 112 ammo 300 win 4 shots 126 net 16 code 4 twin 0 peer 0 pub 1 hold 0 held 0 heldfund 0 resets 0 viol 0
FIREDISC517 366 at (11, 2) hp 216 ti 122 ammo 300 win 4 shots 126 net 8 code 3 twin 0 peer 0 pub 1 hold 0 held 0 heldfund 0 resets 0 viol 0
FIREDISC517 367 at (11, 2) hp 206 ti 112 ammo 300 win 4 shots 127 net 16 code 4 twin 0 peer 0 pub 1 hold 0 held 0 heldfund 0 resets 0 viol 0
FIREDISC517 368 at (11, 2) hp 214 ti 132 ammo 300 win 4 shots 127 net 8 code 3 twin 0 peer 0 pub 1 hold 0 held 0 heldfund 0 resets 0 viol 0
FIREDISC517 369 at (11, 2) hp 204 ti 122 ammo 300 win 4 shots 128 net 16 code 4 twin 0 peer 0 pub 1 hold 0 held 0 heldfund 0 resets 0 viol 0
FIREDISC517 370 at (11, 2) hp 212 ti 124 ammo 300 win 4 shots 128 net 8 code 3 twin 0 peer 0 pub 1 hold 0 held 0 heldfund 0 resets 0 viol 0
FIREDISC517 371 at (11, 2) hp 202 ti 114 ammo 300 win 4 shots 129 net 16 code 4 twin 0 peer 0 pub 1 hold 0 held 0 heldfund 0 resets 0 viol 0
FIREDISC517 372 at (11, 2) hp 210 ti 134 ammo 300 win 4 shots 129 net 8 code 3 twin 0 peer 0 pub 1 hold 0 held 0 heldfund 0 resets 0 viol 0
FIREDISC517 373 at (11, 2) hp 200 ti 124 ammo 300 win 4 shots 130 net 16 code 4 twin 0 peer 0 pub 1 hold 0 held 0 heldfund 0 resets 0 viol 0
FIREDISC517 374 at (11, 2) hp 208 ti 134 ammo 300 win 4 shots 130 net 8 code 3 twin 0 peer 0 pub 1 hold 0 held 0 heldfund 0 resets 0 viol 0
FIREDISC517 375 at (11, 2) hp 198 ti 124 ammo 300 win 4 shots 131 net 16 code 4 twin 0 peer 0 pub 1 hold 0 held 0 heldfund 0 resets 0 viol 0
FIREDISC517 376 at (11, 2) hp 206 ti 86 ammo 300 win 4 shots 131 net 8 code 3 twin 0 peer 0 pub 1 hold 0 held 0 heldfund 0 resets 0 viol 0
FIREDISC517 377 at (11, 2) hp 196 ti 67 ammo 300 win 4 shots 132 net 16 code 4 twin 0 peer 0 pub 1 hold 0 held 0 heldfund 0 resets 0 viol 0
FIREDISC517 378 at (11, 2) hp 204 ti 77 ammo 300 win 4 shots 132 net 8 code 3 twin 0 peer 0 pub 1 hold 0 held 0 heldfund 0 resets 0 viol 0
FIREDISC517 379 at (11, 2) hp 194 ti 67 ammo 300 win 4 shots 133 net 16 code 4 twin 0 peer 0 pub 1 hold 0 held 0 heldfund 0 resets 0 viol 0
FIREDISC517 380 at (11, 2) hp 202 ti 87 ammo 300 win 4 shots 133 net 8 code 3 twin 0 peer 0 pub 1 hold 0 held 0 heldfund 0 resets 0 viol 0
FIREDISC517 381 at (11, 2) hp 192 ti 77 ammo 300 win 4 shots 134 net 16 code 4 twin 0 peer 0 pub 1 hold 0 held 0 heldfund 0 resets 0 viol 0
FIREDISC517 382 at (11, 2) hp 200 ti 87 ammo 300 win 4 shots 134 net 8 code 3 twin 0 peer 0 pub 1 hold 0 held 0 heldfund 0 resets 0 viol 0
FIREDISC517 383 at (11, 2) hp 190 ti 77 ammo 300 win 4 shots 135 net 16 code 4 twin 0 peer 0 pub 1 hold 0 held 0 heldfund 0 resets 0 viol 0
FIREDISC517 384 at (11, 2) hp 198 ti 97 ammo 300 win 4 shots 135 net 8 code 3 twin 0 peer 0 pub 1 hold 0 held 0 heldfund 0 resets 0 viol 0
FIREDISC517 385 at (11, 2) hp 188 ti 87 ammo 300 win 4 shots 136 net 16 code 4 twin 0 peer 0 pub 1 hold 0 held 0 heldfund 0 resets 0 viol 0
FIREDISC517 386 at (11, 2) hp 196 ti 88 ammo 300 win 4 shots 136 net 8 code 3 twin 0 peer 0 pub 1 hold 0 held 0 heldfund 0 resets 0 viol 0
FIREDISC517 387 at (11, 2) hp 186 ti 78 ammo 300 win 4 shots 137 net 16 code 4 twin 0 peer 0 pub 1 hold 0 held 0 heldfund 0 resets 0 viol 0
FIREDISC517 388 at (11, 2) hp 194 ti 98 ammo 300 win 4 shots 137 net 8 code 3 twin 0 peer 0 pub 1 hold 0 held 0 heldfund 0 resets 0 viol 0
FIREDISC517 389 at (11, 2) hp 184 ti 88 ammo 300 win 4 shots 138 net 16 code 4 twin 0 peer 0 pub 1 hold 0 held 0 heldfund 0 resets 0 viol 0
FIREDISC517 390 at (11, 2) hp 192 ti 98 ammo 300 win 4 shots 138 net 8 code 3 twin 0 peer 0 pub 1 hold 0 held 0 heldfund 0 resets 0 viol 0
FIREDISC517 391 at (11, 2) hp 182 ti 88 ammo 300 win 4 shots 139 net 16 code 4 twin 0 peer 0 pub 1 hold 0 held 0 heldfund 0 resets 0 viol 0
FIREDISC517 392 at (11, 2) hp 190 ti 108 ammo 300 win 4 shots 139 net 8 code 3 twin 0 peer 0 pub 1 hold 0 held 0 heldfund 0 resets 0 viol 0
FIREDISC517 393 at (11, 2) hp 180 ti 98 ammo 300 win 4 shots 140 net 16 code 4 twin 0 peer 0 pub 1 hold 0 held 0 heldfund 0 resets 0 viol 0
FIREDISC517 394 at (11, 2) hp 188 ti 99 ammo 300 win 4 shots 140 net 8 code 3 twin 0 peer 0 pub 1 hold 0 held 0 heldfund 0 resets 0 viol 0
FIREDISC517 395 at (11, 2) hp 178 ti 89 ammo 300 win 4 shots 141 net 16 code 4 twin 0 peer 0 pub 1 hold 0 held 0 heldfund 0 resets 0 viol 0
FIREDISC517 396 at (11, 2) hp 186 ti 109 ammo 300 win 4 shots 141 net 8 code 3 twin 0 peer 0 pub 1 hold 0 held 0 heldfund 0 resets 0 viol 0
FIREDISC517 397 at (11, 2) hp 176 ti 99 ammo 300 win 4 shots 142 net 16 code 4 twin 0 peer 0 pub 1 hold 0 held 0 heldfund 0 resets 0 viol 0
FIREDISC517 398 at (11, 2) hp 184 ti 109 ammo 300 win 4 shots 142 net 8 code 3 twin 0 peer 0 pub 1 hold 0 held 0 heldfund 0 resets 0 viol 0
FIREDISC517 399 at (11, 2) hp 174 ti 99 ammo 300 win 4 shots 143 net 16 code 4 twin 0 peer 0 pub 1 hold 0 held 0 heldfund 0 resets 0 viol 0
FIREDISC517 400 at (11, 2) hp 182 ti 119 ammo 300 win 4 shots 143 net 8 code 3 twin 0 peer 0 pub 1 hold 0 held 0 heldfund 0 resets 0 viol 0
FIREDISC517 401 at (11, 2) hp 172 ti 100 ammo 300 win 4 shots 144 net 16 code 4 twin 0 peer 0 pub 1 hold 0 held 0 heldfund 0 resets 0 viol 0
FIREDISC517 402 at (11, 2) hp 180 ti 110 ammo 300 win 4 shots 144 net 8 code 3 twin 0 peer 0 pub 1 hold 0 held 0 heldfund 0 resets 0 viol 0
FIREDISC517 403 at (11, 2) hp 170 ti 100 ammo 300 win 4 shots 145 net 16 code 4 twin 0 peer 0 pub 1 hold 0 held 0 heldfund 0 resets 0 viol 0
FIREDISC517 404 at (11, 2) hp 178 ti 120 ammo 300 win 4 shots 145 net 8 code 3 twin 0 peer 0 pub 1 hold 0 held 0 heldfund 0 resets 0 viol 0
FIREDISC517 405 at (11, 2) hp 168 ti 110 ammo 300 win 4 shots 146 net 16 code 4 twin 0 peer 0 pub 1 hold 0 held 0 heldfund 0 resets 0 viol 0
FIREDISC517 406 at (11, 2) hp 176 ti 111 ammo 300 win 4 shots 146 net 8 code 3 twin 0 peer 0 pub 1 hold 0 held 0 heldfund 0 resets 0 viol 0
FIREDISC517 407 at (11, 2) hp 166 ti 101 ammo 300 win 4 shots 147 net 16 code 4 twin 0 peer 0 pub 1 hold 0 held 0 heldfund 0 resets 0 viol 0
FIREDISC517 408 at (11, 2) hp 174 ti 121 ammo 300 win 4 shots 147 net 8 code 3 twin 0 peer 0 pub 1 hold 0 held 0 heldfund 0 resets 0 viol 0
FIREDISC517 409 at (11, 2) hp 164 ti 111 ammo 300 win 4 shots 148 net 16 code 4 twin 0 peer 0 pub 1 hold 0 held 0 heldfund 0 resets 0 viol 0
FIREDISC517 410 at (11, 2) hp 172 ti 121 ammo 300 win 4 shots 148 net 8 code 3 twin 0 peer 0 pub 1 hold 0 held 0 heldfund 0 resets 0 viol 0
FIREDISC517 411 at (11, 2) hp 162 ti 111 ammo 300 win 4 shots 149 net 16 code 4 twin 0 peer 0 pub 1 hold 0 held 0 heldfund 0 resets 0 viol 0
FIREDISC517 412 at (11, 2) hp 170 ti 131 ammo 300 win 4 shots 149 net 8 code 3 twin 0 peer 0 pub 1 hold 0 held 0 heldfund 0 resets 0 viol 0
FIREDISC517 413 at (11, 2) hp 160 ti 121 ammo 300 win 4 shots 150 net 16 code 4 twin 0 peer 0 pub 1 hold 0 held 0 heldfund 0 resets 0 viol 0
FIREDISC517 414 at (11, 2) hp 168 ti 122 ammo 300 win 4 shots 150 net 8 code 3 twin 0 peer 0 pub 1 hold 0 held 0 heldfund 0 resets 0 viol 0
FIREDISC517 415 at (11, 2) hp 158 ti 112 ammo 300 win 4 shots 151 net 16 code 4 twin 0 peer 0 pub 1 hold 0 held 0 heldfund 0 resets 0 viol 0
FIREDISC517 416 at (11, 2) hp 166 ti 132 ammo 300 win 4 shots 151 net 8 code 3 twin 0 peer 0 pub 1 hold 0 held 0 heldfund 0 resets 0 viol 0
FIREDISC517 417 at (11, 2) hp 156 ti 122 ammo 300 win 4 shots 152 net 16 code 4 twin 0 peer 0 pub 1 hold 0 held 0 heldfund 0 resets 0 viol 0
FIREDISC517 418 at (11, 2) hp 164 ti 132 ammo 300 win 4 shots 152 net 8 code 3 twin 0 peer 0 pub 1 hold 0 held 0 heldfund 0 resets 0 viol 0
FIREDISC517 419 at (11, 2) hp 154 ti 122 ammo 300 win 4 shots 153 net 16 code 4 twin 0 peer 0 pub 1 hold 0 held 0 heldfund 0 resets 0 viol 0
FIREDISC517 420 at (11, 2) hp 162 ti 84 ammo 300 win 4 shots 153 net 8 code 3 twin 0 peer 0 pub 1 hold 0 held 0 heldfund 0 resets 0 viol 0
FIREDISC517 421 at (11, 2) hp 152 ti 65 ammo 300 win 4 shots 154 net 16 code 4 twin 0 peer 0 pub 1 hold 0 held 0 heldfund 0 resets 0 viol 0
FIREDISC517 422 at (11, 2) hp 160 ti 75 ammo 300 win 4 shots 154 net 8 code 3 twin 0 peer 0 pub 1 hold 0 held 0 heldfund 0 resets 0 viol 0
FIREDISC517 423 at (11, 2) hp 150 ti 65 ammo 300 win 4 shots 155 net 16 code 4 twin 0 peer 0 pub 1 hold 0 held 0 heldfund 0 resets 0 viol 0
FIREDISC517 424 at (11, 2) hp 158 ti 85 ammo 300 win 4 shots 155 net 8 code 3 twin 0 peer 0 pub 1 hold 0 held 0 heldfund 0 resets 0 viol 0
FIREDISC517 425 at (11, 2) hp 148 ti 75 ammo 300 win 4 shots 156 net 16 code 4 twin 0 peer 0 pub 1 hold 0 held 0 heldfund 0 resets 0 viol 0
FIREDISC517 426 at (11, 2) hp 156 ti 76 ammo 300 win 4 shots 156 net 8 code 3 twin 0 peer 0 pub 1 hold 0 held 0 heldfund 0 resets 0 viol 0
FIREDISC517 427 at (11, 2) hp 146 ti 66 ammo 300 win 4 shots 157 net 16 code 4 twin 0 peer 0 pub 1 hold 0 held 0 heldfund 0 resets 0 viol 0
FIREDISC517 428 at (11, 2) hp 154 ti 86 ammo 300 win 4 shots 157 net 8 code 3 twin 0 peer 0 pub 1 hold 0 held 0 heldfund 0 resets 0 viol 0
FIREDISC517 429 at (11, 2) hp 144 ti 76 ammo 300 win 4 shots 158 net 16 code 4 twin 0 peer 0 pub 1 hold 0 held 0 heldfund 0 resets 0 viol 0
FIREDISC517 430 at (11, 2) hp 152 ti 86 ammo 300 win 4 shots 158 net 8 code 3 twin 0 peer 0 pub 1 hold 0 held 0 heldfund 0 resets 0 viol 0
FIREDISC517 431 at (11, 2) hp 142 ti 76 ammo 300 win 4 shots 159 net 16 code 4 twin 0 peer 0 pub 1 hold 0 held 0 heldfund 0 resets 0 viol 0
FIREDISC517 432 at (11, 2) hp 150 ti 96 ammo 300 win 4 shots 159 net 8 code 3 twin 0 peer 0 pub 1 hold 0 held 0 heldfund 0 resets 0 viol 0
FIREDISC517 433 at (11, 2) hp 140 ti 86 ammo 300 win 4 shots 160 net 16 code 4 twin 0 peer 0 pub 1 hold 0 held 0 heldfund 0 resets 0 viol 0
FIREDISC517 434 at (11, 2) hp 148 ti 87 ammo 300 win 4 shots 160 net 8 code 3 twin 0 peer 0 pub 1 hold 0 held 0 heldfund 0 resets 0 viol 0
FIREDISC517 435 at (11, 2) hp 138 ti 77 ammo 300 win 4 shots 161 net 16 code 4 twin 0 peer 0 pub 1 hold 0 held 0 heldfund 0 resets 0 viol 0
FIREDISC517 436 at (11, 2) hp 146 ti 97 ammo 300 win 4 shots 161 net 8 code 3 twin 0 peer 0 pub 1 hold 0 held 0 heldfund 0 resets 0 viol 0
FIREDISC517 437 at (11, 2) hp 136 ti 87 ammo 300 win 4 shots 162 net 16 code 4 twin 0 peer 0 pub 1 hold 0 held 0 heldfund 0 resets 0 viol 0
FIREDISC517 438 at (11, 2) hp 144 ti 97 ammo 300 win 4 shots 162 net 8 code 3 twin 0 peer 0 pub 1 hold 0 held 0 heldfund 0 resets 0 viol 0
FIREDISC517 439 at (11, 2) hp 134 ti 87 ammo 300 win 4 shots 163 net 16 code 4 twin 0 peer 0 pub 1 hold 0 held 0 heldfund 0 resets 0 viol 0
FIREDISC517 440 at (11, 2) hp 142 ti 107 ammo 300 win 4 shots 163 net 8 code 3 twin 0 peer 0 pub 1 hold 0 held 0 heldfund 0 resets 0 viol 0
FIREDISC517 441 at (11, 2) hp 132 ti 88 ammo 300 win 4 shots 164 net 16 code 4 twin 0 peer 0 pub 1 hold 0 held 0 heldfund 0 resets 0 viol 0
FIREDISC517 442 at (11, 2) hp 140 ti 98 ammo 300 win 4 shots 164 net 8 code 3 twin 0 peer 0 pub 1 hold 0 held 0 heldfund 0 resets 0 viol 0
FIREDISC517 443 at (11, 2) hp 130 ti 88 ammo 300 win 4 shots 165 net 16 code 4 twin 0 peer 0 pub 1 hold 0 held 0 heldfund 0 resets 0 viol 0
FIREDISC517 444 at (11, 2) hp 138 ti 108 ammo 300 win 4 shots 165 net 8 code 3 twin 0 peer 0 pub 1 hold 0 held 0 heldfund 0 resets 0 viol 0
FIREDISC517 445 at (11, 2) hp 128 ti 98 ammo 300 win 4 shots 166 net 16 code 4 twin 0 peer 0 pub 1 hold 0 held 0 heldfund 0 resets 0 viol 0
FIREDISC517 446 at (11, 2) hp 136 ti 99 ammo 300 win 4 shots 166 net 8 code 3 twin 0 peer 0 pub 1 hold 0 held 0 heldfund 0 resets 0 viol 0
FIREDISC517 447 at (11, 2) hp 126 ti 89 ammo 300 win 4 shots 167 net 16 code 4 twin 0 peer 0 pub 1 hold 0 held 0 heldfund 0 resets 0 viol 0
FIREDISC517 448 at (11, 2) hp 134 ti 109 ammo 300 win 4 shots 167 net 8 code 3 twin 0 peer 0 pub 1 hold 0 held 0 heldfund 0 resets 0 viol 0
FIREDISC517 449 at (11, 2) hp 124 ti 99 ammo 300 win 4 shots 168 net 16 code 4 twin 0 peer 0 pub 1 hold 0 held 0 heldfund 0 resets 0 viol 0
FIREDISC517 450 at (11, 2) hp 132 ti 109 ammo 300 win 4 shots 168 net 8 code 3 twin 0 peer 0 pub 1 hold 0 held 0 heldfund 0 resets 0 viol 0
FIREDISC517 451 at (11, 2) hp 122 ti 99 ammo 300 win 4 shots 169 net 16 code 4 twin 0 peer 0 pub 1 hold 0 held 0 heldfund 0 resets 0 viol 0
FIREDISC517 452 at (11, 2) hp 130 ti 119 ammo 300 win 4 shots 169 net 8 code 3 twin 0 peer 0 pub 1 hold 0 held 0 heldfund 0 resets 0 viol 0
FIREDISC517 453 at (11, 2) hp 120 ti 109 ammo 300 win 4 shots 170 net 16 code 4 twin 0 peer 0 pub 1 hold 0 held 0 heldfund 0 resets 0 viol 0
FIREDISC517 454 at (11, 2) hp 128 ti 110 ammo 300 win 4 shots 170 net 8 code 3 twin 0 peer 0 pub 1 hold 0 held 0 heldfund 0 resets 0 viol 0
FIREDISC517 455 at (11, 2) hp 118 ti 100 ammo 300 win 4 shots 171 net 16 code 4 twin 0 peer 0 pub 1 hold 0 held 0 heldfund 0 resets 0 viol 0
FIREDISC517 456 at (11, 2) hp 126 ti 120 ammo 300 win 4 shots 171 net 8 code 3 twin 0 peer 0 pub 1 hold 0 held 0 heldfund 0 resets 0 viol 0
FIREDISC517 457 at (11, 2) hp 116 ti 110 ammo 300 win 4 shots 172 net 16 code 4 twin 0 peer 0 pub 1 hold 0 held 0 heldfund 0 resets 0 viol 0
FIREDISC517 458 at (11, 2) hp 124 ti 120 ammo 300 win 4 shots 172 net 8 code 3 twin 0 peer 0 pub 1 hold 0 held 0 heldfund 0 resets 0 viol 0
FIREDISC517 459 at (11, 2) hp 114 ti 110 ammo 300 win 4 shots 173 net 16 code 4 twin 0 peer 0 pub 1 hold 0 held 0 heldfund 0 resets 0 viol 0
FIREDISC517 460 at (11, 2) hp 122 ti 130 ammo 300 win 4 shots 173 net 8 code 3 twin 0 peer 0 pub 1 hold 0 held 0 heldfund 0 resets 0 viol 0
FIREDISC517 461 at (11, 2) hp 112 ti 111 ammo 300 win 4 shots 174 net 16 code 4 twin 0 peer 0 pub 1 hold 0 held 0 heldfund 0 resets 0 viol 0
FIREDISC517 462 at (11, 2) hp 120 ti 121 ammo 300 win 4 shots 174 net 8 code 3 twin 0 peer 0 pub 1 hold 0 held 0 heldfund 0 resets 0 viol 0
FIREDISC517 463 at (11, 2) hp 110 ti 111 ammo 300 win 4 shots 175 net 16 code 4 twin 0 peer 0 pub 1 hold 0 held 0 heldfund 0 resets 0 viol 0
FIREDISC517 464 at (11, 2) hp 118 ti 131 ammo 300 win 4 shots 175 net 8 code 3 twin 0 peer 0 pub 1 hold 0 held 0 heldfund 0 resets 0 viol 0
FIREDISC517 465 at (11, 2) hp 108 ti 121 ammo 300 win 4 shots 176 net 16 code 4 twin 0 peer 0 pub 1 hold 0 held 0 heldfund 0 resets 0 viol 0
FIREDISC517 466 at (11, 2) hp 116 ti 123 ammo 300 win 4 shots 176 net 8 code 3 twin 0 peer 0 pub 1 hold 0 held 0 heldfund 0 resets 0 viol 0
FIREDISC517 467 at (11, 2) hp 106 ti 113 ammo 300 win 4 shots 177 net 16 code 4 twin 0 peer 0 pub 1 hold 0 held 0 heldfund 0 resets 0 viol 0
FIREDISC517 468 at (11, 2) hp 114 ti 133 ammo 300 win 4 shots 177 net 8 code 3 twin 0 peer 0 pub 1 hold 0 held 0 heldfund 0 resets 0 viol 0
FIREDISC517 469 at (11, 2) hp 104 ti 123 ammo 300 win 4 shots 178 net 16 code 4 twin 0 peer 0 pub 1 hold 0 held 0 heldfund 0 resets 0 viol 0
FIREDISC517 470 at (11, 2) hp 112 ti 133 ammo 300 win 4 shots 178 net 8 code 3 twin 0 peer 0 pub 1 hold 0 held 0 heldfund 0 resets 0 viol 0
FIREDISC517 471 at (11, 2) hp 102 ti 123 ammo 300 win 4 shots 179 net 16 code 4 twin 0 peer 0 pub 1 hold 0 held 0 heldfund 0 resets 0 viol 0
FIREDISC517 472 at (11, 2) hp 110 ti 85 ammo 300 win 4 shots 179 net 8 code 3 twin 0 peer 0 pub 1 hold 0 held 0 heldfund 0 resets 0 viol 0
FIREDISC517 473 at (11, 2) hp 100 ti 75 ammo 300 win 4 shots 180 net 16 code 4 twin 0 peer 0 pub 1 hold 0 held 0 heldfund 0 resets 0 viol 0
FIREDISC517 474 at (11, 2) hp 108 ti 76 ammo 300 win 4 shots 180 net 8 code 3 twin 0 peer 0 pub 1 hold 0 held 0 heldfund 0 resets 0 viol 0
FIREDISC517 475 at (11, 2) hp 98 ti 66 ammo 300 win 4 shots 181 net 16 code 4 twin 0 peer 0 pub 1 hold 0 held 0 heldfund 0 resets 0 viol 0
FIREDISC517 476 at (11, 2) hp 106 ti 86 ammo 300 win 4 shots 181 net 8 code 3 twin 0 peer 0 pub 1 hold 0 held 0 heldfund 0 resets 0 viol 0
FIREDISC517 477 at (11, 2) hp 96 ti 76 ammo 300 win 4 shots 182 net 16 code 4 twin 0 peer 0 pub 1 hold 0 held 0 heldfund 0 resets 0 viol 0
FIREDISC517 478 at (11, 2) hp 104 ti 86 ammo 300 win 4 shots 182 net 8 code 3 twin 0 peer 0 pub 1 hold 0 held 0 heldfund 0 resets 0 viol 0
FIREDISC517 479 at (11, 2) hp 94 ti 76 ammo 300 win 4 shots 183 net 16 code 4 twin 0 peer 0 pub 1 hold 0 held 0 heldfund 0 resets 0 viol 0
FIREDISC517 480 at (11, 2) hp 102 ti 96 ammo 300 win 4 shots 183 net 8 code 3 twin 0 peer 0 pub 1 hold 0 held 0 heldfund 0 resets 0 viol 0
FIREDISC517 481 at (11, 2) hp 92 ti 77 ammo 300 win 4 shots 184 net 16 code 4 twin 0 peer 0 pub 1 hold 0 held 0 heldfund 0 resets 0 viol 0
FIREDISC517 482 at (11, 2) hp 100 ti 87 ammo 300 win 4 shots 184 net 8 code 3 twin 0 peer 0 pub 1 hold 0 held 0 heldfund 0 resets 0 viol 0
FIREDISC517 483 at (11, 2) hp 90 ti 77 ammo 300 win 4 shots 185 net 16 code 4 twin 0 peer 0 pub 1 hold 0 held 0 heldfund 0 resets 0 viol 0
FIREDISC517 484 at (11, 2) hp 98 ti 97 ammo 300 win 4 shots 185 net 8 code 3 twin 0 peer 0 pub 1 hold 0 held 0 heldfund 0 resets 0 viol 0
FIREDISC517 485 at (11, 2) hp 88 ti 87 ammo 300 win 4 shots 186 net 16 code 4 twin 0 peer 0 pub 1 hold 0 held 0 heldfund 0 resets 0 viol 0
FIREDISC517 486 at (11, 2) hp 96 ti 88 ammo 300 win 4 shots 186 net 8 code 3 twin 0 peer 0 pub 1 hold 0 held 0 heldfund 0 resets 0 viol 0
FIREDISC517 487 at (11, 2) hp 86 ti 78 ammo 300 win 4 shots 187 net 16 code 4 twin 0 peer 0 pub 1 hold 0 held 0 heldfund 0 resets 0 viol 0
FIREDISC517 488 at (11, 2) hp 94 ti 98 ammo 300 win 4 shots 187 net 8 code 3 twin 0 peer 0 pub 1 hold 0 held 0 heldfund 0 resets 0 viol 0
FIREDISC517 489 at (11, 2) hp 84 ti 88 ammo 300 win 4 shots 188 net 16 code 4 twin 0 peer 0 pub 1 hold 0 held 0 heldfund 0 resets 0 viol 0
FIREDISC517 490 at (11, 2) hp 92 ti 98 ammo 300 win 4 shots 188 net 8 code 3 twin 0 peer 0 pub 1 hold 0 held 0 heldfund 0 resets 0 viol 0
FIREDISC517 491 at (11, 2) hp 82 ti 88 ammo 300 win 4 shots 189 net 16 code 4 twin 0 peer 0 pub 1 hold 0 held 0 heldfund 0 resets 0 viol 0
FIREDISC517 492 at (11, 2) hp 90 ti 108 ammo 300 win 4 shots 189 net 8 code 3 twin 0 peer 0 pub 1 hold 0 held 0 heldfund 0 resets 0 viol 0
FIREDISC517 493 at (11, 2) hp 80 ti 98 ammo 300 win 4 shots 190 net 16 code 4 twin 0 peer 0 pub 1 hold 0 held 0 heldfund 0 resets 0 viol 0
FIREDISC517 494 at (11, 2) hp 88 ti 99 ammo 300 win 4 shots 190 net 8 code 3 twin 0 peer 0 pub 1 hold 0 held 0 heldfund 0 resets 0 viol 0
FIREDISC517 495 at (11, 2) hp 78 ti 89 ammo 300 win 4 shots 191 net 16 code 4 twin 0 peer 0 pub 1 hold 0 held 0 heldfund 0 resets 0 viol 0
FIREDISC517 496 at (11, 2) hp 86 ti 109 ammo 300 win 4 shots 191 net 8 code 3 twin 0 peer 0 pub 1 hold 0 held 0 heldfund 0 resets 0 viol 0
FIREDISC517 497 at (11, 2) hp 76 ti 99 ammo 300 win 4 shots 192 net 16 code 4 twin 0 peer 0 pub 1 hold 0 held 0 heldfund 0 resets 0 viol 0
FIREDISC517 498 at (11, 2) hp 84 ti 109 ammo 300 win 4 shots 192 net 8 code 3 twin 0 peer 0 pub 1 hold 0 held 0 heldfund 0 resets 0 viol 0
FIREDISC517 499 at (11, 2) hp 74 ti 99 ammo 300 win 4 shots 193 net 16 code 4 twin 0 peer 0 pub 1 hold 0 held 0 heldfund 0 resets 0 viol 0
FIREDISC517 500 at (11, 2) hp 82 ti 119 ammo 300 win 4 shots 193 net 8 code 3 twin 0 peer 0 pub 1 hold 0 held 0 heldfund 0 resets 0 viol 0
FIREDISC517 501 at (11, 2) hp 72 ti 100 ammo 300 win 4 shots 194 net 16 code 4 twin 0 peer 0 pub 1 hold 0 held 0 heldfund 0 resets 0 viol 0
FIREDISC517 502 at (11, 2) hp 80 ti 110 ammo 300 win 4 shots 194 net 8 code 3 twin 0 peer 0 pub 1 hold 0 held 0 heldfund 0 resets 0 viol 0
FIREDISC517 503 at (11, 2) hp 70 ti 100 ammo 300 win 4 shots 195 net 16 code 4 twin 0 peer 0 pub 1 hold 0 held 0 heldfund 0 resets 0 viol 0
FIREDISC517 504 at (11, 2) hp 78 ti 120 ammo 300 win 4 shots 195 net 8 code 3 twin 0 peer 0 pub 1 hold 0 held 0 heldfund 0 resets 0 viol 0
FIREDISC517 505 at (11, 2) hp 68 ti 110 ammo 300 win 4 shots 196 net 16 code 4 twin 0 peer 0 pub 1 hold 0 held 0 heldfund 0 resets 0 viol 0
FIREDISC517 506 at (11, 2) hp 76 ti 111 ammo 300 win 4 shots 196 net 8 code 3 twin 0 peer 0 pub 1 hold 0 held 0 heldfund 0 resets 0 viol 0
FIREDISC517 507 at (11, 2) hp 66 ti 101 ammo 300 win 4 shots 197 net 16 code 4 twin 0 peer 0 pub 1 hold 0 held 0 heldfund 0 resets 0 viol 0
FIREDISC517 508 at (11, 2) hp 74 ti 121 ammo 300 win 4 shots 197 net 8 code 3 twin 0 peer 0 pub 1 hold 0 held 0 heldfund 0 resets 0 viol 0
FIREDISC517 509 at (11, 2) hp 64 ti 111 ammo 300 win 4 shots 198 net 16 code 4 twin 0 peer 0 pub 1 hold 0 held 0 heldfund 0 resets 0 viol 0
FIREDISC517 510 at (11, 2) hp 72 ti 121 ammo 300 win 4 shots 198 net 8 code 3 twin 0 peer 0 pub 1 hold 0 held 0 heldfund 0 resets 0 viol 0
FIREDISC517 511 at (11, 2) hp 62 ti 111 ammo 300 win 4 shots 199 net 16 code 4 twin 0 peer 0 pub 1 hold 0 held 0 heldfund 0 resets 0 viol 0
FIREDISC517 512 at (11, 2) hp 70 ti 131 ammo 300 win 4 shots 199 net 8 code 3 twin 0 peer 0 pub 1 hold 0 held 0 heldfund 0 resets 0 viol 0
FIREDISC517 513 at (11, 2) hp 60 ti 121 ammo 300 win 4 shots 200 net 16 code 4 twin 0 peer 0 pub 1 hold 0 held 0 heldfund 0 resets 0 viol 0
FIREDISC517 514 at (11, 2) hp 68 ti 123 ammo 300 win 4 shots 200 net 8 code 3 twin 0 peer 0 pub 1 hold 0 held 0 heldfund 0 resets 0 viol 0
FIREDISC517 515 at (11, 2) hp 58 ti 113 ammo 300 win 4 shots 201 net 16 code 4 twin 0 peer 0 pub 1 hold 0 held 0 heldfund 0 resets 0 viol 0
FIREDISC517 516 at (11, 2) hp 66 ti 133 ammo 300 win 4 shots 201 net 8 code 3 twin 0 peer 0 pub 1 hold 0 held 0 heldfund 0 resets 0 viol 0
FIREDISC517 517 at (11, 2) hp 56 ti 123 ammo 300 win 4 shots 202 net 16 code 4 twin 0 peer 0 pub 1 hold 0 held 0 heldfund 0 resets 0 viol 0
FIREDISC517 518 at (11, 2) hp 64 ti 133 ammo 300 win 4 shots 202 net 8 code 3 twin 0 peer 0 pub 1 hold 0 held 0 heldfund 0 resets 0 viol 0
FIREDISC517 519 at (11, 2) hp 54 ti 123 ammo 300 win 4 shots 203 net 16 code 4 twin 0 peer 0 pub 1 hold 0 held 0 heldfund 0 resets 0 viol 0
FIREDISC517 520 at (11, 2) hp 62 ti 85 ammo 300 win 4 shots 203 net 8 code 3 twin 0 peer 0 pub 1 hold 0 held 0 heldfund 0 resets 0 viol 0
FIREDISC517 521 at (11, 2) hp 52 ti 66 ammo 300 win 4 shots 204 net 16 code 4 twin 0 peer 0 pub 1 hold 0 held 0 heldfund 0 resets 0 viol 0
FIREDISC517 522 at (11, 2) hp 60 ti 76 ammo 300 win 4 shots 204 net 8 code 3 twin 0 peer 0 pub 1 hold 0 held 0 heldfund 0 resets 0 viol 0
FIREDISC517 523 at (11, 2) hp 50 ti 66 ammo 300 win 4 shots 205 net 16 code 4 twin 0 peer 0 pub 1 hold 0 held 0 heldfund 0 resets 0 viol 0
FIREDISC517 524 at (11, 2) hp 58 ti 86 ammo 300 win 4 shots 205 net 8 code 3 twin 0 peer 0 pub 1 hold 0 held 0 heldfund 0 resets 0 viol 0
FIREDISC517 525 at (11, 2) hp 48 ti 76 ammo 300 win 4 shots 206 net 16 code 4 twin 0 peer 0 pub 1 hold 0 held 0 heldfund 0 resets 0 viol 0
FIREDISC517 526 at (11, 2) hp 56 ti 77 ammo 300 win 4 shots 206 net 8 code 3 twin 0 peer 0 pub 1 hold 0 held 0 heldfund 0 resets 0 viol 0
FIREDISC517 527 at (11, 2) hp 46 ti 67 ammo 300 win 4 shots 207 net 16 code 4 twin 0 peer 0 pub 1 hold 0 held 0 heldfund 0 resets 0 viol 0
FIREDISC517 528 at (11, 2) hp 54 ti 87 ammo 300 win 4 shots 207 net 8 code 3 twin 0 peer 0 pub 1 hold 0 held 0 heldfund 0 resets 0 viol 0
FIREDISC517 529 at (11, 2) hp 44 ti 77 ammo 300 win 4 shots 208 net 16 code 4 twin 0 peer 0 pub 1 hold 0 held 0 heldfund 0 resets 0 viol 0
FIREDISC517 530 at (11, 2) hp 52 ti 87 ammo 300 win 4 shots 208 net 8 code 3 twin 0 peer 0 pub 1 hold 0 held 0 heldfund 0 resets 0 viol 0
FIREDISC517 531 at (11, 2) hp 42 ti 77 ammo 300 win 4 shots 209 net 16 code 4 twin 0 peer 0 pub 1 hold 0 held 0 heldfund 0 resets 0 viol 0
FIREDISC517 532 at (11, 2) hp 50 ti 97 ammo 300 win 4 shots 209 net 8 code 3 twin 0 peer 0 pub 1 hold 0 held 0 heldfund 0 resets 0 viol 0
FIREDISC517 533 at (11, 2) hp 40 ti 87 ammo 300 win 4 shots 210 net 16 code 4 twin 0 peer 0 pub 1 hold 0 held 0 heldfund 0 resets 0 viol 0
FIREDISC517 534 at (11, 2) hp 48 ti 88 ammo 300 win 4 shots 210 net 8 code 3 twin 0 peer 0 pub 1 hold 0 held 0 heldfund 0 resets 0 viol 0
FIREDISC517 535 at (11, 2) hp 38 ti 78 ammo 300 win 4 shots 211 net 16 code 4 twin 0 peer 0 pub 1 hold 0 held 0 heldfund 0 resets 0 viol 0
FIREDISC517 536 at (11, 2) hp 46 ti 98 ammo 300 win 4 shots 211 net 8 code 3 twin 0 peer 0 pub 1 hold 0 held 0 heldfund 0 resets 0 viol 0
FIREDISC517 537 at (11, 2) hp 36 ti 88 ammo 300 win 4 shots 212 net 16 code 4 twin 0 peer 0 pub 1 hold 0 held 0 heldfund 0 resets 0 viol 0
FIREDISC517 538 at (11, 2) hp 44 ti 98 ammo 300 win 4 shots 212 net 8 code 3 twin 0 peer 0 pub 1 hold 0 held 0 heldfund 0 resets 0 viol 0
FIREDISC517 539 at (11, 2) hp 34 ti 88 ammo 300 win 4 shots 213 net 16 code 4 twin 0 peer 0 pub 1 hold 0 held 0 heldfund 0 resets 0 viol 0
FIREDISC517 540 at (11, 2) hp 42 ti 108 ammo 300 win 4 shots 213 net 8 code 3 twin 0 peer 0 pub 1 hold 0 held 0 heldfund 0 resets 0 viol 0
FIREDISC517 541 at (11, 2) hp 32 ti 89 ammo 300 win 4 shots 214 net 16 code 4 twin 0 peer 0 pub 1 hold 0 held 0 heldfund 0 resets 0 viol 0
FIREDISC517 542 at (11, 2) hp 40 ti 99 ammo 300 win 4 shots 214 net 8 code 3 twin 0 peer 0 pub 1 hold 0 held 0 heldfund 0 resets 0 viol 0
FIREDISC517 543 at (11, 2) hp 30 ti 89 ammo 300 win 4 shots 215 net 16 code 4 twin 0 peer 0 pub 1 hold 0 held 0 heldfund 0 resets 0 viol 0
FIREDISC517 544 at (11, 2) hp 38 ti 109 ammo 300 win 4 shots 215 net 8 code 3 twin 0 peer 0 pub 1 hold 0 held 0 heldfund 0 resets 0 viol 0
FIREDISC517 545 at (11, 2) hp 28 ti 99 ammo 300 win 4 shots 216 net 16 code 4 twin 0 peer 0 pub 1 hold 0 held 0 heldfund 0 resets 0 viol 0
FIREDISC517 546 at (11, 2) hp 36 ti 100 ammo 300 win 4 shots 216 net 8 code 3 twin 0 peer 0 pub 1 hold 0 held 0 heldfund 0 resets 0 viol 0
FIREDISC517 547 at (11, 2) hp 26 ti 90 ammo 300 win 4 shots 217 net 16 code 4 twin 0 peer 0 pub 1 hold 0 held 0 heldfund 0 resets 0 viol 0
FIREDISC517 548 at (11, 2) hp 34 ti 110 ammo 300 win 4 shots 217 net 8 code 3 twin 0 peer 0 pub 1 hold 0 held 0 heldfund 0 resets 0 viol 0
FIREDISC517 549 at (11, 2) hp 24 ti 100 ammo 300 win 4 shots 218 net 16 code 4 twin 0 peer 0 pub 1 hold 0 held 0 heldfund 0 resets 0 viol 0
FIREDISC517 550 at (11, 2) hp 32 ti 110 ammo 300 win 4 shots 218 net 8 code 3 twin 0 peer 0 pub 1 hold 0 held 0 heldfund 0 resets 0 viol 0
FIREDISC517 551 at (11, 2) hp 22 ti 100 ammo 300 win 4 shots 219 net 16 code 4 twin 0 peer 0 pub 1 hold 0 held 0 heldfund 0 resets 0 viol 0
FIREDISC517 552 at (11, 2) hp 30 ti 120 ammo 300 win 4 shots 219 net 8 code 3 twin 0 peer 0 pub 1 hold 0 held 0 heldfund 0 resets 0 viol 0
FIREDISC517 553 at (11, 2) hp 20 ti 110 ammo 300 win 4 shots 220 net 16 code 4 twin 0 peer 0 pub 1 hold 0 held 0 heldfund 0 resets 0 viol 0
FIREDISC517 554 at (11, 2) hp 28 ti 111 ammo 300 win 4 shots 220 net 8 code 3 twin 0 peer 0 pub 1 hold 0 held 0 heldfund 0 resets 0 viol 0
FIREDISC517 555 at (11, 2) hp 18 ti 101 ammo 300 win 4 shots 221 net 16 code 4 twin 0 peer 0 pub 1 hold 0 held 0 heldfund 0 resets 0 viol 0
FIREDISC517 556 at (11, 2) hp 26 ti 121 ammo 300 win 4 shots 221 net 8 code 3 twin 0 peer 0 pub 1 hold 0 held 0 heldfund 0 resets 0 viol 0
FIREDISC517 557 at (11, 2) hp 16 ti 111 ammo 300 win 4 shots 222 net 16 code 4 twin 0 peer 0 pub 1 hold 0 held 0 heldfund 0 resets 0 viol 0
FIREDISC517 558 at (11, 2) hp 24 ti 121 ammo 300 win 4 shots 222 net 8 code 3 twin 0 peer 0 pub 1 hold 0 held 0 heldfund 0 resets 0 viol 0
FIREDISC517 559 at (11, 2) hp 14 ti 111 ammo 300 win 4 shots 223 net 16 code 4 twin 0 peer 0 pub 1 hold 0 held 0 heldfund 0 resets 0 viol 0
FIREDISC517 560 at (11, 2) hp 22 ti 131 ammo 300 win 4 shots 223 net 8 code 3 twin 0 peer 0 pub 1 hold 0 held 0 heldfund 0 resets 0 viol 0
FIREDISC517 561 at (11, 2) hp 12 ti 112 ammo 300 win 4 shots 224 net 16 code 4 twin 0 peer 0 pub 1 hold 0 held 0 heldfund 0 resets 0 viol 0
FIREDISC517 562 at (11, 2) hp 20 ti 122 ammo 300 win 4 shots 224 net 8 code 3 twin 0 peer 0 pub 1 hold 0 held 0 heldfund 0 resets 0 viol 0
FIREDISC517 563 at (11, 2) hp 10 ti 112 ammo 300 win 4 shots 225 net 16 code 4 twin 0 peer 0 pub 1 hold 0 held 0 heldfund 0 resets 0 viol 0
FIREDISC517 564 at (11, 2) hp 18 ti 132 ammo 300 win 4 shots 225 net 8 code 3 twin 0 peer 0 pub 1 hold 0 held 0 heldfund 0 resets 0 viol 0
