Update available: 2.3.6 -> 2.3.8. Run: pip install --upgrade fcode
TWIN517 89 at (18, 2) hold 0 live 1 floor 4 rebuy 24 ti 8 cost 65 n 1
FIREDISC517 90 at (18, 2) hp 500 ti 8 ammo 24 win 0 shots 0 net None code 0 twin 0 peer 0 pub 1 hold 0 held 0 heldfund 0 resets 0 viol 0
FIREDISC517 91 at (18, 2) hp 482 ti 8 ammo 14 win 1 shots 1 net None code 0 twin 0 peer 0 pub 1 hold 0 held 0 heldfund 0 resets 0 viol 0
FIREDISC517 92 at (18, 2) hp 482 ti 14 ammo 18 win 1 shots 1 net None code 0 twin 0 peer 0 pub 1 hold 0 held 0 heldfund 0 resets 0 viol 0
FIREDISC517 93 at (18, 2) hp 464 ti 14 ammo 8 win 2 shots 2 net None code 0 twin 0 peer 0 pub 1 hold 0 held 0 heldfund 0 resets 0 viol 0
FIREDISC517 94 at (18, 2) hp 464 ti 14 ammo 8 win 2 shots 2 net None code 0 twin 0 peer 0 pub 1 hold 0 held 0 heldfund 0 resets 0 viol 0
FIREDISC517 95 at (18, 2) hp 464 ti 14 ammo 8 win 2 shots 2 net None code 0 twin 0 peer 0 pub 1 hold 0 held 0 heldfund 0 resets 0 viol 0
FIREDISC517 96 at (18, 2) hp 464 ti 14 ammo 18 win 2 shots 2 net None code 0 twin 0 peer 0 pub 1 hold 0 held 0 heldfund 0 resets 0 viol 0
FIREDISC517 97 at (18, 2) hp 446 ti 14 ammo 8 win 3 shots 3 net None code 0 twin 0 peer 0 pub 1 hold 0 held 0 heldfund 0 resets 0 viol 0
FIREDISC517 98 at (18, 2) hp 446 ti 14 ammo 8 win 3 shots 3 net None code 0 twin 0 peer 0 pub 1 hold 0 held 0 heldfund 0 resets 0 viol 0
FIREDISC517 99 at (18, 2) hp 446 ti 14 ammo 8 win 3 shots 3 net None code 0 twin 0 peer 0 pub 1 hold 0 held 0 heldfund 0 resets 0 viol 0
FIREDISC517 100 at (18, 2) hp 446 ti 14 ammo 18 win 3 shots 3 net None code 0 twin 0 peer 0 pub 1 hold 0 held 0 heldfund 0 resets 0 viol 0
FIREDISC517 101 at (18, 2) hp 428 ti 14 ammo 8 win 4 shots 4 net 72 code 6 twin 0 peer 0 pub 1 hold 0 held 0 heldfund 0 resets 0 viol 0
FIREDISC517 102 at (18, 2) hp 428 ti 14 ammo 8 win 4 shots 4 net 72 code 6 twin 0 peer 0 pub 1 hold 0 held 0 heldfund 0 resets 0 viol 0
FIREDISC517 103 at (18, 2) hp 428 ti 14 ammo 8 win 4 shots 4 net 72 code 6 twin 0 peer 0 pub 1 hold 0 held 0 heldfund 0 resets 0 viol 0
FIREDISC517 104 at (18, 2) hp 428 ti 14 ammo 18 win 4 shots 4 net 72 code 6 twin 0 peer 0 pub 1 hold 0 held 0 heldfund 0 resets 0 viol 0
FIREDISC517 105 at (18, 2) hp 410 ti 14 ammo 8 win 4 shots 5 net 72 code 6 twin 0 peer 0 pub 1 hold 0 held 0 heldfund 0 resets 0 viol 0
FIREDISC517 106 at (18, 2) hp 410 ti 14 ammo 8 win 4 shots 5 net 72 code 6 twin 0 peer 0 pub 1 hold 0 held 0 heldfund 0 resets 0 viol 0
FIREDISC517 107 at (18, 2) hp 410 ti 14 ammo 8 win 4 shots 5 net 72 code 6 twin 0 peer 0 pub 1 hold 0 held 0 heldfund 0 resets 0 viol 0
FIREDISC517 108 at (18, 2) hp 410 ti 14 ammo 18 win 4 shots 5 net 72 code 6 twin 0 peer 0 pub 1 hold 0 held 0 heldfund 0 resets 0 viol 0
FIREDISC517 109 at (18, 2) hp 392 ti 14 ammo 8 win 4 shots 6 net 72 code 6 twin 0 peer 0 pub 1 hold 0 held 0 heldfund 0 resets 0 viol 0
FIREDISC517 110 at (18, 2) hp 392 ti 14 ammo 8 win 4 shots 6 net 72 code 6 twin 0 peer 0 pub 1 hold 0 held 0 heldfund 0 resets 0 viol 0
FIREDISC517 111 at (18, 2) hp 392 ti 14 ammo 8 win 4 shots 6 net 72 code 6 twin 0 peer 0 pub 1 hold 0 held 0 heldfund 0 resets 0 viol 0
FIREDISC517 112 at (18, 2) hp 392 ti 14 ammo 18 win 4 shots 6 net 72 code 6 twin 0 peer 0 pub 1 hold 0 held 0 heldfund 0 resets 0 viol 0
FIREDISC517 113 at (18, 2) hp 374 ti 14 ammo 8 win 4 shots 7 net 72 code 6 twin 0 peer 0 pub 1 hold 0 held 0 heldfund 0 resets 0 viol 0
FIREDISC517 114 at (18, 2) hp 374 ti 14 ammo 8 win 4 shots 7 net 72 code 6 twin 0 peer 0 pub 1 hold 0 held 0 heldfund 0 resets 0 viol 0
FIREDISC517 115 at (18, 2) hp 374 ti 14 ammo 8 win 4 shots 7 net 72 code 6 twin 0 peer 0 pub 1 hold 0 held 0 heldfund 0 resets 0 viol 0
FIREDISC517 116 at (18, 2) hp 374 ti 14 ammo 18 win 4 shots 7 net 72 code 6 twin 0 peer 0 pub 1 hold 0 held 0 heldfund 0 resets 0 viol 0
FIREDISC517 117 at (18, 2) hp 356 ti 14 ammo 8 win 4 shots 8 net 72 code 6 twin 0 peer 0 pub 1 hold 0 held 0 heldfund 0 resets 0 viol 0
FIREDISC517 118 at (18, 2) hp 356 ti 14 ammo 8 win 4 shots 8 net 72 code 6 twin 0 peer 0 pub 1 hold 0 held 0 heldfund 0 resets 0 viol 0
FIREDISC517 119 at (18, 2) hp 356 ti 14 ammo 8 win 4 shots 8 net 72 code 6 twin 0 peer 0 pub 1 hold 0 held 0 heldfund 0 resets 0 viol 0
FIREDISC517 120 at (18, 2) hp 356 ti 14 ammo 18 win 4 shots 8 net 72 code 6 twin 0 peer 0 pub 1 hold 0 held 0 heldfund 0 resets 0 viol 0
FIREDISC517 121 at (18, 2) hp 338 ti 14 ammo 8 win 4 shots 9 net 72 code 6 twin 0 peer 0 pub 1 hold 0 held 0 heldfund 0 resets 0 viol 0
FIREDISC517 122 at (18, 2) hp 338 ti 14 ammo 8 win 4 shots 9 net 72 code 6 twin 0 peer 0 pub 1 hold 0 held 0 heldfund 0 resets 0 viol 0
FIREDISC517 123 at (18, 2) hp 338 ti 14 ammo 8 win 4 shots 9 net 72 code 6 twin 0 peer 0 pub 1 hold 0 held 0 heldfund 0 resets 0 viol 0
FIREDISC517 124 at (18, 2) hp 338 ti 14 ammo 18 win 4 shots 9 net 72 code 6 twin 0 peer 0 pub 1 hold 0 held 0 heldfund 0 resets 0 viol 0
FIREDISC517 125 at (18, 2) hp 320 ti 14 ammo 8 win 4 shots 10 net 72 code 6 twin 0 peer 0 pub 1 hold 0 held 0 heldfund 0 resets 0 viol 0
FIREDISC517 126 at (18, 2) hp 320 ti 14 ammo 8 win 4 shots 10 net 72 code 6 twin 0 peer 0 pub 1 hold 0 held 0 heldfund 0 resets 0 viol 0
FIREDISC517 127 at (18, 2) hp 320 ti 14 ammo 8 win 4 shots 10 net 72 code 6 twin 0 peer 0 pub 1 hold 0 held 0 heldfund 0 resets 0 viol 0
FIREDISC517 128 at (18, 2) hp 320 ti 14 ammo 18 win 4 shots 10 net 72 code 6 twin 0 peer 0 pub 1 hold 0 held 0 heldfund 0 resets 0 viol 0
FIREDISC517 129 at (18, 2) hp 302 ti 14 ammo 8 win 4 shots 11 net 72 code 6 twin 0 peer 0 pub 1 hold 0 held 0 heldfund 0 resets 0 viol 0
FIREDISC517 130 at (18, 2) hp 302 ti 14 ammo 8 win 4 shots 11 net 72 code 6 twin 0 peer 0 pub 1 hold 0 held 0 heldfund 0 resets 0 viol 0
FIREDISC517 131 at (18, 2) hp 302 ti 14 ammo 8 win 4 shots 11 net 72 code 6 twin 0 peer 0 pub 1 hold 0 held 0 heldfund 0 resets 0 viol 0
FIREDISC517 132 at (18, 2) hp 302 ti 14 ammo 18 win 4 shots 11 net 72 code 6 twin 0 peer 0 pub 1 hold 0 held 0 heldfund 0 resets 0 viol 0
FIREDISC517 133 at (18, 2) hp 284 ti 14 ammo 8 win 4 shots 12 net 72 code 6 twin 0 peer 0 pub 1 hold 0 held 0 heldfund 0 resets 0 viol 0
FIREDISC517 134 at (18, 2) hp 284 ti 14 ammo 8 win 4 shots 12 net 72 code 6 twin 0 peer 0 pub 1 hold 0 held 0 heldfund 0 resets 0 viol 0
FIREDISC517 135 at (18, 2) hp 284 ti 14 ammo 8 win 4 shots 12 net 72 code 6 twin 0 peer 0 pub 1 hold 0 held 0 heldfund 0 resets 0 viol 0
FIREDISC517 136 at (18, 2) hp 284 ti 14 ammo 18 win 4 shots 12 net 72 code 6 twin 0 peer 0 pub 1 hold 0 held 0 heldfund 0 resets 0 viol 0
FIREDISC517 137 at (18, 2) hp 266 ti 14 ammo 8 win 4 shots 13 net 72 code 6 twin 0 peer 0 pub 1 hold 0 held 0 heldfund 0 resets 0 viol 0
FIREDISC517 138 at (18, 2) hp 266 ti 14 ammo 8 win 4 shots 13 net 72 code 6 twin 0 peer 0 pub 1 hold 0 held 0 heldfund 0 resets 0 viol 0
FIREDISC517 139 at (18, 2) hp 266 ti 14 ammo 8 win 4 shots 13 net 72 code 6 twin 0 peer 0 pub 1 hold 0 held 0 heldfund 0 resets 0 viol 0
FIREDISC517 140 at (18, 2) hp 266 ti 14 ammo 18 win 4 shots 13 net 72 code 6 twin 0 peer 0 pub 1 hold 0 held 0 heldfund 0 resets 0 viol 0
FIREDISC517 141 at (18, 2) hp 248 ti 14 ammo 8 win 4 shots 14 net 72 code 6 twin 0 peer 0 pub 1 hold 0 held 0 heldfund 0 resets 0 viol 0
FIREDISC517 142 at (18, 2) hp 248 ti 14 ammo 8 win 4 shots 14 net 72 code 6 twin 0 peer 0 pub 1 hold 0 held 0 heldfund 0 resets 0 viol 0
FIREDISC517 143 at (18, 2) hp 248 ti 14 ammo 8 win 4 shots 14 net 72 code 6 twin 0 peer 0 pub 1 hold 0 held 0 heldfund 0 resets 0 viol 0
FIREDISC517 144 at (18, 2) hp 248 ti 14 ammo 18 win 4 shots 14 net 72 code 6 twin 0 peer 0 pub 1 hold 0 held 0 heldfund 0 resets 0 viol 0
FIREDISC517 145 at (18, 2) hp 230 ti 14 ammo 8 win 4 shots 15 net 72 code 6 twin 0 peer 0 pub 1 hold 0 held 0 heldfund 0 resets 0 viol 0
FIREDISC517 146 at (18, 2) hp 230 ti 14 ammo 8 win 4 shots 15 net 72 code 6 twin 0 peer 0 pub 1 hold 0 held 0 heldfund 0 resets 0 viol 0
FIREDISC517 147 at (18, 2) hp 230 ti 14 ammo 8 win 4 shots 15 net 72 code 6 twin 0 peer 0 pub 1 hold 0 held 0 heldfund 0 resets 0 viol 0
FIREDISC517 148 at (18, 2) hp 230 ti 14 ammo 18 win 4 shots 15 net 72 code 6 twin 0 peer 0 pub 1 hold 0 held 0 heldfund 0 resets 0 viol 0
FIREDISC517 149 at (18, 2) hp 212 ti 14 ammo 8 win 4 shots 16 net 72 code 6 twin 0 peer 0 pub 1 hold 0 held 0 heldfund 0 resets 0 viol 0
FIREDISC517 150 at (18, 2) hp 212 ti 14 ammo 8 win 4 shots 16 net 72 code 6 twin 0 peer 0 pub 1 hold 0 held 0 heldfund 0 resets 0 viol 0
FIREDISC517 151 at (18, 2) hp 212 ti 14 ammo 8 win 4 shots 16 net 72 code 6 twin 0 peer 0 pub 1 hold 0 held 0 heldfund 0 resets 0 viol 0
FIREDISC517 152 at (18, 2) hp 212 ti 14 ammo 18 win 4 shots 16 net 72 code 6 twin 0 peer 0 pub 1 hold 0 held 0 heldfund 0 resets 0 viol 0
FIREDISC517 153 at (18, 2) hp 194 ti 14 ammo 8 win 4 shots 17 net 72 code 6 twin 0 peer 0 pub 1 hold 0 held 0 heldfund 0 resets 0 viol 0
FIREDISC517 154 at (18, 2) hp 194 ti 14 ammo 8 win 4 shots 17 net 72 code 6 twin 0 peer 0 pub 1 hold 0 held 0 heldfund 0 resets 0 viol 0
FIREDISC517 155 at (18, 2) hp 194 ti 14 ammo 8 win 4 shots 17 net 72 code 6 twin 0 peer 0 pub 1 hold 0 held 0 heldfund 0 resets 0 viol 0
FIREDISC517 156 at (18, 2) hp 194 ti 14 ammo 18 win 4 shots 17 net 72 code 6 twin 0 peer 0 pub 1 hold 0 held 0 heldfund 0 resets 0 viol 0
FIREDISC517 157 at (18, 2) hp 176 ti 14 ammo 8 win 4 shots 18 net 72 code 6 twin 0 peer 0 pub 1 hold 0 held 0 heldfund 0 resets 0 viol 0
FIREDISC517 158 at (18, 2) hp 176 ti 14 ammo 8 win 4 shots 18 net 72 code 6 twin 0 peer 0 pub 1 hold 0 held 0 heldfund 0 resets 0 viol 0
FIREDISC517 159 at (18, 2) hp 176 ti 14 ammo 8 win 4 shots 18 net 72 code 6 twin 0 peer 0 pub 1 hold 0 held 0 heldfund 0 resets 0 viol 0
FIREDISC517 160 at (18, 2) hp 176 ti 14 ammo 18 win 4 shots 18 net 72 code 6 twin 0 peer 0 pub 1 hold 0 held 0 heldfund 0 resets 0 viol 0
FIREDISC517 161 at (18, 2) hp 158 ti 14 ammo 8 win 4 shots 19 net 72 code 6 twin 0 peer 0 pub 1 hold 0 held 0 heldfund 0 resets 0 viol 0
FIREDISC517 162 at (18, 2) hp 158 ti 14 ammo 8 win 4 shots 19 net 72 code 6 twin 0 peer 0 pub 1 hold 0 held 0 heldfund 0 resets 0 viol 0
FIREDISC517 163 at (18, 2) hp 158 ti 14 ammo 8 win 4 shots 19 net 72 code 6 twin 0 peer 0 pub 1 hold 0 held 0 heldfund 0 resets 0 viol 0
FIREDISC517 164 at (18, 2) hp 158 ti 14 ammo 18 win 4 shots 19 net 72 code 6 twin 0 peer 0 pub 1 hold 0 held 0 heldfund 0 resets 0 viol 0
FIREDISC517 165 at (18, 2) hp 140 ti 14 ammo 8 win 4 shots 20 net 72 code 6 twin 0 peer 0 pub 1 hold 0 held 0 heldfund 0 resets 0 viol 0
FIREDISC517 166 at (18, 2) hp 140 ti 14 ammo 8 win 4 shots 20 net 72 code 6 twin 0 peer 0 pub 1 hold 0 held 0 heldfund 0 resets 0 viol 0
FIREDISC517 167 at (18, 2) hp 140 ti 14 ammo 8 win 4 shots 20 net 72 code 6 twin 0 peer 0 pub 1 hold 0 held 0 heldfund 0 resets 0 viol 0
FIREDISC517 168 at (18, 2) hp 140 ti 14 ammo 18 win 4 shots 20 net 72 code 6 twin 0 peer 0 pub 1 hold 0 held 0 heldfund 0 resets 0 viol 0
FIREDISC517 169 at (18, 2) hp 122 ti 14 ammo 8 win 4 shots 21 net 72 code 6 twin 0 peer 0 pub 1 hold 0 held 0 heldfund 0 resets 0 viol 0
FIREDISC517 170 at (18, 2) hp 122 ti 14 ammo 8 win 4 shots 21 net 72 code 6 twin 0 peer 0 pub 1 hold 0 held 0 heldfund 0 resets 0 viol 0
FIREDISC517 171 at (18, 2) hp 122 ti 14 ammo 8 win 4 shots 21 net 72 code 6 twin 0 peer 0 pub 1 hold 0 held 0 heldfund 0 resets 0 viol 0
FIREDISC517 172 at (18, 2) hp 122 ti 14 ammo 18 win 4 shots 21 net 72 code 6 twin 0 peer 0 pub 1 hold 0 held 0 heldfund 0 resets 0 viol 0
FIREDISC517 173 at (18, 2) hp 104 ti 14 ammo 8 win 4 shots 22 net 72 code 6 twin 0 peer 0 pub 1 hold 0 held 0 heldfund 0 resets 0 viol 0
FIREDISC517 174 at (18, 2) hp 104 ti 14 ammo 8 win 4 shots 22 net 72 code 6 twin 0 peer 0 pub 1 hold 0 held 0 heldfund 0 resets 0 viol 0
FIREDISC517 175 at (18, 2) hp 104 ti 14 ammo 8 win 4 shots 22 net 72 code 6 twin 0 peer 0 pub 1 hold 0 held 0 heldfund 0 resets 0 viol 0
FIREDISC517 176 at (18, 2) hp 104 ti 14 ammo 18 win 4 shots 22 net 72 code 6 twin 0 peer 0 pub 1 hold 0 held 0 heldfund 0 resets 0 viol 0
FIREDISC517 177 at (18, 2) hp 86 ti 14 ammo 8 win 4 shots 23 net 72 code 6 twin 0 peer 0 pub 1 hold 0 held 0 heldfund 0 resets 0 viol 0
FIREDISC517 178 at (18, 2) hp 86 ti 14 ammo 8 win 4 shots 23 net 72 code 6 twin 0 peer 0 pub 1 hold 0 held 0 heldfund 0 resets 0 viol 0
FIREDISC517 179 at (18, 2) hp 86 ti 14 ammo 8 win 4 shots 23 net 72 code 6 twin 0 peer 0 pub 1 hold 0 held 0 heldfund 0 resets 0 viol 0
FIREDISC517 180 at (18, 2) hp 86 ti 14 ammo 18 win 4 shots 23 net 72 code 6 twin 0 peer 0 pub 1 hold 0 held 0 heldfund 0 resets 0 viol 0
FIREDISC517 181 at (18, 2) hp 68 ti 14 ammo 8 win 4 shots 24 net 72 code 6 twin 0 peer 0 pub 1 hold 0 held 0 heldfund 0 resets 0 viol 0
FIREDISC517 182 at (18, 2) hp 68 ti 14 ammo 8 win 4 shots 24 net 72 code 6 twin 0 peer 0 pub 1 hold 0 held 0 heldfund 0 resets 0 viol 0
FIREDISC517 183 at (18, 2) hp 68 ti 14 ammo 8 win 4 shots 24 net 72 code 6 twin 0 peer 0 pub 1 hold 0 held 0 heldfund 0 resets 0 viol 0
FIREDISC517 184 at (18, 2) hp 68 ti 14 ammo 18 win 4 shots 24 net 72 code 6 twin 0 peer 0 pub 1 hold 0 held 0 heldfund 0 resets 0 viol 0
FIREDISC517 185 at (18, 2) hp 50 ti 14 ammo 8 win 4 shots 25 net 72 code 6 twin 0 peer 0 pub 1 hold 0 held 0 heldfund 0 resets 0 viol 0
FIREDISC517 186 at (18, 2) hp 50 ti 14 ammo 8 win 4 shots 25 net 72 code 6 twin 0 peer 0 pub 1 hold 0 held 0 heldfund 0 resets 0 viol 0
FIREDISC517 187 at (18, 2) hp 50 ti 14 ammo 8 win 4 shots 25 net 72 code 6 twin 0 peer 0 pub 1 hold 0 held 0 heldfund 0 resets 0 viol 0
FIREDISC517 188 at (18, 2) hp 50 ti 14 ammo 18 win 4 shots 25 net 72 code 6 twin 0 peer 0 pub 1 hold 0 held 0 heldfund 0 resets 0 viol 0
FIREDISC517 189 at (18, 2) hp 32 ti 14 ammo 8 win 4 shots 26 net 72 code 6 twin 0 peer 0 pub 1 hold 0 held 0 heldfund 0 resets 0 viol 0
FIREDISC517 190 at (18, 2) hp 32 ti 14 ammo 8 win 4 shots 26 net 72 code 6 twin 0 peer 0 pub 1 hold 0 held 0 heldfund 0 resets 0 viol 0
FIREDISC517 191 at (18, 2) hp 32 ti 14 ammo 8 win 4 shots 26 net 72 code 6 twin 0 peer 0 pub 1 hold 0 held 0 heldfund 0 resets 0 viol 0
FIREDISC517 192 at (18, 2) hp 32 ti 14 ammo 18 win 4 shots 26 net 72 code 6 twin 0 peer 0 pub 1 hold 0 held 0 heldfund 0 resets 0 viol 0
FIREDISC517 193 at (18, 2) hp 14 ti 14 ammo 8 win 4 shots 27 net 72 code 6 twin 0 peer 0 pub 1 hold 0 held 0 heldfund 0 resets 0 viol 0
FIREDISC517 194 at (18, 2) hp 14 ti 14 ammo 8 win 4 shots 27 net 72 code 6 twin 0 peer 0 pub 1 hold 0 held 0 heldfund 0 resets 0 viol 0
FIREDISC517 195 at (18, 2) hp 14 ti 14 ammo 8 win 4 shots 27 net 72 code 6 twin 0 peer 0 pub 1 hold 0 held 0 heldfund 0 resets 0 viol 0
FIREDISC517 196 at (18, 2) hp 14 ti 14 ammo 18 win 4 shots 27 net 72 code 6 twin 0 peer 0 pub 1 hold 0 held 0 heldfund 0 resets 0 viol 0
