Update available: 2.3.6 -> 2.3.8. Run: pip install --upgrade fcode
TWIN517 169 at (6, 9) hold 0 live 1 floor 4 rebuy 24 ti 28 cost 76 n 1
FIREDISC517 170 at (6, 9) hp 500 ti 24 ammo 300 win 0 shots 0 net None code 0 twin 0 peer 0 pub 1 hold 0 held 0 heldfund 0 resets 0 viol 0
FIREDISC517 171 at (6, 9) hp 482 ti 23 ammo 290 win 1 shots 1 net None code 0 twin 0 peer 0 pub 1 hold 0 held 0 heldfund 0 resets 0 viol 0
FIREDISC517 172 at (6, 9) hp 482 ti 43 ammo 290 win 1 shots 1 net None code 0 twin 0 peer 0 pub 1 hold 0 held 0 heldfund 0 resets 0 viol 0
FIREDISC517 173 at (6, 9) hp 464 ti 42 ammo 280 win 2 shots 2 net None code 0 twin 0 peer 0 pub 1 hold 0 held 0 heldfund 0 resets 0 viol 0
FIREDISC517 174 at (6, 9) hp 464 ti 40 ammo 280 win 2 shots 2 net None code 0 twin 0 peer 0 pub 1 hold 0 held 0 heldfund 0 resets 0 viol 0
FIREDISC517 175 at (6, 9) hp 446 ti 38 ammo 270 win 3 shots 3 net None code 0 twin 0 peer 0 pub 1 hold 0 held 0 heldfund 0 resets 0 viol 0
FIREDISC517 176 at (6, 9) hp 446 ti 58 ammo 270 win 3 shots 3 net None code 0 twin 0 peer 0 pub 1 hold 0 held 0 heldfund 0 resets 0 viol 0
FIREDISC517 177 at (6, 9) hp 428 ti 57 ammo 260 win 4 shots 4 net 72 code 6 twin 0 peer 0 pub 1 hold 0 held 0 heldfund 0 resets 0 viol 0
FIREDISC517 178 at (6, 9) hp 428 ti 54 ammo 260 win 4 shots 4 net 72 code 6 twin 0 peer 0 pub 1 hold 0 held 0 heldfund 0 resets 0 viol 0
FIREDISC517 179 at (6, 9) hp 410 ti 53 ammo 250 win 4 shots 5 net 72 code 6 twin 0 peer 0 pub 1 hold 0 held 0 heldfund 0 resets 0 viol 0
FIREDISC517 180 at (6, 9) hp 410 ti 73 ammo 250 win 4 shots 5 net 72 code 6 twin 0 peer 0 pub 1 hold 0 held 0 heldfund 0 resets 0 viol 0
FIREDISC517 181 at (6, 9) hp 392 ti 72 ammo 240 win 4 shots 6 net 72 code 6 twin 0 peer 0 pub 1 hold 0 held 0 heldfund 0 resets 0 viol 0
FIREDISC517 182 at (6, 9) hp 392 ti 70 ammo 240 win 4 shots 6 net 72 code 6 twin 0 peer 0 pub 1 hold 0 held 0 heldfund 0 resets 0 viol 0
FIREDISC517 183 at (6, 9) hp 374 ti 68 ammo 230 win 4 shots 7 net 72 code 6 twin 0 peer 0 pub 1 hold 0 held 0 heldfund 0 resets 0 viol 0
FIREDISC517 184 at (6, 9) hp 374 ti 86 ammo 232 win 4 shots 7 net 72 code 6 twin 0 peer 0 pub 1 hold 0 held 0 heldfund 0 resets 0 viol 0
FIREDISC517 185 at (6, 9) hp 356 ti 30 ammo 222 win 4 shots 8 net 72 code 6 twin 0 peer 0 pub 1 hold 0 held 0 heldfund 0 resets 0 viol 0
FIREDISC517 186 at (6, 9) hp 356 ti 27 ammo 222 win 4 shots 8 net 72 code 6 twin 0 peer 0 pub 1 hold 0 held 0 heldfund 0 resets 0 viol 0
FIREDISC517 187 at (6, 9) hp 338 ti 26 ammo 212 win 4 shots 9 net 72 code 6 twin 0 peer 0 pub 1 hold 0 held 0 heldfund 0 resets 0 viol 0
FIREDISC517 188 at (6, 9) hp 338 ti 46 ammo 212 win 4 shots 9 net 72 code 6 twin 0 peer 0 pub 1 hold 0 held 0 heldfund 0 resets 0 viol 0
FIREDISC517 189 at (6, 9) hp 320 ti 45 ammo 202 win 4 shots 10 net 72 code 6 twin 0 peer 0 pub 1 hold 0 held 0 heldfund 0 resets 0 viol 0
FIREDISC517 190 at (6, 9) hp 320 ti 43 ammo 202 win 4 shots 10 net 72 code 6 twin 0 peer 0 pub 1 hold 0 held 0 heldfund 0 resets 0 viol 0
FIREDISC517 191 at (6, 9) hp 302 ti 41 ammo 192 win 4 shots 11 net 72 code 6 twin 0 peer 0 pub 1 hold 0 held 0 heldfund 0 resets 0 viol 0
FIREDISC517 192 at (6, 9) hp 302 ti 61 ammo 192 win 4 shots 11 net 72 code 6 twin 0 peer 0 pub 1 hold 0 held 0 heldfund 0 resets 0 viol 0
FIREDISC517 193 at (6, 9) hp 284 ti 60 ammo 182 win 4 shots 12 net 72 code 6 twin 0 peer 0 pub 1 hold 0 held 0 heldfund 0 resets 0 viol 0
FIREDISC517 194 at (6, 9) hp 284 ti 57 ammo 182 win 4 shots 12 net 72 code 6 twin 0 peer 0 pub 1 hold 0 held 0 heldfund 0 resets 0 viol 0
FIREDISC517 195 at (6, 9) hp 266 ti 56 ammo 172 win 4 shots 13 net 72 code 6 twin 0 peer 0 pub 1 hold 0 held 0 heldfund 0 resets 0 viol 0
FIREDISC517 196 at (6, 9) hp 266 ti 76 ammo 172 win 4 shots 13 net 72 code 6 twin 0 peer 0 pub 1 hold 0 held 0 heldfund 0 resets 0 viol 0
FIREDISC517 197 at (6, 9) hp 248 ti 75 ammo 162 win 4 shots 14 net 72 code 6 twin 0 peer 0 pub 1 hold 0 held 0 heldfund 0 resets 0 viol 0
FIREDISC517 198 at (6, 9) hp 248 ti 73 ammo 162 win 4 shots 14 net 72 code 6 twin 0 peer 0 pub 1 hold 0 held 0 heldfund 0 resets 0 viol 0
FIREDISC517 199 at (6, 9) hp 230 ti 71 ammo 152 win 4 shots 15 net 72 code 6 twin 0 peer 0 pub 1 hold 0 held 0 heldfund 0 resets 0 viol 0
FIREDISC517 200 at (6, 9) hp 230 ti 89 ammo 154 win 4 shots 15 net 72 code 6 twin 0 peer 0 pub 1 hold 0 held 0 heldfund 0 resets 0 viol 0
FIREDISC517 201 at (6, 9) hp 212 ti 58 ammo 174 win 4 shots 16 net 72 code 6 twin 0 peer 0 pub 1 hold 0 held 0 heldfund 0 resets 0 viol 0
FIREDISC517 202 at (6, 9) hp 212 ti 55 ammo 174 win 4 shots 16 net 72 code 6 twin 0 peer 0 pub 1 hold 0 held 0 heldfund 0 resets 0 viol 0
FIREDISC517 203 at (6, 9) hp 194 ti 54 ammo 164 win 4 shots 17 net 72 code 6 twin 0 peer 0 pub 1 hold 0 held 0 heldfund 0 resets 0 viol 0
FIREDISC517 204 at (6, 9) hp 194 ti 74 ammo 164 win 4 shots 17 net 72 code 6 twin 0 peer 0 pub 1 hold 0 held 0 heldfund 0 resets 0 viol 0
FIREDISC517 205 at (6, 9) hp 176 ti 73 ammo 154 win 4 shots 18 net 72 code 6 twin 0 peer 0 pub 1 hold 0 held 0 heldfund 0 resets 0 viol 0
FIREDISC517 206 at (6, 9) hp 176 ti 71 ammo 154 win 4 shots 18 net 72 code 6 twin 0 peer 0 pub 1 hold 0 held 0 heldfund 0 resets 0 viol 0
FIREDISC517 207 at (6, 9) hp 158 ti 39 ammo 174 win 4 shots 19 net 72 code 6 twin 0 peer 0 pub 1 hold 0 held 0 heldfund 0 resets 0 viol 0
FIREDISC517 208 at (6, 9) hp 158 ti 59 ammo 174 win 4 shots 19 net 72 code 6 twin 0 peer 0 pub 1 hold 0 held 0 heldfund 0 resets 0 viol 0
FIREDISC517 209 at (6, 9) hp 140 ti 58 ammo 164 win 4 shots 20 net 72 code 6 twin 0 peer 0 pub 1 hold 0 held 0 heldfund 0 resets 0 viol 0
FIREDISC517 210 at (6, 9) hp 140 ti 55 ammo 164 win 4 shots 20 net 72 code 6 twin 0 peer 0 pub 1 hold 0 held 0 heldfund 0 resets 0 viol 0
FIREDISC517 211 at (6, 9) hp 122 ti 46 ammo 154 win 4 shots 21 net 72 code 6 twin 0 peer 0 pub 1 hold 0 held 0 heldfund 0 resets 0 viol 0
FIREDISC517 212 at (6, 9) hp 122 ti 66 ammo 154 win 4 shots 21 net 72 code 6 twin 0 peer 0 pub 1 hold 0 held 0 heldfund 0 resets 0 viol 0
FIREDISC517 213 at (6, 9) hp 104 ti 35 ammo 174 win 4 shots 22 net 72 code 6 twin 0 peer 0 pub 1 hold 0 held 0 heldfund 0 resets 0 viol 0
FIREDISC517 214 at (6, 9) hp 104 ti 33 ammo 174 win 4 shots 22 net 72 code 6 twin 0 peer 0 pub 1 hold 0 held 0 heldfund 0 resets 0 viol 0
FIREDISC517 215 at (6, 9) hp 86 ti 31 ammo 164 win 4 shots 23 net 72 code 6 twin 0 peer 0 pub 1 hold 0 held 0 heldfund 0 resets 0 viol 0
FIREDISC517 216 at (6, 9) hp 86 ti 51 ammo 164 win 4 shots 23 net 72 code 6 twin 0 peer 0 pub 1 hold 0 held 0 heldfund 0 resets 0 viol 0
FIREDISC517 217 at (6, 9) hp 68 ti 50 ammo 154 win 4 shots 24 net 72 code 6 twin 0 peer 0 pub 1 hold 0 held 0 heldfund 0 resets 0 viol 0
FIREDISC517 218 at (6, 9) hp 68 ti 47 ammo 154 win 4 shots 24 net 72 code 6 twin 0 peer 0 pub 1 hold 0 held 0 heldfund 0 resets 0 viol 0
FIREDISC517 219 at (6, 9) hp 50 ti 16 ammo 174 win 4 shots 25 net 72 code 6 twin 0 peer 0 pub 1 hold 0 held 0 heldfund 0 resets 0 viol 0
FIREDISC517 220 at (6, 9) hp 50 ti 36 ammo 174 win 4 shots 25 net 72 code 6 twin 0 peer 0 pub 1 hold 0 held 0 heldfund 0 resets 0 viol 0
FIREDISC517 221 at (6, 9) hp 32 ti 35 ammo 164 win 4 shots 26 net 72 code 6 twin 0 peer 0 pub 1 hold 0 held 0 heldfund 0 resets 0 viol 0
FIREDISC517 222 at (6, 9) hp 32 ti 33 ammo 164 win 4 shots 26 net 72 code 6 twin 0 peer 0 pub 1 hold 0 held 0 heldfund 0 resets 0 viol 0
FIREDISC517 223 at (6, 9) hp 14 ti 31 ammo 154 win 4 shots 27 net 72 code 6 twin 0 peer 0 pub 1 hold 0 held 0 heldfund 0 resets 0 viol 0
FIREDISC517 224 at (6, 9) hp 14 ti 51 ammo 154 win 4 shots 27 net 72 code 6 twin 0 peer 0 pub 1 hold 0 held 0 heldfund 0 resets 0 viol 0
