ARM m1_fired done 07:15:44Z
ARM m1_off done 07:16:00Z
ARM m1_holdoff done 07:16:21Z
ARM m3_fired done 07:16:40Z
ARM m3_off done 07:16:58Z
ARM m2_fired done 07:17:15Z
ARM m2_off done 07:17:31Z
ARM flagoff done 07:18:09Z
ARM parent515 done 07:18:45Z
MECH DONE 2026-08-18T07:18:45Z
GATED _v516teardown done 07:18:59Z
GATED parent515 done 07:19:13Z
GATED DONE 2026-08-18T07:19:13Z
BLOCK 1 done 07:19:46Z
BLOCK 2 done 07:20:21Z
BLOCK 3 done 07:20:56Z
BLOCK 4 done 07:21:35Z
BLOCK 5 done 07:22:13Z
BLOCK 6 done 07:22:45Z
BLOCK 7 done 07:23:19Z
BLOCK 8 done 07:23:54Z
BLOCK 9 done 07:24:34Z
BLOCK 10 done 07:25:08Z
BLOCK 11 done 07:25:47Z
BLOCK 12 done 07:26:23Z
BLOCK 13 done 07:26:57Z
BLOCK 14 done 07:27:37Z
BLOCK 15 done 07:28:17Z
HEADLINE DONE 2026-08-18T07:28:17Z
