atoll_s43_A	atoll	43	A	OPP	_v488beltbreak2	Core destroyed	202	0	970	1740
atoll_s43_B	atoll	43	B	OPP	_v488beltbreak2	Core destroyed	207	0	320	570
atoll_s44_A	atoll	44	A	US	parent	Core destroyed	629	0	5800	1370
atoll_s44_B	atoll	44	B	US	parent	Core destroyed	645	0	2650	2500
atoll_s45_A	atoll	45	A	US	parent	Core destroyed	161	0	580	350
atoll_s45_B	atoll	45	B	OPP	_v488beltbreak2	Core destroyed	175	0	540	1740
drakkarfjord_s43_A	drakkarfjord	43	A	US	parent	Core destroyed	169	0	550	210
drakkarfjord_s43_B	drakkarfjord	43	B	US	parent	Core destroyed	101	0	280	0
drakkarfjord_s44_A	drakkarfjord	44	A	US	parent	Core destroyed	103	0	300	0
drakkarfjord_s44_B	drakkarfjord	44	B	US	parent	Core destroyed	314	0	3520	0
drakkarfjord_s45_A	drakkarfjord	45	A	US	parent	Core destroyed	137	0	580	0
drakkarfjord_s45_B	drakkarfjord	45	B	US	parent	Core destroyed	614	0	3650	0
glacierkeep_s43_A	glacierkeep	43	A	US	parent	Core destroyed	111	0	240	0
glacierkeep_s43_B	glacierkeep	43	B	US	parent	Core destroyed	217	0	0	0
glacierkeep_s44_A	glacierkeep	44	A	US	parent	Core destroyed	126	0	330	0
glacierkeep_s44_B	glacierkeep	44	B	US	parent	Core destroyed	629	0	320	0
glacierkeep_s45_A	glacierkeep	45	A	US	parent	Core destroyed	123	0	300	0
glacierkeep_s45_B	glacierkeep	45	B	OPP	_v488beltbreak2	Core destroyed	769	0	0	0
midgard_s43_A	midgard	43	A	US	parent	Core destroyed	177	0	800	570
midgard_s43_B	midgard	43	B	US	parent	Core destroyed	259	0	2820	1970
midgard_s44_A	midgard	44	A	US	parent	Core destroyed	454	0	1320	1580
midgard_s44_B	midgard	44	B	OPP	_v488beltbreak2	Core destroyed	196	0	730	1420
midgard_s45_A	midgard	45	A	US	parent	Core destroyed	261	0	800	650
midgard_s45_B	midgard	45	B	US	parent	Core destroyed	195	0	1690	870
nordkap_s43_A	nordkap	43	A	US	parent	Core destroyed	253	0	1540	420
nordkap_s43_B	nordkap	43	B	US	parent	Core destroyed	186	0	380	10
nordkap_s44_A	nordkap	44	A	US	parent	Core destroyed	108	0	420	60
nordkap_s44_B	nordkap	44	B	OPP	_v488beltbreak2	Core destroyed	274	0	190	1710
nordkap_s45_A	nordkap	45	A	US	parent	Core destroyed	578	0	3620	1000
nordkap_s45_B	nordkap	45	B	US	parent	Core destroyed	117	0	170	10
yulerune_s43_A	yulerune	43	A	US	parent	Core destroyed	377	0	400	580
yulerune_s43_B	yulerune	43	B	OPP	_v488beltbreak2	Core destroyed	233	0	510	1290
yulerune_s44_A	yulerune	44	A	OPP	_v488beltbreak2	Core destroyed	184	0	600	1300
yulerune_s44_B	yulerune	44	B	US	parent	Titanium collected (tiebreak)	1000	0	580	520
yulerune_s45_A	yulerune	45	A	OPP	_v488beltbreak2	Core destroyed	660	0	440	1450
yulerune_s45_B	yulerune	45	B	OPP	_v488beltbreak2	Core destroyed	366	0	330	1110
