Running match: _v488beltbreak2 vs flagoff
  Map: glacierkeep.map26  Seed: 37  Replay: 
scratchpad/s51_v523_build/grid/b13/repflagoff/glacierkeep_s37_B.replay26  TLE: 
10ms
Completed turn 0
Completed turn 100
Completed turn 200
Completed turn 300
Completed turn 400
Completed turn 500
Completed turn 600
Completed turn 700
Completed turn 800
Completed turn 900
Replay written to 
scratchpad/s51_v523_build/grid/b13/repflagoff/glacierkeep_s37_B.replay26

  Winner: flagoff  (Titanium collected (tiebreak), turn 1000)

               _v488beltbreak2           flagoff  
  Titanium       160 (0 mined)    98 (130 mined)  
  Units                      7                 6  
  Buildings                108               125  

