Update available: 2.3.6 -> 2.3.8. Run: pip install --upgrade fcode
FS GATE 0 sig (30, 30, (14, 2), (14, 26)) ok 1
FS GATE 1 sig (30, 30, (14, 2), (14, 26)) ok 1
FS PHASE 1 id 4 ph 1 d 484 at (14, 25)
FS HOPBUILD 1 at (14, 25) lch (14, 24) T (16, 1)
FS GATE 2 sig (30, 30, (14, 2), (14, 26)) ok 1
FS GATE 2 sig (30, 30, (14, 2), (14, 26)) ok 1
FS THROW 2 from (15, 25) to (15, 19) T (16, 1)
FS HOPBUILD 3 at (15, 19) lch (15, 18) T (16, 1)
FS GATE 3 sig (30, 30, (14, 2), (14, 26)) ok 1
FS GATE 4 sig (30, 30, (14, 2), (14, 26)) ok 1
FS PHASE 4 id 11 ph 1 d 484 at (14, 25)
FS HOPBUILD 4 at (14, 25) lch (14, 24) T (16, 1)
FS GATE 4 sig (30, 30, (14, 2), (14, 26)) ok 1
FS THROW 4 from (16, 19) to (16, 13) T (16, 1)
FS HOPBUILD 5 at (16, 13) lch (16, 12) T (16, 1)
FS GATE 5 sig (30, 30, (14, 2), (14, 26)) ok 1
FS THROW 5 from (15, 25) to (15, 19) T (16, 1)
FS HOPBUILD 6 at (15, 19) lch (15, 18) T (16, 1)
FS GATE 6 sig (30, 30, (14, 2), (14, 26)) ok 1
FS GATE 7 sig (30, 30, (14, 2), (14, 26)) ok 1
FS THROW 7 from (16, 19) to (15, 13) T (16, 1)
FS THROW 8 from (15, 12) to (16, 7) T (16, 1)
FS HOPBUILD 9 at (16, 13) lch (16, 12) T (16, 1)
FS HOPBUILD 9 at (16, 7) lch (16, 6) T (16, 1)
FS PROMOTE 10 id 11
FS GATE 10 sig (30, 30, (14, 2), (14, 26)) ok 1
FS GATE 10 sig (30, 30, (14, 2), (14, 26)) ok 1
FS THROW 10 from (16, 7) to (16, 1) T (16, 1)
FS PHASE 11 id 11 ph 2 d 2 at (16, 1)
FS SEAL 11 tile (15, 1) n 1
FS SEAL 12 tile (16, 2) n 2
FS DODGE 13 id 11 from (16, 1) to (17, 1) cov 1 -> 0 hit 0 hp 40
FS GATE 13 sig (30, 30, (14, 2), (14, 26)) ok 1
FS SEAL 16 tile (16, 3) n 3
FS SEAL 18 tile (16, 2) n 4
FS STAT 20 id 11 at (17, 3) need 6 orth 5 ti 59 ammo 0 sen 0 hp 40
FS DODGE 22 id 11 from (16, 4) to (17, 4) cov 1 -> 0 hit 0 hp 22
FS DODGE 25 id 11 from (16, 5) to (15, 5) cov 1 -> 0 hit 0 hp 22
FS SEAL 32 tile (15, 4) n 5
FS DEGRADE 36 id 4
FS SEAL 36 tile (14, 4) n 6
FS SEAL 39 tile (13, 3) n 7
FS STAT 40 id 11 at (13, 4) need 5 orth 4 ti 11 ammo 0 sen 0 hp 22
FS SEAL 44 tile (13, 2) n 8
FS SEAL 46 tile (13, 1) n 9
FS SEAL 52 tile (14, 1) n 10
FS PHASE 53 id 11 ph 3 d 4 at (14, 0)
FS PHASE 55 id 11 ph 2 d 8 at (12, 0)
FS PHASE 56 id 11 ph 3 d 5 at (12, 1)
FS SEAL 59 tile (13, 4) n 11
FS STAT 60 id 11 at (12, 4) need 1 orth 0 ti 15 ammo 0 sen 0 hp 22
FS PHASE 61 id 11 ph 2 d 8 at (12, 5)
FS PHASE 62 id 11 ph 3 d 5 at (12, 4)
FS PHASE 63 id 11 ph 2 d 8 at (12, 5)
FS PHASE 64 id 11 ph 3 d 5 at (12, 4)
FS PHASE 65 id 11 ph 2 d 8 at (12, 5)
FS PHASE 66 id 11 ph 3 d 5 at (12, 4)
FS PHASE 67 id 11 ph 2 d 8 at (12, 5)
FS PHASE 68 id 11 ph 3 d 5 at (12, 4)
FS PHASE 69 id 11 ph 2 d 8 at (12, 5)
FS PHASE 70 id 11 ph 3 d 5 at (12, 4)
FS PHASE 71 id 11 ph 2 d 8 at (12, 5)
FS PHASE 72 id 11 ph 3 d 5 at (12, 4)
FS PHASE 73 id 11 ph 2 d 8 at (12, 5)
FS PHASE 74 id 11 ph 3 d 5 at (12, 4)
FS PHASE 75 id 11 ph 2 d 8 at (12, 5)
FS PHASE 76 id 11 ph 3 d 5 at (12, 4)
FS PHASE 77 id 11 ph 2 d 8 at (12, 5)
FS PHASE 78 id 11 ph 3 d 5 at (12, 4)
FS PHASE 79 id 11 ph 2 d 8 at (12, 5)
FS PHASE 80 id 11 ph 3 d 5 at (12, 4)
FS STAT 80 id 11 at (12, 4) need 1 orth 0 ti 17 ammo 24 sen 0 hp 22
FS PHASE 81 id 11 ph 2 d 8 at (12, 5)
FS PHASE 82 id 11 ph 3 d 5 at (12, 4)
FS PHASE 83 id 11 ph 2 d 8 at (12, 5)
FS PHASE 84 id 11 ph 3 d 5 at (12, 4)
FS PHASE 85 id 11 ph 2 d 8 at (12, 5)
FS PHASE 86 id 11 ph 3 d 5 at (12, 4)
FS PHASE 87 id 11 ph 2 d 8 at (12, 5)
FS PHASE 88 id 11 ph 3 d 5 at (12, 4)
FS PHASE 89 id 11 ph 2 d 8 at (12, 5)
FS PHASE 90 id 11 ph 3 d 5 at (12, 4)
FS PHASE 91 id 11 ph 2 d 8 at (12, 5)
FS PHASE 92 id 11 ph 3 d 5 at (12, 4)
FS PHASE 93 id 11 ph 2 d 8 at (12, 5)
FS PHASE 94 id 11 ph 3 d 5 at (12, 4)
FS PHASE 95 id 11 ph 2 d 8 at (12, 5)
FS PHASE 96 id 11 ph 3 d 5 at (12, 4)
FS PHASE 97 id 11 ph 2 d 8 at (12, 5)
FS PHASE 98 id 11 ph 3 d 5 at (12, 4)
FS PHASE 99 id 11 ph 2 d 8 at (12, 5)
FS PHASE 100 id 11 ph 3 d 5 at (12, 4)
FS STAT 100 id 11 at (12, 4) need 1 orth 0 ti 67 ammo 24 sen 0 hp 22
FS PHASE 101 id 11 ph 2 d 8 at (12, 5)
FS EVICTOR 104 at (12, 3) cov 2
FS RUNG 104 id 11 r 2 hi -
FS GATE 105 sig (30, 30, (14, 2), (14, 26)) ok 1
FS RETREAT 114 id 11 hp 4 from (16, 5) to (16, 6)
FS RETREAT 116 id 11 hp 4 from (16, 5) to (16, 6)
FS GATE 201 sig (30, 30, (14, 2), (14, 26)) ok 1
FS PHASE 201 id 193 ph 1 d 530 at (16, 26)
FS HOPBUILD 201 at (16, 26) lch (16, 25) T (16, 1)
FS GATE 202 sig (30, 30, (14, 2), (14, 26)) ok 1
FS THROW 202 from (16, 26) to (16, 20) T (16, 1)
FS HOPBUILD 211 at (16, 14) lch (16, 13) T (16, 1)
FS GATE 212 sig (30, 30, (14, 2), (14, 26)) ok 1
FS THROW 212 from (16, 14) to (16, 8) T (16, 1)
FS HOPBUILD 214 at (16, 7) lch (16, 6) T (16, 1)
FS GATE 215 sig (30, 30, (14, 2), (14, 26)) ok 1
FS THROW 215 from (16, 7) to (16, 1) T (16, 1)
FS PHASE 216 id 193 ph 2 d 2 at (16, 1)
FS DODGE 217 id 193 from (16, 2) to (17, 2) cov 1 -> 0 hit 0 hp 22
FS SEAL 218 tile (16, 2) n 1
FS STAT 220 id 193 at (17, 3) need 1 orth 1 ti 52 ammo 24 sen 0 hp 22
FS SEAL 220 tile (16, 3) n 2
FS PHASE 221 id 193 ph 3 d 4 at (17, 3)
FS SEAL 222 tile (16, 4) n 3
FS PHASE 224 id 193 ph 2 d 8 at (17, 5)
FS SEAL 227 tile (16, 2) n 4
FS PHASE 228 id 193 ph 3 d 4 at (17, 2)
FS SENTINEL 228 at (17, 3) face WEST tgt (14, 3) score 9 n 1 onring 0
FS RUNG 228 id 193 r 4 hi -
FS PHASE 229 id 193 ph 4 d 4 at (17, 2)
FS SEAL 235 tile (16, 2) n 5
FS STAT 240 id 193 at (17, 2) need 1 orth 1 ti 18 ammo 80 sen 1 hp 22
FS SEAL 240 tile (16, 2) n 6
FS SEAL 251 tile (16, 2) n 7
FS STAT 260 id 193 at (17, 2) need 1 orth 1 ti 18 ammo 162 sen 1 hp 22
FS SEAL 260 tile (16, 2) n 8
FS SEAL 271 tile (16, 2) n 9
FS STAT 280 id 193 at (17, 2) need 2 orth 2 ti 95 ammo 167 sen 1 hp 22
FS SEAL 280 tile (16, 2) n 10
