Update available: 2.3.6 -> 2.3.8. Run: pip install --upgrade fcode
FS GATE 0 sig (30, 30, (2, 24), (26, 4)) ok 1
FS GATE 1 sig (30, 30, (2, 24), (26, 4)) ok 1
FS PHASE 1 id 4 ph 1 d 808 at (25, 6)
FS HOPBUILD 1 at (25, 6) lch (24, 6) T (1, 26)
FS GATE 2 sig (30, 30, (2, 24), (26, 4)) ok 1
FS GATE 2 sig (30, 30, (2, 24), (26, 4)) ok 1
FS THROW 2 from (25, 7) to (20, 9) T (1, 26)
FS HOPBUILD 3 at (20, 9) lch (19, 9) T (1, 26)
FS GATE 3 sig (30, 30, (2, 24), (26, 4)) ok 1
FS GATE 4 sig (30, 30, (2, 24), (26, 4)) ok 1
FS PHASE 4 id 11 ph 1 d 808 at (25, 6)
FS HOPBUILD 4 at (25, 6) lch (24, 6) T (1, 26)
FS GATE 4 sig (30, 30, (2, 24), (26, 4)) ok 1
FS THROW 4 from (20, 10) to (15, 12) T (1, 26)
FS HOPBUILD 5 at (15, 12) lch (15, 13) T (1, 26)
FS GATE 5 sig (30, 30, (2, 24), (26, 4)) ok 1
FS THROW 5 from (25, 7) to (20, 9) T (1, 26)
FS HOPBUILD 6 at (20, 9) lch (19, 9) T (1, 26)
FS GATE 6 sig (30, 30, (2, 24), (26, 4)) ok 1
FS GATE 7 sig (30, 30, (2, 24), (26, 4)) ok 1
FS THROW 7 from (20, 10) to (15, 12) T (1, 26)
FS THROW 8 from (15, 12) to (11, 16) T (1, 26)
FS HOPBUILD 9 at (11, 16) lch (11, 17) T (1, 26)
FS HOPBUILD 10 at (15, 12) lch (15, 13) T (1, 26)
FS PROMOTE 10 id 11
FS GATE 10 sig (30, 30, (2, 24), (26, 4)) ok 1
FS THROW 10 from (10, 16) to (7, 20) T (1, 26)
FS HOPBUILD 11 at (7, 20) lch (7, 21) T (1, 26)
FS GATE 11 sig (30, 30, (2, 24), (26, 4)) ok 1
FS GATE 12 sig (30, 30, (2, 24), (26, 4)) ok 1
FS THROW 12 from (6, 20) to (4, 25) T (1, 26)
FS PHASE 13 id 11 ph 2 d 1 at (4, 25)
FS STAT 20 id 11 at (4, 26) need 9 orth 8 ti 29 ammo 0 sen 0 hp 22
FS SEAL 29 tile (3, 26) n 1
FS SEAL 33 tile (2, 26) n 2
FS DODGE 34 id 11 from (2, 27) to (1, 27) cov 1 -> 0 hit 0 hp 22
FS DODGE 36 id 11 from (1, 26) to (1, 25) cov 1 -> 0 hit 0 hp 22
FS SEAL 37 tile (1, 24) n 3
FS DEGRADE 38 id 4
FS SEAL 39 tile (1, 25) n 4
FS STAT 40 id 11 at (0, 25) need 6 orth 5 ti 40 ammo 0 sen 0 hp 22
FS SEAL 42 tile (1, 23) n 5
FS SEAL 46 tile (2, 23) n 6
FS DODGE 50 id 11 from (3, 22) to (3, 23) cov 1 -> 0 hit 0 hp 22
FS DODGE 52 id 11 from (4, 23) to (3, 23) cov 1 -> 0 hit 0 hp 4
FS GATE 110 sig (30, 30, (2, 24), (26, 4)) ok 1
FS PHASE 110 id 254 ph 1 d 949 at (28, 6)
FS HOPBUILD 115 at (24, 7) lch (23, 7) T (1, 26)
FS GATE 116 sig (30, 30, (2, 24), (26, 4)) ok 1
FS THROW 116 from (24, 8) to (19, 10) T (1, 26)
FS HOPBUILD 117 at (19, 10) lch (19, 11) T (1, 26)
FS GATE 118 sig (30, 30, (2, 24), (26, 4)) ok 1
FS THROW 118 from (19, 10) to (15, 14) T (1, 26)
FS THROW 119 from (15, 14) to (11, 16) T (1, 26)
FS HOPBUILD 123 at (9, 18) lch (9, 19) T (1, 26)
FS GATE 124 sig (30, 30, (2, 24), (26, 4)) ok 1
FS THROW 124 from (8, 18) to (5, 22) T (1, 26)
FS PHASE 125 id 254 ph 2 d 8 at (5, 22)
FS DODGE 126 id 254 from (4, 22) to (3, 22) cov 1 -> 0 hit 0 hp 22
FS CLEAR 127 tile (3, 23) peck 1
FS RUNG 127 id 254 r 3 hi -
FS CLEAR 128 tile (3, 23) peck 2
FS RUNG 128 id 254 r 3 hi -
FS CLEAR 129 tile (3, 23) peck 3
FS RUNG 129 id 254 r 3 hi -
FS CLEAR 130 tile (3, 23) peck 4
FS RUNG 130 id 254 r 3 hi -
FS CLEAR 131 tile (3, 23) peck 5
FS RUNG 131 id 254 r 3 hi -
FS CLEAR 132 tile (3, 23) peck 6
FS RUNG 132 id 254 r 3 hi -
FS CLEAR 133 tile (3, 23) peck 7
FS RUNG 133 id 254 r 3 hi -
FS CLEAR 134 tile (3, 23) peck 8
FS RUNG 134 id 254 r 3 hi -
FS CLEAR 136 tile (2, 23) peck 1
FS RUNG 136 id 254 r 3 hi -
FS CLEAR 137 tile (2, 23) peck 2
FS RUNG 137 id 254 r 3 hi -
FS CLEAR 138 tile (2, 23) peck 3
FS RUNG 138 id 254 r 3 hi -
FS CLEAR 139 tile (2, 23) peck 4
FS RUNG 139 id 254 r 3 hi -
FS STAT 140 id 254 at (3, 23) need 5 orth 5 ti 105 ammo 24 sen 0 hp 22
FS CLEAR 140 tile (2, 23) peck 5
FS RUNG 140 id 254 r 3 hi -
FS CLEAR 141 tile (2, 23) peck 6
FS RUNG 141 id 254 r 3 hi -
FS CLEAR 142 tile (2, 23) peck 7
FS RUNG 142 id 254 r 3 hi -
FS CLEAR 143 tile (2, 23) peck 8
FS RUNG 143 id 254 r 3 hi -
FS CLEAR 145 tile (3, 23) peck 1
FS RUNG 145 id 254 r 3 hi -
FS CLEAR 146 tile (3, 23) peck 2
FS RUNG 146 id 254 r 3 hi -
FS CLEARED 147 tile (3, 23) n 1
FS SEAL 147 tile (3, 23) n 1
FS SEALCLR 147 tile (3, 23) lag 0
FS DODGE 149 id 254 from (4, 22) to (3, 22) cov 1 -> 0 hit 0 hp 4
FS GATE 181 sig (30, 30, (2, 24), (26, 4)) ok 1
FS PHASE 181 id 437 ph 1 d 1066 at (28, 3)
FS HOPBUILD 184 at (26, 2) lch (25, 2) T (1, 26)
FS GATE 185 sig (30, 30, (2, 24), (26, 4)) ok 1
FS THROW 185 from (26, 2) to (21, 5) T (1, 26)
FS HOPBUILD 200 at (15, 13) lch (15, 14) T (1, 26)
FS GATE 201 sig (30, 30, (2, 24), (26, 4)) ok 1
FS THROW 201 from (15, 13) to (11, 17) T (1, 26)
FS HOPBUILD 207 at (8, 19) lch (8, 20) T (1, 26)
FS GATE 208 sig (30, 30, (2, 24), (26, 4)) ok 1
FS THROW 208 from (7, 19) to (4, 23) T (1, 26)
FS PHASE 209 id 437 ph 2 d 2 at (4, 23)
FS DODGE 209 id 437 from (4, 23) to (5, 23) cov 1 -> 0 hit 0 hp 22
FS SEAL 211 tile (4, 24) n 1
FS SEAL 213 tile (4, 25) n 2
FS SEAL 215 tile (4, 24) n 3
FS CLEAR 219 tile (3, 26) peck 1
FS RUNG 219 id 437 r 3 hi -
FS STAT 220 id 437 at (4, 26) need 3 orth 3 ti 148 ammo 24 sen 0 hp 22
FS CLEAR 220 tile (3, 26) peck 2
FS RUNG 220 id 437 r 3 hi -
FS CLEAR 221 tile (3, 26) peck 3
FS RUNG 221 id 437 r 3 hi -
FS SEAL 222 tile (4, 25) n 4
FS CLEAR 223 tile (3, 26) peck 4
FS RUNG 223 id 437 r 3 hi -
FS CLEAR 224 tile (3, 26) peck 5
FS RUNG 224 id 437 r 3 hi -
FS CLEAR 225 tile (3, 26) peck 6
FS RUNG 225 id 437 r 3 hi -
FS SEAL 226 tile (4, 25) n 5
FS CLEAR 227 tile (3, 26) peck 7
FS RUNG 227 id 437 r 3 hi -
FS CLEAR 228 tile (3, 26) peck 8
FS RUNG 228 id 437 r 3 hi -
FS SEAL 231 tile (4, 25) n 6
FS SEAL 233 tile (4, 24) n 7
FS CLEAR 237 tile (3, 26) peck 1
FS RUNG 237 id 437 r 3 hi -
FS SEAL 238 tile (4, 25) n 8
FS CLEAR 239 tile (3, 26) peck 2
FS RUNG 239 id 437 r 3 hi -
FS CLEARED 240 tile (3, 26) n 1
FS STAT 240 id 437 at (4, 26) need 3 orth 3 ti 102 ammo 24 sen 0 hp 22
FS SEAL 240 tile (3, 26) n 9
FS SEALCLR 240 tile (3, 26) lag 0
FS SEAL 243 tile (4, 25) n 10
FS SEAL 245 tile (4, 24) n 11
FS DODGE 248 id 437 from (4, 23) to (5, 23) cov 1 -> 0 hit 0 hp 4
FS DODGE 250 id 437 from (4, 23) to (5, 23) cov 1 -> 0 hit 0 hp 4
FS GATE 361 sig (30, 30, (2, 24), (26, 4)) ok 1
FS PHASE 361 id 620 ph 1 d 1066 at (28, 3)
FS HOPBUILD 367 at (24, 3) lch (24, 4) T (1, 26)
FS GATE 368 sig (30, 30, (2, 24), (26, 4)) ok 1
FS THROW 368 from (23, 3) to (20, 7) T (1, 26)
FS HOPBUILD 388 at (10, 16) lch (10, 17) T (1, 26)
FS GATE 389 sig (30, 30, (2, 24), (26, 4)) ok 1
FS THROW 389 from (10, 16) to (6, 20) T (1, 26)
FS PHASE 393 id 620 ph 2 d 8 at (5, 22)
FS STAT 400 id 620 at (5, 24) need 4 orth 4 ti 33 ammo 24 sen 0 hp 40
FS SEAL 404 tile (4, 24) n 1
FS SEAL 406 tile (4, 25) n 2
FS SEAL 408 tile (4, 24) n 3
FS SEAL 412 tile (3, 26) n 4
FS SEAL 416 tile (4, 24) n 5
FS SEAL 418 tile (4, 25) n 6
FS STAT 420 id 620 at (5, 24) need 1 orth 1 ti 29 ammo 24 sen 0 hp 40
FS DODGE 422 id 620 from (4, 23) to (5, 23) cov 1 -> 0 hit 0 hp 40
FS DODGE 424 id 620 from (4, 23) to (5, 23) cov 1 -> 0 hit 0 hp 22
FS DODGE 426 id 620 from (4, 23) to (5, 23) cov 1 -> 0 hit 0 hp 22
FS DODGE 428 id 620 from (4, 23) to (5, 23) cov 1 -> 0 hit 0 hp 4
FS DODGE 430 id 620 from (4, 23) to (5, 23) cov 1 -> 0 hit 0 hp 4
FS GATE 469 sig (30, 30, (2, 24), (26, 4)) ok 1
FS PHASE 469 id 645 ph 1 d 925 at (25, 3)
FS HOPBUILD 472 at (23, 4) lch (22, 4) T (1, 26)
FS GATE 473 sig (30, 30, (2, 24), (26, 4)) ok 1
FS THROW 473 from (23, 5) to (19, 8) T (1, 26)
FS HOPBUILD 496 at (8, 19) lch (8, 20) T (1, 26)
FS GATE 497 sig (30, 30, (2, 24), (26, 4)) ok 1
FS THROW 497 from (7, 19) to (4, 23) T (1, 26)
FS PHASE 498 id 645 ph 2 d 2 at (4, 23)
FS DODGE 498 id 645 from (4, 23) to (5, 23) cov 1 -> 0 hit 0 hp 22
FS STAT 500 id 645 at (4, 23) need 4 orth 4 ti 12 ammo 14 sen 0 hp 4
FS DODGE 500 id 645 from (4, 23) to (5, 23) cov 1 -> 0 hit 0 hp 4
FS GATE 569 sig (30, 30, (2, 24), (26, 4)) ok 1
FS PHASE 569 id 666 ph 1 d 925 at (25, 3)
FS HOPBUILD 570 at (24, 3) lch (24, 4) T (1, 26)
FS GATE 571 sig (30, 30, (2, 24), (26, 4)) ok 1
FS THROW 571 from (23, 3) to (20, 7) T (1, 26)
FS HOPBUILD 596 at (8, 19) lch (8, 20) T (1, 26)
FS GATE 597 sig (30, 30, (2, 24), (26, 4)) ok 1
FS THROW 597 from (7, 19) to (4, 23) T (1, 26)
FS PHASE 598 id 666 ph 2 d 2 at (4, 23)
FS DODGE 598 id 666 from (4, 23) to (5, 23) cov 1 -> 0 hit 0 hp 22
FS STAT 600 id 666 at (5, 24) need 4 orth 4 ti 25 ammo 24 sen 0 hp 22
FS SEAL 608 tile (4, 24) n 1
FS SEAL 610 tile (4, 25) n 2
FS SEAL 612 tile (4, 24) n 3
FS SEAL 616 tile (3, 26) n 4
FS STAT 620 id 666 at (5, 24) need 3 orth 3 ti 39 ammo 24 sen 0 hp 22
FS SEAL 620 tile (4, 24) n 5
FS SEAL 622 tile (4, 25) n 6
FS DODGE 626 id 666 from (4, 23) to (5, 23) cov 1 -> 0 hit 0 hp 22
FS DODGE 628 id 666 from (4, 23) to (5, 23) cov 1 -> 0 hit 0 hp 4
FS DODGE 630 id 666 from (4, 23) to (5, 23) cov 1 -> 0 hit 0 hp 4
FS GATE 673 sig (30, 30, (2, 24), (26, 4)) ok 1
FS PHASE 673 id 690 ph 1 d 925 at (25, 3)
FS HOPBUILD 676 at (23, 4) lch (22, 4) T (1, 26)
FS GATE 677 sig (30, 30, (2, 24), (26, 4)) ok 1
FS THROW 677 from (23, 5) to (19, 8) T (1, 26)
FS HOPBUILD 700 at (8, 19) lch (8, 20) T (1, 26)
FS GATE 701 sig (30, 30, (2, 24), (26, 4)) ok 1
FS THROW 701 from (7, 19) to (4, 23) T (1, 26)
FS PHASE 702 id 690 ph 2 d 2 at (4, 23)
FS DODGE 702 id 690 from (4, 23) to (5, 23) cov 1 -> 0 hit 0 hp 22
FS SEAL 716 tile (4, 24) n 1
FS SEAL 718 tile (4, 25) n 2
FS STAT 720 id 690 at (5, 24) need 3 orth 3 ti 38 ammo 24 sen 0 hp 22
FS SEAL 720 tile (4, 24) n 3
FS SEAL 724 tile (3, 26) n 4
FS SEAL 728 tile (4, 24) n 5
FS SEAL 730 tile (4, 25) n 6
FS DODGE 734 id 690 from (4, 23) to (5, 23) cov 1 -> 0 hit 0 hp 22
FS DODGE 736 id 690 from (4, 23) to (5, 23) cov 1 -> 0 hit 0 hp 4
FS DODGE 738 id 690 from (4, 23) to (5, 23) cov 1 -> 0 hit 0 hp 4
FS GATE 781 sig (30, 30, (2, 24), (26, 4)) ok 1
FS PHASE 781 id 706 ph 1 d 925 at (25, 3)
FS HOPBUILD 784 at (23, 4) lch (22, 4) T (1, 26)
FS GATE 785 sig (30, 30, (2, 24), (26, 4)) ok 1
FS THROW 785 from (23, 5) to (19, 8) T (1, 26)
FS HOPBUILD 808 at (8, 19) lch (8, 20) T (1, 26)
FS GATE 809 sig (30, 30, (2, 24), (26, 4)) ok 1
FS THROW 809 from (7, 19) to (4, 23) T (1, 26)
FS PHASE 810 id 706 ph 2 d 2 at (4, 23)
FS DODGE 810 id 706 from (4, 23) to (5, 23) cov 1 -> 0 hit 0 hp 22
FS STAT 820 id 706 at (5, 24) need 4 orth 4 ti 41 ammo 24 sen 0 hp 22
FS SEAL 824 tile (4, 24) n 1
FS SEAL 826 tile (4, 25) n 2
FS SEAL 828 tile (4, 24) n 3
FS SEAL 831 tile (4, 24) n 4
FS SEAL 836 tile (4, 24) n 5
FS STAT 840 id 706 at (4, 26) need 3 orth 3 ti 46 ammo 24 sen 0 hp 22
FS SEAL 840 tile (3, 26) n 6
FS SEAL 844 tile (4, 24) n 7
FS SEAL 846 tile (4, 25) n 8
FS DODGE 850 id 706 from (4, 23) to (5, 23) cov 1 -> 0 hit 0 hp 22
FS DODGE 852 id 706 from (4, 23) to (5, 23) cov 1 -> 0 hit 0 hp 4
FS DODGE 854 id 706 from (4, 23) to (5, 23) cov 1 -> 0 hit 0 hp 4
FS GATE 893 sig (30, 30, (2, 24), (26, 4)) ok 1
FS PHASE 893 id 731 ph 1 d 1066 at (28, 3)
FS HOPBUILD 899 at (24, 3) lch (24, 4) T (1, 26)
FS GATE 900 sig (30, 30, (2, 24), (26, 4)) ok 1
FS THROW 900 from (23, 3) to (20, 7) T (1, 26)
FS HOPBUILD 920 at (10, 16) lch (10, 17) T (1, 26)
FS GATE 921 sig (30, 30, (2, 24), (26, 4)) ok 1
FS THROW 921 from (10, 16) to (6, 20) T (1, 26)
FS PHASE 925 id 731 ph 2 d 8 at (5, 22)
FS SEAL 936 tile (4, 24) n 1
FS SEAL 938 tile (4, 25) n 2
FS STAT 940 id 731 at (5, 24) need 3 orth 3 ti 40 ammo 24 sen 0 hp 40
FS SEAL 940 tile (4, 24) n 3
FS CLEAR 944 tile (3, 26) peck 1
FS RUNG 944 id 731 r 3 hi -
FS CLEAR 945 tile (3, 26) peck 2
FS RUNG 945 id 731 r 3 hi -
FS CLEAR 946 tile (3, 26) peck 3
FS RUNG 946 id 731 r 3 hi -
FS SEAL 947 tile (4, 25) n 4
FS SEAL 951 tile (4, 25) n 5
FS CLEAR 952 tile (3, 26) peck 1
FS RUNG 952 id 731 r 3 hi -
FS SEAL 955 tile (4, 25) n 6
FS SEAL 959 tile (4, 25) n 7
FS STAT 960 id 731 at (4, 26) need 3 orth 3 ti 37 ammo 24 sen 0 hp 40
FS CLEAR 960 tile (3, 26) peck 1
FS RUNG 960 id 731 r 3 hi -
FS CLEAR 964 tile (3, 26) peck 1
FS RUNG 964 id 731 r 3 hi -
FS CLEAR 965 tile (3, 26) peck 2
FS RUNG 965 id 731 r 3 hi -
FS CLEAR 966 tile (3, 26) peck 3
FS RUNG 966 id 731 r 3 hi -
FS CLEAR 967 tile (3, 26) peck 4
FS RUNG 967 id 731 r 3 hi -
FS DODGE 968 id 731 from (4, 26) to (5, 26) cov 1 -> 0 hit 0 hp 40
FS SEAL 971 tile (4, 24) n 8
FS DODGE 975 id 731 from (4, 22) to (3, 22) cov 1 -> 0 hit 0 hp 40
FS DODGE 977 id 731 from (2, 22) to (1, 22) cov 1 -> 0 hit 0 hp 40
FS DODGE 978 id 731 from (1, 22) to (0, 22) cov 1 -> 0 hit 0 hp 40
FS STAT 980 id 731 at (0, 21) need 5 orth 5 ti 64 ammo 24 sen 0 hp 40
FS DODGE 985 id 731 from (3, 21) to (3, 22) cov 1 -> 0 hit 0 hp 40
FS DODGE 986 id 731 from (3, 22) to (2, 22) cov 1 -> 0 hit 0 hp 40
FS CLEAR 987 tile (2, 23) peck 1
FS RUNG 987 id 731 r 3 hi -
FS CLEAR 988 tile (2, 23) peck 2
FS RUNG 988 id 731 r 3 hi -
FS CLEARED 989 tile (2, 23) n 1
FS SEAL 989 tile (2, 23) n 9
FS SEALCLR 989 tile (2, 23) lag 0
FS DODGE 991 id 731 from (1, 22) to (0, 22) cov 1 -> 0 hit 0 hp 40
FS DODGE 994 id 731 from (1, 21) to (0, 21) cov 2 -> 1 hit 0 hp 40
FS DODGE 995 id 731 from (0, 21) to (0, 20) cov 1 -> 0 hit 0 hp 40
FS DODGE 996 id 731 from (0, 20) to (0, 19) cov 1 -> 0 hit 0 hp 40
