Update available: 2.3.6 -> 2.3.8. Run: pip install --upgrade fcode
FS GATE 0 sig (30, 30, (2, 2), (26, 26)) ok 1
FS GATE 1 sig (30, 30, (2, 2), (26, 26)) ok 1
FS PHASE 1 id 3 ph 1 d 1013 at (4, 3)
FS HOPBUILD 1 at (4, 3) lch (5, 3) T (28, 28)
FS GATE 2 sig (30, 30, (2, 2), (26, 26)) ok 1
FS GATE 2 sig (30, 30, (2, 2), (26, 26)) ok 1
FS THROW 2 from (4, 3) to (8, 7) T (28, 28)
FS HOPBUILD 3 at (8, 7) lch (8, 8) T (28, 28)
FS GATE 3 sig (30, 30, (2, 2), (26, 26)) ok 1
FS GATE 4 sig (30, 30, (2, 2), (26, 26)) ok 1
FS PHASE 4 id 10 ph 1 d 1013 at (4, 3)
FS HOPBUILD 4 at (4, 3) lch (5, 3) T (28, 28)
FS GATE 4 sig (30, 30, (2, 2), (26, 26)) ok 1
FS THROW 4 from (9, 7) to (11, 12) T (28, 28)
FS HOPBUILD 5 at (11, 12) lch (12, 12) T (28, 28)
FS GATE 5 sig (30, 30, (2, 2), (26, 26)) ok 1
FS THROW 5 from (4, 3) to (8, 7) T (28, 28)
FS HOPBUILD 6 at (8, 7) lch (8, 8) T (28, 28)
FS GATE 6 sig (30, 30, (2, 2), (26, 26)) ok 1
FS GATE 7 sig (30, 30, (2, 2), (26, 26)) ok 1
FS THROW 7 from (9, 7) to (11, 12) T (28, 28)
FS THROW 8 from (11, 13) to (15, 16) T (28, 28)
FS HOPBUILD 9 at (13, 13) lch (14, 13) T (28, 28)
FS HOPBUILD 9 at (15, 16) lch (16, 16) T (28, 28)
FS PROMOTE 10 id 10
FS GATE 10 sig (30, 30, (2, 2), (26, 26)) ok 1
FS GATE 10 sig (30, 30, (2, 2), (26, 26)) ok 1
FS THROW 10 from (15, 17) to (19, 20) T (28, 28)
FS HOPBUILD 11 at (19, 20) lch (20, 20) T (28, 28)
FS GATE 12 sig (30, 30, (2, 2), (26, 26)) ok 1
FS THROW 12 from (19, 21) to (23, 24) T (28, 28)
FS HOPBUILD 13 at (23, 24) lch (24, 24) T (28, 28)
FS GATE 14 sig (30, 30, (2, 2), (26, 26)) ok 1
FS EVICT 14 from (23, 23) to (23, 29)
FS PHASE 16 id 10 ph 2 d 5 at (24, 25)
FS DODGE 16 id 10 from (24, 25) to (24, 26) cov 1 -> 0 hit 0 hp 40
FS STAT 20 id 10 at (24, 26) need 8 orth 8 ti 48 ammo 0 sen 0 hp 40
FS SEAL 23 tile (25, 26) n 1
FS DODGE 28 id 10 from (23, 25) to (23, 24) cov 1 -> 0 hit 0 hp 22
FS EVICT 28 from (23, 25) to (27, 20)
FS RETREAT 30 id 10 hp 4 from (23, 25) to (22, 25)
FS THROW 33 from (15, 14) to (17, 17) T (28, 28)
FS GATE 33 sig (30, 30, (2, 2), (26, 26)) ok 1
FS PHASE 33 id 69 ph 1 d 1154 at (1, 3)
FS PROMOTE 39 id 69
FS EVICT 45 from (23, 24) to (29, 23)
FS HOPBUILD 50 at (23, 21) lch (24, 21) T (28, 28)
FS GATE 51 sig (30, 30, (2, 2), (26, 26)) ok 1
FS DOORSEEN 53 id 5 at (8, 4) rank 2
FS HOPBUILD 61 at (15, 17) lch (16, 17) T (28, 28)
FS GATE 62 sig (30, 30, (2, 2), (26, 26)) ok 1
FS THROW 62 from (15, 18) to (20, 20) T (28, 28)
FS PHASE 72 id 69 ph 2 d 5 at (24, 25)
FS DODGE 72 id 69 from (24, 25) to (24, 26) cov 1 -> 0 hit 0 hp 4
FS DOOR 73 id 5 at (8, 4) n 1
FS DOOR 74 id 5 at (8, 4) n 2
FS DOOR 75 id 5 at (8, 4) n 3
FS DOOR 76 id 5 at (8, 4) n 4
FS DOOR 77 id 5 at (8, 4) n 5
FS DOOR 78 id 5 at (8, 4) n 6
FS DOOR 79 id 5 at (8, 4) n 7
FS DOOR 80 id 5 at (8, 4) n 8
FS STAT 80 id 69 at (24, 27) need 7 orth 7 ti 42 ammo 24 sen 0 hp 4
FS DEGRADE 81 id 3
FS DOOR 82 id 5 at (8, 4) n 9
FS DOOR 83 id 5 at (8, 4) n 10
FS DOOR 84 id 5 at (8, 4) n 11
FS DOOR 85 id 5 at (8, 4) n 12
FS DOOR 88 id 5 at (8, 4) n 13
FS DODGE 98 id 69 from (24, 27) to (25, 27) cov 1 -> 0 hit 0 hp 4
FS STAT 100 id 69 at (24, 27) need 7 orth 7 ti 11 ammo 0 sen 0 hp 4
FS DODGE 100 id 69 from (24, 27) to (25, 27) cov 1 -> 0 hit 0 hp 4
FS DODGE 102 id 69 from (24, 27) to (25, 27) cov 1 -> 0 hit 0 hp 4
FS DODGE 104 id 69 from (24, 27) to (25, 27) cov 1 -> 0 hit 0 hp 4
