Running match: _v488beltbreak2 vs parent
  Map: glacierkeep.map26  Seed: 112  Replay: 
scratchpad/s51_v520_build/grid/b38/repparent/glacierkeep_s112_B.replay26  TLE: 
10ms
Completed turn 0
Completed turn 100
Completed turn 200
Completed turn 300
Completed turn 400
Completed turn 500
Completed turn 600
Completed turn 700
Completed turn 800
Completed turn 900
Replay written to 
scratchpad/s51_v520_build/grid/b38/repparent/glacierkeep_s112_B.replay26

  Winner: parent  (Titanium collected (tiebreak), turn 1000)

               _v488beltbreak2            parent  
  Titanium       117 (0 mined)    12 (170 mined)  
  Units                      6                 7  
  Buildings                105               105  

