Running match: _v488beltbreak2 vs parent
  Map: atoll.map26  Seed: 825  Replay: 
scratchpad/s51_v523_build/iso/b9/repparent/atoll_s825_B.replay26  TLE: 10ms
Completed turn 0
Completed turn 100
Completed turn 200
Completed turn 300
Completed turn 400
Completed turn 500
Completed turn 600
Completed turn 700
Completed turn 800
Completed turn 900
Replay written to 
scratchpad/s51_v523_build/iso/b9/repparent/atoll_s825_B.replay26

  Winner: _v488beltbreak2  (Titanium collected (tiebreak), turn 1000)

                 _v488beltbreak2               parent  
  Titanium     4087 (9720 mined)    3199 (6330 mined)  
  Units                       26                   15  
  Buildings                   19                   17  

