Running match: _v488beltbreak2 vs parent
  Map: midgard.map26  Seed: 535  Replay: 
scratchpad/s51_v520_build/iso/b12/repparent/midgard_s535_B.replay26  TLE: 10ms
Completed turn 0
Completed turn 100
Completed turn 200
Completed turn 300
Completed turn 400
Completed turn 500
Completed turn 600
Completed turn 700
Completed turn 800
Completed turn 900
Replay written to 
scratchpad/s51_v520_build/iso/b12/repparent/midgard_s535_B.replay26

  Winner: _v488beltbreak2  (Titanium collected (tiebreak), turn 1000)

               _v488beltbreak2             parent  
  Titanium      78 (710 mined)    122 (600 mined)  
  Units                      9                  9  
  Buildings                 43                 40  

