Update available: 2.3.6 -> 2.3.8. Run: pip install --upgrade fcode
FS GATE 0 sig (30, 30, (2, 2), (26, 26)) ok 1
FS GATE 1 sig (30, 30, (2, 2), (26, 26)) ok 1
FS PHASE 1 id 3 ph 1 d 1013 at (4, 3)
FS HOPBUILD 1 at (4, 3) lch (5, 3) T (28, 28)
FS GATE 2 sig (30, 30, (2, 2), (26, 26)) ok 1
FS GATE 2 sig (30, 30, (2, 2), (26, 26)) ok 1
FS THROW 2 from (4, 3) to (8, 7) T (28, 28) body 3 n 1 dsq 685
FS HOPBUILD 3 at (8, 7) lch (8, 8) T (28, 28)
FS GATE 3 sig (30, 30, (2, 2), (26, 26)) ok 1
FS GATE 4 sig (30, 30, (2, 2), (26, 26)) ok 1
FS THROW 4 from (9, 7) to (11, 12) T (28, 28) body 3 n 1 dsq 421
FS HOPBUILD 5 at (11, 12) lch (12, 12) T (28, 28)
ECO514 6 harv 1 mouth 1 held 1 conn 0 deliv 1
FS GATE 6 sig (30, 30, (2, 2), (26, 26)) ok 1
FS THROW 6 from (11, 13) to (15, 16) T (28, 28) body 3 n 1 dsq 221
FS HOPBUILD 7 at (15, 16) lch (16, 16) T (28, 28)
FS GATE 8 sig (30, 30, (2, 2), (26, 26)) ok 1
FS THROW 8 from (15, 17) to (19, 20) T (28, 28) body 3 n 1 dsq 85
FS HOPBUILD 9 at (19, 20) lch (20, 20) T (28, 28)
FS GATE 10 sig (30, 30, (2, 2), (26, 26)) ok 1
FS THROW 10 from (19, 21) to (24, 23) T (28, 28) body 3 n 1 dsq 13
FS HOPBUILD 11 at (24, 23) lch (24, 24) T (28, 28)
FS GATE 12 sig (30, 30, (2, 2), (26, 26)) ok 1
FS EVICT 15 from (24, 25) to (20, 21)
ECO514 16 harv 2 mouth 1 held 0 conn 1 deliv 1
FS GATE 32 sig (30, 30, (2, 2), (26, 26)) ok 1
FS PHASE 32 id 79 ph 1 d 1060 at (4, 2)
FS HOPBUILD 33 at (4, 3) lch (5, 3) T (28, 28)
FS GATE 34 sig (30, 30, (2, 2), (26, 26)) ok 1
FS THROW 34 from (4, 3) to (8, 7) T (28, 28) body 79 n 1 dsq 685
FS HOPBUILD 35 at (8, 7) lch (8, 8) T (28, 28)
FS GATE 36 sig (30, 30, (2, 2), (26, 26)) ok 1
FS THROW 36 from (9, 7) to (11, 12) T (28, 28) body 79 n 1 dsq 421
FS HOPBUILD 37 at (11, 12) lch (12, 12) T (28, 28)
FS GATE 38 sig (30, 30, (2, 2), (26, 26)) ok 1
FS THROW 38 from (11, 13) to (15, 16) T (28, 28) body 79 n 1 dsq 221
FS HOPBUILD 39 at (15, 16) lch (16, 16) T (28, 28)
FS GATE 40 sig (30, 30, (2, 2), (26, 26)) ok 1
FS THROW 40 from (15, 17) to (19, 20) T (28, 28) body 79 n 1 dsq 85
FS HOPBUILD 41 at (19, 20) lch (20, 20) T (28, 28)
FS GATE 42 sig (30, 30, (2, 2), (26, 26)) ok 1
FS THROW 42 from (19, 21) to (23, 24) T (28, 28) body 79 n 1 dsq 13
FS ARRIVE 45 id 79 body 1 at (24, 25) dsq 5
FS PHASE 45 id 79 ph 2 d 5 at (24, 25)
FS SEAL 46 tile (25, 26) n 1
FS EVICTOR 48 at (24, 26) ucov 1 cov 0 unseal 3 obs 0
FS RUNG 48 id 79 r 2 hi -
FS CLEAR 49 tile (25, 27) peck 1
FS RUNG 49 id 79 r 3 hi -
FS GATE 49 sig (30, 30, (2, 2), (26, 26)) ok 1
FS CLEAR 50 tile (25, 27) peck 2
FS RUNG 50 id 79 r 3 hi -
FS CLEAR 51 tile (25, 27) peck 3
FS RUNG 51 id 79 r 3 hi -
FS CLEAR 52 tile (25, 27) peck 4
FS RUNG 52 id 79 r 3 hi -
FS CLEAR 53 tile (25, 27) peck 5
FS RUNG 53 id 79 r 3 hi -
FS CLEAR 54 tile (25, 27) peck 6
FS RUNG 54 id 79 r 3 hi -
FS CLEAR 55 tile (25, 27) peck 7
FS RUNG 55 id 79 r 3 hi -
FS CLEAR 56 tile (25, 27) peck 8
FS RUNG 56 id 79 r 3 hi -
FS GATE 57 sig (30, 30, (2, 2), (26, 26)) ok 1
FS EVICT 58 from (24, 27) to (23, 21)
FS DODGE 59 id 79 from (25, 27) to (24, 27) cov 1 -> 0 hit 0 hp 22
FS STAT 60 id 79 at (24, 27) need 7 orth 6 ti 68 ammo 24 sen 0 hp 22 covden 12 eco 1 lost 0
FS CLEAR 60 tile (25, 27) peck 1
FS RUNG 60 id 79 r 3 hi -
FS EVICT 60 from (25, 27) to (19, 25)
FS CLEAR 61 tile (25, 27) peck 2
FS RUNG 61 id 79 r 3 hi -
FS CLEARED 62 tile (25, 27) n 1
FS SEAL 62 tile (25, 27) n 2
FS SEALCLR 62 tile (25, 27) lag 0
FS EVICT 66 from (23, 25) to (27, 20)
FS EVICT 80 from (25, 27) to (19, 25)
FS EVICT 91 from (23, 26) to (29, 25)
FS EVICT 99 from (25, 27) to (19, 25)
FS EVICT 104 from (23, 26) to (29, 25)
FS GATE 111 sig (30, 30, (2, 2), (26, 26)) ok 1
FS PHASE 111 id 325 ph 1 d 1060 at (2, 4)
FS HOPBUILD 113 at (0, 4) lch (1, 4) T (28, 28)
FS EVICT 114 from (25, 27) to (19, 25)
FS GATE 114 sig (30, 30, (2, 2), (26, 26)) ok 1
FS THROW 114 from (0, 5) to (4, 8) T (28, 28) body 325 n 1 dsq 808
FS HOPBUILD 115 at (4, 8) lch (4, 9) T (28, 28)
FS GATE 116 sig (30, 30, (2, 2), (26, 26)) ok 1
FS THROW 116 from (5, 8) to (7, 13) T (28, 28) body 325 n 1 dsq 530
FS EVICT 119 from (23, 26) to (29, 25)
FS HOPBUILD 120 at (9, 14) lch (10, 14) T (28, 28)
FS GATE 121 sig (30, 30, (2, 2), (26, 26)) ok 1
FS THROW 121 from (9, 15) to (14, 17) T (28, 28) body 325 n 1 dsq 225
FS HOPBUILD 126 at (15, 20) lch (16, 20) T (28, 28)
FS EVICT 127 from (25, 27) to (19, 25)
FS GATE 127 sig (30, 30, (2, 2), (26, 26)) ok 1
FS THROW 127 from (15, 21) to (19, 24) T (28, 28) body 325 n 1 dsq 53
FS EVICT 132 from (23, 26) to (29, 25)
FS HOPBUILD 132 at (21, 26) lch (21, 27) T (28, 28)
FS GATE 133 sig (30, 30, (2, 2), (26, 26)) ok 1
FS THROW 133 from (22, 26) to (26, 28) T (28, 28) body 325 n 1 dsq 1
FS ARRIVE 134 id 325 body 1 at (26, 28) dsq 1
FS PHASE 134 id 325 ph 2 d 1 at (26, 28)
FS SEAL 136 tile (27, 28) n 1
FS DODGE 138 id 325 from (25, 28) to (25, 29) cov 1 -> 0 hit 0 hp 40
FS STAT 140 id 325 at (25, 28) need 6 orth 5 ti 123 ammo 24 sen 0 hp 33 covden 7 eco 1 lost 0
FS SEAL 140 tile (26, 28) n 2
FS DODGE 141 id 325 from (25, 28) to (25, 29) cov 1 -> 0 hit 0 hp 26
FS DODGE 143 id 325 from (25, 28) to (25, 27) cov 1 -> 0 hit 0 hp 19
FS EVICT 147 from (23, 26) to (29, 25)
FS DOORSEEN 147 id 148 at (7, 6) rank 0
FS DOORSEEN 149 id 148 at (7, 5) rank 2
FS DOORSEEN 152 id 148 at (7, 5) rank 2
FS DODGE 152 id 325 from (24, 27) to (25, 27) cov 1 -> 0 hit 0 hp 19
FS DOORSEEN 154 id 148 at (7, 5) rank 2
FS DODGE 154 id 325 from (25, 28) to (25, 27) cov 1 -> 0 hit 0 hp 19
FS DOORSEEN 156 id 148 at (7, 5) rank 2
FS DODGE 156 id 325 from (25, 28) to (25, 27) cov 1 -> 0 hit 0 hp 19
FS DOORSEEN 158 id 148 at (7, 5) rank 2
FS SEAL 158 tile (26, 28) n 3
FS CLEAR 159 tile (25, 27) peck 1
FS RUNG 159 id 325 r 3 hi -
FS DOORSEEN 160 id 148 at (7, 5) rank 2
FS STAT 160 id 325 at (25, 28) need 6 orth 5 ti 81 ammo 24 sen 0 hp 19 covden 27 eco 1 lost 0
FS DODGE 160 id 325 from (25, 28) to (25, 27) cov 1 -> 0 hit 0 hp 19
FS EVICT 162 from (23, 26) to (29, 25)
FS DOORSEEN 162 id 148 at (7, 5) rank 2
FS DODGE 162 id 325 from (25, 28) to (25, 27) cov 1 -> 0 hit 0 hp 12
FS DOORSEEN 164 id 148 at (7, 5) rank 2
FS DODGE 164 id 325 from (25, 28) to (25, 27) cov 1 -> 0 hit 0 hp 5
FS DOORSEEN 166 id 148 at (7, 5) rank 2
FS CLEAR 166 tile (25, 27) peck 1
FS RUNG 166 id 325 r 3 hi -
FS CLEAR 167 tile (25, 27) peck 2
FS RUNG 167 id 325 r 3 hi -
FS DOORSEEN 168 id 148 at (7, 5) rank 2
FS DODGE 168 id 325 from (24, 27) to (25, 27) cov 1 -> 0 hit 0 hp 5
FS DOORSEEN 170 id 148 at (7, 5) rank 2
FS EVICT 172 from (25, 27) to (19, 25)
FS DOORSEEN 172 id 148 at (7, 5) rank 2
FS DOORSEEN 174 id 148 at (7, 5) rank 2
FS DOORSEEN 176 id 148 at (7, 5) rank 2
FS EVICT 177 from (23, 26) to (29, 25)
FS DOORSEEN 178 id 148 at (7, 5) rank 2
FS GATE 178 sig (30, 30, (2, 2), (26, 26)) ok 1
FS PHASE 178 id 477 ph 1 d 1109 at (1, 4)
FS DOORSEEN 180 id 148 at (7, 5) rank 2
FS DOORSEEN 182 id 148 at (7, 5) rank 2
FS GATE 183 sig (30, 30, (2, 2), (26, 26)) ok 1
FS DOORSEEN 184 id 148 at (7, 5) rank 2
FS EVICT 185 from (25, 27) to (19, 25)
FS HOPBUILD 185 at (4, 8) lch (4, 9) T (28, 28)
FS GATE 186 sig (30, 30, (2, 2), (26, 26)) ok 1
FS THROW 186 from (5, 8) to (7, 13) T (28, 28) body 477 n 1 dsq 530
FS EVICT 190 from (23, 26) to (29, 25)
FS HOPBUILD 190 at (9, 14) lch (10, 14) T (28, 28)
FS GATE 191 sig (30, 30, (2, 2), (26, 26)) ok 1
FS THROW 191 from (9, 15) to (14, 17) T (28, 28) body 477 n 1 dsq 225
FS DOORSEEN 192 id 148 at (7, 5) rank 2
FS DOORSEEN 194 id 148 at (7, 5) rank 2
FS DOORSEEN 196 id 148 at (7, 5) rank 2
FS EVICT 198 from (25, 27) to (19, 25)
FS DOORSEEN 198 id 148 at (7, 5) rank 2
FS DOORSEEN 200 id 148 at (7, 5) rank 2
FS HOPBUILD 201 at (20, 20) lch (20, 21) T (28, 28)
FS DOORSEEN 202 id 148 at (7, 5) rank 2
FS GATE 202 sig (30, 30, (2, 2), (26, 26)) ok 1
FS THROW 202 from (21, 20) to (23, 25) T (28, 28) body 477 n 1 dsq 10
FS EVICT 203 from (23, 26) to (29, 25)
FS DOORSEEN 204 id 148 at (7, 5) rank 2
FS ARRIVE 204 id 477 body 1 at (24, 25) dsq 5
FS PHASE 204 id 477 ph 2 d 5 at (24, 25)
FS DODGE 204 id 477 from (24, 25) to (23, 25) cov 1 -> 0 hit 0 hp 40
FS DOORSEEN 206 id 148 at (7, 5) rank 2
FS DOORSEEN 208 id 148 at (7, 5) rank 2
FS DOORSEEN 210 id 148 at (7, 5) rank 2
FS EVICT 211 from (25, 27) to (19, 25)
FS DOORSEEN 212 id 148 at (7, 5) rank 2
FS DOORSEEN 214 id 148 at (7, 5) rank 2
FS EVICT 216 from (23, 26) to (29, 25)
FS DOORSEEN 216 id 148 at (7, 5) rank 2
FS DODGE 216 id 477 from (23, 24) to (23, 25) cov 1 -> 0 hit 0 hp 22
FS DOORSEEN 218 id 148 at (7, 5) rank 2
FS DOORSEEN 220 id 148 at (7, 5) rank 2
FS STAT 220 id 477 at (23, 26) need 7 orth 6 ti 150 ammo 24 sen 0 hp 22 covden 17 eco 1 lost 0
FS DODGE 220 id 477 from (23, 26) to (22, 26) cov 1 -> 0 hit 0 hp 22
FS SENTINEL 221 at (22, 27) face EAST tgt (27, 27) score 25 n 1 onring 0 lost 0 gate (1, 1, 16) onsray 0 olddsq -1
FS RUNG 221 id 477 r 4 hi -
FS DOORSEEN 222 id 148 at (7, 5) rank 2
FS PHASE 222 id 477 ph 5 d 16 at (22, 26)
FS DOORSEEN 224 id 148 at (7, 5) rank 2
FS DOORSEEN 226 id 148 at (7, 5) rank 2
FS RETREAT 227 id 477 hp 4 from (22, 25) to (21, 25)
FS DOORSEEN 228 id 148 at (7, 5) rank 2
FS DOORSEEN 230 id 148 at (7, 5) rank 2
FS DOORSEEN 232 id 148 at (7, 5) rank 2
FS DOORSEEN 234 id 148 at (7, 5) rank 2
