Running match: _v488beltbreak2 vs _v520pincer
  Map: glacierkeep.map26  Seed: 35  Replay: 
scratchpad/s51_v520_build/grid/b12/repv520/glacierkeep_s35_B.replay26  TLE: 10ms
Completed turn 0
Completed turn 100
Completed turn 200
Completed turn 300
Completed turn 400
Completed turn 500
Completed turn 600
Completed turn 700
Completed turn 800
Completed turn 900
Replay written to 
scratchpad/s51_v520_build/grid/b12/repv520/glacierkeep_s35_B.replay26

  Winner: _v488beltbreak2  (Titanium collected (tiebreak), turn 1000)

               _v488beltbreak2        _v520pincer  
  Titanium     197 (980 mined)    130 (290 mined)  
  Units                     11                  3  
  Buildings                107                104  

