18:48:21Z WATCHDOG up. spec=scratchpad/loki29_spec.txt stale=240s poll=120s max_restarts=3
18:48:21Z SR1NULL ok  185/5408  hb_age=2s  procs=1
18:48:21Z SR2NULL ok  170/5408  hb_age=1s  procs=1
18:48:22Z SR1CUR ok  172/5408  hb_age=1s  procs=1
18:48:22Z SR2CUR ok  177/5408  hb_age=1s  procs=1
18:48:22Z SRNULL0 ok  168/5408  hb_age=3s  procs=1
18:50:22Z SR1NULL ok  231/5408  hb_age=1s  procs=1
18:50:22Z SR2NULL ok  218/5408  hb_age=2s  procs=1
18:50:22Z SR1CUR ok  217/5408  hb_age=1s  procs=1
18:50:22Z SR2CUR ok  219/5408  hb_age=1s  procs=1
18:50:22Z SRNULL0 ok  205/5408  hb_age=1s  procs=1
18:52:22Z SR1NULL ok  271/5408  hb_age=1s  procs=1
18:52:22Z SR2NULL ok  260/5408  hb_age=0s  procs=1
18:52:22Z SR1CUR ok  266/5408  hb_age=0s  procs=1
18:52:22Z SR2CUR ok  263/5408  hb_age=0s  procs=1
18:52:22Z SRNULL0 ok  245/5408  hb_age=2s  procs=1
18:54:23Z SR1NULL ok  305/5408  hb_age=0s  procs=1
18:54:23Z SR2NULL ok  297/5408  hb_age=2s  procs=1
18:54:23Z SR1CUR ok  314/5408  hb_age=3s  procs=1
18:54:23Z SR2CUR ok  311/5408  hb_age=1s  procs=1
18:54:23Z SRNULL0 ok  291/5408  hb_age=2s  procs=1
18:56:23Z SR1NULL ok  353/5408  hb_age=1s  procs=1
18:56:23Z SR2NULL ok  343/5408  hb_age=1s  procs=1
18:56:23Z SR1CUR ok  362/5408  hb_age=0s  procs=1
18:56:23Z SR2CUR ok  348/5408  hb_age=1s  procs=1
18:56:23Z SRNULL0 ok  335/5408  hb_age=0s  procs=1
18:58:23Z SR1NULL ok  400/5408  hb_age=1s  procs=1
18:58:23Z SR2NULL ok  380/5408  hb_age=1s  procs=1
18:58:23Z SR1CUR ok  403/5408  hb_age=1s  procs=1
18:58:23Z SR2CUR ok  392/5408  hb_age=10s  procs=1
18:58:24Z SRNULL0 ok  372/5408  hb_age=3s  procs=1
19:00:24Z SR1NULL ok  442/5408  hb_age=5s  procs=1
19:00:24Z SR2NULL ok  432/5408  hb_age=2s  procs=1
19:00:24Z SR1CUR ok  449/5408  hb_age=1s  procs=1
19:00:24Z SR2CUR ok  437/5408  hb_age=2s  procs=1
19:00:24Z SRNULL0 ok  415/5408  hb_age=1s  procs=1
19:02:24Z SR1NULL ok  480/5408  hb_age=0s  procs=1
19:02:24Z SR2NULL ok  471/5408  hb_age=1s  procs=1
19:02:24Z SR1CUR ok  485/5408  hb_age=3s  procs=1
19:02:24Z SR2CUR ok  482/5408  hb_age=2s  procs=1
19:02:24Z SRNULL0 ok  456/5408  hb_age=2s  procs=1
19:04:24Z SR1NULL ok  517/5408  hb_age=5s  procs=1
19:04:24Z SR2NULL ok  515/5408  hb_age=1s  procs=1
19:04:24Z SR1CUR ok  524/5408  hb_age=1s  procs=1
19:04:25Z SR2CUR ok  523/5408  hb_age=2s  procs=1
19:04:25Z SRNULL0 ok  497/5408  hb_age=5s  procs=1
19:04:25Z GUNAXTB ok  16/5408  hb_age=4s  procs=1
19:04:25Z GUNAXREP ok  17/5408  hb_age=2s  procs=1
19:06:25Z SR1NULL ok  568/5408  hb_age=0s  procs=1
19:06:25Z SR2NULL ok  559/5408  hb_age=1s  procs=1
19:06:25Z SR1CUR ok  570/5408  hb_age=1s  procs=1
19:06:25Z SR2CUR ok  568/5408  hb_age=9s  procs=1
19:06:25Z SRNULL0 ok  543/5408  hb_age=1s  procs=1
19:06:25Z GUNAXTB ok  59/5408  hb_age=1s  procs=1
19:06:25Z GUNAXREP ok  59/5408  hb_age=2s  procs=1
19:08:26Z SR1NULL ok  619/5408  hb_age=2s  procs=1
19:08:26Z SR2NULL ok  600/5408  hb_age=1s  procs=1
19:08:26Z SR1CUR ok  612/5408  hb_age=2s  procs=1
19:08:26Z SR2CUR ok  611/5408  hb_age=0s  procs=1
19:08:26Z SRNULL0 ok  577/5408  hb_age=1s  procs=1
19:08:26Z GUNAXTB ok  95/5408  hb_age=3s  procs=1
19:08:26Z GUNAXREP ok  100/5408  hb_age=3s  procs=1
19:10:26Z SR1NULL ok  653/5408  hb_age=1s  procs=1
19:10:26Z SR2NULL ok  639/5408  hb_age=1s  procs=1
19:10:26Z SR1CUR ok  654/5408  hb_age=0s  procs=1
19:10:26Z SR2CUR ok  654/5408  hb_age=0s  procs=1
19:10:26Z SRNULL0 ok  619/5408  hb_age=3s  procs=1
19:10:27Z GUNAXTB ok  140/5408  hb_age=2s  procs=1
19:10:27Z GUNAXREP ok  142/5408  hb_age=3s  procs=1
19:12:27Z SR1NULL ok  699/5408  hb_age=5s  procs=1
19:12:27Z SR2NULL ok  679/5408  hb_age=1s  procs=1
19:12:27Z SR1CUR ok  690/5408  hb_age=1s  procs=1
19:12:27Z SR2CUR ok  697/5408  hb_age=1s  procs=1
19:12:27Z SRNULL0 ok  667/5408  hb_age=1s  procs=1
19:12:27Z GUNAXTB ok  186/5408  hb_age=3s  procs=1
19:12:27Z GUNAXREP ok  184/5408  hb_age=4s  procs=1
19:14:27Z SR1NULL ok  747/5408  hb_age=4s  procs=1
19:14:27Z SR2NULL ok  715/5408  hb_age=4s  procs=1
19:14:27Z SR1CUR ok  740/5408  hb_age=0s  procs=1
19:14:28Z SR2CUR ok  746/5408  hb_age=0s  procs=1
19:14:28Z SRNULL0 ok  713/5408  hb_age=1s  procs=1
19:14:28Z GUNAXTB ok  234/5408  hb_age=0s  procs=1
19:14:28Z GUNAXREP ok  226/5408  hb_age=1s  procs=1
19:16:28Z SR1NULL ok  793/5408  hb_age=1s  procs=1
19:16:28Z SR2NULL ok  759/5408  hb_age=0s  procs=1
19:16:28Z SR1CUR ok  780/5408  hb_age=4s  procs=1
19:16:28Z SR2CUR ok  790/5408  hb_age=1s  procs=1
19:16:28Z SRNULL0 ok  750/5408  hb_age=4s  procs=1
19:16:28Z GUNAXTB ok  277/5408  hb_age=7s  procs=1
19:16:28Z GUNAXREP ok  274/5408  hb_age=1s  procs=1
19:18:29Z SR1NULL ok  827/5408  hb_age=3s  procs=1
19:18:29Z SR2NULL ok  800/5408  hb_age=3s  procs=1
19:18:29Z SR1CUR ok  817/5408  hb_age=1s  procs=1
19:18:29Z SR2CUR ok  826/5408  hb_age=3s  procs=1
19:18:29Z SRNULL0 ok  788/5408  hb_age=2s  procs=1
19:18:29Z GUNAXTB ok  322/5408  hb_age=4s  procs=1
19:18:29Z GUNAXREP ok  315/5408  hb_age=1s  procs=1
19:20:29Z SR1NULL ok  864/5408  hb_age=0s  procs=1
19:20:29Z SR2NULL ok  840/5408  hb_age=1s  procs=1
19:20:30Z SR1CUR ok  854/5408  hb_age=1s  procs=1
19:20:30Z SR2CUR ok  868/5408  hb_age=1s  procs=1
19:20:30Z SRNULL0 ok  829/5408  hb_age=2s  procs=1
19:20:30Z GUNAXTB ok  359/5408  hb_age=1s  procs=1
19:20:30Z GUNAXREP ok  357/5408  hb_age=1s  procs=1
19:22:30Z SR1NULL ok  904/5408  hb_age=1s  procs=1
19:22:30Z SR2NULL ok  868/5408  hb_age=3s  procs=1
19:22:30Z SR1CUR ok  894/5408  hb_age=1s  procs=1
19:22:31Z SR2CUR ok  907/5408  hb_age=8s  procs=1
19:22:31Z SRNULL0 ok  872/5408  hb_age=2s  procs=1
19:22:31Z GUNAXTB ok  393/5408  hb_age=13s  procs=1
19:22:31Z GUNAXREP ok  391/5408  hb_age=1s  procs=1
19:24:31Z SR1NULL ok  942/5408  hb_age=3s  procs=1
19:24:31Z SR2NULL ok  906/5408  hb_age=4s  procs=1
19:24:31Z SR1CUR ok  937/5408  hb_age=1s  procs=1
19:24:31Z SR2CUR ok  948/5408  hb_age=2s  procs=1
19:24:32Z SRNULL0 ok  909/5408  hb_age=0s  procs=1
19:24:32Z GUNAXTB ok  427/5408  hb_age=3s  procs=1
19:24:32Z GUNAXREP ok  424/5408  hb_age=2s  procs=1
19:26:32Z SR1NULL ok  983/5408  hb_age=1s  procs=1
19:26:32Z SR2NULL ok  951/5408  hb_age=3s  procs=1
19:26:32Z SR1CUR ok  978/5408  hb_age=2s  procs=1
19:26:32Z SR2CUR ok  995/5408  hb_age=3s  procs=1
19:26:32Z SRNULL0 ok  949/5408  hb_age=2s  procs=1
19:26:32Z GUNAXTB ok  472/5408  hb_age=1s  procs=1
19:26:33Z GUNAXREP ok  463/5408  hb_age=0s  procs=1
19:28:33Z SR1NULL ok  1018/5408  hb_age=2s  procs=1
19:28:33Z SR2NULL ok  992/5408  hb_age=1s  procs=1
19:28:33Z SR1CUR ok  1015/5408  hb_age=2s  procs=1
19:28:33Z SR2CUR ok  1033/5408  hb_age=6s  procs=1
19:28:33Z SRNULL0 ok  986/5408  hb_age=3s  procs=1
19:28:33Z GUNAXTB ok  511/5408  hb_age=1s  procs=1
19:28:33Z GUNAXREP ok  500/5408  hb_age=2s  procs=1
19:30:33Z SR1NULL ok  1056/5408  hb_age=1s  procs=1
19:30:34Z SR2NULL ok  1034/5408  hb_age=0s  procs=1
19:30:34Z SR1CUR ok  1058/5408  hb_age=2s  procs=1
19:30:34Z SR2CUR ok  1074/5408  hb_age=2s  procs=1
19:30:34Z SRNULL0 ok  1033/5408  hb_age=1s  procs=1
19:30:34Z GUNAXTB ok  548/5408  hb_age=2s  procs=1
19:30:34Z GUNAXREP ok  542/5408  hb_age=2s  procs=1
19:32:34Z SR1NULL ok  1097/5408  hb_age=2s  procs=1
19:32:34Z SR2NULL ok  1071/5408  hb_age=1s  procs=1
19:32:34Z SR1CUR ok  1102/5408  hb_age=1s  procs=1
19:32:35Z SR2CUR ok  1114/5408  hb_age=4s  procs=1
19:32:35Z SRNULL0 ok  1073/5408  hb_age=2s  procs=1
19:32:35Z GUNAXTB ok  582/5408  hb_age=1s  procs=1
19:32:35Z GUNAXREP ok  573/5408  hb_age=4s  procs=1
19:34:35Z SR1NULL ok  1140/5408  hb_age=1s  procs=1
19:34:35Z SR2NULL ok  1110/5408  hb_age=1s  procs=1
19:34:35Z SR1CUR ok  1152/5408  hb_age=1s  procs=1
19:34:35Z SR2CUR ok  1157/5408  hb_age=0s  procs=1
19:34:35Z SRNULL0 ok  1120/5408  hb_age=0s  procs=1
19:34:35Z GUNAXTB ok  623/5408  hb_age=3s  procs=1
19:34:35Z GUNAXREP ok  616/5408  hb_age=6s  procs=1
19:36:36Z SR1NULL ok  1176/5408  hb_age=2s  procs=1
19:36:36Z SR2NULL ok  1148/5408  hb_age=2s  procs=1
19:36:36Z SR1CUR ok  1201/5408  hb_age=0s  procs=1
19:36:36Z SR2CUR ok  1193/5408  hb_age=4s  procs=1
19:36:36Z SRNULL0 ok  1163/5408  hb_age=1s  procs=1
19:36:36Z GUNAXTB ok  667/5408  hb_age=1s  procs=1
19:36:36Z GUNAXREP ok  646/5408  hb_age=0s  procs=1
19:38:36Z SR1NULL ok  1219/5408  hb_age=4s  procs=1
19:38:36Z SR2NULL ok  1199/5408  hb_age=0s  procs=1
19:38:36Z SR1CUR ok  1241/5408  hb_age=7s  procs=1
19:38:36Z SR2CUR ok  1227/5408  hb_age=0s  procs=1
19:38:37Z SRNULL0 ok  1209/5408  hb_age=1s  procs=1
19:38:37Z GUNAXTB ok  714/5408  hb_age=3s  procs=1
19:38:37Z GUNAXREP ok  686/5408  hb_age=2s  procs=1
19:40:37Z SR1NULL ok  1257/5408  hb_age=1s  procs=1
19:40:37Z SR2NULL ok  1239/5408  hb_age=2s  procs=1
19:40:37Z SR1CUR ok  1285/5408  hb_age=1s  procs=1
19:40:37Z SR2CUR ok  1261/5408  hb_age=1s  procs=1
19:40:37Z SRNULL0 ok  1256/5408  hb_age=2s  procs=1
19:40:37Z GUNAXTB ok  760/5408  hb_age=1s  procs=1
19:40:37Z GUNAXREP ok  724/5408  hb_age=1s  procs=1
19:42:38Z SR1NULL ok  1307/5408  hb_age=3s  procs=1
19:42:38Z SR2NULL ok  1285/5408  hb_age=1s  procs=1
19:42:38Z SR1CUR ok  1321/5408  hb_age=9s  procs=1
19:42:38Z SR2CUR ok  1310/5408  hb_age=2s  procs=1
19:42:38Z SRNULL0 ok  1299/5408  hb_age=8s  procs=1
19:42:38Z GUNAXTB ok  804/5408  hb_age=1s  procs=1
19:42:38Z GUNAXREP ok  771/5408  hb_age=5s  procs=1
19:44:38Z SR1NULL ok  1351/5408  hb_age=0s  procs=1
19:44:38Z SR2NULL ok  1327/5408  hb_age=3s  procs=1
19:44:38Z SR1CUR ok  1357/5408  hb_age=1s  procs=1
19:44:39Z SR2CUR ok  1353/5408  hb_age=7s  procs=1
19:44:39Z SRNULL0 ok  1347/5408  hb_age=1s  procs=1
19:44:39Z GUNAXTB ok  847/5408  hb_age=1s  procs=1
19:44:39Z GUNAXREP ok  814/5408  hb_age=2s  procs=1
19:46:39Z SR1NULL ok  1386/5408  hb_age=2s  procs=1
19:46:39Z SR2NULL ok  1370/5408  hb_age=4s  procs=1
19:46:39Z SR1CUR ok  1402/5408  hb_age=1s  procs=1
19:46:39Z SR2CUR ok  1387/5408  hb_age=2s  procs=1
19:46:39Z SRNULL0 ok  1379/5408  hb_age=2s  procs=1
19:46:39Z GUNAXTB ok  874/5408  hb_age=3s  procs=1
19:46:40Z GUNAXREP ok  856/5408  hb_age=0s  procs=1
19:48:40Z SR1NULL ok  1426/5408  hb_age=0s  procs=1
19:48:40Z SR2NULL ok  1413/5408  hb_age=3s  procs=1
19:48:40Z SR1CUR ok  1441/5408  hb_age=1s  procs=1
19:48:40Z SR2CUR ok  1427/5408  hb_age=3s  procs=1
19:48:40Z SRNULL0 ok  1416/5408  hb_age=4s  procs=1
19:48:40Z GUNAXTB ok  913/5408  hb_age=1s  procs=1
19:48:40Z GUNAXREP ok  893/5408  hb_age=1s  procs=1
19:50:40Z SR1NULL ok  1469/5408  hb_age=1s  procs=1
19:50:41Z SR2NULL ok  1452/5408  hb_age=1s  procs=1
19:50:41Z SR1CUR ok  1483/5408  hb_age=7s  procs=1
19:50:41Z SR2CUR ok  1470/5408  hb_age=0s  procs=1
19:50:41Z SRNULL0 ok  1459/5408  hb_age=1s  procs=1
19:50:41Z GUNAXTB ok  957/5408  hb_age=0s  procs=1
19:50:41Z GUNAXREP ok  930/5408  hb_age=1s  procs=1
19:52:41Z SR1NULL ok  1506/5408  hb_age=1s  procs=1
19:52:41Z SR2NULL ok  1493/5408  hb_age=5s  procs=1
19:52:41Z SR1CUR ok  1525/5408  hb_age=0s  procs=1
19:52:41Z SR2CUR ok  1506/5408  hb_age=0s  procs=1
19:52:42Z SRNULL0 ok  1506/5408  hb_age=0s  procs=1
19:52:42Z GUNAXTB ok  1000/5408  hb_age=2s  procs=1
19:52:42Z GUNAXREP ok  980/5408  hb_age=2s  procs=1
19:54:42Z SR1NULL ok  1541/5408  hb_age=1s  procs=1
19:54:42Z SR2NULL ok  1540/5408  hb_age=1s  procs=1
19:54:42Z SR1CUR ok  1572/5408  hb_age=0s  procs=1
19:54:42Z SR2CUR ok  1550/5408  hb_age=2s  procs=1
19:54:42Z SRNULL0 ok  1550/5408  hb_age=1s  procs=1
19:54:42Z GUNAXTB ok  1045/5408  hb_age=0s  procs=1
19:54:42Z GUNAXREP ok  1025/5408  hb_age=1s  procs=1
19:56:42Z SR1NULL ok  1587/5408  hb_age=1s  procs=1
19:56:43Z SR2NULL ok  1576/5408  hb_age=0s  procs=1
19:56:43Z SR1CUR ok  1624/5408  hb_age=1s  procs=1
19:56:43Z SR2CUR ok  1590/5408  hb_age=3s  procs=1
19:56:43Z SRNULL0 ok  1595/5408  hb_age=2s  procs=1
19:56:43Z GUNAXTB ok  1093/5408  hb_age=3s  procs=1
19:56:43Z GUNAXREP ok  1063/5408  hb_age=1s  procs=1
19:58:43Z SR1NULL ok  1631/5408  hb_age=0s  procs=1
19:58:43Z SR2NULL ok  1621/5408  hb_age=3s  procs=1
19:58:43Z SR1CUR ok  1662/5408  hb_age=0s  procs=1
19:58:43Z SR2CUR ok  1634/5408  hb_age=1s  procs=1
19:58:43Z SRNULL0 ok  1635/5408  hb_age=2s  procs=1
19:58:44Z GUNAXTB ok  1134/5408  hb_age=0s  procs=1
19:58:44Z GUNAXREP ok  1106/5408  hb_age=2s  procs=1
20:00:44Z SR1NULL ok  1673/5408  hb_age=3s  procs=1
20:00:44Z SR2NULL ok  1660/5408  hb_age=4s  procs=1
20:00:44Z SR1CUR ok  1702/5408  hb_age=1s  procs=1
20:00:44Z SR2CUR ok  1675/5408  hb_age=3s  procs=1
20:00:44Z SRNULL0 ok  1676/5408  hb_age=0s  procs=1
20:00:44Z GUNAXTB ok  1178/5408  hb_age=2s  procs=1
20:00:44Z GUNAXREP ok  1149/5408  hb_age=2s  procs=1
20:02:44Z SR1NULL ok  1714/5408  hb_age=2s  procs=1
20:02:44Z SR2NULL ok  1705/5408  hb_age=0s  procs=1
20:02:45Z SR1CUR ok  1752/5408  hb_age=0s  procs=1
20:02:45Z SR2CUR ok  1720/5408  hb_age=1s  procs=1
20:02:45Z SRNULL0 ok  1728/5408  hb_age=1s  procs=1
20:02:45Z GUNAXTB ok  1221/5408  hb_age=1s  procs=1
20:02:45Z GUNAXREP ok  1191/5408  hb_age=1s  procs=1
20:04:45Z SR1NULL ok  1766/5408  hb_age=1s  procs=1
20:04:45Z SR2NULL ok  1737/5408  hb_age=5s  procs=1
20:04:45Z SR1CUR ok  1802/5408  hb_age=0s  procs=1
20:04:45Z SR2CUR ok  1766/5408  hb_age=1s  procs=1
20:04:45Z SRNULL0 ok  1769/5408  hb_age=2s  procs=1
20:04:45Z GUNAXTB ok  1261/5408  hb_age=0s  procs=1
20:04:46Z GUNAXREP ok  1235/5408  hb_age=0s  procs=1
20:06:46Z SR1NULL ok  1810/5408  hb_age=1s  procs=1
20:06:46Z SR2NULL ok  1778/5408  hb_age=1s  procs=1
20:06:46Z SR1CUR ok  1852/5408  hb_age=1s  procs=1
20:06:46Z SR2CUR ok  1800/5408  hb_age=7s  procs=1
20:06:46Z SRNULL0 ok  1816/5408  hb_age=1s  procs=1
20:06:46Z GUNAXTB ok  1310/5408  hb_age=2s  procs=1
20:06:46Z GUNAXREP ok  1281/5408  hb_age=1s  procs=1
20:08:46Z SR1NULL ok  1849/5408  hb_age=8s  procs=1
20:08:46Z SR2NULL ok  1813/5408  hb_age=2s  procs=1
20:08:47Z SR1CUR ok  1890/5408  hb_age=4s  procs=1
20:08:47Z SR2CUR ok  1834/5408  hb_age=6s  procs=1
20:08:47Z SRNULL0 ok  1859/5408  hb_age=1s  procs=1
20:08:47Z GUNAXTB ok  1354/5408  hb_age=2s  procs=1
20:08:47Z GUNAXREP ok  1323/5408  hb_age=2s  procs=1
20:10:47Z SR1NULL ok  1891/5408  hb_age=3s  procs=1
20:10:47Z SR2NULL ok  1858/5408  hb_age=3s  procs=1
20:10:47Z SR1CUR ok  1936/5408  hb_age=0s  procs=1
20:10:47Z SR2CUR ok  1877/5408  hb_age=2s  procs=1
20:10:47Z SRNULL0 ok  1904/5408  hb_age=1s  procs=1
20:10:47Z GUNAXTB ok  1401/5408  hb_age=0s  procs=1
20:10:48Z GUNAXREP ok  1369/5408  hb_age=2s  procs=1
20:12:48Z SR1NULL ok  1936/5408  hb_age=1s  procs=1
20:12:48Z SR2NULL ok  1902/5408  hb_age=1s  procs=1
20:12:48Z SR1CUR ok  1980/5408  hb_age=1s  procs=1
20:12:48Z SR2CUR ok  1916/5408  hb_age=1s  procs=1
20:12:48Z SRNULL0 ok  1945/5408  hb_age=2s  procs=1
20:12:48Z GUNAXTB ok  1434/5408  hb_age=2s  procs=1
20:12:48Z GUNAXREP ok  1408/5408  hb_age=3s  procs=1
20:14:49Z SR1NULL ok  1977/5408  hb_age=2s  procs=1
20:14:49Z SR2NULL ok  1945/5408  hb_age=0s  procs=1
20:14:49Z SR1CUR ok  2021/5408  hb_age=3s  procs=1
20:14:49Z SR2CUR ok  1958/5408  hb_age=1s  procs=1
20:14:49Z SRNULL0 ok  1988/5408  hb_age=1s  procs=1
20:14:49Z GUNAXTB ok  1477/5408  hb_age=0s  procs=1
20:14:49Z GUNAXREP ok  1441/5408  hb_age=1s  procs=1
20:16:49Z SR1NULL ok  2025/5408  hb_age=1s  procs=1
20:16:49Z SR2NULL ok  1985/5408  hb_age=4s  procs=1
20:16:50Z SR1CUR ok  2062/5408  hb_age=0s  procs=1
20:16:50Z SR2CUR ok  1996/5408  hb_age=1s  procs=1
20:16:50Z SRNULL0 ok  2027/5408  hb_age=3s  procs=1
20:16:50Z GUNAXTB ok  1521/5408  hb_age=1s  procs=1
20:16:50Z GUNAXREP ok  1481/5408  hb_age=1s  procs=1
20:18:50Z SR1NULL ok  2072/5408  hb_age=5s  procs=1
20:18:50Z SR2NULL ok  2027/5408  hb_age=5s  procs=1
20:18:50Z SR1CUR ok  2102/5408  hb_age=1s  procs=1
20:18:50Z SR2CUR ok  2048/5408  hb_age=0s  procs=1
20:18:50Z SRNULL0 ok  2074/5408  hb_age=1s  procs=1
20:18:51Z GUNAXTB ok  1571/5408  hb_age=1s  procs=1
20:18:51Z GUNAXREP ok  1522/5408  hb_age=2s  procs=1
20:20:51Z SR1NULL ok  2107/5408  hb_age=9s  procs=1
20:20:51Z SR2NULL ok  2073/5408  hb_age=18s  procs=1
20:20:51Z SR1CUR ok  2139/5408  hb_age=1s  procs=1
20:20:51Z SR2CUR ok  2090/5408  hb_age=3s  procs=1
20:20:51Z SRNULL0 ok  2122/5408  hb_age=1s  procs=1
20:20:51Z GUNAXTB ok  1612/5408  hb_age=3s  procs=1
20:20:51Z GUNAXREP ok  1564/5408  hb_age=2s  procs=1
20:22:51Z SR1NULL ok  2152/5408  hb_age=4s  procs=1
20:22:51Z SR2NULL ok  2105/5408  hb_age=19s  procs=1
20:22:52Z SR1CUR ok  2177/5408  hb_age=0s  procs=1
20:22:52Z SR2CUR ok  2135/5408  hb_age=2s  procs=1
20:22:52Z SRNULL0 ok  2172/5408  hb_age=0s  procs=1
20:22:52Z GUNAXTB ok  1648/5408  hb_age=1s  procs=1
20:22:52Z GUNAXREP ok  1611/5408  hb_age=1s  procs=1
20:24:52Z SR1NULL ok  2194/5408  hb_age=3s  procs=1
20:24:52Z SR2NULL ok  2146/5408  hb_age=1s  procs=1
20:24:52Z SR1CUR ok  2220/5408  hb_age=0s  procs=1
20:24:52Z SR2CUR ok  2180/5408  hb_age=0s  procs=1
20:24:53Z SRNULL0 ok  2212/5408  hb_age=1s  procs=1
20:24:53Z GUNAXTB ok  1693/5408  hb_age=3s  procs=1
20:24:53Z GUNAXREP ok  1656/5408  hb_age=3s  procs=1
20:26:53Z SR1NULL ok  2242/5408  hb_age=4s  procs=1
20:26:53Z SR2NULL ok  2184/5408  hb_age=8s  procs=1
20:26:53Z SR1CUR ok  2264/5408  hb_age=0s  procs=1
20:26:53Z SR2CUR ok  2230/5408  hb_age=1s  procs=1
20:26:53Z SRNULL0 ok  2260/5408  hb_age=2s  procs=1
20:26:53Z GUNAXTB ok  1736/5408  hb_age=0s  procs=1
20:26:53Z GUNAXREP ok  1699/5408  hb_age=1s  procs=1
20:28:54Z SR1NULL ok  2288/5408  hb_age=1s  procs=1
20:28:54Z SR2NULL ok  2214/5408  hb_age=1s  procs=1
20:28:54Z SR1CUR ok  2305/5408  hb_age=2s  procs=1
20:28:54Z SR2CUR ok  2275/5408  hb_age=0s  procs=1
20:28:54Z SRNULL0 ok  2308/5408  hb_age=5s  procs=1
20:28:54Z GUNAXTB ok  1778/5408  hb_age=4s  procs=1
20:28:54Z GUNAXREP ok  1742/5408  hb_age=1s  procs=1
20:30:54Z SR1NULL ok  2329/5408  hb_age=2s  procs=1
20:30:54Z SR2NULL ok  2252/5408  hb_age=2s  procs=1
20:30:55Z SR1CUR ok  2345/5408  hb_age=14s  procs=1
20:30:55Z SR2CUR ok  2315/5408  hb_age=3s  procs=1
20:30:55Z SRNULL0 ok  2349/5408  hb_age=2s  procs=1
20:30:55Z GUNAXTB ok  1819/5408  hb_age=3s  procs=1
20:30:55Z GUNAXREP ok  1783/5408  hb_age=1s  procs=1
20:32:55Z SR1NULL ok  2373/5408  hb_age=0s  procs=1
20:32:55Z SR2NULL ok  2291/5408  hb_age=1s  procs=1
20:32:55Z SR1CUR ok  2384/5408  hb_age=1s  procs=1
20:32:55Z SR2CUR ok  2362/5408  hb_age=0s  procs=1
20:32:56Z SRNULL0 ok  2394/5408  hb_age=1s  procs=1
20:32:56Z GUNAXTB ok  1867/5408  hb_age=2s  procs=1
20:32:56Z GUNAXREP ok  1817/5408  hb_age=23s  procs=1
20:34:56Z SR1NULL ok  2418/5408  hb_age=0s  procs=1
20:34:56Z SR2NULL ok  2337/5408  hb_age=1s  procs=1
20:34:56Z SR1CUR ok  2426/5408  hb_age=4s  procs=1
20:34:56Z SR2CUR ok  2403/5408  hb_age=1s  procs=1
20:34:56Z SRNULL0 ok  2436/5408  hb_age=6s  procs=1
20:34:56Z GUNAXTB ok  1905/5408  hb_age=1s  procs=1
20:34:56Z GUNAXREP ok  1861/5408  hb_age=0s  procs=1
20:36:56Z SR1NULL ok  2462/5408  hb_age=0s  procs=1
20:36:57Z SR2NULL ok  2377/5408  hb_age=3s  procs=1
20:36:57Z SR1CUR ok  2467/5408  hb_age=1s  procs=1
20:36:57Z SR2CUR ok  2440/5408  hb_age=1s  procs=1
20:36:57Z SRNULL0 ok  2474/5408  hb_age=4s  procs=1
20:36:57Z GUNAXTB ok  1947/5408  hb_age=6s  procs=1
20:36:57Z GUNAXREP ok  1899/5408  hb_age=0s  procs=1
20:38:57Z SR1NULL ok  2500/5408  hb_age=1s  procs=1
20:38:57Z SR2NULL ok  2420/5408  hb_age=4s  procs=1
20:38:57Z SR1CUR ok  2511/5408  hb_age=0s  procs=1
20:38:58Z SR2CUR ok  2482/5408  hb_age=1s  procs=1
20:38:58Z SRNULL0 ok  2518/5408  hb_age=3s  procs=1
20:38:58Z GUNAXTB ok  1986/5408  hb_age=2s  procs=1
20:38:58Z GUNAXREP ok  1939/5408  hb_age=4s  procs=1
20:40:58Z SR1NULL ok  2541/5408  hb_age=0s  procs=1
20:40:58Z SR2NULL ok  2461/5408  hb_age=1s  procs=1
20:40:58Z SR1CUR ok  2554/5408  hb_age=1s  procs=1
20:40:58Z SR2CUR ok  2524/5408  hb_age=4s  procs=1
20:40:58Z SRNULL0 ok  2566/5408  hb_age=1s  procs=1
20:40:59Z GUNAXTB ok  2032/5408  hb_age=1s  procs=1
20:40:59Z GUNAXREP ok  1984/5408  hb_age=2s  procs=1
20:45:30Z SR1NULL ok  2586/5408  hb_age=4s  procs=1
20:45:30Z SR2NULL ok  2502/5408  hb_age=1s  procs=1
20:45:30Z SR1CUR ok  2601/5408  hb_age=2s  procs=1
20:45:30Z SR2CUR ok  2565/5408  hb_age=0s  procs=1
20:45:30Z SRNULL0 ok  2603/5408  hb_age=0s  procs=1
20:45:30Z GUNAXTB ok  2076/5408  hb_age=1s  procs=1
20:45:30Z GUNAXREP ok  2025/5408  hb_age=9s  procs=1
20:47:30Z SR1NULL ok  2626/5408  hb_age=8s  procs=1
20:47:30Z SR2NULL ok  2550/5408  hb_age=0s  procs=1
20:47:30Z SR1CUR ok  2640/5408  hb_age=0s  procs=1
20:47:31Z SR2CUR ok  2610/5408  hb_age=0s  procs=1
20:47:31Z SRNULL0 ok  2648/5408  hb_age=1s  procs=1
20:47:31Z GUNAXTB ok  2118/5408  hb_age=4s  procs=1
20:47:31Z GUNAXREP ok  2068/5408  hb_age=2s  procs=1
20:49:31Z SR1NULL ok  2668/5408  hb_age=1s  procs=1
20:49:31Z SR2NULL ok  2594/5408  hb_age=0s  procs=1
20:49:31Z SR1CUR ok  2683/5408  hb_age=1s  procs=1
20:49:31Z SR2CUR ok  2656/5408  hb_age=0s  procs=1
20:49:31Z SRNULL0 ok  2689/5408  hb_age=2s  procs=1
20:49:31Z GUNAXTB ok  2163/5408  hb_age=1s  procs=1
20:49:32Z GUNAXREP ok  2114/5408  hb_age=0s  procs=1
20:51:32Z SR1NULL ok  2713/5408  hb_age=4s  procs=1
20:51:32Z SR2NULL ok  2642/5408  hb_age=1s  procs=1
20:51:32Z SR1CUR ok  2724/5408  hb_age=4s  procs=1
20:51:32Z SR2CUR ok  2701/5408  hb_age=2s  procs=1
20:51:32Z SRNULL0 ok  2732/5408  hb_age=0s  procs=1
20:51:32Z GUNAXTB ok  2210/5408  hb_age=2s  procs=1
20:51:32Z GUNAXREP ok  2154/5408  hb_age=1s  procs=1
20:53:32Z SR1NULL ok  2750/5408  hb_age=0s  procs=1
20:53:32Z SR2NULL ok  2689/5408  hb_age=1s  procs=1
20:53:33Z SR1CUR ok  2768/5408  hb_age=2s  procs=1
20:53:33Z SR2CUR ok  2747/5408  hb_age=4s  procs=1
20:53:33Z SRNULL0 ok  2772/5408  hb_age=4s  procs=1
20:53:33Z GUNAXTB ok  2248/5408  hb_age=2s  procs=1
20:53:33Z GUNAXREP ok  2202/5408  hb_age=2s  procs=1
20:55:33Z SR1NULL ok  2793/5408  hb_age=2s  procs=1
20:55:33Z SR2NULL ok  2722/5408  hb_age=1s  procs=1
20:55:33Z SR1CUR ok  2804/5408  hb_age=3s  procs=1
20:55:33Z SR2CUR ok  2795/5408  hb_age=3s  procs=1
20:55:33Z SRNULL0 ok  2811/5408  hb_age=4s  procs=1
20:55:34Z GUNAXTB ok  2286/5408  hb_age=1s  procs=1
20:55:34Z GUNAXREP ok  2247/5408  hb_age=0s  procs=1
20:57:34Z SR1NULL ok  2836/5408  hb_age=1s  procs=1
20:57:34Z SR2NULL ok  2765/5408  hb_age=1s  procs=1
20:57:34Z SR1CUR ok  2851/5408  hb_age=1s  procs=1
20:57:34Z SR2CUR ok  2848/5408  hb_age=1s  procs=1
20:57:34Z SRNULL0 ok  2851/5408  hb_age=0s  procs=1
20:57:34Z GUNAXTB ok  2337/5408  hb_age=1s  procs=1
20:57:34Z GUNAXREP ok  2292/5408  hb_age=5s  procs=1
20:59:34Z SR1NULL ok  2882/5408  hb_age=1s  procs=1
20:59:35Z SR2NULL ok  2811/5408  hb_age=3s  procs=1
20:59:35Z SR1CUR ok  2891/5408  hb_age=3s  procs=1
20:59:35Z SR2CUR ok  2890/5408  hb_age=2s  procs=1
20:59:35Z SRNULL0 ok  2897/5408  hb_age=1s  procs=1
20:59:35Z GUNAXTB ok  2385/5408  hb_age=1s  procs=1
20:59:35Z GUNAXREP ok  2339/5408  hb_age=3s  procs=1
21:01:35Z SR1NULL ok  2927/5408  hb_age=0s  procs=1
21:01:35Z SR2NULL ok  2860/5408  hb_age=1s  procs=1
21:01:35Z SR1CUR ok  2937/5408  hb_age=2s  procs=1
21:01:35Z SR2CUR ok  2936/5408  hb_age=7s  procs=1
21:01:36Z SRNULL0 ok  2948/5408  hb_age=0s  procs=1
21:01:36Z GUNAXTB ok  2426/5408  hb_age=1s  procs=1
21:01:36Z GUNAXREP ok  2389/5408  hb_age=2s  procs=1
21:03:36Z SR1NULL ok  2980/5408  hb_age=1s  procs=1
21:03:36Z SR2NULL ok  2900/5408  hb_age=1s  procs=1
21:03:36Z SR1CUR ok  2978/5408  hb_age=3s  procs=1
21:03:36Z SR2CUR ok  2981/5408  hb_age=3s  procs=1
21:03:36Z SRNULL0 ok  3001/5408  hb_age=1s  procs=1
21:03:36Z GUNAXTB ok  2475/5408  hb_age=3s  procs=1
21:03:36Z GUNAXREP ok  2436/5408  hb_age=1s  procs=1
21:05:36Z SR1NULL ok  3023/5408  hb_age=2s  procs=1
21:05:37Z SR2NULL ok  2941/5408  hb_age=0s  procs=1
21:05:37Z SR1CUR ok  3023/5408  hb_age=4s  procs=1
21:05:37Z SR2CUR ok  3021/5408  hb_age=1s  procs=1
21:05:37Z SRNULL0 ok  3045/5408  hb_age=2s  procs=1
21:05:37Z GUNAXTB ok  2520/5408  hb_age=2s  procs=1
21:05:37Z GUNAXREP ok  2476/5408  hb_age=0s  procs=1
21:07:37Z SR1NULL ok  3060/5408  hb_age=2s  procs=1
21:07:37Z SR2NULL ok  2990/5408  hb_age=0s  procs=1
21:07:37Z SR1CUR ok  3070/5408  hb_age=1s  procs=1
21:07:37Z SR2CUR ok  3065/5408  hb_age=7s  procs=1
21:07:37Z SRNULL0 ok  3090/5408  hb_age=0s  procs=1
21:07:38Z GUNAXTB ok  2568/5408  hb_age=1s  procs=1
21:07:38Z GUNAXREP ok  2522/5408  hb_age=5s  procs=1
21:09:38Z SR1NULL ok  3106/5408  hb_age=2s  procs=1
21:09:38Z SR2NULL ok  3033/5408  hb_age=6s  procs=1
21:09:38Z SR1CUR ok  3121/5408  hb_age=0s  procs=1
21:09:38Z SR2CUR ok  3111/5408  hb_age=1s  procs=1
21:09:38Z SRNULL0 ok  3134/5408  hb_age=0s  procs=1
21:09:38Z GUNAXTB ok  2606/5408  hb_age=1s  procs=1
21:09:38Z GUNAXREP ok  2564/5408  hb_age=0s  procs=1
21:11:38Z SR1NULL ok  3158/5408  hb_age=0s  procs=1
21:11:38Z SR2NULL ok  3073/5408  hb_age=0s  procs=1
21:11:39Z SR1CUR ok  3162/5408  hb_age=1s  procs=1
21:11:39Z SR2CUR ok  3160/5408  hb_age=2s  procs=1
21:11:39Z SRNULL0 ok  3180/5408  hb_age=1s  procs=1
21:11:39Z GUNAXTB ok  2646/5408  hb_age=3s  procs=1
21:11:39Z GUNAXREP ok  2600/5408  hb_age=10s  procs=1
21:13:39Z SR1NULL ok  3198/5408  hb_age=0s  procs=1
21:13:39Z SR2NULL ok  3108/5408  hb_age=0s  procs=1
21:13:39Z SR1CUR ok  3208/5408  hb_age=3s  procs=1
21:13:39Z SR2CUR ok  3204/5408  hb_age=3s  procs=1
21:13:40Z SRNULL0 ok  3224/5408  hb_age=8s  procs=1
21:13:40Z GUNAXTB ok  2694/5408  hb_age=2s  procs=1
21:13:40Z GUNAXREP ok  2643/5408  hb_age=2s  procs=1
21:15:40Z SR1NULL ok  3242/5408  hb_age=3s  procs=1
21:15:40Z SR2NULL ok  3144/5408  hb_age=2s  procs=1
21:15:40Z SR1CUR ok  3242/5408  hb_age=2s  procs=1
21:15:40Z SR2CUR ok  3241/5408  hb_age=4s  procs=1
21:15:40Z SRNULL0 ok  3262/5408  hb_age=1s  procs=1
21:15:40Z GUNAXTB ok  2738/5408  hb_age=1s  procs=1
21:15:40Z GUNAXREP ok  2683/5408  hb_age=4s  procs=1
21:17:41Z SR1NULL ok  3289/5408  hb_age=6s  procs=1
21:17:41Z SR2NULL ok  3185/5408  hb_age=2s  procs=1
21:17:41Z SR1CUR ok  3281/5408  hb_age=3s  procs=1
21:17:41Z SR2CUR ok  3283/5408  hb_age=1s  procs=1
21:17:41Z SRNULL0 ok  3298/5408  hb_age=1s  procs=1
21:17:41Z GUNAXTB ok  2781/5408  hb_age=1s  procs=1
21:17:41Z GUNAXREP ok  2723/5408  hb_age=0s  procs=1
21:19:41Z SR1NULL ok  3336/5408  hb_age=2s  procs=1
21:19:41Z SR2NULL ok  3232/5408  hb_age=2s  procs=1
21:19:41Z SR1CUR ok  3313/5408  hb_age=2s  procs=1
21:19:42Z SR2CUR ok  3323/5408  hb_age=4s  procs=1
21:19:42Z SRNULL0 ok  3344/5408  hb_age=1s  procs=1
21:19:42Z GUNAXTB ok  2825/5408  hb_age=3s  procs=1
21:19:42Z GUNAXREP ok  2763/5408  hb_age=2s  procs=1
21:21:42Z SR1NULL ok  3384/5408  hb_age=0s  procs=1
21:21:42Z SR2NULL ok  3277/5408  hb_age=2s  procs=1
21:21:42Z SR1CUR ok  3360/5408  hb_age=1s  procs=1
21:21:42Z SR2CUR ok  3373/5408  hb_age=0s  procs=1
21:21:42Z SRNULL0 ok  3385/5408  hb_age=2s  procs=1
21:21:42Z GUNAXTB ok  2868/5408  hb_age=3s  procs=1
21:21:43Z GUNAXREP ok  2811/5408  hb_age=1s  procs=1
21:23:43Z SR1NULL ok  3429/5408  hb_age=2s  procs=1
21:23:43Z SR2NULL ok  3321/5408  hb_age=3s  procs=1
21:23:43Z SR1CUR ok  3409/5408  hb_age=4s  procs=1
21:23:43Z SR2CUR ok  3415/5408  hb_age=2s  procs=1
21:23:43Z SRNULL0 ok  3424/5408  hb_age=0s  procs=1
21:23:43Z GUNAXTB ok  2917/5408  hb_age=1s  procs=1
21:23:43Z GUNAXREP ok  2854/5408  hb_age=0s  procs=1
21:25:43Z SR1NULL ok  3476/5408  hb_age=5s  procs=1
21:25:43Z SR2NULL ok  3365/5408  hb_age=1s  procs=1
21:25:43Z SR1CUR ok  3448/5408  hb_age=11s  procs=1
21:25:44Z SR2CUR ok  3450/5408  hb_age=3s  procs=1
21:25:44Z SRNULL0 ok  3470/5408  hb_age=2s  procs=1
21:25:44Z GUNAXTB ok  2966/5408  hb_age=2s  procs=1
21:25:44Z GUNAXREP ok  2901/5408  hb_age=1s  procs=1
21:27:44Z SR1NULL ok  3522/5408  hb_age=1s  procs=1
21:27:44Z SR2NULL ok  3408/5408  hb_age=0s  procs=1
21:27:44Z SR1CUR ok  3489/5408  hb_age=2s  procs=1
21:27:44Z SR2CUR ok  3501/5408  hb_age=0s  procs=1
21:27:44Z SRNULL0 ok  3514/5408  hb_age=0s  procs=1
21:27:44Z GUNAXTB ok  3013/5408  hb_age=1s  procs=1
21:27:45Z GUNAXREP ok  2947/5408  hb_age=1s  procs=1
21:29:45Z SR1NULL ok  3567/5408  hb_age=4s  procs=1
21:29:45Z SR2NULL ok  3449/5408  hb_age=5s  procs=1
21:29:45Z SR1CUR ok  3536/5408  hb_age=2s  procs=1
21:29:45Z SR2CUR ok  3547/5408  hb_age=4s  procs=1
21:29:45Z SRNULL0 ok  3558/5408  hb_age=4s  procs=1
21:29:45Z GUNAXTB ok  3049/5408  hb_age=2s  procs=1
21:29:45Z GUNAXREP ok  2999/5408  hb_age=1s  procs=1
21:31:45Z SR1NULL ok  3611/5408  hb_age=2s  procs=1
21:31:45Z SR2NULL ok  3494/5408  hb_age=0s  procs=1
21:31:46Z SR1CUR ok  3579/5408  hb_age=4s  procs=1
21:31:46Z SR2CUR ok  3597/5408  hb_age=2s  procs=1
21:31:46Z SRNULL0 ok  3600/5408  hb_age=2s  procs=1
21:31:46Z GUNAXTB ok  3086/5408  hb_age=1s  procs=1
21:31:46Z GUNAXREP ok  3043/5408  hb_age=2s  procs=1
21:33:46Z SR1NULL ok  3650/5408  hb_age=2s  procs=1
21:33:46Z SR2NULL ok  3540/5408  hb_age=1s  procs=1
21:33:46Z SR1CUR ok  3625/5408  hb_age=10s  procs=1
21:33:46Z SR2CUR ok  3647/5408  hb_age=3s  procs=1
21:33:46Z SRNULL0 ok  3642/5408  hb_age=4s  procs=1
21:33:47Z GUNAXTB ok  3137/5408  hb_age=0s  procs=1
21:33:47Z GUNAXREP ok  3094/5408  hb_age=2s  procs=1
21:35:47Z SR1NULL ok  3692/5408  hb_age=2s  procs=1
21:35:47Z SR2NULL ok  3587/5408  hb_age=1s  procs=1
21:35:47Z SR1CUR ok  3664/5408  hb_age=2s  procs=1
21:35:47Z SR2CUR ok  3687/5408  hb_age=1s  procs=1
21:35:47Z SRNULL0 ok  3687/5408  hb_age=1s  procs=1
21:35:47Z GUNAXTB ok  3176/5408  hb_age=3s  procs=1
21:35:47Z GUNAXREP ok  3131/5408  hb_age=2s  procs=1
21:37:47Z SR1NULL ok  3740/5408  hb_age=0s  procs=1
21:37:47Z SR2NULL ok  3632/5408  hb_age=0s  procs=1
21:37:48Z SR1CUR ok  3712/5408  hb_age=1s  procs=1
21:37:48Z SR2CUR ok  3737/5408  hb_age=2s  procs=1
21:37:48Z SRNULL0 ok  3731/5408  hb_age=1s  procs=1
21:37:48Z GUNAXTB ok  3219/5408  hb_age=1s  procs=1
21:37:48Z GUNAXREP ok  3180/5408  hb_age=0s  procs=1
21:39:48Z SR1NULL ok  3783/5408  hb_age=1s  procs=1
21:39:48Z SR2NULL ok  3672/5408  hb_age=1s  procs=1
21:39:48Z SR1CUR ok  3759/5408  hb_age=1s  procs=1
21:39:48Z SR2CUR ok  3784/5408  hb_age=1s  procs=1
21:39:48Z SRNULL0 ok  3770/5408  hb_age=6s  procs=1
21:39:48Z GUNAXTB ok  3252/5408  hb_age=0s  procs=1
21:39:49Z GUNAXREP ok  3226/5408  hb_age=3s  procs=1
21:41:49Z SR1NULL ok  3830/5408  hb_age=1s  procs=1
21:41:49Z SR2NULL ok  3712/5408  hb_age=2s  procs=1
21:41:49Z SR1CUR ok  3800/5408  hb_age=4s  procs=1
21:41:49Z SR2CUR ok  3828/5408  hb_age=3s  procs=1
21:41:49Z SRNULL0 ok  3813/5408  hb_age=2s  procs=1
21:41:49Z GUNAXTB ok  3293/5408  hb_age=0s  procs=1
21:41:49Z GUNAXREP ok  3274/5408  hb_age=3s  procs=1
21:43:49Z SR1NULL ok  3877/5408  hb_age=1s  procs=1
21:43:50Z SR2NULL ok  3758/5408  hb_age=1s  procs=1
21:43:50Z SR1CUR ok  3844/5408  hb_age=1s  procs=1
21:43:50Z SR2CUR ok  3870/5408  hb_age=2s  procs=1
21:43:50Z SRNULL0 ok  3858/5408  hb_age=3s  procs=1
21:43:50Z GUNAXTB ok  3339/5408  hb_age=2s  procs=1
21:43:50Z GUNAXREP ok  3319/5408  hb_age=1s  procs=1
21:45:50Z SR1NULL ok  3918/5408  hb_age=1s  procs=1
21:45:50Z SR2NULL ok  3808/5408  hb_age=0s  procs=1
21:45:50Z SR1CUR ok  3886/5408  hb_age=0s  procs=1
21:45:51Z SR2CUR ok  3915/5408  hb_age=1s  procs=1
21:45:51Z SRNULL0 ok  3893/5408  hb_age=2s  procs=1
21:45:51Z GUNAXTB ok  3371/5408  hb_age=6s  procs=1
21:45:51Z GUNAXREP ok  3360/5408  hb_age=2s  procs=1
21:47:51Z SR1NULL ok  3962/5408  hb_age=1s  procs=1
21:47:51Z SR2NULL ok  3846/5408  hb_age=2s  procs=1
21:47:51Z SR1CUR ok  3929/5408  hb_age=18s  procs=1
21:47:51Z SR2CUR ok  3961/5408  hb_age=2s  procs=1
21:47:51Z SRNULL0 ok  3935/5408  hb_age=0s  procs=1
21:47:51Z GUNAXTB ok  3420/5408  hb_age=0s  procs=1
21:47:52Z GUNAXREP ok  3397/5408  hb_age=2s  procs=1
21:49:52Z SR1NULL ok  4003/5408  hb_age=2s  procs=1
21:49:52Z SR2NULL ok  3887/5408  hb_age=2s  procs=1
21:49:52Z SR1CUR ok  3974/5408  hb_age=1s  procs=1
21:49:52Z SR2CUR ok  4005/5408  hb_age=1s  procs=1
21:49:52Z SRNULL0 ok  3982/5408  hb_age=1s  procs=1
21:49:52Z GUNAXTB ok  3462/5408  hb_age=1s  procs=1
21:49:52Z GUNAXREP ok  3432/5408  hb_age=1s  procs=1
21:51:52Z SR1NULL ok  4053/5408  hb_age=1s  procs=1
21:51:53Z SR2NULL ok  3941/5408  hb_age=1s  procs=1
21:51:53Z SR1CUR ok  4017/5408  hb_age=1s  procs=1
21:51:53Z SR2CUR ok  4045/5408  hb_age=1s  procs=1
21:51:53Z SRNULL0 ok  4027/5408  hb_age=1s  procs=1
21:51:53Z GUNAXTB ok  3508/5408  hb_age=0s  procs=1
21:51:53Z GUNAXREP ok  3479/5408  hb_age=3s  procs=1
21:53:53Z SR1NULL ok  4097/5408  hb_age=0s  procs=1
21:53:53Z SR2NULL ok  3984/5408  hb_age=0s  procs=1
21:53:53Z SR1CUR ok  4065/5408  hb_age=0s  procs=1
21:53:53Z SR2CUR ok  4080/5408  hb_age=0s  procs=1
21:53:54Z SRNULL0 ok  4067/5408  hb_age=2s  procs=1
21:53:54Z GUNAXTB ok  3554/5408  hb_age=2s  procs=1
21:53:54Z GUNAXREP ok  3524/5408  hb_age=3s  procs=1
21:55:54Z SR1NULL ok  4136/5408  hb_age=12s  procs=1
21:55:54Z SR2NULL ok  4036/5408  hb_age=1s  procs=1
21:55:54Z SR1CUR ok  4107/5408  hb_age=1s  procs=1
21:55:54Z SR2CUR ok  4123/5408  hb_age=6s  procs=1
21:55:54Z SRNULL0 ok  4111/5408  hb_age=0s  procs=1
21:55:54Z GUNAXTB ok  3601/5408  hb_age=1s  procs=1
21:55:55Z GUNAXREP ok  3568/5408  hb_age=0s  procs=1
21:57:55Z SR1NULL ok  4183/5408  hb_age=1s  procs=1
21:57:55Z SR2NULL ok  4080/5408  hb_age=1s  procs=1
21:57:55Z SR1CUR ok  4145/5408  hb_age=2s  procs=1
21:57:55Z SR2CUR ok  4168/5408  hb_age=1s  procs=1
21:57:55Z SRNULL0 ok  4150/5408  hb_age=1s  procs=1
21:57:55Z GUNAXTB ok  3650/5408  hb_age=1s  procs=1
21:57:55Z GUNAXREP ok  3616/5408  hb_age=2s  procs=1
21:59:55Z SR1NULL ok  4223/5408  hb_age=1s  procs=1
21:59:55Z SR2NULL ok  4126/5408  hb_age=1s  procs=1
21:59:55Z SR1CUR ok  4193/5408  hb_age=0s  procs=1
21:59:56Z SR2CUR ok  4211/5408  hb_age=0s  procs=1
21:59:56Z SRNULL0 ok  4192/5408  hb_age=1s  procs=1
21:59:56Z GUNAXTB ok  3692/5408  hb_age=1s  procs=1
21:59:56Z GUNAXREP ok  3666/5408  hb_age=4s  procs=1
22:01:56Z SR1NULL ok  4267/5408  hb_age=3s  procs=1
22:01:56Z SR2NULL ok  4174/5408  hb_age=1s  procs=1
22:01:56Z SR1CUR ok  4234/5408  hb_age=4s  procs=1
22:01:56Z SR2CUR ok  4258/5408  hb_age=1s  procs=1
22:01:56Z SRNULL0 ok  4238/5408  hb_age=1s  procs=1
22:01:56Z GUNAXTB ok  3737/5408  hb_age=2s  procs=1
22:01:57Z GUNAXREP ok  3703/5408  hb_age=1s  procs=1
22:03:57Z SR1NULL ok  4299/5408  hb_age=8s  procs=1
22:03:57Z SR2NULL ok  4216/5408  hb_age=7s  procs=1
22:03:57Z SR1CUR ok  4273/5408  hb_age=1s  procs=1
22:03:57Z SR2CUR ok  4300/5408  hb_age=0s  procs=1
22:03:57Z SRNULL0 ok  4286/5408  hb_age=3s  procs=1
22:03:57Z GUNAXTB ok  3786/5408  hb_age=3s  procs=1
22:03:57Z GUNAXREP ok  3753/5408  hb_age=1s  procs=1
22:05:57Z SR1NULL ok  4348/5408  hb_age=0s  procs=1
22:05:57Z SR2NULL ok  4262/5408  hb_age=0s  procs=1
22:05:58Z SR1CUR ok  4312/5408  hb_age=4s  procs=1
22:05:58Z SR2CUR ok  4341/5408  hb_age=2s  procs=1
22:05:58Z SRNULL0 ok  4331/5408  hb_age=8s  procs=1
22:05:58Z GUNAXTB ok  3832/5408  hb_age=3s  procs=1
22:05:58Z GUNAXREP ok  3801/5408  hb_age=2s  procs=1
22:07:58Z SR1NULL ok  4388/5408  hb_age=2s  procs=1
22:07:58Z SR2NULL ok  4306/5408  hb_age=1s  procs=1
22:07:58Z SR1CUR ok  4359/5408  hb_age=1s  procs=1
22:07:58Z SR2CUR ok  4390/5408  hb_age=0s  procs=1
22:07:58Z SRNULL0 ok  4376/5408  hb_age=0s  procs=1
22:07:59Z GUNAXTB ok  3877/5408  hb_age=4s  procs=1
22:07:59Z GUNAXREP ok  3840/5408  hb_age=1s  procs=1
22:09:59Z SR1NULL ok  4432/5408  hb_age=1s  procs=1
22:09:59Z SR2NULL ok  4349/5408  hb_age=1s  procs=1
22:09:59Z SR1CUR ok  4406/5408  hb_age=1s  procs=1
22:09:59Z SR2CUR ok  4438/5408  hb_age=1s  procs=1
22:09:59Z SRNULL0 ok  4421/5408  hb_age=6s  procs=1
22:09:59Z GUNAXTB ok  3924/5408  hb_age=0s  procs=1
22:09:59Z GUNAXREP ok  3886/5408  hb_age=3s  procs=1
22:11:59Z SR1NULL ok  4474/5408  hb_age=3s  procs=1
22:11:59Z SR2NULL ok  4395/5408  hb_age=1s  procs=1
22:12:00Z SR1CUR ok  4453/5408  hb_age=2s  procs=1
22:12:00Z SR2CUR ok  4482/5408  hb_age=2s  procs=1
22:12:00Z SRNULL0 ok  4464/5408  hb_age=2s  procs=1
22:12:00Z GUNAXTB ok  3970/5408  hb_age=0s  procs=1
22:12:00Z GUNAXREP ok  3936/5408  hb_age=1s  procs=1
22:14:00Z SR1NULL ok  4514/5408  hb_age=3s  procs=1
22:14:00Z SR2NULL ok  4440/5408  hb_age=2s  procs=1
22:14:00Z SR1CUR ok  4504/5408  hb_age=0s  procs=1
22:14:00Z SR2CUR ok  4523/5408  hb_age=2s  procs=1
22:14:00Z SRNULL0 ok  4507/5408  hb_age=3s  procs=1
22:14:01Z GUNAXTB ok  4016/5408  hb_age=0s  procs=1
22:14:01Z GUNAXREP ok  3980/5408  hb_age=1s  procs=1
22:16:01Z SR1NULL ok  4562/5408  hb_age=1s  procs=1
22:16:01Z SR2NULL ok  4488/5408  hb_age=4s  procs=1
22:16:01Z SR1CUR ok  4553/5408  hb_age=2s  procs=1
22:16:01Z SR2CUR ok  4567/5408  hb_age=2s  procs=1
22:16:01Z SRNULL0 ok  4552/5408  hb_age=0s  procs=1
22:16:01Z GUNAXTB ok  4057/5408  hb_age=16s  procs=1
22:16:01Z GUNAXREP ok  4023/5408  hb_age=0s  procs=1
22:18:01Z SR1NULL ok  4600/5408  hb_age=2s  procs=1
22:18:01Z SR2NULL ok  4531/5408  hb_age=0s  procs=1
22:18:02Z SR1CUR ok  4602/5408  hb_age=3s  procs=1
22:18:02Z SR2CUR ok  4618/5408  hb_age=1s  procs=1
22:18:02Z SRNULL0 ok  4592/5408  hb_age=4s  procs=1
22:18:02Z GUNAXTB ok  4101/5408  hb_age=3s  procs=1
22:18:02Z GUNAXREP ok  4059/5408  hb_age=5s  procs=1
22:20:02Z SR1NULL ok  4638/5408  hb_age=0s  procs=1
22:20:02Z SR2NULL ok  4582/5408  hb_age=0s  procs=1
22:20:02Z SR1CUR ok  4636/5408  hb_age=1s  procs=1
22:20:02Z SR2CUR ok  4665/5408  hb_age=2s  procs=1
22:20:02Z SRNULL0 ok  4641/5408  hb_age=1s  procs=1
22:20:03Z GUNAXTB ok  4148/5408  hb_age=0s  procs=1
22:20:03Z GUNAXREP ok  4111/5408  hb_age=1s  procs=1
22:22:03Z SR1NULL ok  4676/5408  hb_age=5s  procs=1
22:22:03Z SR2NULL ok  4623/5408  hb_age=1s  procs=1
22:22:03Z SR1CUR ok  4684/5408  hb_age=1s  procs=1
22:22:03Z SR2CUR ok  4710/5408  hb_age=1s  procs=1
22:22:03Z SRNULL0 ok  4680/5408  hb_age=26s  procs=1
22:22:03Z GUNAXTB ok  4191/5408  hb_age=1s  procs=1
22:22:03Z GUNAXREP ok  4160/5408  hb_age=2s  procs=1
22:24:03Z SR1NULL ok  4723/5408  hb_age=2s  procs=1
22:24:03Z SR2NULL ok  4674/5408  hb_age=0s  procs=1
22:24:04Z SR1CUR ok  4733/5408  hb_age=0s  procs=1
22:24:04Z SR2CUR ok  4752/5408  hb_age=0s  procs=1
22:24:04Z SRNULL0 ok  4725/5408  hb_age=0s  procs=1
22:24:04Z GUNAXTB ok  4228/5408  hb_age=2s  procs=1
22:24:04Z GUNAXREP ok  4211/5408  hb_age=4s  procs=1
22:26:04Z SR1NULL ok  4771/5408  hb_age=1s  procs=1
22:26:04Z SR2NULL ok  4722/5408  hb_age=0s  procs=1
22:26:04Z SR1CUR ok  4772/5408  hb_age=1s  procs=1
22:26:04Z SR2CUR ok  4795/5408  hb_age=2s  procs=1
22:26:04Z SRNULL0 ok  4770/5408  hb_age=2s  procs=1
22:26:05Z GUNAXTB ok  4272/5408  hb_age=0s  procs=1
22:26:05Z GUNAXREP ok  4250/5408  hb_age=3s  procs=1
22:28:05Z SR1NULL ok  4809/5408  hb_age=1s  procs=1
22:28:05Z SR2NULL ok  4773/5408  hb_age=1s  procs=1
22:28:05Z SR1CUR ok  4809/5408  hb_age=5s  procs=1
22:28:05Z SR2CUR ok  4841/5408  hb_age=0s  procs=1
22:28:05Z SRNULL0 ok  4807/5408  hb_age=3s  procs=1
22:28:05Z GUNAXTB ok  4314/5408  hb_age=3s  procs=1
22:28:05Z GUNAXREP ok  4298/5408  hb_age=0s  procs=1
22:30:05Z SR1NULL ok  4852/5408  hb_age=2s  procs=1
22:30:06Z SR2NULL ok  4815/5408  hb_age=0s  procs=1
22:30:06Z SR1CUR ok  4853/5408  hb_age=2s  procs=1
22:30:06Z SR2CUR ok  4883/5408  hb_age=1s  procs=1
22:30:06Z SRNULL0 ok  4849/5408  hb_age=1s  procs=1
22:30:06Z GUNAXTB ok  4357/5408  hb_age=4s  procs=1
22:30:06Z GUNAXREP ok  4341/5408  hb_age=0s  procs=1
22:32:06Z SR1NULL ok  4898/5408  hb_age=2s  procs=1
22:32:06Z SR2NULL ok  4863/5408  hb_age=2s  procs=1
22:32:06Z SR1CUR ok  4890/5408  hb_age=0s  procs=1
22:32:06Z SR2CUR ok  4929/5408  hb_age=1s  procs=1
22:32:07Z SRNULL0 ok  4888/5408  hb_age=6s  procs=1
22:32:07Z GUNAXTB ok  4399/5408  hb_age=2s  procs=1
22:32:07Z GUNAXREP ok  4382/5408  hb_age=5s  procs=1
22:34:07Z SR1NULL ok  4939/5408  hb_age=3s  procs=1
22:34:07Z SR2NULL ok  4907/5408  hb_age=0s  procs=1
22:34:07Z SR1CUR ok  4934/5408  hb_age=3s  procs=1
22:34:07Z SR2CUR ok  4968/5408  hb_age=1s  procs=1
22:34:07Z SRNULL0 ok  4939/5408  hb_age=1s  procs=1
22:34:07Z GUNAXTB ok  4440/5408  hb_age=10s  procs=1
22:34:07Z GUNAXREP ok  4429/5408  hb_age=1s  procs=1
22:36:08Z SR1NULL ok  4981/5408  hb_age=2s  procs=1
22:36:08Z SR2NULL ok  4947/5408  hb_age=5s  procs=1
22:36:08Z SR1CUR ok  4971/5408  hb_age=2s  procs=1
22:36:08Z SR2CUR ok  5016/5408  hb_age=3s  procs=1
22:36:08Z SRNULL0 ok  4986/5408  hb_age=5s  procs=1
22:36:08Z GUNAXTB ok  4482/5408  hb_age=2s  procs=1
22:36:08Z GUNAXREP ok  4474/5408  hb_age=1s  procs=1
22:38:08Z SR1NULL ok  5018/5408  hb_age=0s  procs=1
22:38:08Z SR2NULL ok  4994/5408  hb_age=0s  procs=1
22:38:09Z SR1CUR ok  5018/5408  hb_age=1s  procs=1
22:38:09Z SR2CUR ok  5054/5408  hb_age=1s  procs=1
22:38:09Z SRNULL0 ok  5033/5408  hb_age=1s  procs=1
22:38:09Z GUNAXTB ok  4526/5408  hb_age=1s  procs=1
22:38:09Z GUNAXREP ok  4504/5408  hb_age=2s  procs=1
22:40:09Z SR1NULL ok  5058/5408  hb_age=2s  procs=1
22:40:09Z SR2NULL ok  5040/5408  hb_age=1s  procs=1
22:40:09Z SR1CUR ok  5068/5408  hb_age=0s  procs=1
22:40:09Z SR2CUR ok  5096/5408  hb_age=5s  procs=1
22:40:09Z SRNULL0 ok  5071/5408  hb_age=0s  procs=1
22:40:09Z GUNAXTB ok  4566/5408  hb_age=0s  procs=1
22:40:09Z GUNAXREP ok  4547/5408  hb_age=2s  procs=1
22:42:10Z SR1NULL ok  5105/5408  hb_age=3s  procs=1
22:42:10Z SR2NULL ok  5084/5408  hb_age=1s  procs=1
22:42:10Z SR1CUR ok  5106/5408  hb_age=1s  procs=1
22:42:10Z SR2CUR ok  5135/5408  hb_age=3s  procs=1
22:42:10Z SRNULL0 ok  5112/5408  hb_age=14s  procs=1
22:42:10Z GUNAXTB ok  4611/5408  hb_age=2s  procs=1
22:42:10Z GUNAXREP ok  4593/5408  hb_age=2s  procs=1
22:44:10Z SR1NULL ok  5154/5408  hb_age=1s  procs=1
22:44:10Z SR2NULL ok  5130/5408  hb_age=1s  procs=1
22:44:10Z SR1CUR ok  5146/5408  hb_age=0s  procs=1
22:44:11Z SR2CUR ok  5181/5408  hb_age=0s  procs=1
22:44:11Z SRNULL0 ok  5156/5408  hb_age=2s  procs=1
22:44:11Z GUNAXTB ok  4658/5408  hb_age=1s  procs=1
22:44:11Z GUNAXREP ok  4643/5408  hb_age=1s  procs=1
22:46:11Z SR1NULL ok  5197/5408  hb_age=1s  procs=1
22:46:11Z SR2NULL ok  5179/5408  hb_age=1s  procs=1
22:46:11Z SR1CUR ok  5193/5408  hb_age=8s  procs=1
22:46:11Z SR2CUR ok  5225/5408  hb_age=0s  procs=1
22:46:11Z SRNULL0 ok  5199/5408  hb_age=2s  procs=1
22:46:11Z GUNAXTB ok  4697/5408  hb_age=3s  procs=1
22:46:12Z GUNAXREP ok  4681/5408  hb_age=7s  procs=1
22:48:12Z SR1NULL ok  5241/5408  hb_age=5s  procs=1
22:48:12Z SR2NULL ok  5224/5408  hb_age=4s  procs=1
22:48:12Z SR1CUR ok  5234/5408  hb_age=0s  procs=1
22:48:12Z SR2CUR ok  5269/5408  hb_age=2s  procs=1
22:48:12Z SRNULL0 ok  5246/5408  hb_age=1s  procs=1
22:48:12Z GUNAXTB ok  4745/5408  hb_age=1s  procs=1
22:48:12Z GUNAXREP ok  4729/5408  hb_age=1s  procs=1
22:50:12Z SR1NULL ok  5283/5408  hb_age=4s  procs=1
22:50:12Z SR2NULL ok  5268/5408  hb_age=1s  procs=1
22:50:12Z SR1CUR ok  5283/5408  hb_age=1s  procs=1
22:50:13Z SR2CUR ok  5310/5408  hb_age=2s  procs=1
22:50:13Z SRNULL0 ok  5288/5408  hb_age=2s  procs=1
22:50:13Z GUNAXTB ok  4783/5408  hb_age=0s  procs=1
22:50:13Z GUNAXREP ok  4773/5408  hb_age=2s  procs=1
22:52:13Z SR1NULL ok  5321/5408  hb_age=1s  procs=1
22:52:13Z SR2NULL ok  5312/5408  hb_age=4s  procs=1
22:52:13Z SR1CUR ok  5330/5408  hb_age=1s  procs=1
22:52:13Z SR2CUR ok  5354/5408  hb_age=3s  procs=1
22:52:13Z SRNULL0 ok  5325/5408  hb_age=0s  procs=1
22:52:14Z GUNAXTB ok  4826/5408  hb_age=5s  procs=1
22:52:14Z GUNAXREP ok  4817/5408  hb_age=1s  procs=1
22:54:14Z SR1NULL ok  5355/5408  hb_age=3s  procs=1
22:54:14Z SR2NULL ok  5352/5408  hb_age=6s  procs=1
22:54:14Z SR1CUR ok  5368/5408  hb_age=26s  procs=1
22:54:14Z SR2CUR ok  5395/5408  hb_age=3s  procs=1
22:54:14Z SRNULL0 ok  5369/5408  hb_age=0s  procs=1
22:54:14Z GUNAXTB ok  4873/5408  hb_age=0s  procs=1
22:54:14Z GUNAXREP ok  4851/5408  hb_age=0s  procs=1
22:56:14Z SR1NULL ok  5391/5408  hb_age=0s  procs=1
22:56:15Z SR2NULL ok  5387/5408  hb_age=2s  procs=1
22:56:15Z GUNAXTB ok  4922/5408  hb_age=1s  procs=1
22:56:15Z GUNAXREP ok  4893/5408  hb_age=2s  procs=1
22:58:15Z GUNAXTB ok  4969/5408  hb_age=1s  procs=1
22:58:15Z GUNAXREP ok  4930/5408  hb_age=4s  procs=1
23:00:15Z GUNAXTB ok  5013/5408  hb_age=1s  procs=1
23:00:15Z GUNAXREP ok  4968/5408  hb_age=5s  procs=1
23:02:15Z GUNAXTB ok  5058/5408  hb_age=1s  procs=1
23:02:15Z GUNAXREP ok  5007/5408  hb_age=3s  procs=1
23:04:15Z GUNAXTB ok  5105/5408  hb_age=3s  procs=1
23:04:15Z GUNAXREP ok  5048/5408  hb_age=1s  procs=1
23:06:16Z GUNAXTB ok  5147/5408  hb_age=3s  procs=1
23:06:16Z GUNAXREP ok  5103/5408  hb_age=1s  procs=1
23:08:16Z GUNAXTB ok  5192/5408  hb_age=1s  procs=1
23:08:16Z GUNAXREP ok  5149/5408  hb_age=2s  procs=1
23:10:16Z GUNAXTB ok  5236/5408  hb_age=1s  procs=1
23:10:16Z GUNAXREP ok  5189/5408  hb_age=1s  procs=1
23:12:16Z GUNAXTB ok  5288/5408  hb_age=1s  procs=1
23:12:16Z GUNAXREP ok  5237/5408  hb_age=1s  procs=1
23:14:16Z GUNAXTB ok  5338/5408  hb_age=0s  procs=1
23:14:16Z GUNAXREP ok  5285/5408  hb_age=2s  procs=1
23:16:16Z GUNAXTB ok  5384/5408  hb_age=0s  procs=1
23:16:17Z GUNAXREP ok  5337/5408  hb_age=1s  procs=1
23:18:17Z GUNAXREP ok  5383/5408  hb_age=1s  procs=1
23:20:17Z ALL SHARDS COMPLETE
23:20:17Z  ok  5383/5408  hb_age=1s  procs=0
tools/overnight_watch.sh:171: parse error near `done'
