04:53:13Z boundary passed, starting
04:53:13Z holder before: v104 (Loki v2)
Update available: 2.3.6 -> 2.3.7. Run: pip install --upgrade fcode
Version 108 is now the active submission.
04:53:16Z holder after activate: v108
04:53:17Z REJECTED eceb8455
04:53:19Z REJECTED b2deaacd
04:53:22Z REJECTED 7fd91e77
04:53:24Z REJECTED 25288fdb
04:53:27Z REJECTED b538e523
04:53:29Z TREATMENT WINDOW 1: 0/5 accepted
Update available: 2.3.6 -> 2.3.7. Run: pip install --upgrade fcode
Version 104 is now the active submission.
04:53:32Z holder after rollback: v104 (Loki v2)
04:53:32Z ROLLBACK CONFIRMED
05:00:50Z holder before: v104 (Loki v2)
05:00:53Z holder after activate: v108
05:00:54Z fired 1/5 vs eceb8455
05:00:56Z fired 2/5 vs b2deaacd
05:00:59Z fired 3/5 vs 7fd91e77
05:01:02Z fired 4/5 vs 25288fdb
05:01:04Z fired 5/5 vs b538e523
05:01:06Z TREATMENT WINDOW 1: 5/5 accepted
05:01:09Z holder after rollback: v104 (Loki v2)
05:01:09Z ROLLBACK CONFIRMED
