Running match: mE vs _v488beltbreak2
  Map: drakkarfjord.map26  Seed: 2  Replay: 
scratchpad/s51_v518_build/mech/mE/rep/drakkarfjord_s2_A.replay26  TLE: 10ms
Completed turn 0
Completed turn 100
Completed turn 200
Completed turn 300
Completed turn 400
Completed turn 500
Completed turn 600
Completed turn 700
Completed turn 800
Completed turn 900
Replay written to 
scratchpad/s51_v518_build/mech/mE/rep/drakkarfjord_s2_A.replay26

  Winner: _v488beltbreak2  (Titanium collected (tiebreak), turn 1000)

                              mE       _v488beltbreak2  
  Titanium     3407 (8120 mined)    8553 (14030 mined)  
  Units                       11                    22  
  Buildings                  116                   116  

