Update available: 2.3.6 -> 2.3.8. Run: pip install --upgrade fcode
TIWATCH518 0 ti 500 ammo 0 scale 100 units 1 sen 30 bar 3 beat 0 hold 0
TIWATCH518 1 ti 470 ammo 0 scale 120 units 2 sen 36 bar 3 beat 0 hold 0
TIWATCH518 2 ti 406 ammo 0 scale 150 units 4 sen 45 bar 4 beat 0 hold 0
TIWATCH518 3 ti 361 ammo 0 scale 160 units 4 sen 48 bar 4 beat 0 hold 0
TIWATCH518 4 ti 305 ammo 0 scale 175 units 5 sen 52 bar 5 beat 0 hold 0
TIWATCH518 5 ti 295 ammo 0 scale 167 units 4 sen 50 bar 5 beat 0 hold 0
TIWATCH518 6 ti 262 ammo 0 scale 177 units 5 sen 53 bar 5 beat 0 hold 0
TIWATCH518 7 ti 272 ammo 0 scale 167 units 4 sen 50 bar 5 beat 0 hold 0
TIWATCH518 8 ti 249 ammo 0 scale 177 units 5 sen 53 bar 5 beat 0 hold 0
TIWATCH518 9 ti 249 ammo 0 scale 167 units 4 sen 50 bar 5 beat 0 hold 0
TIWATCH518 10 ti 216 ammo 0 scale 177 units 5 sen 53 bar 5 beat 0 hold 0
TIWATCH518 11 ti 226 ammo 0 scale 167 units 4 sen 50 bar 5 beat 0 hold 0
TIWATCH518 12 ti 203 ammo 0 scale 177 units 5 sen 53 bar 5 beat 0 hold 0
TIWATCH518 13 ti 203 ammo 0 scale 167 units 4 sen 50 bar 5 beat 0 hold 0
GATE515 13 salt 0 eco 0 orth 7 floor 60
GAP518 13 id 3 code GATE live 0 salt 0 eco 0 ti 203 sen 50 bar 5 need 7 orth 7 floor 60
TIWATCH518 14 ti 198 ammo 0 scale 168 units 4 sen 50 bar 5 beat 0 hold 0
GATE515 14 salt 0 eco 0 orth 6 floor 60
GAP518 14 id 3 code GATE live 0 salt 0 eco 0 ti 148 sen 56 bar 5 need 6 orth 6 floor 60
GATE515 14 salt 0 eco 0 orth 6 floor 60
TIWATCH518 15 ti 158 ammo 0 scale 188 units 5 sen 56 bar 5 beat 0 hold 0
GATE515 15 salt 0 eco 0 orth 7 floor 60
GAP518 15 id 3 code GATE live 0 salt 0 eco 0 ti 102 sen 62 bar 6 need 7 orth 7 floor 60
TIWATCH518 16 ti 65 ammo 0 scale 214 units 6 sen 64 bar 6 beat 0 hold 0
TICONV518 16 amt 13 floor 52
GATE515 16 salt 0 eco 0 orth 6 floor 60
GAP518 16 id 3 code GATE live 0 salt 0 eco 0 ti 52 sen 64 bar 6 need 6 orth 6 floor 60
TIWATCH518 17 ti 40 ammo 13 scale 216 units 6 sen 64 bar 6 beat 0 hold 0
GATE515 17 salt 0 eco 0 orth 5 floor 60
GAP518 17 id 3 code GATE live 0 salt 0 eco 0 ti 40 sen 64 bar 6 need 5 orth 5 floor 60
GATE515 17 salt 0 eco 0 orth 5 floor 60
TIWATCH518 18 ti 40 ammo 13 scale 216 units 6 sen 64 bar 6 beat 0 hold 0
GATE515 18 salt 0 eco 0 orth 5 floor 60
GAP518 18 id 3 code GATE live 0 salt 0 eco 0 ti 40 sen 64 bar 6 need 5 orth 5 floor 60
GATE515 18 salt 0 eco 0 orth 5 floor 60
TIWATCH518 19 ti 44 ammo 13 scale 217 units 6 sen 65 bar 6 beat 0 hold 0
GATE515 19 salt 0 eco 0 orth 5 floor 60
GAP518 19 id 3 code GATE live 0 salt 0 eco 0 ti 44 sen 65 bar 6 need 5 orth 5 floor 60
GATE515 19 salt 0 eco 0 orth 5 floor 60
TIWATCH518 20 ti 54 ammo 13 scale 217 units 6 sen 65 bar 6 beat 0 hold 0
GATE515 20 salt 0 eco 0 orth 5 floor 60
GAP518 20 id 3 code GATE live 0 salt 0 eco 0 ti 54 sen 65 bar 6 need 5 orth 5 floor 60
TIWATCH518 21 ti 58 ammo 13 scale 218 units 6 sen 65 bar 6 beat 0 hold 0
GATE515 21 salt 0 eco 0 orth 4 floor 60
GAP518 21 id 3 code GATE live 0 salt 0 eco 0 ti 58 sen 65 bar 6 need 4 orth 4 floor 60
GATE515 21 salt 0 eco 0 orth 4 floor 60
TIWATCH518 22 ti 58 ammo 13 scale 218 units 6 sen 65 bar 6 beat 0 hold 0
GATE515 22 salt 0 eco 0 orth 4 floor 60
GAP518 22 id 3 code GATE live 0 salt 0 eco 0 ti 58 sen 65 bar 6 need 4 orth 4 floor 60
GATE515 22 salt 0 eco 0 orth 4 floor 60
TIWATCH518 23 ti 68 ammo 13 scale 218 units 6 sen 65 bar 6 beat 0 hold 0
GATE515 23 salt 0 eco 0 orth 4 floor 60
GAP518 23 id 3 code GATE live 0 salt 0 eco 0 ti 68 sen 65 bar 6 need 4 orth 4 floor 60
GATE515 23 salt 0 eco 0 orth 4 floor 60
TIWATCH518 24 ti 78 ammo 13 scale 218 units 6 sen 65 bar 6 beat 0 hold 0
GATE515 24 salt 0 eco 0 orth 4 floor 60
GAP518 24 id 3 code GATE live 0 salt 0 eco 0 ti 78 sen 65 bar 6 need 4 orth 4 floor 60
GATE515 24 salt 0 eco 0 orth 4 floor 60
TIWATCH518 25 ti 88 ammo 13 scale 218 units 6 sen 65 bar 6 beat 0 hold 0
GATE515 25 salt 0 eco 0 orth 4 floor 60
GAP518 25 id 3 code GATE live 0 salt 0 eco 0 ti 88 sen 65 bar 6 need 4 orth 4 floor 60
TIWATCH518 26 ti 45 ammo 13 scale 228 units 7 sen 68 bar 6 beat 0 hold 0
GATE515 26 salt 0 eco 0 orth 3 floor 60
GAP518 26 id 3 code GATE live 0 salt 0 eco 0 ti 45 sen 68 bar 6 need 4 orth 3 floor 60
TIWATCH518 27 ti 53 ammo 13 scale 228 units 7 sen 68 bar 6 beat 0 hold 0
GATE515 27 salt 0 eco 0 orth 3 floor 60
GAP518 27 id 3 code GATE live 0 salt 0 eco 0 ti 53 sen 68 bar 6 need 4 orth 3 floor 60
TIWATCH518 28 ti 61 ammo 13 scale 228 units 7 sen 68 bar 6 beat 0 hold 0
GATE515 28 salt 0 eco 0 orth 3 floor 60
GAP518 28 id 3 code GATE live 0 salt 0 eco 0 ti 61 sen 68 bar 6 need 4 orth 3 floor 60
TIWATCH518 29 ti 69 ammo 13 scale 228 units 7 sen 68 bar 6 beat 0 hold 0
GATE515 29 salt 0 eco 0 orth 3 floor 60
GAP518 29 id 3 code GATE live 0 salt 0 eco 0 ti 69 sen 68 bar 6 need 4 orth 3 floor 60
TIWATCH518 30 ti 67 ammo 13 scale 228 units 7 sen 68 bar 6 beat 0 hold 0
GATE515 30 salt 0 eco 0 orth 3 floor 60
GAP518 30 id 3 code GATE live 0 salt 0 eco 0 ti 67 sen 68 bar 6 need 4 orth 3 floor 60
TIWATCH518 31 ti 75 ammo 13 scale 228 units 7 sen 68 bar 6 beat 0 hold 0
GATE515 31 salt 0 eco 0 orth 3 floor 60
GAP518 31 id 3 code GATE live 0 salt 0 eco 0 ti 75 sen 68 bar 6 need 4 orth 3 floor 60
TIWATCH518 32 ti 83 ammo 13 scale 228 units 7 sen 68 bar 6 beat 0 hold 0
GATE515 32 salt 0 eco 0 orth 3 floor 60
GAP518 32 id 3 code GATE live 0 salt 0 eco 0 ti 83 sen 68 bar 6 need 4 orth 3 floor 60
TIWATCH518 33 ti 91 ammo 13 scale 228 units 7 sen 68 bar 6 beat 0 hold 0
GATE515 33 salt 0 eco 0 orth 3 floor 60
GAP518 33 id 3 code GATE live 0 salt 0 eco 0 ti 91 sen 68 bar 6 need 4 orth 3 floor 60
TIWATCH518 34 ti 89 ammo 13 scale 228 units 7 sen 68 bar 6 beat 0 hold 0
GATE515 34 salt 0 eco 0 orth 3 floor 60
GAP518 34 id 3 code GATE live 0 salt 0 eco 0 ti 89 sen 68 bar 6 need 4 orth 3 floor 60
GATE515 34 salt 0 eco 0 orth 3 floor 60
TIWATCH518 35 ti 99 ammo 13 scale 228 units 7 sen 68 bar 6 beat 0 hold 0
GATE515 35 salt 0 eco 0 orth 3 floor 60
GAP518 35 id 3 code GATE live 0 salt 0 eco 0 ti 99 sen 68 bar 6 need 4 orth 3 floor 60
TIWATCH518 36 ti 107 ammo 13 scale 228 units 7 sen 68 bar 6 beat 0 hold 0
GATE515 36 salt 0 eco 0 orth 3 floor 60
GAP518 36 id 3 code GATE live 0 salt 0 eco 0 ti 107 sen 68 bar 6 need 4 orth 3 floor 60
TIWATCH518 37 ti 70 ammo 13 scale 233 units 7 sen 69 bar 6 beat 0 hold 0
GATE515 37 salt 0 eco 0 orth 3 floor 60
GAP518 37 id 3 code GATE live 0 salt 0 eco 0 ti 70 sen 69 bar 6 need 4 orth 3 floor 60
TIWATCH518 38 ti 62 ammo 13 scale 234 units 7 sen 70 bar 7 beat 0 hold 0
GATE515 38 salt 0 eco 0 orth 3 floor 60
GAP518 38 id 3 code GATE live 0 salt 0 eco 0 ti 62 sen 70 bar 7 need 4 orth 3 floor 60
TIWATCH518 39 ti 70 ammo 13 scale 234 units 7 sen 70 bar 7 beat 0 hold 0
GATE515 39 salt 0 eco 0 orth 3 floor 60
GAP518 39 id 3 code GATE live 0 salt 0 eco 0 ti 70 sen 70 bar 7 need 4 orth 3 floor 60
TIWATCH518 40 ti 71 ammo 13 scale 235 units 7 sen 70 bar 7 beat 0 hold 0
GATE515 40 salt 0 eco 0 orth 3 floor 60
GAP518 40 id 3 code GATE live 0 salt 0 eco 0 ti 71 sen 70 bar 7 need 4 orth 3 floor 60
TIWATCH518 41 ti 72 ammo 13 scale 236 units 7 sen 70 bar 7 beat 0 hold 0
GATE515 41 salt 0 eco 0 orth 3 floor 60
GAP518 41 id 3 code GATE live 0 salt 0 eco 0 ti 72 sen 70 bar 7 need 4 orth 3 floor 60
TIWATCH518 42 ti 70 ammo 13 scale 236 units 7 sen 70 bar 7 beat 0 hold 0
GAP518 42 id 3 code DODGE live -1 salt -1 eco -1 ti -1 sen -1 bar -1 need -1 orth -1 floor 60
TIWATCH518 43 ti 73 ammo 13 scale 237 units 7 sen 71 bar 7 beat 0 hold 0
GATE515 43 salt 0 eco 0 orth 3 floor 60
GAP518 43 id 3 code GATE live 0 salt 0 eco 0 ti 73 sen 71 bar 7 need 4 orth 3 floor 60
TIWATCH518 44 ti 81 ammo 13 scale 237 units 7 sen 71 bar 7 beat 0 hold 0
GATE515 44 salt 0 eco 0 orth 3 floor 60
GAP518 44 id 3 code GATE live 0 salt 0 eco 0 ti 81 sen 71 bar 7 need 4 orth 3 floor 60
TIWATCH518 45 ti 72 ammo 13 scale 237 units 7 sen 71 bar 7 beat 0 hold 0
GATE515 45 salt 0 eco 0 orth 5 floor 60
GAP518 45 id 3 code GATE live 0 salt 0 eco 0 ti 72 sen 71 bar 7 need 5 orth 5 floor 60
TIWATCH518 46 ti 75 ammo 13 scale 238 units 7 sen 71 bar 7 beat 0 hold 0
GATE515 46 salt 0 eco 0 orth 4 floor 60
GAP518 46 id 3 code GATE live 0 salt 0 eco 0 ti 75 sen 71 bar 7 need 4 orth 4 floor 60
GATE515 46 salt 0 eco 0 orth 4 floor 60
TIWATCH518 47 ti 95 ammo 13 scale 238 units 7 sen 71 bar 7 beat 0 hold 0
GATE515 47 salt 0 eco 0 orth 4 floor 60
GAP518 47 id 3 code GATE live 0 salt 0 eco 0 ti 95 sen 71 bar 7 need 4 orth 4 floor 60
GATE515 47 salt 0 eco 0 orth 4 floor 60
TIWATCH518 48 ti 105 ammo 13 scale 238 units 7 sen 71 bar 7 beat 0 hold 0
GATE515 48 salt 0 eco 0 orth 4 floor 60
GAP518 48 id 3 code GATE live 0 salt 0 eco 0 ti 105 sen 71 bar 7 need 4 orth 4 floor 60
GATE515 48 salt 0 eco 0 orth 4 floor 60
TIWATCH518 49 ti 125 ammo 13 scale 237 units 7 sen 71 bar 7 beat 0 hold 0
GATE515 49 salt 0 eco 0 orth 5 floor 60
GAP518 49 id 3 code GATE live 0 salt 0 eco 0 ti 125 sen 71 bar 7 need 5 orth 5 floor 60
TIWATCH518 50 ti 71 ammo 13 scale 243 units 7 sen 72 bar 7 beat 0 hold 0
TICONV518 50 amt 11 floor 12
GATE515 50 salt 0 eco 0 orth 4 floor 60
GAP518 50 id 3 code GATE live 0 salt 0 eco 0 ti 60 sen 72 bar 7 need 4 orth 4 floor 60
GATE515 50 salt 0 eco 0 orth 4 floor 60
TIWATCH518 51 ti 63 ammo 24 scale 244 units 7 sen 73 bar 7 beat 0 hold 0
GAP518 51 id 3 code DODGE live -1 salt -1 eco -1 ti -1 sen -1 bar -1 need -1 orth -1 floor 60
TIWATCH518 52 ti 73 ammo 24 scale 243 units 7 sen 72 bar 7 beat 0 hold 0
GATE515 52 salt 0 eco 0 orth 5 floor 60
GAP518 52 id 3 code GATE live 0 salt 0 eco 0 ti 73 sen 72 bar 7 need 5 orth 5 floor 60
TIWATCH518 53 ti 74 ammo 24 scale 244 units 7 sen 73 bar 7 beat 0 hold 0
GATE515 53 salt 0 eco 0 orth 5 floor 60
GAP518 53 id 3 code GATE live 0 salt 0 eco 0 ti 74 sen 73 bar 7 need 5 orth 5 floor 60
TIWATCH518 54 ti 26 ammo 24 scale 265 units 8 sen 79 bar 7 beat 0 hold 0
GATE515 54 salt 0 eco 0 orth 5 floor 60
GAP518 54 id 3 code GATE live 0 salt 0 eco 0 ti 26 sen 79 bar 7 need 5 orth 5 floor 60
GATE515 54 salt 0 eco 0 orth 5 floor 60
TIWATCH518 55 ti 36 ammo 24 scale 265 units 8 sen 79 bar 7 beat 0 hold 0
GATE515 55 salt 0 eco 0 orth 5 floor 60
GAP518 55 id 3 code GATE live 0 salt 0 eco 0 ti 36 sen 79 bar 7 need 5 orth 5 floor 60
GATE515 55 salt 0 eco 0 orth 5 floor 60
TIWATCH518 56 ti 39 ammo 24 scale 266 units 8 sen 79 bar 7 beat 0 hold 0
GATE515 56 salt 0 eco 0 orth 5 floor 60
GAP518 56 id 3 code GATE live 0 salt 0 eco 0 ti 39 sen 79 bar 7 need 5 orth 5 floor 60
GATE515 56 salt 0 eco 0 orth 5 floor 60
TIWATCH518 57 ti 59 ammo 20 scale 266 units 8 sen 79 bar 7 beat 0 hold 0
TICONV518 57 amt 4 floor 12
GATE515 57 salt 0 eco 0 orth 5 floor 60
GAP518 57 id 3 code GATE live 0 salt 0 eco 0 ti 55 sen 79 bar 7 need 5 orth 5 floor 60
TIWATCH518 58 ti 0 ammo 24 scale 286 units 9 sen 85 bar 8 beat 0 hold 0
GATE515 58 salt 0 eco 0 orth 5 floor 60
GAP518 58 id 3 code GATE live 0 salt 0 eco 0 ti 0 sen 85 bar 8 need 5 orth 5 floor 60
GATE515 58 salt 0 eco 0 orth 5 floor 60
TIWATCH518 59 ti 10 ammo 24 scale 286 units 9 sen 85 bar 8 beat 0 hold 0
GATE515 59 salt 0 eco 0 orth 5 floor 60
GAP518 59 id 3 code GATE live 0 salt 0 eco 0 ti 10 sen 85 bar 8 need 5 orth 5 floor 60
GATE515 59 salt 0 eco 0 orth 5 floor 60
TIWATCH518 60 ti 10 ammo 24 scale 286 units 9 sen 85 bar 8 beat 0 hold 0
GATE515 60 salt 0 eco 1 orth 5 floor 60
GAP518 60 id 3 code FUND live 0 salt 0 eco 1 ti 10 sen 85 bar 8 need 5 orth 5 floor 60
GATE515 60 salt 0 eco 1 orth 5 floor 60
TIWATCH518 61 ti 20 ammo 16 scale 286 units 9 sen 85 bar 8 beat 0 hold 0
TICONV518 61 amt 8 floor 12
GATE515 61 salt 0 eco 1 orth 5 floor 60
GAP518 61 id 3 code FUND live 0 salt 0 eco 1 ti 12 sen 85 bar 8 need 5 orth 5 floor 60
GATE515 61 salt 0 eco 1 orth 5 floor 60
TIWATCH518 62 ti 22 ammo 20 scale 286 units 9 sen 85 bar 8 beat 0 hold 0
TICONV518 62 amt 4 floor 12
GATE515 62 salt 0 eco 1 orth 5 floor 60
GAP518 62 id 3 code FUND live 0 salt 0 eco 1 ti 18 sen 85 bar 8 need 5 orth 5 floor 60
GATE515 62 salt 0 eco 1 orth 5 floor 60
TIWATCH518 63 ti 38 ammo 20 scale 286 units 9 sen 85 bar 8 beat 0 hold 0
TICONV518 63 amt 4 floor 12
GATE515 63 salt 0 eco 1 orth 5 floor 60
GAP518 63 id 3 code FUND live 0 salt 0 eco 1 ti 34 sen 85 bar 8 need 5 orth 5 floor 60
GATE515 63 salt 0 eco 1 orth 5 floor 60
TIWATCH518 64 ti 44 ammo 20 scale 286 units 9 sen 85 bar 8 beat 0 hold 0
TICONV518 64 amt 4 floor 12
GATE515 64 salt 0 eco 1 orth 5 floor 60
GAP518 64 id 3 code FUND live 0 salt 0 eco 1 ti 40 sen 85 bar 8 need 5 orth 5 floor 60
GATE515 64 salt 0 eco 1 orth 5 floor 60
TIWATCH518 65 ti 60 ammo 20 scale 286 units 9 sen 85 bar 8 beat 0 hold 0
TICONV518 65 amt 4 floor 12
GATE515 65 salt 0 eco 1 orth 5 floor 60
GAP518 65 id 3 code FUND live 0 salt 0 eco 1 ti 56 sen 85 bar 8 need 5 orth 5 floor 60
TIWATCH518 66 ti 64 ammo 20 scale 286 units 9 sen 85 bar 8 beat 0 hold 0
TICONV518 66 amt 4 floor 12
GATE515 66 salt 0 eco 1 orth 5 floor 60
GAP518 66 id 3 code FUND live 0 salt 0 eco 1 ti 60 sen 85 bar 8 need 5 orth 5 floor 60
TIWATCH518 67 ti 11 ammo 20 scale 306 units 10 sen 91 bar 9 beat 0 hold 0
GATE515 67 salt 0 eco 1 orth 5 floor 60
GAP518 67 id 3 code FUND live 0 salt 0 eco 1 ti 11 sen 91 bar 9 need 5 orth 5 floor 60
GATE515 67 salt 0 eco 1 orth 5 floor 60
TIWATCH518 68 ti 21 ammo 12 scale 306 units 10 sen 91 bar 9 beat 0 hold 0
TICONV518 68 amt 9 floor 12
GATE515 68 salt 0 eco 1 orth 5 floor 60
GAP518 68 id 3 code FUND live 0 salt 0 eco 1 ti 12 sen 91 bar 9 need 5 orth 5 floor 60
GATE515 68 salt 0 eco 1 orth 5 floor 60
TIWATCH518 69 ti 22 ammo 13 scale 306 units 10 sen 91 bar 9 beat 0 hold 0
TICONV518 69 amt 10 floor 12
GATE515 69 salt 0 eco 1 orth 5 floor 60
GAP518 69 id 3 code FUND live 0 salt 0 eco 1 ti 12 sen 91 bar 9 need 5 orth 5 floor 60
GATE515 69 salt 0 eco 1 orth 5 floor 60
TIWATCH518 70 ti 22 ammo 15 scale 306 units 10 sen 91 bar 9 beat 0 hold 0
TICONV518 70 amt 9 floor 12
GATE515 70 salt 0 eco 1 orth 5 floor 60
GAP518 70 id 3 code FUND live 0 salt 0 eco 1 ti 13 sen 91 bar 9 need 5 orth 5 floor 60
GATE515 70 salt 0 eco 1 orth 5 floor 60
TIWATCH518 71 ti 23 ammo 20 scale 306 units 10 sen 91 bar 9 beat 0 hold 0
TICONV518 71 amt 4 floor 12
GAP518 71 id 3 code DODGE live -1 salt -1 eco -1 ti -1 sen -1 bar -1 need -1 orth -1 floor 60
TIWATCH518 72 ti 29 ammo 16 scale 305 units 10 sen 91 bar 9 beat 0 hold 0
TICONV518 72 amt 8 floor 12
GATE515 72 salt 0 eco 1 orth 5 floor 60
GAP518 72 id 3 code FUND live 0 salt 0 eco 1 ti 21 sen 91 bar 9 need 5 orth 5 floor 60
GATE515 72 salt 0 eco 1 orth 5 floor 60
TIWATCH518 73 ti 41 ammo 20 scale 305 units 10 sen 91 bar 9 beat 0 hold 0
TICONV518 73 amt 4 floor 12
GAP518 73 id 3 code DODGE live -1 salt -1 eco -1 ti -1 sen -1 bar -1 need -1 orth -1 floor 60
TIWATCH518 74 ti 37 ammo 24 scale 305 units 10 sen 91 bar 9 beat 0 hold 0
GATE515 74 salt 0 eco 1 orth 5 floor 60
GAP518 74 id 3 code FUND live 0 salt 0 eco 1 ti 37 sen 91 bar 9 need 5 orth 5 floor 60
GATE515 74 salt 0 eco 1 orth 5 floor 60
TIWATCH518 75 ti 37 ammo 20 scale 285 units 9 sen 85 bar 8 beat 0 hold 0
TICONV518 75 amt 4 floor 12
TIWATCH518 76 ti 43 ammo 20 scale 285 units 9 sen 85 bar 8 beat 0 hold 0
TICONV518 76 amt 4 floor 12
TIWATCH518 77 ti 49 ammo 20 scale 285 units 9 sen 85 bar 8 beat 0 hold 0
TICONV518 77 amt 4 floor 12
TIWATCH518 78 ti 55 ammo 24 scale 285 units 9 sen 85 bar 8 beat 0 hold 0
TIWATCH518 79 ti 45 ammo 24 scale 285 units 9 sen 85 bar 8 beat 0 hold 0
TIWATCH518 80 ti 55 ammo 20 scale 284 units 9 sen 85 bar 8 beat 0 hold 0
TICONV518 80 amt 4 floor 12
TIWATCH518 81 ti 61 ammo 20 scale 284 units 9 sen 85 bar 8 beat 0 hold 0
TICONV518 81 amt 4 floor 12
TIWATCH518 82 ti 57 ammo 20 scale 284 units 9 sen 85 bar 8 beat 0 hold 0
TICONV518 82 amt 4 floor 12
TIWATCH518 83 ti 53 ammo 20 scale 284 units 9 sen 85 bar 8 beat 0 hold 0
TICONV518 83 amt 4 floor 12
TIWATCH518 84 ti 59 ammo 20 scale 284 units 9 sen 85 bar 8 beat 0 hold 0
TICONV518 84 amt 4 floor 12
TIWATCH518 85 ti 64 ammo 20 scale 284 units 9 sen 85 bar 8 beat 0 hold 0
TICONV518 85 amt 4 floor 12
TIWATCH518 86 ti 4 ammo 20 scale 304 units 10 sen 91 bar 9 beat 0 hold 0
TIWATCH518 87 ti 4 ammo 12 scale 304 units 10 sen 91 bar 9 beat 0 hold 0
TIWATCH518 88 ti 14 ammo 0 scale 304 units 10 sen 91 bar 9 beat 0 hold 0
TIWATCH518 89 ti 24 ammo 0 scale 304 units 10 sen 91 bar 9 beat 0 hold 0
TICONV518 89 amt 12 floor 12
TIWATCH518 90 ti 12 ammo 4 scale 304 units 10 sen 91 bar 9 beat 0 hold 0
TIWATCH518 91 ti 12 ammo 0 scale 304 units 10 sen 91 bar 9 beat 0 hold 0
TIWATCH518 92 ti 22 ammo 0 scale 304 units 10 sen 91 bar 9 beat 0 hold 0
TICONV518 92 amt 10 floor 12
TIWATCH518 93 ti 22 ammo 6 scale 303 units 10 sen 90 bar 9 beat 0 hold 0
TICONV518 93 amt 10 floor 12
TIWATCH518 94 ti 12 ammo 8 scale 303 units 10 sen 90 bar 9 beat 0 hold 0
TIWATCH518 95 ti 12 ammo 4 scale 303 units 10 sen 90 bar 9 beat 0 hold 0
TIWATCH518 96 ti 22 ammo 0 scale 303 units 10 sen 90 bar 9 beat 0 hold 0
TICONV518 96 amt 10 floor 12
TIWATCH518 97 ti 12 ammo 2 scale 303 units 10 sen 90 bar 9 beat 0 hold 0
TIWATCH518 98 ti 12 ammo 2 scale 303 units 10 sen 90 bar 9 beat 0 hold 0
TIWATCH518 99 ti 12 ammo 2 scale 303 units 10 sen 90 bar 9 beat 0 hold 0
TIWATCH518 100 ti 22 ammo 2 scale 283 units 9 sen 84 bar 8 beat 0 hold 0
TICONV518 100 amt 10 floor 12
TIWATCH518 101 ti 12 ammo 8 scale 283 units 9 sen 84 bar 8 beat 0 hold 0
TIWATCH518 102 ti 12 ammo 4 scale 283 units 9 sen 84 bar 8 beat 0 hold 0
TIWATCH518 103 ti 12 ammo 0 scale 283 units 9 sen 84 bar 8 beat 0 hold 0
TIWATCH518 104 ti 22 ammo 0 scale 283 units 9 sen 84 bar 8 beat 0 hold 0
TICONV518 104 amt 10 floor 12
TIWATCH518 105 ti 12 ammo 6 scale 283 units 9 sen 84 bar 8 beat 0 hold 0
TIWATCH518 106 ti 12 ammo 2 scale 283 units 9 sen 84 bar 8 beat 0 hold 0
TIWATCH518 107 ti 12 ammo 2 scale 283 units 9 sen 84 bar 8 beat 0 hold 0
TIWATCH518 108 ti 22 ammo 2 scale 283 units 9 sen 84 bar 8 beat 0 hold 0
TICONV518 108 amt 10 floor 12
TIWATCH518 109 ti 12 ammo 8 scale 283 units 9 sen 84 bar 8 beat 0 hold 0
TIWATCH518 110 ti 12 ammo 4 scale 283 units 9 sen 84 bar 8 beat 0 hold 0
TIWATCH518 111 ti 12 ammo 0 scale 283 units 9 sen 84 bar 8 beat 0 hold 0
TIWATCH518 112 ti 22 ammo 0 scale 283 units 9 sen 84 bar 8 beat 0 hold 0
TICONV518 112 amt 10 floor 12
TIWATCH518 113 ti 12 ammo 6 scale 283 units 9 sen 84 bar 8 beat 0 hold 0
TIWATCH518 114 ti 12 ammo 2 scale 283 units 9 sen 84 bar 8 beat 0 hold 0
TIWATCH518 115 ti 12 ammo 2 scale 283 units 9 sen 84 bar 8 beat 0 hold 0
TIWATCH518 116 ti 22 ammo 2 scale 283 units 9 sen 84 bar 8 beat 0 hold 0
TICONV518 116 amt 10 floor 12
TIWATCH518 117 ti 12 ammo 8 scale 283 units 9 sen 84 bar 8 beat 0 hold 0
TIWATCH518 118 ti 12 ammo 4 scale 283 units 9 sen 84 bar 8 beat 0 hold 0
TIWATCH518 119 ti 12 ammo 0 scale 283 units 9 sen 84 bar 8 beat 0 hold 0
TIWATCH518 120 ti 22 ammo 0 scale 283 units 9 sen 84 bar 8 beat 0 hold 0
TICONV518 120 amt 10 floor 12
TIWATCH518 121 ti 12 ammo 6 scale 283 units 9 sen 84 bar 8 beat 0 hold 0
TIWATCH518 122 ti 12 ammo 2 scale 283 units 9 sen 84 bar 8 beat 0 hold 0
TIWATCH518 123 ti 12 ammo 2 scale 283 units 9 sen 84 bar 8 beat 0 hold 0
TIWATCH518 124 ti 22 ammo 2 scale 283 units 9 sen 84 bar 8 beat 0 hold 0
TICONV518 124 amt 10 floor 12
TIWATCH518 125 ti 12 ammo 8 scale 283 units 9 sen 84 bar 8 beat 0 hold 0
TIWATCH518 126 ti 12 ammo 4 scale 283 units 9 sen 84 bar 8 beat 0 hold 0
TIWATCH518 127 ti 12 ammo 0 scale 283 units 9 sen 84 bar 8 beat 0 hold 0
TIWATCH518 128 ti 22 ammo 0 scale 283 units 9 sen 84 bar 8 beat 0 hold 0
TICONV518 128 amt 10 floor 12
TIWATCH518 129 ti 12 ammo 6 scale 283 units 9 sen 84 bar 8 beat 0 hold 0
TIWATCH518 130 ti 12 ammo 2 scale 283 units 9 sen 84 bar 8 beat 0 hold 0
TIWATCH518 131 ti 12 ammo 2 scale 283 units 9 sen 84 bar 8 beat 0 hold 0
TIWATCH518 132 ti 22 ammo 2 scale 283 units 9 sen 84 bar 8 beat 0 hold 0
TICONV518 132 amt 10 floor 12
TIWATCH518 133 ti 12 ammo 8 scale 283 units 9 sen 84 bar 8 beat 0 hold 0
TIWATCH518 134 ti 12 ammo 4 scale 283 units 9 sen 84 bar 8 beat 0 hold 0
TIWATCH518 135 ti 12 ammo 0 scale 283 units 9 sen 84 bar 8 beat 0 hold 0
TIWATCH518 136 ti 22 ammo 0 scale 283 units 9 sen 84 bar 8 beat 0 hold 0
TICONV518 136 amt 10 floor 12
TIWATCH518 137 ti 12 ammo 6 scale 283 units 9 sen 84 bar 8 beat 0 hold 0
TIWATCH518 138 ti 12 ammo 2 scale 283 units 9 sen 84 bar 8 beat 0 hold 0
TIWATCH518 139 ti 12 ammo 2 scale 283 units 9 sen 84 bar 8 beat 0 hold 0
TIWATCH518 140 ti 22 ammo 2 scale 283 units 9 sen 84 bar 8 beat 0 hold 0
TICONV518 140 amt 10 floor 12
TIWATCH518 141 ti 12 ammo 8 scale 283 units 9 sen 84 bar 8 beat 0 hold 0
TIWATCH518 142 ti 12 ammo 4 scale 283 units 9 sen 84 bar 8 beat 0 hold 0
TIWATCH518 143 ti 12 ammo 0 scale 283 units 9 sen 84 bar 8 beat 0 hold 0
TIWATCH518 144 ti 22 ammo 0 scale 283 units 9 sen 84 bar 8 beat 0 hold 0
TICONV518 144 amt 10 floor 12
TIWATCH518 145 ti 12 ammo 6 scale 283 units 9 sen 84 bar 8 beat 0 hold 0
TIWATCH518 146 ti 12 ammo 2 scale 283 units 9 sen 84 bar 8 beat 0 hold 0
TIWATCH518 147 ti 12 ammo 2 scale 283 units 9 sen 84 bar 8 beat 0 hold 0
TIWATCH518 148 ti 22 ammo 2 scale 283 units 9 sen 84 bar 8 beat 0 hold 0
TICONV518 148 amt 10 floor 12
TIWATCH518 149 ti 12 ammo 8 scale 283 units 9 sen 84 bar 8 beat 0 hold 0
TIWATCH518 150 ti 12 ammo 4 scale 283 units 9 sen 84 bar 8 beat 0 hold 0
TIWATCH518 151 ti 12 ammo 0 scale 283 units 9 sen 84 bar 8 beat 0 hold 0
TIWATCH518 152 ti 22 ammo 0 scale 283 units 9 sen 84 bar 8 beat 0 hold 0
TICONV518 152 amt 10 floor 12
