Update available: 2.3.6 -> 2.3.8. Run: pip install --upgrade fcode
TIWATCH518 0 ti 500 ammo 0 scale 100 units 1 sen 30 bar 3 beat 0 hold 0
TIWATCH518 1 ti 470 ammo 0 scale 120 units 2 sen 36 bar 3 beat 0 hold 0
TIWATCH518 2 ti 406 ammo 0 scale 150 units 4 sen 45 bar 4 beat 0 hold 0
TIWATCH518 3 ti 361 ammo 0 scale 160 units 4 sen 48 bar 4 beat 0 hold 0
TIWATCH518 4 ti 305 ammo 0 scale 175 units 5 sen 52 bar 5 beat 0 hold 0
TIWATCH518 5 ti 295 ammo 0 scale 167 units 4 sen 50 bar 5 beat 0 hold 0
TIWATCH518 6 ti 262 ammo 0 scale 177 units 5 sen 53 bar 5 beat 0 hold 0
TIWATCH518 7 ti 272 ammo 0 scale 167 units 4 sen 50 bar 5 beat 0 hold 0
TIWATCH518 8 ti 249 ammo 0 scale 177 units 5 sen 53 bar 5 beat 0 hold 0
TIWATCH518 9 ti 249 ammo 0 scale 167 units 4 sen 50 bar 5 beat 0 hold 0
TIWATCH518 10 ti 216 ammo 0 scale 177 units 5 sen 53 bar 5 beat 0 hold 0
TIWATCH518 11 ti 226 ammo 0 scale 167 units 4 sen 50 bar 5 beat 0 hold 0
TIWATCH518 12 ti 203 ammo 0 scale 177 units 5 sen 53 bar 5 beat 0 hold 0
TIWATCH518 13 ti 203 ammo 0 scale 177 units 5 sen 53 bar 5 beat 0 hold 0
TIWATCH518 14 ti 203 ammo 0 scale 177 units 5 sen 53 bar 5 beat 0 hold 0
GATE515 14 salt 0 eco 0 orth 8 floor 60
GAP518 14 id 3 code GATE live 0 salt 0 eco 0 ti 203 sen 53 bar 5 need 8 orth 8 floor 60
TIWATCH518 15 ti 178 ammo 0 scale 187 units 6 sen 56 bar 5 beat 0 hold 0
GATE515 15 salt 0 eco 0 orth 7 floor 60
GAP518 15 id 3 code GATE live 0 salt 0 eco 0 ti 122 sen 62 bar 6 need 8 orth 7 floor 60
GATE515 15 salt 0 eco 0 orth 7 floor 60
TIWATCH518 16 ti 91 ammo 0 scale 212 units 7 sen 63 bar 6 beat 0 hold 0
TICONV518 16 amt 16 floor 52
GATE515 16 salt 0 eco 0 orth 7 floor 60
GAP518 16 id 3 code GATE live 0 salt 0 eco 0 ti 75 sen 63 bar 6 need 8 orth 7 floor 60
GATE515 16 salt 0 eco 0 orth 7 floor 60
TIWATCH518 17 ti 69 ammo 16 scale 213 units 7 sen 63 bar 6 beat 0 hold 0
GATE515 17 salt 0 eco 0 orth 7 floor 60
GAP518 17 id 3 code GATE live 0 salt 0 eco 0 ti 69 sen 63 bar 6 need 8 orth 7 floor 60
GATE515 17 salt 0 eco 0 orth 7 floor 60
TIWATCH518 18 ti 69 ammo 16 scale 213 units 7 sen 63 bar 6 beat 0 hold 0
GATE515 18 salt 0 eco 0 orth 7 floor 60
GAP518 18 id 3 code GATE live 0 salt 0 eco 0 ti 69 sen 63 bar 6 need 8 orth 7 floor 60
GATE515 18 salt 0 eco 0 orth 7 floor 60
TIWATCH518 19 ti 73 ammo 16 scale 204 units 6 sen 61 bar 6 beat 0 hold 0
GATE515 19 salt 0 eco 0 orth 7 floor 60
GAP518 19 id 3 code GATE live 0 salt 0 eco 0 ti 73 sen 61 bar 6 need 8 orth 7 floor 60
GATE515 19 salt 0 eco 0 orth 7 floor 60
TIWATCH518 20 ti 83 ammo 16 scale 204 units 6 sen 61 bar 6 beat 0 hold 0
GATE515 20 salt 0 eco 0 orth 7 floor 60
GAP518 20 id 3 code GATE live 0 salt 0 eco 0 ti 83 sen 61 bar 6 need 8 orth 7 floor 60
GATE515 20 salt 0 eco 0 orth 7 floor 60
TIWATCH518 21 ti 93 ammo 16 scale 204 units 6 sen 61 bar 6 beat 0 hold 0
GATE515 21 salt 0 eco 0 orth 8 floor 60
GAP518 21 id 3 code GATE live 0 salt 0 eco 0 ti 93 sen 61 bar 6 need 8 orth 8 floor 60
GATE515 21 salt 0 eco 0 orth 8 floor 60
TIWATCH518 22 ti 93 ammo 16 scale 204 units 6 sen 61 bar 6 beat 0 hold 0
GATE515 22 salt 0 eco 0 orth 8 floor 60
GAP518 22 id 3 code GATE live 0 salt 0 eco 0 ti 93 sen 61 bar 6 need 8 orth 8 floor 60
GATE515 22 salt 0 eco 0 orth 8 floor 60
TIWATCH518 23 ti 103 ammo 16 scale 194 units 5 sen 58 bar 5 beat 0 hold 0
GATE515 23 salt 0 eco 0 orth 8 floor 60
GAP518 23 id 3 code GATE live 0 salt 0 eco 0 ti 103 sen 58 bar 5 need 8 orth 8 floor 60
GATE515 23 salt 0 eco 0 orth 8 floor 60
TIWATCH518 24 ti 113 ammo 16 scale 194 units 5 sen 58 bar 5 beat 0 hold 0
GATE515 24 salt 0 eco 0 orth 8 floor 60
GAP518 24 id 3 code GATE live 0 salt 0 eco 0 ti 55 sen 64 bar 6 need 8 orth 8 floor 60
GATE515 24 salt 0 eco 0 orth 8 floor 60
TIWATCH518 25 ti 65 ammo 16 scale 214 units 6 sen 64 bar 6 beat 0 hold 0
GATE515 25 salt 0 eco 0 orth 8 floor 60
GAP518 25 id 3 code GATE live 0 salt 0 eco 0 ti 65 sen 64 bar 6 need 8 orth 8 floor 60
GATE515 25 salt 0 eco 0 orth 8 floor 60
TIWATCH518 26 ti 65 ammo 16 scale 214 units 6 sen 64 bar 6 beat 0 hold 0
GATE515 26 salt 0 eco 0 orth 8 floor 60
GAP518 26 id 3 code GATE live 0 salt 0 eco 0 ti 65 sen 64 bar 6 need 8 orth 8 floor 60
GATE515 26 salt 0 eco 0 orth 8 floor 60
TIWATCH518 27 ti 75 ammo 16 scale 214 units 6 sen 64 bar 6 beat 0 hold 0
GATE515 27 salt 0 eco 0 orth 8 floor 60
GAP518 27 id 3 code GATE live 0 salt 0 eco 0 ti 75 sen 64 bar 6 need 8 orth 8 floor 60
GATE515 27 salt 0 eco 0 orth 8 floor 60
TIWATCH518 28 ti 85 ammo 16 scale 214 units 6 sen 64 bar 6 beat 0 hold 0
GATE515 28 salt 0 eco 0 orth 8 floor 60
GAP518 28 id 3 code GATE live 0 salt 0 eco 0 ti 85 sen 64 bar 6 need 8 orth 8 floor 60
GATE515 28 salt 0 eco 0 orth 8 floor 60
TIWATCH518 29 ti 95 ammo 16 scale 214 units 6 sen 64 bar 6 beat 0 hold 0
GATE515 29 salt 0 eco 0 orth 8 floor 60
GAP518 29 id 3 code GATE live 0 salt 0 eco 0 ti 95 sen 64 bar 6 need 8 orth 8 floor 60
GATE515 29 salt 0 eco 0 orth 8 floor 60
TIWATCH518 30 ti 95 ammo 16 scale 214 units 6 sen 64 bar 6 beat 0 hold 0
GATE515 30 salt 0 eco 0 orth 8 floor 60
GAP518 30 id 3 code GATE live 0 salt 0 eco 0 ti 95 sen 64 bar 6 need 8 orth 8 floor 60
GATE515 30 salt 0 eco 0 orth 8 floor 60
TIWATCH518 31 ti 105 ammo 16 scale 214 units 6 sen 64 bar 6 beat 0 hold 0
GATE515 31 salt 0 eco 0 orth 8 floor 60
GAP518 31 id 3 code GATE live 0 salt 0 eco 0 ti 105 sen 64 bar 6 need 8 orth 8 floor 60
GATE515 31 salt 0 eco 0 orth 8 floor 60
TIWATCH518 32 ti 73 ammo 16 scale 219 units 6 sen 65 bar 6 beat 0 hold 0
GATE515 32 salt 0 eco 0 orth 8 floor 60
GAP518 32 id 3 code GATE live 0 salt 0 eco 0 ti 73 sen 65 bar 6 need 8 orth 8 floor 60
GATE515 32 salt 0 eco 0 orth 8 floor 60
TIWATCH518 33 ti 83 ammo 16 scale 219 units 6 sen 65 bar 6 beat 0 hold 0
GATE515 33 salt 0 eco 0 orth 8 floor 60
GAP518 33 id 3 code GATE live 0 salt 0 eco 0 ti 83 sen 65 bar 6 need 8 orth 8 floor 60
GATE515 33 salt 0 eco 0 orth 8 floor 60
TIWATCH518 34 ti 83 ammo 16 scale 219 units 6 sen 65 bar 6 beat 0 hold 0
GATE515 34 salt 0 eco 0 orth 8 floor 60
GAP518 34 id 3 code GATE live 0 salt 0 eco 0 ti 83 sen 65 bar 6 need 8 orth 8 floor 60
GATE515 34 salt 0 eco 0 orth 8 floor 60
TIWATCH518 35 ti 93 ammo 16 scale 219 units 6 sen 65 bar 6 beat 0 hold 0
GATE515 35 salt 0 eco 0 orth 8 floor 60
GAP518 35 id 3 code GATE live 0 salt 0 eco 0 ti 93 sen 65 bar 6 need 8 orth 8 floor 60
GATE515 35 salt 0 eco 0 orth 8 floor 60
TIWATCH518 36 ti 97 ammo 16 scale 220 units 6 sen 66 bar 6 beat 0 hold 0
GATE515 36 salt 0 eco 0 orth 8 floor 60
GAP518 36 id 3 code GATE live 0 salt 0 eco 0 ti 97 sen 66 bar 6 need 8 orth 8 floor 60
TIWATCH518 37 ti 105 ammo 16 scale 220 units 6 sen 66 bar 6 beat 0 hold 0
GATE515 37 salt 0 eco 0 orth 8 floor 60
GAP518 37 id 3 code GATE live 0 salt 0 eco 0 ti 105 sen 66 bar 6 need 8 orth 8 floor 60
TIWATCH518 38 ti 97 ammo 16 scale 221 units 6 sen 66 bar 6 beat 0 hold 0
GATE515 38 salt 0 eco 0 orth 8 floor 60
GAP518 38 id 3 code GATE live 0 salt 0 eco 0 ti 97 sen 66 bar 6 need 8 orth 8 floor 60
TIWATCH518 39 ti 105 ammo 16 scale 221 units 6 sen 66 bar 6 beat 0 hold 0
GATE515 39 salt 0 eco 0 orth 8 floor 60
GAP518 39 id 3 code GATE live 0 salt 0 eco 0 ti 105 sen 66 bar 6 need 8 orth 8 floor 60
TIWATCH518 40 ti 63 ammo 16 scale 227 units 6 sen 68 bar 6 beat 0 hold 0
GATE515 40 salt 0 eco 0 orth 8 floor 60
GAP518 40 id 3 code GATE live 0 salt 0 eco 0 ti 63 sen 68 bar 6 need 8 orth 8 floor 60
TIWATCH518 41 ti 65 ammo 16 scale 228 units 6 sen 68 bar 6 beat 0 hold 0
GATE515 41 salt 0 eco 0 orth 8 floor 60
GAP518 41 id 3 code GATE live 0 salt 0 eco 0 ti 65 sen 68 bar 6 need 8 orth 8 floor 60
TIWATCH518 42 ti 57 ammo 16 scale 229 units 6 sen 68 bar 6 beat 0 hold 0
GATE515 42 salt 0 eco 0 orth 8 floor 60
GAP518 42 id 3 code GATE live 0 salt 0 eco 0 ti 57 sen 68 bar 6 need 8 orth 8 floor 60
GATE515 42 salt 0 eco 0 orth 8 floor 60
TIWATCH518 43 ti 61 ammo 16 scale 230 units 6 sen 69 bar 6 beat 0 hold 0
GATE515 43 salt 0 eco 0 orth 8 floor 60
GAP518 43 id 3 code GATE live 0 salt 0 eco 0 ti 61 sen 69 bar 6 need 8 orth 8 floor 60
TIWATCH518 44 ti 57 ammo 16 scale 232 units 6 sen 69 bar 6 beat 0 hold 0
GATE515 44 salt 0 eco 0 orth 8 floor 60
GAP518 44 id 3 code GATE live 0 salt 0 eco 0 ti 57 sen 69 bar 6 need 8 orth 8 floor 60
GATE515 44 salt 0 eco 0 orth 8 floor 60
TIWATCH518 45 ti 77 ammo 16 scale 232 units 6 sen 69 bar 6 beat 0 hold 0
GATE515 45 salt 0 eco 0 orth 8 floor 60
GAP518 45 id 3 code GATE live 0 salt 0 eco 0 ti 77 sen 69 bar 6 need 8 orth 8 floor 60
TIWATCH518 46 ti 79 ammo 16 scale 228 units 6 sen 68 bar 6 beat 0 hold 0
GATE515 46 salt 0 eco 0 orth 8 floor 60
GAP518 46 id 3 code GATE live 0 salt 0 eco 0 ti 79 sen 68 bar 6 need 8 orth 8 floor 60
TIWATCH518 47 ti 87 ammo 16 scale 228 units 6 sen 68 bar 6 beat 0 hold 0
TICONV518 47 amt 8 floor 12
GATE515 47 salt 0 eco 0 orth 8 floor 60
GAP518 47 id 3 code GATE live 0 salt 0 eco 0 ti 79 sen 68 bar 6 need 8 orth 8 floor 60
TIWATCH518 48 ti 87 ammo 24 scale 228 units 6 sen 68 bar 6 beat 0 hold 0
GATE515 48 salt 0 eco 0 orth 8 floor 60
GAP518 48 id 3 code GATE live 0 salt 0 eco 0 ti 87 sen 68 bar 6 need 8 orth 8 floor 60
TIWATCH518 49 ti 95 ammo 24 scale 228 units 6 sen 68 bar 6 beat 0 hold 0
GATE515 49 salt 0 eco 0 orth 8 floor 60
GAP518 49 id 3 code GATE live 0 salt 0 eco 0 ti 95 sen 68 bar 6 need 8 orth 8 floor 60
TIWATCH518 50 ti 99 ammo 24 scale 229 units 6 sen 68 bar 6 beat 0 hold 0
GATE515 50 salt 0 eco 0 orth 7 floor 60
GAP518 50 id 3 code GATE live 0 salt 0 eco 0 ti 99 sen 68 bar 6 need 7 orth 7 floor 60
GATE515 50 salt 0 eco 0 orth 7 floor 60
TIWATCH518 51 ti 64 ammo 24 scale 234 units 6 sen 70 bar 7 beat 0 hold 0
GATE515 51 salt 0 eco 0 orth 7 floor 60
GAP518 51 id 3 code GATE live 0 salt 0 eco 0 ti 64 sen 70 bar 7 need 7 orth 7 floor 60
TIWATCH518 52 ti 77 ammo 24 scale 235 units 6 sen 70 bar 7 beat 0 hold 0
GATE515 52 salt 0 eco 0 orth 6 floor 60
GAP518 52 id 3 code GATE live 0 salt 0 eco 0 ti 77 sen 70 bar 7 need 6 orth 6 floor 60
TIWATCH518 53 ti 25 ammo 24 scale 254 units 7 sen 76 bar 7 beat 0 hold 0
GATE515 53 salt 0 eco 0 orth 6 floor 60
GAP518 53 id 3 code GATE live 0 salt 0 eco 0 ti 25 sen 76 bar 7 need 6 orth 6 floor 60
GATE515 53 salt 0 eco 0 orth 6 floor 60
TIWATCH518 54 ti 25 ammo 14 scale 254 units 7 sen 76 bar 7 beat 0 hold 0
TICONV518 54 amt 10 floor 12
GATE515 54 salt 0 eco 0 orth 6 floor 60
GAP518 54 id 3 code GATE live 0 salt 0 eco 0 ti 15 sen 76 bar 7 need 6 orth 6 floor 60
GATE515 54 salt 0 eco 0 orth 6 floor 60
TIWATCH518 55 ti 18 ammo 24 scale 255 units 7 sen 76 bar 7 beat 0 hold 0
GATE515 55 salt 0 eco 0 orth 6 floor 60
GAP518 55 id 3 code GATE live 0 salt 0 eco 0 ti 18 sen 76 bar 7 need 6 orth 6 floor 60
GATE515 55 salt 0 eco 0 orth 6 floor 60
TIWATCH518 56 ti 28 ammo 14 scale 254 units 7 sen 76 bar 7 beat 0 hold 0
TICONV518 56 amt 10 floor 12
GATE515 56 salt 0 eco 0 orth 6 floor 60
GAP518 56 id 3 code GATE live 0 salt 0 eco 0 ti 18 sen 76 bar 7 need 6 orth 6 floor 60
TIWATCH518 57 ti 14 ammo 24 scale 256 units 7 sen 76 bar 7 beat 0 hold 0
GATE515 57 salt 0 eco 0 orth 5 floor 60
GAP518 57 id 3 code GATE live 0 salt 0 eco 0 ti 14 sen 76 bar 7 need 5 orth 5 floor 60
GATE515 57 salt 0 eco 0 orth 5 floor 60
TIWATCH518 58 ti 24 ammo 14 scale 256 units 7 sen 76 bar 7 beat 0 hold 0
TICONV518 58 amt 10 floor 12
GATE515 58 salt 0 eco 0 orth 5 floor 60
GAP518 58 id 3 code GATE live 0 salt 0 eco 0 ti 14 sen 76 bar 7 need 5 orth 5 floor 60
GATE515 58 salt 0 eco 0 orth 5 floor 60
TIWATCH518 59 ti 17 ammo 24 scale 256 units 7 sen 76 bar 7 beat 0 hold 0
GATE515 59 salt 0 eco 0 orth 5 floor 60
GAP518 59 id 3 code GATE live 0 salt 0 eco 0 ti 17 sen 76 bar 7 need 5 orth 5 floor 60
TIWATCH518 60 ti 20 ammo 14 scale 257 units 7 sen 77 bar 7 beat 0 hold 0
TICONV518 60 amt 8 floor 12
GATE515 60 salt 0 eco 1 orth 4 floor 60
GAP518 60 id 3 code FUND live 0 salt 0 eco 1 ti 12 sen 77 bar 7 need 4 orth 4 floor 60
GATE515 60 salt 0 eco 1 orth 4 floor 60
TIWATCH518 61 ti 25 ammo 22 scale 258 units 7 sen 77 bar 7 beat 0 hold 0
GATE515 61 salt 0 eco 1 orth 4 floor 60
GAP518 61 id 3 code FUND live 0 salt 0 eco 1 ti 25 sen 77 bar 7 need 4 orth 4 floor 60
GATE515 61 salt 0 eco 1 orth 4 floor 60
TIWATCH518 62 ti 25 ammo 12 scale 258 units 7 sen 77 bar 7 beat 0 hold 0
TICONV518 62 amt 12 floor 12
GATE515 62 salt 0 eco 1 orth 4 floor 60
GAP518 62 id 3 code FUND live 0 salt 0 eco 1 ti 13 sen 77 bar 7 need 4 orth 4 floor 60
GATE515 62 salt 0 eco 1 orth 4 floor 60
TIWATCH518 63 ti 16 ammo 24 scale 259 units 7 sen 77 bar 7 beat 0 hold 0
GATE515 63 salt 0 eco 1 orth 4 floor 60
GAP518 63 id 3 code FUND live 0 salt 0 eco 1 ti 16 sen 77 bar 7 need 4 orth 4 floor 60
TIWATCH518 64 ti 19 ammo 14 scale 260 units 7 sen 78 bar 7 beat 0 hold 0
TICONV518 64 amt 7 floor 12
GATE515 64 salt 0 eco 1 orth 3 floor 60
GAP518 64 id 3 code FUND live 0 salt 0 eco 1 ti 12 sen 78 bar 7 need 3 orth 3 floor 60
GATE515 64 salt 0 eco 1 orth 3 floor 60
TIWATCH518 65 ti 15 ammo 21 scale 261 units 7 sen 78 bar 7 beat 0 hold 0
GATE515 65 salt 0 eco 1 orth 3 floor 60
GAP518 65 id 3 code FUND live 0 salt 0 eco 1 ti 15 sen 78 bar 7 need 3 orth 3 floor 60
GATE515 65 salt 0 eco 1 orth 3 floor 60
TIWATCH518 66 ti 25 ammo 11 scale 261 units 7 sen 78 bar 7 beat 0 hold 0
TICONV518 66 amt 13 floor 12
GATE515 66 salt 0 eco 1 orth 3 floor 60
GAP518 66 id 3 code FUND live 0 salt 0 eco 1 ti 12 sen 78 bar 7 need 3 orth 3 floor 60
GATE515 66 salt 0 eco 1 orth 3 floor 60
TIWATCH518 67 ti 12 ammo 24 scale 261 units 7 sen 78 bar 7 beat 0 hold 0
GATE515 67 salt 0 eco 1 orth 3 floor 60
GAP518 67 id 3 code FUND live 0 salt 0 eco 1 ti 12 sen 78 bar 7 need 3 orth 3 floor 60
TIWATCH518 68 ti 15 ammo 24 scale 262 units 7 sen 78 bar 7 beat 0 hold 0
GATE515 68 salt 0 eco 1 orth 2 floor 60
GAP518 68 id 3 code FUND live 0 salt 0 eco 1 ti 15 sen 78 bar 7 need 2 orth 2 floor 60
GATE515 68 salt 0 eco 1 orth 2 floor 60
TIWATCH518 69 ti 35 ammo 24 scale 262 units 7 sen 78 bar 7 beat 0 hold 0
GATE515 69 salt 0 eco 1 orth 2 floor 60
GAP518 69 id 3 code FUND live 0 salt 0 eco 1 ti 35 sen 78 bar 7 need 2 orth 2 floor 60
TIWATCH518 70 ti 33 ammo 24 scale 261 units 7 sen 78 bar 7 beat 0 hold 0
GATE515 70 salt 0 eco 1 orth 2 floor 60
GAP518 70 id 3 code FUND live 0 salt 0 eco 1 ti 33 sen 78 bar 7 need 2 orth 2 floor 60
TIWATCH518 71 ti 31 ammo 14 scale 261 units 7 sen 78 bar 7 beat 0 hold 0
TICONV518 71 amt 10 floor 12
GATE515 71 salt 0 eco 1 orth 2 floor 60
GAP518 71 id 3 code FUND live 0 salt 0 eco 1 ti 21 sen 78 bar 7 need 2 orth 2 floor 60
GATE515 71 salt 0 eco 1 orth 2 floor 60
TIWATCH518 72 ti 31 ammo 24 scale 260 units 7 sen 78 bar 7 beat 0 hold 0
GATE515 72 salt 0 eco 1 orth 2 floor 60
GAP518 72 id 3 code FUND live 0 salt 0 eco 1 ti 31 sen 78 bar 7 need 2 orth 2 floor 60
TIWATCH518 73 ti 39 ammo 14 scale 260 units 7 sen 78 bar 7 beat 0 hold 0
TICONV518 73 amt 10 floor 12
GATE515 73 salt 0 eco 1 orth 2 floor 60
GAP518 73 id 3 code FUND live 0 salt 0 eco 1 ti 29 sen 78 bar 7 need 2 orth 2 floor 60
TIWATCH518 74 ti 30 ammo 24 scale 241 units 6 sen 72 bar 7 beat 0 hold 0
GATE515 74 salt 0 eco 1 orth 2 floor 60
GAP518 74 id 3 code FUND live 0 salt 0 eco 1 ti 30 sen 72 bar 7 need 2 orth 2 floor 60
TIWATCH518 75 ti 28 ammo 14 scale 241 units 6 sen 72 bar 7 beat 0 hold 0
TICONV518 75 amt 10 floor 12
GATE515 75 salt 0 eco 1 orth 2 floor 60
GAP518 75 id 3 code FUND live 0 salt 0 eco 1 ti 18 sen 72 bar 7 need 2 orth 2 floor 60
GATE515 75 salt 0 eco 1 orth 2 floor 60
TIWATCH518 76 ti 28 ammo 24 scale 241 units 6 sen 72 bar 7 beat 0 hold 0
GATE515 76 salt 0 eco 1 orth 2 floor 60
GAP518 76 id 3 code FUND live 0 salt 0 eco 1 ti 28 sen 72 bar 7 need 2 orth 2 floor 60
TIWATCH518 77 ti 46 ammo 14 scale 241 units 6 sen 72 bar 7 beat 0 hold 0
TICONV518 77 amt 10 floor 12
GATE515 77 salt 0 eco 1 orth 2 floor 60
GAP518 77 id 3 code FUND live 0 salt 0 eco 1 ti 36 sen 72 bar 7 need 2 orth 2 floor 60
TIWATCH518 78 ti 34 ammo 24 scale 236 units 6 sen 70 bar 7 beat 0 hold 0
GATE515 78 salt 0 eco 1 orth 2 floor 60
GAP518 78 id 3 code FUND live 0 salt 0 eco 1 ti 34 sen 70 bar 7 need 2 orth 2 floor 60
TIWATCH518 79 ti 32 ammo 14 scale 236 units 6 sen 70 bar 7 beat 0 hold 0
TICONV518 79 amt 10 floor 12
GATE515 79 salt 0 eco 1 orth 2 floor 60
GAP518 79 id 3 code FUND live 0 salt 0 eco 1 ti 22 sen 70 bar 7 need 2 orth 2 floor 60
GATE515 79 salt 0 eco 1 orth 2 floor 60
TIWATCH518 80 ti 32 ammo 24 scale 236 units 6 sen 70 bar 7 beat 0 hold 0
GATE515 80 salt 0 eco 1 orth 2 floor 60
GAP518 80 id 3 code FUND live 0 salt 0 eco 1 ti 32 sen 70 bar 7 need 2 orth 2 floor 60
GATE515 80 salt 0 eco 1 orth 2 floor 60
TIWATCH518 81 ti 42 ammo 14 scale 236 units 6 sen 70 bar 7 beat 0 hold 0
TICONV518 81 amt 10 floor 12
GATE515 81 salt 0 eco 1 orth 2 floor 60
GAP518 81 id 3 code FUND live 0 salt 0 eco 1 ti 32 sen 70 bar 7 need 2 orth 2 floor 60
GATE515 81 salt 0 eco 1 orth 2 floor 60
TIWATCH518 82 ti 42 ammo 24 scale 236 units 6 sen 70 bar 7 beat 0 hold 0
GAP518 82 id 3 code DODGE live -1 salt -1 eco -1 ti -1 sen -1 bar -1 need -1 orth -1 floor 60
TIWATCH518 83 ti 42 ammo 14 scale 236 units 6 sen 70 bar 7 beat 0 hold 0
TICONV518 83 amt 10 floor 12
GATE515 83 salt 0 eco 1 orth 4 floor 60
GAP518 83 id 3 code FUND live 0 salt 0 eco 1 ti 32 sen 70 bar 7 need 4 orth 4 floor 60
GATE515 83 salt 0 eco 1 orth 4 floor 60
TIWATCH518 84 ti 41 ammo 24 scale 236 units 6 sen 70 bar 7 beat 0 hold 0
GATE515 84 salt 0 eco 1 orth 5 floor 60
GAP518 84 id 3 code FUND live 0 salt 0 eco 1 ti 41 sen 70 bar 7 need 5 orth 5 floor 60
GATE515 84 salt 0 eco 1 orth 5 floor 60
TIWATCH518 85 ti 61 ammo 14 scale 236 units 6 sen 70 bar 7 beat 0 hold 0
TICONV518 85 amt 10 floor 12
GATE515 85 salt 0 eco 1 orth 5 floor 60
GAP518 85 id 3 code FUND live 0 salt 0 eco 1 ti 51 sen 70 bar 7 need 5 orth 5 floor 60
GATE515 85 salt 0 eco 1 orth 5 floor 60
TIWATCH518 86 ti 51 ammo 24 scale 236 units 6 sen 70 bar 7 beat 0 hold 0
GATE515 86 salt 0 eco 1 orth 6 floor 60
GAP518 86 id 3 code FUND live 0 salt 0 eco 1 ti 51 sen 70 bar 7 need 6 orth 6 floor 60
GATE515 86 salt 0 eco 1 orth 6 floor 60
TIWATCH518 87 ti 51 ammo 14 scale 236 units 6 sen 70 bar 7 beat 0 hold 0
TICONV518 87 amt 10 floor 12
GATE515 87 salt 0 eco 1 orth 4 floor 60
GAP518 87 id 3 code FUND live 0 salt 0 eco 1 ti 41 sen 70 bar 7 need 4 orth 4 floor 60
GATE515 87 salt 0 eco 1 orth 4 floor 60
TIWATCH518 88 ti 51 ammo 24 scale 216 units 5 sen 64 bar 6 beat 0 hold 0
GATE515 88 salt 0 eco 1 orth 5 floor 60
GAP518 88 id 3 code FUND live 0 salt 0 eco 1 ti 51 sen 64 bar 6 need 5 orth 5 floor 60
GATE515 88 salt 0 eco 1 orth 5 floor 60
TIWATCH518 89 ti 61 ammo 14 scale 216 units 5 sen 64 bar 6 beat 0 hold 0
TICONV518 89 amt 10 floor 12
GATE515 89 salt 0 eco 1 orth 3 floor 60
GAP518 89 id 3 code FUND live 0 salt 0 eco 1 ti 51 sen 64 bar 6 need 3 orth 3 floor 60
GATE515 89 salt 0 eco 1 orth 3 floor 60
TIWATCH518 90 ti 61 ammo 24 scale 216 units 5 sen 64 bar 6 beat 0 hold 0
GATE515 90 salt 0 eco 1 orth 2 floor 60
GAP518 90 id 3 code FUND live 0 salt 0 eco 1 ti 61 sen 64 bar 6 need 2 orth 2 floor 60
GATE515 90 salt 0 eco 1 orth 2 floor 60
TIWATCH518 91 ti 18 ammo 14 scale 236 units 6 sen 70 bar 7 beat 0 hold 0
TICONV518 91 amt 6 floor 12
GATE515 91 salt 0 eco 1 orth 2 floor 60
GAP518 91 id 3 code FUND live 0 salt 0 eco 1 ti 12 sen 70 bar 7 need 2 orth 2 floor 60
GATE515 91 salt 0 eco 1 orth 2 floor 60
TIWATCH518 92 ti 22 ammo 16 scale 236 units 6 sen 70 bar 7 beat 0 hold 0
TICONV518 92 amt 8 floor 12
GATE515 92 salt 0 eco 1 orth 2 floor 60
GAP518 92 id 3 code FUND live 0 salt 0 eco 1 ti 14 sen 70 bar 7 need 2 orth 2 floor 60
GATE515 92 salt 0 eco 1 orth 2 floor 60
TIWATCH518 93 ti 34 ammo 10 scale 236 units 6 sen 70 bar 7 beat 0 hold 0
TICONV518 93 amt 14 floor 12
GATE515 93 salt 0 eco 1 orth 2 floor 60
GAP518 93 id 3 code FUND live 0 salt 0 eco 1 ti 20 sen 70 bar 7 need 2 orth 2 floor 60
GATE515 93 salt 0 eco 1 orth 2 floor 60
TIWATCH518 94 ti 20 ammo 20 scale 236 units 6 sen 70 bar 7 beat 0 hold 0
TICONV518 94 amt 4 floor 12
GATE515 94 salt 0 eco 1 orth 2 floor 60
GAP518 94 id 3 code FUND live 0 salt 0 eco 1 ti 16 sen 70 bar 7 need 2 orth 2 floor 60
GATE515 94 salt 0 eco 1 orth 2 floor 60
TIWATCH518 95 ti 16 ammo 10 scale 236 units 6 sen 70 bar 7 beat 0 hold 0
TICONV518 95 amt 4 floor 12
GATE515 95 salt 0 eco 1 orth 2 floor 60
GAP518 95 id 3 code FUND live 0 salt 0 eco 1 ti 12 sen 70 bar 7 need 2 orth 2 floor 60
GATE515 95 salt 0 eco 1 orth 2 floor 60
TIWATCH518 96 ti 22 ammo 10 scale 236 units 6 sen 70 bar 7 beat 0 hold 0
TICONV518 96 amt 10 floor 12
GATE515 96 salt 0 eco 1 orth 2 floor 60
GAP518 96 id 3 code FUND live 0 salt 0 eco 1 ti 12 sen 70 bar 7 need 2 orth 2 floor 60
GATE515 96 salt 0 eco 1 orth 2 floor 60
TIWATCH518 97 ti 22 ammo 16 scale 236 units 6 sen 70 bar 7 beat 0 hold 0
TICONV518 97 amt 8 floor 12
GATE515 97 salt 0 eco 1 orth 2 floor 60
GAP518 97 id 3 code FUND live 0 salt 0 eco 1 ti 14 sen 70 bar 7 need 2 orth 2 floor 60
GATE515 97 salt 0 eco 1 orth 2 floor 60
TIWATCH518 98 ti 24 ammo 20 scale 236 units 6 sen 70 bar 7 beat 0 hold 0
TICONV518 98 amt 4 floor 12
GATE515 98 salt 0 eco 1 orth 2 floor 60
GAP518 98 id 3 code FUND live 0 salt 0 eco 1 ti 20 sen 70 bar 7 need 2 orth 2 floor 60
GATE515 98 salt 0 eco 1 orth 2 floor 60
TIWATCH518 99 ti 20 ammo 20 scale 236 units 6 sen 70 bar 7 beat 0 hold 0
TICONV518 99 amt 4 floor 12
GATE515 99 salt 0 eco 1 orth 2 floor 60
GAP518 99 id 3 code FUND live 0 salt 0 eco 1 ti 16 sen 70 bar 7 need 2 orth 2 floor 60
GATE515 99 salt 0 eco 1 orth 2 floor 60
TIWATCH518 100 ti 26 ammo 20 scale 236 units 6 sen 70 bar 7 beat 0 hold 0
TICONV518 100 amt 4 floor 12
GATE515 100 salt 0 eco 1 orth 2 floor 60
GAP518 100 id 3 code FUND live 0 salt 0 eco 1 ti 22 sen 70 bar 7 need 2 orth 2 floor 60
GATE515 100 salt 0 eco 1 orth 2 floor 60
TIWATCH518 101 ti 42 ammo 20 scale 236 units 6 sen 70 bar 7 beat 0 hold 0
TICONV518 101 amt 4 floor 12
GATE515 101 salt 0 eco 1 orth 2 floor 60
GAP518 101 id 3 code FUND live 0 salt 0 eco 1 ti 38 sen 70 bar 7 need 2 orth 2 floor 60
GATE515 101 salt 0 eco 1 orth 2 floor 60
TIWATCH518 102 ti 38 ammo 10 scale 236 units 6 sen 70 bar 7 beat 0 hold 0
TICONV518 102 amt 14 floor 12
GATE515 102 salt 0 eco 1 orth 2 floor 60
GAP518 102 id 3 code FUND live 0 salt 0 eco 1 ti 24 sen 70 bar 7 need 2 orth 2 floor 60
GATE515 102 salt 0 eco 1 orth 2 floor 60
TIWATCH518 103 ti 24 ammo 20 scale 236 units 6 sen 70 bar 7 beat 0 hold 0
TICONV518 103 amt 4 floor 12
GATE515 103 salt 0 eco 1 orth 2 floor 60
GAP518 103 id 3 code FUND live 0 salt 0 eco 1 ti 20 sen 70 bar 7 need 2 orth 2 floor 60
GATE515 103 salt 0 eco 1 orth 2 floor 60
TIWATCH518 104 ti 30 ammo 14 scale 236 units 6 sen 70 bar 7 beat 0 hold 0
TICONV518 104 amt 10 floor 12
GATE515 104 salt 0 eco 1 orth 2 floor 60
GAP518 104 id 3 code FUND live 0 salt 0 eco 1 ti 20 sen 70 bar 7 need 2 orth 2 floor 60
GATE515 104 salt 0 eco 1 orth 2 floor 60
TIWATCH518 105 ti 30 ammo 20 scale 236 units 6 sen 70 bar 7 beat 0 hold 0
TICONV518 105 amt 4 floor 12
GATE515 105 salt 0 eco 1 orth 2 floor 60
GAP518 105 id 3 code FUND live 0 salt 0 eco 1 ti 26 sen 70 bar 7 need 2 orth 2 floor 60
TIWATCH518 106 ti 34 ammo 10 scale 236 units 6 sen 70 bar 7 beat 0 hold 0
TICONV518 106 amt 14 floor 12
GATE515 106 salt 0 eco 1 orth 2 floor 60
GAP518 106 id 3 code FUND live 0 salt 0 eco 1 ti 20 sen 70 bar 7 need 2 orth 2 floor 60
GATE515 106 salt 0 eco 1 orth 2 floor 60
TIWATCH518 107 ti 20 ammo 20 scale 236 units 6 sen 70 bar 7 beat 0 hold 0
TICONV518 107 amt 4 floor 12
GATE515 107 salt 0 eco 1 orth 2 floor 60
GAP518 107 id 3 code FUND live 0 salt 0 eco 1 ti 16 sen 70 bar 7 need 2 orth 2 floor 60
GATE515 107 salt 0 eco 1 orth 2 floor 60
TIWATCH518 108 ti 26 ammo 24 scale 236 units 6 sen 70 bar 7 beat 0 hold 0
GATE515 108 salt 0 eco 1 orth 2 floor 60
GAP518 108 id 3 code FUND live 0 salt 0 eco 1 ti 26 sen 70 bar 7 need 2 orth 2 floor 60
TIWATCH518 109 ti 44 ammo 24 scale 236 units 6 sen 70 bar 7 beat 0 hold 0
GATE515 109 salt 0 eco 1 orth 2 floor 60
GAP518 109 id 3 code FUND live 0 salt 0 eco 1 ti 44 sen 70 bar 7 need 2 orth 2 floor 60
TIWATCH518 110 ti 42 ammo 24 scale 236 units 6 sen 70 bar 7 beat 0 hold 0
GATE515 110 salt 0 eco 1 orth 2 floor 60
GAP518 110 id 3 code FUND live 0 salt 0 eco 1 ti 42 sen 70 bar 7 need 2 orth 2 floor 60
TIWATCH518 111 ti 40 ammo 24 scale 236 units 6 sen 70 bar 7 beat 0 hold 0
GATE515 111 salt 0 eco 1 orth 2 floor 60
GAP518 111 id 3 code FUND live 0 salt 0 eco 1 ti 40 sen 70 bar 7 need 2 orth 2 floor 60
TIWATCH518 112 ti 48 ammo 24 scale 236 units 6 sen 70 bar 7 beat 0 hold 0
GATE515 112 salt 0 eco 1 orth 2 floor 60
GAP518 112 id 3 code FUND live 0 salt 0 eco 1 ti 48 sen 70 bar 7 need 2 orth 2 floor 60
TIWATCH518 113 ti 56 ammo 24 scale 236 units 6 sen 70 bar 7 beat 0 hold 0
GATE515 113 salt 0 eco 1 orth 2 floor 60
GAP518 113 id 3 code FUND live 0 salt 0 eco 1 ti 56 sen 70 bar 7 need 2 orth 2 floor 60
TIWATCH518 114 ti 17 ammo 24 scale 256 units 7 sen 76 bar 7 beat 0 hold 0
GATE515 114 salt 0 eco 1 orth 2 floor 60
GAP518 114 id 3 code FUND live 0 salt 0 eco 1 ti 17 sen 76 bar 7 need 2 orth 2 floor 60
GATE515 114 salt 0 eco 1 orth 2 floor 60
TIWATCH518 115 ti 17 ammo 20 scale 256 units 7 sen 76 bar 7 beat 0 hold 0
TICONV518 115 amt 4 floor 12
GATE515 115 salt 0 eco 1 orth 2 floor 60
GAP518 115 id 3 code FUND live 0 salt 0 eco 1 ti 13 sen 76 bar 7 need 2 orth 2 floor 60
GATE515 115 salt 0 eco 1 orth 2 floor 60
TIWATCH518 116 ti 23 ammo 20 scale 256 units 7 sen 76 bar 7 beat 0 hold 0
TICONV518 116 amt 4 floor 12
GATE515 116 salt 0 eco 1 orth 2 floor 60
GAP518 116 id 3 code FUND live 0 salt 0 eco 1 ti 19 sen 76 bar 7 need 2 orth 2 floor 60
GATE515 116 salt 0 eco 1 orth 2 floor 60
TIWATCH518 117 ti 39 ammo 20 scale 256 units 7 sen 76 bar 7 beat 0 hold 0
TICONV518 117 amt 4 floor 12
GATE515 117 salt 0 eco 1 orth 2 floor 60
GAP518 117 id 3 code FUND live 0 salt 0 eco 1 ti 35 sen 76 bar 7 need 2 orth 2 floor 60
TIWATCH518 118 ti 33 ammo 24 scale 256 units 7 sen 76 bar 7 beat 0 hold 0
GATE515 118 salt 0 eco 1 orth 2 floor 60
GAP518 118 id 3 code FUND live 0 salt 0 eco 1 ti 33 sen 76 bar 7 need 2 orth 2 floor 60
TIWATCH518 119 ti 26 ammo 24 scale 257 units 7 sen 77 bar 7 beat 0 hold 0
GATE515 119 salt 0 eco 1 orth 1 floor 60
GAP518 119 id 3 code FUND live 0 salt 0 eco 1 ti 26 sen 77 bar 7 need 1 orth 1 floor 60
GATE515 119 salt 0 eco 1 orth 1 floor 60
TIWATCH518 120 ti 36 ammo 24 scale 257 units 7 sen 77 bar 7 beat 0 hold 0
GATE515 120 salt 0 eco 1 orth 1 floor 60
GAP518 120 id 3 code FUND live 0 salt 0 eco 1 ti 36 sen 77 bar 7 need 1 orth 1 floor 60
GATE515 120 salt 0 eco 1 orth 1 floor 60
TIWATCH518 121 ti 46 ammo 24 scale 257 units 7 sen 77 bar 7 beat 0 hold 0
GATE515 121 salt 0 eco 1 orth 1 floor 60
GAP518 121 id 3 code FUND live 0 salt 0 eco 1 ti 46 sen 77 bar 7 need 1 orth 1 floor 60
GATE515 121 salt 0 eco 1 orth 1 floor 60
TIWATCH518 122 ti 56 ammo 24 scale 257 units 7 sen 77 bar 7 beat 0 hold 0
GATE515 122 salt 0 eco 1 orth 1 floor 60
GAP518 122 id 3 code FUND live 0 salt 0 eco 1 ti 56 sen 77 bar 7 need 1 orth 1 floor 60
GATE515 122 salt 0 eco 1 orth 1 floor 60
TIWATCH518 123 ti 56 ammo 24 scale 257 units 7 sen 77 bar 7 beat 0 hold 0
GATE515 123 salt 0 eco 1 orth 1 floor 60
GAP518 123 id 3 code FUND live 0 salt 0 eco 1 ti 56 sen 77 bar 7 need 1 orth 1 floor 60
GATE515 123 salt 0 eco 1 orth 1 floor 60
TIWATCH518 124 ti 66 ammo 24 scale 257 units 7 sen 77 bar 7 beat 0 hold 0
GATE515 124 salt 0 eco 1 orth 1 floor 60
GAP518 124 id 3 code FUND live 0 salt 0 eco 1 ti 66 sen 77 bar 7 need 1 orth 1 floor 60
GATE515 124 salt 0 eco 1 orth 1 floor 60
TIWATCH518 125 ti 86 ammo 24 scale 257 units 7 sen 77 bar 7 beat 0 hold 0
GATE515 125 salt 0 eco 1 orth 1 floor 60
GAP518 125 id 3 code FUND live 0 salt 0 eco 1 ti 86 sen 77 bar 7 need 1 orth 1 floor 60
GATE515 125 salt 0 eco 1 orth 1 floor 60
TIWATCH518 126 ti 86 ammo 24 scale 257 units 7 sen 77 bar 7 beat 0 hold 0
GATE515 126 salt 0 eco 1 orth 1 floor 60
GAP518 126 id 3 code FUND live 0 salt 0 eco 1 ti 86 sen 77 bar 7 need 1 orth 1 floor 60
GATE515 126 salt 0 eco 1 orth 1 floor 60
TIWATCH518 127 ti 86 ammo 24 scale 257 units 7 sen 77 bar 7 beat 0 hold 0
GATE515 127 salt 0 eco 1 orth 1 floor 60
GAP518 127 id 3 code FUND live 0 salt 0 eco 1 ti 86 sen 77 bar 7 need 1 orth 1 floor 60
GATE515 127 salt 0 eco 1 orth 1 floor 60
TIWATCH518 128 ti 96 ammo 24 scale 257 units 7 sen 77 bar 7 beat 0 hold 0
GATE515 128 salt 0 eco 1 orth 1 floor 60
GAP518 128 id 3 code BUSY23 live 0 salt 0 eco 1 ti 96 sen 77 bar 7 need 1 orth 1 floor 60
TIWATCH518 129 ti 55 ammo 24 scale 267 units 8 sen 80 bar 8 beat 0 hold 0
GATE515 129 salt 1 eco 1 orth 0 floor 60
GAP518 129 id 3 code FUND live 0 salt 1 eco 1 ti 55 sen 80 bar 8 need 1 orth 0 floor 60
GATE515 129 salt 1 eco 1 orth 0 floor 60
TIWATCH518 130 ti 65 ammo 24 scale 267 units 8 sen 80 bar 8 beat 0 hold 0
GATE515 130 salt 1 eco 1 orth 2 floor 60
GAP518 130 id 3 code FUND live 0 salt 1 eco 1 ti 65 sen 80 bar 8 need 3 orth 2 floor 60
GATE515 130 salt 1 eco 1 orth 2 floor 60
TIWATCH518 131 ti 65 ammo 24 scale 267 units 8 sen 80 bar 8 beat 0 hold 0
GATE515 131 salt 1 eco 1 orth 0 floor 60
GAP518 131 id 3 code FUND live 0 salt 1 eco 1 ti 65 sen 80 bar 8 need 1 orth 0 floor 60
GATE515 131 salt 1 eco 1 orth 0 floor 60
TIWATCH518 132 ti 75 ammo 24 scale 267 units 8 sen 80 bar 8 beat 0 hold 0
GATE515 132 salt 1 eco 1 orth 2 floor 60
GAP518 132 id 3 code FUND live 0 salt 1 eco 1 ti 75 sen 80 bar 8 need 3 orth 2 floor 60
GATE515 132 salt 1 eco 1 orth 2 floor 60
TIWATCH518 133 ti 95 ammo 24 scale 267 units 8 sen 80 bar 8 beat 0 hold 0
GATE515 133 salt 1 eco 1 orth 0 floor 60
GAP518 133 id 3 code OPEN live 0 salt 1 eco 1 ti 95 sen 80 bar 8 need 1 orth 0 floor 60
GATE515 133 salt 1 eco 1 orth 0 floor 60
TWIN517 133 at (24, 29) hold 0 live 1 floor 4 rebuy 24 ti 15 cost 80 n 1
SENT515 133 at (24, 29) n 1 gate (133, 1, 1, 0) latch (1, 1, 16)
TIWATCH518 134 ti 15 ammo 24 scale 287 units 9 sen 86 bar 8 beat 0 hold 0
GAP518 134 id 3 code HAVE live 1 salt -1 eco -1 ti 15 sen 86 bar 8 need 1 orth 0 floor 60
GATE515 134 salt 1 eco 1 orth 0 floor 60
TIWATCH518 135 ti 15 ammo 14 scale 287 units 9 sen 86 bar 8 beat 1 hold 0
GAP518 135 id 3 code HAVE live 1 salt -1 eco -1 ti 15 sen 86 bar 8 need 1 orth 0 floor 60
GATE515 135 salt 1 eco 1 orth 0 floor 60
TIWATCH518 136 ti 25 ammo 14 scale 287 units 9 sen 86 bar 8 beat 1 hold 0
TICONV518 136 amt 9 floor 16
GAP518 136 id 3 code HAVE live 1 salt -1 eco -1 ti 16 sen 86 bar 8 need 1 orth 0 floor 60
GATE515 136 salt 1 eco 1 orth 0 floor 60
TIWATCH518 137 ti 26 ammo 13 scale 287 units 9 sen 86 bar 8 beat 1 hold 0
TICONV518 137 amt 10 floor 16
GAP518 137 id 3 code HAVE live 1 salt -1 eco -1 ti 16 sen 86 bar 8 need 1 orth 0 floor 60
GATE515 137 salt 1 eco 1 orth 0 floor 60
TIWATCH518 138 ti 26 ammo 23 scale 287 units 9 sen 86 bar 8 beat 1 hold 0
TICONV518 138 amt 10 floor 16
GAP518 138 id 3 code HAVE live 1 salt -1 eco -1 ti 16 sen 86 bar 8 need 1 orth 0 floor 60
GATE515 138 salt 1 eco 1 orth 0 floor 60
TIWATCH518 139 ti 16 ammo 23 scale 287 units 9 sen 86 bar 8 beat 1 hold 0
GAP518 139 id 3 code HAVE live 1 salt -1 eco -1 ti 16 sen 86 bar 8 need 1 orth 0 floor 60
GATE515 139 salt 1 eco 1 orth 0 floor 60
TIWATCH518 140 ti 26 ammo 23 scale 287 units 9 sen 86 bar 8 beat 1 hold 0
TICONV518 140 amt 10 floor 16
GAP518 140 id 3 code HAVE live 1 salt -1 eco -1 ti 16 sen 86 bar 8 need 1 orth 0 floor 60
GATE515 140 salt 1 eco 1 orth 0 floor 60
TIWATCH518 141 ti 36 ammo 23 scale 287 units 9 sen 86 bar 8 beat 1 hold 0
TICONV518 141 amt 20 floor 16
GAP518 141 id 3 code HAVE live 1 salt -1 eco -1 ti 16 sen 86 bar 8 need 1 orth 0 floor 60
GATE515 141 salt 1 eco 1 orth 0 floor 60
TIWATCH518 142 ti 16 ammo 43 scale 287 units 9 sen 86 bar 8 beat 1 hold 0
GAP518 142 id 3 code HAVE live 1 salt -1 eco -1 ti 16 sen 86 bar 8 need 1 orth 0 floor 60
GATE515 142 salt 1 eco 1 orth 0 floor 60
TIWATCH518 143 ti 16 ammo 33 scale 287 units 9 sen 86 bar 8 beat 1 hold 0
GAP518 143 id 3 code HAVE live 1 salt -1 eco -1 ti 16 sen 86 bar 8 need 1 orth 0 floor 60
GATE515 143 salt 1 eco 1 orth 0 floor 60
TIWATCH518 144 ti 26 ammo 33 scale 287 units 9 sen 86 bar 8 beat 1 hold 0
TICONV518 144 amt 10 floor 16
GAP518 144 id 3 code HAVE live 1 salt -1 eco -1 ti 16 sen 86 bar 8 need 1 orth 0 floor 60
GATE515 144 salt 1 eco 1 orth 0 floor 60
TIWATCH518 145 ti 26 ammo 33 scale 287 units 9 sen 86 bar 8 beat 1 hold 0
TICONV518 145 amt 10 floor 16
GAP518 145 id 3 code HAVE live 1 salt -1 eco -1 ti 16 sen 86 bar 8 need 1 orth 0 floor 60
GATE515 145 salt 1 eco 1 orth 0 floor 60
TIWATCH518 146 ti 26 ammo 43 scale 287 units 9 sen 86 bar 8 beat 1 hold 0
TICONV518 146 amt 10 floor 16
GAP518 146 id 3 code HAVE live 1 salt -1 eco -1 ti 16 sen 86 bar 8 need 1 orth 0 floor 60
GATE515 146 salt 1 eco 1 orth 0 floor 60
TIWATCH518 147 ti 16 ammo 43 scale 287 units 9 sen 86 bar 8 beat 1 hold 0
GAP518 147 id 3 code HAVE live 1 salt -1 eco -1 ti 16 sen 86 bar 8 need 1 orth 0 floor 60
GATE515 147 salt 1 eco 1 orth 0 floor 60
TIWATCH518 148 ti 26 ammo 43 scale 287 units 9 sen 86 bar 8 beat 1 hold 0
TICONV518 148 amt 10 floor 16
GAP518 148 id 3 code HAVE live 1 salt -1 eco -1 ti 16 sen 86 bar 8 need 1 orth 0 floor 60
GATE515 148 salt 1 eco 1 orth 0 floor 60
TIWATCH518 149 ti 36 ammo 43 scale 287 units 9 sen 86 bar 8 beat 1 hold 0
TICONV518 149 amt 20 floor 16
GAP518 149 id 3 code HAVE live 1 salt -1 eco -1 ti 16 sen 86 bar 8 need 1 orth 0 floor 60
GATE515 149 salt 1 eco 1 orth 0 floor 60
TIWATCH518 150 ti 16 ammo 63 scale 287 units 9 sen 86 bar 8 beat 1 hold 0
GAP518 150 id 3 code HAVE live 1 salt -1 eco -1 ti 16 sen 86 bar 8 need 1 orth 0 floor 60
GATE515 150 salt 1 eco 1 orth 0 floor 60
TIWATCH518 151 ti 16 ammo 53 scale 287 units 9 sen 86 bar 8 beat 1 hold 0
GAP518 151 id 3 code HAVE live 1 salt -1 eco -1 ti 16 sen 86 bar 8 need 1 orth 0 floor 60
GATE515 151 salt 1 eco 1 orth 0 floor 60
TIWATCH518 152 ti 26 ammo 53 scale 287 units 9 sen 86 bar 8 beat 1 hold 0
TICONV518 152 amt 10 floor 16
GAP518 152 id 3 code HAVE live 1 salt -1 eco -1 ti 16 sen 86 bar 8 need 1 orth 0 floor 60
GATE515 152 salt 1 eco 1 orth 0 floor 60
TIWATCH518 153 ti 26 ammo 53 scale 287 units 9 sen 86 bar 8 beat 1 hold 0
TICONV518 153 amt 10 floor 16
GAP518 153 id 3 code HAVE live 1 salt -1 eco -1 ti 16 sen 86 bar 8 need 1 orth 0 floor 60
GATE515 153 salt 1 eco 1 orth 0 floor 60
TIWATCH518 154 ti 26 ammo 63 scale 287 units 9 sen 86 bar 8 beat 1 hold 0
TICONV518 154 amt 10 floor 16
GAP518 154 id 3 code HAVE live 1 salt -1 eco -1 ti 16 sen 86 bar 8 need 1 orth 0 floor 60
GATE515 154 salt 1 eco 1 orth 0 floor 60
TIWATCH518 155 ti 16 ammo 63 scale 287 units 9 sen 86 bar 8 beat 1 hold 0
GAP518 155 id 3 code HAVE live 1 salt -1 eco -1 ti 16 sen 86 bar 8 need 1 orth 0 floor 60
GATE515 155 salt 1 eco 1 orth 0 floor 60
TIWATCH518 156 ti 26 ammo 63 scale 287 units 9 sen 86 bar 8 beat 1 hold 0
TICONV518 156 amt 10 floor 16
GAP518 156 id 3 code HAVE live 1 salt -1 eco -1 ti 16 sen 86 bar 8 need 1 orth 0 floor 60
GATE515 156 salt 1 eco 1 orth 0 floor 60
TIWATCH518 157 ti 36 ammo 63 scale 287 units 9 sen 86 bar 8 beat 1 hold 0
TICONV518 157 amt 20 floor 16
GAP518 157 id 3 code HAVE live 1 salt -1 eco -1 ti 16 sen 86 bar 8 need 1 orth 0 floor 60
GATE515 157 salt 1 eco 1 orth 0 floor 60
TIWATCH518 158 ti 16 ammo 83 scale 287 units 9 sen 86 bar 8 beat 1 hold 0
GAP518 158 id 3 code HAVE live 1 salt -1 eco -1 ti 16 sen 86 bar 8 need 1 orth 0 floor 60
GATE515 158 salt 1 eco 1 orth 0 floor 60
TIWATCH518 159 ti 16 ammo 73 scale 287 units 9 sen 86 bar 8 beat 1 hold 0
GAP518 159 id 3 code HAVE live 1 salt -1 eco -1 ti 16 sen 86 bar 8 need 1 orth 0 floor 60
GATE515 159 salt 1 eco 1 orth 0 floor 60
TIWATCH518 160 ti 26 ammo 73 scale 287 units 9 sen 86 bar 8 beat 1 hold 0
TICONV518 160 amt 10 floor 16
GAP518 160 id 3 code HAVE live 1 salt -1 eco -1 ti 16 sen 86 bar 8 need 1 orth 0 floor 60
GATE515 160 salt 1 eco 1 orth 0 floor 60
TIWATCH518 161 ti 26 ammo 73 scale 287 units 9 sen 86 bar 8 beat 1 hold 0
TICONV518 161 amt 10 floor 16
GAP518 161 id 3 code HAVE live 1 salt -1 eco -1 ti 16 sen 86 bar 8 need 1 orth 0 floor 60
GATE515 161 salt 1 eco 1 orth 0 floor 60
TIWATCH518 162 ti 26 ammo 83 scale 287 units 9 sen 86 bar 8 beat 1 hold 0
TICONV518 162 amt 10 floor 16
GAP518 162 id 3 code HAVE live 1 salt -1 eco -1 ti 16 sen 86 bar 8 need 1 orth 0 floor 60
GATE515 162 salt 1 eco 1 orth 0 floor 60
TIWATCH518 163 ti 16 ammo 83 scale 287 units 9 sen 86 bar 8 beat 1 hold 0
GAP518 163 id 3 code HAVE live 1 salt -1 eco -1 ti 16 sen 86 bar 8 need 1 orth 0 floor 60
GATE515 163 salt 1 eco 1 orth 0 floor 60
TIWATCH518 164 ti 26 ammo 83 scale 287 units 9 sen 86 bar 8 beat 1 hold 0
TICONV518 164 amt 10 floor 16
GAP518 164 id 3 code HAVE live 1 salt -1 eco -1 ti 16 sen 86 bar 8 need 1 orth 0 floor 60
GATE515 164 salt 1 eco 1 orth 0 floor 60
TIWATCH518 165 ti 36 ammo 83 scale 287 units 9 sen 86 bar 8 beat 1 hold 0
TICONV518 165 amt 20 floor 16
GAP518 165 id 3 code HAVE live 1 salt -1 eco -1 ti 16 sen 86 bar 8 need 1 orth 0 floor 60
GATE515 165 salt 1 eco 1 orth 0 floor 60
TIWATCH518 166 ti 16 ammo 103 scale 287 units 9 sen 86 bar 8 beat 1 hold 0
GAP518 166 id 3 code HAVE live 1 salt -1 eco -1 ti 16 sen 86 bar 8 need 1 orth 0 floor 60
GATE515 166 salt 1 eco 1 orth 0 floor 60
TIWATCH518 167 ti 16 ammo 93 scale 287 units 9 sen 86 bar 8 beat 1 hold 0
GAP518 167 id 3 code HAVE live 1 salt -1 eco -1 ti 16 sen 86 bar 8 need 1 orth 0 floor 60
GATE515 167 salt 1 eco 1 orth 0 floor 60
TIWATCH518 168 ti 26 ammo 93 scale 287 units 9 sen 86 bar 8 beat 1 hold 0
TICONV518 168 amt 10 floor 16
GAP518 168 id 3 code HAVE live 1 salt -1 eco -1 ti 16 sen 86 bar 8 need 1 orth 0 floor 60
GATE515 168 salt 1 eco 1 orth 0 floor 60
TIWATCH518 169 ti 26 ammo 93 scale 287 units 9 sen 86 bar 8 beat 1 hold 0
TICONV518 169 amt 10 floor 16
GAP518 169 id 3 code HAVE live 1 salt -1 eco -1 ti 16 sen 86 bar 8 need 1 orth 0 floor 60
GATE515 169 salt 1 eco 1 orth 0 floor 60
TIWATCH518 170 ti 26 ammo 103 scale 287 units 9 sen 86 bar 8 beat 1 hold 0
TICONV518 170 amt 10 floor 16
GAP518 170 id 3 code HAVE live 1 salt -1 eco -1 ti 16 sen 86 bar 8 need 1 orth 0 floor 60
GATE515 170 salt 1 eco 1 orth 0 floor 60
TIWATCH518 171 ti 16 ammo 103 scale 287 units 9 sen 86 bar 8 beat 1 hold 0
GAP518 171 id 3 code HAVE live 1 salt -1 eco -1 ti 16 sen 86 bar 8 need 1 orth 0 floor 60
GATE515 171 salt 1 eco 1 orth 0 floor 60
TIWATCH518 172 ti 26 ammo 103 scale 287 units 9 sen 86 bar 8 beat 1 hold 0
TICONV518 172 amt 10 floor 16
GAP518 172 id 3 code HAVE live 1 salt -1 eco -1 ti 16 sen 86 bar 8 need 1 orth 0 floor 60
GATE515 172 salt 1 eco 1 orth 0 floor 60
TIWATCH518 173 ti 36 ammo 103 scale 287 units 9 sen 86 bar 8 beat 1 hold 0
TICONV518 173 amt 20 floor 16
GAP518 173 id 3 code HAVE live 1 salt -1 eco -1 ti 16 sen 86 bar 8 need 1 orth 0 floor 60
GATE515 173 salt 1 eco 1 orth 0 floor 60
TIWATCH518 174 ti 16 ammo 123 scale 287 units 9 sen 86 bar 8 beat 1 hold 0
GAP518 174 id 3 code HAVE live 1 salt -1 eco -1 ti 16 sen 86 bar 8 need 1 orth 0 floor 60
GATE515 174 salt 1 eco 1 orth 0 floor 60
TIWATCH518 175 ti 16 ammo 113 scale 287 units 9 sen 86 bar 8 beat 1 hold 0
GAP518 175 id 3 code HAVE live 1 salt -1 eco -1 ti 16 sen 86 bar 8 need 1 orth 0 floor 60
GATE515 175 salt 1 eco 1 orth 0 floor 60
TIWATCH518 176 ti 26 ammo 113 scale 287 units 9 sen 86 bar 8 beat 1 hold 0
TICONV518 176 amt 10 floor 16
GAP518 176 id 3 code HAVE live 1 salt -1 eco -1 ti 16 sen 86 bar 8 need 1 orth 0 floor 60
GATE515 176 salt 1 eco 1 orth 0 floor 60
TIWATCH518 177 ti 26 ammo 113 scale 287 units 9 sen 86 bar 8 beat 1 hold 0
TICONV518 177 amt 10 floor 16
GAP518 177 id 3 code HAVE live 1 salt -1 eco -1 ti 16 sen 86 bar 8 need 1 orth 0 floor 60
GATE515 177 salt 1 eco 1 orth 0 floor 60
TIWATCH518 178 ti 26 ammo 123 scale 287 units 9 sen 86 bar 8 beat 1 hold 0
TICONV518 178 amt 10 floor 16
GAP518 178 id 3 code HAVE live 1 salt -1 eco -1 ti 16 sen 86 bar 8 need 1 orth 0 floor 60
GATE515 178 salt 1 eco 1 orth 0 floor 60
TIWATCH518 179 ti 16 ammo 123 scale 287 units 9 sen 86 bar 8 beat 1 hold 0
GAP518 179 id 3 code HAVE live 1 salt -1 eco -1 ti 16 sen 86 bar 8 need 1 orth 0 floor 60
GATE515 179 salt 1 eco 1 orth 0 floor 60
TIWATCH518 180 ti 26 ammo 123 scale 287 units 9 sen 86 bar 8 beat 1 hold 0
TICONV518 180 amt 10 floor 16
GAP518 180 id 3 code HAVE live 1 salt -1 eco -1 ti 16 sen 86 bar 8 need 1 orth 0 floor 60
GATE515 180 salt 1 eco 1 orth 0 floor 60
TIWATCH518 181 ti 36 ammo 123 scale 287 units 9 sen 86 bar 8 beat 1 hold 0
TICONV518 181 amt 20 floor 16
GAP518 181 id 3 code HAVE live 1 salt -1 eco -1 ti 16 sen 86 bar 8 need 1 orth 0 floor 60
GATE515 181 salt 1 eco 1 orth 0 floor 60
TIWATCH518 182 ti 16 ammo 143 scale 287 units 9 sen 86 bar 8 beat 1 hold 0
GAP518 182 id 3 code HAVE live 1 salt -1 eco -1 ti 16 sen 86 bar 8 need 1 orth 0 floor 60
GATE515 182 salt 1 eco 1 orth 0 floor 60
TIWATCH518 183 ti 16 ammo 133 scale 287 units 9 sen 86 bar 8 beat 1 hold 0
GAP518 183 id 3 code HAVE live 1 salt -1 eco -1 ti 16 sen 86 bar 8 need 1 orth 0 floor 60
GATE515 183 salt 1 eco 1 orth 0 floor 60
TIWATCH518 184 ti 26 ammo 133 scale 267 units 8 sen 80 bar 8 beat 1 hold 0
TICONV518 184 amt 10 floor 16
GAP518 184 id 3 code HAVE live 1 salt -1 eco -1 ti 16 sen 80 bar 8 need 1 orth 0 floor 60
GATE515 184 salt 1 eco 1 orth 0 floor 60
TIWATCH518 185 ti 26 ammo 143 scale 267 units 8 sen 80 bar 8 beat 1 hold 0
TICONV518 185 amt 10 floor 16
GAP518 185 id 3 code HAVE live 1 salt -1 eco -1 ti 16 sen 80 bar 8 need 1 orth 0 floor 60
GATE515 185 salt 1 eco 1 orth 0 floor 60
TIWATCH518 186 ti 26 ammo 153 scale 267 units 8 sen 80 bar 8 beat 1 hold 0
GAP518 186 id 3 code HAVE live 1 salt -1 eco -1 ti 26 sen 80 bar 8 need 1 orth 0 floor 60
GATE515 186 salt 1 eco 1 orth 0 floor 60
TIWATCH518 187 ti 26 ammo 153 scale 267 units 8 sen 80 bar 8 beat 0 hold 0
GATE515 187 salt 1 eco 1 orth 0 floor 60
GAP518 187 id 3 code FUND live 0 salt 1 eco 1 ti 26 sen 80 bar 8 need 1 orth 0 floor 60
GATE515 187 salt 1 eco 1 orth 0 floor 60
TIWATCH518 188 ti 36 ammo 153 scale 267 units 8 sen 80 bar 8 beat 0 hold 0
GATE515 188 salt 1 eco 1 orth 0 floor 60
GAP518 188 id 3 code FUND live 0 salt 1 eco 1 ti 36 sen 80 bar 8 need 1 orth 0 floor 60
GATE515 188 salt 1 eco 1 orth 0 floor 60
TIWATCH518 189 ti 56 ammo 153 scale 267 units 8 sen 80 bar 8 beat 0 hold 0
GATE515 189 salt 1 eco 1 orth 0 floor 60
GAP518 189 id 3 code FUND live 0 salt 1 eco 1 ti 56 sen 80 bar 8 need 1 orth 0 floor 60
GATE515 189 salt 1 eco 1 orth 0 floor 60
TIWATCH518 190 ti 56 ammo 153 scale 267 units 8 sen 80 bar 8 beat 0 hold 0
GATE515 190 salt 1 eco 1 orth 0 floor 60
GAP518 190 id 3 code FUND live 0 salt 1 eco 1 ti 56 sen 80 bar 8 need 1 orth 0 floor 60
GATE515 190 salt 1 eco 1 orth 0 floor 60
TIWATCH518 191 ti 56 ammo 153 scale 267 units 8 sen 80 bar 8 beat 0 hold 0
GATE515 191 salt 1 eco 1 orth 0 floor 60
GAP518 191 id 3 code FUND live 0 salt 1 eco 1 ti 56 sen 80 bar 8 need 1 orth 0 floor 60
GATE515 191 salt 1 eco 1 orth 0 floor 60
TIWATCH518 192 ti 66 ammo 153 scale 267 units 8 sen 80 bar 8 beat 0 hold 0
GATE515 192 salt 1 eco 1 orth 0 floor 60
GAP518 192 id 3 code FUND live 0 salt 1 eco 1 ti 66 sen 80 bar 8 need 1 orth 0 floor 60
GATE515 192 salt 1 eco 1 orth 0 floor 60
TIWATCH518 193 ti 76 ammo 153 scale 267 units 8 sen 80 bar 8 beat 0 hold 0
GATE515 193 salt 1 eco 1 orth 0 floor 60
GAP518 193 id 3 code FUND live 0 salt 1 eco 1 ti 76 sen 80 bar 8 need 1 orth 0 floor 60
GATE515 193 salt 1 eco 1 orth 0 floor 60
TIWATCH518 194 ti 86 ammo 153 scale 267 units 8 sen 80 bar 8 beat 0 hold 0
TICONV518 194 amt 2 floor 84
GATE515 194 salt 1 eco 1 orth 0 floor 60
GAP518 194 id 3 code FUND live 0 salt 1 eco 1 ti 84 sen 80 bar 8 need 1 orth 0 floor 60
GATE515 194 salt 1 eco 1 orth 0 floor 60
TIWATCH518 195 ti 84 ammo 155 scale 267 units 8 sen 80 bar 8 beat 0 hold 0
GATE515 195 salt 1 eco 1 orth 0 floor 60
GAP518 195 id 3 code FUND live 0 salt 1 eco 1 ti 84 sen 80 bar 8 need 1 orth 0 floor 60
GATE515 195 salt 1 eco 1 orth 0 floor 60
TIWATCH518 196 ti 94 ammo 155 scale 267 units 8 sen 80 bar 8 beat 0 hold 0
TICONV518 196 amt 10 floor 84
GATE515 196 salt 1 eco 1 orth 0 floor 60
GAP518 196 id 3 code FUND live 0 salt 1 eco 1 ti 84 sen 80 bar 8 need 1 orth 0 floor 60
GATE515 196 salt 1 eco 1 orth 0 floor 60
TIWATCH518 197 ti 104 ammo 165 scale 267 units 8 sen 80 bar 8 beat 0 hold 0
TICONV518 197 amt 20 floor 84
GATE515 197 salt 1 eco 1 orth 0 floor 60
GAP518 197 id 3 code FUND live 0 salt 1 eco 1 ti 84 sen 80 bar 8 need 1 orth 0 floor 60
GATE515 197 salt 1 eco 1 orth 0 floor 60
TIWATCH518 198 ti 84 ammo 185 scale 267 units 8 sen 80 bar 8 beat 0 hold 0
GATE515 198 salt 1 eco 1 orth 0 floor 60
GAP518 198 id 3 code FUND live 0 salt 1 eco 1 ti 84 sen 80 bar 8 need 1 orth 0 floor 60
GATE515 198 salt 1 eco 1 orth 0 floor 60
TIWATCH518 199 ti 84 ammo 185 scale 267 units 8 sen 80 bar 8 beat 0 hold 0
GATE515 199 salt 1 eco 1 orth 0 floor 60
GAP518 199 id 3 code FUND live 0 salt 1 eco 1 ti 84 sen 80 bar 8 need 1 orth 0 floor 60
GATE515 199 salt 1 eco 1 orth 0 floor 60
TIWATCH518 200 ti 94 ammo 185 scale 267 units 8 sen 80 bar 8 beat 0 hold 0
TICONV518 200 amt 10 floor 84
GATE515 200 salt 1 eco 1 orth 0 floor 60
GAP518 200 id 3 code FUND live 0 salt 1 eco 1 ti 84 sen 80 bar 8 need 1 orth 0 floor 60
GATE515 200 salt 1 eco 1 orth 0 floor 60
TIWATCH518 201 ti 94 ammo 195 scale 267 units 8 sen 80 bar 8 beat 0 hold 0
TICONV518 201 amt 10 floor 84
GATE515 201 salt 1 eco 1 orth 0 floor 60
GAP518 201 id 3 code FUND live 0 salt 1 eco 1 ti 84 sen 80 bar 8 need 1 orth 0 floor 60
GATE515 201 salt 1 eco 1 orth 0 floor 60
TIWATCH518 202 ti 94 ammo 205 scale 267 units 8 sen 80 bar 8 beat 0 hold 0
TICONV518 202 amt 10 floor 84
GATE515 202 salt 1 eco 1 orth 0 floor 60
GAP518 202 id 3 code FUND live 0 salt 1 eco 1 ti 84 sen 80 bar 8 need 1 orth 0 floor 60
GATE515 202 salt 1 eco 1 orth 0 floor 60
TIWATCH518 203 ti 84 ammo 215 scale 267 units 8 sen 80 bar 8 beat 0 hold 0
GATE515 203 salt 1 eco 1 orth 0 floor 60
GAP518 203 id 3 code FUND live 0 salt 1 eco 1 ti 84 sen 80 bar 8 need 1 orth 0 floor 60
GATE515 203 salt 1 eco 1 orth 0 floor 60
TIWATCH518 204 ti 94 ammo 215 scale 267 units 8 sen 80 bar 8 beat 0 hold 0
TICONV518 204 amt 10 floor 84
GAP518 204 id 3 code DODGE live -1 salt -1 eco -1 ti -1 sen -1 bar -1 need -1 orth -1 floor 60
TIWATCH518 205 ti 104 ammo 225 scale 267 units 8 sen 80 bar 8 beat 0 hold 0
TICONV518 205 amt 20 floor 84
GATE515 205 salt 1 eco 1 orth 0 floor 60
GAP518 205 id 3 code FUND live 0 salt 1 eco 1 ti 84 sen 80 bar 8 need 1 orth 0 floor 60
GATE515 205 salt 1 eco 1 orth 0 floor 60
TIWATCH518 206 ti 84 ammo 245 scale 247 units 7 sen 74 bar 7 beat 0 hold 0
TICONV518 206 amt 6 floor 78
TIWATCH518 207 ti 78 ammo 251 scale 247 units 7 sen 74 bar 7 beat 0 hold 0
TIWATCH518 208 ti 88 ammo 251 scale 247 units 7 sen 74 bar 7 beat 0 hold 0
TICONV518 208 amt 10 floor 78
TIWATCH518 209 ti 88 ammo 261 scale 247 units 7 sen 74 bar 7 beat 0 hold 0
TICONV518 209 amt 10 floor 78
TIWATCH518 210 ti 88 ammo 271 scale 246 units 7 sen 73 bar 7 beat 0 hold 0
TICONV518 210 amt 11 floor 77
TIWATCH518 211 ti 77 ammo 282 scale 246 units 7 sen 73 bar 7 beat 0 hold 0
TIWATCH518 212 ti 87 ammo 282 scale 246 units 7 sen 73 bar 7 beat 0 hold 0
TICONV518 212 amt 10 floor 77
TIWATCH518 213 ti 97 ammo 292 scale 246 units 7 sen 73 bar 7 beat 0 hold 0
TICONV518 213 amt 8 floor 77
TIWATCH518 214 ti 89 ammo 300 scale 246 units 7 sen 73 bar 7 beat 0 hold 0
TIWATCH518 215 ti 89 ammo 300 scale 246 units 7 sen 73 bar 7 beat 0 hold 0
TIWATCH518 216 ti 99 ammo 300 scale 246 units 7 sen 73 bar 7 beat 0 hold 0
TIWATCH518 217 ti 109 ammo 300 scale 246 units 7 sen 73 bar 7 beat 0 hold 0
TIWATCH518 218 ti 119 ammo 300 scale 246 units 7 sen 73 bar 7 beat 0 hold 0
TIWATCH518 219 ti 70 ammo 300 scale 251 units 7 sen 75 bar 7 beat 0 hold 0
TIWATCH518 220 ti 80 ammo 300 scale 251 units 7 sen 75 bar 7 beat 0 hold 0
TIWATCH518 221 ti 50 ammo 300 scale 256 units 7 sen 76 bar 7 beat 0 hold 0
TIWATCH518 222 ti 50 ammo 300 scale 256 units 7 sen 76 bar 7 beat 0 hold 0
TIWATCH518 223 ti 43 ammo 300 scale 257 units 7 sen 77 bar 7 beat 0 hold 0
TIWATCH518 224 ti 53 ammo 300 scale 257 units 7 sen 77 bar 7 beat 0 hold 0
TIWATCH518 225 ti 63 ammo 300 scale 257 units 7 sen 77 bar 7 beat 0 hold 0
TIWATCH518 226 ti 73 ammo 300 scale 257 units 7 sen 77 bar 7 beat 0 hold 0
TIWATCH518 227 ti 73 ammo 300 scale 257 units 7 sen 77 bar 7 beat 0 hold 0
TIWATCH518 228 ti 83 ammo 300 scale 257 units 7 sen 77 bar 7 beat 0 hold 0
TIWATCH518 229 ti 103 ammo 300 scale 257 units 7 sen 77 bar 7 beat 0 hold 0
TIWATCH518 230 ti 103 ammo 300 scale 257 units 7 sen 77 bar 7 beat 0 hold 0
TIWATCH518 231 ti 103 ammo 300 scale 257 units 7 sen 77 bar 7 beat 0 hold 0
TIWATCH518 232 ti 113 ammo 300 scale 257 units 7 sen 77 bar 7 beat 0 hold 0
TIWATCH518 233 ti 123 ammo 300 scale 257 units 7 sen 77 bar 7 beat 0 hold 0
TIWATCH518 234 ti 133 ammo 300 scale 257 units 7 sen 77 bar 7 beat 0 hold 0
TIWATCH518 235 ti 133 ammo 300 scale 257 units 7 sen 77 bar 7 beat 0 hold 0
TIWATCH518 236 ti 143 ammo 300 scale 257 units 7 sen 77 bar 7 beat 0 hold 0
TIWATCH518 237 ti 86 ammo 300 scale 277 units 8 sen 83 bar 8 beat 0 hold 0
TIWATCH518 238 ti 86 ammo 300 scale 277 units 8 sen 83 bar 8 beat 0 hold 0
TIWATCH518 239 ti 86 ammo 300 scale 277 units 8 sen 83 bar 8 beat 0 hold 0
TIWATCH518 240 ti 96 ammo 300 scale 277 units 8 sen 83 bar 8 beat 0 hold 0
TIWATCH518 241 ti 106 ammo 300 scale 277 units 8 sen 83 bar 8 beat 0 hold 0
TIWATCH518 242 ti 116 ammo 300 scale 277 units 8 sen 83 bar 8 beat 0 hold 0
TIWATCH518 243 ti 116 ammo 300 scale 277 units 8 sen 83 bar 8 beat 0 hold 0
TIWATCH518 244 ti 71 ammo 300 scale 287 units 9 sen 86 bar 8 beat 0 hold 0
TIWATCH518 245 ti 91 ammo 300 scale 277 units 8 sen 83 bar 8 beat 0 hold 0
TIWATCH518 246 ti 36 ammo 300 scale 287 units 9 sen 86 bar 8 beat 0 hold 0
TIWATCH518 247 ti 28 ammo 300 scale 278 units 8 sen 83 bar 8 beat 0 hold 0
TIWATCH518 248 ti 38 ammo 300 scale 278 units 8 sen 83 bar 8 beat 0 hold 0
TIWATCH518 249 ti 48 ammo 300 scale 278 units 8 sen 83 bar 8 beat 0 hold 0
TIWATCH518 250 ti 58 ammo 300 scale 278 units 8 sen 83 bar 8 beat 0 hold 0
TIWATCH518 251 ti 58 ammo 300 scale 278 units 8 sen 83 bar 8 beat 0 hold 0
TIWATCH518 252 ti 68 ammo 300 scale 278 units 8 sen 83 bar 8 beat 0 hold 0
TIWATCH518 253 ti 33 ammo 300 scale 288 units 9 sen 86 bar 8 beat 0 hold 0
TIWATCH518 254 ti 33 ammo 300 scale 278 units 8 sen 83 bar 8 beat 0 hold 0
TIWATCH518 255 ti 33 ammo 300 scale 278 units 8 sen 83 bar 8 beat 0 hold 0
TIWATCH518 256 ti 43 ammo 300 scale 278 units 8 sen 83 bar 8 beat 0 hold 0
TIWATCH518 257 ti 53 ammo 300 scale 278 units 8 sen 83 bar 8 beat 0 hold 0
TIWATCH518 258 ti 63 ammo 300 scale 278 units 8 sen 83 bar 8 beat 0 hold 0
TIWATCH518 259 ti 63 ammo 300 scale 278 units 8 sen 83 bar 8 beat 0 hold 0
TIWATCH518 260 ti 73 ammo 300 scale 278 units 8 sen 83 bar 8 beat 0 hold 0
TIWATCH518 261 ti 93 ammo 300 scale 278 units 8 sen 83 bar 8 beat 0 hold 0
TIWATCH518 262 ti 38 ammo 300 scale 288 units 9 sen 86 bar 8 beat 0 hold 0
TIWATCH518 263 ti 38 ammo 300 scale 278 units 8 sen 83 bar 8 beat 0 hold 0
GATE515 263 salt 0 eco 1 orth 1 floor 60
GAP518 263 id 419 code FUND live 0 salt 0 eco 1 ti 38 sen 83 bar 8 need 2 orth 1 floor 60
GATE515 263 salt 0 eco 1 orth 1 floor 60
TIWATCH518 264 ti 48 ammo 300 scale 278 units 8 sen 83 bar 8 beat 0 hold 0
GATE515 264 salt 0 eco 1 orth 1 floor 60
GAP518 264 id 419 code FUND live 0 salt 0 eco 1 ti 48 sen 83 bar 8 need 2 orth 1 floor 60
GATE515 264 salt 0 eco 1 orth 1 floor 60
TIWATCH518 265 ti 58 ammo 300 scale 278 units 8 sen 83 bar 8 beat 0 hold 0
GATE515 265 salt 0 eco 1 orth 1 floor 60
GAP518 265 id 419 code FUND live 0 salt 0 eco 1 ti 58 sen 83 bar 8 need 2 orth 1 floor 60
GATE515 265 salt 0 eco 1 orth 1 floor 60
TIWATCH518 266 ti 68 ammo 300 scale 278 units 8 sen 83 bar 8 beat 0 hold 0
GATE515 266 salt 0 eco 1 orth 1 floor 60
GAP518 266 id 419 code FUND live 0 salt 0 eco 1 ti 68 sen 83 bar 8 need 2 orth 1 floor 60
GATE515 266 salt 0 eco 1 orth 1 floor 60
TIWATCH518 267 ti 68 ammo 300 scale 278 units 8 sen 83 bar 8 beat 0 hold 0
GATE515 267 salt 0 eco 1 orth 1 floor 60
GAP518 267 id 419 code FUND live 0 salt 0 eco 1 ti 68 sen 83 bar 8 need 2 orth 1 floor 60
GATE515 267 salt 0 eco 1 orth 1 floor 60
TIWATCH518 268 ti 78 ammo 300 scale 278 units 8 sen 83 bar 8 beat 0 hold 0
GAP518 268 id 419 code DODGE live -1 salt -1 eco -1 ti -1 sen -1 bar -1 need -1 orth -1 floor 60
TIWATCH518 269 ti 98 ammo 300 scale 278 units 8 sen 83 bar 8 beat 0 hold 0
GATE515 269 salt 0 eco 1 orth 1 floor 60
GAP518 269 id 419 code FUND live 0 salt 0 eco 1 ti 98 sen 83 bar 8 need 2 orth 1 floor 60
GATE515 269 salt 0 eco 1 orth 1 floor 60
TIWATCH518 270 ti 98 ammo 300 scale 278 units 8 sen 83 bar 8 beat 0 hold 0
TIWATCH518 271 ti 98 ammo 300 scale 258 units 7 sen 77 bar 7 beat 0 hold 0
TIWATCH518 272 ti 108 ammo 300 scale 258 units 7 sen 77 bar 7 beat 0 hold 0
TIWATCH518 273 ti 118 ammo 300 scale 258 units 7 sen 77 bar 7 beat 0 hold 0
TIWATCH518 274 ti 128 ammo 300 scale 258 units 7 sen 77 bar 7 beat 0 hold 0
TIWATCH518 275 ti 128 ammo 300 scale 258 units 7 sen 77 bar 7 beat 0 hold 0
TIWATCH518 276 ti 138 ammo 300 scale 258 units 7 sen 77 bar 7 beat 0 hold 0
TIWATCH518 277 ti 158 ammo 300 scale 258 units 7 sen 77 bar 7 beat 0 hold 0
TIWATCH518 278 ti 158 ammo 300 scale 258 units 7 sen 77 bar 7 beat 0 hold 0
TIWATCH518 279 ti 158 ammo 300 scale 258 units 7 sen 77 bar 7 beat 0 hold 0
TIWATCH518 280 ti 168 ammo 300 scale 258 units 7 sen 77 bar 7 beat 0 hold 0
TIWATCH518 281 ti 178 ammo 300 scale 258 units 7 sen 77 bar 7 beat 0 hold 0
TIWATCH518 282 ti 188 ammo 300 scale 258 units 7 sen 77 bar 7 beat 0 hold 0
TIWATCH518 283 ti 111 ammo 300 scale 278 units 8 sen 83 bar 8 beat 0 hold 0
TIWATCH518 284 ti 121 ammo 300 scale 278 units 8 sen 83 bar 8 beat 0 hold 0
TIWATCH518 285 ti 141 ammo 300 scale 278 units 8 sen 83 bar 8 beat 0 hold 0
TIWATCH518 286 ti 141 ammo 300 scale 278 units 8 sen 83 bar 8 beat 0 hold 0
TIWATCH518 287 ti 141 ammo 300 scale 278 units 8 sen 83 bar 8 beat 0 hold 0
TIWATCH518 288 ti 151 ammo 300 scale 278 units 8 sen 83 bar 8 beat 0 hold 0
TIWATCH518 289 ti 106 ammo 300 scale 288 units 9 sen 86 bar 8 beat 0 hold 0
TIWATCH518 290 ti 116 ammo 300 scale 288 units 9 sen 86 bar 8 beat 0 hold 0
TIWATCH518 291 ti 59 ammo 300 scale 298 units 10 sen 89 bar 8 beat 0 hold 0
TIWATCH518 292 ti 69 ammo 300 scale 288 units 9 sen 86 bar 8 beat 0 hold 0
TIWATCH518 293 ti 32 ammo 300 scale 298 units 10 sen 89 bar 8 beat 0 hold 0
TIWATCH518 294 ti 32 ammo 300 scale 288 units 9 sen 86 bar 8 beat 0 hold 0
TIWATCH518 295 ti 32 ammo 300 scale 288 units 9 sen 86 bar 8 beat 0 hold 0
TIWATCH518 296 ti 42 ammo 300 scale 288 units 9 sen 86 bar 8 beat 0 hold 0
TIWATCH518 297 ti 52 ammo 300 scale 288 units 9 sen 86 bar 8 beat 0 hold 0
TIWATCH518 298 ti 62 ammo 300 scale 288 units 9 sen 86 bar 8 beat 0 hold 0
TIWATCH518 299 ti 62 ammo 300 scale 288 units 9 sen 86 bar 8 beat 0 hold 0
TIWATCH518 300 ti 72 ammo 300 scale 288 units 9 sen 86 bar 8 beat 0 hold 0
TIWATCH518 301 ti 92 ammo 300 scale 288 units 9 sen 86 bar 8 beat 0 hold 0
TIWATCH518 302 ti 35 ammo 300 scale 298 units 10 sen 89 bar 8 beat 0 hold 0
TIWATCH518 303 ti 27 ammo 300 scale 289 units 9 sen 86 bar 8 beat 0 hold 0
TIWATCH518 304 ti 37 ammo 300 scale 289 units 9 sen 86 bar 8 beat 0 hold 0
TIWATCH518 305 ti 39 ammo 300 scale 290 units 9 sen 87 bar 8 beat 0 hold 0
TIWATCH518 306 ti 49 ammo 300 scale 290 units 9 sen 87 bar 8 beat 0 hold 0
TIWATCH518 307 ti 41 ammo 300 scale 291 units 9 sen 87 bar 8 beat 0 hold 0
TIWATCH518 308 ti 51 ammo 300 scale 291 units 9 sen 87 bar 8 beat 0 hold 0
TIWATCH518 309 ti 63 ammo 300 scale 292 units 9 sen 87 bar 8 beat 0 hold 0
TIWATCH518 310 ti 63 ammo 300 scale 292 units 9 sen 87 bar 8 beat 0 hold 0
TIWATCH518 311 ti 55 ammo 300 scale 293 units 9 sen 87 bar 8 beat 0 hold 0
TIWATCH518 312 ti 65 ammo 300 scale 293 units 9 sen 87 bar 8 beat 0 hold 0
TIWATCH518 313 ti 67 ammo 300 scale 294 units 9 sen 88 bar 8 beat 0 hold 0
TIWATCH518 314 ti 77 ammo 300 scale 294 units 9 sen 88 bar 8 beat 0 hold 0
TIWATCH518 315 ti 69 ammo 300 scale 295 units 9 sen 88 bar 8 beat 0 hold 0
TIWATCH518 316 ti 79 ammo 300 scale 295 units 9 sen 88 bar 8 beat 0 hold 0
TIWATCH518 317 ti 91 ammo 300 scale 296 units 9 sen 88 bar 8 beat 0 hold 0
TIWATCH518 318 ti 91 ammo 300 scale 296 units 9 sen 88 bar 8 beat 0 hold 0
TIWATCH518 319 ti 83 ammo 300 scale 297 units 9 sen 89 bar 8 beat 0 hold 0
TIWATCH518 320 ti 93 ammo 300 scale 297 units 9 sen 89 bar 8 beat 0 hold 0
TIWATCH518 321 ti 44 ammo 300 scale 302 units 9 sen 90 bar 9 beat 0 hold 0
TIWATCH518 322 ti 54 ammo 300 scale 302 units 9 sen 90 bar 9 beat 0 hold 0
TIWATCH518 323 ti 54 ammo 300 scale 302 units 9 sen 90 bar 9 beat 0 hold 0
TIWATCH518 324 ti 64 ammo 300 scale 302 units 9 sen 90 bar 9 beat 0 hold 0
TIWATCH518 325 ti 84 ammo 300 scale 302 units 9 sen 90 bar 9 beat 0 hold 0
TIWATCH518 326 ti 24 ammo 300 scale 312 units 10 sen 93 bar 9 beat 0 hold 0
TIWATCH518 327 ti 24 ammo 300 scale 302 units 9 sen 90 bar 9 beat 0 hold 0
GAP518 327 id 460 code DODGE live -1 salt -1 eco -1 ti -1 sen -1 bar -1 need -1 orth -1 floor 60
TIWATCH518 328 ti 34 ammo 300 scale 302 units 9 sen 90 bar 9 beat 0 hold 0
TIWATCH518 329 ti 44 ammo 300 scale 282 units 8 sen 84 bar 8 beat 0 hold 0
TIWATCH518 330 ti 54 ammo 300 scale 282 units 8 sen 84 bar 8 beat 0 hold 0
TIWATCH518 331 ti 54 ammo 300 scale 282 units 8 sen 84 bar 8 beat 0 hold 0
TIWATCH518 332 ti 64 ammo 300 scale 282 units 8 sen 84 bar 8 beat 0 hold 0
TIWATCH518 333 ti 84 ammo 300 scale 282 units 8 sen 84 bar 8 beat 0 hold 0
TIWATCH518 334 ti 84 ammo 300 scale 282 units 8 sen 84 bar 8 beat 0 hold 0
TIWATCH518 335 ti 84 ammo 300 scale 282 units 8 sen 84 bar 8 beat 0 hold 0
TIWATCH518 336 ti 94 ammo 300 scale 282 units 8 sen 84 bar 8 beat 0 hold 0
TIWATCH518 337 ti 104 ammo 300 scale 282 units 8 sen 84 bar 8 beat 0 hold 0
TIWATCH518 338 ti 114 ammo 300 scale 282 units 8 sen 84 bar 8 beat 0 hold 0
TIWATCH518 339 ti 114 ammo 300 scale 282 units 8 sen 84 bar 8 beat 0 hold 0
TIWATCH518 340 ti 124 ammo 300 scale 282 units 8 sen 84 bar 8 beat 0 hold 0
TIWATCH518 341 ti 144 ammo 300 scale 282 units 8 sen 84 bar 8 beat 0 hold 0
TIWATCH518 342 ti 60 ammo 300 scale 302 units 9 sen 90 bar 9 beat 0 hold 0
TIWATCH518 343 ti 60 ammo 300 scale 302 units 9 sen 90 bar 9 beat 0 hold 0
TIWATCH518 344 ti 70 ammo 300 scale 302 units 9 sen 90 bar 9 beat 0 hold 0
TIWATCH518 345 ti 20 ammo 300 scale 312 units 10 sen 93 bar 9 beat 0 hold 0
TIWATCH518 346 ti 30 ammo 300 scale 302 units 9 sen 90 bar 9 beat 0 hold 0
TIWATCH518 347 ti 30 ammo 300 scale 302 units 9 sen 90 bar 9 beat 0 hold 0
TIWATCH518 348 ti 40 ammo 300 scale 302 units 9 sen 90 bar 9 beat 0 hold 0
TIWATCH518 349 ti 60 ammo 300 scale 302 units 9 sen 90 bar 9 beat 0 hold 0
TIWATCH518 350 ti 60 ammo 300 scale 302 units 9 sen 90 bar 9 beat 0 hold 0
TIWATCH518 351 ti 60 ammo 300 scale 302 units 9 sen 90 bar 9 beat 0 hold 0
TIWATCH518 352 ti 70 ammo 300 scale 302 units 9 sen 90 bar 9 beat 0 hold 0
TIWATCH518 353 ti 80 ammo 300 scale 302 units 9 sen 90 bar 9 beat 0 hold 0
TIWATCH518 354 ti 30 ammo 300 scale 312 units 10 sen 93 bar 9 beat 0 hold 0
TIWATCH518 355 ti 30 ammo 300 scale 302 units 9 sen 90 bar 9 beat 0 hold 0
TIWATCH518 356 ti 40 ammo 300 scale 302 units 9 sen 90 bar 9 beat 0 hold 0
TIWATCH518 357 ti 60 ammo 300 scale 302 units 9 sen 90 bar 9 beat 0 hold 0
TIWATCH518 358 ti 60 ammo 300 scale 302 units 9 sen 90 bar 9 beat 0 hold 0
TIWATCH518 359 ti 60 ammo 300 scale 302 units 9 sen 90 bar 9 beat 0 hold 0
TIWATCH518 360 ti 70 ammo 300 scale 302 units 9 sen 90 bar 9 beat 0 hold 0
TIWATCH518 361 ti 20 ammo 300 scale 312 units 10 sen 93 bar 9 beat 0 hold 0
TIWATCH518 362 ti 30 ammo 300 scale 302 units 9 sen 90 bar 9 beat 0 hold 0
TIWATCH518 363 ti 30 ammo 300 scale 302 units 9 sen 90 bar 9 beat 0 hold 0
TIWATCH518 364 ti 40 ammo 300 scale 302 units 9 sen 90 bar 9 beat 0 hold 0
TIWATCH518 365 ti 60 ammo 300 scale 302 units 9 sen 90 bar 9 beat 0 hold 0
TIWATCH518 366 ti 60 ammo 300 scale 302 units 9 sen 90 bar 9 beat 0 hold 0
TIWATCH518 367 ti 60 ammo 300 scale 302 units 9 sen 90 bar 9 beat 0 hold 0
TIWATCH518 368 ti 70 ammo 300 scale 302 units 9 sen 90 bar 9 beat 0 hold 0
TIWATCH518 369 ti 20 ammo 300 scale 312 units 10 sen 93 bar 9 beat 0 hold 0
TIWATCH518 370 ti 30 ammo 300 scale 302 units 9 sen 90 bar 9 beat 0 hold 0
GATE515 370 salt 0 eco 1 orth 1 floor 60
GAP518 370 id 546 code FUND live 0 salt 0 eco 1 ti 30 sen 90 bar 9 need 2 orth 1 floor 60
GATE515 370 salt 0 eco 1 orth 1 floor 60
TIWATCH518 371 ti 30 ammo 300 scale 302 units 9 sen 90 bar 9 beat 0 hold 0
GATE515 371 salt 0 eco 1 orth 1 floor 60
GAP518 371 id 546 code FUND live 0 salt 0 eco 1 ti 30 sen 90 bar 9 need 2 orth 1 floor 60
GATE515 371 salt 0 eco 1 orth 1 floor 60
TIWATCH518 372 ti 40 ammo 300 scale 302 units 9 sen 90 bar 9 beat 0 hold 0
GATE515 372 salt 0 eco 1 orth 2 floor 60
GAP518 372 id 546 code FUND live 0 salt 0 eco 1 ti 40 sen 90 bar 9 need 2 orth 2 floor 60
GATE515 372 salt 0 eco 1 orth 2 floor 60
TIWATCH518 373 ti 60 ammo 300 scale 302 units 9 sen 90 bar 9 beat 0 hold 0
GATE515 373 salt 0 eco 1 orth 1 floor 60
GAP518 373 id 546 code FUND live 0 salt 0 eco 1 ti 60 sen 90 bar 9 need 2 orth 1 floor 60
GATE515 373 salt 0 eco 1 orth 1 floor 60
TIWATCH518 374 ti 60 ammo 300 scale 302 units 9 sen 90 bar 9 beat 0 hold 0
GATE515 374 salt 0 eco 1 orth 1 floor 60
GAP518 374 id 546 code FUND live 0 salt 0 eco 1 ti 60 sen 90 bar 9 need 2 orth 1 floor 60
GATE515 374 salt 0 eco 1 orth 1 floor 60
TIWATCH518 375 ti 60 ammo 300 scale 302 units 9 sen 90 bar 9 beat 0 hold 0
GATE515 375 salt 0 eco 1 orth 1 floor 60
GAP518 375 id 546 code FUND live 0 salt 0 eco 1 ti 60 sen 90 bar 9 need 2 orth 1 floor 60
GATE515 375 salt 0 eco 1 orth 1 floor 60
TIWATCH518 376 ti 70 ammo 300 scale 302 units 9 sen 90 bar 9 beat 0 hold 0
GATE515 376 salt 0 eco 1 orth 1 floor 60
GAP518 376 id 546 code FUND live 0 salt 0 eco 1 ti 70 sen 90 bar 9 need 2 orth 1 floor 60
GATE515 376 salt 0 eco 1 orth 1 floor 60
TIWATCH518 377 ti 80 ammo 300 scale 302 units 9 sen 90 bar 9 beat 0 hold 0
GATE515 377 salt 0 eco 1 orth 1 floor 60
GAP518 377 id 546 code FUND live 0 salt 0 eco 1 ti 80 sen 90 bar 9 need 2 orth 1 floor 60
GATE515 377 salt 0 eco 1 orth 1 floor 60
TIWATCH518 378 ti 90 ammo 300 scale 302 units 9 sen 90 bar 9 beat 0 hold 0
TIWATCH518 379 ti 90 ammo 300 scale 282 units 8 sen 84 bar 8 beat 0 hold 0
TIWATCH518 380 ti 100 ammo 300 scale 282 units 8 sen 84 bar 8 beat 0 hold 0
TIWATCH518 381 ti 120 ammo 300 scale 282 units 8 sen 84 bar 8 beat 0 hold 0
TIWATCH518 382 ti 120 ammo 300 scale 282 units 8 sen 84 bar 8 beat 0 hold 0
TIWATCH518 383 ti 120 ammo 300 scale 282 units 8 sen 84 bar 8 beat 0 hold 0
TIWATCH518 384 ti 130 ammo 300 scale 282 units 8 sen 84 bar 8 beat 0 hold 0
TIWATCH518 385 ti 140 ammo 300 scale 282 units 8 sen 84 bar 8 beat 0 hold 0
TIWATCH518 386 ti 150 ammo 300 scale 282 units 8 sen 84 bar 8 beat 0 hold 0
TIWATCH518 387 ti 150 ammo 300 scale 282 units 8 sen 84 bar 8 beat 0 hold 0
TIWATCH518 388 ti 160 ammo 300 scale 282 units 8 sen 84 bar 8 beat 0 hold 0
TIWATCH518 389 ti 180 ammo 300 scale 282 units 8 sen 84 bar 8 beat 0 hold 0
TIWATCH518 390 ti 180 ammo 300 scale 282 units 8 sen 84 bar 8 beat 0 hold 0
TIWATCH518 391 ti 96 ammo 300 scale 302 units 9 sen 90 bar 9 beat 0 hold 0
TIWATCH518 392 ti 106 ammo 300 scale 302 units 9 sen 90 bar 9 beat 0 hold 0
TIWATCH518 393 ti 58 ammo 300 scale 302 units 9 sen 90 bar 9 beat 0 hold 0
TIWATCH518 394 ti 68 ammo 300 scale 292 units 8 sen 87 bar 8 beat 0 hold 0
TIWATCH518 395 ti 10 ammo 300 scale 302 units 9 sen 90 bar 9 beat 0 hold 0
TIWATCH518 396 ti 20 ammo 300 scale 292 units 8 sen 87 bar 8 beat 0 hold 0
TIWATCH518 397 ti 40 ammo 300 scale 292 units 8 sen 87 bar 8 beat 0 hold 0
TIWATCH518 398 ti 40 ammo 300 scale 292 units 8 sen 87 bar 8 beat 0 hold 0
TIWATCH518 399 ti 40 ammo 300 scale 292 units 8 sen 87 bar 8 beat 0 hold 0
TIWATCH518 400 ti 50 ammo 300 scale 292 units 8 sen 87 bar 8 beat 0 hold 0
TIWATCH518 401 ti 60 ammo 300 scale 292 units 8 sen 87 bar 8 beat 0 hold 0
TIWATCH518 402 ti 70 ammo 300 scale 292 units 8 sen 87 bar 8 beat 0 hold 0
TIWATCH518 403 ti 70 ammo 300 scale 292 units 8 sen 87 bar 8 beat 0 hold 0
TIWATCH518 404 ti 22 ammo 300 scale 302 units 9 sen 90 bar 9 beat 0 hold 0
TIWATCH518 405 ti 42 ammo 300 scale 292 units 8 sen 87 bar 8 beat 0 hold 0
TIWATCH518 406 ti 42 ammo 300 scale 292 units 8 sen 87 bar 8 beat 0 hold 0
TIWATCH518 407 ti 42 ammo 300 scale 292 units 8 sen 87 bar 8 beat 0 hold 0
TIWATCH518 408 ti 52 ammo 300 scale 292 units 8 sen 87 bar 8 beat 0 hold 0
TIWATCH518 409 ti 62 ammo 300 scale 292 units 8 sen 87 bar 8 beat 0 hold 0
TIWATCH518 410 ti 72 ammo 300 scale 292 units 8 sen 87 bar 8 beat 0 hold 0
TIWATCH518 411 ti 14 ammo 300 scale 302 units 9 sen 90 bar 9 beat 0 hold 0
TIWATCH518 412 ti 24 ammo 300 scale 292 units 8 sen 87 bar 8 beat 0 hold 0
GAP518 412 id 594 code DODGE live -1 salt -1 eco -1 ti -1 sen -1 bar -1 need -1 orth -1 floor 60
TIWATCH518 413 ti 44 ammo 300 scale 292 units 8 sen 87 bar 8 beat 0 hold 0
TIWATCH518 414 ti 44 ammo 300 scale 272 units 7 sen 81 bar 8 beat 0 hold 0
TIWATCH518 415 ti 44 ammo 300 scale 272 units 7 sen 81 bar 8 beat 0 hold 0
TIWATCH518 416 ti 54 ammo 300 scale 272 units 7 sen 81 bar 8 beat 0 hold 0
TIWATCH518 417 ti 64 ammo 300 scale 271 units 7 sen 81 bar 8 beat 0 hold 0
TIWATCH518 418 ti 74 ammo 300 scale 271 units 7 sen 81 bar 8 beat 0 hold 0
TIWATCH518 419 ti 74 ammo 300 scale 271 units 7 sen 81 bar 8 beat 0 hold 0
TIWATCH518 420 ti 84 ammo 300 scale 271 units 7 sen 81 bar 8 beat 0 hold 0
TIWATCH518 421 ti 104 ammo 300 scale 271 units 7 sen 81 bar 8 beat 0 hold 0
TIWATCH518 422 ti 104 ammo 300 scale 271 units 7 sen 81 bar 8 beat 0 hold 0
TIWATCH518 423 ti 104 ammo 300 scale 271 units 7 sen 81 bar 8 beat 0 hold 0
TIWATCH518 424 ti 114 ammo 300 scale 271 units 7 sen 81 bar 8 beat 0 hold 0
TIWATCH518 425 ti 124 ammo 300 scale 271 units 7 sen 81 bar 8 beat 0 hold 0
TIWATCH518 426 ti 134 ammo 300 scale 271 units 7 sen 81 bar 8 beat 0 hold 0
TIWATCH518 427 ti 134 ammo 300 scale 271 units 7 sen 81 bar 8 beat 0 hold 0
TIWATCH518 428 ti 144 ammo 300 scale 271 units 7 sen 81 bar 8 beat 0 hold 0
TIWATCH518 429 ti 83 ammo 300 scale 291 units 8 sen 87 bar 8 beat 0 hold 0
TIWATCH518 430 ti 25 ammo 300 scale 301 units 9 sen 90 bar 9 beat 0 hold 0
TIWATCH518 431 ti 25 ammo 300 scale 291 units 8 sen 87 bar 8 beat 0 hold 0
TIWATCH518 432 ti 35 ammo 300 scale 291 units 8 sen 87 bar 8 beat 0 hold 0
TIWATCH518 433 ti 45 ammo 300 scale 291 units 8 sen 87 bar 8 beat 0 hold 0
TIWATCH518 434 ti 55 ammo 300 scale 291 units 8 sen 87 bar 8 beat 0 hold 0
TIWATCH518 435 ti 55 ammo 300 scale 291 units 8 sen 87 bar 8 beat 0 hold 0
TIWATCH518 436 ti 65 ammo 300 scale 291 units 8 sen 87 bar 8 beat 0 hold 0
TIWATCH518 437 ti 85 ammo 300 scale 291 units 8 sen 87 bar 8 beat 0 hold 0
TIWATCH518 438 ti 27 ammo 300 scale 301 units 9 sen 90 bar 9 beat 0 hold 0
TIWATCH518 439 ti 27 ammo 300 scale 291 units 8 sen 87 bar 8 beat 0 hold 0
TIWATCH518 440 ti 37 ammo 300 scale 291 units 8 sen 87 bar 8 beat 0 hold 0
TIWATCH518 441 ti 47 ammo 300 scale 291 units 8 sen 87 bar 8 beat 0 hold 0
TIWATCH518 442 ti 57 ammo 300 scale 291 units 8 sen 87 bar 8 beat 0 hold 0
TIWATCH518 443 ti 57 ammo 300 scale 291 units 8 sen 87 bar 8 beat 0 hold 0
TIWATCH518 444 ti 67 ammo 300 scale 291 units 8 sen 87 bar 8 beat 0 hold 0
TIWATCH518 445 ti 29 ammo 300 scale 301 units 9 sen 90 bar 9 beat 0 hold 0
TIWATCH518 446 ti 29 ammo 300 scale 291 units 8 sen 87 bar 8 beat 0 hold 0
TIWATCH518 447 ti 29 ammo 300 scale 291 units 8 sen 87 bar 8 beat 0 hold 0
TIWATCH518 448 ti 39 ammo 300 scale 291 units 8 sen 87 bar 8 beat 0 hold 0
TIWATCH518 449 ti 49 ammo 300 scale 291 units 8 sen 87 bar 8 beat 0 hold 0
TIWATCH518 450 ti 59 ammo 300 scale 291 units 8 sen 87 bar 8 beat 0 hold 0
TIWATCH518 451 ti 59 ammo 300 scale 291 units 8 sen 87 bar 8 beat 0 hold 0
TIWATCH518 452 ti 69 ammo 300 scale 291 units 8 sen 87 bar 8 beat 0 hold 0
TIWATCH518 453 ti 31 ammo 300 scale 301 units 9 sen 90 bar 9 beat 0 hold 0
TIWATCH518 454 ti 31 ammo 300 scale 291 units 8 sen 87 bar 8 beat 0 hold 0
TIWATCH518 455 ti 31 ammo 300 scale 291 units 8 sen 87 bar 8 beat 0 hold 0
TIWATCH518 456 ti 41 ammo 300 scale 291 units 8 sen 87 bar 8 beat 0 hold 0
TIWATCH518 457 ti 51 ammo 300 scale 291 units 8 sen 87 bar 8 beat 0 hold 0
TIWATCH518 458 ti 61 ammo 300 scale 291 units 8 sen 87 bar 8 beat 0 hold 0
TIWATCH518 459 ti 61 ammo 300 scale 291 units 8 sen 87 bar 8 beat 0 hold 0
TIWATCH518 460 ti 71 ammo 300 scale 291 units 8 sen 87 bar 8 beat 0 hold 0
TIWATCH518 461 ti 91 ammo 300 scale 291 units 8 sen 87 bar 8 beat 0 hold 0
TIWATCH518 462 ti 33 ammo 300 scale 301 units 9 sen 90 bar 9 beat 0 hold 0
TIWATCH518 463 ti 33 ammo 300 scale 291 units 8 sen 87 bar 8 beat 0 hold 0
GAP518 463 id 630 code DODGE live -1 salt -1 eco -1 ti -1 sen -1 bar -1 need -1 orth -1 floor 60
TIWATCH518 464 ti 43 ammo 300 scale 291 units 8 sen 87 bar 8 beat 0 hold 0
TIWATCH518 465 ti 53 ammo 300 scale 271 units 7 sen 81 bar 8 beat 0 hold 0
TIWATCH518 466 ti 63 ammo 300 scale 271 units 7 sen 81 bar 8 beat 0 hold 0
TIWATCH518 467 ti 63 ammo 300 scale 271 units 7 sen 81 bar 8 beat 0 hold 0
TIWATCH518 468 ti 73 ammo 300 scale 271 units 7 sen 81 bar 8 beat 0 hold 0
TIWATCH518 469 ti 93 ammo 300 scale 271 units 7 sen 81 bar 8 beat 0 hold 0
TIWATCH518 470 ti 93 ammo 300 scale 271 units 7 sen 81 bar 8 beat 0 hold 0
TIWATCH518 471 ti 93 ammo 300 scale 271 units 7 sen 81 bar 8 beat 0 hold 0
TIWATCH518 472 ti 103 ammo 300 scale 271 units 7 sen 81 bar 8 beat 0 hold 0
TIWATCH518 473 ti 113 ammo 300 scale 271 units 7 sen 81 bar 8 beat 0 hold 0
TIWATCH518 474 ti 123 ammo 300 scale 271 units 7 sen 81 bar 8 beat 0 hold 0
TIWATCH518 475 ti 123 ammo 300 scale 271 units 7 sen 81 bar 8 beat 0 hold 0
TIWATCH518 476 ti 133 ammo 300 scale 271 units 7 sen 81 bar 8 beat 0 hold 0
TIWATCH518 477 ti 153 ammo 300 scale 271 units 7 sen 81 bar 8 beat 0 hold 0
TIWATCH518 478 ti 72 ammo 300 scale 291 units 8 sen 87 bar 8 beat 0 hold 0
TIWATCH518 479 ti 72 ammo 300 scale 291 units 8 sen 87 bar 8 beat 0 hold 0
TIWATCH518 480 ti 82 ammo 300 scale 291 units 8 sen 87 bar 8 beat 0 hold 0
TIWATCH518 481 ti 92 ammo 300 scale 291 units 8 sen 87 bar 8 beat 0 hold 0
TIWATCH518 482 ti 44 ammo 300 scale 301 units 9 sen 90 bar 9 beat 0 hold 0
TIWATCH518 483 ti 44 ammo 300 scale 291 units 8 sen 87 bar 8 beat 0 hold 0
TIWATCH518 484 ti 54 ammo 300 scale 291 units 8 sen 87 bar 8 beat 0 hold 0
TIWATCH518 485 ti 74 ammo 300 scale 291 units 8 sen 87 bar 8 beat 0 hold 0
TIWATCH518 486 ti 16 ammo 300 scale 301 units 9 sen 90 bar 9 beat 0 hold 0
TIWATCH518 487 ti 16 ammo 300 scale 291 units 8 sen 87 bar 8 beat 0 hold 0
TIWATCH518 488 ti 26 ammo 300 scale 291 units 8 sen 87 bar 8 beat 0 hold 0
TIWATCH518 489 ti 36 ammo 300 scale 291 units 8 sen 87 bar 8 beat 0 hold 0
TIWATCH518 490 ti 46 ammo 300 scale 291 units 8 sen 87 bar 8 beat 0 hold 0
TIWATCH518 491 ti 46 ammo 300 scale 291 units 8 sen 87 bar 8 beat 0 hold 0
TIWATCH518 492 ti 56 ammo 300 scale 291 units 8 sen 87 bar 8 beat 0 hold 0
TIWATCH518 493 ti 76 ammo 300 scale 291 units 8 sen 87 bar 8 beat 0 hold 0
TIWATCH518 494 ti 18 ammo 300 scale 301 units 9 sen 90 bar 9 beat 0 hold 0
TIWATCH518 495 ti 18 ammo 300 scale 291 units 8 sen 87 bar 8 beat 0 hold 0
TIWATCH518 496 ti 28 ammo 300 scale 291 units 8 sen 87 bar 8 beat 0 hold 0
TIWATCH518 497 ti 38 ammo 300 scale 291 units 8 sen 87 bar 8 beat 0 hold 0
TIWATCH518 498 ti 48 ammo 300 scale 291 units 8 sen 87 bar 8 beat 0 hold 0
TIWATCH518 499 ti 48 ammo 300 scale 291 units 8 sen 87 bar 8 beat 0 hold 0
TIWATCH518 500 ti 58 ammo 300 scale 291 units 8 sen 87 bar 8 beat 0 hold 0
TIWATCH518 501 ti 78 ammo 300 scale 291 units 8 sen 87 bar 8 beat 0 hold 0
TIWATCH518 502 ti 20 ammo 300 scale 301 units 9 sen 90 bar 9 beat 0 hold 0
TIWATCH518 503 ti 20 ammo 300 scale 291 units 8 sen 87 bar 8 beat 0 hold 0
TIWATCH518 504 ti 30 ammo 300 scale 291 units 8 sen 87 bar 8 beat 0 hold 0
TIWATCH518 505 ti 40 ammo 300 scale 291 units 8 sen 87 bar 8 beat 0 hold 0
TIWATCH518 506 ti 50 ammo 300 scale 291 units 8 sen 87 bar 8 beat 0 hold 0
TIWATCH518 507 ti 50 ammo 300 scale 291 units 8 sen 87 bar 8 beat 0 hold 0
TIWATCH518 508 ti 60 ammo 300 scale 291 units 8 sen 87 bar 8 beat 0 hold 0
TIWATCH518 509 ti 80 ammo 300 scale 291 units 8 sen 87 bar 8 beat 0 hold 0
TIWATCH518 510 ti 80 ammo 300 scale 291 units 8 sen 87 bar 8 beat 0 hold 0
TIWATCH518 511 ti 22 ammo 300 scale 301 units 9 sen 90 bar 9 beat 0 hold 0
TIWATCH518 512 ti 32 ammo 300 scale 291 units 8 sen 87 bar 8 beat 0 hold 0
GAP518 512 id 673 code DODGE live -1 salt -1 eco -1 ti -1 sen -1 bar -1 need -1 orth -1 floor 60
TIWATCH518 513 ti 42 ammo 300 scale 291 units 8 sen 87 bar 8 beat 0 hold 0
TIWATCH518 514 ti 52 ammo 300 scale 271 units 7 sen 81 bar 8 beat 0 hold 0
TIWATCH518 515 ti 52 ammo 300 scale 271 units 7 sen 81 bar 8 beat 0 hold 0
TIWATCH518 516 ti 62 ammo 300 scale 271 units 7 sen 81 bar 8 beat 0 hold 0
TIWATCH518 517 ti 82 ammo 300 scale 271 units 7 sen 81 bar 8 beat 0 hold 0
TIWATCH518 518 ti 82 ammo 300 scale 271 units 7 sen 81 bar 8 beat 0 hold 0
TIWATCH518 519 ti 82 ammo 300 scale 271 units 7 sen 81 bar 8 beat 0 hold 0
TIWATCH518 520 ti 92 ammo 300 scale 271 units 7 sen 81 bar 8 beat 0 hold 0
TIWATCH518 521 ti 102 ammo 300 scale 271 units 7 sen 81 bar 8 beat 0 hold 0
TIWATCH518 522 ti 112 ammo 300 scale 271 units 7 sen 81 bar 8 beat 0 hold 0
TIWATCH518 523 ti 112 ammo 300 scale 271 units 7 sen 81 bar 8 beat 0 hold 0
TIWATCH518 524 ti 122 ammo 300 scale 271 units 7 sen 81 bar 8 beat 0 hold 0
TIWATCH518 525 ti 142 ammo 300 scale 271 units 7 sen 81 bar 8 beat 0 hold 0
TIWATCH518 526 ti 61 ammo 300 scale 291 units 8 sen 87 bar 8 beat 0 hold 0
TIWATCH518 527 ti 61 ammo 300 scale 291 units 8 sen 87 bar 8 beat 0 hold 0
TIWATCH518 528 ti 71 ammo 300 scale 291 units 8 sen 87 bar 8 beat 0 hold 0
TIWATCH518 529 ti 81 ammo 300 scale 291 units 8 sen 87 bar 8 beat 0 hold 0
TIWATCH518 530 ti 91 ammo 300 scale 291 units 8 sen 87 bar 8 beat 0 hold 0
TIWATCH518 531 ti 91 ammo 300 scale 291 units 8 sen 87 bar 8 beat 0 hold 0
TIWATCH518 532 ti 43 ammo 300 scale 301 units 9 sen 90 bar 9 beat 0 hold 0
TIWATCH518 533 ti 63 ammo 300 scale 291 units 8 sen 87 bar 8 beat 0 hold 0
TIWATCH518 534 ti 63 ammo 300 scale 291 units 8 sen 87 bar 8 beat 0 hold 0
TIWATCH518 535 ti 63 ammo 300 scale 291 units 8 sen 87 bar 8 beat 0 hold 0
TIWATCH518 536 ti 73 ammo 300 scale 291 units 8 sen 87 bar 8 beat 0 hold 0
TIWATCH518 537 ti 25 ammo 300 scale 301 units 9 sen 90 bar 9 beat 0 hold 0
TIWATCH518 538 ti 35 ammo 300 scale 291 units 8 sen 87 bar 8 beat 0 hold 0
TIWATCH518 539 ti 35 ammo 300 scale 291 units 8 sen 87 bar 8 beat 0 hold 0
TIWATCH518 540 ti 45 ammo 300 scale 291 units 8 sen 87 bar 8 beat 0 hold 0
TIWATCH518 541 ti 65 ammo 300 scale 291 units 8 sen 87 bar 8 beat 0 hold 0
TIWATCH518 542 ti 65 ammo 300 scale 291 units 8 sen 87 bar 8 beat 0 hold 0
TIWATCH518 543 ti 7 ammo 300 scale 301 units 9 sen 90 bar 9 beat 0 hold 0
TIWATCH518 544 ti 17 ammo 300 scale 291 units 8 sen 87 bar 8 beat 0 hold 0
TIWATCH518 545 ti 27 ammo 300 scale 291 units 8 sen 87 bar 8 beat 0 hold 0
TIWATCH518 546 ti 37 ammo 300 scale 291 units 8 sen 87 bar 8 beat 0 hold 0
TIWATCH518 547 ti 37 ammo 300 scale 291 units 8 sen 87 bar 8 beat 0 hold 0
TIWATCH518 548 ti 47 ammo 300 scale 291 units 8 sen 87 bar 8 beat 0 hold 0
TIWATCH518 549 ti 67 ammo 300 scale 291 units 8 sen 87 bar 8 beat 0 hold 0
TIWATCH518 550 ti 67 ammo 300 scale 291 units 8 sen 87 bar 8 beat 0 hold 0
TIWATCH518 551 ti 9 ammo 300 scale 301 units 9 sen 90 bar 9 beat 0 hold 0
TIWATCH518 552 ti 19 ammo 300 scale 291 units 8 sen 87 bar 8 beat 0 hold 0
GATE515 552 salt 0 eco 1 orth 2 floor 60
GAP518 552 id 716 code FUND live 0 salt 0 eco 1 ti 19 sen 87 bar 8 need 3 orth 2 floor 60
TIWATCH518 553 ti 29 ammo 300 scale 291 units 8 sen 87 bar 8 beat 0 hold 0
TIWATCH518 554 ti 39 ammo 300 scale 271 units 7 sen 81 bar 8 beat 0 hold 0
TIWATCH518 555 ti 39 ammo 300 scale 271 units 7 sen 81 bar 8 beat 0 hold 0
TIWATCH518 556 ti 49 ammo 300 scale 271 units 7 sen 81 bar 8 beat 0 hold 0
TIWATCH518 557 ti 69 ammo 300 scale 271 units 7 sen 81 bar 8 beat 0 hold 0
TIWATCH518 558 ti 69 ammo 300 scale 271 units 7 sen 81 bar 8 beat 0 hold 0
TIWATCH518 559 ti 69 ammo 300 scale 271 units 7 sen 81 bar 8 beat 0 hold 0
TIWATCH518 560 ti 79 ammo 300 scale 271 units 7 sen 81 bar 8 beat 0 hold 0
TIWATCH518 561 ti 89 ammo 300 scale 271 units 7 sen 81 bar 8 beat 0 hold 0
TIWATCH518 562 ti 99 ammo 300 scale 271 units 7 sen 81 bar 8 beat 0 hold 0
TIWATCH518 563 ti 99 ammo 300 scale 271 units 7 sen 81 bar 8 beat 0 hold 0
TIWATCH518 564 ti 109 ammo 300 scale 271 units 7 sen 81 bar 8 beat 0 hold 0
TIWATCH518 565 ti 129 ammo 300 scale 271 units 7 sen 81 bar 8 beat 0 hold 0
TIWATCH518 566 ti 129 ammo 300 scale 271 units 7 sen 81 bar 8 beat 0 hold 0
TIWATCH518 567 ti 129 ammo 300 scale 271 units 7 sen 81 bar 8 beat 0 hold 0
TIWATCH518 568 ti 139 ammo 300 scale 271 units 7 sen 81 bar 8 beat 0 hold 0
TIWATCH518 569 ti 149 ammo 300 scale 271 units 7 sen 81 bar 8 beat 0 hold 0
TIWATCH518 570 ti 78 ammo 300 scale 291 units 8 sen 87 bar 8 beat 0 hold 0
TIWATCH518 571 ti 78 ammo 300 scale 291 units 8 sen 87 bar 8 beat 0 hold 0
TIWATCH518 572 ti 88 ammo 300 scale 291 units 8 sen 87 bar 8 beat 0 hold 0
TIWATCH518 573 ti 108 ammo 300 scale 291 units 8 sen 87 bar 8 beat 0 hold 0
TIWATCH518 574 ti 108 ammo 300 scale 291 units 8 sen 87 bar 8 beat 0 hold 0
TIWATCH518 575 ti 108 ammo 300 scale 291 units 8 sen 87 bar 8 beat 0 hold 0
TIWATCH518 576 ti 118 ammo 300 scale 291 units 8 sen 87 bar 8 beat 0 hold 0
TIWATCH518 577 ti 70 ammo 300 scale 301 units 9 sen 90 bar 9 beat 0 hold 0
TIWATCH518 578 ti 80 ammo 300 scale 291 units 8 sen 87 bar 8 beat 0 hold 0
TIWATCH518 579 ti 22 ammo 300 scale 301 units 9 sen 90 bar 9 beat 0 hold 0
TIWATCH518 580 ti 32 ammo 300 scale 291 units 8 sen 87 bar 8 beat 0 hold 0
TIWATCH518 581 ti 52 ammo 300 scale 291 units 8 sen 87 bar 8 beat 0 hold 0
TIWATCH518 582 ti 52 ammo 300 scale 291 units 8 sen 87 bar 8 beat 0 hold 0
TIWATCH518 583 ti 52 ammo 300 scale 291 units 8 sen 87 bar 8 beat 0 hold 0
TIWATCH518 584 ti 62 ammo 300 scale 291 units 8 sen 87 bar 8 beat 0 hold 0
TIWATCH518 585 ti 72 ammo 300 scale 291 units 8 sen 87 bar 8 beat 0 hold 0
TIWATCH518 586 ti 24 ammo 300 scale 301 units 9 sen 90 bar 9 beat 0 hold 0
TIWATCH518 587 ti 24 ammo 300 scale 291 units 8 sen 87 bar 8 beat 0 hold 0
TIWATCH518 588 ti 34 ammo 300 scale 291 units 8 sen 87 bar 8 beat 0 hold 0
TIWATCH518 589 ti 54 ammo 300 scale 291 units 8 sen 87 bar 8 beat 0 hold 0
TIWATCH518 590 ti 54 ammo 300 scale 291 units 8 sen 87 bar 8 beat 0 hold 0
TIWATCH518 591 ti 54 ammo 300 scale 291 units 8 sen 87 bar 8 beat 0 hold 0
TIWATCH518 592 ti 64 ammo 300 scale 291 units 8 sen 87 bar 8 beat 0 hold 0
TIWATCH518 593 ti 74 ammo 300 scale 291 units 8 sen 87 bar 8 beat 0 hold 0
TIWATCH518 594 ti 84 ammo 300 scale 291 units 8 sen 87 bar 8 beat 0 hold 0
TIWATCH518 595 ti 26 ammo 300 scale 301 units 9 sen 90 bar 9 beat 0 hold 0
TIWATCH518 596 ti 36 ammo 300 scale 291 units 8 sen 87 bar 8 beat 0 hold 0
GATE515 596 salt 0 eco 1 orth 2 floor 60
GAP518 596 id 755 code FUND live 0 salt 0 eco 1 ti 36 sen 87 bar 8 need 3 orth 2 floor 60
GATE515 596 salt 0 eco 1 orth 2 floor 60
TIWATCH518 597 ti 56 ammo 300 scale 291 units 8 sen 87 bar 8 beat 0 hold 0
GATE515 597 salt 0 eco 1 orth 3 floor 60
GAP518 597 id 755 code FUND live 0 salt 0 eco 1 ti 56 sen 87 bar 8 need 3 orth 3 floor 60
GATE515 597 salt 0 eco 1 orth 3 floor 60
TIWATCH518 598 ti 56 ammo 300 scale 291 units 8 sen 87 bar 8 beat 0 hold 0
GATE515 598 salt 0 eco 1 orth 3 floor 60
GAP518 598 id 755 code FUND live 0 salt 0 eco 1 ti 56 sen 87 bar 8 need 3 orth 3 floor 60
GATE515 598 salt 0 eco 1 orth 3 floor 60
TIWATCH518 599 ti 56 ammo 300 scale 291 units 8 sen 87 bar 8 beat 0 hold 0
GATE515 599 salt 0 eco 1 orth 5 floor 60
GAP518 599 id 755 code FUND live 0 salt 0 eco 1 ti 56 sen 87 bar 8 need 5 orth 5 floor 60
GATE515 599 salt 0 eco 1 orth 5 floor 60
TIWATCH518 600 ti 66 ammo 300 scale 291 units 8 sen 87 bar 8 beat 0 hold 0
GATE515 600 salt 0 eco 1 orth 4 floor 60
GAP518 600 id 755 code FUND live 0 salt 0 eco 1 ti 66 sen 87 bar 8 need 4 orth 4 floor 60
GATE515 600 salt 0 eco 1 orth 4 floor 60
TIWATCH518 601 ti 76 ammo 300 scale 291 units 8 sen 87 bar 8 beat 0 hold 0
GATE515 601 salt 0 eco 1 orth 6 floor 60
GAP518 601 id 755 code FUND live 0 salt 0 eco 1 ti 76 sen 87 bar 8 need 6 orth 6 floor 60
GATE515 601 salt 0 eco 1 orth 6 floor 60
TIWATCH518 602 ti 86 ammo 300 scale 291 units 8 sen 87 bar 8 beat 0 hold 0
GATE515 602 salt 0 eco 1 orth 4 floor 60
GAP518 602 id 755 code FUND live 0 salt 0 eco 1 ti 86 sen 87 bar 8 need 4 orth 4 floor 60
GATE515 602 salt 0 eco 1 orth 4 floor 60
TIWATCH518 603 ti 86 ammo 300 scale 291 units 8 sen 87 bar 8 beat 0 hold 0
GATE515 603 salt 0 eco 1 orth 6 floor 60
GAP518 603 id 755 code FUND live 0 salt 0 eco 1 ti 86 sen 87 bar 8 need 6 orth 6 floor 60
GATE515 603 salt 0 eco 1 orth 6 floor 60
TIWATCH518 604 ti 96 ammo 300 scale 291 units 8 sen 87 bar 8 beat 0 hold 0
GATE515 604 salt 0 eco 1 orth 4 floor 60
GAP518 604 id 755 code FUND live 0 salt 0 eco 1 ti 96 sen 87 bar 8 need 4 orth 4 floor 60
GATE515 604 salt 0 eco 1 orth 4 floor 60
TIWATCH518 605 ti 116 ammo 300 scale 291 units 8 sen 87 bar 8 beat 0 hold 0
GATE515 605 salt 0 eco 1 orth 6 floor 60
GAP518 605 id 755 code FUND live 0 salt 0 eco 1 ti 116 sen 87 bar 8 need 6 orth 6 floor 60
GATE515 605 salt 0 eco 1 orth 6 floor 60
TIWATCH518 606 ti 116 ammo 300 scale 291 units 8 sen 87 bar 8 beat 0 hold 0
GATE515 606 salt 0 eco 1 orth 4 floor 60
GAP518 606 id 755 code FUND live 0 salt 0 eco 1 ti 116 sen 87 bar 8 need 4 orth 4 floor 60
GATE515 606 salt 0 eco 1 orth 4 floor 60
TIWATCH518 607 ti 116 ammo 300 scale 291 units 8 sen 87 bar 8 beat 0 hold 0
GATE515 607 salt 0 eco 1 orth 6 floor 60
GAP518 607 id 755 code FUND live 0 salt 0 eco 1 ti 116 sen 87 bar 8 need 6 orth 6 floor 60
GATE515 607 salt 0 eco 1 orth 6 floor 60
TIWATCH518 608 ti 126 ammo 300 scale 291 units 8 sen 87 bar 8 beat 0 hold 0
GATE515 608 salt 0 eco 1 orth 4 floor 60
GAP518 608 id 755 code OPEN live 0 salt 0 eco 1 ti 126 sen 87 bar 8 need 4 orth 4 floor 60
GATE515 608 salt 0 eco 1 orth 4 floor 60
TWIN517 608 at (29, 23) hold 0 live 1 floor 4 rebuy 24 ti 39 cost 87 n 1
SENT515 608 at (29, 23) n 1 gate (608, 0, 1, 4) latch (1, 1, 16)
TIWATCH518 609 ti 49 ammo 300 scale 311 units 9 sen 93 bar 9 beat 0 hold 0
GAP518 609 id 755 code HAVE live 1 salt -1 eco -1 ti 49 sen 93 bar 9 need 4 orth 4 floor 60
GATE515 609 salt 0 eco 1 orth 4 floor 60
TIWATCH518 610 ti 59 ammo 290 scale 311 units 9 sen 93 bar 9 beat 1 hold 0
TICONV518 610 amt 10 floor 18
GAP518 610 id 755 code HAVE live 1 salt -1 eco -1 ti 49 sen 93 bar 9 need 6 orth 6 floor 60
GATE515 610 salt 0 eco 1 orth 6 floor 60
TIWATCH518 611 ti 49 ammo 300 scale 311 units 9 sen 93 bar 9 beat 1 hold 0
GAP518 611 id 755 code HAVE live 1 salt -1 eco -1 ti 49 sen 93 bar 9 need 5 orth 5 floor 60
GATE515 611 salt 0 eco 1 orth 5 floor 60
TIWATCH518 612 ti 59 ammo 290 scale 311 units 9 sen 93 bar 9 beat 1 hold 0
TICONV518 612 amt 10 floor 18
GAP518 612 id 755 code HAVE live 1 salt -1 eco -1 ti 49 sen 93 bar 9 need 5 orth 5 floor 60
GATE515 612 salt 0 eco 1 orth 5 floor 60
TIWATCH518 613 ti 69 ammo 300 scale 311 units 9 sen 93 bar 9 beat 1 hold 0
GAP518 613 id 755 code HAVE live 1 salt -1 eco -1 ti 69 sen 93 bar 9 need 7 orth 7 floor 60
GATE515 613 salt 0 eco 1 orth 7 floor 60
TIWATCH518 614 ti 69 ammo 290 scale 311 units 9 sen 93 bar 9 beat 1 hold 0
TICONV518 614 amt 10 floor 18
GAP518 614 id 755 code HAVE live 1 salt -1 eco -1 ti 59 sen 93 bar 9 need 7 orth 7 floor 60
GATE515 614 salt 0 eco 1 orth 7 floor 60
TIWATCH518 615 ti 59 ammo 300 scale 311 units 9 sen 93 bar 9 beat 1 hold 0
GAP518 615 id 755 code HAVE live 1 salt -1 eco -1 ti 59 sen 93 bar 9 need 7 orth 7 floor 60
GATE515 615 salt 0 eco 1 orth 7 floor 60
TIWATCH518 616 ti 69 ammo 290 scale 311 units 9 sen 93 bar 9 beat 1 hold 0
TICONV518 616 amt 10 floor 18
GAP518 616 id 755 code HAVE live 1 salt -1 eco -1 ti 59 sen 93 bar 9 need 7 orth 7 floor 60
GATE515 616 salt 0 eco 1 orth 7 floor 60
TIWATCH518 617 ti 69 ammo 300 scale 311 units 9 sen 93 bar 9 beat 1 hold 0
GAP518 617 id 755 code HAVE live 1 salt -1 eco -1 ti 69 sen 93 bar 9 need 7 orth 7 floor 60
GATE515 617 salt 0 eco 1 orth 7 floor 60
TIWATCH518 618 ti 79 ammo 290 scale 311 units 9 sen 93 bar 9 beat 1 hold 0
TICONV518 618 amt 10 floor 18
GAP518 618 id 755 code HAVE live 1 salt -1 eco -1 ti 69 sen 93 bar 9 need 7 orth 7 floor 60
GATE515 618 salt 0 eco 1 orth 7 floor 60
TIWATCH518 619 ti 69 ammo 300 scale 311 units 9 sen 93 bar 9 beat 1 hold 0
GAP518 619 id 755 code HAVE live 1 salt -1 eco -1 ti 69 sen 93 bar 9 need 7 orth 7 floor 60
GATE515 619 salt 0 eco 1 orth 7 floor 60
TIWATCH518 620 ti 79 ammo 290 scale 311 units 9 sen 93 bar 9 beat 1 hold 0
TICONV518 620 amt 10 floor 18
GAP518 620 id 755 code HAVE live 1 salt -1 eco -1 ti 69 sen 93 bar 9 need 7 orth 7 floor 60
GATE515 620 salt 0 eco 1 orth 7 floor 60
TIWATCH518 621 ti 89 ammo 300 scale 311 units 9 sen 93 bar 9 beat 1 hold 0
GAP518 621 id 755 code HAVE live 1 salt -1 eco -1 ti 89 sen 93 bar 9 need 7 orth 7 floor 60
GATE515 621 salt 0 eco 1 orth 7 floor 60
TIWATCH518 622 ti 89 ammo 290 scale 311 units 9 sen 93 bar 9 beat 1 hold 0
TICONV518 622 amt 10 floor 18
GAP518 622 id 755 code HAVE live 1 salt -1 eco -1 ti 79 sen 93 bar 9 need 7 orth 7 floor 60
GATE515 622 salt 0 eco 1 orth 7 floor 60
TIWATCH518 623 ti 79 ammo 300 scale 311 units 9 sen 93 bar 9 beat 1 hold 0
GAP518 623 id 755 code HAVE live 1 salt -1 eco -1 ti 79 sen 93 bar 9 need 7 orth 7 floor 60
GATE515 623 salt 0 eco 1 orth 7 floor 60
TIWATCH518 624 ti 89 ammo 290 scale 311 units 9 sen 93 bar 9 beat 1 hold 0
TICONV518 624 amt 10 floor 18
GAP518 624 id 755 code HAVE live 1 salt -1 eco -1 ti 79 sen 93 bar 9 need 7 orth 7 floor 60
GATE515 624 salt 0 eco 1 orth 7 floor 60
TIWATCH518 625 ti 89 ammo 300 scale 311 units 9 sen 93 bar 9 beat 1 hold 0
GAP518 625 id 755 code HAVE live 1 salt -1 eco -1 ti 89 sen 93 bar 9 need 7 orth 7 floor 60
GATE515 625 salt 0 eco 1 orth 7 floor 60
TIWATCH518 626 ti 99 ammo 290 scale 311 units 9 sen 93 bar 9 beat 1 hold 0
TICONV518 626 amt 10 floor 18
GAP518 626 id 755 code HAVE live 1 salt -1 eco -1 ti 89 sen 93 bar 9 need 7 orth 7 floor 60
GATE515 626 salt 0 eco 1 orth 7 floor 60
TIWATCH518 627 ti 89 ammo 300 scale 311 units 9 sen 93 bar 9 beat 1 hold 0
GAP518 627 id 755 code HAVE live 1 salt -1 eco -1 ti 89 sen 93 bar 9 need 7 orth 7 floor 60
GATE515 627 salt 0 eco 1 orth 7 floor 60
TIWATCH518 628 ti 99 ammo 290 scale 311 units 9 sen 93 bar 9 beat 1 hold 0
TICONV518 628 amt 10 floor 18
GAP518 628 id 755 code HAVE live 1 salt -1 eco -1 ti 89 sen 93 bar 9 need 7 orth 7 floor 60
GATE515 628 salt 0 eco 1 orth 7 floor 60
TIWATCH518 629 ti 109 ammo 300 scale 311 units 9 sen 93 bar 9 beat 1 hold 0
GAP518 629 id 755 code HAVE live 1 salt -1 eco -1 ti 109 sen 93 bar 9 need 7 orth 7 floor 60
GATE515 629 salt 0 eco 1 orth 7 floor 60
TIWATCH518 630 ti 109 ammo 290 scale 311 units 9 sen 93 bar 9 beat 1 hold 0
TICONV518 630 amt 10 floor 18
GAP518 630 id 755 code HAVE live 1 salt -1 eco -1 ti 99 sen 93 bar 9 need 7 orth 7 floor 60
GATE515 630 salt 0 eco 1 orth 7 floor 60
TIWATCH518 631 ti 99 ammo 300 scale 311 units 9 sen 93 bar 9 beat 1 hold 0
GAP518 631 id 755 code HAVE live 1 salt -1 eco -1 ti 99 sen 93 bar 9 need 7 orth 7 floor 60
GATE515 631 salt 0 eco 1 orth 7 floor 60
TIWATCH518 632 ti 109 ammo 290 scale 311 units 9 sen 93 bar 9 beat 1 hold 0
TICONV518 632 amt 10 floor 18
GAP518 632 id 755 code HAVE live 1 salt -1 eco -1 ti 99 sen 93 bar 9 need 7 orth 7 floor 60
GATE515 632 salt 0 eco 1 orth 7 floor 60
TIWATCH518 633 ti 109 ammo 300 scale 311 units 9 sen 93 bar 9 beat 1 hold 0
GAP518 633 id 755 code HAVE live 1 salt -1 eco -1 ti 109 sen 93 bar 9 need 7 orth 7 floor 60
GATE515 633 salt 0 eco 1 orth 7 floor 60
TIWATCH518 634 ti 119 ammo 290 scale 311 units 9 sen 93 bar 9 beat 1 hold 0
TICONV518 634 amt 10 floor 18
GAP518 634 id 755 code HAVE live 1 salt -1 eco -1 ti 109 sen 93 bar 9 need 7 orth 7 floor 60
GATE515 634 salt 0 eco 1 orth 7 floor 60
TIWATCH518 635 ti 109 ammo 300 scale 311 units 9 sen 93 bar 9 beat 1 hold 0
GAP518 635 id 755 code HAVE live 1 salt -1 eco -1 ti 109 sen 93 bar 9 need 7 orth 7 floor 60
GATE515 635 salt 0 eco 1 orth 7 floor 60
TIWATCH518 636 ti 119 ammo 290 scale 311 units 9 sen 93 bar 9 beat 1 hold 0
TICONV518 636 amt 10 floor 18
GAP518 636 id 755 code HAVE live 1 salt -1 eco -1 ti 109 sen 93 bar 9 need 7 orth 7 floor 60
GATE515 636 salt 0 eco 1 orth 7 floor 60
TIWATCH518 637 ti 129 ammo 300 scale 311 units 9 sen 93 bar 9 beat 1 hold 0
GAP518 637 id 755 code HAVE live 1 salt -1 eco -1 ti 129 sen 93 bar 9 need 7 orth 7 floor 60
GATE515 637 salt 0 eco 1 orth 7 floor 60
TIWATCH518 638 ti 129 ammo 290 scale 311 units 9 sen 93 bar 9 beat 1 hold 0
TICONV518 638 amt 10 floor 18
GAP518 638 id 755 code HAVE live 1 salt -1 eco -1 ti 119 sen 93 bar 9 need 7 orth 7 floor 60
GATE515 638 salt 0 eco 1 orth 7 floor 60
TIWATCH518 639 ti 119 ammo 300 scale 311 units 9 sen 93 bar 9 beat 1 hold 0
GAP518 639 id 755 code HAVE live 1 salt -1 eco -1 ti 119 sen 93 bar 9 need 7 orth 7 floor 60
GATE515 639 salt 0 eco 1 orth 7 floor 60
TIWATCH518 640 ti 129 ammo 290 scale 311 units 9 sen 93 bar 9 beat 1 hold 0
TICONV518 640 amt 10 floor 18
GAP518 640 id 755 code HAVE live 1 salt -1 eco -1 ti 119 sen 93 bar 9 need 7 orth 7 floor 60
GATE515 640 salt 0 eco 1 orth 7 floor 60
TIWATCH518 641 ti 129 ammo 300 scale 311 units 9 sen 93 bar 9 beat 1 hold 0
GAP518 641 id 755 code HAVE live 1 salt -1 eco -1 ti 129 sen 93 bar 9 need 7 orth 7 floor 60
GATE515 641 salt 0 eco 1 orth 7 floor 60
TIWATCH518 642 ti 139 ammo 290 scale 311 units 9 sen 93 bar 9 beat 1 hold 0
TICONV518 642 amt 10 floor 18
GAP518 642 id 755 code HAVE live 1 salt -1 eco -1 ti 129 sen 93 bar 9 need 7 orth 7 floor 60
GATE515 642 salt 0 eco 1 orth 7 floor 60
TIWATCH518 643 ti 129 ammo 300 scale 311 units 9 sen 93 bar 9 beat 1 hold 0
GAP518 643 id 755 code HAVE live 1 salt -1 eco -1 ti 129 sen 93 bar 9 need 7 orth 7 floor 60
GATE515 643 salt 0 eco 1 orth 7 floor 60
TIWATCH518 644 ti 139 ammo 290 scale 311 units 9 sen 93 bar 9 beat 1 hold 0
TICONV518 644 amt 10 floor 18
GAP518 644 id 755 code HAVE live 1 salt -1 eco -1 ti 129 sen 93 bar 9 need 7 orth 7 floor 60
GATE515 644 salt 0 eco 1 orth 7 floor 60
TIWATCH518 645 ti 149 ammo 300 scale 311 units 9 sen 93 bar 9 beat 1 hold 0
GAP518 645 id 755 code HAVE live 1 salt -1 eco -1 ti 149 sen 93 bar 9 need 7 orth 7 floor 60
GATE515 645 salt 0 eco 1 orth 7 floor 60
TIWATCH518 646 ti 149 ammo 290 scale 311 units 9 sen 93 bar 9 beat 1 hold 0
TICONV518 646 amt 10 floor 18
GAP518 646 id 755 code HAVE live 1 salt -1 eco -1 ti 139 sen 93 bar 9 need 7 orth 7 floor 60
GATE515 646 salt 0 eco 1 orth 7 floor 60
TIWATCH518 647 ti 139 ammo 300 scale 311 units 9 sen 93 bar 9 beat 1 hold 0
GAP518 647 id 755 code HAVE live 1 salt -1 eco -1 ti 139 sen 93 bar 9 need 7 orth 7 floor 60
GATE515 647 salt 0 eco 1 orth 7 floor 60
TIWATCH518 648 ti 149 ammo 290 scale 311 units 9 sen 93 bar 9 beat 1 hold 0
TICONV518 648 amt 10 floor 18
GAP518 648 id 755 code HAVE live 1 salt -1 eco -1 ti 139 sen 93 bar 9 need 7 orth 7 floor 60
GATE515 648 salt 0 eco 1 orth 7 floor 60
TIWATCH518 649 ti 149 ammo 300 scale 311 units 9 sen 93 bar 9 beat 1 hold 0
GAP518 649 id 755 code HAVE live 1 salt -1 eco -1 ti 149 sen 93 bar 9 need 7 orth 7 floor 60
GATE515 649 salt 0 eco 1 orth 7 floor 60
TIWATCH518 650 ti 159 ammo 290 scale 311 units 9 sen 93 bar 9 beat 1 hold 0
TICONV518 650 amt 10 floor 18
GAP518 650 id 755 code HAVE live 1 salt -1 eco -1 ti 149 sen 93 bar 9 need 7 orth 7 floor 60
GATE515 650 salt 0 eco 1 orth 7 floor 60
TIWATCH518 651 ti 149 ammo 300 scale 311 units 9 sen 93 bar 9 beat 1 hold 0
GAP518 651 id 755 code HAVE live 1 salt -1 eco -1 ti 149 sen 93 bar 9 need 7 orth 7 floor 60
GATE515 651 salt 0 eco 1 orth 7 floor 60
TIWATCH518 652 ti 159 ammo 290 scale 311 units 9 sen 93 bar 9 beat 1 hold 0
TICONV518 652 amt 10 floor 18
GAP518 652 id 755 code HAVE live 1 salt -1 eco -1 ti 149 sen 93 bar 9 need 7 orth 7 floor 60
GATE515 652 salt 0 eco 1 orth 7 floor 60
TIWATCH518 653 ti 169 ammo 300 scale 311 units 9 sen 93 bar 9 beat 1 hold 0
GAP518 653 id 755 code HAVE live 1 salt -1 eco -1 ti 169 sen 93 bar 9 need 7 orth 7 floor 60
GATE515 653 salt 0 eco 1 orth 7 floor 60
TIWATCH518 654 ti 169 ammo 290 scale 311 units 9 sen 93 bar 9 beat 1 hold 0
TICONV518 654 amt 10 floor 18
GAP518 654 id 755 code HAVE live 1 salt -1 eco -1 ti 159 sen 93 bar 9 need 7 orth 7 floor 60
GATE515 654 salt 0 eco 1 orth 7 floor 60
TIWATCH518 655 ti 159 ammo 300 scale 311 units 9 sen 93 bar 9 beat 1 hold 0
GAP518 655 id 755 code HAVE live 1 salt -1 eco -1 ti 159 sen 93 bar 9 need 7 orth 7 floor 60
GATE515 655 salt 0 eco 1 orth 7 floor 60
TIWATCH518 656 ti 169 ammo 290 scale 311 units 9 sen 93 bar 9 beat 1 hold 0
TICONV518 656 amt 10 floor 18
GAP518 656 id 755 code HAVE live 1 salt -1 eco -1 ti 159 sen 93 bar 9 need 7 orth 7 floor 60
GATE515 656 salt 0 eco 1 orth 7 floor 60
TIWATCH518 657 ti 169 ammo 300 scale 311 units 9 sen 93 bar 9 beat 1 hold 0
GAP518 657 id 755 code HAVE live 1 salt -1 eco -1 ti 169 sen 93 bar 9 need 7 orth 7 floor 60
GATE515 657 salt 0 eco 1 orth 7 floor 60
TIWATCH518 658 ti 179 ammo 290 scale 311 units 9 sen 93 bar 9 beat 1 hold 0
TICONV518 658 amt 10 floor 18
GAP518 658 id 755 code HAVE live 1 salt -1 eco -1 ti 169 sen 93 bar 9 need 7 orth 7 floor 60
GATE515 658 salt 0 eco 1 orth 7 floor 60
TIWATCH518 659 ti 169 ammo 300 scale 311 units 9 sen 93 bar 9 beat 1 hold 0
GAP518 659 id 755 code HAVE live 1 salt -1 eco -1 ti 169 sen 93 bar 9 need 7 orth 7 floor 60
GATE515 659 salt 0 eco 1 orth 7 floor 60
TIWATCH518 660 ti 179 ammo 290 scale 311 units 9 sen 93 bar 9 beat 1 hold 0
TICONV518 660 amt 10 floor 18
GAP518 660 id 755 code HAVE live 1 salt -1 eco -1 ti 169 sen 93 bar 9 need 7 orth 7 floor 60
GATE515 660 salt 0 eco 1 orth 7 floor 60
TIWATCH518 661 ti 189 ammo 300 scale 311 units 9 sen 93 bar 9 beat 1 hold 0
GAP518 661 id 755 code HAVE live 1 salt -1 eco -1 ti 189 sen 93 bar 9 need 7 orth 7 floor 60
GATE515 661 salt 0 eco 1 orth 7 floor 60
TIWATCH518 662 ti 189 ammo 290 scale 311 units 9 sen 93 bar 9 beat 1 hold 0
TICONV518 662 amt 10 floor 18
GAP518 662 id 755 code HAVE live 1 salt -1 eco -1 ti 179 sen 93 bar 9 need 7 orth 7 floor 60
GATE515 662 salt 0 eco 1 orth 7 floor 60
TIWATCH518 663 ti 179 ammo 300 scale 311 units 9 sen 93 bar 9 beat 1 hold 0
GAP518 663 id 755 code HAVE live 1 salt -1 eco -1 ti 179 sen 93 bar 9 need 7 orth 7 floor 60
GATE515 663 salt 0 eco 1 orth 7 floor 60
TIWATCH518 664 ti 189 ammo 290 scale 311 units 9 sen 93 bar 9 beat 1 hold 0
TICONV518 664 amt 10 floor 18
GAP518 664 id 755 code HAVE live 1 salt -1 eco -1 ti 179 sen 93 bar 9 need 7 orth 7 floor 60
GATE515 664 salt 0 eco 1 orth 7 floor 60
TIWATCH518 665 ti 189 ammo 300 scale 311 units 9 sen 93 bar 9 beat 1 hold 0
GAP518 665 id 755 code HAVE live 1 salt -1 eco -1 ti 189 sen 93 bar 9 need 7 orth 7 floor 60
GATE515 665 salt 0 eco 1 orth 7 floor 60
TIWATCH518 666 ti 199 ammo 290 scale 311 units 9 sen 93 bar 9 beat 1 hold 0
TICONV518 666 amt 10 floor 18
GAP518 666 id 755 code HAVE live 1 salt -1 eco -1 ti 189 sen 93 bar 9 need 7 orth 7 floor 60
GATE515 666 salt 0 eco 1 orth 7 floor 60
TIWATCH518 667 ti 189 ammo 300 scale 311 units 9 sen 93 bar 9 beat 1 hold 0
GAP518 667 id 755 code HAVE live 1 salt -1 eco -1 ti 189 sen 93 bar 9 need 7 orth 7 floor 60
GATE515 667 salt 0 eco 1 orth 7 floor 60
TIWATCH518 668 ti 199 ammo 290 scale 311 units 9 sen 93 bar 9 beat 1 hold 0
TICONV518 668 amt 10 floor 18
GAP518 668 id 755 code HAVE live 1 salt -1 eco -1 ti 189 sen 93 bar 9 need 7 orth 7 floor 60
GATE515 668 salt 0 eco 1 orth 7 floor 60
TIWATCH518 669 ti 209 ammo 300 scale 311 units 9 sen 93 bar 9 beat 1 hold 0
GAP518 669 id 755 code HAVE live 1 salt -1 eco -1 ti 209 sen 93 bar 9 need 7 orth 7 floor 60
GATE515 669 salt 0 eco 1 orth 7 floor 60
TIWATCH518 670 ti 209 ammo 290 scale 311 units 9 sen 93 bar 9 beat 1 hold 0
TICONV518 670 amt 10 floor 18
GAP518 670 id 755 code HAVE live 1 salt -1 eco -1 ti 199 sen 93 bar 9 need 7 orth 7 floor 60
GATE515 670 salt 0 eco 1 orth 7 floor 60
TIWATCH518 671 ti 199 ammo 300 scale 311 units 9 sen 93 bar 9 beat 1 hold 0
GAP518 671 id 755 code HAVE live 1 salt -1 eco -1 ti 199 sen 93 bar 9 need 7 orth 7 floor 60
GATE515 671 salt 0 eco 1 orth 7 floor 60
