Update available: 2.3.6 -> 2.3.8. Run: pip install --upgrade fcode
FS GATE 0 sig (30, 30, (14, 2), (14, 26)) ok 1
FS GATE 1 sig (30, 30, (14, 2), (14, 26)) ok 1
FS PHASE 1 id 3 ph 1 d 484 at (14, 4)
FS GATE 2 sig (30, 30, (14, 2), (14, 26)) ok 1
FS GATE 3 sig (30, 30, (14, 2), (14, 26)) ok 1
FS GATE 4 sig (30, 30, (14, 2), (14, 26)) ok 1
FS PHASE 4 id 9 ph 1 d 484 at (15, 4)
FS HOPBUILD 5 at (14, 4) lch (14, 5) T (16, 28)
FS GATE 6 sig (30, 30, (14, 2), (14, 26)) ok 1
FS THROW 6 from (15, 4) to (15, 10) T (16, 28) body 3 n 1 dsq 256
FS HOPBUILD 7 at (15, 10) lch (15, 11) T (16, 28)
FS THROW 7 from (15, 6) to (14, 10) T (16, 28) body 9 n 2 dsq 256
FS GATE 8 sig (30, 30, (14, 2), (14, 26)) ok 1
FS THROW 8 from (16, 10) to (16, 16) T (16, 28) body 3 n 1 dsq 101
FS HOPBUILD 9 at (16, 16) lch (16, 17) T (16, 28)
FS THROW 9 from (14, 12) to (15, 16) T (16, 28) body 9 n 2 dsq 100
FS GATE 10 sig (30, 30, (14, 2), (14, 26)) ok 1
FS THROW 10 from (16, 16) to (16, 22) T (16, 28) body 3 n 1 dsq 17
FS HOPBUILD 11 at (16, 22) lch (16, 23) T (16, 28)
FS THROW 11 from (15, 18) to (15, 22) T (16, 28) body 9 n 2 dsq 16
FS GATE 12 sig (30, 30, (14, 2), (14, 26)) ok 1
FS SPLIT 12 arc 2 to (13, 27) body 3 walk 0
FS ARRIVE 13 id 3 body 1 at (13, 27) dsq 1
FS PHASE 13 id 3 ph 2 d 1 at (13, 27)
FS SEAL 13 tile (13, 26) n 1
FS SPLIT 13 arc 1 to (14, 25) body 9 walk 0
FS ARRIVE 14 id 9 body 2 at (14, 25) dsq 1
FS PHASE 14 id 9 ph 2 d 1 at (14, 25)
FS SEAL 14 tile (15, 25) n 1
FS DODGE 15 id 3 from (13, 28) to (14, 28) cov 1 -> 0 hit 0 hp 40
FS CLEAR 15 tile (13, 25) peck 1
FS RUNG 15 id 9 r 3 hi -
FS GATE 15 sig (30, 30, (14, 2), (14, 26)) ok 1
FS SEAL 16 tile (15, 28) n 2
FS CLEAR 16 tile (13, 25) peck 2
FS RUNG 16 id 9 r 3 hi -
FS SEAL 18 tile (14, 28) n 3
FS STAT 20 id 3 at (15, 29) need 5 orth 4 ti 25 ammo 16 sen 0 hp 40 covden 0 eco 0 lost 0
FS STAT 20 id 9 at (14, 25) need 5 orth 4 ti 19 ammo 16 sen 0 hp 40 covden 0 eco 0 lost 0
FS SEAL 22 tile (16, 27) n 4
FS SEAL 28 tile (16, 26) n 5
FS DODGE 36 id 3 from (13, 29) to (14, 29) cov 1 -> 0 hit 0 hp 40
FS DODGE 38 id 3 from (13, 29) to (12, 29) cov 1 -> 0 hit 0 hp 40
FS STAT 40 id 3 at (12, 28) need 3 orth 2 ti 15 ammo 16 sen 0 hp 40 covden 0 eco 0 lost 0
FS STAT 40 id 9 at (14, 25) need 3 orth 2 ti 3 ammo 16 sen 0 hp 40 covden 0 eco 0 lost 0
FS SEAL 42 tile (13, 27) n 6
FS SEAL 44 tile (13, 26) n 7
FS PHASE 44 id 9 ph 3 d 1 at (14, 25)
FS PHASE 45 id 3 ph 3 d 4 at (12, 26)
FS CLEAR 47 tile (13, 25) peck 1
FS RUNG 47 id 3 r 3 hi -
FS CLEAR 47 tile (13, 25) peck 1
FS RUNG 47 id 9 r 3 hi -
FS CLEAR 48 tile (13, 25) peck 2
FS RUNG 48 id 3 r 3 hi -
FS CLEAR 48 tile (13, 25) peck 2
FS RUNG 48 id 9 r 3 hi -
FS CLEAR 49 tile (13, 25) peck 3
FS RUNG 49 id 3 r 3 hi -
FS CLEAR 49 tile (13, 25) peck 3
FS RUNG 49 id 9 r 3 hi -
FS CLEAR 50 tile (13, 25) peck 4
FS RUNG 50 id 3 r 3 hi -
FS CLEAR 50 tile (13, 25) peck 4
FS RUNG 50 id 9 r 3 hi -
FS CLEAR 51 tile (13, 25) peck 5
FS RUNG 51 id 3 r 3 hi -
FS CLEAR 51 tile (13, 25) peck 5
FS RUNG 51 id 9 r 3 hi -
FS CLEAR 52 tile (13, 25) peck 6
FS RUNG 52 id 3 r 3 hi -
FS CLEAR 52 tile (13, 25) peck 6
FS RUNG 52 id 9 r 3 hi -
FS CLEAR 53 tile (13, 25) peck 7
FS RUNG 53 id 3 r 3 hi -
FS CLEAR 53 tile (13, 25) peck 7
FS RUNG 53 id 9 r 3 hi -
FS CLEAR 54 tile (13, 25) peck 8
FS RUNG 54 id 3 r 3 hi -
FS CLEAR 54 tile (13, 25) peck 8
FS RUNG 54 id 9 r 3 hi -
FS PHASE 56 id 3 ph 2 d 4 at (12, 26)
FS PHASE 56 id 9 ph 2 d 4 at (14, 24)
FS SEAL 56 tile (14, 25) n 2
FS PHASE 57 id 3 ph 3 d 4 at (12, 26)
FS PHASE 57 id 9 ph 3 d 4 at (14, 24)
FS SEAL 59 tile (13, 28) n 8
PRESKILL520 60 id 3 body 1
FS STAT 60 id 9 at (16, 24) need 3 orth 0 ti 13 ammo 24 sen 0 hp 40 covden 0 eco 1 lost 0
FS SEAL 60 tile (16, 25) n 3
FS CLEAR 64 tile (13, 25) peck 1
FS RUNG 64 id 9 r 3 hi -
FS CLEAR 65 tile (13, 25) peck 2
FS RUNG 65 id 9 r 3 hi -
FS CLEARED 66 tile (13, 25) n 1
FS PROMOTE 66 id 9
FS SEAL 66 tile (13, 25) n 4
FS SEALCLR 66 tile (13, 25) lag 0
FS SENTINEL 71 at (15, 23) face SOUTH tgt (15, 27) score 16 n 1 onring 0 lost 0 gate (1, 1, 41) onsray 0 olddsq -1
FS PHASE 72 id 9 ph 4 d 4 at (15, 24)
FS STAT 80 id 9 at (18, 23) need 5 orth 4 ti 14 ammo 53 sen 1 hp 40 covden 0 eco 1 lost 0
FS STAT 100 id 9 at (18, 23) need 5 orth 4 ti 14 ammo 83 sen 1 hp 40 covden 0 eco 1 lost 0
FS STAT 120 id 9 at (18, 23) need 5 orth 4 ti 14 ammo 83 sen 1 hp 40 covden 0 eco 1 lost 0
