Running match: _v488beltbreak2 vs mGATE
  Map: midgard.map26  Seed: 61  Replay: 
scratchpad/s51_v521_build/mech/mGATE/rep/midgard_s61_B.replay26  TLE: 10ms
Completed turn 0
Completed turn 100
Completed turn 200
Completed turn 300
Completed turn 400
Completed turn 500
Completed turn 600
Completed turn 700
Completed turn 800
Completed turn 900
Replay written to 
scratchpad/s51_v521_build/mech/mGATE/rep/midgard_s61_B.replay26

  Winner: mGATE  (Titanium collected (tiebreak), turn 1000)

               _v488beltbreak2             mGATE  
  Titanium      48 (430 mined)    55 (650 mined)  
  Units                      9                 8  
  Buildings                 34                39  

