Running match: _v521sync vs _v488beltbreak2
  Map: atoll.map26  Seed: 74  Replay: 
scratchpad/s51_v521_build/grid/b25/repv521/atoll_s74_A.replay26  TLE: 10ms
Completed turn 0
Completed turn 100
Completed turn 200
Completed turn 300
Completed turn 400
Completed turn 500
Completed turn 600
Completed turn 700
Completed turn 800
Completed turn 900
Replay written to 
scratchpad/s51_v521_build/grid/b25/repv521/atoll_s74_A.replay26

  Winner: _v488beltbreak2  (Core destroyed, turn 940)

                      _v521sync    _v488beltbreak2  
  Titanium     205 (4590 mined)    64 (4650 mined)  
  Units                      16                 19  
  Buildings                  11                 22  

