Update available: 2.3.6 -> 2.3.8. Run: pip install --upgrade fcode
FIREDISC517 99 at (5, 13) hp 500 ti 49 ammo 24 win 0 shots 0 net None code 0 twin 0 peer 0 pub 1 hold 0 held 0 heldfund 0 resets 0 viol 0
FIREDISC517 100 at (5, 13) hp 482 ti 29 ammo 44 win 1 shots 1 net None code 0 twin 0 peer 0 pub 1 hold 0 held 0 heldfund 0 resets 0 viol 0
FIREDISC517 101 at (5, 13) hp 482 ti 18 ammo 55 win 1 shots 1 net None code 0 twin 0 peer 0 pub 1 hold 0 held 0 heldfund 0 resets 0 viol 0
FIREDISC517 102 at (5, 13) hp 468 ti 18 ammo 65 win 2 shots 2 net None code 0 twin 0 peer 0 pub 1 hold 0 held 0 heldfund 0 resets 0 viol 0
FIREDISC517 103 at (5, 13) hp 472 ti 8 ammo 67 win 2 shots 2 net None code 0 twin 0 peer 0 pub 1 hold 0 held 0 heldfund 0 resets 0 viol 0
FIREDISC517 104 at (5, 13) hp 458 ti 18 ammo 57 win 3 shots 3 net None code 0 twin 0 peer 0 pub 1 hold 0 held 0 heldfund 0 resets 0 viol 0
FIREDISC517 105 at (5, 13) hp 462 ti 18 ammo 57 win 3 shots 3 net None code 0 twin 0 peer 0 pub 1 hold 0 held 0 heldfund 0 resets 0 viol 0
FIREDISC517 106 at (5, 13) hp 448 ti 18 ammo 67 win 4 shots 4 net 52 code 6 twin 0 peer 0 pub 1 hold 0 held 0 heldfund 0 resets 0 viol 0
FIREDISC517 107 at (5, 13) hp 452 ti 18 ammo 67 win 4 shots 4 net 48 code 5 twin 0 peer 0 pub 1 hold 0 held 0 heldfund 0 resets 0 viol 0
FIREDISC517 108 at (5, 13) hp 438 ti 18 ammo 67 win 4 shots 5 net 44 code 5 twin 0 peer 0 pub 1 hold 0 held 0 heldfund 0 resets 0 viol 0
FIREDISC517 109 at (5, 13) hp 442 ti 9 ammo 67 win 4 shots 5 net 40 code 5 twin 0 peer 0 pub 1 hold 0 held 0 heldfund 0 resets 0 viol 0
FIREDISC517 110 at (5, 13) hp 428 ti 18 ammo 68 win 4 shots 6 net 44 code 5 twin 0 peer 0 pub 1 hold 0 held 0 heldfund 0 resets 0 viol 0
FIREDISC517 111 at (5, 13) hp 432 ti 17 ammo 68 win 4 shots 6 net 40 code 5 twin 0 peer 0 pub 1 hold 0 held 0 heldfund 0 resets 0 viol 0
FIREDISC517 112 at (5, 13) hp 418 ti 17 ammo 67 win 4 shots 7 net 44 code 5 twin 0 peer 0 pub 1 hold 0 held 0 heldfund 0 resets 0 viol 0
FIREDISC517 113 at (5, 13) hp 422 ti 16 ammo 67 win 4 shots 7 net 40 code 5 twin 0 peer 0 pub 1 hold 0 held 0 heldfund 0 resets 0 viol 0
FIREDISC517 114 at (5, 13) hp 408 ti 17 ammo 75 win 4 shots 8 net 44 code 5 twin 0 peer 0 pub 1 hold 0 held 0 heldfund 0 resets 0 viol 0
FIREDISC517 115 at (5, 13) hp 412 ti 16 ammo 75 win 4 shots 8 net 40 code 5 twin 0 peer 0 pub 1 hold 0 held 0 heldfund 0 resets 0 viol 0
FIREDISC517 116 at (5, 13) hp 398 ti 17 ammo 73 win 4 shots 9 net 44 code 5 twin 0 peer 0 pub 1 hold 0 held 0 heldfund 0 resets 0 viol 0
FIREDISC517 117 at (5, 13) hp 402 ti 8 ammo 73 win 4 shots 9 net 40 code 5 twin 0 peer 0 pub 1 hold 0 held 0 heldfund 0 resets 0 viol 0
FIREDISC517 118 at (5, 13) hp 388 ti 18 ammo 73 win 4 shots 10 net 44 code 5 twin 0 peer 0 pub 1 hold 0 held 0 heldfund 0 resets 0 viol 0
FIREDISC517 119 at (5, 13) hp 392 ti 18 ammo 73 win 4 shots 10 net 40 code 5 twin 0 peer 0 pub 1 hold 0 held 0 heldfund 0 resets 0 viol 0
FIREDISC517 120 at (5, 13) hp 378 ti 16 ammo 75 win 4 shots 11 net 44 code 5 twin 0 peer 0 pub 1 hold 0 held 0 heldfund 0 resets 0 viol 0
FIREDISC517 121 at (5, 13) hp 382 ti 15 ammo 75 win 4 shots 11 net 40 code 5 twin 0 peer 0 pub 1 hold 0 held 0 heldfund 0 resets 0 viol 0
FIREDISC517 122 at (5, 13) hp 368 ti 15 ammo 84 win 4 shots 12 net 44 code 5 twin 0 peer 0 pub 1 hold 0 held 0 heldfund 0 resets 0 viol 0
FIREDISC517 123 at (5, 13) hp 372 ti 14 ammo 84 win 4 shots 12 net 40 code 5 twin 0 peer 0 pub 1 hold 0 held 0 heldfund 0 resets 0 viol 0
FIREDISC517 124 at (5, 13) hp 358 ti 15 ammo 82 win 4 shots 13 net 44 code 5 twin 0 peer 0 pub 1 hold 0 held 0 heldfund 0 resets 0 viol 0
FIREDISC517 125 at (5, 13) hp 362 ti 14 ammo 82 win 4 shots 13 net 40 code 5 twin 0 peer 0 pub 1 hold 0 held 0 heldfund 0 resets 0 viol 0
FIREDISC517 126 at (5, 13) hp 348 ti 15 ammo 90 win 4 shots 14 net 44 code 5 twin 0 peer 0 pub 1 hold 0 held 0 heldfund 0 resets 0 viol 0
FIREDISC517 127 at (5, 13) hp 352 ti 7 ammo 90 win 4 shots 14 net 40 code 5 twin 0 peer 0 pub 1 hold 0 held 0 heldfund 0 resets 0 viol 0
FIREDISC517 128 at (5, 13) hp 338 ti 16 ammo 81 win 4 shots 15 net 44 code 5 twin 0 peer 0 pub 1 hold 0 held 0 heldfund 0 resets 0 viol 0
FIREDISC517 129 at (5, 13) hp 342 ti 15 ammo 81 win 4 shots 15 net 40 code 5 twin 0 peer 0 pub 1 hold 0 held 0 heldfund 0 resets 0 viol 0
FIREDISC517 130 at (5, 13) hp 328 ti 15 ammo 90 win 4 shots 16 net 44 code 5 twin 0 peer 0 pub 1 hold 0 held 0 heldfund 0 resets 0 viol 0
FIREDISC517 131 at (5, 13) hp 332 ti 14 ammo 90 win 4 shots 16 net 40 code 5 twin 0 peer 0 pub 1 hold 0 held 0 heldfund 0 resets 0 viol 0
FIREDISC517 132 at (5, 13) hp 318 ti 15 ammo 88 win 4 shots 17 net 44 code 5 twin 0 peer 0 pub 1 hold 0 held 0 heldfund 0 resets 0 viol 0
FIREDISC517 133 at (5, 13) hp 322 ti 7 ammo 88 win 4 shots 17 net 40 code 5 twin 0 peer 0 pub 1 hold 0 held 0 heldfund 0 resets 0 viol 0
FIREDISC517 134 at (5, 13) hp 308 ti 16 ammo 89 win 4 shots 18 net 44 code 5 twin 0 peer 0 pub 1 hold 0 held 0 heldfund 0 resets 0 viol 0
FIREDISC517 135 at (5, 13) hp 312 ti 16 ammo 89 win 4 shots 18 net 40 code 5 twin 0 peer 0 pub 1 hold 0 held 0 heldfund 0 resets 0 viol 0
FIREDISC517 136 at (5, 13) hp 298 ti 16 ammo 89 win 4 shots 19 net 44 code 5 twin 0 peer 0 pub 1 hold 0 held 0 heldfund 0 resets 0 viol 0
FIREDISC517 137 at (5, 13) hp 302 ti 15 ammo 89 win 4 shots 19 net 40 code 5 twin 0 peer 0 pub 1 hold 0 held 0 heldfund 0 resets 0 viol 0
FIREDISC517 138 at (5, 13) hp 288 ti 15 ammo 98 win 4 shots 20 net 44 code 5 twin 0 peer 0 pub 1 hold 0 held 0 heldfund 0 resets 0 viol 0
FIREDISC517 139 at (5, 13) hp 292 ti 14 ammo 98 win 4 shots 20 net 40 code 5 twin 0 peer 0 pub 1 hold 0 held 0 heldfund 0 resets 0 viol 0
FIREDISC517 140 at (5, 13) hp 278 ti 15 ammo 96 win 4 shots 21 net 44 code 5 twin 0 peer 0 pub 1 hold 0 held 0 heldfund 0 resets 0 viol 0
FIREDISC517 141 at (5, 13) hp 282 ti 7 ammo 96 win 4 shots 21 net 40 code 5 twin 0 peer 0 pub 1 hold 0 held 0 heldfund 0 resets 0 viol 0
FIREDISC517 142 at (5, 13) hp 268 ti 16 ammo 97 win 4 shots 22 net 44 code 5 twin 0 peer 0 pub 1 hold 0 held 0 heldfund 0 resets 0 viol 0
FIREDISC517 143 at (5, 13) hp 272 ti 15 ammo 97 win 4 shots 22 net 40 code 5 twin 0 peer 0 pub 1 hold 0 held 0 heldfund 0 resets 0 viol 0
FIREDISC517 144 at (5, 13) hp 258 ti 15 ammo 96 win 4 shots 23 net 44 code 5 twin 0 peer 0 pub 1 hold 0 held 0 heldfund 0 resets 0 viol 0
FIREDISC517 145 at (5, 13) hp 262 ti 14 ammo 96 win 4 shots 23 net 40 code 5 twin 0 peer 0 pub 1 hold 0 held 0 heldfund 0 resets 0 viol 0
FIREDISC517 146 at (5, 13) hp 248 ti 15 ammo 104 win 4 shots 24 net 44 code 5 twin 0 peer 0 pub 1 hold 0 held 0 heldfund 0 resets 0 viol 0
FIREDISC517 147 at (5, 13) hp 252 ti 14 ammo 104 win 4 shots 24 net 40 code 5 twin 0 peer 0 pub 1 hold 0 held 0 heldfund 0 resets 0 viol 0
FIREDISC517 148 at (5, 13) hp 238 ti 15 ammo 102 win 4 shots 25 net 44 code 5 twin 0 peer 0 pub 1 hold 0 held 0 heldfund 0 resets 0 viol 0
FIREDISC517 149 at (5, 13) hp 242 ti 7 ammo 102 win 4 shots 25 net 40 code 5 twin 0 peer 0 pub 1 hold 0 held 0 heldfund 0 resets 0 viol 0
FIREDISC517 150 at (5, 13) hp 228 ti 16 ammo 103 win 4 shots 26 net 44 code 5 twin 0 peer 0 pub 1 hold 0 held 0 heldfund 0 resets 0 viol 0
FIREDISC517 151 at (5, 13) hp 232 ti 15 ammo 103 win 4 shots 26 net 40 code 5 twin 0 peer 0 pub 1 hold 0 held 0 heldfund 0 resets 0 viol 0
FIREDISC517 152 at (5, 13) hp 218 ti 15 ammo 102 win 4 shots 27 net 44 code 5 twin 0 peer 0 pub 1 hold 0 held 0 heldfund 0 resets 0 viol 0
FIREDISC517 153 at (5, 13) hp 222 ti 14 ammo 102 win 4 shots 27 net 40 code 5 twin 0 peer 0 pub 1 hold 0 held 0 heldfund 0 resets 0 viol 0
FIREDISC517 154 at (5, 13) hp 208 ti 15 ammo 110 win 4 shots 28 net 44 code 5 twin 0 peer 0 pub 1 hold 0 held 0 heldfund 0 resets 0 viol 0
FIREDISC517 155 at (5, 13) hp 212 ti 14 ammo 110 win 4 shots 28 net 40 code 5 twin 0 peer 0 pub 1 hold 0 held 0 heldfund 0 resets 0 viol 0
FIREDISC517 156 at (5, 13) hp 198 ti 15 ammo 108 win 4 shots 29 net 44 code 5 twin 0 peer 0 pub 1 hold 0 held 0 heldfund 0 resets 0 viol 0
FIREDISC517 157 at (5, 13) hp 202 ti 7 ammo 108 win 4 shots 29 net 40 code 5 twin 0 peer 0 pub 1 hold 0 held 0 heldfund 0 resets 0 viol 0
FIREDISC517 158 at (5, 13) hp 188 ti 16 ammo 109 win 4 shots 30 net 44 code 5 twin 0 peer 0 pub 1 hold 0 held 0 heldfund 0 resets 0 viol 0
FIREDISC517 159 at (5, 13) hp 192 ti 15 ammo 109 win 4 shots 30 net 40 code 5 twin 0 peer 0 pub 1 hold 0 held 0 heldfund 0 resets 0 viol 0
FIREDISC517 160 at (5, 13) hp 178 ti 15 ammo 108 win 4 shots 31 net 44 code 5 twin 0 peer 0 pub 1 hold 0 held 0 heldfund 0 resets 0 viol 0
FIREDISC517 161 at (5, 13) hp 182 ti 14 ammo 108 win 4 shots 31 net 40 code 5 twin 0 peer 0 pub 1 hold 0 held 0 heldfund 0 resets 0 viol 0
FIREDISC517 162 at (5, 13) hp 168 ti 15 ammo 116 win 4 shots 32 net 44 code 5 twin 0 peer 0 pub 1 hold 0 held 0 heldfund 0 resets 0 viol 0
FIREDISC517 163 at (5, 13) hp 172 ti 7 ammo 116 win 4 shots 32 net 40 code 5 twin 0 peer 0 pub 1 hold 0 held 0 heldfund 0 resets 0 viol 0
FIREDISC517 164 at (5, 13) hp 158 ti 16 ammo 107 win 4 shots 33 net 44 code 5 twin 0 peer 0 pub 1 hold 0 held 0 heldfund 0 resets 0 viol 0
FIREDISC517 165 at (5, 13) hp 162 ti 16 ammo 107 win 4 shots 33 net 40 code 5 twin 0 peer 0 pub 1 hold 0 held 0 heldfund 0 resets 0 viol 0
FIREDISC517 166 at (5, 13) hp 148 ti 16 ammo 117 win 4 shots 34 net 44 code 5 twin 0 peer 0 pub 1 hold 0 held 0 heldfund 0 resets 0 viol 0
FIREDISC517 167 at (5, 13) hp 152 ti 15 ammo 117 win 4 shots 34 net 40 code 5 twin 0 peer 0 pub 1 hold 0 held 0 heldfund 0 resets 0 viol 0
FIREDISC517 168 at (5, 13) hp 138 ti 15 ammo 116 win 4 shots 35 net 44 code 5 twin 0 peer 0 pub 1 hold 0 held 0 heldfund 0 resets 0 viol 0
FIREDISC517 169 at (5, 13) hp 142 ti 14 ammo 116 win 4 shots 35 net 40 code 5 twin 0 peer 0 pub 1 hold 0 held 0 heldfund 0 resets 0 viol 0
FIREDISC517 170 at (5, 13) hp 128 ti 15 ammo 124 win 4 shots 36 net 44 code 5 twin 0 peer 0 pub 1 hold 0 held 0 heldfund 0 resets 0 viol 0
FIREDISC517 171 at (5, 13) hp 132 ti 7 ammo 124 win 4 shots 36 net 40 code 5 twin 0 peer 0 pub 1 hold 0 held 0 heldfund 0 resets 0 viol 0
FIREDISC517 172 at (5, 13) hp 118 ti 16 ammo 115 win 4 shots 37 net 44 code 5 twin 0 peer 0 pub 1 hold 0 held 0 heldfund 0 resets 0 viol 0
FIREDISC517 173 at (5, 13) hp 122 ti 15 ammo 115 win 4 shots 37 net 40 code 5 twin 0 peer 0 pub 1 hold 0 held 0 heldfund 0 resets 0 viol 0
FIREDISC517 174 at (5, 13) hp 108 ti 15 ammo 124 win 4 shots 38 net 44 code 5 twin 0 peer 0 pub 1 hold 0 held 0 heldfund 0 resets 0 viol 0
FIREDISC517 175 at (5, 13) hp 112 ti 14 ammo 124 win 4 shots 38 net 40 code 5 twin 0 peer 0 pub 1 hold 0 held 0 heldfund 0 resets 0 viol 0
FIREDISC517 176 at (5, 13) hp 98 ti 15 ammo 122 win 4 shots 39 net 44 code 5 twin 0 peer 0 pub 1 hold 0 held 0 heldfund 0 resets 0 viol 0
FIREDISC517 177 at (5, 13) hp 102 ti 14 ammo 122 win 4 shots 39 net 40 code 5 twin 0 peer 0 pub 1 hold 0 held 0 heldfund 0 resets 0 viol 0
FIREDISC517 178 at (5, 13) hp 88 ti 15 ammo 130 win 4 shots 40 net 44 code 5 twin 0 peer 0 pub 1 hold 0 held 0 heldfund 0 resets 0 viol 0
FIREDISC517 179 at (5, 13) hp 92 ti 7 ammo 130 win 4 shots 40 net 40 code 5 twin 0 peer 0 pub 1 hold 0 held 0 heldfund 0 resets 0 viol 0
FIREDISC517 180 at (5, 13) hp 78 ti 16 ammo 121 win 4 shots 41 net 44 code 5 twin 0 peer 0 pub 1 hold 0 held 0 heldfund 0 resets 0 viol 0
FIREDISC517 181 at (5, 13) hp 82 ti 15 ammo 121 win 4 shots 41 net 40 code 5 twin 0 peer 0 pub 1 hold 0 held 0 heldfund 0 resets 0 viol 0
FIREDISC517 182 at (5, 13) hp 68 ti 15 ammo 130 win 4 shots 42 net 44 code 5 twin 0 peer 0 pub 1 hold 0 held 0 heldfund 0 resets 0 viol 0
FIREDISC517 183 at (5, 13) hp 72 ti 14 ammo 130 win 4 shots 42 net 40 code 5 twin 0 peer 0 pub 1 hold 0 held 0 heldfund 0 resets 0 viol 0
FIREDISC517 184 at (5, 13) hp 58 ti 15 ammo 128 win 4 shots 43 net 44 code 5 twin 0 peer 0 pub 1 hold 0 held 0 heldfund 0 resets 0 viol 0
FIREDISC517 185 at (5, 13) hp 62 ti 14 ammo 128 win 4 shots 43 net 40 code 5 twin 0 peer 0 pub 1 hold 0 held 0 heldfund 0 resets 0 viol 0
FIREDISC517 186 at (5, 13) hp 48 ti 15 ammo 136 win 4 shots 44 net 44 code 5 twin 0 peer 0 pub 1 hold 0 held 0 heldfund 0 resets 0 viol 0
FIREDISC517 187 at (5, 13) hp 52 ti 7 ammo 136 win 4 shots 44 net 40 code 5 twin 0 peer 0 pub 1 hold 0 held 0 heldfund 0 resets 0 viol 0
FIREDISC517 188 at (5, 13) hp 38 ti 16 ammo 127 win 4 shots 45 net 44 code 5 twin 0 peer 0 pub 1 hold 0 held 0 heldfund 0 resets 0 viol 0
FIREDISC517 189 at (5, 13) hp 42 ti 15 ammo 127 win 4 shots 45 net 40 code 5 twin 0 peer 0 pub 1 hold 0 held 0 heldfund 0 resets 0 viol 0
FIREDISC517 190 at (5, 13) hp 28 ti 15 ammo 136 win 4 shots 46 net 44 code 5 twin 0 peer 0 pub 1 hold 0 held 0 heldfund 0 resets 0 viol 0
FIREDISC517 191 at (5, 13) hp 32 ti 14 ammo 136 win 4 shots 46 net 40 code 5 twin 0 peer 0 pub 1 hold 0 held 0 heldfund 0 resets 0 viol 0
FIREDISC517 192 at (5, 13) hp 18 ti 15 ammo 134 win 4 shots 47 net 44 code 5 twin 0 peer 0 pub 1 hold 0 held 0 heldfund 0 resets 0 viol 0
FIREDISC517 193 at (5, 13) hp 22 ti 7 ammo 134 win 4 shots 47 net 40 code 5 twin 0 peer 0 pub 1 hold 0 held 0 heldfund 0 resets 0 viol 0
FIREDISC517 194 at (5, 13) hp 8 ti 16 ammo 135 win 4 shots 48 net 44 code 5 twin 0 peer 0 pub 1 hold 0 held 0 heldfund 0 resets 0 viol 0
FIREDISC517 195 at (5, 13) hp 12 ti 16 ammo 135 win 4 shots 48 net 40 code 5 twin 0 peer 0 pub 1 hold 0 held 0 heldfund 0 resets 0 viol 0
