Running match: flagoff vs _v488beltbreak2
  Map: midgard.map26  Seed: 9  Replay: 
scratchpad/s51_v520_build/grid/b3/repflagoff/midgard_s9_A.replay26  TLE: 10ms
Completed turn 0
Completed turn 100
Completed turn 200
Completed turn 300
Completed turn 400
Completed turn 500
Completed turn 600
Completed turn 700
Completed turn 800
Completed turn 900
Replay written to 
scratchpad/s51_v520_build/grid/b3/repflagoff/midgard_s9_A.replay26

  Winner: flagoff  (Titanium collected (tiebreak), turn 1000)

                      flagoff    _v488beltbreak2  
  Titanium     47 (780 mined)     26 (630 mined)  
  Units                    10                  9  
  Buildings                41                 26  

