Update available: 2.3.6 -> 2.3.8. Run: pip install --upgrade fcode
FS GATE 0 sig (20, 26, (9, 6), (9, 18)) ok 1
FS GATE 1 sig (20, 26, (9, 6), (9, 18)) ok 1
FS PHASE 1 id 4 ph 1 d 100 at (9, 17)
FS HOPBUILD 1 at (9, 17) lch (9, 16) T (11, 5)
FS GATE 2 sig (20, 26, (9, 6), (9, 18)) ok 1
FS GATE 2 sig (20, 26, (9, 6), (9, 18)) ok 1
FS THROW 2 from (9, 17) to (10, 11) T (11, 5) body 4 n 1 dsq 16
FS HOPBUILD 3 at (10, 11) lch (10, 10) T (11, 5)
FS GATE 3 sig (20, 26, (9, 6), (9, 18)) ok 1
FS GATE 4 sig (20, 26, (9, 6), (9, 18)) ok 1
FS THROW 4 from (11, 11) to (10, 5) T (11, 5) body 4 n 1 dsq 1
FS ARRIVE 5 id 4 body 1 at (10, 5) dsq 1
FS PHASE 5 id 4 ph 2 d 1 at (10, 5)
FS SEAL 5 tile (9, 5) n 1
FS SEAL 7 tile (10, 5) n 2
FS GATE 7 sig (20, 26, (9, 6), (9, 18)) ok 1
FS SEAL 8 tile (11, 6) n 3
FS GATE 8 sig (20, 26, (9, 6), (9, 18)) ok 1
FS SEAL 11 tile (10, 5) n 4
FS SEAL 15 tile (11, 7) n 5
FS DODGE 19 id 4 from (10, 8) to (9, 8) cov 1 -> 0 hit 0 hp 22
FS STAT 20 id 4 at (9, 8) need 5 orth 4 ti 64 ammo 24 sen 0 hp 22 covden 0 eco 1 lost 0
FS CLEAR 20 tile (10, 8) peck 1
FS RUNG 20 id 4 r 3 hi -
FS CLEAR 21 tile (10, 8) peck 2
FS RUNG 21 id 4 r 3 hi -
FS CLEAR 22 tile (10, 8) peck 3
FS RUNG 22 id 4 r 3 hi -
FS CLEAR 23 tile (10, 8) peck 4
FS RUNG 23 id 4 r 3 hi -
FS CLEAR 24 tile (10, 8) peck 5
FS RUNG 24 id 4 r 3 hi -
FS CLEAR 25 tile (10, 8) peck 6
FS RUNG 25 id 4 r 3 hi -
FS CLEAR 26 tile (10, 8) peck 7
FS RUNG 26 id 4 r 3 hi -
FS CLEAR 27 tile (10, 8) peck 8
FS RUNG 27 id 4 r 3 hi -
FS EVICTOR 28 at (8, 8) ucov 1 cov 3 unseal 3 obs 6
FS RUNG 28 id 4 r 2 hi -
FS GATE 29 sig (20, 26, (9, 6), (9, 18)) ok 1
FS CLEAR 30 tile (9, 8) peck 1
FS RUNG 30 id 4 r 3 hi -
FS CLEAR 31 tile (9, 8) peck 2
FS RUNG 31 id 4 r 3 hi -
FS EVICT 31 from (7, 9) to (7, 3)
FS CLEAR 32 tile (9, 8) peck 3
FS RUNG 32 id 4 r 3 hi -
FS CLEAR 33 tile (9, 8) peck 4
FS RUNG 33 id 4 r 3 hi -
FS CLEAR 34 tile (9, 8) peck 5
FS RUNG 34 id 4 r 3 hi -
FS PHASE 35 id 4 ph 5 d 4 at (9, 9)
FS EVICT 35 from (7, 7) to (13, 8)
FS EVICT 37 from (9, 8) to (3, 9)
FS STAT 40 id 4 at (9, 9) need 6 orth 4 ti 28 ammo 24 sen 1 hp 22 covden 12 eco 1 lost 0
FS EVICT 41 from (7, 9) to (7, 3)
FS EVICT 45 from (7, 7) to (13, 8)
FS EVICT 48 from (7, 9) to (7, 3)
FS DODGE 49 id 4 from (9, 9) to (9, 8) cov 1 -> 0 hit 0 hp 22
FS EVICT 50 from (9, 8) to (3, 9)
FS DODGE 51 id 4 from (9, 9) to (9, 8) cov 1 -> 0 hit 0 hp 4
FS CLEAR 52 tile (10, 8) peck 1
FS RUNG 52 id 4 r 3 hi -
FS EVICT 52 from (7, 7) to (13, 8)
FS EVICT 55 from (7, 9) to (7, 3)
FS EVICT 56 from (9, 8) to (3, 9)
FS GATE 109 sig (20, 26, (9, 6), (9, 18)) ok 1
FS PHASE 109 id 289 ph 1 d 170 at (8, 20)
FS HOPBUILD 111 at (10, 20) lch (11, 20) T (11, 5)
FS GATE 112 sig (20, 26, (9, 6), (9, 18)) ok 1
FS THROW 112 from (10, 20) to (11, 15) T (11, 5) body 289 n 1 dsq 65
FS HOPBUILD 117 at (12, 12) lch (12, 11) T (11, 5)
FS GATE 118 sig (20, 26, (9, 6), (9, 18)) ok 1
FS THROW 118 from (12, 12) to (11, 6) T (11, 5) body 289 n 1 dsq 1
FS ARRIVE 119 id 289 body 1 at (11, 6) dsq 1
FS PHASE 119 id 289 ph 2 d 1 at (11, 6)
FS DODGE 119 id 289 from (11, 6) to (11, 7) cov 2 -> 0 hit 0 hp 40
FS STAT 120 id 289 at (11, 7) need 8 orth 7 ti 117 ammo 24 sen 0 hp 40 covden 0 eco 1 lost 0
FS SEAL 120 tile (11, 6) n 1
FS SEAL 122 tile (11, 7) n 2
FS CLEAR 123 tile (10, 8) peck 1
FS RUNG 123 id 289 r 3 hi -
FS CLEAR 124 tile (10, 8) peck 2
FS RUNG 124 id 289 r 3 hi -
FS CLEAR 125 tile (10, 8) peck 3
FS RUNG 125 id 289 r 3 hi -
FS CLEAR 126 tile (10, 8) peck 4
FS RUNG 126 id 289 r 3 hi -
FS CLEAR 127 tile (10, 8) peck 5
FS RUNG 127 id 289 r 3 hi -
FS CLEAR 128 tile (10, 8) peck 6
FS RUNG 128 id 289 r 3 hi -
FS CLEAR 129 tile (10, 8) peck 7
FS RUNG 129 id 289 r 3 hi -
FS CLEARED 130 tile (10, 8) n 1
FS SEAL 130 tile (10, 8) n 3
FS SEALCLR 130 tile (10, 8) lag 0
FS SEAL 131 tile (10, 8) n 4
FS SEAL 132 tile (11, 7) n 5
FS SEAL 133 tile (10, 8) n 6
FS SENTINEL 135 at (12, 9) face NORTHWEST tgt (9, 6) score 18 n 1 onring 0 lost 0 gate (1, 1, 10) onsray 0 olddsq -1
FS RUNG 135 id 289 r 4 hi -
FS PHASE 136 id 289 ph 5 d 5 at (12, 8)
FS SEAL 137 tile (10, 8) n 7
FS SEAL 138 tile (10, 8) n 8
FS SEAL 139 tile (11, 7) n 9
FS STAT 140 id 289 at (11, 8) need 8 orth 7 ti 12 ammo 58 sen 1 hp 40 covden 0 eco 1 lost 0
FS SEAL 140 tile (10, 8) n 10
FS SEAL 143 tile (10, 8) n 11
FS SEAL 144 tile (10, 8) n 12
FS SEAL 147 tile (10, 8) n 13
FS SEAL 148 tile (10, 8) n 14
FS SEAL 149 tile (11, 7) n 15
FS SEAL 150 tile (10, 8) n 16
FS SEAL 153 tile (10, 8) n 17
FS SEAL 154 tile (10, 8) n 18
FS SEAL 155 tile (11, 7) n 19
FS SEAL 156 tile (10, 8) n 20
FS SEAL 159 tile (10, 8) n 21
FS STAT 160 id 289 at (11, 8) need 9 orth 8 ti 43 ammo 60 sen 1 hp 40 covden 0 eco 1 lost 0
FS SEAL 160 tile (10, 8) n 22
FS SEAL 161 tile (11, 7) n 23
FS SEAL 162 tile (10, 8) n 24
FS SEAL 165 tile (10, 8) n 25
FS SEAL 166 tile (10, 8) n 26
FS SEAL 167 tile (11, 7) n 27
FS SEAL 168 tile (10, 8) n 28
FS SEAL 171 tile (10, 8) n 29
FS SEAL 172 tile (10, 8) n 30
FS SEAL 173 tile (11, 7) n 31
FS SEAL 174 tile (10, 8) n 32
FS SEAL 177 tile (10, 8) n 33
FS GATE 177 sig (20, 26, (9, 6), (9, 18)) ok 1
FS SEAL 178 tile (10, 8) n 34
FS SEAL 179 tile (11, 7) n 35
FS STAT 180 id 289 at (11, 8) need 8 orth 7 ti 30 ammo 50 sen 1 hp 40 covden 0 eco 1 lost 0
FS SEAL 180 tile (10, 8) n 36
FS SEAL 183 tile (10, 8) n 37
FS SEAL 184 tile (10, 8) n 38
FS SEAL 185 tile (11, 7) n 39
FS SEAL 186 tile (10, 8) n 40
FS SEAL 189 tile (10, 8) n 41
FS SEAL 190 tile (10, 8) n 42
FS SEAL 191 tile (11, 7) n 43
FS SEAL 192 tile (10, 8) n 44
FS SEAL 195 tile (10, 8) n 45
FS SEAL 196 tile (10, 8) n 46
FS SEAL 197 tile (11, 7) n 47
FS STAT 200 id 289 at (11, 8) need 8 orth 7 ti 34 ammo 50 sen 1 hp 40 covden 0 eco 1 lost 0
FS SEAL 200 tile (10, 8) n 48
FS SEAL 201 tile (10, 8) n 49
FS SEAL 202 tile (11, 7) n 50
FS SEAL 203 tile (10, 8) n 51
FS SEAL 206 tile (10, 8) n 52
FS SEAL 207 tile (10, 8) n 53
FS SEAL 208 tile (11, 7) n 54
FS SEAL 209 tile (10, 8) n 55
FS SEAL 212 tile (10, 8) n 56
FS SEAL 213 tile (10, 8) n 57
FS SEAL 214 tile (11, 7) n 58
FS SEAL 215 tile (10, 8) n 59
FS SEAL 218 tile (10, 8) n 60
FS SEAL 219 tile (10, 8) n 61
FS STAT 220 id 289 at (11, 8) need 8 orth 7 ti 43 ammo 60 sen 1 hp 40 covden 0 eco 1 lost 0
FS SEAL 220 tile (11, 7) n 62
FS SEAL 221 tile (10, 8) n 63
FS SEAL 224 tile (10, 8) n 64
FS SEAL 225 tile (10, 8) n 65
