Running match: flagoff vs _v488beltbreak2
  Map: drakkarfjord.map26  Seed: 28  Replay: 
scratchpad/s51_v518_build/fo3/b10/repf/drakkarfjord_s28_A.replay26  TLE: 10ms
Completed turn 0
Completed turn 100
Completed turn 200
Completed turn 300
Completed turn 400
Completed turn 500
Completed turn 600
Completed turn 700
Completed turn 800
Completed turn 900
Replay written to 
scratchpad/s51_v518_build/fo3/b10/repf/drakkarfjord_s28_A.replay26

  Winner: _v488beltbreak2  (Titanium collected (tiebreak), turn 1000)

                        flagoff       _v488beltbreak2  
  Titanium     306 (5760 mined)    3524 (14160 mined)  
  Units                      19                    35  
  Buildings                  89                   115  

