Update available: 2.3.6 -> 2.3.8. Run: pip install --upgrade fcode
RC MAP w 30 h 30 ours 2,2 theirs 26,26
RC SEAT 1 id 3 seat 0
RC POS 1 id 3 seat 0 role raid fs 0 body 1 pos 4,3 stuck 0
RC WALK 1 id 3 role raid pos 4,3 tgt 25,25 want EAST
RC POS 2 id 3 seat 0 role raid fs 0 body 1 pos 5,3 stuck 0
RC WALK 2 id 3 role raid pos 5,3 tgt 25,25 want SOUTH
RC SEAT 2 id 5 seat 1
RC POS 2 id 5 seat 1 role expand fs 0 body 1 pos 4,2 stuck 0
RC WALK 2 id 5 role expand pos 4,2 tgt 2,5 want NORTH
RC POS 3 id 3 seat 0 role raid fs 0 body 1 pos 5,4 stuck 0
RC WALK 3 id 3 role raid pos 5,4 tgt 25,25 want SOUTH
RC POS 3 id 5 seat 1 role expand fs 0 body 1 pos 4,1 stuck 0
RC WALK 3 id 5 role expand pos 4,1 tgt 2,5 want WEST
RC SEAT 3 id 7 seat 2
RC POS 3 id 7 seat 2 role expand fs 0 body 1 pos 4,3 stuck 0
RC WALK 3 id 7 role expand pos 4,3 tgt 5,2 want EAST
RC POS 4 id 3 seat 0 role raid fs 0 body 1 pos 5,5 stuck 0
RC WALK 4 id 3 role raid pos 5,5 tgt 25,25 want EAST
RC POS 4 id 5 seat 1 role expand fs 0 body 1 pos 3,1 stuck 0
RC WALK 4 id 5 role expand pos 3,1 tgt 2,5 want WEST
RC POS 4 id 7 seat 2 role expand fs 0 body 1 pos 5,3 stuck 0
RC WALK 4 id 7 role expand pos 5,3 tgt 5,2 want NORTH
RC SEAT 4 id 9 seat 3
RC POS 4 id 9 seat 3 role expand fs 0 body 1 pos 4,2 stuck 0
RC WALK 4 id 9 role expand pos 4,2 tgt 3,9 want SOUTH
RC POS 5 id 3 seat 0 role raid fs 0 body 1 pos 6,5 stuck 0
RC WALK 5 id 3 role raid pos 6,5 tgt 25,25 want SOUTH
RC POS 5 id 5 seat 1 role expand fs 0 body 1 pos 2,1 stuck 0
RC WALK 5 id 5 role expand pos 2,1 tgt 2,5 want WEST
RC POS 5 id 7 seat 2 role expand fs 0 body 1 pos 5,2 stuck 0
V528 CONN r 5 id 7 at 6,2 chosen 4 best 4 regret 0 cands 3 role expand seat 2
RC POS 5 id 9 seat 3 role expand fs 0 body 1 pos 4,3 stuck 0
RC WALK 5 id 9 role expand pos 4,3 tgt 3,9 want EAST
RC SEAT 5 id 11 seat 4
RC POS 5 id 11 seat 4 role defend fs 0 body 1 pos 4,1 stuck 0
RC WALK 5 id 11 role defend pos 4,1 tgt 0,2 want WEST
RC POS 6 id 3 seat 0 role raid fs 0 body 1 pos 6,6 stuck 0
RC WALK 6 id 3 role raid pos 6,6 tgt 25,25 want EAST
RC POS 6 id 5 seat 1 role expand fs 0 body 1 pos 1,1 stuck 0
RC WALK 6 id 5 role expand pos 1,1 tgt 2,5 want SOUTH
RC POS 6 id 7 seat 2 role expand fs 0 body 1 pos 5,2 stuck 1
RC POS 6 id 9 seat 3 role expand fs 0 body 1 pos 5,3 stuck 0
RC POS 6 id 11 seat 4 role defend fs 0 body 1 pos 3,1 stuck 0
RC WALK 6 id 11 role defend pos 3,1 tgt 0,2 want WEST
RC POS 7 id 3 seat 0 role raid fs 0 body 1 pos 7,6 stuck 0
RC WALK 7 id 3 role raid pos 7,6 tgt 25,25 want EAST
RC POS 7 id 5 seat 1 role expand fs 0 body 1 pos 1,2 stuck 0
RC WALK 7 id 5 role expand pos 1,2 tgt 2,5 want SOUTH
RC POS 7 id 7 seat 2 role expand fs 0 body 1 pos 5,2 stuck 2
RC WALK 7 id 7 role expand pos 5,2 tgt 7,9 want NORTH
RC POS 7 id 9 seat 3 role expand fs 0 body 1 pos 5,3 stuck 1
RC WALK 7 id 9 role expand pos 5,3 tgt 3,9 want EAST
RC POS 7 id 11 seat 4 role defend fs 0 body 1 pos 2,1 stuck 0
RC WALK 7 id 11 role defend pos 2,1 tgt 0,2 want WEST
RC SEAT 7 id 15 seat 5
RC POS 7 id 15 seat 5 role raid fs 0 body 1 pos 3,4 stuck 0
RC WALK 7 id 15 role raid pos 3,4 tgt 28,25 want SOUTH
RC POS 8 id 3 seat 0 role raid fs 0 body 1 pos 8,6 stuck 0
RC WALK 8 id 3 role raid pos 8,6 tgt 25,25 want SOUTH
RC POS 8 id 5 seat 1 role expand fs 0 body 1 pos 1,3 stuck 0
RC WALK 8 id 5 role expand pos 1,3 tgt 2,5 want SOUTH
RC POS 8 id 7 seat 2 role expand fs 0 body 1 pos 5,1 stuck 0
RC WALK 8 id 7 role expand pos 5,1 tgt 7,9 want SOUTH
RC POS 8 id 9 seat 3 role expand fs 0 body 1 pos 6,3 stuck 0
RC WALK 8 id 9 role expand pos 6,3 tgt 3,9 want WEST
RC POS 8 id 11 seat 4 role defend fs 0 body 1 pos 1,1 stuck 0
RC WALK 8 id 11 role defend pos 1,1 tgt 0,2 want WEST
RC POS 8 id 15 seat 5 role raid fs 0 body 1 pos 3,5 stuck 0
RC WALK 8 id 15 role raid pos 3,5 tgt 28,25 want SOUTH
RC POS 9 id 3 seat 0 role raid fs 0 body 1 pos 8,7 stuck 0
RC WALK 9 id 3 role raid pos 8,7 tgt 25,25 want SOUTH
RC POS 9 id 5 seat 1 role expand fs 0 body 1 pos 1,4 stuck 0
RC WALK 9 id 5 role expand pos 1,4 tgt 2,5 want EAST
RC POS 9 id 7 seat 2 role expand fs 0 body 1 pos 5,2 stuck 0
RC WALK 9 id 7 role expand pos 5,2 tgt 7,9 want NORTH
RC POS 9 id 9 seat 3 role expand fs 0 body 1 pos 5,3 stuck 0
RC WALK 9 id 9 role expand pos 5,3 tgt 3,9 want SOUTH
RC POS 9 id 11 seat 4 role defend fs 0 body 1 pos 0,1 stuck 0
RC WALK 9 id 11 role defend pos 0,1 tgt 0,2 want SOUTH
RC POS 9 id 15 seat 5 role raid fs 0 body 1 pos 3,6 stuck 0
RC WALK 9 id 15 role raid pos 3,6 tgt 28,25 want SOUTH
RC POS 10 id 3 seat 0 role raid fs 0 body 1 pos 8,8 stuck 0
RC WALK 10 id 3 role raid pos 8,8 tgt 25,25 want EAST
RC POS 10 id 5 seat 1 role expand fs 0 body 1 pos 2,4 stuck 0
RC WALK 10 id 5 role expand pos 2,4 tgt 2,5 want SOUTH
RC POS 10 id 7 seat 2 role expand fs 0 body 1 pos 5,1 stuck 0
RC WALK 10 id 7 role expand pos 5,1 tgt 7,9 want SOUTH
RC POS 10 id 9 seat 3 role expand fs 0 body 1 pos 5,4 stuck 0
RC WALK 10 id 9 role expand pos 5,4 tgt 3,9 want SOUTH
RC POS 10 id 11 seat 4 role defend fs 0 body 1 pos 0,2 stuck 0
RC WALK 10 id 11 role defend pos 0,2 tgt 2,6 want SOUTH
RC POS 10 id 15 seat 5 role raid fs 0 body 1 pos 3,7 stuck 0
RC WALK 10 id 15 role raid pos 3,7 tgt 28,25 want SOUTH
RC POS 11 id 3 seat 0 role raid fs 0 body 1 pos 9,8 stuck 0
RC WALK 11 id 3 role raid pos 9,8 tgt 25,25 want SOUTH
RC POS 11 id 5 seat 1 role expand fs 0 body 1 pos 2,5 stuck 0
V528 CONN r 11 id 5 at 2,6 chosen 2 best 2 regret 0 cands 3 role expand seat 1
RC POS 11 id 7 seat 2 role expand fs 0 body 1 pos 5,2 stuck 0
RC WALK 11 id 7 role expand pos 5,2 tgt 7,9 want SOUTH
RC POS 11 id 9 seat 3 role expand fs 0 body 1 pos 5,5 stuck 0
RC WALK 11 id 9 role expand pos 5,5 tgt 3,9 want SOUTH
RC POS 11 id 11 seat 4 role defend fs 0 body 1 pos 0,3 stuck 0
RC WALK 11 id 11 role defend pos 0,3 tgt 2,6 want SOUTH
RC POS 11 id 15 seat 5 role raid fs 0 body 1 pos 3,8 stuck 0
RC WALK 11 id 15 role raid pos 3,8 tgt 28,25 want EAST
RC POS 12 id 3 seat 0 role raid fs 0 body 1 pos 9,9 stuck 0
RC WALK 12 id 3 role raid pos 9,9 tgt 25,25 want EAST
RC POS 12 id 5 seat 1 role expand fs 0 body 1 pos 2,5 stuck 1
RC POS 12 id 7 seat 2 role expand fs 0 body 1 pos 5,3 stuck 0
RC WALK 12 id 7 role expand pos 5,3 tgt 7,9 want SOUTH
RC POS 12 id 9 seat 3 role expand fs 0 body 1 pos 5,6 stuck 0
RC WALK 12 id 9 role expand pos 5,6 tgt 3,8 want EAST
RC POS 12 id 11 seat 4 role defend fs 0 body 1 pos 0,4 stuck 0
RC WALK 12 id 11 role defend pos 0,4 tgt 2,6 want EAST
RC POS 12 id 15 seat 5 role raid fs 0 body 1 pos 4,8 stuck 0
RC WALK 12 id 15 role raid pos 4,8 tgt 28,25 want EAST
RC POS 13 id 3 seat 0 role raid fs 0 body 1 pos 10,9 stuck 0
RC WALK 13 id 3 role raid pos 10,9 tgt 25,25 want EAST
RC POS 13 id 5 seat 1 role expand fs 0 body 1 pos 2,5 stuck 2
RC POS 13 id 7 seat 2 role expand fs 0 body 1 pos 5,4 stuck 0
RC WALK 13 id 7 role expand pos 5,4 tgt 7,9 want SOUTH
RC POS 13 id 9 seat 3 role expand fs 0 body 1 pos 6,6 stuck 0
RC WALK 13 id 9 role expand pos 6,6 tgt 3,8 want EAST
RC POS 13 id 11 seat 4 role defend fs 0 body 1 pos 1,4 stuck 0
RC WALK 13 id 11 role defend pos 1,4 tgt 2,5 want SOUTH
RC POS 13 id 15 seat 5 role raid fs 0 body 1 pos 5,8 stuck 0
RC WALK 13 id 15 role raid pos 5,8 tgt 28,25 want EAST
RC POS 14 id 3 seat 0 role raid fs 0 body 1 pos 11,9 stuck 0
RC WALK 14 id 3 role raid pos 11,9 tgt 25,25 want EAST
RC POS 14 id 5 seat 1 role expand fs 0 body 1 pos 2,4 stuck 0
RC POS 14 id 7 seat 2 role expand fs 0 body 1 pos 5,5 stuck 0
RC WALK 14 id 7 role expand pos 5,5 tgt 7,8 want EAST
RC POS 14 id 9 seat 3 role expand fs 0 body 1 pos 7,6 stuck 0
RC WALK 14 id 9 role expand pos 7,6 tgt 3,8 want EAST
RC POS 14 id 11 seat 4 role defend fs 0 body 1 pos 1,5 stuck 0
RC WALK 14 id 11 role defend pos 1,5 tgt 2,5 want EAST
RC POS 14 id 15 seat 5 role raid fs 0 body 1 pos 6,8 stuck 0
RC WALK 14 id 15 role raid pos 6,8 tgt 28,25 want EAST
RC POS 15 id 3 seat 0 role raid fs 0 body 1 pos 12,9 stuck 0
RC WALK 15 id 3 role raid pos 12,9 tgt 25,25 want EAST
RC POS 15 id 5 seat 1 role expand fs 0 body 1 pos 2,4 stuck 1
RC WALK 15 id 5 role expand pos 2,4 tgt 2,5 want CENTRE
RC POS 15 id 7 seat 2 role expand fs 0 body 1 pos 6,5 stuck 0
RC WALK 15 id 7 role expand pos 6,5 tgt 7,8 want EAST
RC POS 15 id 9 seat 3 role expand fs 0 body 1 pos 8,6 stuck 0
RC WALK 15 id 9 role expand pos 8,6 tgt 3,8 want SOUTH
RC POS 15 id 11 seat 4 role defend fs 0 body 1 pos 2,5 stuck 0
RC WALK 15 id 11 role defend pos 2,5 tgt 3,8 want EAST
RC POS 15 id 15 seat 5 role raid fs 0 body 1 pos 7,8 stuck 0
RC WALK 15 id 15 role raid pos 7,8 tgt 28,25 want EAST
RC POS 16 id 3 seat 0 role raid fs 0 body 1 pos 13,9 stuck 0
RC WALK 16 id 3 role raid pos 13,9 tgt 25,25 want EAST
RC POS 16 id 5 seat 1 role expand fs 0 body 1 pos 2,4 stuck 2
RC WALK 16 id 5 role expand pos 2,4 tgt 2,5 want SOUTH
RC POS 16 id 7 seat 2 role expand fs 0 body 1 pos 7,5 stuck 0
RC WALK 16 id 7 role expand pos 7,5 tgt 7,8 want EAST
RC POS 16 id 9 seat 3 role expand fs 0 body 1 pos 8,7 stuck 0
RC WALK 16 id 9 role expand pos 8,7 tgt 3,8 want EAST
RC POS 16 id 11 seat 4 role defend fs 0 body 1 pos 3,5 stuck 0
RC WALK 16 id 11 role defend pos 3,5 tgt 3,8 want SOUTH
RC POS 16 id 15 seat 5 role raid fs 0 body 1 pos 8,8 stuck 0
RC WALK 16 id 15 role raid pos 8,8 tgt 28,25 want EAST
RC POS 17 id 3 seat 0 role raid fs 0 body 1 pos 14,9 stuck 0
RC WALK 17 id 3 role raid pos 14,9 tgt 25,25 want SOUTH
RC POS 17 id 5 seat 1 role expand fs 0 body 1 pos 2,5 stuck 0
RC WALK 17 id 5 role expand pos 2,5 tgt 11,3 want NORTH
RC POS 17 id 7 seat 2 role expand fs 0 body 1 pos 8,5 stuck 0
RC WALK 17 id 7 role expand pos 8,5 tgt 7,8 want SOUTH
RC POS 17 id 9 seat 3 role expand fs 0 body 1 pos 9,7 stuck 0
RC WALK 17 id 9 role expand pos 9,7 tgt 3,8 want WEST
RC POS 17 id 11 seat 4 role defend fs 0 body 1 pos 3,6 stuck 0
RC WALK 17 id 11 role defend pos 3,6 tgt 3,8 want SOUTH
RC POS 17 id 15 seat 5 role raid fs 0 body 1 pos 9,8 stuck 0
RC WALK 17 id 15 role raid pos 9,8 tgt 28,25 want EAST
RC POS 18 id 3 seat 0 role raid fs 0 body 1 pos 14,10 stuck 0
RC WALK 18 id 3 role raid pos 14,10 tgt 25,25 want SOUTH
RC POS 18 id 5 seat 1 role expand fs 0 body 1 pos 2,4 stuck 0
RC WALK 18 id 5 role expand pos 2,4 tgt 11,3 want WEST
RC POS 18 id 7 seat 2 role expand fs 0 body 1 pos 8,6 stuck 0
RC WALK 18 id 7 role expand pos 8,6 tgt 7,8 want NORTH
RC POS 18 id 9 seat 3 role expand fs 0 body 1 pos 8,7 stuck 0
RC WALK 18 id 9 role expand pos 8,7 tgt 3,8 want SOUTH
RC POS 18 id 11 seat 4 role defend fs 0 body 1 pos 3,7 stuck 0
RC WALK 18 id 11 role defend pos 3,7 tgt 3,8 want SOUTH
RC POS 18 id 15 seat 5 role raid fs 0 body 1 pos 10,8 stuck 0
RC WALK 18 id 15 role raid pos 10,8 tgt 28,25 want SOUTH
RC POS 19 id 3 seat 0 role raid fs 0 body 1 pos 14,11 stuck 0
RC WALK 19 id 3 role raid pos 14,11 tgt 25,25 want SOUTH
RC POS 19 id 5 seat 1 role expand fs 0 body 1 pos 1,4 stuck 0
RC WALK 19 id 5 role expand pos 1,4 tgt 11,3 want NORTH
RC POS 19 id 7 seat 2 role expand fs 0 body 1 pos 8,5 stuck 0
RC WALK 19 id 7 role expand pos 8,5 tgt 7,8 want SOUTH
RC POS 19 id 9 seat 3 role expand fs 0 body 1 pos 8,8 stuck 0
RC WALK 19 id 9 role expand pos 8,8 tgt 7,8 want WEST
RC POS 19 id 11 seat 4 role defend fs 0 body 1 pos 3,8 stuck 0
V528 CONN r 19 id 11 at 3,9 chosen 5 best 1 regret 4 cands 14 role defend seat 4
RC POS 19 id 15 seat 5 role raid fs 0 body 1 pos 10,9 stuck 0
RC WALK 19 id 15 role raid pos 10,9 tgt 28,25 want EAST
RC POS 20 id 3 seat 0 role raid fs 0 body 1 pos 14,12 stuck 0
RC WALK 20 id 3 role raid pos 14,12 tgt 25,25 want SOUTH
RC POS 20 id 5 seat 1 role expand fs 0 body 1 pos 1,3 stuck 0
RC WALK 20 id 5 role expand pos 1,3 tgt 11,3 want NORTH
RC POS 20 id 7 seat 2 role expand fs 0 body 1 pos 8,6 stuck 0
RC WALK 20 id 7 role expand pos 8,6 tgt 7,8 want SOUTH
RC POS 20 id 9 seat 3 role raid fs 0 body 1 pos 7,8 stuck 0
RC WALK 20 id 9 role raid pos 7,8 tgt 25,28 want SOUTH
RC POS 20 id 11 seat 4 role defend fs 0 body 1 pos 3,8 stuck 1
RC POS 20 id 15 seat 5 role raid fs 0 body 1 pos 11,9 stuck 0
RC WALK 20 id 15 role raid pos 11,9 tgt 28,25 want EAST
RC POS 21 id 3 seat 0 role raid fs 0 body 1 pos 14,13 stuck 0
RC WALK 21 id 3 role raid pos 14,13 tgt 25,25 want SOUTH
RC POS 21 id 5 seat 1 role expand fs 0 body 1 pos 1,2 stuck 0
RC WALK 21 id 5 role expand pos 1,2 tgt 11,3 want NORTH
RC POS 21 id 7 seat 2 role expand fs 0 body 1 pos 8,7 stuck 0
RC WALK 21 id 7 role expand pos 8,7 tgt 7,8 want SOUTH
RC POS 21 id 9 seat 3 role raid fs 0 body 1 pos 7,9 stuck 0
RC WALK 21 id 9 role raid pos 7,9 tgt 25,28 want SOUTH
RC POS 21 id 11 seat 4 role defend fs 0 body 1 pos 3,8 stuck 2
RC POS 21 id 15 seat 5 role raid fs 0 body 1 pos 12,9 stuck 0
RC WALK 21 id 15 role raid pos 12,9 tgt 28,25 want EAST
RC POS 22 id 3 seat 0 role raid fs 0 body 1 pos 14,14 stuck 0
RC WALK 22 id 3 role raid pos 14,14 tgt 25,25 want EAST
RC POS 22 id 5 seat 1 role expand fs 0 body 1 pos 1,1 stuck 0
RC WALK 22 id 5 role expand pos 1,1 tgt 11,3 want EAST
RC POS 22 id 7 seat 2 role expand fs 0 body 1 pos 8,8 stuck 0
RC WALK 22 id 7 role expand pos 8,8 tgt 7,8 want WEST
RC POS 22 id 9 seat 3 role raid fs 0 body 1 pos 7,10 stuck 0
RC WALK 22 id 9 role raid pos 7,10 tgt 25,28 want EAST
RC POS 22 id 11 seat 4 role defend fs 0 body 1 pos 3,7 stuck 0
RC POS 22 id 15 seat 5 role raid fs 0 body 1 pos 13,9 stuck 0
RC WALK 22 id 15 role raid pos 13,9 tgt 28,25 want EAST
RC POS 23 id 3 seat 0 role raid fs 0 body 1 pos 15,14 stuck 0
RC WALK 23 id 3 role raid pos 15,14 tgt 25,25 want SOUTH
RC POS 23 id 5 seat 1 role expand fs 0 body 1 pos 2,1 stuck 0
RC WALK 23 id 5 role expand pos 2,1 tgt 11,3 want EAST
RC POS 23 id 7 seat 2 role expand fs 0 body 1 pos 7,8 stuck 0
V528 CONN r 23 id 7 at 7,9 chosen 9 best 0 regret 9 cands 3 role expand seat 2
RC POS 23 id 9 seat 3 role raid fs 0 body 1 pos 8,10 stuck 0
RC WALK 23 id 9 role raid pos 8,10 tgt 25,28 want EAST
RC POS 23 id 11 seat 4 role defend fs 0 body 1 pos 3,7 stuck 1
RC POS 23 id 15 seat 5 role raid fs 0 body 1 pos 14,9 stuck 0
RC WALK 23 id 15 role raid pos 14,9 tgt 28,25 want SOUTH
RC POS 24 id 3 seat 0 role raid fs 0 body 1 pos 15,15 stuck 0
RC WALK 24 id 3 role raid pos 15,15 tgt 25,25 want EAST
RC POS 24 id 5 seat 1 role expand fs 0 body 1 pos 3,1 stuck 0
RC WALK 24 id 5 role expand pos 3,1 tgt 11,3 want EAST
RC POS 24 id 7 seat 2 role expand fs 0 body 1 pos 7,8 stuck 1
RC POS 24 id 9 seat 3 role raid fs 0 body 1 pos 9,10 stuck 0
RC WALK 24 id 9 role raid pos 9,10 tgt 25,28 want SOUTH
RC POS 24 id 11 seat 4 role defend fs 0 body 1 pos 3,7 stuck 2
RC WALK 24 id 11 role defend pos 3,7 tgt 3,5 want NORTH
RC POS 24 id 15 seat 5 role raid fs 0 body 1 pos 14,10 stuck 0
RC WALK 24 id 15 role raid pos 14,10 tgt 28,25 want SOUTH
RC POS 25 id 3 seat 0 role raid fs 0 body 1 pos 16,15 stuck 0
RC WALK 25 id 3 role raid pos 16,15 tgt 25,25 want SOUTH
RC POS 25 id 5 seat 1 role expand fs 0 body 1 pos 4,1 stuck 0
RC WALK 25 id 5 role expand pos 4,1 tgt 11,3 want EAST
RC POS 25 id 7 seat 2 role expand fs 0 body 1 pos 7,8 stuck 2
RC POS 25 id 9 seat 3 role raid fs 0 body 1 pos 9,11 stuck 0
RC WALK 25 id 9 role raid pos 9,11 tgt 25,28 want SOUTH
RC POS 25 id 11 seat 4 role defend fs 0 body 1 pos 3,6 stuck 0
RC POS 25 id 15 seat 5 role raid fs 0 body 1 pos 14,11 stuck 0
RC WALK 25 id 15 role raid pos 14,11 tgt 28,25 want EAST
RC POS 26 id 3 seat 0 role raid fs 0 body 1 pos 16,16 stuck 0
RC WALK 26 id 3 role raid pos 16,16 tgt 25,25 want SOUTH
RC POS 26 id 5 seat 1 role expand fs 0 body 1 pos 5,1 stuck 0
RC WALK 26 id 5 role expand pos 5,1 tgt 11,3 want EAST
RC POS 26 id 7 seat 2 role expand fs 0 body 1 pos 6,8 stuck 0
RC POS 26 id 9 seat 3 role raid fs 0 body 1 pos 9,12 stuck 0
RC WALK 26 id 9 role raid pos 9,12 tgt 25,28 want SOUTH
RC POS 26 id 11 seat 4 role defend fs 0 body 1 pos 3,6 stuck 1
RC WALK 26 id 11 role defend pos 3,6 tgt 3,4 want NORTH
RC POS 26 id 15 seat 5 role raid fs 0 body 1 pos 15,11 stuck 0
RC WALK 26 id 15 role raid pos 15,11 tgt 28,25 want SOUTH
RC POS 27 id 3 seat 0 role raid fs 0 body 1 pos 16,17 stuck 0
RC WALK 27 id 3 role raid pos 16,17 tgt 25,25 want SOUTH
RC POS 27 id 5 seat 1 role expand fs 0 body 1 pos 6,1 stuck 0
RC WALK 27 id 5 role expand pos 6,1 tgt 11,3 want EAST
RC POS 27 id 7 seat 2 role expand fs 0 body 1 pos 6,8 stuck 1
RC POS 27 id 9 seat 3 role raid fs 0 body 1 pos 9,13 stuck 0
RC WALK 27 id 9 role raid pos 9,13 tgt 25,28 want SOUTH
RC POS 27 id 11 seat 4 role defend fs 0 body 1 pos 3,5 stuck 0
RC POS 27 id 15 seat 5 role raid fs 0 body 1 pos 15,12 stuck 0
RC WALK 27 id 15 role raid pos 15,12 tgt 28,25 want EAST
RC POS 28 id 3 seat 0 role raid fs 0 body 1 pos 16,18 stuck 0
RC WALK 28 id 3 role raid pos 16,18 tgt 25,25 want WEST
RC POS 28 id 5 seat 1 role expand fs 0 body 1 pos 7,1 stuck 0
RC WALK 28 id 5 role expand pos 7,1 tgt 10,3 want EAST
RC POS 28 id 7 seat 2 role expand fs 0 body 1 pos 6,8 stuck 2
RC WALK 28 id 7 role expand pos 6,8 tgt 4,8 want WEST
RC POS 28 id 9 seat 3 role raid fs 0 body 1 pos 9,14 stuck 0
RC WALK 28 id 9 role raid pos 9,14 tgt 25,28 want EAST
RC POS 28 id 11 seat 4 role defend fs 0 body 1 pos 3,5 stuck 1
RC WALK 28 id 11 role defend pos 3,5 tgt 3,4 want NORTH
RC POS 28 id 15 seat 5 role raid fs 0 body 1 pos 16,12 stuck 0
RC WALK 28 id 15 role raid pos 16,12 tgt 28,25 want SOUTH
RC POS 29 id 3 seat 0 role raid fs 0 body 1 pos 15,18 stuck 0
RC WALK 29 id 3 role raid pos 15,18 tgt 25,25 want SOUTH
RC POS 29 id 5 seat 1 role expand fs 0 body 1 pos 8,1 stuck 0
RC WALK 29 id 5 role expand pos 8,1 tgt 10,3 want EAST
RC POS 29 id 7 seat 2 role expand fs 0 body 1 pos 5,8 stuck 0
RC POS 29 id 9 seat 3 role raid fs 0 body 1 pos 10,14 stuck 0
RC WALK 29 id 9 role raid pos 10,14 tgt 25,28 want EAST
RC POS 29 id 11 seat 4 role defend fs 0 body 1 pos 3,4 stuck 0
RC WALK 29 id 11 role defend pos 3,4 tgt 0,1 want WEST
RC POS 29 id 15 seat 5 role raid fs 0 body 1 pos 16,13 stuck 0
RC WALK 29 id 15 role raid pos 16,13 tgt 28,25 want EAST
RC POS 30 id 3 seat 0 role raid fs 0 body 1 pos 15,19 stuck 0
RC WALK 30 id 3 role raid pos 15,19 tgt 25,25 want SOUTH
RC POS 30 id 5 seat 1 role expand fs 0 body 1 pos 9,1 stuck 0
RC WALK 30 id 5 role expand pos 9,1 tgt 10,3 want SOUTH
RC POS 30 id 7 seat 2 role expand fs 0 body 1 pos 5,8 stuck 1
RC WALK 30 id 7 role expand pos 5,8 tgt 3,8 want WEST
RC POS 30 id 9 seat 3 role raid fs 0 body 1 pos 11,14 stuck 0
RC WALK 30 id 9 role raid pos 11,14 tgt 25,28 want EAST
RC POS 30 id 11 seat 4 role defend fs 0 body 1 pos 2,4 stuck 0
RC WALK 30 id 11 role defend pos 2,4 tgt 0,1 want WEST
RC POS 30 id 15 seat 5 role raid fs 0 body 1 pos 17,13 stuck 0
RC WALK 30 id 15 role raid pos 17,13 tgt 28,25 want SOUTH
RC POS 31 id 3 seat 0 role raid fs 0 body 1 pos 15,20 stuck 0
RC WALK 31 id 3 role raid pos 15,20 tgt 25,25 want EAST
RC POS 31 id 5 seat 1 role expand fs 0 body 1 pos 9,2 stuck 0
RC WALK 31 id 5 role expand pos 9,2 tgt 10,3 want EAST
RC POS 31 id 7 seat 2 role expand fs 0 body 1 pos 4,8 stuck 0
RC WALK 31 id 7 role expand pos 4,8 tgt 3,7 want WEST
RC POS 31 id 9 seat 3 role raid fs 0 body 1 pos 12,14 stuck 0
RC WALK 31 id 9 role raid pos 12,14 tgt 25,28 want SOUTH
RC POS 31 id 11 seat 4 role defend fs 0 body 1 pos 1,4 stuck 0
RC WALK 31 id 11 role defend pos 1,4 tgt 0,1 want NORTH
RC POS 31 id 15 seat 5 role raid fs 0 body 1 pos 17,14 stuck 0
RC WALK 31 id 15 role raid pos 17,14 tgt 28,25 want EAST
RC POS 32 id 3 seat 0 role raid fs 0 body 1 pos 16,20 stuck 0
RC WALK 32 id 3 role raid pos 16,20 tgt 25,25 want EAST
RC POS 32 id 5 seat 1 role expand fs 0 body 1 pos 10,2 stuck 0
RC WALK 32 id 5 role expand pos 10,2 tgt 10,3 want SOUTH
RC POS 32 id 7 seat 2 role expand fs 0 body 1 pos 3,8 stuck 0
RC WALK 32 id 7 role expand pos 3,8 tgt 3,6 want NORTH
RC POS 32 id 9 seat 3 role raid fs 0 body 1 pos 12,15 stuck 0
RC WALK 32 id 9 role raid pos 12,15 tgt 25,28 want EAST
RC POS 32 id 11 seat 4 role defend fs 0 body 1 pos 1,3 stuck 0
RC WALK 32 id 11 role defend pos 1,3 tgt 0,1 want NORTH
RC POS 32 id 15 seat 5 role raid fs 0 body 1 pos 18,14 stuck 0
RC WALK 32 id 15 role raid pos 18,14 tgt 28,25 want SOUTH
RC POS 33 id 3 seat 0 role raid fs 0 body 1 pos 17,20 stuck 0
RC WALK 33 id 3 role raid pos 17,20 tgt 25,25 want EAST
RC POS 33 id 5 seat 1 role expand fs 0 body 1 pos 10,3 stuck 0
V528 CONN r 33 id 5 at 11,3 chosen 6 best 0 regret 6 cands 3 role expand seat 1
RC POS 33 id 7 seat 2 role expand fs 0 body 1 pos 3,7 stuck 0
RC WALK 33 id 7 role expand pos 3,7 tgt 3,5 want NORTH
RC POS 33 id 9 seat 3 role raid fs 0 body 1 pos 13,15 stuck 0
RC WALK 33 id 9 role raid pos 13,15 tgt 25,28 want SOUTH
RC POS 33 id 11 seat 4 role defend fs 0 body 1 pos 1,2 stuck 0
RC WALK 33 id 11 role defend pos 1,2 tgt 0,1 want WEST
RC POS 33 id 15 seat 5 role raid fs 0 body 1 pos 18,15 stuck 0
RC WALK 33 id 15 role raid pos 18,15 tgt 28,25 want EAST
RC POS 34 id 3 seat 0 role raid fs 0 body 1 pos 18,20 stuck 0
RC POS 34 id 5 seat 1 role expand fs 0 body 1 pos 10,3 stuck 1
RC POS 34 id 7 seat 2 role expand fs 0 body 1 pos 3,6 stuck 0
RC WALK 34 id 7 role expand pos 3,6 tgt 3,4 want NORTH
RC POS 34 id 9 seat 3 role raid fs 0 body 1 pos 13,16 stuck 0
RC WALK 34 id 9 role raid pos 13,16 tgt 25,28 want EAST
RC POS 34 id 11 seat 4 role defend fs 0 body 1 pos 0,2 stuck 0
RC WALK 34 id 11 role defend pos 0,2 tgt 0,1 want NORTH
RC POS 34 id 15 seat 5 role raid fs 0 body 1 pos 19,15 stuck 0
RC WALK 34 id 15 role raid pos 19,15 tgt 28,25 want EAST
RC POS 35 id 3 seat 0 role raid fs 0 body 1 pos 18,20 stuck 1
RC WALK 35 id 3 role raid pos 18,20 tgt 25,25 want WEST
RC POS 35 id 5 seat 1 role expand fs 0 body 1 pos 10,3 stuck 2
RC POS 35 id 7 seat 2 role expand fs 0 body 1 pos 3,5 stuck 0
RC WALK 35 id 7 role expand pos 3,5 tgt 3,4 want NORTH
RC POS 35 id 9 seat 3 role raid fs 0 body 1 pos 14,16 stuck 0
RC WALK 35 id 9 role raid pos 14,16 tgt 25,28 want SOUTH
RC POS 35 id 11 seat 4 role defend fs 0 body 1 pos 0,1 stuck 0
RC WALK 35 id 11 role defend pos 0,1 tgt 1,0 want EAST
RC POS 35 id 15 seat 5 role raid fs 0 body 1 pos 20,15 stuck 0
RC WALK 35 id 15 role raid pos 20,15 tgt 28,25 want EAST
RC POS 36 id 3 seat 0 role raid fs 0 body 1 pos 17,20 stuck 0
RC WALK 36 id 3 role raid pos 17,20 tgt 25,25 want WEST
RC POS 36 id 5 seat 1 role expand fs 0 body 1 pos 9,3 stuck 0
RC POS 36 id 7 seat 2 role expand fs 0 body 1 pos 3,4 stuck 0
RC WALK 36 id 7 role expand pos 3,4 tgt 7,9 want SOUTH
RC POS 36 id 9 seat 3 role raid fs 0 body 1 pos 14,17 stuck 0
RC WALK 36 id 9 role raid pos 14,17 tgt 25,28 want EAST
RC POS 36 id 11 seat 4 role defend fs 0 body 1 pos 1,1 stuck 0
RC WALK 36 id 11 role defend pos 1,1 tgt 1,0 want NORTH
RC POS 36 id 15 seat 5 role raid fs 0 body 1 pos 21,15 stuck 0
RC WALK 36 id 15 role raid pos 21,15 tgt 28,25 want EAST
RC POS 37 id 3 seat 0 role raid fs 0 body 1 pos 16,20 stuck 0
RC WALK 37 id 3 role raid pos 16,20 tgt 25,25 want WEST
RC POS 37 id 5 seat 1 role expand fs 0 body 1 pos 9,3 stuck 1
RC POS 37 id 7 seat 2 role expand fs 0 body 1 pos 3,5 stuck 0
RC WALK 37 id 7 role expand pos 3,5 tgt 7,9 want SOUTH
RC POS 37 id 9 seat 3 role raid fs 0 body 1 pos 15,17 stuck 0
RC WALK 37 id 9 role raid pos 15,17 tgt 25,28 want SOUTH
RC POS 37 id 11 seat 4 role defend fs 0 body 1 pos 1,0 stuck 0
RC WALK 37 id 11 role defend pos 1,0 tgt 3,0 want EAST
RC POS 37 id 15 seat 5 role raid fs 0 body 1 pos 22,15 stuck 0
RC WALK 37 id 15 role raid pos 22,15 tgt 28,25 want SOUTH
RC POS 38 id 3 seat 0 role raid fs 0 body 1 pos 15,20 stuck 0
RC WALK 38 id 3 role raid pos 15,20 tgt 25,25 want SOUTH
RC POS 38 id 5 seat 1 role expand fs 0 body 1 pos 9,3 stuck 2
RC WALK 38 id 5 role expand pos 9,3 tgt 7,3 want WEST
RC POS 38 id 7 seat 2 role expand fs 0 body 1 pos 3,6 stuck 0
RC WALK 38 id 7 role expand pos 3,6 tgt 7,9 want SOUTH
RC POS 38 id 9 seat 3 role raid fs 0 body 1 pos 15,18 stuck 0
RC WALK 38 id 9 role raid pos 15,18 tgt 25,28 want SOUTH
RC POS 38 id 11 seat 4 role defend fs 0 body 1 pos 2,0 stuck 0
RC WALK 38 id 11 role defend pos 2,0 tgt 3,0 want EAST
RC POS 38 id 15 seat 5 role raid fs 0 body 1 pos 22,16 stuck 0
RC POS 39 id 3 seat 0 role raid fs 0 body 1 pos 15,21 stuck 0
RC WALK 39 id 3 role raid pos 15,21 tgt 25,25 want SOUTH
RC POS 39 id 5 seat 1 role expand fs 0 body 1 pos 8,3 stuck 0
RC POS 39 id 7 seat 2 role expand fs 0 body 1 pos 3,7 stuck 0
RC WALK 39 id 7 role expand pos 3,7 tgt 7,8 want SOUTH
RC POS 39 id 9 seat 3 role raid fs 0 body 1 pos 15,19 stuck 0
RC WALK 39 id 9 role raid pos 15,19 tgt 25,28 want SOUTH
RC POS 39 id 11 seat 4 role defend fs 0 body 1 pos 3,0 stuck 0
RC WALK 39 id 11 role defend pos 3,0 tgt 5,0 want EAST
RC POS 39 id 15 seat 5 role raid fs 0 body 1 pos 22,16 stuck 1
RC WALK 39 id 15 role raid pos 22,16 tgt 28,25 want EAST
RC POS 40 id 3 seat 0 role raid fs 0 body 1 pos 15,22 stuck 0
RC WALK 40 id 3 role raid pos 15,22 tgt 25,25 want EAST
RC POS 40 id 5 seat 1 role expand fs 0 body 1 pos 8,3 stuck 1
RC WALK 40 id 5 role expand pos 8,3 tgt 6,3 want WEST
RC POS 40 id 7 seat 2 role expand fs 0 body 1 pos 3,8 stuck 0
RC WALK 40 id 7 role expand pos 3,8 tgt 7,8 want EAST
RC POS 40 id 9 seat 3 role raid fs 0 body 1 pos 15,20 stuck 0
RC WALK 40 id 9 role raid pos 15,20 tgt 25,28 want SOUTH
RC POS 40 id 11 seat 4 role defend fs 0 body 1 pos 4,0 stuck 0
RC WALK 40 id 11 role defend pos 4,0 tgt 5,0 want EAST
RC POS 40 id 15 seat 5 role raid fs 0 body 1 pos 23,16 stuck 0
RC WALK 40 id 15 role raid pos 23,16 tgt 28,25 want SOUTH
RC POS 41 id 3 seat 0 role raid fs 0 body 1 pos 16,22 stuck 0
RC WALK 41 id 3 role raid pos 16,22 tgt 25,25 want EAST
RC POS 41 id 5 seat 1 role expand fs 0 body 1 pos 7,3 stuck 0
RC POS 41 id 7 seat 2 role expand fs 0 body 1 pos 4,8 stuck 0
RC WALK 41 id 7 role expand pos 4,8 tgt 7,8 want EAST
RC POS 41 id 9 seat 3 role raid fs 0 body 1 pos 15,21 stuck 0
RC WALK 41 id 9 role raid pos 15,21 tgt 25,28 want SOUTH
RC POS 41 id 11 seat 4 role defend fs 0 body 1 pos 5,0 stuck 0
RC WALK 41 id 11 role defend pos 5,0 tgt 5,2 want SOUTH
RC POS 41 id 15 seat 5 role raid fs 0 body 1 pos 23,17 stuck 0
RC WALK 41 id 15 role raid pos 23,17 tgt 25,25 want SOUTH
RC POS 42 id 3 seat 0 role raid fs 0 body 1 pos 17,22 stuck 0
RC WALK 42 id 3 role raid pos 17,22 tgt 25,25 want EAST
RC POS 42 id 5 seat 1 role expand fs 0 body 1 pos 7,3 stuck 1
RC WALK 42 id 5 role expand pos 7,3 tgt 5,3 want WEST
RC POS 42 id 7 seat 2 role expand fs 0 body 1 pos 5,8 stuck 0
RC WALK 42 id 7 role expand pos 5,8 tgt 7,8 want EAST
RC POS 42 id 9 seat 3 role raid fs 0 body 1 pos 15,22 stuck 0
RC WALK 42 id 9 role raid pos 15,22 tgt 25,28 want EAST
RC POS 42 id 11 seat 4 role defend fs 0 body 1 pos 5,1 stuck 0
RC WALK 42 id 11 role defend pos 5,1 tgt 5,2 want SOUTH
RC POS 42 id 15 seat 5 role raid fs 0 body 1 pos 23,18 stuck 0
RC WALK 42 id 15 role raid pos 23,18 tgt 25,25 want WEST
RC POS 43 id 3 seat 0 role raid fs 0 body 1 pos 18,22 stuck 0
RC WALK 43 id 3 role raid pos 18,22 tgt 25,25 want EAST
RC POS 43 id 5 seat 1 role expand fs 0 body 1 pos 6,3 stuck 0
RC POS 43 id 7 seat 2 role expand fs 0 body 1 pos 6,8 stuck 0
RC WALK 43 id 7 role expand pos 6,8 tgt 7,8 want EAST
RC POS 43 id 9 seat 3 role raid fs 0 body 1 pos 16,22 stuck 0
RC WALK 43 id 9 role raid pos 16,22 tgt 25,28 want EAST
RC POS 43 id 11 seat 4 role defend fs 0 body 1 pos 5,2 stuck 0
RC WALK 43 id 11 role defend pos 5,2 tgt 6,4 want SOUTH
RC POS 43 id 15 seat 5 role raid fs 0 body 1 pos 22,18 stuck 0
RC WALK 43 id 15 role raid pos 22,18 tgt 25,25 want SOUTH
RC POS 44 id 3 seat 0 role raid fs 0 body 1 pos 19,22 stuck 0
RC WALK 44 id 3 role raid pos 19,22 tgt 25,25 want EAST
RC POS 44 id 5 seat 1 role expand fs 0 body 1 pos 6,3 stuck 1
RC WALK 44 id 5 role expand pos 6,3 tgt 4,3 want EAST
RC POS 44 id 7 seat 2 role expand fs 0 body 1 pos 7,8 stuck 0
RC WALK 44 id 7 role expand pos 7,8 tgt 7,9 want SOUTH
RC POS 44 id 9 seat 3 role raid fs 0 body 1 pos 17,22 stuck 0
RC WALK 44 id 9 role raid pos 17,22 tgt 25,25 want EAST
RC POS 44 id 11 seat 4 role defend fs 0 body 1 pos 5,3 stuck 0
RC POS 44 id 15 seat 5 role raid fs 0 body 1 pos 22,19 stuck 0
RC WALK 44 id 15 role raid pos 22,19 tgt 25,25 want WEST
RC POS 45 id 3 seat 0 role raid fs 0 body 1 pos 20,22 stuck 0
RC WALK 45 id 3 role raid pos 20,22 tgt 25,25 want EAST
RC POS 45 id 5 seat 1 role expand fs 0 body 1 pos 7,3 stuck 0
RC WALK 45 id 5 role expand pos 7,3 tgt 4,3 want NORTH
RC POS 45 id 7 seat 2 role expand fs 0 body 1 pos 7,9 stuck 0
RC WALK 45 id 7 role expand pos 7,9 tgt 7,8 want NORTH
RC POS 45 id 9 seat 3 role raid fs 0 body 1 pos 18,22 stuck 0
RC WALK 45 id 9 role raid pos 18,22 tgt 25,25 want EAST
RC POS 45 id 11 seat 4 role defend fs 0 body 1 pos 5,3 stuck 1
RC WALK 45 id 11 role defend pos 5,3 tgt 6,4 want EAST
RC POS 45 id 15 seat 5 role raid fs 0 body 1 pos 21,19 stuck 0
RC WALK 45 id 15 role raid pos 21,19 tgt 25,25 want EAST
RC POS 46 id 3 seat 0 role raid fs 0 body 1 pos 21,22 stuck 0
RC WALK 46 id 3 role raid pos 21,22 tgt 25,25 want SOUTH
RC POS 46 id 5 seat 1 role expand fs 0 body 1 pos 7,2 stuck 0
RC WALK 46 id 5 role expand pos 7,2 tgt 4,3 want NORTH
RC POS 46 id 7 seat 2 role expand fs 0 body 1 pos 7,8 stuck 0
RC WALK 46 id 7 role expand pos 7,8 tgt 7,9 want SOUTH
RC POS 46 id 9 seat 3 role raid fs 0 body 1 pos 19,22 stuck 0
RC WALK 46 id 9 role raid pos 19,22 tgt 25,25 want SOUTH
RC POS 46 id 11 seat 4 role defend fs 0 body 1 pos 6,3 stuck 0
RC WALK 46 id 11 role defend pos 6,3 tgt 6,4 want SOUTH
RC POS 46 id 15 seat 5 role raid fs 0 body 1 pos 22,19 stuck 0
RC WALK 46 id 15 role raid pos 22,19 tgt 25,25 want NORTH
RC POS 47 id 3 seat 0 role raid fs 0 body 1 pos 21,23 stuck 0
RC WALK 47 id 3 role raid pos 21,23 tgt 25,25 want EAST
RC POS 47 id 5 seat 1 role expand fs 0 body 1 pos 7,1 stuck 0
RC WALK 47 id 5 role expand pos 7,1 tgt 4,3 want WEST
RC POS 47 id 7 seat 2 role expand fs 0 body 1 pos 7,9 stuck 0
RC WALK 47 id 7 role expand pos 7,9 tgt 7,8 want NORTH
RC POS 47 id 9 seat 3 role raid fs 0 body 1 pos 19,23 stuck 0
RC WALK 47 id 9 role raid pos 19,23 tgt 25,25 want SOUTH
RC POS 47 id 11 seat 4 role defend fs 0 body 1 pos 6,4 stuck 0
RC WALK 47 id 11 role defend pos 6,4 tgt 3,6 want WEST
RC POS 47 id 15 seat 5 role raid fs 0 body 1 pos 22,18 stuck 0
RC WALK 47 id 15 role raid pos 22,18 tgt 25,25 want SOUTH
RC POS 48 id 3 seat 0 role raid fs 0 body 1 pos 22,23 stuck 0
RC WALK 48 id 3 role raid pos 22,23 tgt 25,28 want SOUTH
RC POS 48 id 5 seat 1 role expand fs 0 body 1 pos 6,1 stuck 0
RC WALK 48 id 5 role expand pos 6,1 tgt 4,3 want WEST
RC POS 48 id 7 seat 2 role expand fs 0 body 1 pos 7,8 stuck 0
V528 CONN r 48 id 7 at 7,9 chosen 0 best 0 regret 0 cands 3 role expand seat 2
RC POS 48 id 9 seat 3 role raid fs 0 body 1 pos 19,24 stuck 0
RC WALK 48 id 9 role raid pos 19,24 tgt 25,25 want SOUTH
RC POS 48 id 11 seat 4 role defend fs 0 body 1 pos 5,4 stuck 0
RC WALK 48 id 11 role defend pos 5,4 tgt 3,6 want NORTH
RC POS 48 id 15 seat 5 role raid fs 0 body 1 pos 22,19 stuck 0
RC WALK 48 id 15 role raid pos 22,19 tgt 25,25 want WEST
RC POS 49 id 3 seat 0 role raid fs 0 body 1 pos 22,24 stuck 0
RC WALK 49 id 3 role raid pos 22,24 tgt 25,28 want SOUTH
RC POS 49 id 5 seat 1 role expand fs 0 body 1 pos 5,1 stuck 0
RC WALK 49 id 5 role expand pos 5,1 tgt 4,3 want SOUTH
RC POS 49 id 7 seat 2 role expand fs 0 body 1 pos 7,8 stuck 1
RC WALK 49 id 7 role expand pos 7,8 tgt 5,8 want WEST
RC POS 49 id 9 seat 3 role raid fs 0 body 1 pos 19,25 stuck 0
RC WALK 49 id 9 role raid pos 19,25 tgt 25,25 want SOUTH
RC POS 49 id 11 seat 4 role defend fs 0 body 1 pos 5,3 stuck 0
RC WALK 49 id 11 role defend pos 5,3 tgt 3,6 want WEST
RC POS 49 id 15 seat 5 role raid fs 0 body 1 pos 21,19 stuck 0
RC WALK 49 id 15 role raid pos 21,19 tgt 25,25 want SOUTH
RC POS 50 id 3 seat 0 role raid fs 0 body 1 pos 22,25 stuck 0
RC WALK 50 id 3 role raid pos 22,25 tgt 25,28 want EAST
RC POS 50 id 5 seat 1 role expand fs 0 body 1 pos 5,2 stuck 0
RC WALK 50 id 5 role expand pos 5,2 tgt 4,3 want WEST
RC POS 50 id 7 seat 2 role expand fs 0 body 1 pos 6,8 stuck 0
RC WALK 50 id 7 role expand pos 6,8 tgt 4,8 want WEST
RC POS 50 id 9 seat 3 role raid fs 0 body 1 pos 19,26 stuck 0
RC WALK 50 id 9 role raid pos 19,26 tgt 25,25 want EAST
RC POS 50 id 11 seat 4 role defend fs 0 body 1 pos 4,3 stuck 0
RC WALK 50 id 11 role defend pos 4,3 tgt 3,6 want EAST
RC POS 50 id 15 seat 5 role raid fs 0 body 1 pos 21,20 stuck 0
RC WALK 50 id 15 role raid pos 21,20 tgt 25,25 want SOUTH
RC POS 51 id 3 seat 0 role raid fs 0 body 1 pos 23,25 stuck 0
RC WALK 51 id 3 role raid pos 23,25 tgt 25,28 want SOUTH
RC POS 51 id 5 seat 1 role expand fs 0 body 1 pos 4,2 stuck 0
RC WALK 51 id 5 role expand pos 4,2 tgt 4,3 want SOUTH
RC POS 51 id 7 seat 2 role expand fs 0 body 1 pos 5,8 stuck 0
RC WALK 51 id 7 role expand pos 5,8 tgt 3,8 want WEST
RC POS 51 id 9 seat 3 role raid fs 0 body 1 pos 20,26 stuck 0
RC WALK 51 id 9 role raid pos 20,26 tgt 25,25 want EAST
RC POS 51 id 11 seat 4 role defend fs 0 body 1 pos 5,3 stuck 0
RC WALK 51 id 11 role defend pos 5,3 tgt 3,6 want NORTH
RC POS 51 id 15 seat 5 role raid fs 0 body 1 pos 21,21 stuck 0
RC WALK 51 id 15 role raid pos 21,21 tgt 25,25 want SOUTH
RC POS 52 id 3 seat 0 role raid fs 0 body 1 pos 23,26 stuck 0
RC WALK 52 id 3 role raid pos 23,26 tgt 25,28 want EAST
RC POS 52 id 5 seat 1 role expand fs 0 body 1 pos 4,3 stuck 0
RC WALK 52 id 5 role expand pos 4,3 tgt 11,3 want EAST
RC POS 52 id 7 seat 2 role expand fs 0 body 1 pos 4,8 stuck 0
RC WALK 52 id 7 role expand pos 4,8 tgt 3,7 want WEST
RC POS 52 id 9 seat 3 role raid fs 0 body 1 pos 21,26 stuck 0
RC POS 52 id 11 seat 4 role defend fs 0 body 1 pos 5,2 stuck 0
RC WALK 52 id 11 role defend pos 5,2 tgt 3,6 want WEST
RC POS 52 id 15 seat 5 role raid fs 0 body 1 pos 21,22 stuck 0
RC WALK 52 id 15 role raid pos 21,22 tgt 25,25 want SOUTH
RC POS 53 id 3 seat 0 role raid fs 0 body 1 pos 24,26 stuck 0
RC POS 53 id 5 seat 1 role expand fs 0 body 1 pos 5,3 stuck 0
RC WALK 53 id 5 role expand pos 5,3 tgt 11,3 want EAST
RC POS 53 id 7 seat 2 role expand fs 0 body 1 pos 3,8 stuck 0
RC WALK 53 id 7 role expand pos 3,8 tgt 3,6 want NORTH
RC POS 53 id 9 seat 3 role raid fs 0 body 1 pos 21,26 stuck 1
RC WALK 53 id 9 role raid pos 21,26 tgt 25,25 want EAST
RC POS 53 id 11 seat 4 role defend fs 0 body 1 pos 4,2 stuck 0
RC WALK 53 id 11 role defend pos 4,2 tgt 3,6 want NORTH
RC POS 53 id 15 seat 5 role raid fs 0 body 1 pos 21,23 stuck 0
RC WALK 53 id 15 role raid pos 21,23 tgt 25,28 want SOUTH
RC POS 54 id 3 seat 0 role raid fs 0 body 1 pos 24,26 stuck 1
RC WALK 54 id 3 role raid pos 24,26 tgt 25,28 want SOUTH
RC POS 54 id 5 seat 1 role expand fs 0 body 1 pos 6,3 stuck 0
RC WALK 54 id 5 role expand pos 6,3 tgt 11,3 want EAST
RC POS 54 id 7 seat 2 role expand fs 0 body 1 pos 3,7 stuck 0
RC WALK 54 id 7 role expand pos 3,7 tgt 3,5 want NORTH
RC POS 54 id 9 seat 3 role raid fs 0 body 1 pos 22,26 stuck 0
RC WALK 54 id 9 role raid pos 22,26 tgt 25,25 want EAST
RC POS 54 id 11 seat 4 role defend fs 0 body 1 pos 4,1 stuck 0
RC WALK 54 id 11 role defend pos 4,1 tgt 3,6 want WEST
RC POS 54 id 15 seat 5 role raid fs 0 body 1 pos 21,24 stuck 0
RC WALK 54 id 15 role raid pos 21,24 tgt 25,28 want EAST
RC POS 55 id 3 seat 0 role raid fs 0 body 1 pos 24,27 stuck 0
RC WALK 55 id 3 role raid pos 24,27 tgt 25,28 want EAST
RC POS 55 id 5 seat 1 role expand fs 0 body 1 pos 7,3 stuck 0
RC WALK 55 id 5 role expand pos 7,3 tgt 10,3 want EAST
RC POS 55 id 7 seat 2 role expand fs 0 body 1 pos 3,6 stuck 0
RC WALK 55 id 7 role expand pos 3,6 tgt 3,4 want NORTH
RC POS 55 id 9 seat 3 role raid fs 0 body 1 pos 23,26 stuck 0
RC WALK 55 id 9 role raid pos 23,26 tgt 25,25 want EAST
RC POS 55 id 11 seat 4 role defend fs 0 body 1 pos 3,1 stuck 0
RC WALK 55 id 11 role defend pos 3,1 tgt 3,6 want WEST
RC POS 55 id 15 seat 5 role raid fs 0 body 1 pos 22,24 stuck 0
RC WALK 55 id 15 role raid pos 22,24 tgt 25,28 want SOUTH
RC POS 56 id 3 seat 0 role raid fs 0 body 1 pos 25,27 stuck 0
RC WALK 56 id 3 role raid pos 25,27 tgt 25,28 want SOUTH
RC POS 56 id 5 seat 1 role expand fs 0 body 1 pos 8,3 stuck 0
RC WALK 56 id 5 role expand pos 8,3 tgt 10,3 want EAST
RC POS 56 id 7 seat 2 role expand fs 0 body 1 pos 3,5 stuck 0
RC WALK 56 id 7 role expand pos 3,5 tgt 3,4 want NORTH
RC POS 56 id 9 seat 3 role raid fs 0 body 1 pos 24,26 stuck 0
RC WALK 56 id 9 role raid pos 24,26 tgt 28,25 want SOUTH
RC POS 56 id 11 seat 4 role defend fs 0 body 1 pos 2,1 stuck 0
RC WALK 56 id 11 role defend pos 2,1 tgt 4,1 want EAST
RC POS 56 id 15 seat 5 role raid fs 0 body 1 pos 22,25 stuck 0
RC WALK 56 id 15 role raid pos 22,25 tgt 25,28 want SOUTH
RC POS 57 id 3 seat 0 role raid fs 0 body 1 pos 25,28 stuck 0
RC POS 57 id 5 seat 1 role expand fs 0 body 1 pos 9,3 stuck 0
RC WALK 57 id 5 role expand pos 9,3 tgt 10,3 want EAST
RC POS 57 id 7 seat 2 role expand fs 0 body 1 pos 3,4 stuck 0
RC WALK 57 id 7 role expand pos 3,4 tgt 7,9 want SOUTH
RC POS 57 id 9 seat 3 role raid fs 0 body 1 pos 24,27 stuck 0
RC WALK 57 id 9 role raid pos 24,27 tgt 28,25 want SOUTH
RC POS 57 id 11 seat 4 role defend fs 0 body 1 pos 3,1 stuck 0
RC WALK 57 id 11 role defend pos 3,1 tgt 4,0 want EAST
RC POS 57 id 15 seat 5 role raid fs 0 body 1 pos 22,26 stuck 0
RC WALK 57 id 15 role raid pos 22,26 tgt 25,28 want EAST
RC POS 58 id 3 seat 0 role raid fs 0 body 1 pos 25,28 stuck 1
RC POS 58 id 5 seat 1 role expand fs 0 body 1 pos 10,3 stuck 0
RC WALK 58 id 5 role expand pos 10,3 tgt 11,3 want EAST
RC POS 58 id 7 seat 2 role expand fs 0 body 1 pos 3,5 stuck 0
RC WALK 58 id 7 role expand pos 3,5 tgt 7,9 want SOUTH
RC POS 58 id 9 seat 3 role raid fs 0 body 1 pos 24,28 stuck 0
RC WALK 58 id 9 role raid pos 24,28 tgt 28,25 want SOUTH
RC POS 58 id 11 seat 4 role defend fs 0 body 1 pos 4,1 stuck 0
RC WALK 58 id 11 role defend pos 4,1 tgt 4,2 want CENTRE
RC POS 58 id 15 seat 5 role raid fs 0 body 1 pos 23,26 stuck 0
RC WALK 58 id 15 role raid pos 23,26 tgt 25,28 want EAST
RC POS 59 id 3 seat 0 role raid fs 0 body 1 pos 25,28 stuck 1
RC POS 59 id 5 seat 1 role expand fs 0 body 1 pos 11,3 stuck 0
RC WALK 59 id 5 role expand pos 11,3 tgt 10,3 want WEST
RC POS 59 id 7 seat 2 role expand fs 0 body 1 pos 3,6 stuck 0
RC WALK 59 id 7 role expand pos 3,6 tgt 7,9 want SOUTH
RC POS 59 id 9 seat 3 role raid fs 0 body 1 pos 24,29 stuck 0
RC WALK 59 id 9 role raid pos 24,29 tgt 28,25 want EAST
RC POS 59 id 11 seat 4 role defend fs 0 body 1 pos 4,1 stuck 1
RC WALK 59 id 11 role defend pos 4,1 tgt 4,2 want CENTRE
RC POS 59 id 15 seat 5 role raid fs 0 body 1 pos 24,26 stuck 0
RC WALK 59 id 15 role raid pos 24,26 tgt 25,27 want SOUTH
RC POS 60 id 3 seat 0 role raid fs 0 body 1 pos 25,28 stuck 1
RC WALK 60 id 3 role raid pos 25,28 tgt 28,28 want WEST
RC POS 60 id 5 seat 1 role expand fs 0 body 1 pos 10,3 stuck 0
RC WALK 60 id 5 role expand pos 10,3 tgt 11,3 want EAST
RC POS 60 id 7 seat 2 role expand fs 0 body 1 pos 3,7 stuck 0
RC WALK 60 id 7 role expand pos 3,7 tgt 7,8 want SOUTH
RC POS 60 id 9 seat 3 role raid fs 0 body 1 pos 25,29 stuck 0
RC WALK 60 id 9 role raid pos 25,29 tgt 28,25 want EAST
RC POS 60 id 11 seat 4 role defend fs 0 body 1 pos 4,1 stuck 2
RC WALK 60 id 11 role defend pos 4,1 tgt 4,2 want CENTRE
RC POS 60 id 15 seat 5 role raid fs 0 body 1 pos 24,27 stuck 0
RC WALK 60 id 15 role raid pos 24,27 tgt 25,27 want EAST
RC POS 61 id 3 seat 0 role raid fs 0 body 1 pos 24,28 stuck 0
RC WALK 61 id 3 role raid pos 24,28 tgt 28,28 want NORTH
RC POS 61 id 5 seat 1 role expand fs 0 body 1 pos 11,3 stuck 0
RC WALK 61 id 5 role expand pos 11,3 tgt 10,3 want WEST
RC POS 61 id 7 seat 2 role expand fs 0 body 1 pos 3,8 stuck 0
RC WALK 61 id 7 role expand pos 3,8 tgt 7,8 want EAST
RC POS 61 id 9 seat 3 role raid fs 0 body 1 pos 26,29 stuck 0
RC WALK 61 id 9 role raid pos 26,29 tgt 28,25 want EAST
RC POS 61 id 11 seat 4 role defend fs 0 body 1 pos 4,1 stuck 3
RC WALK 61 id 11 role defend pos 4,1 tgt 4,2 want CENTRE
RC POS 61 id 15 seat 5 role raid fs 0 body 1 pos 25,27 stuck 0
RC POS 62 id 3 seat 0 role raid fs 0 body 1 pos 24,27 stuck 0
RC WALK 62 id 3 role raid pos 24,27 tgt 28,28 want NORTH
RC POS 62 id 5 seat 1 role expand fs 0 body 1 pos 10,3 stuck 0
RC WALK 62 id 5 role expand pos 10,3 tgt 11,3 want EAST
RC POS 62 id 7 seat 2 role expand fs 0 body 1 pos 4,8 stuck 0
RC WALK 62 id 7 role expand pos 4,8 tgt 7,8 want EAST
RC POS 62 id 9 seat 3 role raid fs 0 body 1 pos 27,29 stuck 0
RC POS 62 id 11 seat 4 role defend fs 0 body 1 pos 4,1 stuck 4
RC WALK 62 id 11 role defend pos 4,1 tgt 4,2 want CENTRE
RC POS 62 id 15 seat 5 role raid fs 0 body 1 pos 25,27 stuck 1
RC POS 63 id 3 seat 0 role raid fs 0 body 1 pos 24,26 stuck 0
RC WALK 63 id 3 role raid pos 24,26 tgt 28,28 want NORTH
RC POS 63 id 5 seat 1 role expand fs 0 body 1 pos 11,3 stuck 0
RC WALK 63 id 5 role expand pos 11,3 tgt 10,3 want WEST
RC POS 63 id 7 seat 2 role expand fs 0 body 1 pos 5,8 stuck 0
RC WALK 63 id 7 role expand pos 5,8 tgt 7,8 want EAST
RC POS 63 id 9 seat 3 role raid fs 0 body 1 pos 27,29 stuck 1
RC WALK 63 id 9 role raid pos 27,29 tgt 28,28 want EAST
RC POS 63 id 11 seat 4 role defend fs 0 body 1 pos 4,1 stuck 5
RC WALK 63 id 11 role defend pos 4,1 tgt 0,7 want NORTH
RC POS 63 id 15 seat 5 role raid fs 0 body 1 pos 25,27 stuck 1
RC POS 64 id 3 seat 0 role raid fs 0 body 1 pos 24,25 stuck 0
RC WALK 64 id 3 role raid pos 24,25 tgt 28,28 want SOUTH
RC POS 64 id 5 seat 1 role expand fs 0 body 1 pos 10,3 stuck 0
RC WALK 64 id 5 role expand pos 10,3 tgt 11,3 want EAST
RC POS 64 id 7 seat 2 role expand fs 0 body 1 pos 6,8 stuck 0
RC WALK 64 id 7 role expand pos 6,8 tgt 7,8 want EAST
RC POS 64 id 9 seat 3 role raid fs 0 body 1 pos 28,29 stuck 0
RC WALK 64 id 9 role raid pos 28,29 tgt 28,28 want NORTH
RC POS 64 id 11 seat 4 role defend fs 0 body 1 pos 4,0 stuck 0
RC WALK 64 id 11 role defend pos 4,0 tgt 0,7 want WEST
RC POS 64 id 15 seat 5 role raid fs 0 body 1 pos 25,27 stuck 1
RC POS 65 id 3 seat 0 role raid fs 0 body 1 pos 24,26 stuck 0
RC WALK 65 id 3 role raid pos 24,26 tgt 28,28 want WEST
RC POS 65 id 5 seat 1 role expand fs 0 body 1 pos 11,3 stuck 0
RC WALK 65 id 5 role expand pos 11,3 tgt 10,3 want WEST
RC POS 65 id 7 seat 2 role expand fs 0 body 1 pos 7,8 stuck 0
RC WALK 65 id 7 role expand pos 7,8 tgt 7,9 want SOUTH
RC POS 65 id 9 seat 3 role raid fs 0 body 1 pos 28,28 stuck 0
RC POS 65 id 11 seat 4 role defend fs 0 body 1 pos 3,0 stuck 0
RC WALK 65 id 11 role defend pos 3,0 tgt 0,7 want WEST
RC POS 65 id 15 seat 5 role raid fs 0 body 1 pos 25,27 stuck 1
RC POS 66 id 3 seat 0 role raid fs 0 body 1 pos 23,26 stuck 0
RC WALK 66 id 3 role raid pos 23,26 tgt 28,25 want SOUTH
RC POS 66 id 5 seat 1 role expand fs 0 body 1 pos 10,3 stuck 0
RC WALK 66 id 5 role expand pos 10,3 tgt 11,3 want EAST
RC POS 66 id 7 seat 2 role expand fs 0 body 1 pos 7,9 stuck 0
RC WALK 66 id 7 role expand pos 7,9 tgt 7,8 want NORTH
RC POS 66 id 9 seat 3 role raid fs 0 body 1 pos 28,28 stuck 1
RC POS 66 id 11 seat 4 role defend fs 0 body 1 pos 2,0 stuck 0
RC WALK 66 id 11 role defend pos 2,0 tgt 0,7 want EAST
RC POS 66 id 15 seat 5 role raid fs 0 body 1 pos 25,27 stuck 1
RC POS 67 id 3 seat 0 role raid fs 0 body 1 pos 23,27 stuck 0
RC WALK 67 id 3 role raid pos 23,27 tgt 28,25 want SOUTH
RC POS 67 id 5 seat 1 role expand fs 0 body 1 pos 11,3 stuck 0
RC WALK 67 id 5 role expand pos 11,3 tgt 10,3 want WEST
RC POS 67 id 7 seat 2 role expand fs 0 body 1 pos 7,8 stuck 0
RC WALK 67 id 7 role expand pos 7,8 tgt 7,9 want SOUTH
RC POS 67 id 9 seat 3 role raid fs 0 body 1 pos 28,28 stuck 1
RC POS 67 id 11 seat 4 role defend fs 0 body 1 pos 3,0 stuck 0
RC WALK 67 id 11 role defend pos 3,0 tgt 0,7 want EAST
RC POS 67 id 15 seat 5 role raid fs 0 body 1 pos 25,27 stuck 1
RC POS 68 id 3 seat 0 role raid fs 0 body 1 pos 23,28 stuck 0
RC WALK 68 id 3 role raid pos 23,28 tgt 28,25 want EAST
RC POS 68 id 5 seat 1 role expand fs 0 body 1 pos 10,3 stuck 0
RC WALK 68 id 5 role expand pos 10,3 tgt 11,3 want EAST
RC POS 68 id 7 seat 2 role expand fs 0 body 1 pos 7,9 stuck 0
RC WALK 68 id 7 role expand pos 7,9 tgt 7,8 want NORTH
RC POS 68 id 9 seat 3 role raid fs 0 body 1 pos 28,28 stuck 1
RC POS 68 id 11 seat 4 role defend fs 0 body 1 pos 4,0 stuck 0
RC WALK 68 id 11 role defend pos 4,0 tgt 0,7 want WEST
RC POS 68 id 15 seat 5 role raid fs 0 body 1 pos 25,27 stuck 1
RC POS 69 id 3 seat 0 role raid fs 0 body 1 pos 24,28 stuck 0
RC WALK 69 id 3 role raid pos 24,28 tgt 28,25 want SOUTH
RC POS 69 id 7 seat 2 role expand fs 0 body 1 pos 7,8 stuck 0
RC WALK 69 id 7 role expand pos 7,8 tgt 7,9 want SOUTH
RC POS 69 id 9 seat 3 role raid fs 0 body 1 pos 28,28 stuck 1
RC WALK 69 id 9 role raid pos 28,28 tgt 28,25 want EAST
RC POS 69 id 11 seat 4 role defend fs 0 body 1 pos 3,0 stuck 0
RC WALK 69 id 11 role defend pos 3,0 tgt 0,7 want WEST
RC POS 69 id 15 seat 5 role raid fs 0 body 1 pos 25,27 stuck 1
RC POS 70 id 3 seat 0 role raid fs 0 body 1 pos 24,29 stuck 0
RC WALK 70 id 3 role raid pos 24,29 tgt 28,25 want EAST
RC POS 70 id 7 seat 2 role expand fs 0 body 1 pos 7,9 stuck 0
RC WALK 70 id 7 role expand pos 7,9 tgt 7,8 want NORTH
RC POS 70 id 9 seat 3 role raid fs 0 body 1 pos 29,28 stuck 0
RC WALK 70 id 9 role raid pos 29,28 tgt 28,25 want NORTH
RC POS 70 id 11 seat 4 role defend fs 0 body 1 pos 2,0 stuck 0
RC WALK 70 id 11 role defend pos 2,0 tgt 0,7 want WEST
RC POS 70 id 15 seat 5 role raid fs 0 body 1 pos 25,27 stuck 1
RC POS 71 id 3 seat 0 role raid fs 0 body 1 pos 25,29 stuck 0
RC WALK 71 id 3 role raid pos 25,29 tgt 28,25 want WEST
RC POS 71 id 7 seat 2 role expand fs 0 body 1 pos 7,8 stuck 0
RC WALK 71 id 7 role expand pos 7,8 tgt 7,9 want SOUTH
RC POS 71 id 9 seat 3 role raid fs 0 body 1 pos 29,27 stuck 0
RC WALK 71 id 9 role raid pos 29,27 tgt 28,25 want NORTH
RC POS 71 id 11 seat 4 role defend fs 0 body 1 pos 1,0 stuck 0
RC WALK 71 id 11 role defend pos 1,0 tgt 0,7 want SOUTH
RC POS 71 id 15 seat 5 role raid fs 0 body 1 pos 25,27 stuck 1
RC POS 72 id 3 seat 0 role raid fs 0 body 1 pos 24,29 stuck 0
RC WALK 72 id 3 role raid pos 24,29 tgt 28,25 want EAST
RC POS 72 id 9 seat 3 role raid fs 0 body 1 pos 29,26 stuck 0
RC POS 72 id 11 seat 4 role defend fs 0 body 1 pos 1,1 stuck 0
RC WALK 72 id 11 role defend pos 1,1 tgt 0,7 want WEST
RC POS 72 id 15 seat 5 role raid fs 0 body 1 pos 25,27 stuck 1
RC POS 73 id 3 seat 0 role raid fs 0 body 1 pos 25,29 stuck 0
RC WALK 73 id 3 role raid pos 25,29 tgt 28,25 want EAST
RC POS 73 id 9 seat 3 role raid fs 0 body 1 pos 29,26 stuck 1
RC WALK 73 id 9 role raid pos 29,26 tgt 28,25 want NORTH
RC POS 73 id 11 seat 4 role defend fs 0 body 1 pos 0,1 stuck 0
RC WALK 73 id 11 role defend pos 0,1 tgt 0,7 want SOUTH
RC POS 73 id 15 seat 5 role raid fs 0 body 1 pos 25,27 stuck 1
RC POS 74 id 3 seat 0 role raid fs 0 body 1 pos 26,29 stuck 0
RC WALK 74 id 3 role raid pos 26,29 tgt 28,25 want EAST
RC POS 74 id 9 seat 3 role raid fs 0 body 1 pos 29,25 stuck 0
RC WALK 74 id 9 role raid pos 29,25 tgt 28,25 want WEST
RC POS 74 id 11 seat 4 role defend fs 0 body 1 pos 0,2 stuck 0
RC POS 74 id 15 seat 5 role raid fs 0 body 1 pos 25,27 stuck 1
RC POS 75 id 3 seat 0 role raid fs 0 body 1 pos 27,29 stuck 0
RC WALK 75 id 3 role raid pos 27,29 tgt 28,25 want EAST
RC POS 75 id 9 seat 3 role raid fs 0 body 1 pos 28,25 stuck 0
RC WALK 75 id 9 role raid pos 28,25 tgt 27,25 want WEST
RC POS 75 id 11 seat 4 role defend fs 0 body 1 pos 0,2 stuck 1
RC WALK 75 id 11 role defend pos 0,2 tgt 0,7 want NORTH
RC POS 75 id 15 seat 5 role raid fs 0 body 1 pos 25,27 stuck 1
RC POS 76 id 3 seat 0 role raid fs 0 body 1 pos 28,29 stuck 0
RC WALK 76 id 3 role raid pos 28,29 tgt 28,25 want NORTH
RC POS 76 id 9 seat 3 role raid fs 0 body 1 pos 27,25 stuck 0
RC POS 76 id 11 seat 4 role defend fs 0 body 1 pos 0,1 stuck 0
RC WALK 76 id 11 role defend pos 0,1 tgt 0,7 want EAST
RC POS 76 id 15 seat 5 role raid fs 0 body 1 pos 25,27 stuck 1
RC POS 77 id 3 seat 0 role raid fs 0 body 1 pos 28,28 stuck 0
RC WALK 77 id 3 role raid pos 28,28 tgt 28,25 want EAST
RC POS 77 id 9 seat 3 role raid fs 0 body 1 pos 27,25 stuck 1
RC POS 77 id 11 seat 4 role defend fs 0 body 1 pos 1,1 stuck 0
RC WALK 77 id 11 role defend pos 1,1 tgt 0,7 want NORTH
RC POS 77 id 15 seat 5 role raid fs 0 body 1 pos 25,27 stuck 1
RC POS 78 id 3 seat 0 role raid fs 0 body 1 pos 29,28 stuck 0
RC WALK 78 id 3 role raid pos 29,28 tgt 26,25 want NORTH
RC POS 78 id 9 seat 3 role raid fs 0 body 1 pos 27,25 stuck 1
RC POS 78 id 11 seat 4 role defend fs 0 body 1 pos 1,0 stuck 0
RC WALK 78 id 11 role defend pos 1,0 tgt 0,7 want EAST
RC POS 78 id 15 seat 5 role raid fs 0 body 1 pos 25,27 stuck 1
RC POS 79 id 3 seat 0 role raid fs 0 body 1 pos 29,27 stuck 0
RC WALK 79 id 3 role raid pos 29,27 tgt 26,25 want NORTH
RC POS 79 id 9 seat 3 role raid fs 0 body 1 pos 27,25 stuck 1
RC POS 79 id 11 seat 4 role defend fs 0 body 1 pos 2,0 stuck 0
RC WALK 79 id 11 role defend pos 2,0 tgt 0,7 want EAST
RC POS 79 id 15 seat 5 role raid fs 0 body 1 pos 25,27 stuck 1
RC POS 80 id 3 seat 0 role raid fs 0 body 1 pos 29,26 stuck 0
RC WALK 80 id 3 role raid pos 29,26 tgt 26,25 want NORTH
RC POS 80 id 9 seat 3 role raid fs 0 body 1 pos 27,25 stuck 1
RC POS 80 id 11 seat 4 role defend fs 0 body 1 pos 3,0 stuck 0
RC WALK 80 id 11 role defend pos 3,0 tgt 0,7 want EAST
RC POS 80 id 15 seat 5 role raid fs 0 body 1 pos 25,27 stuck 1
RC POS 81 id 3 seat 0 role raid fs 0 body 1 pos 29,25 stuck 0
RC WALK 81 id 3 role raid pos 29,25 tgt 26,25 want WEST
RC POS 81 id 9 seat 3 role raid fs 0 body 1 pos 27,25 stuck 1
RC POS 81 id 11 seat 4 role defend fs 0 body 1 pos 4,0 stuck 0
RC WALK 81 id 11 role defend pos 4,0 tgt 0,7 want WEST
RC POS 81 id 15 seat 5 role raid fs 0 body 1 pos 25,27 stuck 1
RC POS 82 id 3 seat 0 role raid fs 0 body 1 pos 28,25 stuck 0
RC WALK 82 id 3 role raid pos 28,25 tgt 26,25 want NORTH
RC POS 82 id 9 seat 3 role raid fs 0 body 1 pos 27,25 stuck 1
RC POS 82 id 11 seat 4 role defend fs 0 body 1 pos 3,0 stuck 0
RC WALK 82 id 11 role defend pos 3,0 tgt 4,2 want EAST
RC POS 82 id 15 seat 5 role raid fs 0 body 1 pos 25,27 stuck 1
RC POS 83 id 3 seat 0 role raid fs 0 body 1 pos 28,24 stuck 0
RC WALK 83 id 3 role raid pos 28,24 tgt 26,25 want WEST
RC POS 83 id 9 seat 3 role raid fs 0 body 1 pos 27,25 stuck 1
RC POS 83 id 11 seat 4 role defend fs 0 body 1 pos 4,0 stuck 0
RC WALK 83 id 11 role defend pos 4,0 tgt 4,2 want SOUTH
RC POS 83 id 15 seat 5 role raid fs 0 body 1 pos 25,27 stuck 1
RC POS 84 id 3 seat 0 role raid fs 0 body 1 pos 27,24 stuck 0
RC WALK 84 id 3 role raid pos 27,24 tgt 26,25 want WEST
RC POS 84 id 9 seat 3 role raid fs 0 body 1 pos 27,25 stuck 1
RC POS 84 id 11 seat 4 role defend fs 0 body 1 pos 4,1 stuck 0
RC WALK 84 id 11 role defend pos 4,1 tgt 4,2 want CENTRE
RC POS 84 id 15 seat 5 role raid fs 0 body 1 pos 25,27 stuck 1
RC POS 85 id 3 seat 0 role raid fs 0 body 1 pos 26,24 stuck 0
RC WALK 85 id 3 role raid pos 26,24 tgt 26,25 want SOUTH
RC POS 85 id 9 seat 3 role raid fs 0 body 1 pos 27,25 stuck 1
RC POS 85 id 11 seat 4 role defend fs 0 body 1 pos 4,1 stuck 1
RC WALK 85 id 11 role defend pos 4,1 tgt 4,2 want CENTRE
RC POS 85 id 15 seat 5 role raid fs 0 body 1 pos 25,27 stuck 1
RC POS 86 id 3 seat 0 role raid fs 0 body 1 pos 26,25 stuck 0
RC POS 86 id 9 seat 3 role raid fs 0 body 1 pos 27,25 stuck 1
RC POS 86 id 11 seat 4 role defend fs 0 body 1 pos 4,1 stuck 2
RC WALK 86 id 11 role defend pos 4,1 tgt 4,2 want CENTRE
RC POS 86 id 15 seat 5 role raid fs 0 body 1 pos 25,27 stuck 1
RC POS 87 id 3 seat 0 role raid fs 0 body 1 pos 26,25 stuck 1
RC POS 87 id 9 seat 3 role raid fs 0 body 1 pos 27,25 stuck 1
RC POS 87 id 11 seat 4 role defend fs 0 body 1 pos 4,1 stuck 3
RC WALK 87 id 11 role defend pos 4,1 tgt 4,2 want CENTRE
RC POS 87 id 15 seat 5 role raid fs 0 body 1 pos 25,27 stuck 1
RC POS 88 id 3 seat 0 role raid fs 0 body 1 pos 26,25 stuck 1
RC POS 88 id 9 seat 3 role raid fs 0 body 1 pos 27,25 stuck 1
RC POS 88 id 11 seat 4 role defend fs 0 body 1 pos 4,1 stuck 4
RC WALK 88 id 11 role defend pos 4,1 tgt 4,2 want CENTRE
RC POS 88 id 15 seat 5 role raid fs 0 body 1 pos 25,27 stuck 1
RC POS 89 id 3 seat 0 role raid fs 0 body 1 pos 26,25 stuck 1
RC POS 89 id 9 seat 3 role raid fs 0 body 1 pos 27,25 stuck 1
RC POS 89 id 11 seat 4 role defend fs 0 body 1 pos 4,1 stuck 5
RC WALK 89 id 11 role defend pos 4,1 tgt 0,5 want EAST
RC POS 89 id 15 seat 5 role raid fs 0 body 1 pos 25,27 stuck 1
RC POS 90 id 3 seat 0 role raid fs 0 body 1 pos 26,25 stuck 1
RC POS 90 id 9 seat 3 role raid fs 0 body 1 pos 27,25 stuck 1
RC POS 90 id 11 seat 4 role defend fs 0 body 1 pos 5,1 stuck 0
RC WALK 90 id 11 role defend pos 5,1 tgt 0,5 want WEST
RC POS 90 id 15 seat 5 role raid fs 0 body 1 pos 25,27 stuck 1
RC POS 91 id 3 seat 0 role raid fs 0 body 1 pos 26,25 stuck 1
RC POS 91 id 9 seat 3 role raid fs 0 body 1 pos 27,25 stuck 1
RC POS 91 id 11 seat 4 role defend fs 0 body 1 pos 4,1 stuck 0
RC WALK 91 id 11 role defend pos 4,1 tgt 0,5 want NORTH
RC POS 91 id 15 seat 5 role raid fs 0 body 1 pos 25,27 stuck 1
RC POS 92 id 3 seat 0 role raid fs 0 body 1 pos 26,25 stuck 1
RC POS 92 id 9 seat 3 role raid fs 0 body 1 pos 27,25 stuck 1
RC POS 92 id 11 seat 4 role defend fs 0 body 1 pos 4,0 stuck 0
RC WALK 92 id 11 role defend pos 4,0 tgt 0,5 want WEST
RC POS 92 id 15 seat 5 role raid fs 0 body 1 pos 25,27 stuck 1
RC POS 93 id 3 seat 0 role raid fs 0 body 1 pos 26,25 stuck 1
RC POS 93 id 9 seat 3 role raid fs 0 body 1 pos 27,25 stuck 1
RC POS 93 id 11 seat 4 role defend fs 0 body 1 pos 3,0 stuck 0
RC WALK 93 id 11 role defend pos 3,0 tgt 0,5 want WEST
RC POS 93 id 15 seat 5 role raid fs 0 body 1 pos 25,27 stuck 1
RC POS 94 id 3 seat 0 role raid fs 0 body 1 pos 26,25 stuck 1
RC POS 94 id 9 seat 3 role raid fs 0 body 1 pos 27,25 stuck 1
RC POS 94 id 11 seat 4 role defend fs 0 body 1 pos 2,0 stuck 0
RC WALK 94 id 11 role defend pos 2,0 tgt 0,5 want WEST
RC POS 94 id 15 seat 5 role raid fs 0 body 1 pos 25,27 stuck 1
RC POS 95 id 3 seat 0 role raid fs 0 body 1 pos 26,25 stuck 1
RC POS 95 id 9 seat 3 role raid fs 0 body 1 pos 27,25 stuck 1
RC POS 95 id 11 seat 4 role defend fs 0 body 1 pos 1,0 stuck 0
RC WALK 95 id 11 role defend pos 1,0 tgt 0,5 want SOUTH
RC POS 95 id 15 seat 5 role raid fs 0 body 1 pos 25,27 stuck 1
RC POS 96 id 3 seat 0 role raid fs 0 body 1 pos 26,25 stuck 1
RC POS 96 id 9 seat 3 role raid fs 0 body 1 pos 27,25 stuck 1
RC POS 96 id 11 seat 4 role defend fs 0 body 1 pos 1,1 stuck 0
RC WALK 96 id 11 role defend pos 1,1 tgt 0,5 want SOUTH
RC POS 96 id 15 seat 5 role raid fs 0 body 1 pos 25,27 stuck 1
RC POS 97 id 3 seat 0 role raid fs 0 body 1 pos 26,25 stuck 1
RC POS 97 id 9 seat 3 role raid fs 0 body 1 pos 27,25 stuck 1
RC POS 97 id 11 seat 4 role defend fs 0 body 1 pos 1,2 stuck 0
RC WALK 97 id 11 role defend pos 1,2 tgt 0,5 want SOUTH
RC POS 97 id 15 seat 5 role raid fs 0 body 1 pos 25,27 stuck 1
RC POS 98 id 3 seat 0 role raid fs 0 body 1 pos 26,25 stuck 1
RC POS 98 id 9 seat 3 role raid fs 0 body 1 pos 27,25 stuck 1
RC POS 98 id 11 seat 4 role defend fs 0 body 1 pos 1,3 stuck 0
RC WALK 98 id 11 role defend pos 1,3 tgt 0,5 want SOUTH
RC POS 98 id 15 seat 5 role raid fs 0 body 1 pos 25,27 stuck 1
RC POS 99 id 3 seat 0 role raid fs 0 body 1 pos 26,25 stuck 1
RC POS 99 id 9 seat 3 role raid fs 0 body 1 pos 27,25 stuck 1
RC WALK 99 id 9 role raid pos 27,25 tgt 28,25 want EAST
RC POS 99 id 11 seat 4 role defend fs 0 body 1 pos 1,4 stuck 0
RC WALK 99 id 11 role defend pos 1,4 tgt 0,5 want WEST
RC POS 99 id 15 seat 5 role raid fs 0 body 1 pos 25,27 stuck 1
RC POS 100 id 3 seat 0 role raid fs 0 body 1 pos 26,25 stuck 1
RC POS 100 id 9 seat 3 role raid fs 0 body 1 pos 28,25 stuck 0
RC POS 100 id 11 seat 4 role defend fs 0 body 1 pos 0,4 stuck 0
RC WALK 100 id 11 role defend pos 0,4 tgt 0,5 want SOUTH
RC POS 100 id 15 seat 5 role raid fs 0 body 1 pos 25,27 stuck 1
RC POS 101 id 3 seat 0 role raid fs 0 body 1 pos 26,25 stuck 2
RC POS 101 id 9 seat 3 role raid fs 0 body 1 pos 28,25 stuck 1
RC POS 101 id 11 seat 4 role defend fs 0 body 1 pos 0,5 stuck 0
RC WALK 101 id 11 role defend pos 0,5 tgt 0,2 want NORTH
RC POS 101 id 15 seat 5 role raid fs 0 body 1 pos 25,27 stuck 1
RC POS 102 id 3 seat 0 role raid fs 0 body 1 pos 26,25 stuck 1
RC POS 102 id 9 seat 3 role raid fs 0 body 1 pos 28,25 stuck 1
RC POS 102 id 11 seat 4 role defend fs 0 body 1 pos 0,4 stuck 0
RC WALK 102 id 11 role defend pos 0,4 tgt 0,2 want EAST
RC POS 102 id 15 seat 5 role raid fs 0 body 1 pos 25,27 stuck 1
RC POS 103 id 3 seat 0 role raid fs 0 body 1 pos 26,25 stuck 1
RC POS 103 id 9 seat 3 role raid fs 0 body 1 pos 28,25 stuck 1
RC POS 103 id 11 seat 4 role defend fs 0 body 1 pos 1,4 stuck 0
RC WALK 103 id 11 role defend pos 1,4 tgt 0,2 want NORTH
RC POS 103 id 15 seat 5 role raid fs 0 body 1 pos 25,27 stuck 1
RC POS 104 id 3 seat 0 role raid fs 0 body 1 pos 26,25 stuck 1
RC POS 104 id 9 seat 3 role raid fs 0 body 1 pos 28,25 stuck 1
RC POS 104 id 11 seat 4 role defend fs 0 body 1 pos 1,3 stuck 0
RC WALK 104 id 11 role defend pos 1,3 tgt 0,2 want NORTH
RC POS 104 id 15 seat 5 role raid fs 0 body 1 pos 25,27 stuck 1
RC POS 105 id 3 seat 0 role raid fs 0 body 1 pos 26,25 stuck 1
RC POS 105 id 9 seat 3 role raid fs 0 body 1 pos 28,25 stuck 1
RC POS 105 id 11 seat 4 role defend fs 0 body 1 pos 1,2 stuck 0
RC WALK 105 id 11 role defend pos 1,2 tgt 0,2 want WEST
RC POS 105 id 15 seat 5 role raid fs 0 body 1 pos 25,27 stuck 1
RC POS 106 id 3 seat 0 role raid fs 0 body 1 pos 26,25 stuck 1
RC POS 106 id 9 seat 3 role raid fs 0 body 1 pos 28,25 stuck 1
RC POS 106 id 11 seat 4 role defend fs 0 body 1 pos 0,2 stuck 0
RC WALK 106 id 11 role defend pos 0,2 tgt 0,0 want NORTH
RC POS 106 id 15 seat 5 role raid fs 0 body 1 pos 25,27 stuck 1
RC POS 107 id 3 seat 0 role raid fs 0 body 1 pos 26,25 stuck 1
RC POS 107 id 9 seat 3 role raid fs 0 body 1 pos 28,25 stuck 1
RC POS 107 id 11 seat 4 role defend fs 0 body 1 pos 0,1 stuck 0
RC WALK 107 id 11 role defend pos 0,1 tgt 0,0 want NORTH
RC POS 107 id 15 seat 5 role raid fs 0 body 1 pos 25,27 stuck 1
RC POS 108 id 3 seat 0 role raid fs 0 body 1 pos 26,25 stuck 1
RC POS 108 id 9 seat 3 role raid fs 0 body 1 pos 28,25 stuck 1
RC POS 108 id 11 seat 4 role defend fs 0 body 1 pos 0,0 stuck 0
RC WALK 108 id 11 role defend pos 0,0 tgt 2,0 want EAST
RC POS 108 id 15 seat 5 role raid fs 0 body 1 pos 25,27 stuck 1
RC POS 109 id 3 seat 0 role raid fs 0 body 1 pos 26,25 stuck 1
RC POS 109 id 9 seat 3 role raid fs 0 body 1 pos 28,25 stuck 1
RC POS 109 id 11 seat 4 role defend fs 0 body 1 pos 1,0 stuck 0
RC WALK 109 id 11 role defend pos 1,0 tgt 2,0 want CENTRE
RC POS 109 id 15 seat 5 role raid fs 0 body 1 pos 25,27 stuck 1
RC POS 110 id 3 seat 0 role raid fs 0 body 1 pos 26,25 stuck 1
RC POS 110 id 9 seat 3 role raid fs 0 body 1 pos 28,25 stuck 1
RC POS 110 id 11 seat 4 role defend fs 0 body 1 pos 1,0 stuck 1
RC WALK 110 id 11 role defend pos 1,0 tgt 2,0 want CENTRE
RC POS 110 id 15 seat 5 role raid fs 0 body 1 pos 25,27 stuck 1
RC POS 111 id 3 seat 0 role raid fs 0 body 1 pos 26,25 stuck 1
RC POS 111 id 9 seat 3 role raid fs 0 body 1 pos 28,25 stuck 1
RC POS 111 id 11 seat 4 role defend fs 0 body 1 pos 1,0 stuck 2
RC WALK 111 id 11 role defend pos 1,0 tgt 2,0 want CENTRE
RC POS 111 id 15 seat 5 role raid fs 0 body 1 pos 25,27 stuck 1
RC POS 112 id 3 seat 0 role raid fs 0 body 1 pos 26,25 stuck 1
RC POS 112 id 9 seat 3 role raid fs 0 body 1 pos 28,25 stuck 1
RC POS 112 id 11 seat 4 role defend fs 0 body 1 pos 1,0 stuck 3
RC WALK 112 id 11 role defend pos 1,0 tgt 2,0 want CENTRE
RC POS 112 id 15 seat 5 role raid fs 0 body 1 pos 25,27 stuck 1
RC POS 113 id 3 seat 0 role raid fs 0 body 1 pos 26,25 stuck 1
RC POS 113 id 9 seat 3 role raid fs 0 body 1 pos 28,25 stuck 1
RC POS 113 id 11 seat 4 role defend fs 0 body 1 pos 1,0 stuck 4
RC WALK 113 id 11 role defend pos 1,0 tgt 2,0 want CENTRE
RC POS 113 id 15 seat 5 role raid fs 0 body 1 pos 25,27 stuck 1
RC POS 114 id 3 seat 0 role raid fs 0 body 1 pos 26,25 stuck 1
RC POS 114 id 9 seat 3 role raid fs 0 body 1 pos 28,25 stuck 1
RC POS 114 id 11 seat 4 role defend fs 0 body 1 pos 1,0 stuck 5
RC WALK 114 id 11 role defend pos 1,0 tgt 1,0 want CENTRE
RC POS 114 id 15 seat 5 role raid fs 0 body 1 pos 25,27 stuck 1
RC POS 115 id 3 seat 0 role raid fs 0 body 1 pos 26,25 stuck 1
RC POS 115 id 9 seat 3 role raid fs 0 body 1 pos 28,25 stuck 1
RC POS 115 id 11 seat 4 role defend fs 0 body 1 pos 1,0 stuck 1
RC WALK 115 id 11 role defend pos 1,0 tgt 5,0 want SOUTH
RC POS 115 id 15 seat 5 role raid fs 0 body 1 pos 25,27 stuck 1
RC POS 116 id 3 seat 0 role raid fs 0 body 1 pos 26,25 stuck 1
RC POS 116 id 9 seat 3 role raid fs 0 body 1 pos 28,25 stuck 1
RC POS 116 id 11 seat 4 role defend fs 0 body 1 pos 1,1 stuck 0
RC WALK 116 id 11 role defend pos 1,1 tgt 5,0 want SOUTH
RC POS 116 id 15 seat 5 role raid fs 0 body 1 pos 25,27 stuck 1
RC POS 117 id 3 seat 0 role raid fs 0 body 1 pos 26,25 stuck 1
RC POS 117 id 9 seat 3 role raid fs 0 body 1 pos 28,25 stuck 1
RC POS 117 id 11 seat 4 role defend fs 0 body 1 pos 1,2 stuck 0
RC WALK 117 id 11 role defend pos 1,2 tgt 5,0 want SOUTH
RC POS 117 id 15 seat 5 role raid fs 0 body 1 pos 25,27 stuck 1
RC POS 118 id 3 seat 0 role raid fs 0 body 1 pos 26,25 stuck 1
RC POS 118 id 9 seat 3 role raid fs 0 body 1 pos 28,25 stuck 1
RC POS 118 id 11 seat 4 role defend fs 0 body 1 pos 1,3 stuck 0
RC WALK 118 id 11 role defend pos 1,3 tgt 5,0 want SOUTH
RC POS 118 id 15 seat 5 role raid fs 0 body 1 pos 25,27 stuck 1
RC POS 119 id 3 seat 0 role raid fs 0 body 1 pos 26,25 stuck 1
RC POS 119 id 9 seat 3 role raid fs 0 body 1 pos 28,25 stuck 1
RC POS 119 id 11 seat 4 role defend fs 0 body 1 pos 1,4 stuck 0
RC WALK 119 id 11 role defend pos 1,4 tgt 5,0 want EAST
RC POS 119 id 15 seat 5 role raid fs 0 body 1 pos 25,27 stuck 1
RC POS 120 id 3 seat 0 role raid fs 0 body 1 pos 26,25 stuck 1
RC POS 120 id 9 seat 3 role raid fs 0 body 1 pos 28,25 stuck 1
RC POS 120 id 11 seat 4 role defend fs 0 body 1 pos 2,4 stuck 0
RC WALK 120 id 11 role defend pos 2,4 tgt 5,0 want EAST
RC POS 120 id 15 seat 5 role raid fs 0 body 1 pos 25,27 stuck 1
RC POS 121 id 3 seat 0 role raid fs 0 body 1 pos 26,25 stuck 1
RC POS 121 id 9 seat 3 role raid fs 0 body 1 pos 28,25 stuck 1
RC POS 121 id 11 seat 4 role defend fs 0 body 1 pos 3,4 stuck 0
RC WALK 121 id 11 role defend pos 3,4 tgt 5,0 want SOUTH
RC POS 121 id 15 seat 5 role raid fs 0 body 1 pos 25,27 stuck 1
RC POS 122 id 3 seat 0 role raid fs 0 body 1 pos 26,25 stuck 1
RC POS 122 id 9 seat 3 role raid fs 0 body 1 pos 28,25 stuck 1
RC POS 122 id 11 seat 4 role defend fs 0 body 1 pos 3,5 stuck 0
RC WALK 122 id 11 role defend pos 3,5 tgt 5,0 want NORTH
RC POS 122 id 15 seat 5 role raid fs 0 body 1 pos 25,27 stuck 1
RC POS 123 id 3 seat 0 role raid fs 0 body 1 pos 26,25 stuck 1
RC POS 123 id 9 seat 3 role raid fs 0 body 1 pos 28,25 stuck 1
RC POS 123 id 11 seat 4 role defend fs 0 body 1 pos 3,4 stuck 0
RC WALK 123 id 11 role defend pos 3,4 tgt 5,0 want SOUTH
RC POS 123 id 15 seat 5 role raid fs 0 body 1 pos 25,27 stuck 1
RC POS 124 id 3 seat 0 role raid fs 0 body 1 pos 26,25 stuck 1
RC POS 124 id 9 seat 3 role raid fs 0 body 1 pos 28,25 stuck 1
RC POS 124 id 11 seat 4 role defend fs 0 body 1 pos 3,5 stuck 0
RC WALK 124 id 11 role defend pos 3,5 tgt 5,0 want NORTH
RC POS 124 id 15 seat 5 role raid fs 0 body 1 pos 25,27 stuck 1
RC POS 125 id 3 seat 0 role raid fs 0 body 1 pos 26,25 stuck 1
RC POS 125 id 9 seat 3 role raid fs 0 body 1 pos 28,25 stuck 1
RC POS 125 id 11 seat 4 role defend fs 0 body 1 pos 3,4 stuck 0
RC WALK 125 id 11 role defend pos 3,4 tgt 5,0 want SOUTH
RC POS 125 id 15 seat 5 role raid fs 0 body 1 pos 25,27 stuck 1
RC POS 126 id 3 seat 0 role raid fs 0 body 1 pos 26,25 stuck 1
RC POS 126 id 9 seat 3 role raid fs 0 body 1 pos 28,25 stuck 1
RC POS 126 id 11 seat 4 role defend fs 0 body 1 pos 3,5 stuck 0
RC WALK 126 id 11 role defend pos 3,5 tgt 5,0 want NORTH
RC POS 126 id 15 seat 5 role raid fs 0 body 1 pos 25,27 stuck 1
RC POS 127 id 3 seat 0 role raid fs 0 body 1 pos 26,25 stuck 1
RC POS 127 id 9 seat 3 role raid fs 0 body 1 pos 28,25 stuck 1
RC POS 127 id 11 seat 4 role defend fs 0 body 1 pos 3,4 stuck 0
RC WALK 127 id 11 role defend pos 3,4 tgt 5,0 want SOUTH
RC POS 127 id 15 seat 5 role raid fs 0 body 1 pos 25,27 stuck 1
RC POS 128 id 3 seat 0 role raid fs 0 body 1 pos 26,25 stuck 1
RC POS 128 id 9 seat 3 role raid fs 0 body 1 pos 28,25 stuck 1
RC POS 128 id 11 seat 4 role defend fs 0 body 1 pos 3,5 stuck 0
RC WALK 128 id 11 role defend pos 3,5 tgt 5,0 want NORTH
RC POS 128 id 15 seat 5 role raid fs 0 body 1 pos 25,27 stuck 1
RC POS 129 id 3 seat 0 role raid fs 0 body 1 pos 26,25 stuck 1
RC POS 129 id 9 seat 3 role raid fs 0 body 1 pos 28,25 stuck 1
RC POS 129 id 11 seat 4 role defend fs 0 body 1 pos 3,4 stuck 0
RC WALK 129 id 11 role defend pos 3,4 tgt 5,0 want SOUTH
RC POS 129 id 15 seat 5 role raid fs 0 body 1 pos 25,27 stuck 1
RC POS 130 id 3 seat 0 role raid fs 0 body 1 pos 26,25 stuck 1
RC POS 130 id 9 seat 3 role raid fs 0 body 1 pos 28,25 stuck 1
RC POS 130 id 11 seat 4 role defend fs 0 body 1 pos 3,5 stuck 0
RC WALK 130 id 11 role defend pos 3,5 tgt 5,0 want NORTH
RC POS 130 id 15 seat 5 role raid fs 0 body 1 pos 25,27 stuck 1
RC POS 131 id 3 seat 0 role raid fs 0 body 1 pos 26,25 stuck 1
RC POS 131 id 9 seat 3 role raid fs 0 body 1 pos 28,25 stuck 1
RC POS 131 id 11 seat 4 role defend fs 0 body 1 pos 3,4 stuck 0
RC WALK 131 id 11 role defend pos 3,4 tgt 5,0 want SOUTH
RC POS 131 id 15 seat 5 role raid fs 0 body 1 pos 25,27 stuck 1
RC POS 132 id 3 seat 0 role raid fs 0 body 1 pos 26,25 stuck 1
RC POS 132 id 9 seat 3 role raid fs 0 body 1 pos 28,25 stuck 1
RC POS 132 id 11 seat 4 role defend fs 0 body 1 pos 3,5 stuck 0
RC WALK 132 id 11 role defend pos 3,5 tgt 5,0 want NORTH
RC POS 132 id 15 seat 5 role raid fs 0 body 1 pos 25,27 stuck 1
RC POS 133 id 3 seat 0 role raid fs 0 body 1 pos 26,25 stuck 1
RC POS 133 id 9 seat 3 role raid fs 0 body 1 pos 28,25 stuck 1
RC POS 133 id 11 seat 4 role defend fs 0 body 1 pos 3,4 stuck 0
RC WALK 133 id 11 role defend pos 3,4 tgt 4,3 want EAST
RC POS 133 id 15 seat 5 role raid fs 0 body 1 pos 25,27 stuck 1
RC POS 134 id 3 seat 0 role raid fs 0 body 1 pos 26,25 stuck 1
RC POS 134 id 9 seat 3 role raid fs 0 body 1 pos 28,25 stuck 1
RC POS 134 id 11 seat 4 role defend fs 0 body 1 pos 3,5 stuck 0
RC WALK 134 id 11 role defend pos 3,5 tgt 4,3 want NORTH
RC POS 134 id 15 seat 5 role raid fs 0 body 1 pos 25,27 stuck 1
RC POS 135 id 3 seat 0 role raid fs 0 body 1 pos 26,25 stuck 1
RC POS 135 id 9 seat 3 role raid fs 0 body 1 pos 28,25 stuck 1
RC POS 135 id 11 seat 4 role defend fs 0 body 1 pos 3,4 stuck 0
RC WALK 135 id 11 role defend pos 3,4 tgt 4,3 want EAST
RC POS 135 id 15 seat 5 role raid fs 0 body 1 pos 25,27 stuck 1
RC POS 136 id 3 seat 0 role raid fs 0 body 1 pos 26,25 stuck 1
RC POS 136 id 9 seat 3 role raid fs 0 body 1 pos 28,25 stuck 1
RC POS 136 id 11 seat 4 role defend fs 0 body 1 pos 3,5 stuck 0
RC WALK 136 id 11 role defend pos 3,5 tgt 4,3 want NORTH
RC POS 136 id 15 seat 5 role raid fs 0 body 1 pos 25,27 stuck 1
RC POS 137 id 3 seat 0 role raid fs 0 body 1 pos 26,25 stuck 1
RC POS 137 id 9 seat 3 role raid fs 0 body 1 pos 28,25 stuck 1
RC POS 137 id 11 seat 4 role defend fs 0 body 1 pos 3,4 stuck 0
RC WALK 137 id 11 role defend pos 3,4 tgt 4,3 want EAST
RC POS 137 id 15 seat 5 role raid fs 0 body 1 pos 25,27 stuck 1
RC POS 138 id 3 seat 0 role raid fs 0 body 1 pos 26,25 stuck 1
RC POS 138 id 9 seat 3 role raid fs 0 body 1 pos 28,25 stuck 1
RC POS 138 id 11 seat 4 role defend fs 0 body 1 pos 3,5 stuck 0
RC WALK 138 id 11 role defend pos 3,5 tgt 4,3 want NORTH
RC POS 138 id 15 seat 5 role raid fs 0 body 1 pos 25,27 stuck 1
RC POS 139 id 3 seat 0 role raid fs 0 body 1 pos 26,25 stuck 1
RC POS 139 id 9 seat 3 role raid fs 0 body 1 pos 28,25 stuck 1
RC POS 139 id 11 seat 4 role defend fs 0 body 1 pos 3,4 stuck 0
RC WALK 139 id 11 role defend pos 3,4 tgt 4,3 want EAST
RC POS 139 id 15 seat 5 role raid fs 0 body 1 pos 25,27 stuck 1
RC POS 140 id 3 seat 0 role raid fs 0 body 1 pos 26,25 stuck 1
RC POS 140 id 9 seat 3 role raid fs 0 body 1 pos 28,25 stuck 1
RC POS 140 id 11 seat 4 role defend fs 0 body 1 pos 3,5 stuck 0
RC WALK 140 id 11 role defend pos 3,5 tgt 4,3 want NORTH
RC POS 140 id 15 seat 5 role raid fs 0 body 1 pos 25,27 stuck 1
RC POS 141 id 3 seat 0 role raid fs 0 body 1 pos 26,25 stuck 1
RC POS 141 id 9 seat 3 role raid fs 0 body 1 pos 28,25 stuck 1
RC POS 141 id 11 seat 4 role defend fs 0 body 1 pos 3,4 stuck 0
RC WALK 141 id 11 role defend pos 3,4 tgt 4,3 want EAST
RC POS 141 id 15 seat 5 role raid fs 0 body 1 pos 25,27 stuck 1
RC POS 142 id 3 seat 0 role raid fs 0 body 1 pos 26,25 stuck 1
RC POS 142 id 9 seat 3 role raid fs 0 body 1 pos 28,25 stuck 1
RC POS 142 id 11 seat 4 role defend fs 0 body 1 pos 3,5 stuck 0
RC WALK 142 id 11 role defend pos 3,5 tgt 4,3 want NORTH
RC POS 142 id 15 seat 5 role raid fs 0 body 1 pos 25,27 stuck 1
RC POS 143 id 3 seat 0 role raid fs 0 body 1 pos 26,25 stuck 1
RC POS 143 id 9 seat 3 role raid fs 0 body 1 pos 28,25 stuck 2
RC POS 143 id 11 seat 4 role defend fs 0 body 1 pos 3,4 stuck 0
RC WALK 143 id 11 role defend pos 3,4 tgt 4,3 want EAST
RC POS 143 id 15 seat 5 role raid fs 0 body 1 pos 25,27 stuck 1
RC POS 144 id 3 seat 0 role raid fs 0 body 1 pos 26,25 stuck 1
RC POS 144 id 9 seat 3 role raid fs 0 body 1 pos 28,25 stuck 1
RC POS 144 id 11 seat 4 role defend fs 0 body 1 pos 3,5 stuck 0
RC WALK 144 id 11 role defend pos 3,5 tgt 4,3 want NORTH
RC POS 144 id 15 seat 5 role raid fs 0 body 1 pos 25,27 stuck 1
RC POS 145 id 3 seat 0 role raid fs 0 body 1 pos 26,25 stuck 1
RC POS 145 id 9 seat 3 role raid fs 0 body 1 pos 28,25 stuck 1
RC POS 145 id 11 seat 4 role defend fs 0 body 1 pos 3,4 stuck 0
RC WALK 145 id 11 role defend pos 3,4 tgt 4,3 want EAST
RC POS 145 id 15 seat 5 role raid fs 0 body 1 pos 25,27 stuck 1
RC POS 146 id 3 seat 0 role raid fs 0 body 1 pos 26,25 stuck 1
RC POS 146 id 9 seat 3 role raid fs 0 body 1 pos 28,25 stuck 1
RC POS 146 id 11 seat 4 role defend fs 0 body 1 pos 3,5 stuck 0
RC WALK 146 id 11 role defend pos 3,5 tgt 4,3 want NORTH
RC POS 146 id 15 seat 5 role raid fs 0 body 1 pos 25,27 stuck 1
RC POS 147 id 3 seat 0 role raid fs 0 body 1 pos 26,25 stuck 1
RC POS 147 id 9 seat 3 role raid fs 0 body 1 pos 28,25 stuck 1
RC POS 147 id 11 seat 4 role defend fs 0 body 1 pos 3,4 stuck 0
RC WALK 147 id 11 role defend pos 3,4 tgt 4,3 want EAST
RC POS 147 id 15 seat 5 role raid fs 0 body 1 pos 25,27 stuck 1
RC POS 148 id 3 seat 0 role raid fs 0 body 1 pos 26,25 stuck 1
RC POS 148 id 9 seat 3 role raid fs 0 body 1 pos 28,25 stuck 1
RC POS 148 id 11 seat 4 role defend fs 0 body 1 pos 3,5 stuck 0
RC WALK 148 id 11 role defend pos 3,5 tgt 4,3 want NORTH
RC POS 148 id 15 seat 5 role raid fs 0 body 1 pos 25,27 stuck 1
RC POS 149 id 3 seat 0 role raid fs 0 body 1 pos 26,25 stuck 1
RC POS 149 id 9 seat 3 role raid fs 0 body 1 pos 28,25 stuck 1
RC POS 149 id 11 seat 4 role defend fs 0 body 1 pos 3,4 stuck 0
RC WALK 149 id 11 role defend pos 3,4 tgt 4,3 want EAST
RC POS 149 id 15 seat 5 role raid fs 0 body 1 pos 25,27 stuck 1
RC POS 150 id 3 seat 0 role raid fs 0 body 1 pos 26,25 stuck 1
RC POS 150 id 9 seat 3 role raid fs 0 body 1 pos 28,25 stuck 1
RC POS 150 id 11 seat 4 role defend fs 0 body 1 pos 3,5 stuck 0
RC WALK 150 id 11 role defend pos 3,5 tgt 4,3 want NORTH
RC POS 150 id 15 seat 5 role raid fs 0 body 1 pos 25,27 stuck 1
RC POS 151 id 3 seat 0 role raid fs 0 body 1 pos 26,25 stuck 1
RC POS 151 id 9 seat 3 role raid fs 0 body 1 pos 28,25 stuck 1
RC POS 151 id 11 seat 4 role defend fs 0 body 1 pos 3,4 stuck 0
RC WALK 151 id 11 role defend pos 3,4 tgt 4,3 want EAST
RC POS 151 id 15 seat 5 role raid fs 0 body 1 pos 25,27 stuck 1
RC POS 152 id 3 seat 0 role raid fs 0 body 1 pos 26,25 stuck 1
RC POS 152 id 9 seat 3 role raid fs 0 body 1 pos 28,25 stuck 1
RC POS 152 id 11 seat 4 role defend fs 0 body 1 pos 3,5 stuck 0
RC WALK 152 id 11 role defend pos 3,5 tgt 4,3 want NORTH
RC POS 152 id 15 seat 5 role raid fs 0 body 1 pos 25,27 stuck 1
RC POS 153 id 3 seat 0 role raid fs 0 body 1 pos 26,25 stuck 1
RC POS 153 id 9 seat 3 role raid fs 0 body 1 pos 28,25 stuck 1
RC POS 153 id 11 seat 4 role defend fs 0 body 1 pos 3,4 stuck 0
RC WALK 153 id 11 role defend pos 3,4 tgt 4,3 want EAST
RC POS 153 id 15 seat 5 role raid fs 0 body 1 pos 25,27 stuck 1
RC POS 154 id 3 seat 0 role raid fs 0 body 1 pos 26,25 stuck 1
RC POS 154 id 9 seat 3 role raid fs 0 body 1 pos 28,25 stuck 1
RC POS 154 id 11 seat 4 role defend fs 0 body 1 pos 3,5 stuck 0
RC WALK 154 id 11 role defend pos 3,5 tgt 4,3 want NORTH
RC POS 154 id 15 seat 5 role raid fs 0 body 1 pos 25,27 stuck 1
RC POS 155 id 3 seat 0 role raid fs 0 body 1 pos 26,25 stuck 1
RC POS 155 id 9 seat 3 role raid fs 0 body 1 pos 28,25 stuck 1
RC POS 155 id 11 seat 4 role defend fs 0 body 1 pos 3,4 stuck 0
RC WALK 155 id 11 role defend pos 3,4 tgt 4,3 want EAST
RC POS 155 id 15 seat 5 role raid fs 0 body 1 pos 25,27 stuck 1
RC POS 156 id 3 seat 0 role raid fs 0 body 1 pos 26,25 stuck 1
RC POS 156 id 9 seat 3 role raid fs 0 body 1 pos 28,25 stuck 1
RC POS 156 id 11 seat 4 role defend fs 0 body 1 pos 3,5 stuck 0
RC WALK 156 id 11 role defend pos 3,5 tgt 4,3 want NORTH
RC POS 156 id 15 seat 5 role raid fs 0 body 1 pos 25,27 stuck 1
RC POS 157 id 3 seat 0 role raid fs 0 body 1 pos 26,25 stuck 1
RC POS 157 id 9 seat 3 role raid fs 0 body 1 pos 28,25 stuck 1
RC POS 157 id 11 seat 4 role defend fs 0 body 1 pos 3,4 stuck 0
RC WALK 157 id 11 role defend pos 3,4 tgt 4,3 want EAST
RC POS 157 id 15 seat 5 role raid fs 0 body 1 pos 25,27 stuck 1
RC POS 158 id 3 seat 0 role raid fs 0 body 1 pos 26,25 stuck 1
RC POS 158 id 9 seat 3 role raid fs 0 body 1 pos 28,25 stuck 1
RC POS 158 id 11 seat 4 role defend fs 0 body 1 pos 3,5 stuck 0
RC WALK 158 id 11 role defend pos 3,5 tgt 3,4 want NORTH
RC POS 158 id 15 seat 5 role raid fs 0 body 1 pos 25,27 stuck 1
RC POS 159 id 3 seat 0 role raid fs 0 body 1 pos 26,25 stuck 1
RC POS 159 id 9 seat 3 role raid fs 0 body 1 pos 28,25 stuck 1
RC POS 159 id 15 seat 5 role raid fs 0 body 1 pos 25,27 stuck 1
RC POS 160 id 3 seat 0 role raid fs 0 body 1 pos 26,25 stuck 1
RC POS 160 id 9 seat 3 role raid fs 0 body 1 pos 28,25 stuck 1
RC POS 160 id 15 seat 5 role raid fs 0 body 1 pos 25,27 stuck 1
RC POS 161 id 3 seat 0 role raid fs 0 body 1 pos 26,25 stuck 1
RC POS 161 id 9 seat 3 role raid fs 0 body 1 pos 28,25 stuck 1
RC POS 161 id 15 seat 5 role raid fs 0 body 1 pos 25,27 stuck 1
RC POS 162 id 3 seat 0 role raid fs 0 body 1 pos 26,25 stuck 1
RC POS 162 id 9 seat 3 role raid fs 0 body 1 pos 28,25 stuck 1
RC POS 162 id 15 seat 5 role raid fs 0 body 1 pos 25,27 stuck 1
RC POS 163 id 3 seat 0 role raid fs 0 body 1 pos 26,25 stuck 1
RC POS 163 id 9 seat 3 role raid fs 0 body 1 pos 28,25 stuck 1
RC POS 163 id 15 seat 5 role raid fs 0 body 1 pos 25,27 stuck 1
RC POS 164 id 3 seat 0 role raid fs 0 body 1 pos 26,25 stuck 1
RC POS 164 id 9 seat 3 role raid fs 0 body 1 pos 28,25 stuck 1
RC POS 164 id 15 seat 5 role raid fs 0 body 1 pos 25,27 stuck 1
RC POS 165 id 3 seat 0 role raid fs 0 body 1 pos 26,25 stuck 1
RC POS 165 id 9 seat 3 role raid fs 0 body 1 pos 28,25 stuck 1
RC POS 165 id 15 seat 5 role raid fs 0 body 1 pos 25,27 stuck 1
RC POS 166 id 3 seat 0 role raid fs 0 body 1 pos 26,25 stuck 1
RC POS 166 id 9 seat 3 role raid fs 0 body 1 pos 28,25 stuck 1
RC POS 166 id 15 seat 5 role raid fs 0 body 1 pos 25,27 stuck 1
RC POS 167 id 3 seat 0 role raid fs 0 body 1 pos 26,25 stuck 1
RC POS 167 id 9 seat 3 role raid fs 0 body 1 pos 28,25 stuck 1
RC POS 167 id 15 seat 5 role raid fs 0 body 1 pos 25,27 stuck 1
RC POS 168 id 3 seat 0 role raid fs 0 body 1 pos 26,25 stuck 1
RC POS 168 id 9 seat 3 role raid fs 0 body 1 pos 28,25 stuck 1
RC POS 168 id 15 seat 5 role raid fs 0 body 1 pos 25,27 stuck 1
RC POS 169 id 3 seat 0 role raid fs 0 body 1 pos 26,25 stuck 1
RC POS 169 id 9 seat 3 role raid fs 0 body 1 pos 28,25 stuck 1
RC POS 169 id 15 seat 5 role raid fs 0 body 1 pos 25,27 stuck 1
RC POS 170 id 3 seat 0 role raid fs 0 body 1 pos 26,25 stuck 1
RC POS 170 id 9 seat 3 role raid fs 0 body 1 pos 28,25 stuck 1
RC POS 170 id 15 seat 5 role raid fs 0 body 1 pos 25,27 stuck 1
RC POS 171 id 3 seat 0 role raid fs 0 body 1 pos 26,25 stuck 1
RC POS 171 id 9 seat 3 role raid fs 0 body 1 pos 28,25 stuck 1
RC POS 171 id 15 seat 5 role raid fs 0 body 1 pos 25,27 stuck 1
RC POS 172 id 3 seat 0 role raid fs 0 body 1 pos 26,25 stuck 1
RC POS 172 id 9 seat 3 role raid fs 0 body 1 pos 28,25 stuck 1
RC POS 172 id 15 seat 5 role raid fs 0 body 1 pos 25,27 stuck 1
RC POS 173 id 3 seat 0 role raid fs 0 body 1 pos 26,25 stuck 1
RC POS 173 id 9 seat 3 role raid fs 0 body 1 pos 28,25 stuck 1
RC POS 173 id 15 seat 5 role raid fs 0 body 1 pos 25,27 stuck 1
RC POS 174 id 3 seat 0 role raid fs 0 body 1 pos 26,25 stuck 1
RC POS 174 id 9 seat 3 role raid fs 0 body 1 pos 28,25 stuck 1
RC POS 174 id 15 seat 5 role raid fs 0 body 1 pos 25,27 stuck 1
RC POS 175 id 3 seat 0 role raid fs 0 body 1 pos 26,25 stuck 1
RC POS 175 id 9 seat 3 role raid fs 0 body 1 pos 28,25 stuck 1
RC POS 175 id 15 seat 5 role raid fs 0 body 1 pos 25,27 stuck 1
RC POS 176 id 3 seat 0 role raid fs 0 body 1 pos 26,25 stuck 1
RC POS 176 id 9 seat 3 role raid fs 0 body 1 pos 28,25 stuck 1
RC POS 176 id 15 seat 5 role raid fs 0 body 1 pos 25,27 stuck 1
RC POS 177 id 3 seat 0 role raid fs 0 body 1 pos 26,25 stuck 1
RC POS 177 id 9 seat 3 role raid fs 0 body 1 pos 28,25 stuck 1
RC POS 177 id 15 seat 5 role raid fs 0 body 1 pos 25,27 stuck 1
RC POS 178 id 3 seat 0 role raid fs 0 body 1 pos 26,25 stuck 1
RC POS 178 id 9 seat 3 role raid fs 0 body 1 pos 28,25 stuck 1
RC POS 178 id 15 seat 5 role raid fs 0 body 1 pos 25,27 stuck 1
RC POS 179 id 3 seat 0 role raid fs 0 body 1 pos 26,25 stuck 1
RC POS 179 id 9 seat 3 role raid fs 0 body 1 pos 28,25 stuck 1
RC POS 179 id 15 seat 5 role raid fs 0 body 1 pos 25,27 stuck 1
RC POS 180 id 3 seat 0 role raid fs 0 body 1 pos 26,25 stuck 1
RC POS 180 id 9 seat 3 role raid fs 0 body 1 pos 28,25 stuck 1
RC POS 180 id 15 seat 5 role raid fs 0 body 1 pos 25,27 stuck 1
RC POS 181 id 3 seat 0 role raid fs 0 body 1 pos 26,25 stuck 1
RC POS 181 id 9 seat 3 role raid fs 0 body 1 pos 28,25 stuck 1
RC POS 181 id 15 seat 5 role raid fs 0 body 1 pos 25,27 stuck 1
RC POS 182 id 3 seat 0 role raid fs 0 body 1 pos 26,25 stuck 1
RC POS 182 id 9 seat 3 role raid fs 0 body 1 pos 28,25 stuck 1
RC POS 182 id 15 seat 5 role raid fs 0 body 1 pos 25,27 stuck 1
RC POS 183 id 3 seat 0 role raid fs 0 body 1 pos 26,25 stuck 1
RC POS 183 id 9 seat 3 role raid fs 0 body 1 pos 28,25 stuck 1
RC POS 183 id 15 seat 5 role raid fs 0 body 1 pos 25,27 stuck 1
RC POS 184 id 3 seat 0 role raid fs 0 body 1 pos 26,25 stuck 1
RC POS 184 id 9 seat 3 role raid fs 0 body 1 pos 28,25 stuck 1
RC POS 184 id 15 seat 5 role raid fs 0 body 1 pos 25,27 stuck 1
RC POS 185 id 3 seat 0 role raid fs 0 body 1 pos 26,25 stuck 1
RC POS 185 id 9 seat 3 role raid fs 0 body 1 pos 28,25 stuck 1
RC POS 185 id 15 seat 5 role raid fs 0 body 1 pos 25,27 stuck 1
RC POS 186 id 3 seat 0 role raid fs 0 body 1 pos 26,25 stuck 1
RC POS 186 id 9 seat 3 role raid fs 0 body 1 pos 28,25 stuck 1
RC POS 186 id 15 seat 5 role raid fs 0 body 1 pos 25,27 stuck 1
RC POS 187 id 3 seat 0 role raid fs 0 body 1 pos 26,25 stuck 1
RC POS 187 id 9 seat 3 role raid fs 0 body 1 pos 28,25 stuck 1
RC POS 187 id 15 seat 5 role raid fs 0 body 1 pos 25,27 stuck 1
RC POS 188 id 3 seat 0 role raid fs 0 body 1 pos 26,25 stuck 1
RC POS 188 id 9 seat 3 role raid fs 0 body 1 pos 28,25 stuck 1
RC POS 188 id 15 seat 5 role raid fs 0 body 1 pos 25,27 stuck 1
RC POS 189 id 3 seat 0 role raid fs 0 body 1 pos 26,25 stuck 1
RC POS 189 id 9 seat 3 role raid fs 0 body 1 pos 28,25 stuck 1
RC POS 189 id 15 seat 5 role raid fs 0 body 1 pos 25,27 stuck 1
RC POS 190 id 3 seat 0 role raid fs 0 body 1 pos 26,25 stuck 1
RC POS 190 id 9 seat 3 role raid fs 0 body 1 pos 28,25 stuck 1
RC POS 190 id 15 seat 5 role raid fs 0 body 1 pos 25,27 stuck 1
RC POS 191 id 3 seat 0 role raid fs 0 body 1 pos 26,25 stuck 1
RC POS 191 id 9 seat 3 role raid fs 0 body 1 pos 28,25 stuck 1
RC POS 191 id 15 seat 5 role raid fs 0 body 1 pos 25,27 stuck 1
RC POS 192 id 3 seat 0 role raid fs 0 body 1 pos 26,25 stuck 1
RC POS 192 id 9 seat 3 role raid fs 0 body 1 pos 28,25 stuck 1
RC POS 192 id 15 seat 5 role raid fs 0 body 1 pos 25,27 stuck 1
RC POS 193 id 3 seat 0 role raid fs 0 body 1 pos 26,25 stuck 1
RC POS 193 id 9 seat 3 role raid fs 0 body 1 pos 28,25 stuck 1
RC POS 193 id 15 seat 5 role raid fs 0 body 1 pos 25,27 stuck 1
RC POS 194 id 3 seat 0 role raid fs 0 body 1 pos 26,25 stuck 1
RC POS 194 id 9 seat 3 role raid fs 0 body 1 pos 28,25 stuck 1
RC POS 194 id 15 seat 5 role raid fs 0 body 1 pos 25,27 stuck 1
RC POS 195 id 3 seat 0 role raid fs 0 body 1 pos 26,25 stuck 1
RC POS 195 id 9 seat 3 role raid fs 0 body 1 pos 28,25 stuck 1
RC POS 195 id 11 seat 4 role defend fs 0 body 1 pos 3,4 stuck 36
RC WALK 195 id 11 role defend pos 3,4 tgt 4,3 want EAST
RC POS 195 id 15 seat 5 role raid fs 0 body 1 pos 25,27 stuck 1
RC POS 196 id 3 seat 0 role raid fs 0 body 1 pos 26,25 stuck 1
RC POS 196 id 9 seat 3 role raid fs 0 body 1 pos 28,25 stuck 1
RC POS 196 id 11 seat 4 role defend fs 0 body 1 pos 3,5 stuck 0
RC WALK 196 id 11 role defend pos 3,5 tgt 4,3 want NORTH
RC POS 196 id 15 seat 5 role raid fs 0 body 1 pos 25,27 stuck 1
RC POS 197 id 3 seat 0 role raid fs 0 body 1 pos 26,25 stuck 1
RC POS 197 id 9 seat 3 role raid fs 0 body 1 pos 28,25 stuck 1
RC POS 197 id 11 seat 4 role defend fs 0 body 1 pos 3,4 stuck 0
RC WALK 197 id 11 role defend pos 3,4 tgt 4,3 want EAST
RC POS 197 id 15 seat 5 role raid fs 0 body 1 pos 25,27 stuck 1
RC POS 198 id 3 seat 0 role raid fs 0 body 1 pos 26,25 stuck 1
RC POS 198 id 9 seat 3 role raid fs 0 body 1 pos 28,25 stuck 1
RC POS 198 id 11 seat 4 role defend fs 0 body 1 pos 3,5 stuck 0
RC WALK 198 id 11 role defend pos 3,5 tgt 4,3 want NORTH
RC POS 198 id 15 seat 5 role raid fs 0 body 1 pos 25,27 stuck 1
RC POS 199 id 3 seat 0 role raid fs 0 body 1 pos 26,25 stuck 1
RC POS 199 id 9 seat 3 role raid fs 0 body 1 pos 28,25 stuck 1
RC POS 199 id 11 seat 4 role defend fs 0 body 1 pos 3,4 stuck 0
RC WALK 199 id 11 role defend pos 3,4 tgt 4,3 want EAST
RC POS 199 id 15 seat 5 role raid fs 0 body 1 pos 25,27 stuck 1
RC POS 200 id 3 seat 0 role raid fs 0 body 1 pos 26,25 stuck 1
RC POS 200 id 9 seat 3 role raid fs 0 body 1 pos 28,25 stuck 1
RC POS 200 id 11 seat 4 role defend fs 0 body 1 pos 3,5 stuck 0
RC WALK 200 id 11 role defend pos 3,5 tgt 4,3 want NORTH
RC POS 200 id 15 seat 5 role raid fs 0 body 1 pos 25,27 stuck 1
RC POS 201 id 3 seat 0 role raid fs 0 body 1 pos 26,25 stuck 1
RC POS 201 id 9 seat 3 role raid fs 0 body 1 pos 28,25 stuck 1
RC POS 201 id 15 seat 5 role raid fs 0 body 1 pos 25,27 stuck 1
RC POS 202 id 3 seat 0 role raid fs 0 body 1 pos 26,25 stuck 1
RC POS 202 id 9 seat 3 role raid fs 0 body 1 pos 28,25 stuck 1
RC POS 202 id 15 seat 5 role raid fs 0 body 1 pos 25,27 stuck 1
RC POS 203 id 3 seat 0 role raid fs 0 body 1 pos 26,25 stuck 1
RC POS 203 id 9 seat 3 role raid fs 0 body 1 pos 28,25 stuck 1
RC POS 203 id 15 seat 5 role raid fs 0 body 1 pos 25,27 stuck 1
RC POS 204 id 3 seat 0 role raid fs 0 body 1 pos 26,25 stuck 1
RC POS 204 id 9 seat 3 role raid fs 0 body 1 pos 28,25 stuck 1
RC POS 204 id 15 seat 5 role raid fs 0 body 1 pos 25,27 stuck 1
RC POS 205 id 3 seat 0 role raid fs 0 body 1 pos 26,25 stuck 1
RC POS 205 id 9 seat 3 role raid fs 0 body 1 pos 28,25 stuck 1
RC POS 205 id 15 seat 5 role raid fs 0 body 1 pos 25,27 stuck 1
RC POS 206 id 3 seat 0 role raid fs 0 body 1 pos 26,25 stuck 1
RC POS 206 id 9 seat 3 role raid fs 0 body 1 pos 28,25 stuck 1
RC POS 206 id 11 seat 4 role defend fs 0 body 1 pos 3,4 stuck 5
RC WALK 206 id 11 role defend pos 3,4 tgt 10,0 want SOUTH
RC POS 206 id 15 seat 5 role raid fs 0 body 1 pos 25,27 stuck 1
RC POS 207 id 3 seat 0 role raid fs 0 body 1 pos 26,25 stuck 1
RC POS 207 id 9 seat 3 role raid fs 0 body 1 pos 28,25 stuck 1
RC POS 207 id 11 seat 4 role defend fs 0 body 1 pos 3,5 stuck 0
RC WALK 207 id 11 role defend pos 3,5 tgt 10,0 want NORTH
RC POS 207 id 15 seat 5 role raid fs 0 body 1 pos 25,27 stuck 1
RC POS 208 id 3 seat 0 role raid fs 0 body 1 pos 26,25 stuck 1
RC POS 208 id 9 seat 3 role raid fs 0 body 1 pos 28,25 stuck 1
RC POS 208 id 11 seat 4 role defend fs 0 body 1 pos 3,4 stuck 0
RC WALK 208 id 11 role defend pos 3,4 tgt 10,0 want SOUTH
RC POS 208 id 15 seat 5 role raid fs 0 body 1 pos 25,27 stuck 1
RC POS 209 id 3 seat 0 role raid fs 0 body 1 pos 26,25 stuck 1
RC POS 209 id 9 seat 3 role raid fs 0 body 1 pos 28,25 stuck 1
RC POS 209 id 11 seat 4 role defend fs 0 body 1 pos 3,5 stuck 0
RC WALK 209 id 11 role defend pos 3,5 tgt 10,0 want NORTH
RC POS 209 id 15 seat 5 role raid fs 0 body 1 pos 25,27 stuck 1
RC POS 210 id 3 seat 0 role raid fs 0 body 1 pos 26,25 stuck 1
RC POS 210 id 9 seat 3 role raid fs 0 body 1 pos 28,25 stuck 1
RC POS 210 id 11 seat 4 role defend fs 0 body 1 pos 3,4 stuck 0
RC WALK 210 id 11 role defend pos 3,4 tgt 10,0 want SOUTH
RC POS 210 id 15 seat 5 role raid fs 0 body 1 pos 25,27 stuck 1
RC POS 211 id 3 seat 0 role raid fs 0 body 1 pos 26,25 stuck 1
RC POS 211 id 9 seat 3 role raid fs 0 body 1 pos 28,25 stuck 1
RC POS 211 id 11 seat 4 role defend fs 0 body 1 pos 3,5 stuck 0
RC WALK 211 id 11 role defend pos 3,5 tgt 10,0 want NORTH
RC POS 211 id 15 seat 5 role raid fs 0 body 1 pos 25,27 stuck 1
RC POS 212 id 3 seat 0 role raid fs 0 body 1 pos 26,25 stuck 1
RC POS 212 id 9 seat 3 role raid fs 0 body 1 pos 28,25 stuck 1
RC POS 212 id 11 seat 4 role defend fs 0 body 1 pos 3,4 stuck 0
RC WALK 212 id 11 role defend pos 3,4 tgt 10,0 want SOUTH
RC POS 212 id 15 seat 5 role raid fs 0 body 1 pos 25,27 stuck 1
RC POS 213 id 3 seat 0 role raid fs 0 body 1 pos 26,25 stuck 1
RC POS 213 id 9 seat 3 role raid fs 0 body 1 pos 28,25 stuck 1
RC POS 213 id 11 seat 4 role defend fs 0 body 1 pos 3,5 stuck 0
RC WALK 213 id 11 role defend pos 3,5 tgt 3,4 want NORTH
RC POS 213 id 15 seat 5 role raid fs 0 body 1 pos 25,27 stuck 1
RC POS 214 id 3 seat 0 role raid fs 0 body 1 pos 26,25 stuck 1
RC POS 214 id 9 seat 3 role raid fs 0 body 1 pos 28,25 stuck 1
RC POS 214 id 15 seat 5 role raid fs 0 body 1 pos 25,27 stuck 1
RC POS 215 id 3 seat 0 role raid fs 0 body 1 pos 26,25 stuck 1
RC POS 215 id 9 seat 3 role raid fs 0 body 1 pos 28,25 stuck 1
RC POS 215 id 15 seat 5 role raid fs 0 body 1 pos 25,27 stuck 1
RC POS 216 id 3 seat 0 role raid fs 0 body 1 pos 26,25 stuck 1
RC POS 216 id 9 seat 3 role raid fs 0 body 1 pos 28,25 stuck 1
RC POS 216 id 15 seat 5 role raid fs 0 body 1 pos 25,27 stuck 1
