Update available: 2.3.6 -> 2.3.8. Run: pip install --upgrade fcode
RC MAP w 30 h 30 ours 2,2 theirs 26,26
RC SEAT 1 id 3 seat 0
RC POS 1 id 3 seat 0 role raid fs 1 body 1 pos 4,4 stuck 0
RC POS 2 id 3 seat 0 role raid fs 1 body 1 pos 4,4 stuck 1
RC SEAT 2 id 5 seat 1
RC POS 2 id 5 seat 1 role expand fs 0 body 1 pos 3,4 stuck 0
RC WALK 2 id 5 role expand pos 3,4 tgt 4,5 want SOUTH
RC POS 3 id 3 seat 0 role raid fs 1 body 1 pos 4,4 stuck 2
RC POS 3 id 5 seat 1 role expand fs 0 body 1 pos 3,5 stuck 0
V528 CONN r 3 id 5 at 4,5 chosen 4 best 4 regret 0 cands 7 role expand seat 1
RC WALK 3 id 5 role expand pos 3,5 tgt 4,4 want SOUTH
RC SEAT 3 id 7 seat 2
RC POS 3 id 7 seat 2 role expand fs 0 body 1 pos 4,2 stuck 0
RC WALK 3 id 7 role expand pos 4,2 tgt 13,15 want EAST
RC POS 4 id 3 seat 0 role raid fs 1 body 1 pos 4,4 stuck 3
RC POS 4 id 5 seat 1 role expand fs 0 body 1 pos 3,5 stuck 2
RC WALK 4 id 5 role expand pos 3,5 tgt 4,4 want SOUTH
RC POS 4 id 7 seat 2 role expand fs 0 body 1 pos 5,2 stuck 0
V528 CONN r 4 id 7 at 6,2 chosen 4 best 4 regret 0 cands 6 role expand seat 2
RC SEAT 4 id 9 seat 3
RC POS 4 id 9 seat 3 role raid fs 1 body 2 pos 3,4 stuck 0
RC POS 5 id 3 seat 0 role raid fs 1 body 1 pos 4,4 stuck 4
RC POS 5 id 5 seat 1 role expand fs 0 body 1 pos 3,6 stuck 0
RC WALK 5 id 5 role expand pos 3,6 tgt 4,4 want NORTH
RC POS 5 id 7 seat 2 role expand fs 0 body 1 pos 5,2 stuck 1
RC POS 5 id 9 seat 3 role raid fs 1 body 2 pos 3,4 stuck 1
RC WALK 5 id 9 role raid pos 3,4 tgt 5,5 want SOUTH
RC POS 6 id 3 seat 0 role raid fs 1 body 1 pos 4,4 stuck 5
RC POS 6 id 5 seat 1 role expand fs 0 body 1 pos 3,5 stuck 0
RC WALK 6 id 5 role expand pos 3,5 tgt 4,4 want NORTH
RC POS 6 id 7 seat 2 role expand fs 0 body 1 pos 5,2 stuck 2
RC POS 6 id 9 seat 3 role raid fs 1 body 2 pos 3,4 stuck 3
RC WALK 6 id 9 role raid pos 3,4 tgt 5,5 want SOUTH
RC POS 7 id 3 seat 0 role raid fs 1 body 1 pos 8,8 stuck 0
RC POS 7 id 5 seat 1 role expand fs 0 body 1 pos 2,5 stuck 0
RC WALK 7 id 5 role expand pos 2,5 tgt 4,4 want EAST
RC POS 7 id 7 seat 2 role expand fs 0 body 1 pos 4,2 stuck 0
RC POS 7 id 9 seat 3 role raid fs 1 body 2 pos 3,5 stuck 0
RC WALK 7 id 9 role raid pos 3,5 tgt 4,4 want NORTH
RC POS 8 id 3 seat 0 role raid fs 1 body 1 pos 8,8 stuck 1
RC POS 8 id 5 seat 1 role expand fs 0 body 1 pos 2,6 stuck 0
RC WALK 8 id 5 role expand pos 2,6 tgt 4,4 want EAST
RC POS 8 id 7 seat 2 role expand fs 0 body 1 pos 4,2 stuck 1
RC WALK 8 id 7 role expand pos 4,2 tgt 13,15 want EAST
RC POS 8 id 9 seat 3 role raid fs 1 body 2 pos 3,4 stuck 0
RC WALK 8 id 9 role raid pos 3,4 tgt 4,4 want EAST
RC POS 9 id 3 seat 0 role raid fs 1 body 1 pos 13,11 stuck 0
RC POS 9 id 5 seat 1 role expand fs 0 body 1 pos 3,6 stuck 0
RC WALK 9 id 5 role expand pos 3,6 tgt 4,4 want NORTH
RC POS 9 id 7 seat 2 role expand fs 0 body 1 pos 5,2 stuck 0
RC WALK 9 id 7 role expand pos 5,2 tgt 13,15 want SOUTH
RC POS 9 id 9 seat 3 role raid fs 1 body 2 pos 8,8 stuck 0
RC POS 10 id 3 seat 0 role raid fs 1 body 1 pos 13,11 stuck 1
RC POS 10 id 5 seat 1 role expand fs 0 body 1 pos 3,5 stuck 0
RC WALK 10 id 5 role expand pos 3,5 tgt 4,4 want NORTH
RC POS 10 id 7 seat 2 role expand fs 0 body 1 pos 5,3 stuck 0
RC WALK 10 id 7 role expand pos 5,3 tgt 13,15 want SOUTH
RC POS 10 id 9 seat 3 role raid fs 1 body 2 pos 11,12 stuck 0
RC WALK 10 id 9 role raid pos 11,12 tgt 13,10 want NORTH
RC POS 11 id 3 seat 0 role raid fs 1 body 1 pos 17,15 stuck 0
RC POS 11 id 5 seat 1 role expand fs 0 body 1 pos 3,4 stuck 0
RC POS 11 id 7 seat 2 role expand fs 0 body 1 pos 5,4 stuck 0
RC WALK 11 id 7 role expand pos 5,4 tgt 13,15 want SOUTH
RC POS 11 id 9 seat 3 role raid fs 1 body 2 pos 11,11 stuck 0
RC WALK 11 id 9 role raid pos 11,11 tgt 13,11 want EAST
RC POS 12 id 3 seat 0 role raid fs 1 body 1 pos 17,15 stuck 1
RC POS 12 id 5 seat 1 role expand fs 0 body 1 pos 3,4 stuck 1
RC POS 12 id 7 seat 2 role expand fs 0 body 1 pos 5,5 stuck 0
RC WALK 12 id 7 role expand pos 5,5 tgt 13,15 want SOUTH
RC POS 12 id 9 seat 3 role raid fs 1 body 2 pos 12,11 stuck 0
RC WALK 12 id 9 role raid pos 12,11 tgt 13,11 want EAST
RC POS 13 id 3 seat 0 role raid fs 1 body 1 pos 21,19 stuck 0
RC POS 13 id 5 seat 1 role expand fs 0 body 1 pos 4,4 stuck 0
RC POS 13 id 7 seat 2 role expand fs 0 body 1 pos 5,6 stuck 0
RC WALK 13 id 7 role expand pos 5,6 tgt 13,15 want SOUTH
RC POS 13 id 9 seat 3 role raid fs 1 body 2 pos 18,14 stuck 0
RC POS 14 id 3 seat 0 role raid fs 1 body 1 pos 21,19 stuck 1
RC POS 14 id 5 seat 1 role expand fs 0 body 1 pos 4,4 stuck 1
RC WALK 14 id 5 role expand pos 4,4 tgt 2,22 want WEST
RC POS 14 id 7 seat 2 role expand fs 0 body 1 pos 5,7 stuck 0
RC WALK 14 id 7 role expand pos 5,7 tgt 13,15 want SOUTH
RC POS 14 id 9 seat 3 role raid fs 1 body 2 pos 22,18 stuck 0
RC WALK 14 id 9 role raid pos 22,18 tgt 21,19 want WEST
RC POS 15 id 3 seat 0 role raid fs 1 body 1 pos 24,24 stuck 0
RC WALK 15 id 3 role raid pos 24,24 tgt 26,24 want SOUTH
RC POS 15 id 5 seat 1 role expand fs 0 body 1 pos 3,4 stuck 0
RC WALK 15 id 5 role expand pos 3,4 tgt 2,22 want SOUTH
RC POS 15 id 7 seat 2 role expand fs 0 body 1 pos 5,8 stuck 0
RC WALK 15 id 7 role expand pos 5,8 tgt 13,15 want EAST
RC POS 15 id 9 seat 3 role raid fs 1 body 2 pos 21,18 stuck 0
RC WALK 15 id 9 role raid pos 21,18 tgt 21,19 want SOUTH
RC POS 16 id 3 seat 0 role raid fs 1 body 1 pos 24,25 stuck 0
RC POS 16 id 5 seat 1 role expand fs 0 body 1 pos 3,5 stuck 0
RC WALK 16 id 5 role expand pos 3,5 tgt 2,22 want SOUTH
RC POS 16 id 7 seat 2 role expand fs 0 body 1 pos 6,8 stuck 0
RC WALK 16 id 7 role expand pos 6,8 tgt 13,15 want EAST
RC POS 16 id 9 seat 3 role raid fs 1 body 2 pos 24,24 stuck 0
RC WALK 16 id 9 role raid pos 24,24 tgt 26,24 want NORTH
RC POS 17 id 3 seat 0 role raid fs 1 body 1 pos 24,25 stuck 1
RC POS 17 id 5 seat 1 role expand fs 0 body 1 pos 3,6 stuck 0
RC WALK 17 id 5 role expand pos 3,6 tgt 2,22 want SOUTH
RC POS 17 id 7 seat 2 role expand fs 0 body 1 pos 7,8 stuck 0
RC WALK 17 id 7 role expand pos 7,8 tgt 13,15 want SOUTH
RC POS 17 id 9 seat 3 role raid fs 1 body 2 pos 24,23 stuck 0
RC WALK 17 id 9 role raid pos 24,23 tgt 26,24 want EAST
RC POS 18 id 3 seat 0 role raid fs 1 body 1 pos 25,25 stuck 0
RC POS 18 id 5 seat 1 role expand fs 0 body 1 pos 3,7 stuck 0
RC WALK 18 id 5 role expand pos 3,7 tgt 2,22 want WEST
RC POS 18 id 7 seat 2 role expand fs 0 body 1 pos 7,9 stuck 0
RC WALK 18 id 7 role expand pos 7,9 tgt 13,15 want EAST
RC POS 18 id 9 seat 3 role raid fs 1 body 2 pos 25,23 stuck 0
RC WALK 18 id 9 role raid pos 25,23 tgt 26,24 want EAST
RC POS 19 id 3 seat 0 role raid fs 1 body 1 pos 25,25 stuck 1
RC POS 19 id 5 seat 1 role expand fs 0 body 1 pos 2,7 stuck 0
RC WALK 19 id 5 role expand pos 2,7 tgt 2,22 want WEST
RC POS 19 id 7 seat 2 role expand fs 0 body 1 pos 8,9 stuck 0
RC WALK 19 id 7 role expand pos 8,9 tgt 13,15 want SOUTH
RC POS 19 id 9 seat 3 role raid fs 1 body 2 pos 26,23 stuck 0
RC WALK 19 id 9 role raid pos 26,23 tgt 26,24 want SOUTH
RC SEAT 19 id 38 seat 4
RC POS 19 id 38 seat 4 role defend fs 0 body 1 pos 4,4 stuck 0
RC WALK 19 id 38 role defend pos 4,4 tgt 5,0 want EAST
RC POS 20 id 3 seat 0 role raid fs 1 body 1 pos 25,25 stuck 2
RC POS 20 id 5 seat 1 role expand fs 0 body 1 pos 1,7 stuck 0
RC WALK 20 id 5 role expand pos 1,7 tgt 2,22 want SOUTH
RC POS 20 id 7 seat 2 role expand fs 0 body 1 pos 8,10 stuck 0
RC WALK 20 id 7 role expand pos 8,10 tgt 13,15 want EAST
RC POS 20 id 9 seat 3 role raid fs 1 body 2 pos 26,24 stuck 0
RC POS 20 id 38 seat 4 role defend fs 0 body 1 pos 5,4 stuck 0
RC WALK 20 id 38 role defend pos 5,4 tgt 5,0 want NORTH
RC POS 21 id 3 seat 0 role raid fs 1 body 1 pos 25,25 stuck 3
RC POS 21 id 5 seat 1 role expand fs 0 body 1 pos 1,8 stuck 0
RC WALK 21 id 5 role expand pos 1,8 tgt 2,22 want SOUTH
RC POS 21 id 7 seat 2 role expand fs 0 body 1 pos 9,10 stuck 0
RC WALK 21 id 7 role expand pos 9,10 tgt 13,15 want SOUTH
RC POS 21 id 9 seat 3 role raid fs 1 body 2 pos 26,24 stuck 1
RC POS 21 id 38 seat 4 role defend fs 0 body 1 pos 5,3 stuck 0
RC WALK 21 id 38 role defend pos 5,3 tgt 5,0 want NORTH
RC POS 22 id 3 seat 0 role raid fs 1 body 1 pos 25,25 stuck 4
RC POS 22 id 5 seat 1 role expand fs 0 body 1 pos 1,9 stuck 0
RC WALK 22 id 5 role expand pos 1,9 tgt 2,22 want SOUTH
RC POS 22 id 7 seat 2 role expand fs 0 body 1 pos 9,11 stuck 0
RC WALK 22 id 7 role expand pos 9,11 tgt 13,15 want EAST
RC POS 22 id 9 seat 3 role raid fs 1 body 2 pos 26,24 stuck 2
RC POS 22 id 38 seat 4 role defend fs 0 body 1 pos 5,2 stuck 0
RC WALK 22 id 38 role defend pos 5,2 tgt 5,0 want NORTH
RC POS 23 id 3 seat 0 role raid fs 1 body 1 pos 25,25 stuck 5
RC POS 23 id 5 seat 1 role expand fs 0 body 1 pos 1,10 stuck 0
RC WALK 23 id 5 role expand pos 1,10 tgt 2,22 want SOUTH
RC POS 23 id 7 seat 2 role expand fs 0 body 1 pos 10,11 stuck 0
RC WALK 23 id 7 role expand pos 10,11 tgt 13,15 want SOUTH
RC POS 23 id 9 seat 3 role raid fs 1 body 2 pos 26,24 stuck 3
RC POS 23 id 38 seat 4 role defend fs 0 body 1 pos 5,1 stuck 0
RC WALK 23 id 38 role defend pos 5,1 tgt 5,0 want NORTH
RC POS 24 id 3 seat 0 role raid fs 1 body 1 pos 25,25 stuck 6
RC POS 24 id 5 seat 1 role expand fs 0 body 1 pos 1,11 stuck 0
RC WALK 24 id 5 role expand pos 1,11 tgt 2,22 want SOUTH
RC POS 24 id 7 seat 2 role expand fs 0 body 1 pos 10,12 stuck 0
RC WALK 24 id 7 role expand pos 10,12 tgt 12,15 want SOUTH
RC POS 24 id 9 seat 3 role raid fs 1 body 2 pos 26,24 stuck 4
RC POS 24 id 38 seat 4 role defend fs 0 body 1 pos 5,0 stuck 0
RC WALK 24 id 38 role defend pos 5,0 tgt 7,1 want EAST
RC POS 25 id 3 seat 0 role raid fs 1 body 1 pos 25,25 stuck 7
RC POS 25 id 5 seat 1 role expand fs 0 body 1 pos 1,12 stuck 0
RC WALK 25 id 5 role expand pos 1,12 tgt 2,22 want SOUTH
RC POS 25 id 7 seat 2 role expand fs 0 body 1 pos 10,13 stuck 0
RC WALK 25 id 7 role expand pos 10,13 tgt 12,15 want EAST
RC POS 25 id 9 seat 3 role raid fs 1 body 2 pos 26,24 stuck 5
RC POS 25 id 38 seat 4 role defend fs 0 body 1 pos 6,0 stuck 0
RC WALK 25 id 38 role defend pos 6,0 tgt 7,1 want EAST
RC POS 26 id 3 seat 0 role raid fs 1 body 1 pos 25,25 stuck 8
RC POS 26 id 5 seat 1 role expand fs 0 body 1 pos 1,13 stuck 0
RC WALK 26 id 5 role expand pos 1,13 tgt 2,22 want SOUTH
RC POS 26 id 7 seat 2 role expand fs 0 body 1 pos 11,13 stuck 0
RC WALK 26 id 7 role expand pos 11,13 tgt 12,15 want SOUTH
RC POS 26 id 9 seat 3 role raid fs 1 body 2 pos 26,24 stuck 6
RC POS 26 id 38 seat 4 role defend fs 0 body 1 pos 7,0 stuck 0
RC WALK 26 id 38 role defend pos 7,0 tgt 7,1 want SOUTH
RC POS 27 id 3 seat 0 role raid fs 1 body 1 pos 25,25 stuck 9
RC POS 27 id 5 seat 1 role expand fs 0 body 1 pos 1,14 stuck 0
RC WALK 27 id 5 role expand pos 1,14 tgt 2,22 want SOUTH
RC POS 27 id 7 seat 2 role expand fs 0 body 1 pos 11,14 stuck 0
RC WALK 27 id 7 role expand pos 11,14 tgt 12,15 want EAST
RC POS 27 id 9 seat 3 role raid fs 1 body 2 pos 26,24 stuck 7
RC POS 27 id 38 seat 4 role defend fs 0 body 1 pos 7,1 stuck 0
RC WALK 27 id 38 role defend pos 7,1 tgt 7,4 want EAST
RC POS 28 id 3 seat 0 role raid fs 1 body 1 pos 25,25 stuck 10
RC POS 28 id 5 seat 1 role expand fs 0 body 1 pos 1,15 stuck 0
RC WALK 28 id 5 role expand pos 1,15 tgt 1,16 want SOUTH
RC POS 28 id 7 seat 2 role expand fs 0 body 1 pos 12,14 stuck 0
RC WALK 28 id 7 role expand pos 12,14 tgt 13,14 want EAST
RC POS 28 id 9 seat 3 role raid fs 1 body 2 pos 26,24 stuck 8
RC POS 28 id 38 seat 4 role defend fs 0 body 1 pos 8,1 stuck 0
RC WALK 28 id 38 role defend pos 8,1 tgt 7,4 want EAST
RC POS 29 id 3 seat 0 role raid fs 1 body 1 pos 25,25 stuck 11
RC WALK 29 id 3 role raid pos 25,25 tgt 25,28 want SOUTH
RC POS 29 id 5 seat 1 role expand fs 0 body 1 pos 1,16 stuck 0
RC POS 29 id 7 seat 2 role expand fs 0 body 1 pos 13,14 stuck 0
RC POS 29 id 9 seat 3 role raid fs 1 body 2 pos 26,24 stuck 9
RC WALK 29 id 9 role raid pos 26,24 tgt 28,25 want NORTH
RC POS 29 id 38 seat 4 role defend fs 0 body 1 pos 9,1 stuck 0
RC WALK 29 id 38 role defend pos 9,1 tgt 7,4 want SOUTH
RC POS 30 id 3 seat 0 role raid fs 1 body 1 pos 25,25 stuck 13
RC WALK 30 id 3 role raid pos 25,25 tgt 25,28 want SOUTH
RC POS 30 id 5 seat 1 role expand fs 0 body 1 pos 1,15 stuck 0
RC WALK 30 id 5 role expand pos 1,15 tgt 1,16 want SOUTH
RC POS 30 id 7 seat 2 role expand fs 0 body 1 pos 12,14 stuck 0
RC WALK 30 id 7 role expand pos 12,14 tgt 13,14 want EAST
RC POS 30 id 9 seat 3 role raid fs 1 body 2 pos 28,26 stuck 0
RC POS 30 id 38 seat 4 role defend fs 0 body 1 pos 9,2 stuck 0
RC WALK 30 id 38 role defend pos 9,2 tgt 7,4 want SOUTH
RC POS 31 id 3 seat 0 role raid fs 1 body 1 pos 25,25 stuck 15
RC WALK 31 id 3 role raid pos 25,25 tgt 25,28 want SOUTH
RC POS 31 id 5 seat 1 role expand fs 0 body 1 pos 1,16 stuck 0
RC POS 31 id 7 seat 2 role expand fs 0 body 1 pos 13,14 stuck 0
RC POS 31 id 9 seat 3 role raid fs 1 body 2 pos 28,26 stuck 1
RC WALK 31 id 9 role raid pos 28,26 tgt 28,28 want EAST
RC POS 31 id 38 seat 4 role defend fs 0 body 1 pos 9,3 stuck 0
RC WALK 31 id 38 role defend pos 9,3 tgt 7,4 want WEST
RC POS 32 id 3 seat 0 role raid fs 1 body 1 pos 25,25 stuck 17
RC WALK 32 id 3 role raid pos 25,25 tgt 25,28 want SOUTH
RC POS 32 id 5 seat 1 role expand fs 0 body 1 pos 1,15 stuck 0
RC WALK 32 id 5 role expand pos 1,15 tgt 1,16 want SOUTH
RC POS 32 id 7 seat 2 role expand fs 0 body 1 pos 12,14 stuck 0
RC WALK 32 id 7 role expand pos 12,14 tgt 13,14 want EAST
RC POS 32 id 9 seat 3 role raid fs 1 body 2 pos 29,26 stuck 0
RC POS 32 id 38 seat 4 role defend fs 0 body 1 pos 8,3 stuck 0
RC WALK 32 id 38 role defend pos 8,3 tgt 7,4 want SOUTH
RC POS 33 id 3 seat 0 role raid fs 1 body 1 pos 25,25 stuck 19
RC WALK 33 id 3 role raid pos 25,25 tgt 25,28 want SOUTH
RC POS 33 id 5 seat 1 role expand fs 0 body 1 pos 1,16 stuck 0
RC POS 33 id 7 seat 2 role expand fs 0 body 1 pos 13,14 stuck 0
RC POS 33 id 9 seat 3 role raid fs 1 body 2 pos 29,26 stuck 1
RC WALK 33 id 9 role raid pos 29,26 tgt 28,28 want SOUTH
RC POS 33 id 38 seat 4 role defend fs 0 body 1 pos 8,4 stuck 0
RC WALK 33 id 38 role defend pos 8,4 tgt 7,4 want WEST
RC POS 34 id 5 seat 1 role expand fs 0 body 1 pos 1,15 stuck 0
V528 CONN r 34 id 5 at 1,16 chosen 15 best 0 regret 15 cands 7 role expand seat 1
RC POS 34 id 7 seat 2 role expand fs 0 body 1 pos 12,14 stuck 0
RC WALK 34 id 7 role expand pos 12,14 tgt 13,14 want EAST
RC POS 34 id 9 seat 3 role raid fs 1 body 2 pos 29,27 stuck 0
RC WALK 34 id 9 role raid pos 29,27 tgt 28,28 want SOUTH
RC POS 34 id 38 seat 4 role defend fs 0 body 1 pos 7,4 stuck 0
RC WALK 34 id 38 role defend pos 7,4 tgt 5,7 want SOUTH
RC POS 35 id 5 seat 1 role expand fs 0 body 1 pos 1,15 stuck 1
RC POS 35 id 7 seat 2 role expand fs 0 body 1 pos 13,14 stuck 0
RC POS 35 id 9 seat 3 role raid fs 1 body 2 pos 29,28 stuck 0
RC WALK 35 id 9 role raid pos 29,28 tgt 28,28 want WEST
RC POS 35 id 38 seat 4 role defend fs 0 body 1 pos 7,5 stuck 0
RC WALK 35 id 38 role defend pos 7,5 tgt 5,7 want WEST
RC POS 36 id 5 seat 1 role expand fs 0 body 1 pos 1,15 stuck 2
RC POS 36 id 7 seat 2 role expand fs 0 body 1 pos 12,14 stuck 0
RC WALK 36 id 7 role expand pos 12,14 tgt 12,15 want SOUTH
RC POS 36 id 9 seat 3 role raid fs 1 body 2 pos 28,28 stuck 0
RC POS 36 id 38 seat 4 role defend fs 0 body 1 pos 6,5 stuck 0
RC WALK 36 id 38 role defend pos 6,5 tgt 5,7 want SOUTH
RC POS 37 id 5 seat 1 role expand fs 0 body 1 pos 1,14 stuck 0
RC POS 37 id 7 seat 2 role expand fs 0 body 1 pos 12,15 stuck 0
RC WALK 37 id 7 role expand pos 12,15 tgt 13,15 want EAST
RC POS 37 id 9 seat 3 role raid fs 1 body 2 pos 28,28 stuck 1
RC WALK 37 id 9 role raid pos 28,28 tgt 26,29 want SOUTH
RC POS 37 id 38 seat 4 role defend fs 0 body 1 pos 6,6 stuck 0
RC WALK 37 id 38 role defend pos 6,6 tgt 5,7 want WEST
RC POS 38 id 5 seat 1 role expand fs 0 body 1 pos 1,14 stuck 1
RC POS 38 id 7 seat 2 role expand fs 0 body 1 pos 13,15 stuck 0
RC POS 38 id 9 seat 3 role raid fs 1 body 2 pos 28,29 stuck 0
RC WALK 38 id 9 role raid pos 28,29 tgt 26,29 want WEST
RC POS 38 id 38 seat 4 role defend fs 0 body 1 pos 5,6 stuck 0
RC WALK 38 id 38 role defend pos 5,6 tgt 5,7 want SOUTH
RC POS 39 id 5 seat 1 role expand fs 0 body 1 pos 1,14 stuck 2
RC WALK 39 id 5 role expand pos 1,14 tgt 1,12 want NORTH
RC POS 39 id 7 seat 2 role expand fs 0 body 1 pos 12,15 stuck 0
RC WALK 39 id 7 role expand pos 12,15 tgt 13,15 want EAST
RC POS 39 id 9 seat 3 role raid fs 1 body 2 pos 27,29 stuck 0
RC WALK 39 id 9 role raid pos 27,29 tgt 26,29 want WEST
RC POS 39 id 38 seat 4 role defend fs 0 body 1 pos 5,7 stuck 0
RC WALK 39 id 38 role defend pos 5,7 tgt 2,8 want WEST
RC POS 40 id 5 seat 1 role expand fs 0 body 1 pos 1,13 stuck 0
RC POS 40 id 7 seat 2 role expand fs 0 body 1 pos 13,15 stuck 0
RC POS 40 id 9 seat 3 role raid fs 1 body 2 pos 26,29 stuck 0
RC POS 40 id 38 seat 4 role defend fs 0 body 1 pos 4,7 stuck 0
RC WALK 40 id 38 role defend pos 4,7 tgt 2,8 want WEST
RC POS 41 id 5 seat 1 role expand fs 0 body 1 pos 1,13 stuck 1
RC WALK 41 id 5 role expand pos 1,13 tgt 1,11 want NORTH
RC POS 41 id 7 seat 2 role expand fs 0 body 1 pos 12,15 stuck 0
RC WALK 41 id 7 role expand pos 12,15 tgt 13,15 want EAST
RC POS 41 id 9 seat 3 role raid fs 1 body 2 pos 26,29 stuck 1
RC WALK 41 id 9 role raid pos 26,29 tgt 25,28 want WEST
RC POS 41 id 38 seat 4 role defend fs 0 body 1 pos 3,7 stuck 0
RC WALK 41 id 38 role defend pos 3,7 tgt 2,8 want WEST
RC POS 42 id 5 seat 1 role expand fs 0 body 1 pos 1,12 stuck 0
RC POS 42 id 7 seat 2 role expand fs 0 body 1 pos 13,15 stuck 0
RC POS 42 id 9 seat 3 role raid fs 1 body 2 pos 25,29 stuck 0
RC WALK 42 id 9 role raid pos 25,29 tgt 25,28 want NORTH
RC POS 42 id 38 seat 4 role defend fs 0 body 1 pos 2,7 stuck 0
RC WALK 42 id 38 role defend pos 2,7 tgt 2,8 want CENTRE
RC POS 43 id 5 seat 1 role expand fs 0 body 1 pos 1,12 stuck 1
RC WALK 43 id 5 role expand pos 1,12 tgt 1,10 want NORTH
RC POS 43 id 7 seat 2 role expand fs 0 body 1 pos 12,15 stuck 0
RC WALK 43 id 7 role expand pos 12,15 tgt 13,15 want EAST
RC POS 43 id 9 seat 3 role raid fs 1 body 2 pos 25,28 stuck 0
RC POS 43 id 38 seat 4 role defend fs 0 body 1 pos 2,7 stuck 1
RC WALK 43 id 38 role defend pos 2,7 tgt 2,8 want CENTRE
RC POS 44 id 5 seat 1 role expand fs 0 body 1 pos 1,11 stuck 0
RC POS 44 id 7 seat 2 role expand fs 0 body 1 pos 13,15 stuck 0
RC POS 44 id 9 seat 3 role raid fs 1 body 2 pos 25,28 stuck 1
RC WALK 44 id 9 role raid pos 25,28 tgt 28,24 want SOUTH
RC POS 44 id 38 seat 4 role defend fs 0 body 1 pos 2,7 stuck 2
RC WALK 44 id 38 role defend pos 2,7 tgt 2,8 want CENTRE
RC POS 45 id 5 seat 1 role expand fs 0 body 1 pos 1,11 stuck 1
RC WALK 45 id 5 role expand pos 1,11 tgt 1,9 want NORTH
RC POS 45 id 7 seat 2 role expand fs 0 body 1 pos 12,15 stuck 0
RC WALK 45 id 7 role expand pos 12,15 tgt 13,15 want EAST
RC POS 45 id 9 seat 3 role raid fs 1 body 2 pos 25,29 stuck 0
RC POS 45 id 38 seat 4 role defend fs 0 body 1 pos 2,7 stuck 3
RC WALK 45 id 38 role defend pos 2,7 tgt 2,8 want CENTRE
RC POS 46 id 5 seat 1 role expand fs 0 body 1 pos 1,10 stuck 0
RC POS 46 id 7 seat 2 role expand fs 0 body 1 pos 13,15 stuck 0
V528 CONN r 46 id 7 at 13,14 chosen 21 best 1 regret 20 cands 7 role expand seat 2
RC WALK 46 id 7 role expand pos 13,15 tgt 12,14 want WEST
RC POS 46 id 9 seat 3 role raid fs 1 body 2 pos 25,29 stuck 1
RC WALK 46 id 9 role raid pos 25,29 tgt 25,24 want WEST
RC POS 46 id 38 seat 4 role defend fs 0 body 1 pos 2,7 stuck 4
RC WALK 46 id 38 role defend pos 2,7 tgt 2,8 want CENTRE
RC POS 47 id 5 seat 1 role expand fs 0 body 1 pos 1,10 stuck 1
RC WALK 47 id 5 role expand pos 1,10 tgt 1,8 want NORTH
RC POS 47 id 7 seat 2 role expand fs 0 body 1 pos 13,15 stuck 2
RC POS 47 id 9 seat 3 role raid fs 1 body 2 pos 24,29 stuck 0
RC POS 47 id 38 seat 4 role defend fs 0 body 1 pos 2,7 stuck 5
RC WALK 47 id 38 role defend pos 2,7 tgt 4,4 want NORTH
RC POS 48 id 5 seat 1 role expand fs 0 body 1 pos 1,9 stuck 0
RC POS 48 id 7 seat 2 role expand fs 0 body 1 pos 12,15 stuck 0
RC POS 48 id 9 seat 3 role raid fs 1 body 2 pos 25,29 stuck 0
RC WALK 48 id 9 role raid pos 25,29 tgt 25,24 want EAST
RC POS 48 id 38 seat 4 role defend fs 0 body 1 pos 2,6 stuck 0
RC WALK 48 id 38 role defend pos 2,6 tgt 4,4 want EAST
RC POS 49 id 5 seat 1 role expand fs 0 body 1 pos 1,9 stuck 1
RC WALK 49 id 5 role expand pos 1,9 tgt 1,7 want NORTH
RC POS 49 id 7 seat 2 role expand fs 0 body 1 pos 12,15 stuck 1
RC WALK 49 id 7 role expand pos 12,15 tgt 11,14 want WEST
RC POS 49 id 9 seat 3 role raid fs 1 body 2 pos 26,29 stuck 0
RC WALK 49 id 9 role raid pos 26,29 tgt 25,24 want EAST
RC POS 49 id 38 seat 4 role defend fs 0 body 1 pos 3,6 stuck 0
RC WALK 49 id 38 role defend pos 3,6 tgt 4,4 want NORTH
RC POS 50 id 5 seat 1 role expand fs 0 body 1 pos 1,8 stuck 0
RC POS 50 id 7 seat 2 role expand fs 0 body 1 pos 11,15 stuck 0
RC POS 50 id 9 seat 3 role raid fs 1 body 2 pos 27,29 stuck 0
RC WALK 50 id 9 role raid pos 27,29 tgt 28,24 want EAST
RC POS 50 id 38 seat 4 role defend fs 0 body 1 pos 3,5 stuck 0
RC WALK 50 id 38 role defend pos 3,5 tgt 4,4 want NORTH
RC POS 51 id 5 seat 1 role expand fs 0 body 1 pos 1,8 stuck 1
RC WALK 51 id 5 role expand pos 1,8 tgt 1,6 want NORTH
RC POS 51 id 7 seat 2 role expand fs 0 body 1 pos 11,15 stuck 1
RC WALK 51 id 7 role expand pos 11,15 tgt 11,13 want NORTH
RC POS 51 id 9 seat 3 role raid fs 1 body 2 pos 28,29 stuck 0
RC WALK 51 id 9 role raid pos 28,29 tgt 28,24 want NORTH
RC POS 51 id 38 seat 4 role defend fs 0 body 1 pos 3,4 stuck 0
RC WALK 51 id 38 role defend pos 3,4 tgt 4,4 want CENTRE
RC POS 52 id 5 seat 1 role expand fs 0 body 1 pos 1,7 stuck 0
RC POS 52 id 7 seat 2 role expand fs 0 body 1 pos 11,14 stuck 0
RC POS 52 id 9 seat 3 role raid fs 1 body 2 pos 28,28 stuck 0
RC WALK 52 id 9 role raid pos 28,28 tgt 28,24 want EAST
RC POS 52 id 38 seat 4 role defend fs 0 body 1 pos 3,4 stuck 1
RC WALK 52 id 38 role defend pos 3,4 tgt 4,4 want CENTRE
RC POS 53 id 5 seat 1 role expand fs 0 body 1 pos 1,7 stuck 1
RC WALK 53 id 5 role expand pos 1,7 tgt 1,5 want NORTH
RC POS 53 id 7 seat 2 role expand fs 0 body 1 pos 11,14 stuck 1
RC WALK 53 id 7 role expand pos 11,14 tgt 11,12 want NORTH
RC POS 53 id 9 seat 3 role raid fs 1 body 2 pos 29,28 stuck 0
RC WALK 53 id 9 role raid pos 29,28 tgt 29,25 want NORTH
RC POS 53 id 38 seat 4 role defend fs 0 body 1 pos 3,4 stuck 2
RC WALK 53 id 38 role defend pos 3,4 tgt 4,4 want CENTRE
RC POS 54 id 5 seat 1 role expand fs 0 body 1 pos 1,6 stuck 0
RC POS 54 id 7 seat 2 role expand fs 0 body 1 pos 11,13 stuck 0
RC POS 54 id 9 seat 3 role raid fs 1 body 2 pos 29,27 stuck 0
RC WALK 54 id 9 role raid pos 29,27 tgt 29,25 want NORTH
RC POS 54 id 38 seat 4 role defend fs 0 body 1 pos 3,4 stuck 3
RC WALK 54 id 38 role defend pos 3,4 tgt 4,4 want CENTRE
RC POS 55 id 5 seat 1 role expand fs 0 body 1 pos 1,6 stuck 1
RC WALK 55 id 5 role expand pos 1,6 tgt 1,4 want NORTH
RC POS 55 id 7 seat 2 role expand fs 0 body 1 pos 11,13 stuck 1
RC WALK 55 id 7 role expand pos 11,13 tgt 11,11 want NORTH
RC POS 55 id 9 seat 3 role raid fs 1 body 2 pos 29,26 stuck 0
RC WALK 55 id 9 role raid pos 29,26 tgt 29,25 want NORTH
RC POS 55 id 38 seat 4 role defend fs 0 body 1 pos 3,4 stuck 4
RC WALK 55 id 38 role defend pos 3,4 tgt 4,4 want CENTRE
RC POS 56 id 5 seat 1 role expand fs 0 body 1 pos 1,5 stuck 0
RC POS 56 id 7 seat 2 role expand fs 0 body 1 pos 11,12 stuck 0
RC POS 56 id 9 seat 3 role raid fs 1 body 2 pos 29,25 stuck 0
RC POS 56 id 38 seat 4 role defend fs 0 body 1 pos 3,4 stuck 5
RC WALK 56 id 38 role defend pos 3,4 tgt 0,7 want SOUTH
RC POS 57 id 5 seat 1 role expand fs 0 body 1 pos 1,5 stuck 1
RC WALK 57 id 5 role expand pos 1,5 tgt 1,3 want NORTH
RC POS 57 id 7 seat 2 role expand fs 0 body 1 pos 11,12 stuck 1
RC WALK 57 id 7 role expand pos 11,12 tgt 11,10 want NORTH
RC POS 57 id 9 seat 3 role raid fs 1 body 2 pos 29,25 stuck 1
RC WALK 57 id 9 role raid pos 29,25 tgt 25,29 want NORTH
RC POS 57 id 38 seat 4 role defend fs 0 body 1 pos 3,5 stuck 0
RC WALK 57 id 38 role defend pos 3,5 tgt 0,7 want WEST
RC POS 58 id 5 seat 1 role expand fs 0 body 1 pos 1,4 stuck 0
RC POS 58 id 7 seat 2 role expand fs 0 body 1 pos 11,11 stuck 0
RC POS 58 id 9 seat 3 role raid fs 1 body 2 pos 29,24 stuck 0
RC WALK 58 id 9 role raid pos 29,24 tgt 26,29 want WEST
RC POS 58 id 38 seat 4 role defend fs 0 body 1 pos 2,5 stuck 0
RC WALK 58 id 38 role defend pos 2,5 tgt 0,7 want WEST
RC POS 59 id 5 seat 1 role expand fs 0 body 1 pos 1,4 stuck 1
RC WALK 59 id 5 role expand pos 1,4 tgt 1,3 want NORTH
RC POS 59 id 7 seat 2 role expand fs 0 body 1 pos 11,11 stuck 1
RC WALK 59 id 7 role expand pos 11,11 tgt 10,10 want WEST
RC POS 59 id 9 seat 3 role raid fs 1 body 2 pos 28,24 stuck 0
RC WALK 59 id 9 role raid pos 28,24 tgt 25,29 want NORTH
RC POS 59 id 38 seat 4 role defend fs 0 body 1 pos 1,5 stuck 0
RC WALK 59 id 38 role defend pos 1,5 tgt 0,7 want SOUTH
RC POS 60 id 5 seat 1 role expand fs 0 body 1 pos 1,3 stuck 0
RC WALK 60 id 5 role expand pos 1,3 tgt 6,2 want NORTH
RC POS 60 id 7 seat 2 role expand fs 0 body 1 pos 10,11 stuck 0
RC POS 60 id 9 seat 3 role raid fs 1 body 2 pos 28,23 stuck 0
RC WALK 60 id 9 role raid pos 28,23 tgt 28,28 want SOUTH
RC POS 60 id 38 seat 4 role defend fs 0 body 1 pos 1,6 stuck 0
RC POS 61 id 5 seat 1 role expand fs 0 body 1 pos 1,2 stuck 0
RC WALK 61 id 5 role expand pos 1,2 tgt 6,2 want NORTH
RC POS 61 id 7 seat 2 role expand fs 0 body 1 pos 10,11 stuck 1
RC WALK 61 id 7 role expand pos 10,11 tgt 10,9 want NORTH
RC POS 61 id 9 seat 3 role raid fs 1 body 2 pos 28,24 stuck 0
RC WALK 61 id 9 role raid pos 28,24 tgt 25,29 want EAST
RC POS 61 id 38 seat 4 role defend fs 0 body 1 pos 1,6 stuck 1
RC WALK 61 id 38 role defend pos 1,6 tgt 0,7 want WEST
RC POS 62 id 5 seat 1 role expand fs 0 body 1 pos 1,1 stuck 0
RC WALK 62 id 5 role expand pos 1,1 tgt 6,2 want EAST
RC POS 62 id 7 seat 2 role expand fs 0 body 1 pos 10,10 stuck 0
RC POS 62 id 9 seat 3 role raid fs 1 body 2 pos 29,24 stuck 0
RC WALK 62 id 9 role raid pos 29,24 tgt 26,29 want SOUTH
RC POS 62 id 38 seat 4 role defend fs 0 body 1 pos 0,6 stuck 0
RC WALK 62 id 38 role defend pos 0,6 tgt 0,7 want SOUTH
RC POS 63 id 5 seat 1 role expand fs 0 body 1 pos 2,1 stuck 0
RC WALK 63 id 5 role expand pos 2,1 tgt 5,2 want EAST
RC POS 63 id 7 seat 2 role expand fs 0 body 1 pos 10,10 stuck 1
RC WALK 63 id 7 role expand pos 10,10 tgt 10,8 want NORTH
RC POS 63 id 9 seat 3 role raid fs 1 body 2 pos 29,25 stuck 0
RC WALK 63 id 9 role raid pos 29,25 tgt 25,29 want SOUTH
RC POS 63 id 38 seat 4 role defend fs 0 body 1 pos 0,7 stuck 0
RC WALK 63 id 38 role defend pos 0,7 tgt 0,3 want NORTH
RC POS 64 id 5 seat 1 role expand fs 0 body 1 pos 3,1 stuck 0
RC WALK 64 id 5 role expand pos 3,1 tgt 5,2 want NORTH
RC POS 64 id 7 seat 2 role expand fs 0 body 1 pos 10,9 stuck 0
RC POS 64 id 9 seat 3 role raid fs 1 body 2 pos 29,26 stuck 0
RC WALK 64 id 9 role raid pos 29,26 tgt 24,25 want NORTH
RC POS 64 id 38 seat 4 role defend fs 0 body 1 pos 0,6 stuck 0
RC WALK 64 id 38 role defend pos 0,6 tgt 0,3 want NORTH
RC POS 65 id 5 seat 1 role expand fs 0 body 1 pos 3,0 stuck 0
RC WALK 65 id 5 role expand pos 3,0 tgt 5,2 want EAST
RC POS 65 id 7 seat 2 role expand fs 0 body 1 pos 10,9 stuck 1
RC WALK 65 id 7 role expand pos 10,9 tgt 10,7 want NORTH
RC POS 65 id 9 seat 3 role raid fs 1 body 2 pos 29,25 stuck 0
RC WALK 65 id 9 role raid pos 29,25 tgt 25,29 want SOUTH
RC POS 65 id 38 seat 4 role defend fs 0 body 1 pos 0,5 stuck 0
RC WALK 65 id 38 role defend pos 0,5 tgt 0,3 want NORTH
RC POS 66 id 5 seat 1 role expand fs 0 body 1 pos 4,0 stuck 0
RC WALK 66 id 5 role expand pos 4,0 tgt 5,2 want EAST
RC POS 66 id 7 seat 2 role expand fs 0 body 1 pos 10,8 stuck 0
RC POS 66 id 9 seat 3 role raid fs 1 body 2 pos 29,26 stuck 0
RC WALK 66 id 9 role raid pos 29,26 tgt 24,25 want NORTH
RC POS 66 id 38 seat 4 role defend fs 0 body 1 pos 0,4 stuck 0
RC WALK 66 id 38 role defend pos 0,4 tgt 0,3 want NORTH
RC POS 67 id 5 seat 1 role expand fs 0 body 1 pos 5,0 stuck 0
RC WALK 67 id 5 role expand pos 5,0 tgt 5,2 want SOUTH
RC POS 67 id 7 seat 2 role expand fs 0 body 1 pos 10,8 stuck 1
RC WALK 67 id 7 role expand pos 10,8 tgt 9,7 want WEST
RC POS 67 id 9 seat 3 role raid fs 1 body 2 pos 29,25 stuck 0
RC WALK 67 id 9 role raid pos 29,25 tgt 25,29 want NORTH
RC POS 67 id 38 seat 4 role defend fs 0 body 1 pos 0,3 stuck 0
RC WALK 67 id 38 role defend pos 0,3 tgt 0,0 want NORTH
RC POS 68 id 5 seat 1 role expand fs 0 body 1 pos 5,1 stuck 0
RC WALK 68 id 5 role expand pos 5,1 tgt 5,2 want SOUTH
RC POS 68 id 7 seat 2 role expand fs 0 body 1 pos 9,8 stuck 0
RC POS 68 id 9 seat 3 role raid fs 1 body 2 pos 29,24 stuck 0
RC WALK 68 id 9 role raid pos 29,24 tgt 26,29 want WEST
RC POS 68 id 38 seat 4 role defend fs 0 body 1 pos 0,2 stuck 0
RC WALK 68 id 38 role defend pos 0,2 tgt 0,0 want NORTH
RC POS 69 id 5 seat 1 role expand fs 0 body 1 pos 5,2 stuck 0
RC WALK 69 id 5 role expand pos 5,2 tgt 2,22 want SOUTH
RC POS 69 id 7 seat 2 role expand fs 0 body 1 pos 9,8 stuck 1
RC WALK 69 id 7 role expand pos 9,8 tgt 8,7 want WEST
RC POS 69 id 9 seat 3 role raid fs 1 body 2 pos 28,24 stuck 0
RC WALK 69 id 9 role raid pos 28,24 tgt 25,29 want NORTH
RC POS 69 id 38 seat 4 role defend fs 0 body 1 pos 0,1 stuck 0
RC WALK 69 id 38 role defend pos 0,1 tgt 0,0 want NORTH
RC POS 70 id 5 seat 1 role expand fs 0 body 1 pos 5,3 stuck 0
RC WALK 70 id 5 role expand pos 5,3 tgt 2,22 want SOUTH
RC POS 70 id 7 seat 2 role expand fs 0 body 1 pos 8,8 stuck 0
RC POS 70 id 9 seat 3 role raid fs 1 body 2 pos 28,23 stuck 0
RC WALK 70 id 9 role raid pos 28,23 tgt 28,28 want WEST
RC POS 70 id 38 seat 4 role defend fs 0 body 1 pos 0,0 stuck 0
RC WALK 70 id 38 role defend pos 0,0 tgt 0,0 want CENTRE
RC POS 71 id 5 seat 1 role expand fs 0 body 1 pos 5,4 stuck 0
RC WALK 71 id 5 role expand pos 5,4 tgt 2,22 want SOUTH
RC POS 71 id 7 seat 2 role expand fs 0 body 1 pos 8,8 stuck 1
RC WALK 71 id 7 role expand pos 8,8 tgt 8,6 want NORTH
RC POS 71 id 9 seat 3 role raid fs 1 body 2 pos 27,23 stuck 0
RC WALK 71 id 9 role raid pos 27,23 tgt 27,28 want EAST
RC POS 71 id 38 seat 4 role defend fs 0 body 1 pos 0,0 stuck 1
RC WALK 71 id 38 role defend pos 0,0 tgt 3,0 want EAST
RC POS 72 id 5 seat 1 role expand fs 0 body 1 pos 5,5 stuck 0
RC WALK 72 id 5 role expand pos 5,5 tgt 2,22 want SOUTH
RC POS 72 id 7 seat 2 role expand fs 0 body 1 pos 8,7 stuck 0
RC POS 72 id 9 seat 3 role raid fs 1 body 2 pos 28,23 stuck 0
RC WALK 72 id 9 role raid pos 28,23 tgt 28,28 want SOUTH
RC POS 72 id 38 seat 4 role defend fs 0 body 1 pos 1,0 stuck 0
RC WALK 72 id 38 role defend pos 1,0 tgt 3,0 want EAST
RC POS 73 id 5 seat 1 role expand fs 0 body 1 pos 5,6 stuck 0
RC WALK 73 id 5 role expand pos 5,6 tgt 2,22 want SOUTH
RC POS 73 id 7 seat 2 role expand fs 0 body 1 pos 8,7 stuck 1
RC WALK 73 id 7 role expand pos 8,7 tgt 8,5 want NORTH
RC POS 73 id 9 seat 3 role raid fs 1 body 2 pos 28,24 stuck 0
RC WALK 73 id 9 role raid pos 28,24 tgt 25,29 want NORTH
RC POS 73 id 38 seat 4 role defend fs 0 body 1 pos 2,0 stuck 0
RC WALK 73 id 38 role defend pos 2,0 tgt 3,0 want EAST
RC POS 74 id 5 seat 1 role expand fs 0 body 1 pos 5,7 stuck 0
RC WALK 74 id 5 role expand pos 5,7 tgt 2,22 want SOUTH
RC POS 74 id 7 seat 2 role expand fs 0 body 1 pos 8,6 stuck 0
RC POS 74 id 9 seat 3 role raid fs 1 body 2 pos 28,23 stuck 0
RC WALK 74 id 9 role raid pos 28,23 tgt 28,28 want WEST
RC POS 74 id 38 seat 4 role defend fs 0 body 1 pos 3,0 stuck 0
RC WALK 74 id 38 role defend pos 3,0 tgt 8,0 want EAST
RC POS 75 id 5 seat 1 role expand fs 0 body 1 pos 5,8 stuck 0
RC WALK 75 id 5 role expand pos 5,8 tgt 2,22 want SOUTH
RC POS 75 id 7 seat 2 role expand fs 0 body 1 pos 8,6 stuck 1
RC WALK 75 id 7 role expand pos 8,6 tgt 8,4 want NORTH
RC POS 75 id 9 seat 3 role raid fs 1 body 2 pos 27,23 stuck 0
RC WALK 75 id 9 role raid pos 27,23 tgt 27,28 want WEST
RC POS 75 id 38 seat 4 role defend fs 0 body 1 pos 4,0 stuck 0
RC POS 76 id 5 seat 1 role expand fs 0 body 1 pos 5,9 stuck 0
RC WALK 76 id 5 role expand pos 5,9 tgt 2,22 want SOUTH
RC POS 76 id 7 seat 2 role expand fs 0 body 1 pos 8,5 stuck 0
RC POS 76 id 9 seat 3 role raid fs 1 body 2 pos 26,23 stuck 0
RC WALK 76 id 9 role raid pos 26,23 tgt 26,28 want WEST
RC POS 76 id 38 seat 4 role defend fs 0 body 1 pos 4,0 stuck 1
RC WALK 76 id 38 role defend pos 4,0 tgt 4,4 want EAST
RC POS 77 id 5 seat 1 role expand fs 0 body 1 pos 5,10 stuck 0
RC WALK 77 id 5 role expand pos 5,10 tgt 2,22 want WEST
RC POS 77 id 7 seat 2 role expand fs 0 body 1 pos 8,5 stuck 1
RC WALK 77 id 7 role expand pos 8,5 tgt 7,4 want WEST
RC POS 77 id 9 seat 3 role raid fs 1 body 2 pos 25,23 stuck 0
RC WALK 77 id 9 role raid pos 25,23 tgt 25,28 want WEST
RC POS 77 id 38 seat 4 role defend fs 0 body 1 pos 5,0 stuck 0
RC WALK 77 id 38 role defend pos 5,0 tgt 4,4 want SOUTH
RC POS 78 id 5 seat 1 role expand fs 0 body 1 pos 4,10 stuck 0
RC WALK 78 id 5 role expand pos 4,10 tgt 2,22 want SOUTH
RC POS 78 id 7 seat 2 role expand fs 0 body 1 pos 7,5 stuck 0
RC POS 78 id 9 seat 3 role raid fs 1 body 2 pos 24,23 stuck 0
RC WALK 78 id 9 role raid pos 24,23 tgt 25,28 want WEST
RC POS 78 id 38 seat 4 role defend fs 0 body 1 pos 5,1 stuck 0
RC WALK 78 id 38 role defend pos 5,1 tgt 4,4 want SOUTH
RC POS 79 id 5 seat 1 role expand fs 0 body 1 pos 4,11 stuck 0
RC WALK 79 id 5 role expand pos 4,11 tgt 2,22 want SOUTH
RC POS 79 id 7 seat 2 role expand fs 0 body 1 pos 7,5 stuck 1
RC WALK 79 id 7 role expand pos 7,5 tgt 6,4 want WEST
RC POS 79 id 9 seat 3 role raid fs 1 body 2 pos 23,23 stuck 0
RC WALK 79 id 9 role raid pos 23,23 tgt 28,25 want EAST
RC POS 79 id 38 seat 4 role defend fs 0 body 1 pos 5,2 stuck 0
RC WALK 79 id 38 role defend pos 5,2 tgt 4,4 want SOUTH
RC POS 80 id 5 seat 1 role expand fs 0 body 1 pos 4,12 stuck 0
RC WALK 80 id 5 role expand pos 4,12 tgt 2,22 want SOUTH
RC POS 80 id 7 seat 2 role expand fs 0 body 1 pos 6,5 stuck 0
RC POS 80 id 9 seat 3 role raid fs 1 body 2 pos 24,23 stuck 0
RC WALK 80 id 9 role raid pos 24,23 tgt 25,28 want WEST
RC POS 80 id 38 seat 4 role defend fs 0 body 1 pos 5,3 stuck 0
RC WALK 80 id 38 role defend pos 5,3 tgt 4,4 want SOUTH
RC POS 81 id 5 seat 1 role expand fs 0 body 1 pos 4,13 stuck 0
RC WALK 81 id 5 role expand pos 4,13 tgt 2,22 want SOUTH
RC POS 81 id 7 seat 2 role expand fs 0 body 1 pos 6,5 stuck 1
RC WALK 81 id 7 role expand pos 6,5 tgt 5,4 want WEST
RC POS 81 id 9 seat 3 role raid fs 1 body 2 pos 23,23 stuck 0
RC WALK 81 id 9 role raid pos 23,23 tgt 28,25 want EAST
RC POS 81 id 38 seat 4 role defend fs 0 body 1 pos 5,4 stuck 0
RC WALK 81 id 38 role defend pos 5,4 tgt 4,4 want WEST
RC POS 82 id 5 seat 1 role expand fs 0 body 1 pos 4,14 stuck 0
RC WALK 82 id 5 role expand pos 4,14 tgt 2,22 want SOUTH
RC POS 82 id 7 seat 2 role expand fs 0 body 1 pos 5,5 stuck 0
RC POS 82 id 9 seat 3 role raid fs 1 body 2 pos 24,23 stuck 0
RC WALK 82 id 9 role raid pos 24,23 tgt 25,28 want WEST
RC POS 82 id 38 seat 4 role defend fs 0 body 1 pos 4,4 stuck 0
RC WALK 82 id 38 role defend pos 4,4 tgt 9,2 want EAST
RC POS 83 id 5 seat 1 role expand fs 0 body 1 pos 4,15 stuck 0
RC WALK 83 id 5 role expand pos 4,15 tgt 2,22 want SOUTH
RC POS 83 id 7 seat 2 role expand fs 0 body 1 pos 5,5 stuck 1
RC WALK 83 id 7 role expand pos 5,5 tgt 4,4 want SOUTH
RC POS 83 id 9 seat 3 role raid fs 1 body 2 pos 23,23 stuck 0
RC WALK 83 id 9 role raid pos 23,23 tgt 28,25 want EAST
RC POS 83 id 38 seat 4 role defend fs 0 body 1 pos 5,4 stuck 0
RC WALK 83 id 38 role defend pos 5,4 tgt 9,2 want EAST
RC POS 84 id 5 seat 1 role expand fs 0 body 1 pos 4,16 stuck 0
RC WALK 84 id 5 role expand pos 4,16 tgt 2,22 want WEST
RC POS 84 id 7 seat 2 role expand fs 0 body 1 pos 5,6 stuck 0
RC WALK 84 id 7 role expand pos 5,6 tgt 4,4 want NORTH
RC POS 84 id 9 seat 3 role raid fs 1 body 2 pos 24,23 stuck 0
RC WALK 84 id 9 role raid pos 24,23 tgt 25,28 want WEST
RC POS 84 id 38 seat 4 role defend fs 0 body 1 pos 6,4 stuck 0
RC WALK 84 id 38 role defend pos 6,4 tgt 9,2 want EAST
RC POS 85 id 5 seat 1 role expand fs 0 body 1 pos 3,16 stuck 0
RC WALK 85 id 5 role expand pos 3,16 tgt 2,22 want SOUTH
RC POS 85 id 7 seat 2 role expand fs 0 body 1 pos 5,5 stuck 0
RC WALK 85 id 7 role expand pos 5,5 tgt 4,4 want NORTH
RC POS 85 id 9 seat 3 role raid fs 1 body 2 pos 23,23 stuck 0
RC WALK 85 id 9 role raid pos 23,23 tgt 28,25 want EAST
RC POS 85 id 38 seat 4 role defend fs 0 body 1 pos 7,4 stuck 0
RC WALK 85 id 38 role defend pos 7,4 tgt 9,2 want EAST
RC POS 86 id 5 seat 1 role expand fs 0 body 1 pos 3,17 stuck 0
RC WALK 86 id 5 role expand pos 3,17 tgt 2,22 want SOUTH
RC POS 86 id 7 seat 2 role expand fs 0 body 1 pos 5,4 stuck 0
RC WALK 86 id 7 role expand pos 5,4 tgt 3,4 want WEST
RC POS 86 id 9 seat 3 role raid fs 1 body 2 pos 24,23 stuck 0
RC WALK 86 id 9 role raid pos 24,23 tgt 25,28 want EAST
RC POS 86 id 38 seat 4 role defend fs 0 body 1 pos 8,4 stuck 0
RC WALK 86 id 38 role defend pos 8,4 tgt 9,2 want NORTH
RC POS 87 id 5 seat 1 role expand fs 0 body 1 pos 3,18 stuck 0
RC WALK 87 id 5 role expand pos 3,18 tgt 2,21 want SOUTH
RC POS 87 id 7 seat 2 role expand fs 0 body 1 pos 4,4 stuck 0
RC POS 87 id 9 seat 3 role raid fs 1 body 2 pos 25,23 stuck 0
RC WALK 87 id 9 role raid pos 25,23 tgt 25,28 want EAST
RC POS 87 id 38 seat 4 role defend fs 0 body 1 pos 8,3 stuck 0
RC WALK 87 id 38 role defend pos 8,3 tgt 9,2 want EAST
RC POS 88 id 5 seat 1 role expand fs 0 body 1 pos 3,19 stuck 0
RC WALK 88 id 5 role expand pos 3,19 tgt 2,21 want SOUTH
RC POS 88 id 7 seat 2 role expand fs 0 body 1 pos 4,4 stuck 1
RC POS 88 id 9 seat 3 role raid fs 1 body 2 pos 26,23 stuck 0
RC WALK 88 id 9 role raid pos 26,23 tgt 26,28 want EAST
RC POS 88 id 38 seat 4 role defend fs 0 body 1 pos 9,3 stuck 0
RC WALK 88 id 38 role defend pos 9,3 tgt 9,2 want NORTH
RC POS 89 id 5 seat 1 role expand fs 0 body 1 pos 3,20 stuck 0
RC WALK 89 id 5 role expand pos 3,20 tgt 2,21 want WEST
RC POS 89 id 7 seat 2 role expand fs 0 body 1 pos 4,4 stuck 2
RC POS 89 id 9 seat 3 role raid fs 1 body 2 pos 27,23 stuck 0
RC WALK 89 id 9 role raid pos 27,23 tgt 27,28 want WEST
RC POS 89 id 38 seat 4 role defend fs 0 body 1 pos 9,2 stuck 0
RC WALK 89 id 38 role defend pos 9,2 tgt 8,6 want SOUTH
RC POS 90 id 5 seat 1 role expand fs 0 body 1 pos 2,20 stuck 0
RC WALK 90 id 5 role expand pos 2,20 tgt 2,21 want SOUTH
RC POS 90 id 7 seat 2 role expand fs 0 body 1 pos 4,4 stuck 3
RC WALK 90 id 7 role expand pos 4,4 tgt 3,4 want WEST
RC POS 90 id 9 seat 3 role raid fs 1 body 2 pos 26,23 stuck 0
RC WALK 90 id 9 role raid pos 26,23 tgt 26,28 want WEST
RC POS 90 id 38 seat 4 role defend fs 0 body 1 pos 9,3 stuck 0
RC POS 91 id 5 seat 1 role expand fs 0 body 1 pos 2,21 stuck 0
RC WALK 91 id 5 role expand pos 2,21 tgt 2,22 want SOUTH
RC POS 91 id 7 seat 2 role expand fs 0 body 1 pos 3,4 stuck 0
RC WALK 91 id 7 role expand pos 3,4 tgt 13,15 want SOUTH
RC POS 91 id 9 seat 3 role raid fs 1 body 2 pos 25,23 stuck 0
RC WALK 91 id 9 role raid pos 25,23 tgt 25,28 want WEST
RC POS 91 id 38 seat 4 role defend fs 0 body 1 pos 9,3 stuck 1
RC WALK 91 id 38 role defend pos 9,3 tgt 8,6 want WEST
RC POS 92 id 5 seat 1 role expand fs 0 body 1 pos 2,22 stuck 0
RC POS 92 id 7 seat 2 role expand fs 0 body 1 pos 3,5 stuck 0
RC WALK 92 id 7 role expand pos 3,5 tgt 13,15 want SOUTH
RC POS 92 id 9 seat 3 role raid fs 1 body 2 pos 24,23 stuck 0
RC WALK 92 id 9 role raid pos 24,23 tgt 25,28 want WEST
RC POS 92 id 38 seat 4 role defend fs 0 body 1 pos 8,3 stuck 0
RC WALK 92 id 38 role defend pos 8,3 tgt 8,6 want SOUTH
RC POS 93 id 5 seat 1 role expand fs 0 body 1 pos 2,21 stuck 0
V528 CONN r 93 id 5 at 2,22 chosen 11 best 0 regret 11 cands 6 role expand seat 1
RC POS 93 id 7 seat 2 role expand fs 0 body 1 pos 3,6 stuck 0
RC WALK 93 id 7 role expand pos 3,6 tgt 13,15 want EAST
RC POS 93 id 9 seat 3 role raid fs 1 body 2 pos 23,23 stuck 0
RC WALK 93 id 9 role raid pos 23,23 tgt 28,25 want EAST
RC POS 93 id 38 seat 4 role defend fs 0 body 1 pos 8,4 stuck 0
RC WALK 93 id 38 role defend pos 8,4 tgt 8,6 want SOUTH
RC POS 94 id 5 seat 1 role expand fs 0 body 1 pos 2,21 stuck 1
RC POS 94 id 7 seat 2 role expand fs 0 body 1 pos 4,6 stuck 0
RC WALK 94 id 7 role expand pos 4,6 tgt 13,15 want EAST
RC POS 94 id 9 seat 3 role raid fs 1 body 2 pos 24,23 stuck 0
RC WALK 94 id 9 role raid pos 24,23 tgt 25,28 want WEST
RC POS 94 id 38 seat 4 role defend fs 0 body 1 pos 8,5 stuck 0
RC WALK 94 id 38 role defend pos 8,5 tgt 8,6 want SOUTH
RC POS 95 id 5 seat 1 role expand fs 0 body 1 pos 2,21 stuck 2
RC POS 95 id 7 seat 2 role expand fs 0 body 1 pos 5,6 stuck 0
RC WALK 95 id 7 role expand pos 5,6 tgt 13,15 want SOUTH
RC POS 95 id 9 seat 3 role raid fs 1 body 2 pos 23,23 stuck 0
RC WALK 95 id 9 role raid pos 23,23 tgt 28,25 want EAST
RC POS 95 id 38 seat 4 role defend fs 0 body 1 pos 8,6 stuck 0
RC WALK 95 id 38 role defend pos 8,6 tgt 4,10 want WEST
RC POS 96 id 5 seat 1 role expand fs 0 body 1 pos 2,20 stuck 0
RC POS 96 id 7 seat 2 role expand fs 0 body 1 pos 5,7 stuck 0
RC WALK 96 id 7 role expand pos 5,7 tgt 13,15 want SOUTH
RC POS 96 id 9 seat 3 role raid fs 1 body 2 pos 24,23 stuck 0
RC WALK 96 id 9 role raid pos 24,23 tgt 25,28 want WEST
RC POS 96 id 38 seat 4 role defend fs 0 body 1 pos 7,6 stuck 0
RC WALK 96 id 38 role defend pos 7,6 tgt 4,10 want SOUTH
RC POS 97 id 5 seat 1 role expand fs 0 body 1 pos 2,20 stuck 1
RC POS 97 id 7 seat 2 role expand fs 0 body 1 pos 5,8 stuck 0
RC WALK 97 id 7 role expand pos 5,8 tgt 13,15 want EAST
RC POS 97 id 9 seat 3 role raid fs 1 body 2 pos 23,23 stuck 0
RC WALK 97 id 9 role raid pos 23,23 tgt 28,25 want EAST
RC POS 97 id 38 seat 4 role defend fs 0 body 1 pos 7,7 stuck 0
RC WALK 97 id 38 role defend pos 7,7 tgt 4,10 want SOUTH
RC POS 98 id 5 seat 1 role expand fs 0 body 1 pos 2,20 stuck 2
RC WALK 98 id 5 role expand pos 2,20 tgt 2,18 want NORTH
RC POS 98 id 7 seat 2 role expand fs 0 body 1 pos 6,8 stuck 0
RC WALK 98 id 7 role expand pos 6,8 tgt 13,15 want SOUTH
RC POS 98 id 9 seat 3 role raid fs 1 body 2 pos 24,23 stuck 0
RC WALK 98 id 9 role raid pos 24,23 tgt 25,28 want WEST
RC POS 98 id 38 seat 4 role defend fs 0 body 1 pos 7,8 stuck 0
RC WALK 98 id 38 role defend pos 7,8 tgt 4,10 want WEST
RC POS 99 id 5 seat 1 role expand fs 0 body 1 pos 2,19 stuck 0
RC POS 99 id 7 seat 2 role expand fs 0 body 1 pos 6,9 stuck 0
RC WALK 99 id 7 role expand pos 6,9 tgt 13,15 want EAST
RC POS 99 id 9 seat 3 role raid fs 1 body 2 pos 23,23 stuck 0
RC WALK 99 id 9 role raid pos 23,23 tgt 28,25 want EAST
RC POS 99 id 38 seat 4 role defend fs 0 body 1 pos 6,8 stuck 0
RC WALK 99 id 38 role defend pos 6,8 tgt 4,10 want WEST
RC POS 100 id 5 seat 1 role expand fs 0 body 1 pos 2,19 stuck 1
RC WALK 100 id 5 role expand pos 2,19 tgt 2,17 want NORTH
RC POS 100 id 7 seat 2 role expand fs 0 body 1 pos 7,9 stuck 0
RC WALK 100 id 7 role expand pos 7,9 tgt 13,15 want EAST
RC POS 100 id 9 seat 3 role raid fs 1 body 2 pos 24,23 stuck 0
RC WALK 100 id 9 role raid pos 24,23 tgt 25,28 want EAST
RC POS 100 id 38 seat 4 role defend fs 0 body 1 pos 5,8 stuck 0
RC WALK 100 id 38 role defend pos 5,8 tgt 4,10 want SOUTH
RC POS 101 id 5 seat 1 role expand fs 0 body 1 pos 2,18 stuck 0
RC POS 101 id 7 seat 2 role expand fs 0 body 1 pos 8,9 stuck 0
RC WALK 101 id 7 role expand pos 8,9 tgt 13,15 want SOUTH
RC POS 101 id 9 seat 3 role raid fs 1 body 2 pos 25,23 stuck 0
RC WALK 101 id 9 role raid pos 25,23 tgt 25,28 want EAST
RC POS 101 id 38 seat 4 role defend fs 0 body 1 pos 5,9 stuck 0
RC WALK 101 id 38 role defend pos 5,9 tgt 4,10 want WEST
RC POS 102 id 5 seat 1 role expand fs 0 body 1 pos 2,18 stuck 1
RC WALK 102 id 5 role expand pos 2,18 tgt 2,16 want NORTH
RC POS 102 id 7 seat 2 role expand fs 0 body 1 pos 8,10 stuck 0
RC WALK 102 id 7 role expand pos 8,10 tgt 13,15 want EAST
RC POS 102 id 9 seat 3 role raid fs 1 body 2 pos 26,23 stuck 0
RC WALK 102 id 9 role raid pos 26,23 tgt 26,28 want EAST
RC POS 102 id 38 seat 4 role defend fs 0 body 1 pos 4,9 stuck 0
RC WALK 102 id 38 role defend pos 4,9 tgt 4,10 want SOUTH
RC POS 103 id 5 seat 1 role expand fs 0 body 1 pos 2,17 stuck 0
RC POS 103 id 7 seat 2 role expand fs 0 body 1 pos 9,10 stuck 0
RC WALK 103 id 7 role expand pos 9,10 tgt 13,15 want SOUTH
RC POS 103 id 9 seat 3 role raid fs 1 body 2 pos 27,23 stuck 0
RC WALK 103 id 9 role raid pos 27,23 tgt 27,28 want EAST
RC POS 103 id 38 seat 4 role defend fs 0 body 1 pos 4,10 stuck 0
RC WALK 103 id 38 role defend pos 4,10 tgt 0,10 want WEST
RC POS 104 id 5 seat 1 role expand fs 0 body 1 pos 2,17 stuck 1
RC WALK 104 id 5 role expand pos 2,17 tgt 2,15 want NORTH
RC POS 104 id 7 seat 2 role expand fs 0 body 1 pos 9,11 stuck 0
RC WALK 104 id 7 role expand pos 9,11 tgt 13,15 want EAST
RC POS 104 id 9 seat 3 role raid fs 1 body 2 pos 28,23 stuck 0
RC WALK 104 id 9 role raid pos 28,23 tgt 28,28 want SOUTH
RC POS 104 id 38 seat 4 role defend fs 0 body 1 pos 3,10 stuck 0
RC WALK 104 id 38 role defend pos 3,10 tgt 0,10 want WEST
RC POS 105 id 5 seat 1 role expand fs 0 body 1 pos 2,16 stuck 0
RC POS 105 id 7 seat 2 role expand fs 0 body 1 pos 10,11 stuck 0
RC WALK 105 id 7 role expand pos 10,11 tgt 13,15 want SOUTH
RC POS 105 id 9 seat 3 role raid fs 1 body 2 pos 28,24 stuck 0
RC WALK 105 id 9 role raid pos 28,24 tgt 25,29 want NORTH
RC POS 105 id 38 seat 4 role defend fs 0 body 1 pos 2,10 stuck 0
RC WALK 105 id 38 role defend pos 2,10 tgt 0,10 want WEST
RC POS 106 id 5 seat 1 role expand fs 0 body 1 pos 2,16 stuck 1
RC WALK 106 id 5 role expand pos 2,16 tgt 2,14 want NORTH
RC POS 106 id 7 seat 2 role expand fs 0 body 1 pos 10,12 stuck 0
RC WALK 106 id 7 role expand pos 10,12 tgt 12,15 want SOUTH
RC POS 106 id 9 seat 3 role raid fs 1 body 2 pos 28,23 stuck 0
RC WALK 106 id 9 role raid pos 28,23 tgt 28,28 want WEST
RC POS 106 id 38 seat 4 role defend fs 0 body 1 pos 1,10 stuck 0
RC WALK 106 id 38 role defend pos 1,10 tgt 0,10 want WEST
RC POS 107 id 5 seat 1 role expand fs 0 body 1 pos 2,15 stuck 0
RC POS 107 id 7 seat 2 role expand fs 0 body 1 pos 10,13 stuck 0
RC WALK 107 id 7 role expand pos 10,13 tgt 12,15 want EAST
RC POS 107 id 9 seat 3 role raid fs 1 body 2 pos 27,23 stuck 0
RC WALK 107 id 9 role raid pos 27,23 tgt 27,28 want WEST
RC POS 107 id 38 seat 4 role defend fs 0 body 1 pos 0,10 stuck 0
RC WALK 107 id 38 role defend pos 0,10 tgt 0,7 want NORTH
RC POS 108 id 5 seat 1 role expand fs 0 body 1 pos 2,15 stuck 1
RC WALK 108 id 5 role expand pos 2,15 tgt 1,14 want WEST
RC POS 108 id 7 seat 2 role expand fs 0 body 1 pos 11,13 stuck 0
RC WALK 108 id 7 role expand pos 11,13 tgt 12,15 want SOUTH
RC POS 108 id 9 seat 3 role raid fs 1 body 2 pos 26,23 stuck 0
RC POS 108 id 38 seat 4 role defend fs 0 body 1 pos 0,9 stuck 0
RC WALK 108 id 38 role defend pos 0,9 tgt 0,7 want NORTH
RC POS 109 id 5 seat 1 role expand fs 0 body 1 pos 1,15 stuck 0
RC WALK 109 id 5 role expand pos 1,15 tgt 1,13 want NORTH
RC POS 109 id 7 seat 2 role expand fs 0 body 1 pos 11,14 stuck 0
RC WALK 109 id 7 role expand pos 11,14 tgt 12,15 want EAST
RC POS 109 id 9 seat 3 role raid fs 1 body 2 pos 26,23 stuck 1
RC WALK 109 id 9 role raid pos 26,23 tgt 26,28 want WEST
RC POS 109 id 38 seat 4 role defend fs 0 body 1 pos 0,8 stuck 0
RC WALK 109 id 38 role defend pos 0,8 tgt 0,7 want NORTH
RC POS 110 id 5 seat 1 role expand fs 0 body 1 pos 1,14 stuck 0
RC WALK 110 id 5 role expand pos 1,14 tgt 1,12 want NORTH
RC POS 110 id 7 seat 2 role expand fs 0 body 1 pos 12,14 stuck 0
RC WALK 110 id 7 role expand pos 12,14 tgt 12,15 want SOUTH
RC POS 110 id 9 seat 3 role raid fs 1 body 2 pos 25,23 stuck 0
RC WALK 110 id 9 role raid pos 25,23 tgt 25,28 want WEST
RC POS 110 id 38 seat 4 role defend fs 0 body 1 pos 0,7 stuck 0
RC WALK 110 id 38 role defend pos 0,7 tgt 0,2 want NORTH
RC POS 111 id 5 seat 1 role expand fs 0 body 1 pos 1,13 stuck 0
RC WALK 111 id 5 role expand pos 1,13 tgt 1,11 want NORTH
RC POS 111 id 7 seat 2 role expand fs 0 body 1 pos 12,15 stuck 0
RC WALK 111 id 7 role expand pos 12,15 tgt 13,15 want EAST
RC POS 111 id 9 seat 3 role raid fs 1 body 2 pos 24,23 stuck 0
RC WALK 111 id 9 role raid pos 24,23 tgt 25,28 want EAST
RC POS 111 id 38 seat 4 role defend fs 0 body 1 pos 0,6 stuck 0
RC WALK 111 id 38 role defend pos 0,6 tgt 0,2 want NORTH
RC POS 112 id 5 seat 1 role expand fs 0 body 1 pos 1,12 stuck 0
RC WALK 112 id 5 role expand pos 1,12 tgt 1,10 want NORTH
RC POS 112 id 7 seat 2 role expand fs 0 body 1 pos 13,15 stuck 0
RC POS 112 id 9 seat 3 role raid fs 1 body 2 pos 25,23 stuck 0
RC WALK 112 id 9 role raid pos 25,23 tgt 25,28 want EAST
RC POS 112 id 38 seat 4 role defend fs 0 body 1 pos 0,5 stuck 0
RC WALK 112 id 38 role defend pos 0,5 tgt 0,2 want NORTH
RC POS 113 id 5 seat 1 role expand fs 0 body 1 pos 1,11 stuck 0
RC WALK 113 id 5 role expand pos 1,11 tgt 1,9 want NORTH
RC POS 113 id 7 seat 2 role expand fs 0 body 1 pos 12,15 stuck 0
RC WALK 113 id 7 role expand pos 12,15 tgt 13,15 want EAST
RC POS 113 id 9 seat 3 role raid fs 1 body 2 pos 26,23 stuck 0
RC WALK 113 id 9 role raid pos 26,23 tgt 26,28 want EAST
RC POS 113 id 38 seat 4 role defend fs 0 body 1 pos 0,4 stuck 0
RC WALK 113 id 38 role defend pos 0,4 tgt 0,2 want NORTH
RC POS 114 id 5 seat 1 role expand fs 0 body 1 pos 1,10 stuck 0
RC WALK 114 id 5 role expand pos 1,10 tgt 1,8 want NORTH
RC POS 114 id 7 seat 2 role expand fs 0 body 1 pos 13,15 stuck 0
RC POS 114 id 9 seat 3 role raid fs 1 body 2 pos 27,23 stuck 0
RC WALK 114 id 9 role raid pos 27,23 tgt 27,28 want EAST
RC POS 114 id 38 seat 4 role defend fs 0 body 1 pos 0,3 stuck 0
RC WALK 114 id 38 role defend pos 0,3 tgt 0,2 want NORTH
RC POS 115 id 5 seat 1 role expand fs 0 body 1 pos 1,9 stuck 0
RC WALK 115 id 5 role expand pos 1,9 tgt 1,7 want NORTH
RC POS 115 id 7 seat 2 role expand fs 0 body 1 pos 12,15 stuck 0
RC WALK 115 id 7 role expand pos 12,15 tgt 13,15 want EAST
RC POS 115 id 9 seat 3 role raid fs 1 body 2 pos 28,23 stuck 0
RC WALK 115 id 9 role raid pos 28,23 tgt 28,28 want SOUTH
RC POS 115 id 38 seat 4 role defend fs 0 body 1 pos 0,2 stuck 0
RC WALK 115 id 38 role defend pos 0,2 tgt 0,0 want NORTH
RC POS 116 id 5 seat 1 role expand fs 0 body 1 pos 1,8 stuck 0
RC WALK 116 id 5 role expand pos 1,8 tgt 1,6 want NORTH
RC POS 116 id 7 seat 2 role expand fs 0 body 1 pos 13,15 stuck 0
RC POS 116 id 9 seat 3 role raid fs 1 body 2 pos 28,24 stuck 0
RC WALK 116 id 9 role raid pos 28,24 tgt 25,29 want NORTH
RC POS 116 id 38 seat 4 role defend fs 0 body 1 pos 0,1 stuck 0
RC WALK 116 id 38 role defend pos 0,1 tgt 0,0 want NORTH
RC POS 117 id 5 seat 1 role expand fs 0 body 1 pos 1,7 stuck 0
RC WALK 117 id 5 role expand pos 1,7 tgt 1,5 want NORTH
RC POS 117 id 7 seat 2 role expand fs 0 body 1 pos 12,15 stuck 0
RC WALK 117 id 7 role expand pos 12,15 tgt 13,15 want EAST
RC POS 117 id 9 seat 3 role raid fs 1 body 2 pos 28,23 stuck 0
RC WALK 117 id 9 role raid pos 28,23 tgt 28,28 want SOUTH
RC POS 117 id 38 seat 4 role defend fs 0 body 1 pos 0,0 stuck 0
RC WALK 117 id 38 role defend pos 0,0 tgt 1,0 want EAST
RC POS 118 id 5 seat 1 role expand fs 0 body 1 pos 1,6 stuck 0
RC WALK 118 id 5 role expand pos 1,6 tgt 1,4 want NORTH
RC POS 118 id 7 seat 2 role expand fs 0 body 1 pos 13,15 stuck 0
RC POS 118 id 9 seat 3 role raid fs 1 body 2 pos 28,24 stuck 0
RC WALK 118 id 9 role raid pos 28,24 tgt 25,29 want NORTH
RC POS 118 id 38 seat 4 role defend fs 0 body 1 pos 1,0 stuck 0
RC WALK 118 id 38 role defend pos 1,0 tgt 5,0 want EAST
RC POS 119 id 5 seat 1 role expand fs 0 body 1 pos 1,5 stuck 0
RC WALK 119 id 5 role expand pos 1,5 tgt 1,3 want NORTH
RC POS 119 id 7 seat 2 role expand fs 0 body 1 pos 12,15 stuck 0
RC WALK 119 id 7 role expand pos 12,15 tgt 13,15 want EAST
RC POS 119 id 9 seat 3 role raid fs 1 body 2 pos 28,23 stuck 0
RC WALK 119 id 9 role raid pos 28,23 tgt 28,28 want SOUTH
RC POS 119 id 38 seat 4 role defend fs 0 body 1 pos 2,0 stuck 0
RC WALK 119 id 38 role defend pos 2,0 tgt 5,0 want EAST
RC POS 120 id 5 seat 1 role expand fs 0 body 1 pos 1,4 stuck 0
RC WALK 120 id 5 role expand pos 1,4 tgt 1,3 want NORTH
RC POS 120 id 7 seat 2 role expand fs 0 body 1 pos 13,15 stuck 0
RC POS 120 id 9 seat 3 role raid fs 1 body 2 pos 28,24 stuck 0
RC WALK 120 id 9 role raid pos 28,24 tgt 25,29 want NORTH
RC POS 120 id 38 seat 4 role defend fs 0 body 1 pos 3,0 stuck 0
RC WALK 120 id 38 role defend pos 3,0 tgt 5,0 want EAST
RC POS 121 id 5 seat 1 role expand fs 0 body 1 pos 1,3 stuck 0
RC WALK 121 id 5 role expand pos 1,3 tgt 6,2 want SOUTH
RC POS 121 id 7 seat 2 role expand fs 0 body 1 pos 12,15 stuck 0
RC WALK 121 id 7 role expand pos 12,15 tgt 13,15 want EAST
RC POS 121 id 9 seat 3 role raid fs 1 body 2 pos 28,23 stuck 0
RC WALK 121 id 9 role raid pos 28,23 tgt 28,28 want SOUTH
RC POS 121 id 38 seat 4 role defend fs 0 body 1 pos 4,0 stuck 0
RC WALK 121 id 38 role defend pos 4,0 tgt 5,0 want EAST
RC POS 122 id 5 seat 1 role expand fs 0 body 1 pos 1,4 stuck 0
RC WALK 122 id 5 role expand pos 1,4 tgt 6,2 want SOUTH
RC POS 122 id 7 seat 2 role expand fs 0 body 1 pos 13,15 stuck 0
RC POS 122 id 9 seat 3 role raid fs 1 body 2 pos 28,24 stuck 0
RC WALK 122 id 9 role raid pos 28,24 tgt 25,29 want NORTH
RC POS 122 id 38 seat 4 role defend fs 0 body 1 pos 5,0 stuck 0
RC WALK 122 id 38 role defend pos 5,0 tgt 10,0 want EAST
RC POS 123 id 5 seat 1 role expand fs 0 body 1 pos 1,5 stuck 0
RC WALK 123 id 5 role expand pos 1,5 tgt 6,2 want EAST
RC POS 123 id 7 seat 2 role expand fs 0 body 1 pos 12,15 stuck 0
RC WALK 123 id 7 role expand pos 12,15 tgt 13,15 want EAST
RC POS 123 id 9 seat 3 role raid fs 1 body 2 pos 28,23 stuck 0
RC WALK 123 id 9 role raid pos 28,23 tgt 28,28 want SOUTH
RC POS 123 id 38 seat 4 role defend fs 0 body 1 pos 6,0 stuck 0
RC WALK 123 id 38 role defend pos 6,0 tgt 10,0 want EAST
RC POS 124 id 5 seat 1 role expand fs 0 body 1 pos 2,5 stuck 0
RC WALK 124 id 5 role expand pos 2,5 tgt 6,2 want EAST
RC POS 124 id 7 seat 2 role expand fs 0 body 1 pos 13,15 stuck 0
RC POS 124 id 9 seat 3 role raid fs 1 body 2 pos 28,24 stuck 0
RC WALK 124 id 9 role raid pos 28,24 tgt 25,29 want NORTH
RC POS 124 id 38 seat 4 role defend fs 0 body 1 pos 7,0 stuck 0
RC WALK 124 id 38 role defend pos 7,0 tgt 10,0 want EAST
RC POS 125 id 5 seat 1 role expand fs 0 body 1 pos 3,5 stuck 0
RC WALK 125 id 5 role expand pos 3,5 tgt 5,2 want NORTH
RC POS 125 id 7 seat 2 role expand fs 0 body 1 pos 12,15 stuck 0
RC WALK 125 id 7 role expand pos 12,15 tgt 13,15 want EAST
RC POS 125 id 9 seat 3 role raid fs 1 body 2 pos 28,23 stuck 0
RC WALK 125 id 9 role raid pos 28,23 tgt 28,28 want SOUTH
RC POS 125 id 38 seat 4 role defend fs 0 body 1 pos 8,0 stuck 0
RC WALK 125 id 38 role defend pos 8,0 tgt 10,0 want EAST
RC POS 126 id 5 seat 1 role expand fs 0 body 1 pos 3,4 stuck 0
RC WALK 126 id 5 role expand pos 3,4 tgt 5,2 want EAST
RC POS 126 id 7 seat 2 role expand fs 0 body 1 pos 13,15 stuck 0
RC POS 126 id 9 seat 3 role raid fs 1 body 2 pos 28,24 stuck 0
RC WALK 126 id 9 role raid pos 28,24 tgt 25,29 want NORTH
RC POS 126 id 38 seat 4 role defend fs 0 body 1 pos 9,0 stuck 0
RC WALK 126 id 38 role defend pos 9,0 tgt 10,0 want EAST
RC POS 127 id 5 seat 1 role expand fs 0 body 1 pos 4,4 stuck 0
RC WALK 127 id 5 role expand pos 4,4 tgt 5,2 want EAST
RC POS 127 id 7 seat 2 role expand fs 0 body 1 pos 12,15 stuck 0
RC WALK 127 id 7 role expand pos 12,15 tgt 13,15 want EAST
RC POS 127 id 9 seat 3 role raid fs 1 body 2 pos 28,23 stuck 0
RC WALK 127 id 9 role raid pos 28,23 tgt 28,28 want SOUTH
RC POS 127 id 38 seat 4 role defend fs 0 body 1 pos 10,0 stuck 0
RC WALK 127 id 38 role defend pos 10,0 tgt 11,3 want SOUTH
RC POS 128 id 5 seat 1 role expand fs 0 body 1 pos 5,4 stuck 0
RC WALK 128 id 5 role expand pos 5,4 tgt 5,2 want NORTH
RC POS 128 id 7 seat 2 role expand fs 0 body 1 pos 13,15 stuck 0
RC POS 128 id 9 seat 3 role raid fs 1 body 2 pos 28,24 stuck 0
RC WALK 128 id 9 role raid pos 28,24 tgt 25,29 want NORTH
RC POS 128 id 38 seat 4 role defend fs 0 body 1 pos 10,1 stuck 0
RC WALK 128 id 38 role defend pos 10,1 tgt 11,3 want SOUTH
RC POS 129 id 5 seat 1 role expand fs 0 body 1 pos 5,3 stuck 0
RC WALK 129 id 5 role expand pos 5,3 tgt 5,2 want NORTH
RC POS 129 id 7 seat 2 role expand fs 0 body 1 pos 12,15 stuck 0
V528 CONN r 129 id 7 at 13,15 chosen 3 best 0 regret 3 cands 6 role expand seat 2
RC POS 129 id 9 seat 3 role raid fs 1 body 2 pos 28,23 stuck 0
RC WALK 129 id 9 role raid pos 28,23 tgt 28,28 want SOUTH
RC POS 129 id 38 seat 4 role defend fs 0 body 1 pos 10,2 stuck 0
RC WALK 129 id 38 role defend pos 10,2 tgt 11,3 want EAST
RC POS 130 id 5 seat 1 role expand fs 0 body 1 pos 5,2 stuck 0
RC WALK 130 id 5 role expand pos 5,2 tgt 2,22 want SOUTH
RC POS 130 id 7 seat 2 role expand fs 0 body 1 pos 12,15 stuck 1
RC POS 130 id 9 seat 3 role raid fs 1 body 2 pos 28,24 stuck 0
RC WALK 130 id 9 role raid pos 28,24 tgt 25,29 want NORTH
RC POS 130 id 38 seat 4 role defend fs 0 body 1 pos 11,2 stuck 0
RC WALK 130 id 38 role defend pos 11,2 tgt 11,3 want SOUTH
RC POS 131 id 5 seat 1 role expand fs 0 body 1 pos 5,3 stuck 0
RC WALK 131 id 5 role expand pos 5,3 tgt 2,22 want SOUTH
RC POS 131 id 7 seat 2 role expand fs 0 body 1 pos 12,14 stuck 0
RC POS 131 id 9 seat 3 role raid fs 1 body 2 pos 28,23 stuck 0
RC WALK 131 id 9 role raid pos 28,23 tgt 28,28 want SOUTH
RC POS 131 id 38 seat 4 role defend fs 0 body 1 pos 11,3 stuck 0
RC WALK 131 id 38 role defend pos 11,3 tgt 8,9 want SOUTH
RC POS 132 id 5 seat 1 role expand fs 0 body 1 pos 5,4 stuck 0
RC WALK 132 id 5 role expand pos 5,4 tgt 2,22 want WEST
RC POS 132 id 7 seat 2 role expand fs 0 body 1 pos 12,14 stuck 1
RC WALK 132 id 7 role expand pos 12,14 tgt 11,13 want WEST
RC POS 132 id 9 seat 3 role raid fs 1 body 2 pos 28,24 stuck 0
RC WALK 132 id 9 role raid pos 28,24 tgt 25,29 want NORTH
RC POS 132 id 38 seat 4 role defend fs 0 body 1 pos 11,4 stuck 0
RC WALK 132 id 38 role defend pos 11,4 tgt 8,9 want SOUTH
RC POS 133 id 5 seat 1 role expand fs 0 body 1 pos 4,4 stuck 0
RC WALK 133 id 5 role expand pos 4,4 tgt 2,22 want WEST
RC POS 133 id 7 seat 2 role expand fs 0 body 1 pos 11,14 stuck 0
RC WALK 133 id 7 role expand pos 11,14 tgt 11,12 want NORTH
RC POS 133 id 9 seat 3 role raid fs 1 body 2 pos 28,23 stuck 0
RC WALK 133 id 9 role raid pos 28,23 tgt 28,28 want SOUTH
RC POS 133 id 38 seat 4 role defend fs 0 body 1 pos 11,5 stuck 0
RC WALK 133 id 38 role defend pos 11,5 tgt 8,9 want SOUTH
RC POS 134 id 5 seat 1 role expand fs 0 body 1 pos 3,4 stuck 0
RC WALK 134 id 5 role expand pos 3,4 tgt 2,22 want SOUTH
RC POS 134 id 7 seat 2 role expand fs 0 body 1 pos 11,13 stuck 0
RC WALK 134 id 7 role expand pos 11,13 tgt 11,11 want NORTH
RC POS 134 id 9 seat 3 role raid fs 1 body 2 pos 28,24 stuck 0
RC WALK 134 id 9 role raid pos 28,24 tgt 25,29 want NORTH
RC POS 134 id 38 seat 4 role defend fs 0 body 1 pos 11,6 stuck 0
RC WALK 134 id 38 role defend pos 11,6 tgt 8,9 want WEST
RC POS 135 id 5 seat 1 role expand fs 0 body 1 pos 3,5 stuck 0
RC WALK 135 id 5 role expand pos 3,5 tgt 2,22 want SOUTH
RC POS 135 id 7 seat 2 role expand fs 0 body 1 pos 11,12 stuck 0
RC WALK 135 id 7 role expand pos 11,12 tgt 11,10 want NORTH
RC POS 135 id 9 seat 3 role raid fs 1 body 2 pos 28,23 stuck 0
RC WALK 135 id 9 role raid pos 28,23 tgt 28,28 want SOUTH
RC POS 135 id 38 seat 4 role defend fs 0 body 1 pos 10,6 stuck 0
RC WALK 135 id 38 role defend pos 10,6 tgt 8,9 want SOUTH
RC POS 136 id 5 seat 1 role expand fs 0 body 1 pos 3,6 stuck 0
RC WALK 136 id 5 role expand pos 3,6 tgt 2,22 want SOUTH
RC POS 136 id 7 seat 2 role expand fs 0 body 1 pos 11,11 stuck 0
RC WALK 136 id 7 role expand pos 11,11 tgt 10,10 want WEST
RC POS 136 id 9 seat 3 role raid fs 1 body 2 pos 28,24 stuck 0
RC WALK 136 id 9 role raid pos 28,24 tgt 25,29 want NORTH
RC POS 136 id 38 seat 4 role defend fs 0 body 1 pos 10,7 stuck 0
RC WALK 136 id 38 role defend pos 10,7 tgt 8,9 want WEST
RC POS 137 id 5 seat 1 role expand fs 0 body 1 pos 3,7 stuck 0
RC WALK 137 id 5 role expand pos 3,7 tgt 2,22 want WEST
RC POS 137 id 7 seat 2 role expand fs 0 body 1 pos 10,11 stuck 0
RC WALK 137 id 7 role expand pos 10,11 tgt 10,9 want NORTH
RC POS 137 id 9 seat 3 role raid fs 1 body 2 pos 28,23 stuck 0
RC WALK 137 id 9 role raid pos 28,23 tgt 28,28 want SOUTH
RC POS 137 id 38 seat 4 role defend fs 0 body 1 pos 9,7 stuck 0
RC WALK 137 id 38 role defend pos 9,7 tgt 8,9 want SOUTH
RC POS 138 id 5 seat 1 role expand fs 0 body 1 pos 2,7 stuck 0
RC WALK 138 id 5 role expand pos 2,7 tgt 2,22 want WEST
RC POS 138 id 7 seat 2 role expand fs 0 body 1 pos 10,10 stuck 0
RC WALK 138 id 7 role expand pos 10,10 tgt 10,8 want NORTH
RC POS 138 id 9 seat 3 role raid fs 1 body 2 pos 28,24 stuck 0
RC WALK 138 id 9 role raid pos 28,24 tgt 25,29 want NORTH
RC POS 138 id 38 seat 4 role defend fs 0 body 1 pos 9,8 stuck 0
RC WALK 138 id 38 role defend pos 9,8 tgt 8,9 want WEST
RC POS 139 id 5 seat 1 role expand fs 0 body 1 pos 1,7 stuck 0
RC WALK 139 id 5 role expand pos 1,7 tgt 2,22 want SOUTH
RC POS 139 id 7 seat 2 role expand fs 0 body 1 pos 10,9 stuck 0
RC WALK 139 id 7 role expand pos 10,9 tgt 10,7 want NORTH
RC POS 139 id 9 seat 3 role raid fs 1 body 2 pos 28,23 stuck 0
RC WALK 139 id 9 role raid pos 28,23 tgt 28,28 want SOUTH
RC POS 139 id 38 seat 4 role defend fs 0 body 1 pos 8,8 stuck 0
RC WALK 139 id 38 role defend pos 8,8 tgt 8,9 want SOUTH
RC POS 140 id 5 seat 1 role expand fs 0 body 1 pos 1,8 stuck 0
RC WALK 140 id 5 role expand pos 1,8 tgt 2,22 want SOUTH
RC POS 140 id 7 seat 2 role expand fs 0 body 1 pos 10,8 stuck 0
RC WALK 140 id 7 role expand pos 10,8 tgt 9,7 want WEST
RC POS 140 id 9 seat 3 role raid fs 1 body 2 pos 28,24 stuck 0
RC WALK 140 id 9 role raid pos 28,24 tgt 25,29 want NORTH
RC POS 140 id 38 seat 4 role defend fs 0 body 1 pos 8,9 stuck 0
RC WALK 140 id 38 role defend pos 8,9 tgt 3,11 want WEST
RC POS 141 id 5 seat 1 role expand fs 0 body 1 pos 1,9 stuck 0
RC WALK 141 id 5 role expand pos 1,9 tgt 2,22 want SOUTH
RC POS 141 id 7 seat 2 role expand fs 0 body 1 pos 9,8 stuck 0
RC WALK 141 id 7 role expand pos 9,8 tgt 8,7 want WEST
RC POS 141 id 9 seat 3 role raid fs 1 body 2 pos 28,23 stuck 0
RC WALK 141 id 9 role raid pos 28,23 tgt 28,28 want SOUTH
RC POS 141 id 38 seat 4 role defend fs 0 body 1 pos 7,9 stuck 0
RC WALK 141 id 38 role defend pos 7,9 tgt 3,11 want WEST
RC POS 142 id 5 seat 1 role expand fs 0 body 1 pos 1,10 stuck 0
RC WALK 142 id 5 role expand pos 1,10 tgt 2,22 want SOUTH
RC POS 142 id 7 seat 2 role expand fs 0 body 1 pos 8,8 stuck 0
RC WALK 142 id 7 role expand pos 8,8 tgt 8,6 want NORTH
RC POS 142 id 9 seat 3 role raid fs 1 body 2 pos 28,24 stuck 0
RC WALK 142 id 9 role raid pos 28,24 tgt 25,29 want NORTH
RC POS 142 id 38 seat 4 role defend fs 0 body 1 pos 6,9 stuck 0
RC WALK 142 id 38 role defend pos 6,9 tgt 3,11 want WEST
RC POS 143 id 5 seat 1 role expand fs 0 body 1 pos 1,11 stuck 0
RC WALK 143 id 5 role expand pos 1,11 tgt 2,22 want SOUTH
RC POS 143 id 7 seat 2 role expand fs 0 body 1 pos 8,7 stuck 0
RC WALK 143 id 7 role expand pos 8,7 tgt 8,5 want NORTH
RC POS 143 id 9 seat 3 role raid fs 1 body 2 pos 28,23 stuck 0
RC WALK 143 id 9 role raid pos 28,23 tgt 28,28 want SOUTH
RC POS 143 id 38 seat 4 role defend fs 0 body 1 pos 5,9 stuck 0
RC POS 144 id 5 seat 1 role expand fs 0 body 1 pos 1,12 stuck 0
RC WALK 144 id 5 role expand pos 1,12 tgt 2,22 want SOUTH
RC POS 144 id 7 seat 2 role expand fs 0 body 1 pos 8,6 stuck 0
RC POS 144 id 9 seat 3 role raid fs 1 body 2 pos 28,24 stuck 0
RC WALK 144 id 9 role raid pos 28,24 tgt 25,29 want NORTH
RC POS 144 id 38 seat 4 role defend fs 0 body 1 pos 5,9 stuck 1
RC WALK 144 id 38 role defend pos 5,9 tgt 3,11 want WEST
RC POS 145 id 5 seat 1 role expand fs 0 body 1 pos 1,13 stuck 0
RC WALK 145 id 5 role expand pos 1,13 tgt 2,22 want SOUTH
RC POS 145 id 7 seat 2 role expand fs 0 body 1 pos 8,6 stuck 1
RC WALK 145 id 7 role expand pos 8,6 tgt 8,4 want NORTH
RC POS 145 id 9 seat 3 role raid fs 1 body 2 pos 28,23 stuck 0
RC WALK 145 id 9 role raid pos 28,23 tgt 28,28 want SOUTH
RC POS 145 id 38 seat 4 role defend fs 0 body 1 pos 4,9 stuck 0
RC WALK 145 id 38 role defend pos 4,9 tgt 3,11 want SOUTH
RC POS 146 id 5 seat 1 role expand fs 0 body 1 pos 1,14 stuck 0
RC WALK 146 id 5 role expand pos 1,14 tgt 2,22 want SOUTH
RC POS 146 id 7 seat 2 role expand fs 0 body 1 pos 8,5 stuck 0
RC POS 146 id 9 seat 3 role raid fs 1 body 2 pos 28,24 stuck 0
RC WALK 146 id 9 role raid pos 28,24 tgt 25,29 want NORTH
RC POS 146 id 38 seat 4 role defend fs 0 body 1 pos 4,10 stuck 0
RC WALK 146 id 38 role defend pos 4,10 tgt 3,11 want WEST
RC POS 147 id 5 seat 1 role expand fs 0 body 1 pos 1,15 stuck 0
RC WALK 147 id 5 role expand pos 1,15 tgt 2,22 want EAST
RC POS 147 id 7 seat 2 role expand fs 0 body 1 pos 8,5 stuck 1
RC WALK 147 id 7 role expand pos 8,5 tgt 7,4 want WEST
RC POS 147 id 9 seat 3 role raid fs 1 body 2 pos 28,23 stuck 0
RC WALK 147 id 9 role raid pos 28,23 tgt 28,28 want SOUTH
RC POS 147 id 38 seat 4 role defend fs 0 body 1 pos 3,10 stuck 0
RC WALK 147 id 38 role defend pos 3,10 tgt 3,11 want SOUTH
RC POS 148 id 5 seat 1 role expand fs 0 body 1 pos 2,15 stuck 0
RC WALK 148 id 5 role expand pos 2,15 tgt 2,22 want SOUTH
RC POS 148 id 7 seat 2 role expand fs 0 body 1 pos 7,5 stuck 0
RC WALK 148 id 7 role expand pos 7,5 tgt 6,4 want WEST
RC POS 148 id 9 seat 3 role raid fs 1 body 2 pos 28,24 stuck 0
RC WALK 148 id 9 role raid pos 28,24 tgt 25,29 want NORTH
RC POS 148 id 38 seat 4 role defend fs 0 body 1 pos 3,11 stuck 0
RC WALK 148 id 38 role defend pos 3,11 tgt 0,10 want WEST
RC POS 149 id 5 seat 1 role expand fs 0 body 1 pos 2,16 stuck 0
RC WALK 149 id 5 role expand pos 2,16 tgt 2,22 want SOUTH
RC POS 149 id 7 seat 2 role expand fs 0 body 1 pos 6,5 stuck 0
RC WALK 149 id 7 role expand pos 6,5 tgt 5,4 want WEST
RC POS 149 id 9 seat 3 role raid fs 1 body 2 pos 28,23 stuck 0
RC WALK 149 id 9 role raid pos 28,23 tgt 28,28 want SOUTH
RC POS 149 id 38 seat 4 role defend fs 0 body 1 pos 2,11 stuck 0
RC WALK 149 id 38 role defend pos 2,11 tgt 0,10 want WEST
RC POS 150 id 5 seat 1 role expand fs 0 body 1 pos 2,17 stuck 0
RC WALK 150 id 5 role expand pos 2,17 tgt 2,22 want SOUTH
RC POS 150 id 7 seat 2 role expand fs 0 body 1 pos 5,5 stuck 0
RC WALK 150 id 7 role expand pos 5,5 tgt 4,4 want NORTH
RC POS 150 id 9 seat 3 role raid fs 1 body 2 pos 28,24 stuck 0
RC WALK 150 id 9 role raid pos 28,24 tgt 25,29 want NORTH
RC POS 150 id 38 seat 4 role defend fs 0 body 1 pos 1,11 stuck 0
RC WALK 150 id 38 role defend pos 1,11 tgt 0,10 want WEST
RC POS 151 id 5 seat 1 role expand fs 0 body 1 pos 2,18 stuck 0
RC WALK 151 id 5 role expand pos 2,18 tgt 2,21 want SOUTH
RC POS 151 id 7 seat 2 role expand fs 0 body 1 pos 5,4 stuck 0
RC WALK 151 id 7 role expand pos 5,4 tgt 3,4 want WEST
RC POS 151 id 9 seat 3 role raid fs 1 body 2 pos 28,23 stuck 0
RC WALK 151 id 9 role raid pos 28,23 tgt 28,28 want SOUTH
RC POS 151 id 38 seat 4 role defend fs 0 body 1 pos 0,11 stuck 0
RC WALK 151 id 38 role defend pos 0,11 tgt 0,10 want NORTH
RC POS 152 id 5 seat 1 role expand fs 0 body 1 pos 2,19 stuck 0
RC WALK 152 id 5 role expand pos 2,19 tgt 2,21 want SOUTH
RC POS 152 id 7 seat 2 role expand fs 0 body 1 pos 4,4 stuck 0
RC POS 152 id 9 seat 3 role raid fs 1 body 2 pos 28,24 stuck 0
RC WALK 152 id 9 role raid pos 28,24 tgt 25,29 want NORTH
RC POS 152 id 38 seat 4 role defend fs 0 body 1 pos 0,10 stuck 0
RC WALK 152 id 38 role defend pos 0,10 tgt 0,6 want NORTH
RC POS 153 id 5 seat 1 role expand fs 0 body 1 pos 2,20 stuck 0
RC WALK 153 id 5 role expand pos 2,20 tgt 2,21 want SOUTH
RC POS 153 id 7 seat 2 role expand fs 0 body 1 pos 4,4 stuck 1
RC WALK 153 id 7 role expand pos 4,4 tgt 3,4 want WEST
RC POS 153 id 9 seat 3 role raid fs 1 body 2 pos 28,23 stuck 0
RC WALK 153 id 9 role raid pos 28,23 tgt 28,28 want SOUTH
RC POS 153 id 38 seat 4 role defend fs 0 body 1 pos 0,9 stuck 0
RC WALK 153 id 38 role defend pos 0,9 tgt 0,6 want NORTH
RC POS 154 id 5 seat 1 role expand fs 0 body 1 pos 2,21 stuck 0
RC WALK 154 id 5 role expand pos 2,21 tgt 6,2 want NORTH
RC POS 154 id 7 seat 2 role expand fs 0 body 1 pos 3,4 stuck 0
RC WALK 154 id 7 role expand pos 3,4 tgt 13,15 want SOUTH
RC POS 154 id 9 seat 3 role raid fs 1 body 2 pos 28,24 stuck 0
RC WALK 154 id 9 role raid pos 28,24 tgt 25,29 want NORTH
RC POS 154 id 38 seat 4 role defend fs 0 body 1 pos 0,8 stuck 0
RC WALK 154 id 38 role defend pos 0,8 tgt 0,6 want NORTH
RC POS 155 id 5 seat 1 role expand fs 0 body 1 pos 2,20 stuck 0
RC WALK 155 id 5 role expand pos 2,20 tgt 6,2 want NORTH
RC POS 155 id 7 seat 2 role expand fs 0 body 1 pos 3,5 stuck 0
RC WALK 155 id 7 role expand pos 3,5 tgt 13,15 want SOUTH
RC POS 155 id 9 seat 3 role raid fs 1 body 2 pos 28,23 stuck 0
RC WALK 155 id 9 role raid pos 28,23 tgt 28,28 want SOUTH
RC POS 155 id 38 seat 4 role defend fs 0 body 1 pos 0,7 stuck 0
RC WALK 155 id 38 role defend pos 0,7 tgt 0,6 want NORTH
RC POS 156 id 5 seat 1 role expand fs 0 body 1 pos 2,19 stuck 0
RC WALK 156 id 5 role expand pos 2,19 tgt 6,2 want NORTH
RC POS 156 id 7 seat 2 role expand fs 0 body 1 pos 3,6 stuck 0
RC WALK 156 id 7 role expand pos 3,6 tgt 13,15 want EAST
RC POS 156 id 9 seat 3 role raid fs 1 body 2 pos 28,24 stuck 0
RC WALK 156 id 9 role raid pos 28,24 tgt 25,29 want NORTH
RC POS 156 id 38 seat 4 role defend fs 0 body 1 pos 0,6 stuck 0
RC WALK 156 id 38 role defend pos 0,6 tgt 0,0 want NORTH
RC POS 157 id 5 seat 1 role expand fs 0 body 1 pos 2,18 stuck 0
RC WALK 157 id 5 role expand pos 2,18 tgt 6,2 want NORTH
RC POS 157 id 7 seat 2 role expand fs 0 body 1 pos 4,6 stuck 0
RC WALK 157 id 7 role expand pos 4,6 tgt 13,15 want EAST
RC POS 157 id 9 seat 3 role raid fs 1 body 2 pos 28,23 stuck 0
RC WALK 157 id 9 role raid pos 28,23 tgt 28,28 want SOUTH
RC POS 157 id 38 seat 4 role defend fs 0 body 1 pos 0,5 stuck 0
RC POS 158 id 5 seat 1 role expand fs 0 body 1 pos 2,17 stuck 0
RC WALK 158 id 5 role expand pos 2,17 tgt 6,2 want NORTH
RC POS 158 id 7 seat 2 role expand fs 0 body 1 pos 5,6 stuck 0
RC WALK 158 id 7 role expand pos 5,6 tgt 13,15 want EAST
RC POS 158 id 9 seat 3 role raid fs 1 body 2 pos 28,24 stuck 0
RC WALK 158 id 9 role raid pos 28,24 tgt 25,29 want NORTH
RC POS 158 id 38 seat 4 role defend fs 0 body 1 pos 0,5 stuck 1
RC WALK 158 id 38 role defend pos 0,5 tgt 0,0 want EAST
RC POS 159 id 5 seat 1 role expand fs 0 body 1 pos 2,16 stuck 0
RC WALK 159 id 5 role expand pos 2,16 tgt 6,2 want NORTH
RC POS 159 id 7 seat 2 role expand fs 0 body 1 pos 6,6 stuck 0
RC WALK 159 id 7 role expand pos 6,6 tgt 13,15 want EAST
RC POS 159 id 9 seat 3 role raid fs 1 body 2 pos 28,23 stuck 0
RC WALK 159 id 9 role raid pos 28,23 tgt 28,28 want SOUTH
RC POS 159 id 38 seat 4 role defend fs 0 body 1 pos 1,5 stuck 0
RC WALK 159 id 38 role defend pos 1,5 tgt 0,0 want NORTH
RC POS 160 id 5 seat 1 role expand fs 0 body 1 pos 2,15 stuck 0
RC WALK 160 id 5 role expand pos 2,15 tgt 6,2 want NORTH
RC POS 160 id 7 seat 2 role expand fs 0 body 1 pos 7,6 stuck 0
RC WALK 160 id 7 role expand pos 7,6 tgt 13,15 want SOUTH
RC POS 160 id 9 seat 3 role raid fs 1 body 2 pos 28,24 stuck 0
RC WALK 160 id 9 role raid pos 28,24 tgt 25,29 want NORTH
RC POS 160 id 38 seat 4 role defend fs 0 body 1 pos 1,4 stuck 0
RC WALK 160 id 38 role defend pos 1,4 tgt 0,0 want NORTH
RC POS 161 id 5 seat 1 role expand fs 0 body 1 pos 2,14 stuck 0
RC WALK 161 id 5 role expand pos 2,14 tgt 6,2 want EAST
RC POS 161 id 7 seat 2 role expand fs 0 body 1 pos 7,7 stuck 0
RC WALK 161 id 7 role expand pos 7,7 tgt 13,15 want SOUTH
RC POS 161 id 9 seat 3 role raid fs 1 body 2 pos 28,23 stuck 0
RC WALK 161 id 9 role raid pos 28,23 tgt 28,28 want SOUTH
RC POS 161 id 38 seat 4 role defend fs 0 body 1 pos 1,3 stuck 0
RC WALK 161 id 38 role defend pos 1,3 tgt 0,0 want NORTH
RC POS 162 id 5 seat 1 role expand fs 0 body 1 pos 3,14 stuck 0
RC WALK 162 id 5 role expand pos 3,14 tgt 6,2 want NORTH
RC POS 162 id 7 seat 2 role expand fs 0 body 1 pos 7,8 stuck 0
RC WALK 162 id 7 role expand pos 7,8 tgt 13,15 want SOUTH
RC POS 162 id 9 seat 3 role raid fs 1 body 2 pos 28,24 stuck 0
RC WALK 162 id 9 role raid pos 28,24 tgt 25,29 want NORTH
RC POS 162 id 38 seat 4 role defend fs 0 body 1 pos 1,2 stuck 0
RC WALK 162 id 38 role defend pos 1,2 tgt 0,0 want NORTH
RC POS 163 id 5 seat 1 role expand fs 0 body 1 pos 3,13 stuck 0
RC WALK 163 id 5 role expand pos 3,13 tgt 6,2 want NORTH
RC POS 163 id 7 seat 2 role expand fs 0 body 1 pos 7,9 stuck 0
RC WALK 163 id 7 role expand pos 7,9 tgt 13,15 want EAST
RC POS 163 id 9 seat 3 role raid fs 1 body 2 pos 28,23 stuck 0
RC WALK 163 id 9 role raid pos 28,23 tgt 28,28 want SOUTH
RC POS 163 id 38 seat 4 role defend fs 0 body 1 pos 1,1 stuck 0
RC WALK 163 id 38 role defend pos 1,1 tgt 0,0 want WEST
