Running match: iMAG vs _v488beltbreak2
  Map: drakkarfjord.map26  Seed: 507  Replay: 
scratchpad/s51_v521_build/iso/b3/repiMAG/drakkarfjord_s507_A.replay26  TLE: 10ms
Completed turn 0
Completed turn 100
Completed turn 200
Completed turn 300
Completed turn 400
Completed turn 500
Completed turn 600
Completed turn 700
Completed turn 800
Completed turn 900
Replay written to 
scratchpad/s51_v521_build/iso/b3/repiMAG/drakkarfjord_s507_A.replay26

  Winner: iMAG  (Titanium collected (tiebreak), turn 1000)

                          iMAG    _v488beltbreak2  
  Titanium     86 (1230 mined)      157 (0 mined)  
  Units                      7                  8  
  Buildings                 99                 82  

