Update available: 2.3.6 -> 2.3.8. Run: pip install --upgrade fcode
TIWATCH518 0 ti 500 ammo 0 scale 100 units 1 sen 30 bar 3 beat 0 hold 0
TIWATCH518 1 ti 470 ammo 0 scale 120 units 2 sen 36 bar 3 beat 0 hold 0
TIWATCH518 2 ti 406 ammo 0 scale 150 units 4 sen 45 bar 4 beat 0 hold 0
TIWATCH518 3 ti 361 ammo 0 scale 160 units 4 sen 48 bar 4 beat 0 hold 0
TIWATCH518 4 ti 339 ammo 0 scale 170 units 5 sen 51 bar 5 beat 0 hold 0
TIWATCH518 5 ti 339 ammo 0 scale 160 units 4 sen 48 bar 4 beat 0 hold 0
GATE515 5 salt 0 eco 0 orth 8 floor 60
GAP518 5 id 4 code GATE live 0 salt 0 eco 0 ti 339 sen 48 bar 4 need 9 orth 8 floor 60
GATE515 5 salt 0 eco 0 orth 8 floor 60
TIWATCH518 6 ti 335 ammo 0 scale 161 units 4 sen 48 bar 4 beat 0 hold 0
GATE515 6 salt 0 eco 0 orth 7 floor 60
GAP518 6 id 4 code GATE live 0 salt 0 eco 0 ti 287 sen 54 bar 5 need 8 orth 7 floor 60
GATE515 6 salt 0 eco 0 orth 7 floor 60
TIWATCH518 7 ti 246 ammo 0 scale 187 units 5 sen 56 bar 5 beat 0 hold 0
GAP518 7 id 4 code DODGE live -1 salt -1 eco -1 ti -1 sen -1 bar -1 need -1 orth -1 floor 60
TIWATCH518 8 ti 194 ammo 0 scale 208 units 6 sen 62 bar 6 beat 0 hold 0
GATE515 8 salt 0 eco 0 orth 6 floor 60
GAP518 8 id 4 code GATE live 0 salt 0 eco 0 ti 132 sen 68 bar 6 need 7 orth 6 floor 60
GATE515 8 salt 0 eco 0 orth 6 floor 60
GATE515 8 salt 0 eco 0 orth 6 floor 60
TIWATCH518 9 ti 126 ammo 0 scale 229 units 7 sen 68 bar 6 beat 0 hold 0
TICONV518 9 amt 16 floor 12
GATE515 9 salt 0 eco 0 orth 6 floor 60
GAP518 9 id 4 code GATE live 0 salt 0 eco 0 ti 110 sen 68 bar 6 need 7 orth 6 floor 60
GATE515 9 salt 0 eco 0 orth 6 floor 60
GATE515 9 salt 0 eco 0 orth 6 floor 60
TIWATCH518 10 ti 58 ammo 16 scale 234 units 7 sen 70 bar 7 beat 0 hold 0
TICONV518 10 amt 8 floor 12
GATE515 10 salt 0 eco 0 orth 7 floor 60
GAP518 10 id 4 code GATE live 0 salt 0 eco 0 ti 50 sen 70 bar 7 need 8 orth 7 floor 60
GATE515 10 salt 0 eco 0 orth 7 floor 60
GATE515 10 salt 0 eco 0 orth 7 floor 60
TIWATCH518 11 ti 43 ammo 24 scale 235 units 7 sen 70 bar 7 beat 0 hold 0
GATE515 11 salt 0 eco 0 orth 7 floor 60
GAP518 11 id 4 code GATE live 0 salt 0 eco 0 ti 43 sen 70 bar 7 need 8 orth 7 floor 60
GATE515 11 salt 0 eco 0 orth 7 floor 60
GATE515 11 salt 0 eco 0 orth 7 floor 60
TIWATCH518 12 ti 63 ammo 24 scale 235 units 7 sen 70 bar 7 beat 0 hold 0
GATE515 12 salt 0 eco 0 orth 7 floor 60
GAP518 12 id 4 code GATE live 0 salt 0 eco 0 ti 63 sen 70 bar 7 need 8 orth 7 floor 60
GATE515 12 salt 0 eco 0 orth 7 floor 60
GATE515 12 salt 0 eco 0 orth 7 floor 60
TIWATCH518 13 ti 2 ammo 24 scale 257 units 8 sen 77 bar 7 beat 0 hold 0
GATE515 13 salt 0 eco 0 orth 7 floor 60
GAP518 13 id 4 code GATE live 0 salt 0 eco 0 ti 2 sen 77 bar 7 need 8 orth 7 floor 60
GATE515 13 salt 0 eco 0 orth 7 floor 60
GATE515 13 salt 0 eco 0 orth 7 floor 60
TIWATCH518 14 ti 2 ammo 20 scale 257 units 8 sen 77 bar 7 beat 0 hold 0
GATE515 14 salt 0 eco 0 orth 7 floor 60
GAP518 14 id 4 code GATE live 0 salt 0 eco 0 ti 2 sen 77 bar 7 need 8 orth 7 floor 60
GATE515 14 salt 0 eco 0 orth 7 floor 60
GATE515 14 salt 0 eco 0 orth 7 floor 60
TIWATCH518 15 ti 2 ammo 16 scale 257 units 8 sen 77 bar 7 beat 0 hold 0
GATE515 15 salt 0 eco 0 orth 7 floor 60
GAP518 15 id 4 code GATE live 0 salt 0 eco 0 ti 2 sen 77 bar 7 need 8 orth 7 floor 60
GATE515 15 salt 0 eco 0 orth 7 floor 60
GATE515 15 salt 0 eco 0 orth 7 floor 60
TIWATCH518 16 ti 32 ammo 12 scale 257 units 8 sen 77 bar 7 beat 0 hold 0
TICONV518 16 amt 12 floor 12
GATE515 16 salt 0 eco 0 orth 7 floor 60
GAP518 16 id 4 code GATE live 0 salt 0 eco 0 ti 20 sen 77 bar 7 need 8 orth 7 floor 60
GATE515 16 salt 0 eco 0 orth 7 floor 60
GATE515 16 salt 0 eco 0 orth 7 floor 60
TIWATCH518 17 ti 20 ammo 20 scale 257 units 8 sen 77 bar 7 beat 0 hold 0
TICONV518 17 amt 4 floor 12
GATE515 17 salt 0 eco 0 orth 7 floor 60
GAP518 17 id 4 code GATE live 0 salt 0 eco 0 ti 16 sen 77 bar 7 need 8 orth 7 floor 60
GATE515 17 salt 0 eco 0 orth 7 floor 60
GATE515 17 salt 0 eco 0 orth 7 floor 60
TIWATCH518 18 ti 16 ammo 24 scale 257 units 8 sen 77 bar 7 beat 0 hold 0
GATE515 18 salt 0 eco 0 orth 7 floor 60
GAP518 18 id 4 code GATE live 0 salt 0 eco 0 ti 16 sen 77 bar 7 need 8 orth 7 floor 60
GATE515 18 salt 0 eco 0 orth 7 floor 60
GATE515 18 salt 0 eco 0 orth 7 floor 60
TIWATCH518 19 ti 16 ammo 24 scale 257 units 8 sen 77 bar 7 beat 0 hold 0
GATE515 19 salt 0 eco 0 orth 7 floor 60
GAP518 19 id 4 code GATE live 0 salt 0 eco 0 ti 16 sen 77 bar 7 need 8 orth 7 floor 60
GATE515 19 salt 0 eco 0 orth 7 floor 60
GATE515 19 salt 0 eco 0 orth 7 floor 60
TIWATCH518 20 ti 46 ammo 24 scale 257 units 8 sen 77 bar 7 beat 0 hold 0
GATE515 20 salt 0 eco 0 orth 7 floor 60
GAP518 20 id 4 code GATE live 0 salt 0 eco 0 ti 46 sen 77 bar 7 need 8 orth 7 floor 60
GATE515 20 salt 0 eco 0 orth 7 floor 60
GATE515 20 salt 0 eco 0 orth 7 floor 60
TIWATCH518 21 ti 46 ammo 24 scale 257 units 8 sen 77 bar 7 beat 0 hold 0
GATE515 21 salt 0 eco 0 orth 7 floor 60
GAP518 21 id 4 code GATE live 0 salt 0 eco 0 ti 46 sen 77 bar 7 need 8 orth 7 floor 60
GATE515 21 salt 0 eco 0 orth 7 floor 60
GATE515 21 salt 0 eco 0 orth 7 floor 60
TIWATCH518 22 ti 39 ammo 24 scale 258 units 8 sen 77 bar 7 beat 0 hold 0
GATE515 22 salt 0 eco 0 orth 7 floor 60
GAP518 22 id 4 code GATE live 0 salt 0 eco 0 ti 39 sen 77 bar 7 need 8 orth 7 floor 60
GATE515 22 salt 0 eco 0 orth 7 floor 60
GATE515 22 salt 0 eco 0 orth 7 floor 60
TIWATCH518 23 ti 39 ammo 24 scale 258 units 8 sen 77 bar 7 beat 0 hold 0
GATE515 23 salt 0 eco 0 orth 6 floor 60
GAP518 23 id 4 code GATE live 0 salt 0 eco 0 ti 39 sen 77 bar 7 need 7 orth 6 floor 60
GATE515 23 salt 0 eco 0 orth 6 floor 60
GATE515 23 salt 0 eco 0 orth 6 floor 60
TIWATCH518 24 ti 69 ammo 24 scale 258 units 8 sen 77 bar 7 beat 0 hold 0
GATE515 24 salt 0 eco 0 orth 6 floor 60
GAP518 24 id 4 code GATE live 0 salt 0 eco 0 ti 69 sen 77 bar 7 need 7 orth 6 floor 60
GATE515 24 salt 0 eco 0 orth 6 floor 60
TIWATCH518 25 ti 16 ammo 24 scale 278 units 9 sen 83 bar 8 beat 0 hold 0
GATE515 25 salt 0 eco 0 orth 6 floor 60
GAP518 25 id 4 code GATE live 0 salt 0 eco 0 ti 16 sen 83 bar 8 need 7 orth 6 floor 60
GATE515 25 salt 0 eco 0 orth 6 floor 60
GATE515 25 salt 0 eco 0 orth 6 floor 60
TIWATCH518 26 ti 16 ammo 16 scale 278 units 9 sen 83 bar 8 beat 0 hold 0
TICONV518 26 amt 4 floor 12
GAP518 26 id 4 code DODGE live -1 salt -1 eco -1 ti -1 sen -1 bar -1 need -1 orth -1 floor 60
TIWATCH518 27 ti 2 ammo 16 scale 278 units 9 sen 83 bar 8 beat 0 hold 0
GATE515 27 salt 0 eco 0 orth 6 floor 60
GAP518 27 id 4 code GATE live 0 salt 0 eco 0 ti 2 sen 83 bar 8 need 7 orth 6 floor 60
GATE515 27 salt 0 eco 0 orth 6 floor 60
GATE515 27 salt 0 eco 0 orth 6 floor 60
TIWATCH518 28 ti 32 ammo 8 scale 278 units 9 sen 83 bar 8 beat 0 hold 0
TICONV518 28 amt 16 floor 12
GAP518 28 id 4 code DODGE live -1 salt -1 eco -1 ti -1 sen -1 bar -1 need -1 orth -1 floor 60
TIWATCH518 29 ti 8 ammo 16 scale 279 units 9 sen 83 bar 8 beat 0 hold 0
GATE515 29 salt 0 eco 0 orth 5 floor 60
GAP518 29 id 4 code GATE live 0 salt 0 eco 0 ti 8 sen 83 bar 8 need 6 orth 5 floor 60
GATE515 29 salt 0 eco 0 orth 5 floor 60
GATE515 29 salt 0 eco 0 orth 5 floor 60
TIWATCH518 30 ti 8 ammo 12 scale 259 units 8 sen 77 bar 7 beat 0 hold 0
TIWATCH518 31 ti 8 ammo 8 scale 259 units 8 sen 77 bar 7 beat 0 hold 0
TIWATCH518 32 ti 37 ammo 4 scale 259 units 8 sen 77 bar 7 beat 0 hold 0
TICONV518 32 amt 16 floor 12
TIWATCH518 33 ti 20 ammo 12 scale 259 units 8 sen 77 bar 7 beat 0 hold 0
TICONV518 33 amt 8 floor 12
TIWATCH518 34 ti 11 ammo 16 scale 259 units 8 sen 77 bar 7 beat 0 hold 0
TIWATCH518 35 ti 10 ammo 12 scale 259 units 8 sen 77 bar 7 beat 0 hold 0
TIWATCH518 36 ti 33 ammo 8 scale 259 units 8 sen 77 bar 7 beat 0 hold 0
TICONV518 36 amt 16 floor 12
TIWATCH518 37 ti 17 ammo 20 scale 259 units 8 sen 77 bar 7 beat 0 hold 0
TICONV518 37 amt 4 floor 12
TIWATCH518 38 ti 3 ammo 24 scale 259 units 8 sen 77 bar 7 beat 0 hold 0
TIWATCH518 39 ti 3 ammo 20 scale 259 units 8 sen 77 bar 7 beat 0 hold 0
TIWATCH518 40 ti 33 ammo 20 scale 259 units 8 sen 77 bar 7 beat 0 hold 0
TICONV518 40 amt 4 floor 12
TIWATCH518 41 ti 22 ammo 24 scale 260 units 8 sen 78 bar 7 beat 0 hold 0
TIWATCH518 42 ti 20 ammo 24 scale 260 units 8 sen 78 bar 7 beat 0 hold 0
TIWATCH518 43 ti 20 ammo 24 scale 260 units 8 sen 78 bar 7 beat 0 hold 0
TIWATCH518 44 ti 50 ammo 24 scale 259 units 8 sen 77 bar 7 beat 0 hold 0
TIWATCH518 45 ti 50 ammo 24 scale 259 units 8 sen 77 bar 7 beat 0 hold 0
TIWATCH518 46 ti 40 ammo 24 scale 259 units 8 sen 77 bar 7 beat 0 hold 0
TIWATCH518 47 ti 40 ammo 20 scale 259 units 8 sen 77 bar 7 beat 0 hold 0
TICONV518 47 amt 4 floor 12
TIWATCH518 48 ti 66 ammo 20 scale 259 units 8 sen 77 bar 7 beat 0 hold 0
TICONV518 48 amt 4 floor 12
TIWATCH518 49 ti 62 ammo 20 scale 259 units 8 sen 77 bar 7 beat 0 hold 0
TICONV518 49 amt 4 floor 12
TIWATCH518 50 ti 51 ammo 20 scale 260 units 8 sen 78 bar 7 beat 0 hold 0
TICONV518 50 amt 4 floor 12
TIWATCH518 51 ti 47 ammo 20 scale 260 units 8 sen 78 bar 7 beat 0 hold 0
TICONV518 51 amt 4 floor 12
TIWATCH518 52 ti 73 ammo 24 scale 260 units 8 sen 78 bar 7 beat 0 hold 0
TIWATCH518 53 ti 71 ammo 24 scale 260 units 8 sen 78 bar 7 beat 0 hold 0
TIWATCH518 54 ti 59 ammo 24 scale 260 units 8 sen 78 bar 7 beat 0 hold 0
TIWATCH518 55 ti 59 ammo 20 scale 260 units 8 sen 78 bar 7 beat 0 hold 0
TICONV518 55 amt 4 floor 12
TIWATCH518 56 ti 83 ammo 20 scale 260 units 8 sen 78 bar 7 beat 0 hold 0
TICONV518 56 amt 4 floor 12
TIWATCH518 57 ti 1 ammo 20 scale 280 units 9 sen 84 bar 8 beat 0 hold 0
TIWATCH518 58 ti 1 ammo 6 scale 280 units 9 sen 84 bar 8 beat 0 hold 0
TIWATCH518 59 ti 1 ammo 2 scale 280 units 9 sen 84 bar 8 beat 0 hold 0
TIWATCH518 60 ti 31 ammo 2 scale 280 units 9 sen 84 bar 8 beat 0 hold 0
TICONV518 60 amt 16 floor 12
TIWATCH518 61 ti 13 ammo 4 scale 280 units 9 sen 84 bar 8 beat 0 hold 0
TIWATCH518 62 ti 11 ammo 0 scale 280 units 9 sen 84 bar 8 beat 0 hold 0
TIWATCH518 63 ti 9 ammo 0 scale 280 units 9 sen 84 bar 8 beat 0 hold 0
TIWATCH518 64 ti 37 ammo 0 scale 280 units 9 sen 84 bar 8 beat 0 hold 0
TICONV518 64 amt 16 floor 12
TIWATCH518 65 ti 19 ammo 2 scale 280 units 9 sen 84 bar 8 beat 0 hold 0
TICONV518 65 amt 7 floor 12
TIWATCH518 66 ti 10 ammo 5 scale 280 units 9 sen 84 bar 8 beat 0 hold 0
TIWATCH518 67 ti 8 ammo 1 scale 280 units 9 sen 84 bar 8 beat 0 hold 0
TIWATCH518 68 ti 36 ammo 1 scale 279 units 9 sen 83 bar 8 beat 0 hold 0
TICONV518 68 amt 16 floor 12
TIWATCH518 69 ti 18 ammo 7 scale 279 units 9 sen 83 bar 8 beat 0 hold 0
TICONV518 69 amt 6 floor 12
TIWATCH518 70 ti 4 ammo 13 scale 280 units 9 sen 84 bar 8 beat 0 hold 0
TIWATCH518 71 ti 2 ammo 13 scale 280 units 9 sen 84 bar 8 beat 0 hold 0
TIWATCH518 72 ti 22 ammo 13 scale 280 units 9 sen 84 bar 8 beat 0 hold 0
TICONV518 72 amt 10 floor 12
TIWATCH518 73 ti 10 ammo 19 scale 280 units 9 sen 84 bar 8 beat 0 hold 0
TIWATCH518 74 ti 8 ammo 15 scale 280 units 9 sen 84 bar 8 beat 0 hold 0
TIWATCH518 75 ti 6 ammo 11 scale 280 units 9 sen 84 bar 8 beat 0 hold 0
TIWATCH518 76 ti 24 ammo 11 scale 280 units 9 sen 84 bar 8 beat 0 hold 0
TICONV518 76 amt 12 floor 12
TIWATCH518 77 ti 0 ammo 23 scale 280 units 9 sen 84 bar 8 beat 0 hold 0
TIWATCH518 78 ti 0 ammo 19 scale 280 units 9 sen 84 bar 8 beat 0 hold 0
TIWATCH518 79 ti 0 ammo 15 scale 280 units 9 sen 84 bar 8 beat 0 hold 0
TIWATCH518 80 ti 20 ammo 15 scale 280 units 9 sen 84 bar 8 beat 0 hold 0
TICONV518 80 amt 8 floor 12
TIWATCH518 81 ti 10 ammo 19 scale 280 units 9 sen 84 bar 8 beat 0 hold 0
TIWATCH518 82 ti 8 ammo 15 scale 280 units 9 sen 84 bar 8 beat 0 hold 0
TIWATCH518 83 ti 6 ammo 11 scale 280 units 9 sen 84 bar 8 beat 0 hold 0
TIWATCH518 84 ti 24 ammo 7 scale 280 units 9 sen 84 bar 8 beat 0 hold 0
TICONV518 84 amt 12 floor 12
TIWATCH518 85 ti 0 ammo 19 scale 280 units 9 sen 84 bar 8 beat 0 hold 0
TIWATCH518 86 ti 0 ammo 15 scale 280 units 9 sen 84 bar 8 beat 0 hold 0
TIWATCH518 87 ti 0 ammo 11 scale 280 units 9 sen 84 bar 8 beat 0 hold 0
TIWATCH518 88 ti 20 ammo 7 scale 280 units 9 sen 84 bar 8 beat 0 hold 0
TICONV518 88 amt 8 floor 12
TIWATCH518 89 ti 10 ammo 11 scale 280 units 9 sen 84 bar 8 beat 0 hold 0
TIWATCH518 90 ti 8 ammo 7 scale 280 units 9 sen 84 bar 8 beat 0 hold 0
TIWATCH518 91 ti 6 ammo 3 scale 280 units 9 sen 84 bar 8 beat 0 hold 0
TIWATCH518 92 ti 24 ammo 3 scale 280 units 9 sen 84 bar 8 beat 0 hold 0
TICONV518 92 amt 12 floor 12
TIWATCH518 93 ti 10 ammo 11 scale 260 units 8 sen 78 bar 7 beat 0 hold 0
TIWATCH518 94 ti 8 ammo 11 scale 260 units 8 sen 78 bar 7 beat 0 hold 0
TIWATCH518 95 ti 6 ammo 11 scale 260 units 8 sen 78 bar 7 beat 0 hold 0
TIWATCH518 96 ti 24 ammo 11 scale 260 units 8 sen 78 bar 7 beat 0 hold 0
TICONV518 96 amt 12 floor 12
TIWATCH518 97 ti 10 ammo 23 scale 260 units 8 sen 78 bar 7 beat 0 hold 0
TIWATCH518 98 ti 8 ammo 23 scale 260 units 8 sen 78 bar 7 beat 0 hold 0
TIWATCH518 99 ti 6 ammo 23 scale 260 units 8 sen 78 bar 7 beat 0 hold 0
TIWATCH518 100 ti 24 ammo 23 scale 260 units 8 sen 78 bar 7 beat 0 hold 0
TIWATCH518 101 ti 17 ammo 23 scale 241 units 7 sen 72 bar 7 beat 0 hold 0
TIWATCH518 102 ti 17 ammo 23 scale 241 units 7 sen 72 bar 7 beat 0 hold 0
TIWATCH518 103 ti 17 ammo 23 scale 241 units 7 sen 72 bar 7 beat 0 hold 0
TIWATCH518 104 ti 37 ammo 23 scale 241 units 7 sen 72 bar 7 beat 0 hold 0
TIWATCH518 105 ti 37 ammo 23 scale 241 units 7 sen 72 bar 7 beat 0 hold 0
TIWATCH518 106 ti 37 ammo 23 scale 241 units 7 sen 72 bar 7 beat 0 hold 0
TIWATCH518 107 ti 37 ammo 23 scale 241 units 7 sen 72 bar 7 beat 0 hold 0
TIWATCH518 108 ti 57 ammo 23 scale 241 units 7 sen 72 bar 7 beat 0 hold 0
TIWATCH518 109 ti 57 ammo 23 scale 241 units 7 sen 72 bar 7 beat 0 hold 0
TIWATCH518 110 ti 57 ammo 23 scale 241 units 7 sen 72 bar 7 beat 0 hold 0
TIWATCH518 111 ti 57 ammo 23 scale 241 units 7 sen 72 bar 7 beat 0 hold 0
TIWATCH518 112 ti 77 ammo 23 scale 241 units 7 sen 72 bar 7 beat 0 hold 0
TIWATCH518 113 ti 77 ammo 23 scale 241 units 7 sen 72 bar 7 beat 0 hold 0
TIWATCH518 114 ti 29 ammo 23 scale 246 units 7 sen 73 bar 7 beat 0 hold 0
TIWATCH518 115 ti 29 ammo 23 scale 246 units 7 sen 73 bar 7 beat 0 hold 0
TIWATCH518 116 ti 42 ammo 23 scale 247 units 7 sen 74 bar 7 beat 0 hold 0
TIWATCH518 117 ti 42 ammo 23 scale 247 units 7 sen 74 bar 7 beat 0 hold 0
TIWATCH518 118 ti 35 ammo 23 scale 248 units 7 sen 74 bar 7 beat 0 hold 0
TIWATCH518 119 ti 35 ammo 23 scale 248 units 7 sen 74 bar 7 beat 0 hold 0
TIWATCH518 120 ti 48 ammo 23 scale 249 units 7 sen 74 bar 7 beat 0 hold 0
TIWATCH518 121 ti 48 ammo 23 scale 249 units 7 sen 74 bar 7 beat 0 hold 0
TIWATCH518 122 ti 41 ammo 23 scale 250 units 7 sen 75 bar 7 beat 0 hold 0
TIWATCH518 123 ti 41 ammo 23 scale 250 units 7 sen 75 bar 7 beat 0 hold 0
TIWATCH518 124 ti 54 ammo 23 scale 251 units 7 sen 75 bar 7 beat 0 hold 0
TIWATCH518 125 ti 4 ammo 23 scale 271 units 8 sen 81 bar 8 beat 0 hold 0
TIWATCH518 126 ti 4 ammo 19 scale 271 units 8 sen 81 bar 8 beat 0 hold 0
TIWATCH518 127 ti 4 ammo 15 scale 271 units 8 sen 81 bar 8 beat 0 hold 0
TIWATCH518 128 ti 24 ammo 11 scale 271 units 8 sen 81 bar 8 beat 0 hold 0
TICONV518 128 amt 12 floor 12
TIWATCH518 129 ti 12 ammo 19 scale 271 units 8 sen 81 bar 8 beat 0 hold 0
TIWATCH518 130 ti 12 ammo 15 scale 251 units 7 sen 75 bar 7 beat 0 hold 0
TIWATCH518 131 ti 12 ammo 15 scale 251 units 7 sen 75 bar 7 beat 0 hold 0
TIWATCH518 132 ti 32 ammo 15 scale 251 units 7 sen 75 bar 7 beat 0 hold 0
TICONV518 132 amt 9 floor 12
TIWATCH518 133 ti 16 ammo 24 scale 252 units 7 sen 75 bar 7 beat 0 hold 0
TIWATCH518 134 ti 16 ammo 24 scale 252 units 7 sen 75 bar 7 beat 0 hold 0
TIWATCH518 135 ti 16 ammo 24 scale 252 units 7 sen 75 bar 7 beat 0 hold 0
TIWATCH518 136 ti 36 ammo 24 scale 252 units 7 sen 75 bar 7 beat 0 hold 0
TIWATCH518 137 ti 29 ammo 24 scale 253 units 7 sen 75 bar 7 beat 0 hold 0
TIWATCH518 138 ti 29 ammo 24 scale 253 units 7 sen 75 bar 7 beat 0 hold 0
TIWATCH518 139 ti 22 ammo 24 scale 254 units 7 sen 76 bar 7 beat 0 hold 0
TIWATCH518 140 ti 42 ammo 24 scale 254 units 7 sen 76 bar 7 beat 0 hold 0
TIWATCH518 141 ti 35 ammo 24 scale 255 units 7 sen 76 bar 7 beat 0 hold 0
TIWATCH518 142 ti 45 ammo 24 scale 255 units 7 sen 76 bar 7 beat 0 hold 0
TIWATCH518 143 ti 55 ammo 24 scale 255 units 7 sen 76 bar 7 beat 0 hold 0
TIWATCH518 144 ti 34 ammo 24 scale 275 units 8 sen 82 bar 8 beat 0 hold 0
TIWATCH518 145 ti 44 ammo 20 scale 275 units 8 sen 82 bar 8 beat 0 hold 0
TICONV518 145 amt 4 floor 12
TIWATCH518 146 ti 50 ammo 20 scale 275 units 8 sen 82 bar 8 beat 0 hold 0
TICONV518 146 amt 4 floor 12
TIWATCH518 147 ti 56 ammo 20 scale 275 units 8 sen 82 bar 8 beat 0 hold 0
TICONV518 147 amt 4 floor 12
TIWATCH518 148 ti 72 ammo 20 scale 275 units 8 sen 82 bar 8 beat 0 hold 0
TICONV518 148 amt 4 floor 12
TIWATCH518 149 ti 78 ammo 20 scale 275 units 8 sen 82 bar 8 beat 0 hold 0
TICONV518 149 amt 4 floor 12
TIWATCH518 150 ti 74 ammo 24 scale 275 units 8 sen 82 bar 8 beat 0 hold 0
TIWATCH518 151 ti 74 ammo 24 scale 255 units 7 sen 76 bar 7 beat 0 hold 0
TIWATCH518 152 ti 94 ammo 24 scale 255 units 7 sen 76 bar 7 beat 0 hold 0
TIWATCH518 153 ti 104 ammo 24 scale 255 units 7 sen 76 bar 7 beat 0 hold 0
TIWATCH518 154 ti 28 ammo 24 scale 275 units 8 sen 82 bar 8 beat 0 hold 0
TIWATCH518 155 ti 28 ammo 14 scale 275 units 8 sen 82 bar 8 beat 0 hold 0
TICONV518 155 amt 10 floor 12
TIWATCH518 156 ti 38 ammo 24 scale 275 units 8 sen 82 bar 8 beat 0 hold 0
TIWATCH518 157 ti 48 ammo 14 scale 275 units 8 sen 82 bar 8 beat 0 hold 0
TICONV518 157 amt 10 floor 12
TIWATCH518 158 ti 38 ammo 24 scale 275 units 8 sen 82 bar 8 beat 0 hold 0
TIWATCH518 159 ti 38 ammo 14 scale 275 units 8 sen 82 bar 8 beat 0 hold 0
TICONV518 159 amt 10 floor 12
TIWATCH518 160 ti 48 ammo 24 scale 275 units 8 sen 82 bar 8 beat 0 hold 0
TIWATCH518 161 ti 58 ammo 14 scale 275 units 8 sen 82 bar 8 beat 0 hold 0
TICONV518 161 amt 10 floor 12
TIWATCH518 162 ti 48 ammo 24 scale 275 units 8 sen 82 bar 8 beat 0 hold 0
TIWATCH518 163 ti 48 ammo 24 scale 275 units 8 sen 82 bar 8 beat 0 hold 0
TIWATCH518 164 ti 68 ammo 24 scale 275 units 8 sen 82 bar 8 beat 0 hold 0
TIWATCH518 165 ti 78 ammo 24 scale 275 units 8 sen 82 bar 8 beat 0 hold 0
TIWATCH518 166 ti 23 ammo 24 scale 280 units 8 sen 84 bar 8 beat 0 hold 0
TIWATCH518 167 ti 23 ammo 24 scale 280 units 8 sen 84 bar 8 beat 0 hold 0
TIWATCH518 168 ti 43 ammo 24 scale 280 units 8 sen 84 bar 8 beat 0 hold 0
TIWATCH518 169 ti 45 ammo 24 scale 281 units 8 sen 84 bar 8 beat 0 hold 0
TIWATCH518 170 ti 45 ammo 24 scale 281 units 8 sen 84 bar 8 beat 0 hold 0
TIWATCH518 171 ti 35 ammo 24 scale 281 units 8 sen 84 bar 8 beat 0 hold 0
TIWATCH518 172 ti 55 ammo 20 scale 281 units 8 sen 84 bar 8 beat 0 hold 0
TICONV518 172 amt 4 floor 12
TIWATCH518 173 ti 61 ammo 24 scale 281 units 8 sen 84 bar 8 beat 0 hold 0
TIWATCH518 174 ti 71 ammo 24 scale 281 units 8 sen 84 bar 8 beat 0 hold 0
TIWATCH518 175 ti 71 ammo 24 scale 281 units 8 sen 84 bar 8 beat 0 hold 0
TIWATCH518 176 ti 91 ammo 24 scale 281 units 8 sen 84 bar 8 beat 0 hold 0
TIWATCH518 177 ti 45 ammo 24 scale 286 units 8 sen 85 bar 8 beat 0 hold 0
TIWATCH518 178 ti 55 ammo 24 scale 286 units 8 sen 85 bar 8 beat 0 hold 0
TIWATCH518 179 ti 47 ammo 24 scale 287 units 8 sen 86 bar 8 beat 0 hold 0
TIWATCH518 180 ti 67 ammo 24 scale 287 units 8 sen 86 bar 8 beat 0 hold 0
TIWATCH518 181 ti 69 ammo 24 scale 288 units 8 sen 86 bar 8 beat 0 hold 0
TIWATCH518 182 ti 79 ammo 20 scale 288 units 8 sen 86 bar 8 beat 0 hold 0
TICONV518 182 amt 4 floor 12
TIWATCH518 183 ti 67 ammo 20 scale 289 units 8 sen 86 bar 8 beat 0 hold 0
TICONV518 183 amt 4 floor 12
TIWATCH518 184 ti 73 ammo 20 scale 289 units 8 sen 86 bar 8 beat 0 hold 0
TICONV518 184 amt 4 floor 12
TIWATCH518 185 ti 71 ammo 20 scale 290 units 8 sen 87 bar 8 beat 0 hold 0
TICONV518 185 amt 4 floor 12
TIWATCH518 186 ti 86 ammo 24 scale 290 units 8 sen 87 bar 8 beat 0 hold 0
TIWATCH518 187 ti 37 ammo 24 scale 295 units 8 sen 88 bar 8 beat 0 hold 0
TIWATCH518 188 ti 56 ammo 24 scale 295 units 8 sen 88 bar 8 beat 0 hold 0
TIWATCH518 189 ti 65 ammo 20 scale 295 units 8 sen 88 bar 8 beat 0 hold 0
TICONV518 189 amt 4 floor 12
TIWATCH518 190 ti 80 ammo 20 scale 295 units 8 sen 88 bar 8 beat 0 hold 0
TICONV518 190 amt 4 floor 12
TIWATCH518 191 ti 76 ammo 20 scale 275 units 7 sen 82 bar 8 beat 0 hold 0
TICONV518 191 amt 4 floor 12
TIWATCH518 192 ti 82 ammo 24 scale 275 units 7 sen 82 bar 8 beat 0 hold 0
TIWATCH518 193 ti 20 ammo 24 scale 295 units 8 sen 88 bar 8 beat 0 hold 0
TIWATCH518 194 ti 40 ammo 14 scale 295 units 8 sen 88 bar 8 beat 0 hold 0
TICONV518 194 amt 10 floor 12
TIWATCH518 195 ti 22 ammo 24 scale 296 units 8 sen 88 bar 8 beat 0 hold 0
TIWATCH518 196 ti 42 ammo 14 scale 296 units 8 sen 88 bar 8 beat 0 hold 0
TICONV518 196 amt 10 floor 12
TIWATCH518 197 ti 24 ammo 24 scale 297 units 8 sen 89 bar 8 beat 0 hold 0
TIWATCH518 198 ti 44 ammo 24 scale 297 units 8 sen 89 bar 8 beat 0 hold 0
TIWATCH518 199 ti 36 ammo 24 scale 298 units 8 sen 89 bar 8 beat 0 hold 0
TIWATCH518 200 ti 46 ammo 24 scale 298 units 8 sen 89 bar 8 beat 0 hold 0
TIWATCH518 201 ti 58 ammo 24 scale 299 units 8 sen 89 bar 8 beat 0 hold 0
TIWATCH518 202 ti 88 ammo 24 scale 299 units 8 sen 89 bar 8 beat 0 hold 0
TIWATCH518 203 ti 98 ammo 24 scale 299 units 8 sen 89 bar 8 beat 0 hold 0
TIWATCH518 204 ti 118 ammo 24 scale 299 units 8 sen 89 bar 8 beat 0 hold 0
TIWATCH518 205 ti 128 ammo 24 scale 299 units 8 sen 89 bar 8 beat 0 hold 0
TIWATCH518 206 ti 148 ammo 24 scale 299 units 8 sen 89 bar 8 beat 0 hold 0
TIWATCH518 207 ti 69 ammo 24 scale 319 units 9 sen 95 bar 9 beat 0 hold 0
TIWATCH518 208 ti 79 ammo 14 scale 319 units 9 sen 95 bar 9 beat 0 hold 0
TICONV518 208 amt 10 floor 12
TIWATCH518 209 ti 89 ammo 24 scale 319 units 9 sen 95 bar 9 beat 0 hold 0
TIWATCH518 210 ti 109 ammo 14 scale 319 units 9 sen 95 bar 9 beat 0 hold 0
TICONV518 210 amt 10 floor 12
TIWATCH518 211 ti 109 ammo 24 scale 319 units 9 sen 95 bar 9 beat 0 hold 0
TIWATCH518 212 ti 34 ammo 14 scale 339 units 10 sen 101 bar 10 beat 0 hold 0
TICONV518 212 amt 10 floor 12
TIWATCH518 213 ti 34 ammo 14 scale 339 units 10 sen 101 bar 10 beat 0 hold 0
TICONV518 213 amt 10 floor 12
TIWATCH518 214 ti 44 ammo 14 scale 339 units 10 sen 101 bar 10 beat 0 hold 0
TICONV518 214 amt 10 floor 12
TIWATCH518 215 ti 44 ammo 14 scale 339 units 10 sen 101 bar 10 beat 0 hold 0
TICONV518 215 amt 10 floor 12
TIWATCH518 216 ti 44 ammo 24 scale 339 units 10 sen 101 bar 10 beat 0 hold 0
TIWATCH518 217 ti 64 ammo 14 scale 339 units 10 sen 101 bar 10 beat 0 hold 0
TICONV518 217 amt 10 floor 12
TIWATCH518 218 ti 74 ammo 24 scale 339 units 10 sen 101 bar 10 beat 0 hold 0
TIWATCH518 219 ti 84 ammo 14 scale 339 units 10 sen 101 bar 10 beat 0 hold 0
TICONV518 219 amt 10 floor 12
TIWATCH518 220 ti 94 ammo 24 scale 339 units 10 sen 101 bar 10 beat 0 hold 0
TIWATCH518 221 ti 104 ammo 24 scale 339 units 10 sen 101 bar 10 beat 0 hold 0
TIWATCH518 222 ti 23 ammo 24 scale 359 units 11 sen 107 bar 10 beat 0 hold 0
TICONV518 222 amt 4 floor 12
TIWATCH518 223 ti 29 ammo 18 scale 359 units 11 sen 107 bar 10 beat 0 hold 0
TICONV518 223 amt 10 floor 12
TIWATCH518 224 ti 29 ammo 28 scale 359 units 11 sen 107 bar 10 beat 0 hold 0
TIWATCH518 225 ti 49 ammo 18 scale 359 units 11 sen 107 bar 10 beat 0 hold 0
TICONV518 225 amt 10 floor 12
TIWATCH518 226 ti 59 ammo 28 scale 359 units 11 sen 107 bar 10 beat 0 hold 0
TIWATCH518 227 ti 69 ammo 28 scale 359 units 11 sen 107 bar 10 beat 0 hold 0
TIWATCH518 228 ti 89 ammo 28 scale 359 units 11 sen 107 bar 10 beat 0 hold 0
TIWATCH518 229 ti 28 ammo 28 scale 364 units 11 sen 109 bar 10 beat 0 hold 0
TIWATCH518 230 ti 38 ammo 28 scale 365 units 11 sen 109 bar 10 beat 0 hold 0
TIWATCH518 231 ti 48 ammo 28 scale 365 units 11 sen 109 bar 10 beat 0 hold 0
TIWATCH518 232 ti 48 ammo 28 scale 366 units 11 sen 109 bar 10 beat 0 hold 0
TIWATCH518 233 ti 58 ammo 28 scale 367 units 11 sen 110 bar 11 beat 0 hold 0
TIWATCH518 234 ti 78 ammo 28 scale 367 units 11 sen 110 bar 11 beat 0 hold 0
TIWATCH518 235 ti 77 ammo 28 scale 368 units 11 sen 110 bar 11 beat 0 hold 0
TIWATCH518 236 ti 97 ammo 28 scale 368 units 11 sen 110 bar 11 beat 0 hold 0
TIWATCH518 237 ti 96 ammo 28 scale 369 units 11 sen 110 bar 11 beat 0 hold 0
TIWATCH518 238 ti 116 ammo 28 scale 369 units 11 sen 110 bar 11 beat 0 hold 0
TIWATCH518 239 ti 115 ammo 28 scale 370 units 11 sen 111 bar 11 beat 0 hold 0
TIWATCH518 240 ti 125 ammo 28 scale 370 units 11 sen 111 bar 11 beat 0 hold 0
TIWATCH518 241 ti 134 ammo 28 scale 371 units 11 sen 111 bar 11 beat 0 hold 0
TIWATCH518 242 ti 154 ammo 28 scale 371 units 11 sen 111 bar 11 beat 0 hold 0
TIWATCH518 243 ti 153 ammo 28 scale 372 units 11 sen 111 bar 11 beat 0 hold 0
TIWATCH518 244 ti 173 ammo 28 scale 372 units 11 sen 111 bar 11 beat 0 hold 0
TIWATCH518 245 ti 61 ammo 28 scale 393 units 12 sen 117 bar 11 beat 0 hold 0
TIWATCH518 246 ti 80 ammo 28 scale 393 units 12 sen 117 bar 11 beat 0 hold 0
TIWATCH518 247 ti 89 ammo 28 scale 392 units 12 sen 117 bar 11 beat 0 hold 0
TIWATCH518 248 ti 21 ammo 28 scale 402 units 13 sen 120 bar 12 beat 0 hold 0
TIWATCH518 249 ti 41 ammo 28 scale 392 units 12 sen 117 bar 11 beat 0 hold 0
TIWATCH518 250 ti 61 ammo 28 scale 392 units 12 sen 117 bar 11 beat 0 hold 0
TIWATCH518 251 ti 71 ammo 28 scale 392 units 12 sen 117 bar 11 beat 0 hold 0
TIWATCH518 252 ti 91 ammo 28 scale 392 units 12 sen 117 bar 11 beat 0 hold 0
TIWATCH518 253 ti 23 ammo 18 scale 412 units 13 sen 123 bar 12 beat 0 hold 0
TICONV518 253 amt 11 floor 12
TIWATCH518 254 ti 22 ammo 29 scale 412 units 13 sen 123 bar 12 beat 0 hold 0
TIWATCH518 255 ti 32 ammo 5 scale 412 units 13 sen 123 bar 12 beat 0 hold 0
TICONV518 255 amt 16 floor 12
TIWATCH518 256 ti 26 ammo 17 scale 412 units 13 sen 123 bar 12 beat 0 hold 0
TICONV518 256 amt 14 floor 12
TIWATCH518 257 ti 32 ammo 7 scale 412 units 13 sen 123 bar 12 beat 0 hold 0
TICONV518 257 amt 16 floor 12
TIWATCH518 258 ti 36 ammo 19 scale 412 units 13 sen 123 bar 12 beat 0 hold 0
TICONV518 258 amt 13 floor 12
TIWATCH518 259 ti 33 ammo 18 scale 412 units 13 sen 123 bar 12 beat 0 hold 0
TICONV518 259 amt 14 floor 12
TIWATCH518 260 ti 39 ammo 28 scale 412 units 13 sen 123 bar 12 beat 0 hold 0
TICONV518 260 amt 4 floor 12
GATE515 260 salt 0 eco 1 orth 3 floor 60
GAP518 260 id 513 code FUND live 0 salt 0 eco 1 ti 35 sen 123 bar 12 need 4 orth 3 floor 60
GATE515 260 salt 0 eco 1 orth 3 floor 60
TIWATCH518 261 ti 45 ammo 22 scale 412 units 13 sen 123 bar 12 beat 0 hold 0
TICONV518 261 amt 10 floor 12
GATE515 261 salt 0 eco 1 orth 3 floor 60
GAP518 261 id 513 code FUND live 0 salt 0 eco 1 ti 35 sen 123 bar 12 need 4 orth 3 floor 60
GATE515 261 salt 0 eco 1 orth 3 floor 60
TIWATCH518 262 ti 45 ammo 32 scale 412 units 13 sen 123 bar 12 beat 0 hold 0
TIWATCH518 263 ti 55 ammo 28 scale 392 units 12 sen 117 bar 11 beat 0 hold 0
TICONV518 263 amt 4 floor 12
TIWATCH518 264 ti 61 ammo 28 scale 392 units 12 sen 117 bar 11 beat 0 hold 0
TICONV518 264 amt 4 floor 12
TIWATCH518 265 ti 77 ammo 28 scale 392 units 12 sen 117 bar 11 beat 0 hold 0
TICONV518 265 amt 4 floor 12
TIWATCH518 266 ti 93 ammo 28 scale 392 units 12 sen 117 bar 11 beat 0 hold 0
TICONV518 266 amt 4 floor 12
TIWATCH518 267 ti 99 ammo 28 scale 392 units 12 sen 117 bar 11 beat 0 hold 0
TICONV518 267 amt 4 floor 12
TIWATCH518 268 ti 115 ammo 32 scale 392 units 12 sen 117 bar 11 beat 0 hold 0
TIWATCH518 269 ti 125 ammo 32 scale 372 units 11 sen 111 bar 11 beat 0 hold 0
TIWATCH518 270 ti 135 ammo 32 scale 372 units 11 sen 111 bar 11 beat 0 hold 0
TIWATCH518 271 ti 134 ammo 28 scale 373 units 11 sen 111 bar 11 beat 0 hold 0
TICONV518 271 amt 4 floor 12
TIWATCH518 272 ti 140 ammo 28 scale 373 units 11 sen 111 bar 11 beat 0 hold 0
TICONV518 272 amt 4 floor 12
TIWATCH518 273 ti 145 ammo 28 scale 373 units 11 sen 111 bar 11 beat 0 hold 0
TICONV518 273 amt 4 floor 12
TIWATCH518 274 ti 161 ammo 18 scale 373 units 11 sen 111 bar 11 beat 0 hold 0
TICONV518 274 amt 14 floor 12
TIWATCH518 275 ti 146 ammo 28 scale 374 units 11 sen 112 bar 11 beat 0 hold 0
TICONV518 275 amt 4 floor 12
TIWATCH518 276 ti 162 ammo 22 scale 374 units 11 sen 112 bar 11 beat 0 hold 0
TICONV518 276 amt 10 floor 12
TIWATCH518 277 ti 78 ammo 32 scale 379 units 11 sen 113 bar 11 beat 0 hold 0
TIWATCH518 278 ti 77 ammo 32 scale 379 units 11 sen 113 bar 11 beat 0 hold 0
TIWATCH518 279 ti 75 ammo 32 scale 375 units 11 sen 112 bar 11 beat 0 hold 0
TIWATCH518 280 ti 85 ammo 32 scale 375 units 11 sen 112 bar 11 beat 0 hold 0
TIWATCH518 281 ti 95 ammo 32 scale 375 units 11 sen 112 bar 11 beat 0 hold 0
TIWATCH518 282 ti 94 ammo 32 scale 376 units 11 sen 112 bar 11 beat 0 hold 0
TIWATCH518 283 ti 93 ammo 32 scale 377 units 11 sen 113 bar 11 beat 0 hold 0
TIWATCH518 284 ti 102 ammo 22 scale 378 units 11 sen 113 bar 11 beat 0 hold 0
TICONV518 284 amt 10 floor 12
TIWATCH518 285 ti 92 ammo 32 scale 378 units 11 sen 113 bar 11 beat 0 hold 0
TIWATCH518 286 ti 102 ammo 22 scale 378 units 11 sen 113 bar 11 beat 0 hold 0
TICONV518 286 amt 10 floor 12
TIWATCH518 287 ti 102 ammo 32 scale 378 units 11 sen 113 bar 11 beat 0 hold 0
TIWATCH518 288 ti 112 ammo 22 scale 378 units 11 sen 113 bar 11 beat 0 hold 0
TICONV518 288 amt 10 floor 12
TIWATCH518 289 ti 112 ammo 32 scale 378 units 11 sen 113 bar 11 beat 0 hold 0
TIWATCH518 290 ti 111 ammo 22 scale 379 units 11 sen 113 bar 11 beat 0 hold 0
TICONV518 290 amt 10 floor 12
TIWATCH518 291 ti 110 ammo 32 scale 379 units 11 sen 113 bar 11 beat 0 hold 0
TIWATCH518 292 ti 129 ammo 22 scale 379 units 11 sen 113 bar 11 beat 0 hold 0
TICONV518 292 amt 10 floor 12
TIWATCH518 293 ti 118 ammo 32 scale 379 units 11 sen 113 bar 11 beat 0 hold 0
TIWATCH518 294 ti 116 ammo 22 scale 380 units 11 sen 114 bar 11 beat 0 hold 0
TICONV518 294 amt 10 floor 12
TIWATCH518 295 ti 115 ammo 32 scale 379 units 11 sen 113 bar 11 beat 0 hold 0
TIWATCH518 296 ti 103 ammo 22 scale 381 units 11 sen 114 bar 11 beat 0 hold 0
TICONV518 296 amt 10 floor 12
TIWATCH518 297 ti 102 ammo 32 scale 381 units 11 sen 114 bar 11 beat 0 hold 0
TIWATCH518 298 ti 111 ammo 22 scale 381 units 11 sen 114 bar 11 beat 0 hold 0
TICONV518 298 amt 10 floor 12
TIWATCH518 299 ti 110 ammo 32 scale 381 units 11 sen 114 bar 11 beat 0 hold 0
TIWATCH518 300 ti 129 ammo 22 scale 381 units 11 sen 114 bar 11 beat 0 hold 0
TICONV518 300 amt 10 floor 12
TIWATCH518 301 ti 118 ammo 32 scale 380 units 11 sen 114 bar 11 beat 0 hold 0
TIWATCH518 302 ti 117 ammo 32 scale 381 units 11 sen 114 bar 11 beat 0 hold 0
TIWATCH518 303 ti 126 ammo 32 scale 381 units 11 sen 114 bar 11 beat 0 hold 0
TIWATCH518 304 ti 135 ammo 32 scale 381 units 11 sen 114 bar 11 beat 0 hold 0
TIWATCH518 305 ti 144 ammo 32 scale 381 units 11 sen 114 bar 11 beat 0 hold 0
TIWATCH518 306 ti 153 ammo 32 scale 381 units 11 sen 114 bar 11 beat 0 hold 0
TIWATCH518 307 ti 162 ammo 32 scale 380 units 11 sen 114 bar 11 beat 0 hold 0
TIWATCH518 308 ti 95 ammo 32 scale 386 units 11 sen 115 bar 11 beat 0 hold 0
TIWATCH518 309 ti 93 ammo 32 scale 386 units 11 sen 115 bar 11 beat 0 hold 0
TIWATCH518 310 ti 101 ammo 32 scale 386 units 11 sen 115 bar 11 beat 0 hold 0
TIWATCH518 311 ti 109 ammo 32 scale 386 units 11 sen 115 bar 11 beat 0 hold 0
TIWATCH518 312 ti 117 ammo 32 scale 381 units 11 sen 114 bar 11 beat 0 hold 0
TIWATCH518 313 ti 50 ammo 32 scale 385 units 11 sen 115 bar 11 beat 0 hold 0
TIWATCH518 314 ti 49 ammo 32 scale 386 units 11 sen 115 bar 11 beat 0 hold 0
TIWATCH518 315 ti 58 ammo 22 scale 386 units 11 sen 115 bar 11 beat 0 hold 0
TICONV518 315 amt 10 floor 12
TIWATCH518 316 ti 67 ammo 32 scale 381 units 11 sen 114 bar 11 beat 0 hold 0
TIWATCH518 317 ti 66 ammo 22 scale 381 units 11 sen 114 bar 11 beat 0 hold 0
TICONV518 317 amt 10 floor 12
TIWATCH518 318 ti 65 ammo 32 scale 381 units 11 sen 114 bar 11 beat 0 hold 0
TIWATCH518 319 ti 74 ammo 22 scale 380 units 11 sen 114 bar 11 beat 0 hold 0
TICONV518 319 amt 10 floor 12
TIWATCH518 320 ti 63 ammo 32 scale 381 units 11 sen 114 bar 11 beat 0 hold 0
TIWATCH518 321 ti 72 ammo 32 scale 381 units 11 sen 114 bar 11 beat 0 hold 0
TIWATCH518 322 ti 81 ammo 32 scale 381 units 11 sen 114 bar 11 beat 0 hold 0
TIWATCH518 323 ti 90 ammo 32 scale 381 units 11 sen 114 bar 11 beat 0 hold 0
TIWATCH518 324 ti 109 ammo 32 scale 381 units 11 sen 114 bar 11 beat 0 hold 0
TIWATCH518 325 ti 108 ammo 32 scale 380 units 11 sen 114 bar 11 beat 0 hold 0
TIWATCH518 326 ti 107 ammo 32 scale 381 units 11 sen 114 bar 11 beat 0 hold 0
TIWATCH518 327 ti 116 ammo 32 scale 381 units 11 sen 114 bar 11 beat 0 hold 0
TIWATCH518 328 ti 125 ammo 32 scale 381 units 11 sen 114 bar 11 beat 0 hold 0
TIWATCH518 329 ti 134 ammo 32 scale 381 units 11 sen 114 bar 11 beat 0 hold 0
TIWATCH518 330 ti 67 ammo 32 scale 386 units 11 sen 115 bar 11 beat 0 hold 0
TIWATCH518 331 ti 75 ammo 32 scale 385 units 11 sen 115 bar 11 beat 0 hold 0
TIWATCH518 332 ti 83 ammo 32 scale 386 units 11 sen 115 bar 11 beat 0 hold 0
TIWATCH518 333 ti 81 ammo 22 scale 386 units 11 sen 115 bar 11 beat 0 hold 0
TICONV518 333 amt 10 floor 12
TIWATCH518 334 ti 79 ammo 32 scale 381 units 11 sen 114 bar 11 beat 0 hold 0
TIWATCH518 335 ti 88 ammo 22 scale 381 units 11 sen 114 bar 11 beat 0 hold 0
TICONV518 335 amt 10 floor 12
TIWATCH518 336 ti 87 ammo 32 scale 381 units 11 sen 114 bar 11 beat 0 hold 0
TIWATCH518 337 ti 96 ammo 22 scale 380 units 11 sen 114 bar 11 beat 0 hold 0
TICONV518 337 amt 10 floor 12
TIWATCH518 338 ti 85 ammo 32 scale 380 units 11 sen 114 bar 11 beat 0 hold 0
TIWATCH518 339 ti 95 ammo 22 scale 360 units 10 sen 108 bar 10 beat 0 hold 0
TICONV518 339 amt 10 floor 12
TIWATCH518 340 ti 105 ammo 32 scale 360 units 10 sen 108 bar 10 beat 0 hold 0
TIWATCH518 341 ti 105 ammo 32 scale 360 units 10 sen 108 bar 10 beat 0 hold 0
TIWATCH518 342 ti 105 ammo 32 scale 359 units 10 sen 107 bar 10 beat 0 hold 0
TIWATCH518 343 ti 115 ammo 32 scale 359 units 10 sen 107 bar 10 beat 0 hold 0
TIWATCH518 344 ti 135 ammo 32 scale 359 units 10 sen 107 bar 10 beat 0 hold 0
TIWATCH518 345 ti 135 ammo 32 scale 359 units 10 sen 107 bar 10 beat 0 hold 0
TIWATCH518 346 ti 135 ammo 32 scale 359 units 10 sen 107 bar 10 beat 0 hold 0
TIWATCH518 347 ti 145 ammo 32 scale 359 units 10 sen 107 bar 10 beat 0 hold 0
TIWATCH518 348 ti 165 ammo 32 scale 359 units 10 sen 107 bar 10 beat 0 hold 0
TIWATCH518 349 ti 165 ammo 32 scale 359 units 10 sen 107 bar 10 beat 0 hold 0
TIWATCH518 350 ti 165 ammo 32 scale 359 units 10 sen 107 bar 10 beat 0 hold 0
TIWATCH518 351 ti 104 ammo 32 scale 364 units 10 sen 109 bar 10 beat 0 hold 0
TIWATCH518 352 ti 123 ammo 32 scale 364 units 10 sen 109 bar 10 beat 0 hold 0
TIWATCH518 353 ti 122 ammo 32 scale 364 units 10 sen 109 bar 10 beat 0 hold 0
TIWATCH518 354 ti 121 ammo 32 scale 364 units 10 sen 109 bar 10 beat 0 hold 0
TIWATCH518 355 ti 130 ammo 32 scale 359 units 10 sen 107 bar 10 beat 0 hold 0
TIWATCH518 356 ti 79 ammo 22 scale 364 units 10 sen 109 bar 10 beat 0 hold 0
TICONV518 356 amt 10 floor 12
TIWATCH518 357 ti 69 ammo 32 scale 364 units 10 sen 109 bar 10 beat 0 hold 0
TIWATCH518 358 ti 69 ammo 32 scale 364 units 10 sen 109 bar 10 beat 0 hold 0
TIWATCH518 359 ti 69 ammo 32 scale 358 units 10 sen 107 bar 10 beat 0 hold 0
TIWATCH518 360 ti 89 ammo 32 scale 358 units 10 sen 107 bar 10 beat 0 hold 0
TIWATCH518 361 ti 89 ammo 32 scale 358 units 10 sen 107 bar 10 beat 0 hold 0
TIWATCH518 362 ti 89 ammo 32 scale 358 units 10 sen 107 bar 10 beat 0 hold 0
TIWATCH518 363 ti 99 ammo 32 scale 357 units 10 sen 107 bar 10 beat 0 hold 0
TIWATCH518 364 ti 48 ammo 22 scale 377 units 11 sen 113 bar 11 beat 0 hold 0
TICONV518 364 amt 14 floor 12
TIWATCH518 365 ti 34 ammo 36 scale 377 units 11 sen 113 bar 11 beat 0 hold 0
TIWATCH518 366 ti 34 ammo 36 scale 376 units 11 sen 112 bar 11 beat 0 hold 0
TIWATCH518 367 ti 44 ammo 16 scale 376 units 11 sen 112 bar 11 beat 0 hold 0
TICONV518 367 amt 16 floor 12
TIWATCH518 368 ti 48 ammo 32 scale 376 units 11 sen 112 bar 11 beat 0 hold 0
TICONV518 368 amt 4 floor 12
TIWATCH518 369 ti 44 ammo 16 scale 375 units 11 sen 112 bar 11 beat 0 hold 0
TICONV518 369 amt 16 floor 12
TIWATCH518 370 ti 28 ammo 32 scale 375 units 11 sen 112 bar 11 beat 0 hold 0
TICONV518 370 amt 4 floor 12
TIWATCH518 371 ti 34 ammo 26 scale 375 units 11 sen 112 bar 11 beat 0 hold 0
TICONV518 371 amt 10 floor 12
TIWATCH518 372 ti 44 ammo 36 scale 375 units 11 sen 112 bar 11 beat 0 hold 0
TIWATCH518 373 ti 33 ammo 36 scale 375 units 11 sen 112 bar 11 beat 0 hold 0
TIWATCH518 374 ti 33 ammo 36 scale 375 units 11 sen 112 bar 11 beat 0 hold 0
TIWATCH518 375 ti 53 ammo 36 scale 375 units 11 sen 112 bar 11 beat 0 hold 0
TIWATCH518 376 ti 83 ammo 36 scale 375 units 11 sen 112 bar 11 beat 0 hold 0
TIWATCH518 377 ti 83 ammo 36 scale 375 units 11 sen 112 bar 11 beat 0 hold 0
TIWATCH518 378 ti 83 ammo 36 scale 375 units 11 sen 112 bar 11 beat 0 hold 0
TIWATCH518 379 ti 82 ammo 26 scale 356 units 10 sen 106 bar 10 beat 0 hold 0
TICONV518 379 amt 10 floor 12
TIWATCH518 380 ti 102 ammo 36 scale 356 units 10 sen 106 bar 10 beat 0 hold 0
TIWATCH518 381 ti 102 ammo 32 scale 336 units 9 sen 100 bar 10 beat 0 hold 0
TICONV518 381 amt 4 floor 12
TIWATCH518 382 ti 88 ammo 36 scale 336 units 9 sen 100 bar 10 beat 0 hold 0
TIWATCH518 383 ti 98 ammo 36 scale 336 units 9 sen 100 bar 10 beat 0 hold 0
TIWATCH518 384 ti 128 ammo 36 scale 335 units 9 sen 100 bar 10 beat 0 hold 0
TIWATCH518 385 ti 128 ammo 26 scale 335 units 9 sen 100 bar 10 beat 0 hold 0
TICONV518 385 amt 10 floor 12
TIWATCH518 386 ti 118 ammo 36 scale 335 units 9 sen 100 bar 10 beat 0 hold 0
TIWATCH518 387 ti 128 ammo 36 scale 335 units 9 sen 100 bar 10 beat 0 hold 0
TIWATCH518 388 ti 158 ammo 36 scale 335 units 9 sen 100 bar 10 beat 0 hold 0
TIWATCH518 389 ti 158 ammo 36 scale 335 units 9 sen 100 bar 10 beat 0 hold 0
TIWATCH518 390 ti 158 ammo 36 scale 335 units 9 sen 100 bar 10 beat 0 hold 0
TIWATCH518 391 ti 168 ammo 36 scale 335 units 9 sen 100 bar 10 beat 0 hold 0
TIWATCH518 392 ti 98 ammo 36 scale 355 units 10 sen 106 bar 10 beat 0 hold 0
TIWATCH518 393 ti 27 ammo 36 scale 365 units 11 sen 109 bar 10 beat 0 hold 0
TIWATCH518 394 ti 27 ammo 36 scale 355 units 10 sen 106 bar 10 beat 0 hold 0
TIWATCH518 395 ti 37 ammo 36 scale 355 units 10 sen 106 bar 10 beat 0 hold 0
TIWATCH518 396 ti 67 ammo 36 scale 355 units 10 sen 106 bar 10 beat 0 hold 0
TIWATCH518 397 ti 67 ammo 26 scale 355 units 10 sen 106 bar 10 beat 0 hold 0
TICONV518 397 amt 10 floor 12
TIWATCH518 398 ti 57 ammo 36 scale 355 units 10 sen 106 bar 10 beat 0 hold 0
TIWATCH518 399 ti 67 ammo 26 scale 355 units 10 sen 106 bar 10 beat 0 hold 0
TICONV518 399 amt 10 floor 12
TIWATCH518 400 ti 87 ammo 36 scale 355 units 10 sen 106 bar 10 beat 0 hold 0
TIWATCH518 401 ti 87 ammo 36 scale 355 units 10 sen 106 bar 10 beat 0 hold 0
TIWATCH518 402 ti 6 ammo 36 scale 365 units 11 sen 109 bar 10 beat 0 hold 0
TIWATCH518 403 ti 16 ammo 32 scale 355 units 10 sen 106 bar 10 beat 0 hold 0
TICONV518 403 amt 4 floor 12
GATE515 403 salt 0 eco 1 orth 3 floor 60
GAP518 403 id 837 code FUND live 0 salt 0 eco 1 ti 12 sen 106 bar 10 need 4 orth 3 floor 60
GATE515 403 salt 0 eco 1 orth 3 floor 60
TIWATCH518 404 ti 42 ammo 36 scale 355 units 10 sen 106 bar 10 beat 0 hold 0
TIWATCH518 405 ti 42 ammo 36 scale 335 units 9 sen 100 bar 10 beat 0 hold 0
TIWATCH518 406 ti 42 ammo 36 scale 335 units 9 sen 100 bar 10 beat 0 hold 0
TIWATCH518 407 ti 42 ammo 36 scale 330 units 9 sen 99 bar 9 beat 0 hold 0
TIWATCH518 408 ti 72 ammo 16 scale 330 units 9 sen 99 bar 9 beat 0 hold 0
TICONV518 408 amt 16 floor 12
TIWATCH518 409 ti 56 ammo 32 scale 330 units 9 sen 99 bar 9 beat 0 hold 0
TICONV518 409 amt 4 floor 12
TIWATCH518 410 ti 52 ammo 36 scale 330 units 9 sen 99 bar 9 beat 0 hold 0
TIWATCH518 411 ti 62 ammo 36 scale 329 units 9 sen 98 bar 9 beat 0 hold 0
TIWATCH518 412 ti 92 ammo 32 scale 329 units 9 sen 98 bar 9 beat 0 hold 0
TICONV518 412 amt 4 floor 12
TIWATCH518 413 ti 88 ammo 32 scale 329 units 9 sen 98 bar 9 beat 0 hold 0
TICONV518 413 amt 4 floor 12
TIWATCH518 414 ti 84 ammo 32 scale 329 units 9 sen 98 bar 9 beat 0 hold 0
TICONV518 414 amt 4 floor 12
TIWATCH518 415 ti 90 ammo 32 scale 329 units 9 sen 98 bar 9 beat 0 hold 0
TICONV518 415 amt 4 floor 12
TIWATCH518 416 ti 116 ammo 36 scale 329 units 9 sen 98 bar 9 beat 0 hold 0
TIWATCH518 417 ti 116 ammo 36 scale 329 units 9 sen 98 bar 9 beat 0 hold 0
TIWATCH518 418 ti 116 ammo 36 scale 329 units 9 sen 98 bar 9 beat 0 hold 0
TIWATCH518 419 ti 126 ammo 36 scale 329 units 9 sen 98 bar 9 beat 0 hold 0
TIWATCH518 420 ti 156 ammo 36 scale 329 units 9 sen 98 bar 9 beat 0 hold 0
TIWATCH518 421 ti 156 ammo 36 scale 329 units 9 sen 98 bar 9 beat 0 hold 0
TIWATCH518 422 ti 156 ammo 36 scale 329 units 9 sen 98 bar 9 beat 0 hold 0
TIWATCH518 423 ti 166 ammo 36 scale 329 units 9 sen 98 bar 9 beat 0 hold 0
TIWATCH518 424 ti 98 ammo 36 scale 349 units 10 sen 104 bar 10 beat 0 hold 0
TIWATCH518 425 ti 98 ammo 36 scale 349 units 10 sen 104 bar 10 beat 0 hold 0
TIWATCH518 426 ti 29 ammo 36 scale 359 units 11 sen 107 bar 10 beat 0 hold 0
TIWATCH518 427 ti 39 ammo 36 scale 349 units 10 sen 104 bar 10 beat 0 hold 0
TIWATCH518 428 ti 69 ammo 36 scale 349 units 10 sen 104 bar 10 beat 0 hold 0
TIWATCH518 429 ti 69 ammo 36 scale 349 units 10 sen 104 bar 10 beat 0 hold 0
TIWATCH518 430 ti 69 ammo 36 scale 349 units 10 sen 104 bar 10 beat 0 hold 0
TIWATCH518 431 ti 79 ammo 36 scale 349 units 10 sen 104 bar 10 beat 0 hold 0
TIWATCH518 432 ti 109 ammo 36 scale 349 units 10 sen 104 bar 10 beat 0 hold 0
TIWATCH518 433 ti 109 ammo 36 scale 349 units 10 sen 104 bar 10 beat 0 hold 0
TIWATCH518 434 ti 40 ammo 36 scale 359 units 11 sen 107 bar 10 beat 0 hold 0
TIWATCH518 435 ti 50 ammo 36 scale 349 units 10 sen 104 bar 10 beat 0 hold 0
GAP518 435 id 899 code DODGE live -1 salt -1 eco -1 ti -1 sen -1 bar -1 need -1 orth -1 floor 60
TIWATCH518 436 ti 80 ammo 36 scale 349 units 10 sen 104 bar 10 beat 0 hold 0
GATE515 436 salt 0 eco 1 orth 3 floor 60
GAP518 436 id 899 code FUND live 0 salt 0 eco 1 ti 80 sen 104 bar 10 need 4 orth 3 floor 60
GATE515 436 salt 0 eco 1 orth 3 floor 60
GATE515 436 salt 0 eco 1 orth 3 floor 60
TIWATCH518 437 ti 80 ammo 36 scale 349 units 10 sen 104 bar 10 beat 0 hold 0
GATE515 437 salt 0 eco 1 orth 3 floor 60
GAP518 437 id 899 code FUND live 0 salt 0 eco 1 ti 80 sen 104 bar 10 need 4 orth 3 floor 60
GATE515 437 salt 0 eco 1 orth 3 floor 60
TIWATCH518 438 ti 70 ammo 36 scale 350 units 10 sen 105 bar 10 beat 0 hold 0
GATE515 438 salt 0 eco 1 orth 2 floor 60
GAP518 438 id 899 code FUND live 0 salt 0 eco 1 ti 70 sen 105 bar 10 need 3 orth 2 floor 60
GATE515 438 salt 0 eco 1 orth 2 floor 60
GATE515 438 salt 0 eco 1 orth 2 floor 60
TIWATCH518 439 ti 80 ammo 36 scale 350 units 10 sen 105 bar 10 beat 0 hold 0
GATE515 439 salt 0 eco 1 orth 2 floor 60
GAP518 439 id 899 code FUND live 0 salt 0 eco 1 ti 80 sen 105 bar 10 need 3 orth 2 floor 60
GATE515 439 salt 0 eco 1 orth 2 floor 60
TIWATCH518 440 ti 108 ammo 36 scale 350 units 10 sen 105 bar 10 beat 0 hold 0
GATE515 440 salt 0 eco 1 orth 3 floor 60
GAP518 440 id 899 code FUND live 0 salt 0 eco 1 ti 108 sen 104 bar 10 need 4 orth 3 floor 60
GATE515 440 salt 0 eco 1 orth 3 floor 60
TIWATCH518 441 ti 106 ammo 36 scale 349 units 10 sen 104 bar 10 beat 0 hold 0
GATE515 441 salt 0 eco 1 orth 3 floor 60
GAP518 441 id 899 code FUND live 0 salt 0 eco 1 ti 106 sen 104 bar 10 need 4 orth 3 floor 60
GATE515 441 salt 0 eco 1 orth 3 floor 60
TIWATCH518 442 ti 104 ammo 36 scale 349 units 10 sen 104 bar 10 beat 0 hold 0
GATE515 442 salt 0 eco 1 orth 3 floor 60
GAP518 442 id 899 code FUND live 0 salt 0 eco 1 ti 104 sen 104 bar 10 need 4 orth 3 floor 60
GATE515 442 salt 0 eco 1 orth 3 floor 60
TIWATCH518 443 ti 112 ammo 36 scale 349 units 10 sen 104 bar 10 beat 0 hold 0
GATE515 443 salt 0 eco 1 orth 3 floor 60
GAP518 443 id 899 code FUND live 0 salt 0 eco 1 ti 112 sen 104 bar 10 need 4 orth 3 floor 60
GATE515 443 salt 0 eco 1 orth 3 floor 60
TIWATCH518 444 ti 140 ammo 36 scale 349 units 10 sen 104 bar 10 beat 0 hold 0
GATE515 444 salt 0 eco 1 orth 3 floor 60
GAP518 444 id 899 code FUND live 0 salt 0 eco 1 ti 140 sen 104 bar 10 need 4 orth 3 floor 60
GATE515 444 salt 0 eco 1 orth 3 floor 60
TIWATCH518 445 ti 71 ammo 36 scale 359 units 11 sen 107 bar 10 beat 0 hold 0
GATE515 445 salt 0 eco 1 orth 2 floor 60
GAP518 445 id 899 code FUND live 0 salt 0 eco 1 ti 71 sen 107 bar 10 need 4 orth 2 floor 60
GATE515 445 salt 0 eco 1 orth 2 floor 60
TIWATCH518 446 ti 69 ammo 36 scale 359 units 11 sen 107 bar 10 beat 0 hold 0
GATE515 446 salt 0 eco 1 orth 2 floor 60
GAP518 446 id 899 code FUND live 0 salt 0 eco 1 ti 69 sen 107 bar 10 need 4 orth 2 floor 60
GATE515 446 salt 0 eco 1 orth 2 floor 60
TIWATCH518 447 ti 77 ammo 36 scale 359 units 11 sen 107 bar 10 beat 0 hold 0
GATE515 447 salt 0 eco 1 orth 2 floor 60
GAP518 447 id 899 code FUND live 0 salt 0 eco 1 ti 77 sen 107 bar 10 need 4 orth 2 floor 60
GATE515 447 salt 0 eco 1 orth 2 floor 60
TIWATCH518 448 ti 105 ammo 36 scale 359 units 11 sen 107 bar 10 beat 0 hold 0
GATE515 448 salt 0 eco 1 orth 2 floor 60
GAP518 448 id 899 code FUND live 0 salt 0 eco 1 ti 105 sen 107 bar 10 need 4 orth 2 floor 60
GATE515 448 salt 0 eco 1 orth 2 floor 60
GATE515 448 salt 0 eco 1 orth 2 floor 60
TIWATCH518 449 ti 105 ammo 36 scale 359 units 11 sen 107 bar 10 beat 0 hold 0
GATE515 449 salt 0 eco 1 orth 2 floor 60
GAP518 449 id 899 code FUND live 0 salt 0 eco 1 ti 105 sen 107 bar 10 need 4 orth 2 floor 60
GATE515 449 salt 0 eco 1 orth 2 floor 60
TIWATCH518 450 ti 95 ammo 36 scale 360 units 11 sen 108 bar 10 beat 0 hold 0
GATE515 450 salt 0 eco 1 orth 2 floor 60
GAP518 450 id 899 code FUND live 0 salt 0 eco 1 ti 95 sen 108 bar 10 need 3 orth 2 floor 60
GATE515 450 salt 0 eco 1 orth 2 floor 60
GATE515 450 salt 0 eco 1 orth 2 floor 60
TIWATCH518 451 ti 105 ammo 36 scale 360 units 11 sen 108 bar 10 beat 0 hold 0
GATE515 451 salt 0 eco 1 orth 4 floor 60
GAP518 451 id 899 code FUND live 0 salt 0 eco 1 ti 105 sen 108 bar 10 need 5 orth 4 floor 60
GATE515 451 salt 0 eco 1 orth 4 floor 60
GATE515 451 salt 0 eco 1 orth 4 floor 60
TIWATCH518 452 ti 135 ammo 36 scale 360 units 11 sen 108 bar 10 beat 0 hold 0
GATE515 452 salt 0 eco 1 orth 2 floor 60
GAP518 452 id 899 code FUND live 0 salt 0 eco 1 ti 135 sen 107 bar 10 need 4 orth 2 floor 60
GATE515 452 salt 0 eco 1 orth 2 floor 60
TIWATCH518 453 ti 125 ammo 36 scale 360 units 11 sen 108 bar 10 beat 0 hold 0
GATE515 453 salt 0 eco 1 orth 2 floor 60
GAP518 453 id 899 code FUND live 0 salt 0 eco 1 ti 125 sen 108 bar 10 need 3 orth 2 floor 60
GATE515 453 salt 0 eco 1 orth 2 floor 60
GATE515 453 salt 0 eco 1 orth 2 floor 60
TIWATCH518 454 ti 125 ammo 36 scale 360 units 11 sen 108 bar 10 beat 0 hold 0
GATE515 454 salt 0 eco 1 orth 2 floor 60
GAP518 454 id 899 code FUND live 0 salt 0 eco 1 ti 125 sen 108 bar 10 need 3 orth 2 floor 60
GATE515 454 salt 0 eco 1 orth 2 floor 60
TIWATCH518 455 ti 133 ammo 22 scale 360 units 11 sen 108 bar 10 beat 0 hold 0
TICONV518 455 amt 14 floor 12
GATE515 455 salt 0 eco 1 orth 2 floor 60
GAP518 455 id 899 code FUND live 0 salt 0 eco 1 ti 119 sen 108 bar 10 need 3 orth 2 floor 60
GATE515 455 salt 0 eco 1 orth 2 floor 60
TIWATCH518 456 ti 147 ammo 22 scale 360 units 11 sen 108 bar 10 beat 0 hold 0
TICONV518 456 amt 14 floor 12
GATE515 456 salt 0 eco 1 orth 3 floor 60
GAP518 456 id 899 code FUND live 0 salt 0 eco 1 ti 133 sen 107 bar 10 need 4 orth 3 floor 60
GATE515 456 salt 0 eco 1 orth 3 floor 60
TIWATCH518 457 ti 123 ammo 22 scale 360 units 11 sen 108 bar 10 beat 0 hold 0
TICONV518 457 amt 14 floor 12
GATE515 457 salt 0 eco 1 orth 2 floor 60
GAP518 457 id 899 code FUND live 0 salt 0 eco 1 ti 109 sen 108 bar 10 need 3 orth 2 floor 60
GATE515 457 salt 0 eco 1 orth 2 floor 60
GATE515 457 salt 0 eco 1 orth 2 floor 60
TIWATCH518 458 ti 109 ammo 22 scale 359 units 11 sen 107 bar 10 beat 0 hold 0
TICONV518 458 amt 14 floor 12
GATE515 458 salt 0 eco 1 orth 2 floor 60
GAP518 458 id 899 code FUND live 0 salt 0 eco 1 ti 95 sen 107 bar 10 need 3 orth 2 floor 60
GATE515 458 salt 0 eco 1 orth 2 floor 60
TIWATCH518 459 ti 95 ammo 32 scale 360 units 11 sen 108 bar 10 beat 0 hold 0
TICONV518 459 amt 4 floor 12
GATE515 459 salt 0 eco 1 orth 2 floor 60
GAP518 459 id 899 code FUND live 0 salt 0 eco 1 ti 91 sen 108 bar 10 need 2 orth 2 floor 60
GATE515 459 salt 0 eco 1 orth 2 floor 60
GATE515 459 salt 0 eco 1 orth 2 floor 60
TIWATCH518 460 ti 111 ammo 22 scale 360 units 11 sen 108 bar 10 beat 0 hold 0
TICONV518 460 amt 14 floor 12
GATE515 460 salt 0 eco 1 orth 4 floor 60
GAP518 460 id 899 code FUND live 0 salt 0 eco 1 ti 97 sen 108 bar 10 need 4 orth 4 floor 60
GATE515 460 salt 0 eco 1 orth 4 floor 60
GATE515 460 salt 0 eco 1 orth 4 floor 60
TIWATCH518 461 ti 97 ammo 36 scale 360 units 11 sen 108 bar 10 beat 0 hold 0
TIWATCH518 462 ti 97 ammo 26 scale 340 units 10 sen 102 bar 10 beat 0 hold 0
TICONV518 462 amt 10 floor 12
TIWATCH518 463 ti 97 ammo 36 scale 339 units 10 sen 101 bar 10 beat 0 hold 0
TIWATCH518 464 ti 117 ammo 16 scale 339 units 10 sen 101 bar 10 beat 0 hold 0
TICONV518 464 amt 16 floor 12
TIWATCH518 465 ti 101 ammo 32 scale 338 units 10 sen 101 bar 10 beat 0 hold 0
TICONV518 465 amt 4 floor 12
TIWATCH518 466 ti 97 ammo 36 scale 338 units 10 sen 101 bar 10 beat 0 hold 0
TIWATCH518 467 ti 97 ammo 26 scale 338 units 10 sen 101 bar 10 beat 0 hold 0
TICONV518 467 amt 10 floor 12
TIWATCH518 468 ti 107 ammo 32 scale 338 units 10 sen 101 bar 10 beat 0 hold 0
TICONV518 468 amt 4 floor 12
TIWATCH518 469 ti 103 ammo 26 scale 338 units 10 sen 101 bar 10 beat 0 hold 0
TICONV518 469 amt 10 floor 12
TIWATCH518 470 ti 93 ammo 32 scale 338 units 10 sen 101 bar 10 beat 0 hold 0
TICONV518 470 amt 4 floor 12
TIWATCH518 471 ti 99 ammo 32 scale 338 units 10 sen 101 bar 10 beat 0 hold 0
TICONV518 471 amt 4 floor 12
TIWATCH518 472 ti 115 ammo 26 scale 338 units 10 sen 101 bar 10 beat 0 hold 0
TICONV518 472 amt 10 floor 12
TIWATCH518 473 ti 105 ammo 36 scale 338 units 10 sen 101 bar 10 beat 0 hold 0
TIWATCH518 474 ti 105 ammo 36 scale 338 units 10 sen 101 bar 10 beat 0 hold 0
TIWATCH518 475 ti 115 ammo 36 scale 338 units 10 sen 101 bar 10 beat 0 hold 0
TIWATCH518 476 ti 135 ammo 36 scale 338 units 10 sen 101 bar 10 beat 0 hold 0
TIWATCH518 477 ti 135 ammo 36 scale 338 units 10 sen 101 bar 10 beat 0 hold 0
TIWATCH518 478 ti 135 ammo 36 scale 338 units 10 sen 101 bar 10 beat 0 hold 0
TIWATCH518 479 ti 145 ammo 36 scale 338 units 10 sen 101 bar 10 beat 0 hold 0
TIWATCH518 480 ti 165 ammo 36 scale 338 units 10 sen 101 bar 10 beat 0 hold 0
TIWATCH518 481 ti 64 ammo 36 scale 358 units 11 sen 107 bar 10 beat 0 hold 0
TIWATCH518 482 ti 64 ammo 36 scale 358 units 11 sen 107 bar 10 beat 0 hold 0
TIWATCH518 483 ti 74 ammo 36 scale 358 units 11 sen 107 bar 10 beat 0 hold 0
TIWATCH518 484 ti 94 ammo 36 scale 358 units 11 sen 107 bar 10 beat 0 hold 0
TIWATCH518 485 ti 23 ammo 36 scale 368 units 12 sen 110 bar 11 beat 0 hold 0
TIWATCH518 486 ti 23 ammo 36 scale 358 units 11 sen 107 bar 10 beat 0 hold 0
GATE515 486 salt 0 eco 1 orth 3 floor 60
GAP518 486 id 1002 code FUND live 0 salt 0 eco 1 ti 23 sen 107 bar 10 need 4 orth 3 floor 60
GATE515 486 salt 0 eco 1 orth 3 floor 60
TIWATCH518 487 ti 33 ammo 36 scale 358 units 11 sen 107 bar 10 beat 0 hold 0
GATE515 487 salt 0 eco 1 orth 3 floor 60
GAP518 487 id 1002 code FUND live 0 salt 0 eco 1 ti 33 sen 107 bar 10 need 4 orth 3 floor 60
GATE515 487 salt 0 eco 1 orth 3 floor 60
TIWATCH518 488 ti 53 ammo 36 scale 358 units 11 sen 107 bar 10 beat 0 hold 0
GATE515 488 salt 0 eco 1 orth 3 floor 60
GAP518 488 id 1002 code FUND live 0 salt 0 eco 1 ti 53 sen 107 bar 10 need 4 orth 3 floor 60
GATE515 488 salt 0 eco 1 orth 3 floor 60
GATE515 488 salt 0 eco 1 orth 3 floor 60
TIWATCH518 489 ti 53 ammo 36 scale 358 units 11 sen 107 bar 10 beat 0 hold 0
GAP518 489 id 1002 code DODGE live -1 salt -1 eco -1 ti -1 sen -1 bar -1 need -1 orth -1 floor 60
TIWATCH518 490 ti 53 ammo 36 scale 358 units 11 sen 107 bar 10 beat 0 hold 0
TIWATCH518 491 ti 63 ammo 36 scale 338 units 10 sen 101 bar 10 beat 0 hold 0
TIWATCH518 492 ti 83 ammo 36 scale 338 units 10 sen 101 bar 10 beat 0 hold 0
TIWATCH518 493 ti 83 ammo 36 scale 338 units 10 sen 101 bar 10 beat 0 hold 0
TIWATCH518 494 ti 83 ammo 36 scale 338 units 10 sen 101 bar 10 beat 0 hold 0
TIWATCH518 495 ti 93 ammo 36 scale 338 units 10 sen 101 bar 10 beat 0 hold 0
TIWATCH518 496 ti 113 ammo 36 scale 338 units 10 sen 101 bar 10 beat 0 hold 0
TIWATCH518 497 ti 113 ammo 36 scale 338 units 10 sen 101 bar 10 beat 0 hold 0
TIWATCH518 498 ti 113 ammo 36 scale 338 units 10 sen 101 bar 10 beat 0 hold 0
TIWATCH518 499 ti 123 ammo 36 scale 338 units 10 sen 101 bar 10 beat 0 hold 0
TIWATCH518 500 ti 143 ammo 36 scale 338 units 10 sen 101 bar 10 beat 0 hold 0
TIWATCH518 501 ti 143 ammo 36 scale 338 units 10 sen 101 bar 10 beat 0 hold 0
TIWATCH518 502 ti 143 ammo 36 scale 338 units 10 sen 101 bar 10 beat 0 hold 0
TIWATCH518 503 ti 153 ammo 36 scale 338 units 10 sen 101 bar 10 beat 0 hold 0
TIWATCH518 504 ti 173 ammo 36 scale 338 units 10 sen 101 bar 10 beat 0 hold 0
TIWATCH518 505 ti 72 ammo 36 scale 358 units 11 sen 107 bar 10 beat 0 hold 0
TIWATCH518 506 ti 72 ammo 36 scale 358 units 11 sen 107 bar 10 beat 0 hold 0
TIWATCH518 507 ti 82 ammo 36 scale 358 units 11 sen 107 bar 10 beat 0 hold 0
TIWATCH518 508 ti 102 ammo 36 scale 358 units 11 sen 107 bar 10 beat 0 hold 0
TIWATCH518 509 ti 31 ammo 36 scale 368 units 12 sen 110 bar 11 beat 0 hold 0
TIWATCH518 510 ti 31 ammo 36 scale 358 units 11 sen 107 bar 10 beat 0 hold 0
GATE515 510 salt 0 eco 1 orth 3 floor 60
GAP518 510 id 1034 code FUND live 0 salt 0 eco 1 ti 31 sen 107 bar 10 need 4 orth 3 floor 60
GATE515 510 salt 0 eco 1 orth 3 floor 60
TIWATCH518 511 ti 41 ammo 36 scale 358 units 11 sen 107 bar 10 beat 0 hold 0
GATE515 511 salt 0 eco 1 orth 3 floor 60
GAP518 511 id 1034 code FUND live 0 salt 0 eco 1 ti 41 sen 107 bar 10 need 4 orth 3 floor 60
GATE515 511 salt 0 eco 1 orth 3 floor 60
TIWATCH518 512 ti 61 ammo 36 scale 358 units 11 sen 107 bar 10 beat 0 hold 0
GATE515 512 salt 0 eco 1 orth 3 floor 60
GAP518 512 id 1034 code FUND live 0 salt 0 eco 1 ti 61 sen 107 bar 10 need 4 orth 3 floor 60
GATE515 512 salt 0 eco 1 orth 3 floor 60
GATE515 512 salt 0 eco 1 orth 3 floor 60
TIWATCH518 513 ti 61 ammo 36 scale 358 units 11 sen 107 bar 10 beat 0 hold 0
GATE515 513 salt 0 eco 1 orth 3 floor 60
GAP518 513 id 1034 code FUND live 0 salt 0 eco 1 ti 61 sen 107 bar 10 need 4 orth 3 floor 60
GATE515 513 salt 0 eco 1 orth 3 floor 60
GATE515 513 salt 0 eco 1 orth 3 floor 60
TIWATCH518 514 ti 61 ammo 36 scale 358 units 11 sen 107 bar 10 beat 0 hold 0
GAP518 514 id 1034 code DODGE live -1 salt -1 eco -1 ti -1 sen -1 bar -1 need -1 orth -1 floor 60
TIWATCH518 515 ti 71 ammo 36 scale 358 units 11 sen 107 bar 10 beat 0 hold 0
TIWATCH518 516 ti 91 ammo 36 scale 338 units 10 sen 101 bar 10 beat 0 hold 0
TIWATCH518 517 ti 91 ammo 36 scale 338 units 10 sen 101 bar 10 beat 0 hold 0
TIWATCH518 518 ti 91 ammo 36 scale 338 units 10 sen 101 bar 10 beat 0 hold 0
TIWATCH518 519 ti 101 ammo 36 scale 338 units 10 sen 101 bar 10 beat 0 hold 0
TIWATCH518 520 ti 121 ammo 36 scale 338 units 10 sen 101 bar 10 beat 0 hold 0
TIWATCH518 521 ti 121 ammo 36 scale 338 units 10 sen 101 bar 10 beat 0 hold 0
TIWATCH518 522 ti 121 ammo 36 scale 338 units 10 sen 101 bar 10 beat 0 hold 0
TIWATCH518 523 ti 131 ammo 36 scale 338 units 10 sen 101 bar 10 beat 0 hold 0
TIWATCH518 524 ti 151 ammo 36 scale 338 units 10 sen 101 bar 10 beat 0 hold 0
TIWATCH518 525 ti 151 ammo 36 scale 338 units 10 sen 101 bar 10 beat 0 hold 0
TIWATCH518 526 ti 151 ammo 36 scale 338 units 10 sen 101 bar 10 beat 0 hold 0
TIWATCH518 527 ti 161 ammo 36 scale 338 units 10 sen 101 bar 10 beat 0 hold 0
TIWATCH518 528 ti 80 ammo 36 scale 358 units 11 sen 107 bar 10 beat 0 hold 0
TIWATCH518 529 ti 9 ammo 36 scale 368 units 12 sen 110 bar 11 beat 0 hold 0
TIWATCH518 530 ti 9 ammo 36 scale 358 units 11 sen 107 bar 10 beat 0 hold 0
TIWATCH518 531 ti 19 ammo 36 scale 358 units 11 sen 107 bar 10 beat 0 hold 0
TIWATCH518 532 ti 39 ammo 36 scale 358 units 11 sen 107 bar 10 beat 0 hold 0
TIWATCH518 533 ti 39 ammo 36 scale 358 units 11 sen 107 bar 10 beat 0 hold 0
TIWATCH518 534 ti 39 ammo 36 scale 338 units 10 sen 101 bar 10 beat 0 hold 0
TIWATCH518 535 ti 49 ammo 36 scale 338 units 10 sen 101 bar 10 beat 0 hold 0
TIWATCH518 536 ti 69 ammo 36 scale 338 units 10 sen 101 bar 10 beat 0 hold 0
TIWATCH518 537 ti 69 ammo 36 scale 338 units 10 sen 101 bar 10 beat 0 hold 0
TIWATCH518 538 ti 69 ammo 36 scale 338 units 10 sen 101 bar 10 beat 0 hold 0
TIWATCH518 539 ti 79 ammo 36 scale 338 units 10 sen 101 bar 10 beat 0 hold 0
TIWATCH518 540 ti 99 ammo 36 scale 338 units 10 sen 101 bar 10 beat 0 hold 0
TIWATCH518 541 ti 99 ammo 36 scale 338 units 10 sen 101 bar 10 beat 0 hold 0
TIWATCH518 542 ti 99 ammo 36 scale 338 units 10 sen 101 bar 10 beat 0 hold 0
TIWATCH518 543 ti 109 ammo 36 scale 338 units 10 sen 101 bar 10 beat 0 hold 0
TIWATCH518 544 ti 129 ammo 36 scale 338 units 10 sen 101 bar 10 beat 0 hold 0
TIWATCH518 545 ti 129 ammo 36 scale 338 units 10 sen 101 bar 10 beat 0 hold 0
TIWATCH518 546 ti 129 ammo 36 scale 338 units 10 sen 101 bar 10 beat 0 hold 0
TIWATCH518 547 ti 139 ammo 36 scale 338 units 10 sen 101 bar 10 beat 0 hold 0
TIWATCH518 548 ti 159 ammo 36 scale 338 units 10 sen 101 bar 10 beat 0 hold 0
TIWATCH518 549 ti 159 ammo 36 scale 338 units 10 sen 101 bar 10 beat 0 hold 0
TIWATCH518 550 ti 159 ammo 36 scale 338 units 10 sen 101 bar 10 beat 0 hold 0
TIWATCH518 551 ti 169 ammo 36 scale 338 units 10 sen 101 bar 10 beat 0 hold 0
TIWATCH518 552 ti 88 ammo 36 scale 358 units 11 sen 107 bar 10 beat 0 hold 0
TIWATCH518 553 ti 88 ammo 36 scale 358 units 11 sen 107 bar 10 beat 0 hold 0
TIWATCH518 554 ti 88 ammo 36 scale 358 units 11 sen 107 bar 10 beat 0 hold 0
TIWATCH518 555 ti 98 ammo 36 scale 358 units 11 sen 107 bar 10 beat 0 hold 0
TIWATCH518 556 ti 118 ammo 36 scale 358 units 11 sen 107 bar 10 beat 0 hold 0
TIWATCH518 557 ti 118 ammo 36 scale 358 units 11 sen 107 bar 10 beat 0 hold 0
TIWATCH518 558 ti 47 ammo 36 scale 368 units 12 sen 110 bar 11 beat 0 hold 0
TIWATCH518 559 ti 57 ammo 36 scale 358 units 11 sen 107 bar 10 beat 0 hold 0
GATE515 559 salt 0 eco 1 orth 3 floor 60
GAP518 559 id 1097 code FUND live 0 salt 0 eco 1 ti 57 sen 107 bar 10 need 4 orth 3 floor 60
GATE515 559 salt 0 eco 1 orth 3 floor 60
GATE515 559 salt 0 eco 1 orth 3 floor 60
TIWATCH518 560 ti 77 ammo 36 scale 358 units 11 sen 107 bar 10 beat 0 hold 0
GATE515 560 salt 0 eco 1 orth 3 floor 60
GAP518 560 id 1097 code FUND live 0 salt 0 eco 1 ti 77 sen 107 bar 10 need 4 orth 3 floor 60
GATE515 560 salt 0 eco 1 orth 3 floor 60
GATE515 560 salt 0 eco 1 orth 3 floor 60
TIWATCH518 561 ti 77 ammo 36 scale 358 units 11 sen 107 bar 10 beat 0 hold 0
GATE515 561 salt 0 eco 1 orth 3 floor 60
GAP518 561 id 1097 code FUND live 0 salt 0 eco 1 ti 77 sen 107 bar 10 need 4 orth 3 floor 60
GATE515 561 salt 0 eco 1 orth 3 floor 60
GATE515 561 salt 0 eco 1 orth 3 floor 60
TIWATCH518 562 ti 77 ammo 36 scale 358 units 11 sen 107 bar 10 beat 0 hold 0
GATE515 562 salt 0 eco 1 orth 3 floor 60
GAP518 562 id 1097 code FUND live 0 salt 0 eco 1 ti 77 sen 107 bar 10 need 4 orth 3 floor 60
GATE515 562 salt 0 eco 1 orth 3 floor 60
GATE515 562 salt 0 eco 1 orth 3 floor 60
TIWATCH518 563 ti 87 ammo 36 scale 358 units 11 sen 107 bar 10 beat 0 hold 0
GATE515 563 salt 0 eco 1 orth 3 floor 60
GAP518 563 id 1097 code FUND live 0 salt 0 eco 1 ti 87 sen 107 bar 10 need 4 orth 3 floor 60
GATE515 563 salt 0 eco 1 orth 3 floor 60
GATE515 563 salt 0 eco 1 orth 3 floor 60
TIWATCH518 564 ti 107 ammo 36 scale 358 units 11 sen 107 bar 10 beat 0 hold 0
GAP518 564 id 1097 code DODGE live -1 salt -1 eco -1 ti -1 sen -1 bar -1 need -1 orth -1 floor 60
TIWATCH518 565 ti 107 ammo 36 scale 358 units 11 sen 107 bar 10 beat 0 hold 0
TIWATCH518 566 ti 107 ammo 26 scale 338 units 10 sen 101 bar 10 beat 0 hold 0
TICONV518 566 amt 10 floor 12
TIWATCH518 567 ti 107 ammo 36 scale 338 units 10 sen 101 bar 10 beat 0 hold 0
TIWATCH518 568 ti 127 ammo 26 scale 338 units 10 sen 101 bar 10 beat 0 hold 0
TICONV518 568 amt 10 floor 12
TIWATCH518 569 ti 117 ammo 36 scale 338 units 10 sen 101 bar 10 beat 0 hold 0
TIWATCH518 570 ti 117 ammo 26 scale 338 units 10 sen 101 bar 10 beat 0 hold 0
TICONV518 570 amt 10 floor 12
TIWATCH518 571 ti 117 ammo 36 scale 338 units 10 sen 101 bar 10 beat 0 hold 0
TIWATCH518 572 ti 137 ammo 26 scale 338 units 10 sen 101 bar 10 beat 0 hold 0
TICONV518 572 amt 10 floor 12
TIWATCH518 573 ti 127 ammo 36 scale 338 units 10 sen 101 bar 10 beat 0 hold 0
TIWATCH518 574 ti 127 ammo 26 scale 338 units 10 sen 101 bar 10 beat 0 hold 0
TICONV518 574 amt 10 floor 12
TIWATCH518 575 ti 127 ammo 36 scale 338 units 10 sen 101 bar 10 beat 0 hold 0
TIWATCH518 576 ti 147 ammo 26 scale 338 units 10 sen 101 bar 10 beat 0 hold 0
TICONV518 576 amt 10 floor 12
TIWATCH518 577 ti 137 ammo 36 scale 338 units 10 sen 101 bar 10 beat 0 hold 0
TIWATCH518 578 ti 137 ammo 26 scale 338 units 10 sen 101 bar 10 beat 0 hold 0
TICONV518 578 amt 10 floor 12
TIWATCH518 579 ti 137 ammo 36 scale 338 units 10 sen 101 bar 10 beat 0 hold 0
TIWATCH518 580 ti 157 ammo 26 scale 338 units 10 sen 101 bar 10 beat 0 hold 0
TICONV518 580 amt 10 floor 12
TIWATCH518 581 ti 147 ammo 36 scale 338 units 10 sen 101 bar 10 beat 0 hold 0
TIWATCH518 582 ti 147 ammo 26 scale 338 units 10 sen 101 bar 10 beat 0 hold 0
TICONV518 582 amt 10 floor 12
TIWATCH518 583 ti 147 ammo 36 scale 337 units 10 sen 101 bar 10 beat 0 hold 0
TIWATCH518 584 ti 167 ammo 26 scale 337 units 10 sen 101 bar 10 beat 0 hold 0
TICONV518 584 amt 10 floor 12
TIWATCH518 585 ti 157 ammo 36 scale 337 units 10 sen 101 bar 10 beat 0 hold 0
TIWATCH518 586 ti 157 ammo 26 scale 336 units 10 sen 100 bar 10 beat 0 hold 0
TICONV518 586 amt 10 floor 12
TIWATCH518 587 ti 157 ammo 36 scale 336 units 10 sen 100 bar 10 beat 0 hold 0
TIWATCH518 588 ti 177 ammo 26 scale 336 units 10 sen 100 bar 10 beat 0 hold 0
TICONV518 588 amt 10 floor 12
TIWATCH518 589 ti 167 ammo 36 scale 336 units 10 sen 100 bar 10 beat 0 hold 0
TIWATCH518 590 ti 167 ammo 36 scale 336 units 10 sen 100 bar 10 beat 0 hold 0
TIWATCH518 591 ti 177 ammo 36 scale 336 units 10 sen 100 bar 10 beat 0 hold 0
TIWATCH518 592 ti 187 ammo 36 scale 335 units 10 sen 100 bar 10 beat 0 hold 0
TIWATCH518 593 ti 187 ammo 36 scale 335 units 10 sen 100 bar 10 beat 0 hold 0
TIWATCH518 594 ti 187 ammo 36 scale 335 units 10 sen 100 bar 10 beat 0 hold 0
