atoll_s40_A	atoll	40	A	US	parent	Core destroyed	266	0	1900	320
atoll_s40_B	atoll	40	B	OPP	_v488beltbreak2	Core destroyed	351	0	270	940
atoll_s41_A	atoll	41	A	US	parent	Core destroyed	445	0	2190	2160
atoll_s41_B	atoll	41	B	OPP	_v488beltbreak2	Core destroyed	241	0	350	2590
atoll_s42_A	atoll	42	A	US	parent	Core destroyed	235	0	1670	160
atoll_s42_B	atoll	42	B	US	parent	Core destroyed	439	0	3400	2270
drakkarfjord_s40_A	drakkarfjord	40	A	US	parent	Core destroyed	283	0	480	360
drakkarfjord_s40_B	drakkarfjord	40	B	US	parent	Core destroyed	544	0	1320	0
drakkarfjord_s41_A	drakkarfjord	41	A	US	parent	Core destroyed	106	0	410	0
drakkarfjord_s41_B	drakkarfjord	41	B	US	parent	Core destroyed	116	0	340	0
drakkarfjord_s42_A	drakkarfjord	42	A	US	parent	Core destroyed	92	0	330	0
drakkarfjord_s42_B	drakkarfjord	42	B	US	parent	Core destroyed	459	0	3960	0
glacierkeep_s40_A	glacierkeep	40	A	US	parent	Core destroyed	111	0	420	0
glacierkeep_s40_B	glacierkeep	40	B	OPP	_v488beltbreak2	Titanium stored (tiebreak)	1000	0	0	0
glacierkeep_s41_A	glacierkeep	41	A	US	parent	Core destroyed	137	0	140	0
glacierkeep_s41_B	glacierkeep	41	B	OPP	_v488beltbreak2	Core destroyed	773	0	0	0
glacierkeep_s42_A	glacierkeep	42	A	US	parent	Core destroyed	119	0	380	0
glacierkeep_s42_B	glacierkeep	42	B	US	parent	Core destroyed	457	0	60	240
midgard_s40_A	midgard	40	A	OPP	_v488beltbreak2	Core destroyed	429	0	620	780
midgard_s40_B	midgard	40	B	US	parent	Core destroyed	239	0	2190	670
midgard_s41_A	midgard	41	A	OPP	_v488beltbreak2	Core destroyed	725	0	560	2750
midgard_s41_B	midgard	41	B	OPP	_v488beltbreak2	Core destroyed	341	0	890	560
midgard_s42_A	midgard	42	A	OPP	_v488beltbreak2	Core destroyed	377	0	680	710
midgard_s42_B	midgard	42	B	US	parent	Core destroyed	496	0	2670	2090
nordkap_s40_A	nordkap	40	A	US	parent	Titanium collected (tiebreak)	1000	0	180	90
nordkap_s40_B	nordkap	40	B	US	parent	Core destroyed	109	0	250	10
nordkap_s41_A	nordkap	41	A	US	parent	Core destroyed	296	0	1380	1390
nordkap_s41_B	nordkap	41	B	US	parent	Core destroyed	281	0	140	220
nordkap_s42_A	nordkap	42	A	US	parent	Core destroyed	124	0	350	20
nordkap_s42_B	nordkap	42	B	OPP	_v488beltbreak2	Core destroyed	377	0	180	290
yulerune_s40_A	yulerune	40	A	OPP	_v488beltbreak2	Core destroyed	177	0	270	1060
yulerune_s40_B	yulerune	40	B	OPP	_v488beltbreak2	Core destroyed	190	0	290	2100
yulerune_s41_A	yulerune	41	A	OPP	_v488beltbreak2	Core destroyed	233	0	370	390
yulerune_s41_B	yulerune	41	B	US	parent	Core destroyed	209	0	440	250
yulerune_s42_A	yulerune	42	A	US	parent	Core destroyed	429	0	430	1000
yulerune_s42_B	yulerune	42	B	US	parent	Core destroyed	257	0	550	570
