atoll_s28_A	atoll	28	A	OPP	_v488beltbreak2	Core destroyed	155	0	770	740
atoll_s28_B	atoll	28	B	OPP	_v488beltbreak2	Core destroyed	186	0	310	520
atoll_s29_A	atoll	29	A	OPP	_v488beltbreak2	Core destroyed	335	0	850	3320
atoll_s29_B	atoll	29	B	OPP	_v488beltbreak2	Core destroyed	500	0	2430	3720
atoll_s30_A	atoll	30	A	OPP	_v488beltbreak2	Core destroyed	549	0	430	300
atoll_s30_B	atoll	30	B	US	flagoff	Core destroyed	196	0	960	560
drakkarfjord_s28_A	drakkarfjord	28	A	OPP	_v488beltbreak2	Core destroyed	861	0	1280	3510
drakkarfjord_s28_B	drakkarfjord	28	B	US	flagoff	Core destroyed	326	0	2230	0
drakkarfjord_s29_A	drakkarfjord	29	A	US	flagoff	Core destroyed	192	0	1200	430
drakkarfjord_s29_B	drakkarfjord	29	B	US	flagoff	Core destroyed	141	0	490	0
drakkarfjord_s30_A	drakkarfjord	30	A	OPP	_v488beltbreak2	Core destroyed	164	0	530	960
drakkarfjord_s30_B	drakkarfjord	30	B	OPP	_v488beltbreak2	Harvesters (tiebreak)	1000	0	400	400
glacierkeep_s28_A	glacierkeep	28	A	US	flagoff	Core destroyed	266	0	220	0
glacierkeep_s28_B	glacierkeep	28	B	US	flagoff	Core destroyed	217	0	10	0
glacierkeep_s29_A	glacierkeep	29	A	OPP	_v488beltbreak2	Core destroyed	701	0	170	0
glacierkeep_s29_B	glacierkeep	29	B	US	flagoff	Titanium collected (tiebreak)	1000	0	50	0
glacierkeep_s30_A	glacierkeep	30	A	US	flagoff	Core destroyed	181	0	170	0
glacierkeep_s30_B	glacierkeep	30	B	US	flagoff	Core destroyed	280	0	0	0
midgard_s28_A	midgard	28	A	OPP	_v488beltbreak2	Titanium collected (tiebreak)	1000	0	630	9840
midgard_s28_B	midgard	28	B	OPP	_v488beltbreak2	Core destroyed	165	0	590	1360
midgard_s29_A	midgard	29	A	OPP	_v488beltbreak2	Core destroyed	283	0	950	3220
midgard_s29_B	midgard	29	B	OPP	_v488beltbreak2	Core destroyed	169	0	560	2220
midgard_s30_A	midgard	30	A	OPP	_v488beltbreak2	Core destroyed	208	0	1110	1950
midgard_s30_B	midgard	30	B	OPP	_v488beltbreak2	Core destroyed	168	0	500	1360
nordkap_s28_A	nordkap	28	A	OPP	_v488beltbreak2	Core destroyed	196	0	140	2740
nordkap_s28_B	nordkap	28	B	US	flagoff	Core destroyed	141	0	650	0
nordkap_s29_A	nordkap	29	A	OPP	_v488beltbreak2	Core destroyed	321	0	140	1720
nordkap_s29_B	nordkap	29	B	US	flagoff	Core destroyed	305	0	2340	570
nordkap_s30_A	nordkap	30	A	OPP	_v488beltbreak2	Core destroyed	274	0	250	1080
nordkap_s30_B	nordkap	30	B	US	flagoff	Core destroyed	149	0	450	0
