atoll_s28_A	atoll	28	A	OPP	_v488beltbreak2	Core destroyed	572	0	2210	5850
atoll_s28_B	atoll	28	B	OPP	_v488beltbreak2	Core destroyed	233	0	420	720
atoll_s29_A	atoll	29	A	US	_v517twin	Core destroyed	213	0	650	310
atoll_s29_B	atoll	29	B	US	_v517twin	Core destroyed	158	0	760	370
atoll_s30_A	atoll	30	A	OPP	_v488beltbreak2	Core destroyed	553	0	2730	3690
atoll_s30_B	atoll	30	B	US	_v517twin	Core destroyed	180	0	860	510
drakkarfjord_s28_A	drakkarfjord	28	A	US	_v517twin	Core destroyed	141	0	810	0
drakkarfjord_s28_B	drakkarfjord	28	B	OPP	_v488beltbreak2	Core destroyed	869	0	290	230
drakkarfjord_s29_A	drakkarfjord	29	A	US	_v517twin	Core destroyed	431	0	3960	5090
drakkarfjord_s29_B	drakkarfjord	29	B	US	_v517twin	Core destroyed	268	0	1550	0
drakkarfjord_s30_A	drakkarfjord	30	A	US	_v517twin	Core destroyed	231	0	1510	0
drakkarfjord_s30_B	drakkarfjord	30	B	US	_v517twin	Core destroyed	318	0	1950	1430
glacierkeep_s28_A	glacierkeep	28	A	US	_v517twin	Core destroyed	289	0	160	0
glacierkeep_s28_B	glacierkeep	28	B	US	_v517twin	Core destroyed	509	0	200	0
glacierkeep_s29_A	glacierkeep	29	A	US	_v517twin	Core destroyed	128	0	260	0
glacierkeep_s29_B	glacierkeep	29	B	US	_v517twin	Core destroyed	821	0	170	0
glacierkeep_s30_A	glacierkeep	30	A	US	_v517twin	Core destroyed	152	0	320	0
glacierkeep_s30_B	glacierkeep	30	B	OPP	_v488beltbreak2	Core destroyed	888	0	20	1460
midgard_s28_A	midgard	28	A	US	_v517twin	Core destroyed	159	0	1100	1070
midgard_s28_B	midgard	28	B	OPP	_v488beltbreak2	Core destroyed	220	0	1740	2650
midgard_s29_A	midgard	29	A	OPP	_v488beltbreak2	Core destroyed	377	0	2270	3370
midgard_s29_B	midgard	29	B	OPP	_v488beltbreak2	Core destroyed	156	0	470	1760
midgard_s30_A	midgard	30	A	OPP	_v488beltbreak2	Core destroyed	233	0	1510	2500
midgard_s30_B	midgard	30	B	OPP	_v488beltbreak2	Core destroyed	152	0	640	1400
nordkap_s28_A	nordkap	28	A	US	_v517twin	Core destroyed	438	0	4430	280
nordkap_s28_B	nordkap	28	B	US	_v517twin	Core destroyed	155	0	710	0
nordkap_s29_A	nordkap	29	A	US	_v517twin	Core destroyed	430	0	4370	760
nordkap_s29_B	nordkap	29	B	US	_v517twin	Core destroyed	183	0	850	30
nordkap_s30_A	nordkap	30	A	US	_v517twin	Core destroyed	353	0	3370	40
nordkap_s30_B	nordkap	30	B	OPP	_v488beltbreak2	Core destroyed	791	0	100	3030
