atoll_s404_A	atoll	404	A	US	parent	Core destroyed	195	0	940	170
atoll_s404_B	atoll	404	B	OPP	_x3r0v161gungnir	Core destroyed	168	0	610	810
atoll_s405_A	atoll	405	A	OPP	_x3r0v161gungnir	Core destroyed	292	0	1320	2880
atoll_s405_B	atoll	405	B	OPP	_x3r0v161gungnir	Core destroyed	532	0	2620	2050
atoll_s406_A	atoll	406	A	OPP	_x3r0v161gungnir	Core destroyed	635	0	4950	2550
atoll_s406_B	atoll	406	B	OPP	_x3r0v161gungnir	Core destroyed	331	0	460	1480
drakkarfjord_s404_A	drakkarfjord	404	A	US	parent	Core destroyed	172	0	320	0
drakkarfjord_s404_B	drakkarfjord	404	B	OPP	_x3r0v161gungnir	Core destroyed	178	0	130	900
drakkarfjord_s405_A	drakkarfjord	405	A	US	parent	Core destroyed	117	0	400	0
drakkarfjord_s405_B	drakkarfjord	405	B	US	parent	Core destroyed	190	0	330	0
drakkarfjord_s406_A	drakkarfjord	406	A	US	parent	Core destroyed	201	0	360	0
drakkarfjord_s406_B	drakkarfjord	406	B	US	parent	Core destroyed	321	0	310	670
glacierkeep_s404_A	glacierkeep	404	A	US	parent	Core destroyed	325	0	0	0
glacierkeep_s404_B	glacierkeep	404	B	US	parent	Core destroyed	620	0	2440	0
glacierkeep_s405_A	glacierkeep	405	A	US	parent	Core destroyed	217	0	0	0
glacierkeep_s405_B	glacierkeep	405	B	US	parent	Harvesters (tiebreak)	1000	0	0	0
glacierkeep_s406_A	glacierkeep	406	A	OPP	_x3r0v161gungnir	Core destroyed	742	0	1250	6810
glacierkeep_s406_B	glacierkeep	406	B	US	parent	Harvesters (tiebreak)	1000	0	0	0
midgard_s404_A	midgard	404	A	OPP	_x3r0v161gungnir	Core destroyed	145	0	280	1240
midgard_s404_B	midgard	404	B	OPP	_x3r0v161gungnir	Core destroyed	310	0	970	2620
midgard_s405_A	midgard	405	A	OPP	_x3r0v161gungnir	Core destroyed	155	0	780	1220
midgard_s405_B	midgard	405	B	US	parent	Core destroyed	484	0	4650	750
midgard_s406_A	midgard	406	A	OPP	_x3r0v161gungnir	Core destroyed	136	0	780	1120
midgard_s406_B	midgard	406	B	OPP	_x3r0v161gungnir	Core destroyed	207	0	770	1970
nordkap_s404_A	nordkap	404	A	OPP	_x3r0v161gungnir	Core destroyed	593	0	110	770
nordkap_s404_B	nordkap	404	B	US	parent	Core destroyed	296	0	720	280
nordkap_s405_A	nordkap	405	A	OPP	_x3r0v161gungnir	Core destroyed	693	0	80	1370
nordkap_s405_B	nordkap	405	B	OPP	_x3r0v161gungnir	Core destroyed	610	0	0	2890
nordkap_s406_A	nordkap	406	A	US	parent	Core destroyed	504	0	1920	1280
nordkap_s406_B	nordkap	406	B	OPP	_x3r0v161gungnir	Core destroyed	281	0	130	1010
yulerune_s404_A	yulerune	404	A	US	parent	Core destroyed	196	0	1960	530
yulerune_s404_B	yulerune	404	B	OPP	_x3r0v161gungnir	Core destroyed	108	0	0	860
yulerune_s405_A	yulerune	405	A	OPP	_x3r0v161gungnir	Core destroyed	240	0	90	1500
yulerune_s405_B	yulerune	405	B	US	parent	Core destroyed	254	0	3970	1420
yulerune_s406_A	yulerune	406	A	OPP	_x3r0v161gungnir	Core destroyed	481	0	5770	2590
yulerune_s406_B	yulerune	406	B	OPP	_x3r0v161gungnir	Core destroyed	249	0	280	3050
